Args in experiment:
Namespace(activation='gelu', anomaly_ratio=0.25, batch_size=16, c_out=7, channel_independence=1, checkpoints='./checkpoints/', comment='none', d_ff=32, d_layers=1, d_model=16, data='UEA', data_path='ETTh1.csv', dec_in=7, decomp_method='moving_avg', des='Cls', devices='0,1', distil=True, down_sampling_layers=0, down_sampling_method='avg', down_sampling_window=1, drop_last=True, dropout=0.1, e_layers=2, embed='timeF', emissions_file='emissions.csv', emissions_output_dir='.', enc_in=1, factor=1, features='M', freq='h', gpu=0, inverse=False, is_training=1, itr=1, label_len=48, learning_rate=0.001, loss='MSE', lradj='TST', mask_rate=0.125, model='SparseTSF', model_id='CLS_FaceDetection', model_type='linear', moving_avg=25, n_heads=8, num_kernels=6, num_workers=0, output_attention=False, p_hidden_dims=[128, 128], p_hidden_layers=2, patience=10, pct_start=0.2, percent=100, period_len=1, pred_len=0, root_path='C:\\Users\\bbbal\\OneDrive\\Masaüstü\\timemixer\\dataset\\FaceDetection', seasonal_patterns='Monthly', seq_len=96, target='OT', task_name='classification', top_k=5, track_emissions=0, train_epochs=30, use_amp=False, use_future_temporal_feature=0, use_gpu=True, use_multi_gpu=False, use_norm=1)
Use GPU: cuda:0
5890
TRAIN 5890
3524
TEST 3524
>>>>>>>start training : classification_CLS_FaceDetection_none_SparseTSF_UEA_sl96_pl0_dm16_nh8_el2_dl1_df32_fc1_ebtimeF_dtTrue_Cls_0>>>>>>>>>>>>>>>>>>>>>>>>>>
5890
TRAIN 5890
3524
TEST 3524
3524
TEST 3524
	iters: 100, epoch: 1 | loss: 0.7003028
	speed: 0.0446s/iter; left time: 489.0395s
	iters: 200, epoch: 1 | loss: 0.6565226
	speed: 0.0102s/iter; left time: 110.5266s
	iters: 300, epoch: 1 | loss: 0.6601394
	speed: 0.0094s/iter; left time: 101.2234s
Epoch: 1 cost time: 7.047193288803101
Epoch: 1, Steps: 369 | Train Loss: 0.676 Vali Loss: 0.666 Vali Acc: 0.640 Test Loss: 0.666 Test Acc: 0.640
Validation loss decreased (inf --> -0.640182).  Saving model ...
	iters: 100, epoch: 2 | loss: 0.6493083
	speed: 0.0349s/iter; left time: 370.0151s
	iters: 200, epoch: 2 | loss: 0.6292077
	speed: 0.0077s/iter; left time: 80.9697s
	iters: 300, epoch: 2 | loss: 0.6367474
	speed: 0.0079s/iter; left time: 82.4490s
Epoch: 2 cost time: 3.078841209411621
Epoch: 2, Steps: 369 | Train Loss: 0.633 Vali Loss: 0.648 Vali Acc: 0.654 Test Loss: 0.648 Test Acc: 0.654
Validation loss decreased (-0.640182 --> -0.654086).  Saving model ...
	iters: 100, epoch: 3 | loss: 0.6268127
	speed: 0.0358s/iter; left time: 366.4169s
	iters: 200, epoch: 3 | loss: 0.6338969
	speed: 0.0084s/iter; left time: 85.5055s
	iters: 300, epoch: 3 | loss: 0.7265108
	speed: 0.0081s/iter; left time: 81.1407s
Epoch: 3 cost time: 3.0875234603881836
Epoch: 3, Steps: 369 | Train Loss: 0.599 Vali Loss: 0.636 Vali Acc: 0.662 Test Loss: 0.636 Test Acc: 0.662
Validation loss decreased (-0.654086 --> -0.662316).  Saving model ...
	iters: 100, epoch: 4 | loss: 0.5494436
	speed: 0.0349s/iter; left time: 344.6061s
	iters: 200, epoch: 4 | loss: 0.6182340
	speed: 0.0084s/iter; left time: 82.3703s
	iters: 300, epoch: 4 | loss: 0.5179177
	speed: 0.0078s/iter; left time: 75.5009s
Epoch: 4 cost time: 3.0824010372161865
Epoch: 4, Steps: 369 | Train Loss: 0.571 Vali Loss: 0.627 Vali Acc: 0.668 Test Loss: 0.627 Test Acc: 0.668
Validation loss decreased (-0.662316 --> -0.667991).  Saving model ...
	iters: 100, epoch: 5 | loss: 0.5356928
	speed: 0.0357s/iter; left time: 338.9927s
	iters: 200, epoch: 5 | loss: 0.4968279
	speed: 0.0086s/iter; left time: 81.0405s
	iters: 300, epoch: 5 | loss: 0.5474792
	speed: 0.0088s/iter; left time: 81.9898s
Epoch: 5 cost time: 3.1548855304718018
Epoch: 5, Steps: 369 | Train Loss: 0.549 Vali Loss: 0.623 Vali Acc: 0.675 Test Loss: 0.623 Test Acc: 0.675
Validation loss decreased (-0.667991 --> -0.674801).  Saving model ...
	iters: 100, epoch: 6 | loss: 0.4786827
	speed: 0.0343s/iter; left time: 313.4098s
	iters: 200, epoch: 6 | loss: 0.5127453
	speed: 0.0091s/iter; left time: 81.7095s
	iters: 300, epoch: 6 | loss: 0.4937948
	speed: 0.0087s/iter; left time: 77.6435s
Epoch: 6 cost time: 3.2169294357299805
Epoch: 6, Steps: 369 | Train Loss: 0.528 Vali Loss: 0.619 Vali Acc: 0.675 Test Loss: 0.619 Test Acc: 0.675
Validation loss decreased (-0.674801 --> -0.674801).  Saving model ...
	iters: 100, epoch: 7 | loss: 0.5702562
	speed: 0.0361s/iter; left time: 315.8004s
	iters: 200, epoch: 7 | loss: 0.6516856
	speed: 0.0084s/iter; left time: 72.8534s
	iters: 300, epoch: 7 | loss: 0.4767931
	speed: 0.0085s/iter; left time: 73.0369s
Epoch: 7 cost time: 3.1707465648651123
Epoch: 7, Steps: 369 | Train Loss: 0.511 Vali Loss: 0.619 Vali Acc: 0.678 Test Loss: 0.619 Test Acc: 0.678
Validation loss decreased (-0.674801 --> -0.677923).  Saving model ...
	iters: 100, epoch: 8 | loss: 0.6000593
	speed: 0.0362s/iter; left time: 303.6813s
	iters: 200, epoch: 8 | loss: 0.4796374
	speed: 0.0088s/iter; left time: 73.3218s
	iters: 300, epoch: 8 | loss: 0.5062091
	speed: 0.0086s/iter; left time: 70.1895s
Epoch: 8 cost time: 3.1854701042175293
Epoch: 8, Steps: 369 | Train Loss: 0.495 Vali Loss: 0.618 Vali Acc: 0.678 Test Loss: 0.617 Test Acc: 0.678
Validation loss decreased (-0.677923 --> -0.678490).  Saving model ...
	iters: 100, epoch: 9 | loss: 0.5754442
	speed: 0.0358s/iter; left time: 287.1301s
	iters: 200, epoch: 9 | loss: 0.6374212
	speed: 0.0087s/iter; left time: 69.0159s
	iters: 300, epoch: 9 | loss: 0.7182720
	speed: 0.0088s/iter; left time: 69.0561s
Epoch: 9 cost time: 3.282914161682129
Epoch: 9, Steps: 369 | Train Loss: 0.483 Vali Loss: 0.618 Vali Acc: 0.680 Test Loss: 0.616 Test Acc: 0.680
Validation loss decreased (-0.678490 --> -0.679909).  Saving model ...
	iters: 100, epoch: 10 | loss: 0.5992702
	speed: 0.0355s/iter; left time: 271.8125s
	iters: 200, epoch: 10 | loss: 0.5423289
	speed: 0.0086s/iter; left time: 64.6603s
	iters: 300, epoch: 10 | loss: 0.3645902
	speed: 0.0085s/iter; left time: 63.3934s
Epoch: 10 cost time: 3.233511209487915
Epoch: 10, Steps: 369 | Train Loss: 0.470 Vali Loss: 0.616 Vali Acc: 0.683 Test Loss: 0.616 Test Acc: 0.683
Validation loss decreased (-0.679909 --> -0.683314).  Saving model ...
	iters: 100, epoch: 11 | loss: 0.4384553
	speed: 0.0364s/iter; left time: 265.1010s
	iters: 200, epoch: 11 | loss: 0.3452924
	speed: 0.0083s/iter; left time: 59.5172s
	iters: 300, epoch: 11 | loss: 0.5907820
	speed: 0.0106s/iter; left time: 75.0783s
Epoch: 11 cost time: 3.520519733428955
Epoch: 11, Steps: 369 | Train Loss: 0.455 Vali Loss: 0.617 Vali Acc: 0.682 Test Loss: 0.617 Test Acc: 0.682
EarlyStopping counter: 1 out of 10
	iters: 100, epoch: 12 | loss: 0.3208227
	speed: 0.0421s/iter; left time: 290.6578s
	iters: 200, epoch: 12 | loss: 0.3730861
	speed: 0.0087s/iter; left time: 59.0246s
	iters: 300, epoch: 12 | loss: 0.4381329
	speed: 0.0101s/iter; left time: 67.5056s
Epoch: 12 cost time: 3.3992621898651123
Epoch: 12, Steps: 369 | Train Loss: 0.444 Vali Loss: 0.620 Vali Acc: 0.681 Test Loss: 0.619 Test Acc: 0.681
EarlyStopping counter: 2 out of 10
	iters: 100, epoch: 13 | loss: 0.4966759
	speed: 0.0352s/iter; left time: 230.3763s
	iters: 200, epoch: 13 | loss: 0.3159440
	speed: 0.0090s/iter; left time: 58.0142s
	iters: 300, epoch: 13 | loss: 0.5044138
	speed: 0.0092s/iter; left time: 58.6219s
Epoch: 13 cost time: 3.291320323944092
Epoch: 13, Steps: 369 | Train Loss: 0.434 Vali Loss: 0.619 Vali Acc: 0.680 Test Loss: 0.619 Test Acc: 0.680
EarlyStopping counter: 3 out of 10
	iters: 100, epoch: 14 | loss: 0.3806739
	speed: 0.0378s/iter; left time: 233.6540s
	iters: 200, epoch: 14 | loss: 0.4648178
	speed: 0.0097s/iter; left time: 59.0090s
	iters: 300, epoch: 14 | loss: 0.2409838
	speed: 0.0084s/iter; left time: 49.9040s
Epoch: 14 cost time: 3.4316458702087402
Epoch: 14, Steps: 369 | Train Loss: 0.423 Vali Loss: 0.621 Vali Acc: 0.684 Test Loss: 0.622 Test Acc: 0.684
Validation loss decreased (-0.683314 --> -0.683598).  Saving model ...
	iters: 100, epoch: 15 | loss: 0.3991453
	speed: 0.0355s/iter; left time: 205.9675s
	iters: 200, epoch: 15 | loss: 0.5211635
	speed: 0.0089s/iter; left time: 50.8105s
	iters: 300, epoch: 15 | loss: 0.4064417
	speed: 0.0092s/iter; left time: 51.3451s
Epoch: 15 cost time: 3.300130844116211
Epoch: 15, Steps: 369 | Train Loss: 0.411 Vali Loss: 0.621 Vali Acc: 0.682 Test Loss: 0.621 Test Acc: 0.682
EarlyStopping counter: 1 out of 10
	iters: 100, epoch: 16 | loss: 0.4396806
	speed: 0.0383s/iter; left time: 208.0373s
	iters: 200, epoch: 16 | loss: 0.3797173
	speed: 0.0089s/iter; left time: 47.3441s
	iters: 300, epoch: 16 | loss: 0.4730631
	speed: 0.0088s/iter; left time: 46.0395s
Epoch: 16 cost time: 3.385941743850708
Epoch: 16, Steps: 369 | Train Loss: 0.402 Vali Loss: 0.624 Vali Acc: 0.682 Test Loss: 0.625 Test Acc: 0.682
EarlyStopping counter: 2 out of 10
	iters: 100, epoch: 17 | loss: 0.3307201
	speed: 0.0372s/iter; left time: 188.5807s
	iters: 200, epoch: 17 | loss: 0.3144299
	speed: 0.0096s/iter; left time: 47.8015s
	iters: 300, epoch: 17 | loss: 0.4301282
	speed: 0.0091s/iter; left time: 44.4609s
Epoch: 17 cost time: 3.423753499984741
Epoch: 17, Steps: 369 | Train Loss: 0.392 Vali Loss: 0.626 Vali Acc: 0.684 Test Loss: 0.630 Test Acc: 0.684
Validation loss decreased (-0.683598 --> -0.684449).  Saving model ...
	iters: 100, epoch: 18 | loss: 0.3383097
	speed: 0.0384s/iter; left time: 180.4968s
	iters: 200, epoch: 18 | loss: 0.4209397
	speed: 0.0093s/iter; left time: 42.6167s
	iters: 300, epoch: 18 | loss: 0.3561340
	speed: 0.0089s/iter; left time: 40.0682s
Epoch: 18 cost time: 3.371192455291748
Epoch: 18, Steps: 369 | Train Loss: 0.385 Vali Loss: 0.631 Vali Acc: 0.684 Test Loss: 0.631 Test Acc: 0.684
EarlyStopping counter: 1 out of 10
	iters: 100, epoch: 19 | loss: 0.3684907
	speed: 0.0356s/iter; left time: 154.0741s
	iters: 200, epoch: 19 | loss: 0.4315813
	speed: 0.0091s/iter; left time: 38.4539s
	iters: 300, epoch: 19 | loss: 0.2959274
	speed: 0.0087s/iter; left time: 35.9849s
Epoch: 19 cost time: 3.348600149154663
Epoch: 19, Steps: 369 | Train Loss: 0.372 Vali Loss: 0.632 Vali Acc: 0.686 Test Loss: 0.633 Test Acc: 0.686
Validation loss decreased (-0.684449 --> -0.685585).  Saving model ...
	iters: 100, epoch: 20 | loss: 0.4267726
	speed: 0.0375s/iter; left time: 148.6467s
	iters: 200, epoch: 20 | loss: 0.4361643
	speed: 0.0081s/iter; left time: 31.3592s
	iters: 300, epoch: 20 | loss: 0.4046202
	speed: 0.0088s/iter; left time: 33.0605s
Epoch: 20 cost time: 3.2229554653167725
Epoch: 20, Steps: 369 | Train Loss: 0.363 Vali Loss: 0.638 Vali Acc: 0.685 Test Loss: 0.638 Test Acc: 0.685
EarlyStopping counter: 1 out of 10
	iters: 100, epoch: 21 | loss: 0.4349146
	speed: 0.0374s/iter; left time: 134.4125s
	iters: 200, epoch: 21 | loss: 0.4241752
	speed: 0.0094s/iter; left time: 32.8610s
	iters: 300, epoch: 21 | loss: 0.5841701
	speed: 0.0090s/iter; left time: 30.4649s
Epoch: 21 cost time: 3.4773600101470947
Epoch: 21, Steps: 369 | Train Loss: 0.355 Vali Loss: 0.642 Vali Acc: 0.683 Test Loss: 0.641 Test Acc: 0.683
EarlyStopping counter: 2 out of 10
	iters: 100, epoch: 22 | loss: 0.2800949
	speed: 0.0389s/iter; left time: 125.1751s
	iters: 200, epoch: 22 | loss: 0.2128280
	speed: 0.0090s/iter; left time: 28.0442s
	iters: 300, epoch: 22 | loss: 0.2704863
	speed: 0.0093s/iter; left time: 28.1021s
Epoch: 22 cost time: 3.3947036266326904
Epoch: 22, Steps: 369 | Train Loss: 0.348 Vali Loss: 0.644 Vali Acc: 0.686 Test Loss: 0.644 Test Acc: 0.686
Validation loss decreased (-0.685585 --> -0.685868).  Saving model ...
	iters: 100, epoch: 23 | loss: 0.2494044
	speed: 0.0380s/iter; left time: 108.4243s
	iters: 200, epoch: 23 | loss: 0.1959945
	speed: 0.0093s/iter; left time: 25.6623s
	iters: 300, epoch: 23 | loss: 0.2396631
	speed: 0.0095s/iter; left time: 25.1296s
Epoch: 23 cost time: 3.3968796730041504
Epoch: 23, Steps: 369 | Train Loss: 0.338 Vali Loss: 0.649 Vali Acc: 0.679 Test Loss: 0.650 Test Acc: 0.679
EarlyStopping counter: 1 out of 10
	iters: 100, epoch: 24 | loss: 0.3111691
	speed: 0.0381s/iter; left time: 94.6800s
	iters: 200, epoch: 24 | loss: 0.4251317
	speed: 0.0093s/iter; left time: 22.1301s
	iters: 300, epoch: 24 | loss: 0.3767405
	speed: 0.0091s/iter; left time: 20.8736s
Epoch: 24 cost time: 3.3549954891204834
Epoch: 24, Steps: 369 | Train Loss: 0.329 Vali Loss: 0.652 Vali Acc: 0.685 Test Loss: 0.650 Test Acc: 0.685
EarlyStopping counter: 2 out of 10
	iters: 100, epoch: 25 | loss: 0.3084691
	speed: 0.0382s/iter; left time: 80.7032s
	iters: 200, epoch: 25 | loss: 0.4388001
	speed: 0.0095s/iter; left time: 19.2060s
	iters: 300, epoch: 25 | loss: 0.1863433
	speed: 0.0089s/iter; left time: 16.9935s
Epoch: 25 cost time: 3.469273090362549
Epoch: 25, Steps: 369 | Train Loss: 0.323 Vali Loss: 0.658 Vali Acc: 0.683 Test Loss: 0.658 Test Acc: 0.683
EarlyStopping counter: 3 out of 10
	iters: 100, epoch: 26 | loss: 0.1543504
	speed: 0.0369s/iter; left time: 64.3569s
	iters: 200, epoch: 26 | loss: 0.3362404
	speed: 0.0090s/iter; left time: 14.8300s
	iters: 300, epoch: 26 | loss: 0.3430606
	speed: 0.0087s/iter; left time: 13.4588s
Epoch: 26 cost time: 3.2492048740386963
Epoch: 26, Steps: 369 | Train Loss: 0.316 Vali Loss: 0.661 Vali Acc: 0.683 Test Loss: 0.661 Test Acc: 0.683
EarlyStopping counter: 4 out of 10
	iters: 100, epoch: 27 | loss: 0.3145057
	speed: 0.0364s/iter; left time: 50.1081s
	iters: 200, epoch: 27 | loss: 0.2972336
	speed: 0.0086s/iter; left time: 11.0261s
	iters: 300, epoch: 27 | loss: 0.4830653
	speed: 0.0093s/iter; left time: 10.9780s
Epoch: 27 cost time: 3.385028600692749
Epoch: 27, Steps: 369 | Train Loss: 0.306 Vali Loss: 0.666 Vali Acc: 0.680 Test Loss: 0.667 Test Acc: 0.680
EarlyStopping counter: 5 out of 10
	iters: 100, epoch: 28 | loss: 0.4059837
	speed: 0.0371s/iter; left time: 37.3643s
	iters: 200, epoch: 28 | loss: 0.2663499
	speed: 0.0087s/iter; left time: 7.8926s
	iters: 300, epoch: 28 | loss: 0.3765840
	speed: 0.0087s/iter; left time: 7.0524s
Epoch: 28 cost time: 3.2844367027282715
Epoch: 28, Steps: 369 | Train Loss: 0.298 Vali Loss: 0.672 Vali Acc: 0.680 Test Loss: 0.672 Test Acc: 0.680
EarlyStopping counter: 6 out of 10
	iters: 100, epoch: 29 | loss: 0.4626781
	speed: 0.0433s/iter; left time: 27.6946s
	iters: 200, epoch: 29 | loss: 0.1929699
	speed: 0.0113s/iter; left time: 6.0727s
	iters: 300, epoch: 29 | loss: 0.4357753
	speed: 0.0096s/iter; left time: 4.2258s
Epoch: 29 cost time: 3.765737533569336
Epoch: 29, Steps: 369 | Train Loss: 0.291 Vali Loss: 0.679 Vali Acc: 0.681 Test Loss: 0.678 Test Acc: 0.681
EarlyStopping counter: 7 out of 10
	iters: 100, epoch: 30 | loss: 0.1863032
	speed: 0.0420s/iter; left time: 11.3294s
	iters: 200, epoch: 30 | loss: 0.3695677
	speed: 0.0090s/iter; left time: 1.5258s
	iters: 300, epoch: 30 | loss: 0.3579288
	speed: 0.0093s/iter; left time: 0.6483s
Epoch: 30 cost time: 3.5626516342163086
Epoch: 30, Steps: 369 | Train Loss: 0.287 Vali Loss: 0.685 Vali Acc: 0.680 Test Loss: 0.685 Test Acc: 0.680
EarlyStopping counter: 8 out of 10
>>>>>>>testing : classification_CLS_FaceDetection_none_SparseTSF_UEA_sl96_pl0_dm16_nh8_el2_dl1_df32_fc1_ebtimeF_dtTrue_Cls_0<<<<<<<<<<<<<<<<<<<<<<<<<<<<<<<<<
3524
TEST 3524
test shape: torch.Size([3524, 2]) torch.Size([3524, 1])
accuracy:0.6858683314415437
