Args in experiment:
Namespace(activation='gelu', anomaly_ratio=0.25, batch_size=16, c_out=7, channel_independence=1, checkpoints='./checkpoints/', comment='none', d_ff=32, d_layers=1, d_model=16, data='UEA', data_path='ETTh1.csv', dec_in=7, decomp_method='moving_avg', des='Cls', devices='0,1', distil=True, down_sampling_layers=0, down_sampling_method='avg', down_sampling_window=1, drop_last=True, dropout=0.1, e_layers=2, embed='timeF', emissions_file='emissions.csv', emissions_output_dir='.', enc_in=1, factor=1, features='M', freq='h', gpu=0, inverse=False, is_training=1, itr=1, label_len=48, learning_rate=0.001, loss='MSE', lradj='TST', mask_rate=0.125, model='SparseTSF', model_id='CLS_SelfRegulationSCP2', model_type='linear', moving_avg=25, n_heads=8, num_kernels=6, num_workers=0, output_attention=False, p_hidden_dims=[128, 128], p_hidden_layers=2, patience=10, pct_start=0.2, percent=100, period_len=1, pred_len=0, root_path='<workspace>\\dataset\\SelfRegulationSCP2', seasonal_patterns='Monthly', seq_len=96, target='OT', task_name='classification', top_k=5, track_emissions=0, train_epochs=30, use_amp=False, use_future_temporal_feature=0, use_gpu=True, use_multi_gpu=False, use_norm=1)
Use GPU: cuda:0
200
TRAIN 200
180
TEST 180
>>>>>>>start training : classification_CLS_SelfRegulationSCP2_none_SparseTSF_UEA_sl96_pl0_dm16_nh8_el2_dl1_df32_fc1_ebtimeF_dtTrue_Cls_0>>>>>>>>>>>>>>>>>>>>>>>>>>
200
TRAIN 200
180
TEST 180
180
TEST 180
Epoch: 1 cost time: 3.0028796195983887
Epoch: 1, Steps: 13 | Train Loss: 0.694 Vali Loss: 0.693 Vali Acc: 0.467 Test Loss: 0.692 Test Acc: 0.467
Validation loss decreased (inf --> -0.466667).  Saving model ...
Epoch: 2 cost time: 0.10253071784973145
Epoch: 2, Steps: 13 | Train Loss: 0.687 Vali Loss: 0.691 Vali Acc: 0.506 Test Loss: 0.692 Test Acc: 0.506
Validation loss decreased (-0.466667 --> -0.505556).  Saving model ...
Epoch: 3 cost time: 0.11187529563903809
Epoch: 3, Steps: 13 | Train Loss: 0.683 Vali Loss: 0.693 Vali Acc: 0.528 Test Loss: 0.693 Test Acc: 0.528
Validation loss decreased (-0.505556 --> -0.527778).  Saving model ...
Epoch: 4 cost time: 0.10722184181213379
Epoch: 4, Steps: 13 | Train Loss: 0.679 Vali Loss: 0.693 Vali Acc: 0.517 Test Loss: 0.692 Test Acc: 0.517
EarlyStopping counter: 1 out of 10
Epoch: 5 cost time: 0.09733152389526367
Epoch: 5, Steps: 13 | Train Loss: 0.676 Vali Loss: 0.694 Vali Acc: 0.500 Test Loss: 0.692 Test Acc: 0.500
EarlyStopping counter: 2 out of 10
Epoch: 6 cost time: 0.09062743186950684
Epoch: 6, Steps: 13 | Train Loss: 0.670 Vali Loss: 0.692 Vali Acc: 0.506 Test Loss: 0.695 Test Acc: 0.506
EarlyStopping counter: 3 out of 10
Epoch: 7 cost time: 0.1081995964050293
Epoch: 7, Steps: 13 | Train Loss: 0.667 Vali Loss: 0.694 Vali Acc: 0.506 Test Loss: 0.688 Test Acc: 0.506
EarlyStopping counter: 4 out of 10
Epoch: 8 cost time: 0.10117292404174805
Epoch: 8, Steps: 13 | Train Loss: 0.663 Vali Loss: 0.691 Vali Acc: 0.500 Test Loss: 0.694 Test Acc: 0.500
EarlyStopping counter: 5 out of 10
Epoch: 9 cost time: 0.0928182601928711
Epoch: 9, Steps: 13 | Train Loss: 0.664 Vali Loss: 0.695 Vali Acc: 0.500 Test Loss: 0.693 Test Acc: 0.500
EarlyStopping counter: 6 out of 10
Epoch: 10 cost time: 0.09475374221801758
Epoch: 10, Steps: 13 | Train Loss: 0.657 Vali Loss: 0.691 Vali Acc: 0.517 Test Loss: 0.693 Test Acc: 0.517
EarlyStopping counter: 7 out of 10
Epoch: 11 cost time: 0.10584068298339844
Epoch: 11, Steps: 13 | Train Loss: 0.652 Vali Loss: 0.696 Vali Acc: 0.528 Test Loss: 0.691 Test Acc: 0.528
Validation loss decreased (-0.527778 --> -0.527778).  Saving model ...
Epoch: 12 cost time: 0.10487747192382812
Epoch: 12, Steps: 13 | Train Loss: 0.652 Vali Loss: 0.693 Vali Acc: 0.522 Test Loss: 0.693 Test Acc: 0.522
EarlyStopping counter: 1 out of 10
Epoch: 13 cost time: 0.1171572208404541
Epoch: 13, Steps: 13 | Train Loss: 0.649 Vali Loss: 0.693 Vali Acc: 0.522 Test Loss: 0.691 Test Acc: 0.522
EarlyStopping counter: 2 out of 10
Epoch: 14 cost time: 0.09525299072265625
Epoch: 14, Steps: 13 | Train Loss: 0.647 Vali Loss: 0.692 Vali Acc: 0.528 Test Loss: 0.688 Test Acc: 0.528
Validation loss decreased (-0.527778 --> -0.527778).  Saving model ...
Epoch: 15 cost time: 0.09608101844787598
Epoch: 15, Steps: 13 | Train Loss: 0.640 Vali Loss: 0.696 Vali Acc: 0.517 Test Loss: 0.691 Test Acc: 0.517
EarlyStopping counter: 1 out of 10
Epoch: 16 cost time: 0.10185670852661133
Epoch: 16, Steps: 13 | Train Loss: 0.636 Vali Loss: 0.688 Vali Acc: 0.517 Test Loss: 0.694 Test Acc: 0.517
EarlyStopping counter: 2 out of 10
Epoch: 17 cost time: 0.10854458808898926
Epoch: 17, Steps: 13 | Train Loss: 0.639 Vali Loss: 0.698 Vali Acc: 0.517 Test Loss: 0.696 Test Acc: 0.517
EarlyStopping counter: 3 out of 10
Epoch: 18 cost time: 0.10068893432617188
Epoch: 18, Steps: 13 | Train Loss: 0.631 Vali Loss: 0.693 Vali Acc: 0.506 Test Loss: 0.694 Test Acc: 0.506
EarlyStopping counter: 4 out of 10
Epoch: 19 cost time: 0.09995770454406738
Epoch: 19, Steps: 13 | Train Loss: 0.628 Vali Loss: 0.689 Vali Acc: 0.500 Test Loss: 0.699 Test Acc: 0.500
EarlyStopping counter: 5 out of 10
Epoch: 20 cost time: 0.09866833686828613
Epoch: 20, Steps: 13 | Train Loss: 0.628 Vali Loss: 0.696 Vali Acc: 0.500 Test Loss: 0.696 Test Acc: 0.500
EarlyStopping counter: 6 out of 10
Epoch: 21 cost time: 0.09266853332519531
Epoch: 21, Steps: 13 | Train Loss: 0.626 Vali Loss: 0.699 Vali Acc: 0.511 Test Loss: 0.698 Test Acc: 0.511
EarlyStopping counter: 7 out of 10
Epoch: 22 cost time: 0.09639573097229004
Epoch: 22, Steps: 13 | Train Loss: 0.619 Vali Loss: 0.695 Vali Acc: 0.500 Test Loss: 0.691 Test Acc: 0.500
EarlyStopping counter: 8 out of 10
Epoch: 23 cost time: 0.08884096145629883
Epoch: 23, Steps: 13 | Train Loss: 0.618 Vali Loss: 0.688 Vali Acc: 0.483 Test Loss: 0.702 Test Acc: 0.483
EarlyStopping counter: 9 out of 10
Epoch: 24 cost time: 0.07865548133850098
Epoch: 24, Steps: 13 | Train Loss: 0.616 Vali Loss: 0.697 Vali Acc: 0.489 Test Loss: 0.693 Test Acc: 0.489
EarlyStopping counter: 10 out of 10
Early stopping
>>>>>>>testing : classification_CLS_SelfRegulationSCP2_none_SparseTSF_UEA_sl96_pl0_dm16_nh8_el2_dl1_df32_fc1_ebtimeF_dtTrue_Cls_0<<<<<<<<<<<<<<<<<<<<<<<<<<<<<<<<<
180
TEST 180
test shape: torch.Size([180, 2]) torch.Size([180, 1])
accuracy:0.5277777777777778
