Args in experiment:
Namespace(activation='gelu', anomaly_ratio=0.25, batch_size=16, c_out=7, channel_independence=1, checkpoints='./checkpoints/', comment='none', d_ff=32, d_layers=1, d_model=16, data='UEA', data_path='ETTh1.csv', dec_in=7, decomp_method='moving_avg', des='Cls', devices='0,1', distil=True, down_sampling_layers=0, down_sampling_method='avg', down_sampling_window=1, drop_last=True, dropout=0.1, e_layers=2, embed='timeF', emissions_file='emissions.csv', emissions_output_dir='.', enc_in=1, factor=1, features='M', freq='h', gpu=0, inverse=False, is_training=1, itr=1, label_len=48, learning_rate=0.001, loss='MSE', lradj='TST', mask_rate=0.125, model='SparseTSF', model_id='CLS_SpokenArabicDigits', model_type='linear', moving_avg=25, n_heads=8, num_kernels=6, num_workers=0, output_attention=False, p_hidden_dims=[128, 128], p_hidden_layers=2, patience=10, pct_start=0.2, percent=100, period_len=1, pred_len=0, root_path='C:\\Users\\bbbal\\OneDrive\\Masaüstü\\timemixer\\dataset\\SpokenArabicDigits', seasonal_patterns='Monthly', seq_len=96, target='OT', task_name='classification', top_k=5, track_emissions=0, train_epochs=30, use_amp=False, use_future_temporal_feature=0, use_gpu=True, use_multi_gpu=False, use_norm=1)
Use GPU: cuda:0
6599
TRAIN 6599
2199
TEST 2199
>>>>>>>start training : classification_CLS_SpokenArabicDigits_none_SparseTSF_UEA_sl96_pl0_dm16_nh8_el2_dl1_df32_fc1_ebtimeF_dtTrue_Cls_0>>>>>>>>>>>>>>>>>>>>>>>>>>
6599
TRAIN 6599
2199
TEST 2199
2199
TEST 2199
	iters: 100, epoch: 1 | loss: 2.2775998
	speed: 0.0339s/iter; left time: 417.2448s
	iters: 200, epoch: 1 | loss: 2.2224498
	speed: 0.0052s/iter; left time: 63.4498s
	iters: 300, epoch: 1 | loss: 2.1807375
	speed: 0.0054s/iter; left time: 65.3045s
	iters: 400, epoch: 1 | loss: 2.1385202
	speed: 0.0053s/iter; left time: 63.5121s
Epoch: 1 cost time: 5.051411151885986
Epoch: 1, Steps: 413 | Train Loss: 2.210 Vali Loss: 2.096 Vali Acc: 0.709 Test Loss: 2.096 Test Acc: 0.709
Validation loss decreased (inf --> -0.708504).  Saving model ...
	iters: 100, epoch: 2 | loss: 2.0867109
	speed: 0.0144s/iter; left time: 170.8462s
	iters: 200, epoch: 2 | loss: 1.9562345
	speed: 0.0053s/iter; left time: 62.1876s
	iters: 300, epoch: 2 | loss: 1.9087373
	speed: 0.0052s/iter; left time: 61.0061s
	iters: 400, epoch: 2 | loss: 1.9907372
	speed: 0.0050s/iter; left time: 57.5052s
Epoch: 2 cost time: 2.1779541969299316
Epoch: 2, Steps: 413 | Train Loss: 2.017 Vali Loss: 1.881 Vali Acc: 0.794 Test Loss: 1.880 Test Acc: 0.794
Validation loss decreased (-0.708504 --> -0.793543).  Saving model ...
	iters: 100, epoch: 3 | loss: 1.8132921
	speed: 0.0148s/iter; left time: 170.0474s
	iters: 200, epoch: 3 | loss: 1.7758107
	speed: 0.0050s/iter; left time: 56.5644s
	iters: 300, epoch: 3 | loss: 1.6629821
	speed: 0.0053s/iter; left time: 59.4630s
	iters: 400, epoch: 3 | loss: 1.7136109
	speed: 0.0051s/iter; left time: 56.4818s
Epoch: 3 cost time: 2.1645407676696777
Epoch: 3, Steps: 413 | Train Loss: 1.817 Vali Loss: 1.667 Vali Acc: 0.826 Test Loss: 1.668 Test Acc: 0.826
Validation loss decreased (-0.793543 --> -0.825830).  Saving model ...
	iters: 100, epoch: 4 | loss: 1.6874237
	speed: 0.0140s/iter; left time: 155.0927s
	iters: 200, epoch: 4 | loss: 1.6669552
	speed: 0.0052s/iter; left time: 57.3405s
	iters: 300, epoch: 4 | loss: 1.5865154
	speed: 0.0057s/iter; left time: 61.4598s
	iters: 400, epoch: 4 | loss: 1.5208722
	speed: 0.0048s/iter; left time: 51.8683s
Epoch: 4 cost time: 2.195322036743164
Epoch: 4, Steps: 413 | Train Loss: 1.623 Vali Loss: 1.468 Vali Acc: 0.849 Test Loss: 1.467 Test Acc: 0.849
Validation loss decreased (-0.825830 --> -0.848568).  Saving model ...
	iters: 100, epoch: 5 | loss: 1.5622759
	speed: 0.0143s/iter; left time: 152.2680s
	iters: 200, epoch: 5 | loss: 1.4338648
	speed: 0.0056s/iter; left time: 59.3229s
	iters: 300, epoch: 5 | loss: 1.4508785
	speed: 0.0058s/iter; left time: 60.4036s
	iters: 400, epoch: 5 | loss: 1.5464368
	speed: 0.0052s/iter; left time: 53.6106s
Epoch: 5 cost time: 2.2645621299743652
Epoch: 5, Steps: 413 | Train Loss: 1.443 Vali Loss: 1.287 Vali Acc: 0.857 Test Loss: 1.288 Test Acc: 0.857
Validation loss decreased (-0.848568 --> -0.857208).  Saving model ...
	iters: 100, epoch: 6 | loss: 1.2208993
	speed: 0.0151s/iter; left time: 154.1116s
	iters: 200, epoch: 6 | loss: 1.1588081
	speed: 0.0056s/iter; left time: 56.8310s
	iters: 300, epoch: 6 | loss: 1.3841857
	speed: 0.0055s/iter; left time: 54.9215s
	iters: 400, epoch: 6 | loss: 1.2659236
	speed: 0.0056s/iter; left time: 55.6281s
Epoch: 6 cost time: 2.297304153442383
Epoch: 6, Steps: 413 | Train Loss: 1.282 Vali Loss: 1.130 Vali Acc: 0.871 Test Loss: 1.129 Test Acc: 0.871
Validation loss decreased (-0.857208 --> -0.871305).  Saving model ...
	iters: 100, epoch: 7 | loss: 1.0120991
	speed: 0.0141s/iter; left time: 137.9974s
	iters: 200, epoch: 7 | loss: 1.2795513
	speed: 0.0053s/iter; left time: 51.2625s
	iters: 300, epoch: 7 | loss: 1.1003162
	speed: 0.0054s/iter; left time: 51.6999s
	iters: 400, epoch: 7 | loss: 0.8711122
	speed: 0.0053s/iter; left time: 50.5592s
Epoch: 7 cost time: 2.2288384437561035
Epoch: 7, Steps: 413 | Train Loss: 1.143 Vali Loss: 0.995 Vali Acc: 0.884 Test Loss: 0.996 Test Acc: 0.884
Validation loss decreased (-0.871305 --> -0.884493).  Saving model ...
	iters: 100, epoch: 8 | loss: 1.1024820
	speed: 0.0140s/iter; left time: 132.0359s
	iters: 200, epoch: 8 | loss: 1.1266165
	speed: 0.0052s/iter; left time: 48.5125s
	iters: 300, epoch: 8 | loss: 1.0533576
	speed: 0.0053s/iter; left time: 49.0683s
	iters: 400, epoch: 8 | loss: 0.8182580
	speed: 0.0054s/iter; left time: 49.2364s
Epoch: 8 cost time: 2.206813335418701
Epoch: 8, Steps: 413 | Train Loss: 1.024 Vali Loss: 0.881 Vali Acc: 0.893 Test Loss: 0.883 Test Acc: 0.893
Validation loss decreased (-0.884493 --> -0.893133).  Saving model ...
	iters: 100, epoch: 9 | loss: 0.7910220
	speed: 0.0144s/iter; left time: 129.5633s
	iters: 200, epoch: 9 | loss: 0.9951265
	speed: 0.0049s/iter; left time: 43.5584s
	iters: 300, epoch: 9 | loss: 1.2010361
	speed: 0.0049s/iter; left time: 43.1151s
	iters: 400, epoch: 9 | loss: 0.8110052
	speed: 0.0052s/iter; left time: 44.9547s
Epoch: 9 cost time: 2.104334831237793
Epoch: 9, Steps: 413 | Train Loss: 0.922 Vali Loss: 0.786 Vali Acc: 0.898 Test Loss: 0.787 Test Acc: 0.898
Validation loss decreased (-0.893133 --> -0.898136).  Saving model ...
	iters: 100, epoch: 10 | loss: 0.8477337
	speed: 0.0140s/iter; left time: 120.2056s
	iters: 200, epoch: 10 | loss: 0.7197915
	speed: 0.0050s/iter; left time: 42.5051s
	iters: 300, epoch: 10 | loss: 0.7330030
	speed: 0.0053s/iter; left time: 44.5386s
	iters: 400, epoch: 10 | loss: 0.7708316
	speed: 0.0054s/iter; left time: 44.6897s
Epoch: 10 cost time: 2.1760566234588623
Epoch: 10, Steps: 413 | Train Loss: 0.834 Vali Loss: 0.706 Vali Acc: 0.905 Test Loss: 0.707 Test Acc: 0.905
Validation loss decreased (-0.898136 --> -0.904957).  Saving model ...
	iters: 100, epoch: 11 | loss: 0.6420189
	speed: 0.0141s/iter; left time: 115.3985s
	iters: 200, epoch: 11 | loss: 0.6462154
	speed: 0.0054s/iter; left time: 43.2978s
	iters: 300, epoch: 11 | loss: 0.8852829
	speed: 0.0055s/iter; left time: 43.5430s
	iters: 400, epoch: 11 | loss: 0.6054000
	speed: 0.0051s/iter; left time: 40.0804s
Epoch: 11 cost time: 2.2482638359069824
Epoch: 11, Steps: 413 | Train Loss: 0.762 Vali Loss: 0.638 Vali Acc: 0.910 Test Loss: 0.639 Test Acc: 0.910
Validation loss decreased (-0.904957 --> -0.910414).  Saving model ...
	iters: 100, epoch: 12 | loss: 0.7238370
	speed: 0.0143s/iter; left time: 110.6329s
	iters: 200, epoch: 12 | loss: 0.7807791
	speed: 0.0052s/iter; left time: 39.5982s
	iters: 300, epoch: 12 | loss: 0.7898240
	speed: 0.0054s/iter; left time: 40.5678s
	iters: 400, epoch: 12 | loss: 0.7218761
	speed: 0.0053s/iter; left time: 39.8080s
Epoch: 12 cost time: 2.187143325805664
Epoch: 12, Steps: 413 | Train Loss: 0.699 Vali Loss: 0.581 Vali Acc: 0.914 Test Loss: 0.583 Test Acc: 0.914
Validation loss decreased (-0.910414 --> -0.913597).  Saving model ...
	iters: 100, epoch: 13 | loss: 0.5390685
	speed: 0.0138s/iter; left time: 101.2610s
	iters: 200, epoch: 13 | loss: 0.4227769
	speed: 0.0053s/iter; left time: 38.3399s
	iters: 300, epoch: 13 | loss: 0.6001721
	speed: 0.0058s/iter; left time: 41.4983s
	iters: 400, epoch: 13 | loss: 0.4169147
	speed: 0.0057s/iter; left time: 40.3282s
Epoch: 13 cost time: 2.27917218208313
Epoch: 13, Steps: 413 | Train Loss: 0.644 Vali Loss: 0.536 Vali Acc: 0.916 Test Loss: 0.534 Test Acc: 0.916
Validation loss decreased (-0.913597 --> -0.916326).  Saving model ...
	iters: 100, epoch: 14 | loss: 0.5321332
	speed: 0.0136s/iter; left time: 94.2439s
	iters: 200, epoch: 14 | loss: 0.7736830
	speed: 0.0053s/iter; left time: 36.2202s
	iters: 300, epoch: 14 | loss: 0.9520057
	speed: 0.0053s/iter; left time: 35.9052s
	iters: 400, epoch: 14 | loss: 0.5427993
	speed: 0.0053s/iter; left time: 34.8412s
Epoch: 14 cost time: 2.2019107341766357
Epoch: 14, Steps: 413 | Train Loss: 0.598 Vali Loss: 0.495 Vali Acc: 0.919 Test Loss: 0.493 Test Acc: 0.919
Validation loss decreased (-0.916326 --> -0.919054).  Saving model ...
	iters: 100, epoch: 15 | loss: 0.3625202
	speed: 0.0149s/iter; left time: 97.1380s
	iters: 200, epoch: 15 | loss: 0.4143108
	speed: 0.0052s/iter; left time: 33.2088s
	iters: 300, epoch: 15 | loss: 0.5041707
	speed: 0.0053s/iter; left time: 33.6849s
	iters: 400, epoch: 15 | loss: 0.5558031
	speed: 0.0050s/iter; left time: 30.7505s
Epoch: 15 cost time: 2.179537296295166
Epoch: 15, Steps: 413 | Train Loss: 0.557 Vali Loss: 0.457 Vali Acc: 0.923 Test Loss: 0.459 Test Acc: 0.923
Validation loss decreased (-0.919054 --> -0.923147).  Saving model ...
	iters: 100, epoch: 16 | loss: 0.5224555
	speed: 0.0139s/iter; left time: 84.6083s
	iters: 200, epoch: 16 | loss: 0.4101388
	speed: 0.0054s/iter; left time: 32.2930s
	iters: 300, epoch: 16 | loss: 0.3643730
	speed: 0.0054s/iter; left time: 31.6784s
	iters: 400, epoch: 16 | loss: 0.4067046
	speed: 0.0053s/iter; left time: 30.5287s
Epoch: 16 cost time: 2.2303173542022705
Epoch: 16, Steps: 413 | Train Loss: 0.524 Vali Loss: 0.429 Vali Acc: 0.927 Test Loss: 0.428 Test Acc: 0.927
Validation loss decreased (-0.923147 --> -0.926785).  Saving model ...
	iters: 100, epoch: 17 | loss: 0.6297510
	speed: 0.0144s/iter; left time: 82.0227s
	iters: 200, epoch: 17 | loss: 0.7170652
	speed: 0.0050s/iter; left time: 27.7395s
	iters: 300, epoch: 17 | loss: 0.4834767
	speed: 0.0053s/iter; left time: 28.7968s
	iters: 400, epoch: 17 | loss: 0.5010994
	speed: 0.0051s/iter; left time: 27.7183s
Epoch: 17 cost time: 2.116504669189453
Epoch: 17, Steps: 413 | Train Loss: 0.493 Vali Loss: 0.403 Vali Acc: 0.928 Test Loss: 0.402 Test Acc: 0.928
Validation loss decreased (-0.926785 --> -0.927694).  Saving model ...
	iters: 100, epoch: 18 | loss: 0.9107242
	speed: 0.0138s/iter; left time: 72.8650s
	iters: 200, epoch: 18 | loss: 0.3764045
	speed: 0.0053s/iter; left time: 27.2854s
	iters: 300, epoch: 18 | loss: 0.4217087
	speed: 0.0053s/iter; left time: 26.9154s
	iters: 400, epoch: 18 | loss: 0.9805491
	speed: 0.0050s/iter; left time: 24.8812s
Epoch: 18 cost time: 2.165255308151245
Epoch: 18, Steps: 413 | Train Loss: 0.464 Vali Loss: 0.379 Vali Acc: 0.929 Test Loss: 0.379 Test Acc: 0.929
Validation loss decreased (-0.927694 --> -0.929059).  Saving model ...
	iters: 100, epoch: 19 | loss: 0.3795662
	speed: 0.0143s/iter; left time: 69.2888s
	iters: 200, epoch: 19 | loss: 0.4753892
	speed: 0.0055s/iter; left time: 26.1593s
	iters: 300, epoch: 19 | loss: 0.3662187
	speed: 0.0053s/iter; left time: 24.7541s
	iters: 400, epoch: 19 | loss: 0.5420702
	speed: 0.0053s/iter; left time: 23.9489s
Epoch: 19 cost time: 2.2255659103393555
Epoch: 19, Steps: 413 | Train Loss: 0.437 Vali Loss: 0.358 Vali Acc: 0.930 Test Loss: 0.358 Test Acc: 0.930
Validation loss decreased (-0.929059 --> -0.929968).  Saving model ...
	iters: 100, epoch: 20 | loss: 0.6162928
	speed: 0.0141s/iter; left time: 62.5852s
	iters: 200, epoch: 20 | loss: 0.6034319
	speed: 0.0049s/iter; left time: 21.1600s
	iters: 300, epoch: 20 | loss: 0.4206416
	speed: 0.0051s/iter; left time: 21.6250s
	iters: 400, epoch: 20 | loss: 0.3460902
	speed: 0.0052s/iter; left time: 21.6414s
Epoch: 20 cost time: 2.0957014560699463
Epoch: 20, Steps: 413 | Train Loss: 0.415 Vali Loss: 0.341 Vali Acc: 0.933 Test Loss: 0.340 Test Acc: 0.933
Validation loss decreased (-0.929968 --> -0.932697).  Saving model ...
	iters: 100, epoch: 21 | loss: 0.3767272
	speed: 0.0145s/iter; left time: 58.3637s
	iters: 200, epoch: 21 | loss: 0.3989306
	speed: 0.0053s/iter; left time: 20.9277s
	iters: 300, epoch: 21 | loss: 0.5943062
	speed: 0.0052s/iter; left time: 20.0230s
	iters: 400, epoch: 21 | loss: 0.2132810
	speed: 0.0052s/iter; left time: 19.2948s
Epoch: 21 cost time: 2.1885921955108643
Epoch: 21, Steps: 413 | Train Loss: 0.395 Vali Loss: 0.325 Vali Acc: 0.935 Test Loss: 0.326 Test Acc: 0.935
Validation loss decreased (-0.932697 --> -0.934516).  Saving model ...
	iters: 100, epoch: 22 | loss: 0.2620060
	speed: 0.0141s/iter; left time: 50.9231s
	iters: 200, epoch: 22 | loss: 0.4913014
	speed: 0.0052s/iter; left time: 18.3740s
	iters: 300, epoch: 22 | loss: 0.2676928
	speed: 0.0055s/iter; left time: 18.7789s
	iters: 400, epoch: 22 | loss: 0.3456372
	speed: 0.0053s/iter; left time: 17.7105s
Epoch: 22 cost time: 2.199150800704956
Epoch: 22, Steps: 413 | Train Loss: 0.377 Vali Loss: 0.310 Vali Acc: 0.936 Test Loss: 0.311 Test Acc: 0.936
Validation loss decreased (-0.934516 --> -0.935880).  Saving model ...
	iters: 100, epoch: 23 | loss: 0.3610981
	speed: 0.0146s/iter; left time: 46.9420s
	iters: 200, epoch: 23 | loss: 0.5309021
	speed: 0.0050s/iter; left time: 15.5476s
	iters: 300, epoch: 23 | loss: 0.2793774
	speed: 0.0061s/iter; left time: 18.2171s
	iters: 400, epoch: 23 | loss: 0.5112007
	speed: 0.0056s/iter; left time: 16.1929s
Epoch: 23 cost time: 2.297532558441162
Epoch: 23, Steps: 413 | Train Loss: 0.359 Vali Loss: 0.297 Vali Acc: 0.937 Test Loss: 0.297 Test Acc: 0.937
Validation loss decreased (-0.935880 --> -0.936789).  Saving model ...
	iters: 100, epoch: 24 | loss: 0.4575191
	speed: 0.0156s/iter; left time: 43.4336s
	iters: 200, epoch: 24 | loss: 0.5102755
	speed: 0.0059s/iter; left time: 15.8804s
	iters: 300, epoch: 24 | loss: 0.1454957
	speed: 0.0058s/iter; left time: 14.9228s
	iters: 400, epoch: 24 | loss: 0.3641225
	speed: 0.0059s/iter; left time: 14.7019s
Epoch: 24 cost time: 2.4399850368499756
Epoch: 24, Steps: 413 | Train Loss: 0.343 Vali Loss: 0.286 Vali Acc: 0.937 Test Loss: 0.285 Test Acc: 0.937
Validation loss decreased (-0.936789 --> -0.937244).  Saving model ...
	iters: 100, epoch: 25 | loss: 0.1702184
	speed: 0.0153s/iter; left time: 36.4553s
	iters: 200, epoch: 25 | loss: 0.3954853
	speed: 0.0055s/iter; left time: 12.4244s
	iters: 300, epoch: 25 | loss: 0.5585226
	speed: 0.0052s/iter; left time: 11.4058s
	iters: 400, epoch: 25 | loss: 0.1540235
	speed: 0.0052s/iter; left time: 10.9011s
Epoch: 25 cost time: 2.2219221591949463
Epoch: 25, Steps: 413 | Train Loss: 0.330 Vali Loss: 0.275 Vali Acc: 0.938 Test Loss: 0.275 Test Acc: 0.938
Validation loss decreased (-0.937244 --> -0.938154).  Saving model ...
	iters: 100, epoch: 26 | loss: 0.4851930
	speed: 0.0144s/iter; left time: 28.3818s
	iters: 200, epoch: 26 | loss: 0.2796212
	speed: 0.0052s/iter; left time: 9.7599s
	iters: 300, epoch: 26 | loss: 0.1962535
	speed: 0.0052s/iter; left time: 9.1288s
	iters: 400, epoch: 26 | loss: 0.3197738
	speed: 0.0051s/iter; left time: 8.4249s
Epoch: 26 cost time: 2.127959728240967
Epoch: 26, Steps: 413 | Train Loss: 0.316 Vali Loss: 0.266 Vali Acc: 0.939 Test Loss: 0.268 Test Acc: 0.939
Validation loss decreased (-0.938154 --> -0.938608).  Saving model ...
	iters: 100, epoch: 27 | loss: 0.1587255
	speed: 0.0141s/iter; left time: 21.8597s
	iters: 200, epoch: 27 | loss: 0.2406991
	speed: 0.0055s/iter; left time: 8.0219s
	iters: 300, epoch: 27 | loss: 0.3238528
	speed: 0.0053s/iter; left time: 7.1620s
	iters: 400, epoch: 27 | loss: 0.5199074
	speed: 0.0059s/iter; left time: 7.3891s
Epoch: 27 cost time: 2.2827236652374268
Epoch: 27, Steps: 413 | Train Loss: 0.303 Vali Loss: 0.257 Vali Acc: 0.939 Test Loss: 0.258 Test Acc: 0.939
Validation loss decreased (-0.938608 --> -0.938608).  Saving model ...
	iters: 100, epoch: 28 | loss: 0.2699412
	speed: 0.0140s/iter; left time: 15.9271s
	iters: 200, epoch: 28 | loss: 0.1805493
	speed: 0.0053s/iter; left time: 5.5152s
	iters: 300, epoch: 28 | loss: 0.2109727
	speed: 0.0054s/iter; left time: 5.1124s
	iters: 400, epoch: 28 | loss: 0.3746858
	speed: 0.0054s/iter; left time: 4.5104s
Epoch: 28 cost time: 2.199422836303711
Epoch: 28, Steps: 413 | Train Loss: 0.292 Vali Loss: 0.250 Vali Acc: 0.937 Test Loss: 0.249 Test Acc: 0.937
EarlyStopping counter: 1 out of 10
	iters: 100, epoch: 29 | loss: 0.5131506
	speed: 0.0144s/iter; left time: 10.4639s
	iters: 200, epoch: 29 | loss: 0.1663199
	speed: 0.0055s/iter; left time: 3.4461s
	iters: 300, epoch: 29 | loss: 0.2100090
	speed: 0.0052s/iter; left time: 2.7474s
	iters: 400, epoch: 29 | loss: 0.6492084
	speed: 0.0057s/iter; left time: 2.4526s
Epoch: 29 cost time: 2.2423288822174072
Epoch: 29, Steps: 413 | Train Loss: 0.281 Vali Loss: 0.242 Vali Acc: 0.940 Test Loss: 0.242 Test Acc: 0.940
Validation loss decreased (-0.938608 --> -0.940427).  Saving model ...
	iters: 100, epoch: 30 | loss: 0.2841752
	speed: 0.0140s/iter; left time: 4.3965s
	iters: 200, epoch: 30 | loss: 0.3978726
	speed: 0.0055s/iter; left time: 1.1683s
	iters: 300, epoch: 30 | loss: 0.2424175
	speed: 0.0054s/iter; left time: 0.6137s
	iters: 400, epoch: 30 | loss: 0.2079143
	speed: 0.0053s/iter; left time: 0.0746s
Epoch: 30 cost time: 2.2424604892730713
Epoch: 30, Steps: 413 | Train Loss: 0.273 Vali Loss: 0.238 Vali Acc: 0.940 Test Loss: 0.235 Test Acc: 0.940
Validation loss decreased (-0.940427 --> -0.940427).  Saving model ...
>>>>>>>testing : classification_CLS_SpokenArabicDigits_none_SparseTSF_UEA_sl96_pl0_dm16_nh8_el2_dl1_df32_fc1_ebtimeF_dtTrue_Cls_0<<<<<<<<<<<<<<<<<<<<<<<<<<<<<<<<<
2199
TEST 2199
test shape: torch.Size([2199, 10]) torch.Size([2199, 1])
accuracy:0.9404274670304684
