Args in experiment:
Namespace(activation='gelu', anomaly_ratio=0.25, batch_size=16, c_out=7, channel_independence=1, checkpoints='./checkpoints/', comment='none', d_ff=32, d_layers=1, d_model=16, data='UEA', data_path='ETTh1.csv', dec_in=7, decomp_method='moving_avg', des='Cls', devices='0,1', distil=True, down_sampling_layers=0, down_sampling_method='avg', down_sampling_window=1, drop_last=True, dropout=0.1, e_layers=2, embed='timeF', emissions_file='emissions.csv', emissions_output_dir='.', enc_in=1, factor=1, features='M', freq='h', gpu=0, inverse=False, is_training=1, itr=1, label_len=48, learning_rate=0.001, loss='MSE', lradj='TST', mask_rate=0.125, model='SparseTSF', model_id='CLS_PEMS-SF', model_type='linear', moving_avg=25, n_heads=8, num_kernels=6, num_workers=0, output_attention=False, p_hidden_dims=[128, 128], p_hidden_layers=2, patience=10, pct_start=0.2, percent=100, period_len=1, pred_len=0, root_path='C:\\Users\\bbbal\\OneDrive\\Masaüstü\\timemixer\\dataset\\PEMS-SF', seasonal_patterns='Monthly', seq_len=96, target='OT', task_name='classification', top_k=5, track_emissions=0, train_epochs=30, use_amp=False, use_future_temporal_feature=0, use_gpu=True, use_multi_gpu=False, use_norm=1)
Use GPU: cuda:0
267
TRAIN 267
173
TEST 173
>>>>>>>start training : classification_CLS_PEMS-SF_none_SparseTSF_UEA_sl96_pl0_dm16_nh8_el2_dl1_df32_fc1_ebtimeF_dtTrue_Cls_0>>>>>>>>>>>>>>>>>>>>>>>>>>
267
TRAIN 267
173
TEST 173
173
TEST 173
Epoch: 1 cost time: 3.6530702114105225
Epoch: 1, Steps: 17 | Train Loss: 1.720 Vali Loss: 1.535 Vali Acc: 0.283 Test Loss: 1.539 Test Acc: 0.283
Validation loss decreased (inf --> -0.283237).  Saving model ...
Epoch: 2 cost time: 0.7572920322418213
Epoch: 2, Steps: 17 | Train Loss: 1.136 Vali Loss: 1.146 Vali Acc: 0.595 Test Loss: 1.142 Test Acc: 0.595
Validation loss decreased (-0.283237 --> -0.595376).  Saving model ...
Epoch: 3 cost time: 0.7533721923828125
Epoch: 3, Steps: 17 | Train Loss: 0.863 Vali Loss: 1.011 Vali Acc: 0.659 Test Loss: 1.011 Test Acc: 0.659
Validation loss decreased (-0.595376 --> -0.658960).  Saving model ...
Epoch: 4 cost time: 0.7439916133880615
Epoch: 4, Steps: 17 | Train Loss: 0.675 Vali Loss: 0.871 Vali Acc: 0.723 Test Loss: 0.878 Test Acc: 0.723
Validation loss decreased (-0.658960 --> -0.722543).  Saving model ...
Epoch: 5 cost time: 0.7511003017425537
Epoch: 5, Steps: 17 | Train Loss: 0.533 Vali Loss: 0.779 Vali Acc: 0.786 Test Loss: 0.777 Test Acc: 0.786
Validation loss decreased (-0.722543 --> -0.786127).  Saving model ...
Epoch: 6 cost time: 0.7086377143859863
Epoch: 6, Steps: 17 | Train Loss: 0.404 Vali Loss: 0.705 Vali Acc: 0.786 Test Loss: 0.710 Test Acc: 0.786
Validation loss decreased (-0.786127 --> -0.786127).  Saving model ...
Epoch: 7 cost time: 0.7189497947692871
Epoch: 7, Steps: 17 | Train Loss: 0.315 Vali Loss: 0.651 Vali Acc: 0.821 Test Loss: 0.647 Test Acc: 0.821
Validation loss decreased (-0.786127 --> -0.820809).  Saving model ...
Epoch: 8 cost time: 0.7071528434753418
Epoch: 8, Steps: 17 | Train Loss: 0.244 Vali Loss: 0.596 Vali Acc: 0.815 Test Loss: 0.597 Test Acc: 0.815
EarlyStopping counter: 1 out of 10
Epoch: 9 cost time: 0.7553589344024658
Epoch: 9, Steps: 17 | Train Loss: 0.206 Vali Loss: 0.562 Vali Acc: 0.844 Test Loss: 0.556 Test Acc: 0.844
Validation loss decreased (-0.820809 --> -0.843931).  Saving model ...
Epoch: 10 cost time: 0.7539465427398682
Epoch: 10, Steps: 17 | Train Loss: 0.159 Vali Loss: 0.530 Vali Acc: 0.838 Test Loss: 0.537 Test Acc: 0.838
EarlyStopping counter: 1 out of 10
Epoch: 11 cost time: 0.759610652923584
Epoch: 11, Steps: 17 | Train Loss: 0.125 Vali Loss: 0.511 Vali Acc: 0.815 Test Loss: 0.511 Test Acc: 0.815
EarlyStopping counter: 2 out of 10
Epoch: 12 cost time: 0.7484309673309326
Epoch: 12, Steps: 17 | Train Loss: 0.106 Vali Loss: 0.508 Vali Acc: 0.821 Test Loss: 0.508 Test Acc: 0.821
EarlyStopping counter: 3 out of 10
Epoch: 13 cost time: 0.7386651039123535
Epoch: 13, Steps: 17 | Train Loss: 0.088 Vali Loss: 0.483 Vali Acc: 0.827 Test Loss: 0.490 Test Acc: 0.827
EarlyStopping counter: 4 out of 10
Epoch: 14 cost time: 0.7655420303344727
Epoch: 14, Steps: 17 | Train Loss: 0.075 Vali Loss: 0.490 Vali Acc: 0.827 Test Loss: 0.488 Test Acc: 0.827
EarlyStopping counter: 5 out of 10
Epoch: 15 cost time: 0.7626161575317383
Epoch: 15, Steps: 17 | Train Loss: 0.064 Vali Loss: 0.461 Vali Acc: 0.844 Test Loss: 0.457 Test Acc: 0.844
Validation loss decreased (-0.843931 --> -0.843931).  Saving model ...
Epoch: 16 cost time: 0.7434875965118408
Epoch: 16, Steps: 17 | Train Loss: 0.055 Vali Loss: 0.463 Vali Acc: 0.821 Test Loss: 0.462 Test Acc: 0.821
EarlyStopping counter: 1 out of 10
Epoch: 17 cost time: 0.7333831787109375
Epoch: 17, Steps: 17 | Train Loss: 0.046 Vali Loss: 0.468 Vali Acc: 0.821 Test Loss: 0.457 Test Acc: 0.821
EarlyStopping counter: 2 out of 10
Epoch: 18 cost time: 0.7294023036956787
Epoch: 18, Steps: 17 | Train Loss: 0.041 Vali Loss: 0.460 Vali Acc: 0.815 Test Loss: 0.447 Test Acc: 0.815
EarlyStopping counter: 3 out of 10
Epoch: 19 cost time: 0.7889864444732666
Epoch: 19, Steps: 17 | Train Loss: 0.037 Vali Loss: 0.449 Vali Acc: 0.821 Test Loss: 0.443 Test Acc: 0.821
EarlyStopping counter: 4 out of 10
Epoch: 20 cost time: 0.8020551204681396
Epoch: 20, Steps: 17 | Train Loss: 0.034 Vali Loss: 0.441 Vali Acc: 0.821 Test Loss: 0.445 Test Acc: 0.821
EarlyStopping counter: 5 out of 10
Epoch: 21 cost time: 0.7867960929870605
Epoch: 21, Steps: 17 | Train Loss: 0.031 Vali Loss: 0.443 Vali Acc: 0.809 Test Loss: 0.446 Test Acc: 0.809
EarlyStopping counter: 6 out of 10
Epoch: 22 cost time: 0.7786221504211426
Epoch: 22, Steps: 17 | Train Loss: 0.028 Vali Loss: 0.441 Vali Acc: 0.815 Test Loss: 0.437 Test Acc: 0.815
EarlyStopping counter: 7 out of 10
Epoch: 23 cost time: 0.7822599411010742
Epoch: 23, Steps: 17 | Train Loss: 0.026 Vali Loss: 0.441 Vali Acc: 0.844 Test Loss: 0.437 Test Acc: 0.844
Validation loss decreased (-0.843931 --> -0.843931).  Saving model ...
Epoch: 24 cost time: 0.7746655941009521
Epoch: 24, Steps: 17 | Train Loss: 0.024 Vali Loss: 0.433 Vali Acc: 0.827 Test Loss: 0.438 Test Acc: 0.827
EarlyStopping counter: 1 out of 10
Epoch: 25 cost time: 0.7548601627349854
Epoch: 25, Steps: 17 | Train Loss: 0.022 Vali Loss: 0.427 Vali Acc: 0.815 Test Loss: 0.432 Test Acc: 0.815
EarlyStopping counter: 2 out of 10
Epoch: 26 cost time: 0.7515811920166016
Epoch: 26, Steps: 17 | Train Loss: 0.021 Vali Loss: 0.433 Vali Acc: 0.827 Test Loss: 0.429 Test Acc: 0.827
EarlyStopping counter: 3 out of 10
Epoch: 27 cost time: 0.7750518321990967
Epoch: 27, Steps: 17 | Train Loss: 0.020 Vali Loss: 0.428 Vali Acc: 0.803 Test Loss: 0.426 Test Acc: 0.803
EarlyStopping counter: 4 out of 10
Epoch: 28 cost time: 0.7406630516052246
Epoch: 28, Steps: 17 | Train Loss: 0.018 Vali Loss: 0.431 Vali Acc: 0.815 Test Loss: 0.426 Test Acc: 0.815
EarlyStopping counter: 5 out of 10
Epoch: 29 cost time: 0.7472903728485107
Epoch: 29, Steps: 17 | Train Loss: 0.017 Vali Loss: 0.431 Vali Acc: 0.803 Test Loss: 0.428 Test Acc: 0.803
EarlyStopping counter: 6 out of 10
Epoch: 30 cost time: 0.7567508220672607
Epoch: 30, Steps: 17 | Train Loss: 0.016 Vali Loss: 0.436 Vali Acc: 0.809 Test Loss: 0.431 Test Acc: 0.809
EarlyStopping counter: 7 out of 10
>>>>>>>testing : classification_CLS_PEMS-SF_none_SparseTSF_UEA_sl96_pl0_dm16_nh8_el2_dl1_df32_fc1_ebtimeF_dtTrue_Cls_0<<<<<<<<<<<<<<<<<<<<<<<<<<<<<<<<<
173
TEST 173
test shape: torch.Size([173, 7]) torch.Size([173, 1])
accuracy:0.8439306358381503
