[SKIP 1/40] TimeMixer ETTh1 pred=96 (done, MSE=0.540181)

>>> [2/40] TimeMixerPP ETTh1 pred_len=96 <<<

[RUN] TimeMixerPP ETTh1 pred_len=96
      finished in 219.9s
[MD] results_carbon_comparison.md updated.

>>> [3/40] TimeMixer ETTh1 pred_len=192 <<<

[RUN] TimeMixer ETTh1 pred_len=192
      finished in 70.1s
[MD] results_carbon_comparison.md updated.

>>> [4/40] TimeMixerPP ETTh1 pred_len=192 <<<

[RUN] TimeMixerPP ETTh1 pred_len=192
      finished in 209.3s
[MD] results_carbon_comparison.md updated.

>>> [5/40] TimeMixer ETTh1 pred_len=336 <<<

[RUN] TimeMixer ETTh1 pred_len=336
      finished in 69.2s
[MD] results_carbon_comparison.md updated.

>>> [6/40] TimeMixerPP ETTh1 pred_len=336 <<<

[RUN] TimeMixerPP ETTh1 pred_len=336
      finished in 196.1s
[MD] results_carbon_comparison.md updated.

>>> [7/40] TimeMixer ETTh1 pred_len=720 <<<

[RUN] TimeMixer ETTh1 pred_len=720
      finished in 63.8s
[MD] results_carbon_comparison.md updated.

>>> [8/40] TimeMixerPP ETTh1 pred_len=720 <<<

[RUN] TimeMixerPP ETTh1 pred_len=720
      finished in 165.0s
[MD] results_carbon_comparison.md updated.

>>> [9/40] TimeMixer ETTh2 pred_len=96 <<<

[RUN] TimeMixer ETTh2 pred_len=96
      finished in 59.4s
[MD] results_carbon_comparison.md updated.

>>> [10/40] TimeMixerPP ETTh2 pred_len=96 <<<

[RUN] TimeMixerPP ETTh2 pred_len=96
      finished in 177.5s
[MD] results_carbon_comparison.md updated.

>>> [11/40] TimeMixer ETTh2 pred_len=192 <<<

[RUN] TimeMixer ETTh2 pred_len=192
      finished in 63.2s
[MD] results_carbon_comparison.md updated.

>>> [12/40] TimeMixerPP ETTh2 pred_len=192 <<<

[RUN] TimeMixerPP ETTh2 pred_len=192
      finished in 194.2s
[MD] results_carbon_comparison.md updated.

>>> [13/40] TimeMixer ETTh2 pred_len=336 <<<

[RUN] TimeMixer ETTh2 pred_len=336
      finished in 64.0s
[MD] results_carbon_comparison.md updated.

>>> [14/40] TimeMixerPP ETTh2 pred_len=336 <<<

[RUN] TimeMixerPP ETTh2 pred_len=336
      finished in 164.4s
[MD] results_carbon_comparison.md updated.

>>> [15/40] TimeMixer ETTh2 pred_len=720 <<<

[RUN] TimeMixer ETTh2 pred_len=720
      finished in 61.3s
[MD] results_carbon_comparison.md updated.

>>> [16/40] TimeMixerPP ETTh2 pred_len=720 <<<

[RUN] TimeMixerPP ETTh2 pred_len=720
      finished in 154.8s
[MD] results_carbon_comparison.md updated.

>>> [17/40] TimeMixer ETTm1 pred_len=96 <<<

[RUN] TimeMixer ETTm1 pred_len=96
      finished in 199.9s
[MD] results_carbon_comparison.md updated.

>>> [18/40] TimeMixerPP ETTm1 pred_len=96 <<<

[RUN] TimeMixerPP ETTm1 pred_len=96
      finished in 651.7s
[MD] results_carbon_comparison.md updated.

>>> [19/40] TimeMixer ETTm1 pred_len=192 <<<

[RUN] TimeMixer ETTm1 pred_len=192
      finished in 201.5s
[MD] results_carbon_comparison.md updated.

>>> [20/40] TimeMixerPP ETTm1 pred_len=192 <<<

[RUN] TimeMixerPP ETTm1 pred_len=192
      finished in 614.4s
[MD] results_carbon_comparison.md updated.

>>> [21/40] TimeMixer ETTm1 pred_len=336 <<<

[RUN] TimeMixer ETTm1 pred_len=336
      finished in 215.0s
[MD] results_carbon_comparison.md updated.

>>> [22/40] TimeMixerPP ETTm1 pred_len=336 <<<

[RUN] TimeMixerPP ETTm1 pred_len=336
      finished in 660.7s
[MD] results_carbon_comparison.md updated.

>>> [23/40] TimeMixer ETTm1 pred_len=720 <<<

[RUN] TimeMixer ETTm1 pred_len=720
      finished in 241.0s
[MD] results_carbon_comparison.md updated.

>>> [24/40] TimeMixerPP ETTm1 pred_len=720 <<<

[RUN] TimeMixerPP ETTm1 pred_len=720
      finished in 633.7s
[MD] results_carbon_comparison.md updated.

>>> [25/40] TimeMixer ETTm2 pred_len=96 <<<

[RUN] TimeMixer ETTm2 pred_len=96
      finished in 190.3s
[MD] results_carbon_comparison.md updated.

>>> [26/40] TimeMixerPP ETTm2 pred_len=96 <<<

[RUN] TimeMixerPP ETTm2 pred_len=96
      finished in 618.4s
[MD] results_carbon_comparison.md updated.

>>> [27/40] TimeMixer ETTm2 pred_len=192 <<<

[RUN] TimeMixer ETTm2 pred_len=192
      finished in 195.7s
[MD] results_carbon_comparison.md updated.

>>> [28/40] TimeMixerPP ETTm2 pred_len=192 <<<

[RUN] TimeMixerPP ETTm2 pred_len=192
      finished in 624.2s
[MD] results_carbon_comparison.md updated.

>>> [29/40] TimeMixer ETTm2 pred_len=336 <<<

[RUN] TimeMixer ETTm2 pred_len=336
      finished in 206.4s
[MD] results_carbon_comparison.md updated.

>>> [30/40] TimeMixerPP ETTm2 pred_len=336 <<<

[RUN] TimeMixerPP ETTm2 pred_len=336
      finished in 621.8s
[MD] results_carbon_comparison.md updated.

>>> [31/40] TimeMixer ETTm2 pred_len=720 <<<

[RUN] TimeMixer ETTm2 pred_len=720
      finished in 231.2s
[MD] results_carbon_comparison.md updated.

>>> [32/40] TimeMixerPP ETTm2 pred_len=720 <<<

[RUN] TimeMixerPP ETTm2 pred_len=720
      finished in 664.4s
[MD] results_carbon_comparison.md updated.

>>> [33/40] TimeMixer Weather pred_len=96 <<<

[RUN] TimeMixer Weather pred_len=96
      finished in 350.0s
[MD] results_carbon_comparison.md updated.

>>> [34/40] TimeMixerPP Weather pred_len=96 <<<

[RUN] TimeMixerPP Weather pred_len=96
      finished in 673.5s
[MD] results_carbon_comparison.md updated.

>>> [35/40] TimeMixer Weather pred_len=192 <<<

[RUN] TimeMixer Weather pred_len=192
      finished in 373.5s
[MD] results_carbon_comparison.md updated.

>>> [36/40] TimeMixerPP Weather pred_len=192 <<<

[RUN] TimeMixerPP Weather pred_len=192
      finished in 679.1s
[MD] results_carbon_comparison.md updated.

>>> [37/40] TimeMixer Weather pred_len=336 <<<

[RUN] TimeMixer Weather pred_len=336
      finished in 412.1s
[MD] results_carbon_comparison.md updated.

>>> [38/40] TimeMixerPP Weather pred_len=336 <<<

[RUN] TimeMixerPP Weather pred_len=336
      finished in 689.8s
[MD] results_carbon_comparison.md updated.

>>> [39/40] TimeMixer Weather pred_len=720 <<<

[RUN] TimeMixer Weather pred_len=720
      finished in 502.1s
[MD] results_carbon_comparison.md updated.

>>> [40/40] TimeMixerPP Weather pred_len=720 <<<

[RUN] TimeMixerPP Weather pred_len=720
      finished in 693.3s
[MD] results_carbon_comparison.md updated.

[DONE] Carbon benchmark complete; results_carbon_comparison.md updated.
