[SKIP] ETTh1 pred_len=96 — already complete (MSE=0.385794)
[SKIP] ETTh1 pred_len=192 — already complete (MSE=0.443037)
[SKIP] ETTh1 pred_len=336 — already complete (MSE=0.513090)
[SKIP] ETTh1 pred_len=720 — already complete (MSE=0.489165)
[SKIP] ETTh2 pred_len=96 — already complete (MSE=0.301334)
[SKIP] ETTh2 pred_len=192 — already complete (MSE=0.391096)
[SKIP] ETTh2 pred_len=336 — already complete (MSE=0.386519)
[SKIP] ETTh2 pred_len=720 — already complete (MSE=0.412863)
[SKIP] ETTm1 pred_len=96 — already complete (MSE=0.326398)
[SKIP] ETTm1 pred_len=192 — already complete (MSE=0.365291)
[SKIP] ETTm1 pred_len=336 — already complete (MSE=0.393321)
[SKIP] ETTm1 pred_len=720 — already complete (MSE=0.451405)
[SKIP] ETTm2 pred_len=96 — already complete (MSE=0.175972)
[SKIP] ETTm2 pred_len=192 — already complete (MSE=0.238108)
[SKIP] ETTm2 pred_len=336 — already complete (MSE=0.298672)
[SKIP] ETTm2 pred_len=720 — already complete (MSE=0.406894)
[SKIP] Weather pred_len=96 — already complete (MSE=0.164526)
[SKIP] Weather pred_len=192 — already complete (MSE=0.209339)
[SKIP] Weather pred_len=336 — already complete (MSE=0.265349)
[SKIP] Weather pred_len=720 — already complete (MSE=0.342314)
[SKIP] Solar-Energy pred_len=96 — already complete (MSE=0.208248)
[SKIP] Solar-Energy pred_len=192 — already complete (MSE=0.238817)
[SKIP] Solar-Energy pred_len=336 — already complete (MSE=0.232882)
[SKIP] Solar-Energy pred_len=720 — already complete (MSE=0.247561)
[SKIP] Electricity pred_len=96 — already complete (MSE=0.154200)
[SKIP] Electricity pred_len=192 — already complete (MSE=0.167991)
[SKIP] Electricity pred_len=336 — already complete (MSE=0.185280)

>>> Running Electricity pred_len=720 <<<

[RUN] Electricity pred_len=720 model_id=Electricity_96_720
[MD] results_comparison.md updated after Electricity pred_len=720.

>>> Running Traffic pred_len=96 <<<

[RUN] Traffic pred_len=96 model_id=Traffic_96_96
[MD] results_comparison.md updated after Traffic pred_len=96.

>>> Running Traffic pred_len=192 <<<

[RUN] Traffic pred_len=192 model_id=Traffic_96_192
[MD] results_comparison.md updated after Traffic pred_len=192.

>>> Running Traffic pred_len=336 <<<

[RUN] Traffic pred_len=336 model_id=Traffic_96_336
