[SKIP 1/60] TimeMixer ETTh1 pred=96 (done, MSE=0.540181)
[SKIP 2/60] TimeMixerPP ETTh1 pred=96 (done, MSE=0.704551)

>>> [3/60] SparseTSF ETTh1 pred_len=96 <<<

[RUN] SparseTSF ETTh1 pred_len=96
      finished in 27.1s
[MD] results_carbon_comparison.md updated.
[SKIP 4/60] TimeMixer ETTh1 pred=192 (done, MSE=0.583259)
[SKIP 5/60] TimeMixerPP ETTh1 pred=192 (done, MSE=0.746751)

>>> [6/60] SparseTSF ETTh1 pred_len=192 <<<

[RUN] SparseTSF ETTh1 pred_len=192
      finished in 26.0s
[MD] results_carbon_comparison.md updated.
[SKIP 7/60] TimeMixer ETTh1 pred=336 (done, MSE=0.662450)
[SKIP 8/60] TimeMixerPP ETTh1 pred=336 (done, MSE=0.809826)

>>> [9/60] SparseTSF ETTh1 pred_len=336 <<<

[RUN] SparseTSF ETTh1 pred_len=336
      finished in 33.3s
[MD] results_carbon_comparison.md updated.
[SKIP 10/60] TimeMixer ETTh1 pred=720 (done, MSE=0.701401)
[SKIP 11/60] TimeMixerPP ETTh1 pred=720 (done, MSE=0.778335)

>>> [12/60] SparseTSF ETTh1 pred_len=720 <<<

[RUN] SparseTSF ETTh1 pred_len=720
      finished in 24.9s
[MD] results_carbon_comparison.md updated.
[SKIP 13/60] TimeMixer ETTh2 pred=96 (done, MSE=0.341510)
[SKIP 14/60] TimeMixerPP ETTh2 pred=96 (done, MSE=0.386083)

>>> [15/60] SparseTSF ETTh2 pred_len=96 <<<

[RUN] SparseTSF ETTh2 pred_len=96
      finished in 21.2s
[MD] results_carbon_comparison.md updated.
[SKIP 16/60] TimeMixer ETTh2 pred=192 (done, MSE=0.416016)
[SKIP 17/60] TimeMixerPP ETTh2 pred=192 (done, MSE=0.459964)

>>> [18/60] SparseTSF ETTh2 pred_len=192 <<<

[RUN] SparseTSF ETTh2 pred_len=192
      finished in 19.5s
[MD] results_carbon_comparison.md updated.
[SKIP 19/60] TimeMixer ETTh2 pred=336 (done, MSE=0.442438)
[SKIP 20/60] TimeMixerPP ETTh2 pred=336 (done, MSE=0.489858)

>>> [21/60] SparseTSF ETTh2 pred_len=336 <<<

[RUN] SparseTSF ETTh2 pred_len=336
      finished in 15.8s
[MD] results_carbon_comparison.md updated.
[SKIP 22/60] TimeMixer ETTh2 pred=720 (done, MSE=0.455553)
[SKIP 23/60] TimeMixerPP ETTh2 pred=720 (done, MSE=0.474172)

>>> [24/60] SparseTSF ETTh2 pred_len=720 <<<

[RUN] SparseTSF ETTh2 pred_len=720
      finished in 25.8s
[MD] results_carbon_comparison.md updated.
[SKIP 25/60] TimeMixer ETTm1 pred=96 (done, MSE=0.361940)
[SKIP 26/60] TimeMixerPP ETTm1 pred=96 (done, MSE=0.427006)

>>> [27/60] SparseTSF ETTm1 pred_len=96 <<<

[RUN] SparseTSF ETTm1 pred_len=96
      finished in 37.1s
[MD] results_carbon_comparison.md updated.
[SKIP 28/60] TimeMixer ETTm1 pred=192 (done, MSE=0.406811)
[SKIP 29/60] TimeMixerPP ETTm1 pred=192 (done, MSE=0.429471)

>>> [30/60] SparseTSF ETTm1 pred_len=192 <<<

[RUN] SparseTSF ETTm1 pred_len=192
      finished in 40.9s
[MD] results_carbon_comparison.md updated.
[SKIP 31/60] TimeMixer ETTm1 pred=336 (done, MSE=0.440777)
[SKIP 32/60] TimeMixerPP ETTm1 pred=336 (done, MSE=0.479843)

>>> [33/60] SparseTSF ETTm1 pred_len=336 <<<

[RUN] SparseTSF ETTm1 pred_len=336
      finished in 48.8s
[MD] results_carbon_comparison.md updated.
[SKIP 34/60] TimeMixer ETTm1 pred=720 (done, MSE=0.504058)
[SKIP 35/60] TimeMixerPP ETTm1 pred=720 (done, MSE=0.518629)

>>> [36/60] SparseTSF ETTm1 pred_len=720 <<<

[RUN] SparseTSF ETTm1 pred_len=720
      finished in 63.6s
[MD] results_carbon_comparison.md updated.
[SKIP 37/60] TimeMixer ETTm2 pred=96 (done, MSE=0.190065)
[SKIP 38/60] TimeMixerPP ETTm2 pred=96 (done, MSE=0.200966)

>>> [39/60] SparseTSF ETTm2 pred_len=96 <<<

[RUN] SparseTSF ETTm2 pred_len=96
      finished in 37.3s
[MD] results_carbon_comparison.md updated.
[SKIP 40/60] TimeMixer ETTm2 pred=192 (done, MSE=0.253502)
[SKIP 41/60] TimeMixerPP ETTm2 pred=192 (done, MSE=0.263987)

>>> [42/60] SparseTSF ETTm2 pred_len=192 <<<

[RUN] SparseTSF ETTm2 pred_len=192
      finished in 39.9s
[MD] results_carbon_comparison.md updated.
[SKIP 43/60] TimeMixer ETTm2 pred=336 (done, MSE=0.315517)
[SKIP 44/60] TimeMixerPP ETTm2 pred=336 (done, MSE=0.341936)

>>> [45/60] SparseTSF ETTm2 pred_len=336 <<<

[RUN] SparseTSF ETTm2 pred_len=336
      finished in 39.8s
[MD] results_carbon_comparison.md updated.
[SKIP 46/60] TimeMixer ETTm2 pred=720 (done, MSE=0.414277)
[SKIP 47/60] TimeMixerPP ETTm2 pred=720 (done, MSE=0.442128)

>>> [48/60] SparseTSF ETTm2 pred_len=720 <<<

[RUN] SparseTSF ETTm2 pred_len=720
      finished in 44.7s
[MD] results_carbon_comparison.md updated.
[SKIP 49/60] TimeMixer Weather pred=96 (done, MSE=0.197428)
[SKIP 50/60] TimeMixerPP Weather pred=96 (done, MSE=0.200655)

>>> [51/60] SparseTSF Weather pred_len=96 <<<

[RUN] SparseTSF Weather pred_len=96
      finished in 32.4s
[MD] results_carbon_comparison.md updated.
[SKIP 52/60] TimeMixer Weather pred=192 (done, MSE=0.241950)
[SKIP 53/60] TimeMixerPP Weather pred=192 (done, MSE=0.244863)

>>> [54/60] SparseTSF Weather pred_len=192 <<<

[RUN] SparseTSF Weather pred_len=192
      finished in 52.6s
[MD] results_carbon_comparison.md updated.
[SKIP 55/60] TimeMixer Weather pred=336 (done, MSE=0.292198)
[SKIP 56/60] TimeMixerPP Weather pred=336 (done, MSE=0.295136)

>>> [57/60] SparseTSF Weather pred_len=336 <<<

[RUN] SparseTSF Weather pred_len=336
      finished in 65.5s
[MD] results_carbon_comparison.md updated.
[SKIP 58/60] TimeMixer Weather pred=720 (done, MSE=0.363954)
[SKIP 59/60] TimeMixerPP Weather pred=720 (done, MSE=0.363980)

>>> [60/60] SparseTSF Weather pred_len=720 <<<

[RUN] SparseTSF Weather pred_len=720
      finished in 93.4s
[MD] results_carbon_comparison.md updated.

[DONE] Carbon benchmark complete; results_carbon_comparison.md updated.
