
>>> Running ETTh1 pred_len=96 <<<

[RUN] ETTh1 pred_len=96 model_id=PP_ETTh1_96_96
[MD] results_comparison_pp.md updated after ETTh1 pred_len=96.

>>> Running ETTh1 pred_len=192 <<<

[RUN] ETTh1 pred_len=192 model_id=PP_ETTh1_96_192
[MD] results_comparison_pp.md updated after ETTh1 pred_len=192.

>>> Running ETTh1 pred_len=336 <<<

[RUN] ETTh1 pred_len=336 model_id=PP_ETTh1_96_336
[MD] results_comparison_pp.md updated after ETTh1 pred_len=336.

>>> Running ETTh1 pred_len=720 <<<

[RUN] ETTh1 pred_len=720 model_id=PP_ETTh1_96_720
[MD] results_comparison_pp.md updated after ETTh1 pred_len=720.

>>> Running ETTh2 pred_len=96 <<<

[RUN] ETTh2 pred_len=96 model_id=PP_ETTh2_96_96
[MD] results_comparison_pp.md updated after ETTh2 pred_len=96.

>>> Running ETTh2 pred_len=192 <<<

[RUN] ETTh2 pred_len=192 model_id=PP_ETTh2_96_192
[MD] results_comparison_pp.md updated after ETTh2 pred_len=192.

>>> Running ETTh2 pred_len=336 <<<

[RUN] ETTh2 pred_len=336 model_id=PP_ETTh2_96_336
[MD] results_comparison_pp.md updated after ETTh2 pred_len=336.

>>> Running ETTh2 pred_len=720 <<<

[RUN] ETTh2 pred_len=720 model_id=PP_ETTh2_96_720
[MD] results_comparison_pp.md updated after ETTh2 pred_len=720.

>>> Running ETTm1 pred_len=96 <<<

[RUN] ETTm1 pred_len=96 model_id=PP_ETTm1_96_96
[MD] results_comparison_pp.md updated after ETTm1 pred_len=96.

>>> Running ETTm1 pred_len=192 <<<

[RUN] ETTm1 pred_len=192 model_id=PP_ETTm1_96_192
[MD] results_comparison_pp.md updated after ETTm1 pred_len=192.

>>> Running ETTm1 pred_len=336 <<<

[RUN] ETTm1 pred_len=336 model_id=PP_ETTm1_96_336
[MD] results_comparison_pp.md updated after ETTm1 pred_len=336.

>>> Running ETTm1 pred_len=720 <<<

[RUN] ETTm1 pred_len=720 model_id=PP_ETTm1_96_720
[MD] results_comparison_pp.md updated after ETTm1 pred_len=720.

>>> Running ETTm2 pred_len=96 <<<

[RUN] ETTm2 pred_len=96 model_id=PP_ETTm2_96_96
[MD] results_comparison_pp.md updated after ETTm2 pred_len=96.

>>> Running ETTm2 pred_len=192 <<<

[RUN] ETTm2 pred_len=192 model_id=PP_ETTm2_96_192
[MD] results_comparison_pp.md updated after ETTm2 pred_len=192.

>>> Running ETTm2 pred_len=336 <<<

[RUN] ETTm2 pred_len=336 model_id=PP_ETTm2_96_336
[MD] results_comparison_pp.md updated after ETTm2 pred_len=336.

>>> Running ETTm2 pred_len=720 <<<

[RUN] ETTm2 pred_len=720 model_id=PP_ETTm2_96_720
[MD] results_comparison_pp.md updated after ETTm2 pred_len=720.

>>> Running Weather pred_len=96 <<<

[RUN] Weather pred_len=96 model_id=PP_Weather_96_96
[MD] results_comparison_pp.md updated after Weather pred_len=96.

>>> Running Weather pred_len=192 <<<

[RUN] Weather pred_len=192 model_id=PP_Weather_96_192
[MD] results_comparison_pp.md updated after Weather pred_len=192.

>>> Running Weather pred_len=336 <<<

[RUN] Weather pred_len=336 model_id=PP_Weather_96_336
[MD] results_comparison_pp.md updated after Weather pred_len=336.

>>> Running Weather pred_len=720 <<<

[RUN] Weather pred_len=720 model_id=PP_Weather_96_720
[MD] results_comparison_pp.md updated after Weather pred_len=720.

>>> Running Solar-Energy pred_len=96 <<<

[RUN] Solar-Energy pred_len=96 model_id=PP_Solar-Energy_96_96
[MD] results_comparison_pp.md updated after Solar-Energy pred_len=96.

>>> Running Solar-Energy pred_len=192 <<<

[RUN] Solar-Energy pred_len=192 model_id=PP_Solar-Energy_96_192
