[OK] all 40 configs satisfy the period_len divisibility constraint

>>> [1/40] SparseTSF ETTh1 sl=96 pred_len=96 <<<

[RUN] SparseTSF ETTh1 seq_len=96 pred_len=96 (period_len=24)
      finished in 18.0s
[MD] results_comparison_sparsetsf.md updated.

>>> [2/40] SparseTSF ETTh1 sl=96 pred_len=192 <<<

[RUN] SparseTSF ETTh1 seq_len=96 pred_len=192 (period_len=24)
      finished in 20.2s
[MD] results_comparison_sparsetsf.md updated.

>>> [3/40] SparseTSF ETTh1 sl=96 pred_len=336 <<<

[RUN] SparseTSF ETTh1 seq_len=96 pred_len=336 (period_len=24)
      finished in 17.2s
[MD] results_comparison_sparsetsf.md updated.

>>> [4/40] SparseTSF ETTh1 sl=96 pred_len=720 <<<

[RUN] SparseTSF ETTh1 seq_len=96 pred_len=720 (period_len=24)
      finished in 15.2s
[MD] results_comparison_sparsetsf.md updated.

>>> [5/40] SparseTSF ETTh2 sl=96 pred_len=96 <<<

[RUN] SparseTSF ETTh2 seq_len=96 pred_len=96 (period_len=24)
      finished in 15.5s
[MD] results_comparison_sparsetsf.md updated.

>>> [6/40] SparseTSF ETTh2 sl=96 pred_len=192 <<<

[RUN] SparseTSF ETTh2 seq_len=96 pred_len=192 (period_len=24)
      finished in 15.7s
[MD] results_comparison_sparsetsf.md updated.

>>> [7/40] SparseTSF ETTh2 sl=96 pred_len=336 <<<

[RUN] SparseTSF ETTh2 seq_len=96 pred_len=336 (period_len=24)
      finished in 15.8s
[MD] results_comparison_sparsetsf.md updated.

>>> [8/40] SparseTSF ETTh2 sl=96 pred_len=720 <<<

[RUN] SparseTSF ETTh2 seq_len=96 pred_len=720 (period_len=24)
      finished in 18.6s
[MD] results_comparison_sparsetsf.md updated.

>>> [9/40] SparseTSF ETTm1 sl=96 pred_len=96 <<<

[RUN] SparseTSF ETTm1 seq_len=96 pred_len=96 (period_len=4)
      finished in 36.7s
[MD] results_comparison_sparsetsf.md updated.

>>> [10/40] SparseTSF ETTm1 sl=96 pred_len=192 <<<

[RUN] SparseTSF ETTm1 seq_len=96 pred_len=192 (period_len=4)
      finished in 29.8s
[MD] results_comparison_sparsetsf.md updated.

>>> [11/40] SparseTSF ETTm1 sl=96 pred_len=336 <<<

[RUN] SparseTSF ETTm1 seq_len=96 pred_len=336 (period_len=4)
      finished in 36.1s
[MD] results_comparison_sparsetsf.md updated.

>>> [12/40] SparseTSF ETTm1 sl=96 pred_len=720 <<<

[RUN] SparseTSF ETTm1 seq_len=96 pred_len=720 (period_len=4)
      finished in 61.8s
[MD] results_comparison_sparsetsf.md updated.

>>> [13/40] SparseTSF ETTm2 sl=96 pred_len=96 <<<

[RUN] SparseTSF ETTm2 seq_len=96 pred_len=96 (period_len=4)
      finished in 36.8s
[MD] results_comparison_sparsetsf.md updated.

>>> [14/40] SparseTSF ETTm2 sl=96 pred_len=192 <<<

[RUN] SparseTSF ETTm2 seq_len=96 pred_len=192 (period_len=4)
      finished in 32.4s
[MD] results_comparison_sparsetsf.md updated.

>>> [15/40] SparseTSF ETTm2 sl=96 pred_len=336 <<<

[RUN] SparseTSF ETTm2 seq_len=96 pred_len=336 (period_len=4)
      finished in 39.6s
[MD] results_comparison_sparsetsf.md updated.

>>> [16/40] SparseTSF ETTm2 sl=96 pred_len=720 <<<

[RUN] SparseTSF ETTm2 seq_len=96 pred_len=720 (period_len=4)
      finished in 44.2s
[MD] results_comparison_sparsetsf.md updated.

>>> [17/40] SparseTSF Weather sl=96 pred_len=96 <<<

[RUN] SparseTSF Weather seq_len=96 pred_len=96 (period_len=4)
      finished in 56.2s
[MD] results_comparison_sparsetsf.md updated.

>>> [18/40] SparseTSF Weather sl=96 pred_len=192 <<<

[RUN] SparseTSF Weather seq_len=96 pred_len=192 (period_len=4)
      finished in 48.7s
[MD] results_comparison_sparsetsf.md updated.

>>> [19/40] SparseTSF Weather sl=96 pred_len=336 <<<

[RUN] SparseTSF Weather seq_len=96 pred_len=336 (period_len=4)
      finished in 70.5s
[MD] results_comparison_sparsetsf.md updated.

>>> [20/40] SparseTSF Weather sl=96 pred_len=720 <<<

[RUN] SparseTSF Weather seq_len=96 pred_len=720 (period_len=4)
      finished in 195.4s
[MD] results_comparison_sparsetsf.md updated.

>>> [21/40] SparseTSF ETTh1 sl=720 pred_len=96 <<<

[RUN] SparseTSF ETTh1 seq_len=720 pred_len=96 (period_len=24)
      finished in 36.0s
[MD] results_comparison_sparsetsf.md updated.

>>> [22/40] SparseTSF ETTh1 sl=720 pred_len=192 <<<

[RUN] SparseTSF ETTh1 seq_len=720 pred_len=192 (period_len=24)
      finished in 24.0s
[MD] results_comparison_sparsetsf.md updated.

>>> [23/40] SparseTSF ETTh1 sl=720 pred_len=336 <<<

[RUN] SparseTSF ETTh1 seq_len=720 pred_len=336 (period_len=24)
      finished in 26.2s
[MD] results_comparison_sparsetsf.md updated.

>>> [24/40] SparseTSF ETTh1 sl=720 pred_len=720 <<<

[RUN] SparseTSF ETTh1 seq_len=720 pred_len=720 (period_len=24)
      finished in 26.4s
[MD] results_comparison_sparsetsf.md updated.

>>> [25/40] SparseTSF ETTh2 sl=720 pred_len=96 <<<

[RUN] SparseTSF ETTh2 seq_len=720 pred_len=96 (period_len=24)
      finished in 32.4s
[MD] results_comparison_sparsetsf.md updated.

>>> [26/40] SparseTSF ETTh2 sl=720 pred_len=192 <<<

[RUN] SparseTSF ETTh2 seq_len=720 pred_len=192 (period_len=24)
      finished in 25.3s
[MD] results_comparison_sparsetsf.md updated.

>>> [27/40] SparseTSF ETTh2 sl=720 pred_len=336 <<<

[RUN] SparseTSF ETTh2 seq_len=720 pred_len=336 (period_len=24)
      finished in 33.7s
[MD] results_comparison_sparsetsf.md updated.

>>> [28/40] SparseTSF ETTh2 sl=720 pred_len=720 <<<

[RUN] SparseTSF ETTh2 seq_len=720 pred_len=720 (period_len=24)
      finished in 29.7s
[MD] results_comparison_sparsetsf.md updated.

>>> [29/40] SparseTSF ETTm1 sl=720 pred_len=96 <<<

[RUN] SparseTSF ETTm1 seq_len=720 pred_len=96 (period_len=4)
      finished in 120.8s
[MD] results_comparison_sparsetsf.md updated.

>>> [30/40] SparseTSF ETTm1 sl=720 pred_len=192 <<<

[RUN] SparseTSF ETTm1 seq_len=720 pred_len=192 (period_len=4)
      finished in 114.0s
[MD] results_comparison_sparsetsf.md updated.

>>> [31/40] SparseTSF ETTm1 sl=720 pred_len=336 <<<

[RUN] SparseTSF ETTm1 seq_len=720 pred_len=336 (period_len=4)
      finished in 82.3s
[MD] results_comparison_sparsetsf.md updated.

>>> [32/40] SparseTSF ETTm1 sl=720 pred_len=720 <<<

[RUN] SparseTSF ETTm1 seq_len=720 pred_len=720 (period_len=4)
      finished in 141.0s
[MD] results_comparison_sparsetsf.md updated.

>>> [33/40] SparseTSF ETTm2 sl=720 pred_len=96 <<<

[RUN] SparseTSF ETTm2 seq_len=720 pred_len=96 (period_len=4)
      finished in 111.2s
[MD] results_comparison_sparsetsf.md updated.

>>> [34/40] SparseTSF ETTm2 sl=720 pred_len=192 <<<

[RUN] SparseTSF ETTm2 seq_len=720 pred_len=192 (period_len=4)
      finished in 131.0s
[MD] results_comparison_sparsetsf.md updated.

>>> [35/40] SparseTSF ETTm2 sl=720 pred_len=336 <<<

[RUN] SparseTSF ETTm2 seq_len=720 pred_len=336 (period_len=4)
      finished in 82.9s
[MD] results_comparison_sparsetsf.md updated.

>>> [36/40] SparseTSF ETTm2 sl=720 pred_len=720 <<<

[RUN] SparseTSF ETTm2 seq_len=720 pred_len=720 (period_len=4)
      finished in 124.6s
[MD] results_comparison_sparsetsf.md updated.

>>> [37/40] SparseTSF Weather sl=720 pred_len=96 <<<

[RUN] SparseTSF Weather seq_len=720 pred_len=96 (period_len=4)
      finished in 146.0s
[MD] results_comparison_sparsetsf.md updated.

>>> [38/40] SparseTSF Weather sl=720 pred_len=192 <<<

[RUN] SparseTSF Weather seq_len=720 pred_len=192 (period_len=4)
      finished in 166.6s
[MD] results_comparison_sparsetsf.md updated.

>>> [39/40] SparseTSF Weather sl=720 pred_len=336 <<<

[RUN] SparseTSF Weather seq_len=720 pred_len=336 (period_len=4)
      finished in 138.6s
[MD] results_comparison_sparsetsf.md updated.

>>> [40/40] SparseTSF Weather sl=720 pred_len=720 <<<

[RUN] SparseTSF Weather seq_len=720 pred_len=720 (period_len=4)
      finished in 413.5s
[MD] results_comparison_sparsetsf.md updated.

[DONE] SparseTSF benchmark complete.
