
>>> [1/10] EthanolConcentration <<<

[RUN] SparseTSF EthanolConcentration
      finished in 25.6s

>>> [2/10] FaceDetection <<<

[RUN] SparseTSF FaceDetection
      finished in 986.3s

>>> [3/10] Handwriting <<<

[RUN] SparseTSF Handwriting
      finished in 28.5s

>>> [4/10] Heartbeat <<<

[RUN] SparseTSF Heartbeat
      finished in 42.6s

>>> [5/10] JapaneseVowels <<<

[RUN] SparseTSF JapaneseVowels
      finished in 24.6s

>>> [6/10] PEMS-SF <<<

[RUN] SparseTSF PEMS-SF
      finished in 333.5s

>>> [7/10] SelfRegulationSCP1 <<<

[RUN] SparseTSF SelfRegulationSCP1
      finished in 23.5s

>>> [8/10] SelfRegulationSCP2 <<<

[RUN] SparseTSF SelfRegulationSCP2
      finished in 20.1s

>>> [9/10] SpokenArabicDigits <<<

[RUN] SparseTSF SpokenArabicDigits
      finished in 173.5s

>>> [10/10] UWaveGestureLibrary <<<

[RUN] SparseTSF UWaveGestureLibrary
      finished in 15.5s

[DONE] Classification benchmark complete.
