
>>> [1/24] ETTh1 pred_len=96 <<<

[RUN] ETTh1 pred_len=96 (percent=10)
      finished in 22.8s

>>> [2/24] ETTh1 pred_len=192 <<<

[RUN] ETTh1 pred_len=192 (percent=10)
      finished in 16.8s

>>> [3/24] ETTh1 pred_len=336 <<<

[RUN] ETTh1 pred_len=336 (percent=10)
      finished in 18.3s

>>> [4/24] ETTh1 pred_len=720 <<<

[RUN] ETTh1 pred_len=720 (percent=10)
      finished in 4.8s

>>> [5/24] ETTh2 pred_len=96 <<<

[RUN] ETTh2 pred_len=96 (percent=10)
      finished in 13.0s

>>> [6/24] ETTh2 pred_len=192 <<<

[RUN] ETTh2 pred_len=192 (percent=10)
      finished in 17.1s

>>> [7/24] ETTh2 pred_len=336 <<<

[RUN] ETTh2 pred_len=336 (percent=10)
      finished in 16.5s

>>> [8/24] ETTh2 pred_len=720 <<<

[RUN] ETTh2 pred_len=720 (percent=10)
      finished in 4.8s

>>> [9/24] ETTm1 pred_len=96 <<<

[RUN] ETTm1 pred_len=96 (percent=10)
      finished in 43.1s

>>> [10/24] ETTm1 pred_len=192 <<<

[RUN] ETTm1 pred_len=192 (percent=10)
      finished in 51.8s

>>> [11/24] ETTm1 pred_len=336 <<<

[RUN] ETTm1 pred_len=336 (percent=10)
      finished in 62.0s

>>> [12/24] ETTm1 pred_len=720 <<<

[RUN] ETTm1 pred_len=720 (percent=10)
      finished in 61.8s

>>> [13/24] ETTm2 pred_len=96 <<<

[RUN] ETTm2 pred_len=96 (percent=10)
      finished in 42.9s

>>> [14/24] ETTm2 pred_len=192 <<<

[RUN] ETTm2 pred_len=192 (percent=10)
      finished in 50.9s

>>> [15/24] ETTm2 pred_len=336 <<<

[RUN] ETTm2 pred_len=336 (percent=10)
      finished in 64.4s

>>> [16/24] ETTm2 pred_len=720 <<<

[RUN] ETTm2 pred_len=720 (percent=10)
      finished in 85.5s

>>> [17/24] Weather pred_len=96 <<<

[RUN] Weather pred_len=96 (percent=10)
      finished in 33.8s

>>> [18/24] Weather pred_len=192 <<<

[RUN] Weather pred_len=192 (percent=10)
      finished in 57.7s

>>> [19/24] Weather pred_len=336 <<<

[RUN] Weather pred_len=336 (percent=10)
      finished in 48.0s

>>> [20/24] Weather pred_len=720 <<<

[RUN] Weather pred_len=720 (percent=10)
      finished in 91.8s

>>> [21/24] Electricity pred_len=96 <<<

[RUN] Electricity pred_len=96 (percent=10)
      finished in 175.1s

>>> [22/24] Electricity pred_len=192 <<<

[RUN] Electricity pred_len=192 (percent=10)
      finished in 359.4s

>>> [23/24] Electricity pred_len=336 <<<

[RUN] Electricity pred_len=336 (percent=10)
      finished in 277.7s

>>> [24/24] Electricity pred_len=720 <<<

[RUN] Electricity pred_len=720 (percent=10)
      finished in 1102.8s

[DONE] Few-shot benchmark complete.
