
>>> [1/24] ETTh1 pred_len=96 <<<

[RUN] ETTh1 pred_len=96 (percent=10)
      finished in 26.0s

>>> [2/24] ETTh1 pred_len=192 <<<

[RUN] ETTh1 pred_len=192 (percent=10)
      finished in 14.6s

>>> [3/24] ETTh1 pred_len=336 <<<

[RUN] ETTh1 pred_len=336 (percent=10)
      finished in 13.8s

>>> [4/24] ETTh1 pred_len=720 <<<

[RUN] ETTh1 pred_len=720 (percent=10)
      finished in 12.4s

>>> [5/24] ETTh2 pred_len=96 <<<

[RUN] ETTh2 pred_len=96 (percent=10)
      finished in 15.3s

>>> [6/24] ETTh2 pred_len=192 <<<

[RUN] ETTh2 pred_len=192 (percent=10)
      finished in 14.5s

>>> [7/24] ETTh2 pred_len=336 <<<

[RUN] ETTh2 pred_len=336 (percent=10)
      finished in 15.5s

>>> [8/24] ETTh2 pred_len=720 <<<

[RUN] ETTh2 pred_len=720 (percent=10)
      finished in 12.1s

>>> [9/24] ETTm1 pred_len=96 <<<

[RUN] ETTm1 pred_len=96 (percent=10)
      finished in 25.2s

>>> [10/24] ETTm1 pred_len=192 <<<

[RUN] ETTm1 pred_len=192 (percent=10)
      finished in 49.7s

>>> [11/24] ETTm1 pred_len=336 <<<

[RUN] ETTm1 pred_len=336 (percent=10)
      finished in 39.8s

>>> [12/24] ETTm1 pred_len=720 <<<

[RUN] ETTm1 pred_len=720 (percent=10)
      finished in 58.7s

>>> [13/24] ETTm2 pred_len=96 <<<

[RUN] ETTm2 pred_len=96 (percent=10)
      finished in 33.8s

>>> [14/24] ETTm2 pred_len=192 <<<

[RUN] ETTm2 pred_len=192 (percent=10)
      finished in 29.1s

>>> [15/24] ETTm2 pred_len=336 <<<

[RUN] ETTm2 pred_len=336 (percent=10)
      finished in 33.7s

>>> [16/24] ETTm2 pred_len=720 <<<

[RUN] ETTm2 pred_len=720 (percent=10)
      finished in 74.9s

>>> [17/24] Weather pred_len=96 <<<

[RUN] Weather pred_len=96 (percent=10)
      finished in 37.6s

>>> [18/24] Weather pred_len=192 <<<

[RUN] Weather pred_len=192 (percent=10)
      finished in 30.0s

>>> [19/24] Weather pred_len=336 <<<

[RUN] Weather pred_len=336 (percent=10)
      finished in 32.7s

>>> [20/24] Weather pred_len=720 <<<

[RUN] Weather pred_len=720 (percent=10)
      finished in 58.7s

>>> [21/24] Electricity pred_len=96 <<<

[RUN] Electricity pred_len=96 (percent=10)
      finished in 127.5s

>>> [22/24] Electricity pred_len=192 <<<

[RUN] Electricity pred_len=192 (percent=10)
      finished in 220.0s

>>> [23/24] Electricity pred_len=336 <<<

[RUN] Electricity pred_len=336 (percent=10)
      finished in 322.1s
[SKIP 24/24] Electricity pred=720 — excluded (see SKIP note)

[DONE] Few-shot benchmark complete.
