[SKIP 1/24] ETTh1 pred=96 (done, MSE=0.689469)
[SKIP 2/24] ETTh1 pred=192 (done, MSE=0.526701)
[SKIP 3/24] ETTh1 pred=336 (done, MSE=0.545508)

>>> [4/24] ETTh1 pred_len=720 <<<

[RUN] ETTh1 pred_len=720 (percent=10)
      finished in 4.5s
[SKIP 5/24] ETTh2 pred=96 (done, MSE=0.350140)
[SKIP 6/24] ETTh2 pred=192 (done, MSE=0.389734)
[SKIP 7/24] ETTh2 pred=336 (done, MSE=0.415998)

>>> [8/24] ETTh2 pred_len=720 <<<

[RUN] ETTh2 pred_len=720 (percent=10)
      finished in 4.5s
[SKIP 9/24] ETTm1 pred=96 (done, MSE=0.502593)
[SKIP 10/24] ETTm1 pred=192 (done, MSE=0.488692)
[SKIP 11/24] ETTm1 pred=336 (done, MSE=0.504844)
[SKIP 12/24] ETTm1 pred=720 (done, MSE=0.550658)
[SKIP 13/24] ETTm2 pred=96 (done, MSE=0.188960)
[SKIP 14/24] ETTm2 pred=192 (done, MSE=0.251824)
[SKIP 15/24] ETTm2 pred=336 (done, MSE=0.313758)
[SKIP 16/24] ETTm2 pred=720 (done, MSE=0.408648)
[SKIP 17/24] Weather pred=96 (done, MSE=0.192372)
[SKIP 18/24] Weather pred=192 (done, MSE=0.239862)
[SKIP 19/24] Weather pred=336 (done, MSE=0.291005)
[SKIP 20/24] Weather pred=720 (done, MSE=0.361891)
[SKIP 21/24] Electricity pred=96 (done, MSE=0.233977)

>>> [22/24] Electricity pred_len=192 <<<

[RUN] Electricity pred_len=192 (percent=10)
      finished in 210.1s
[SKIP 23/24] Electricity pred=336 (done, MSE=0.251260)

>>> [24/24] Electricity pred_len=720 <<<

[RUN] Electricity pred_len=720 (percent=10)
      finished in 760.8s

[DONE] Few-shot benchmark complete.
