[SKIP 1/24] SparseTSF ETTh1 mask=0.125 (done, MSE=0.113335)
[SKIP 2/24] SparseTSF ETTh1 mask=0.25 (done, MSE=0.146550)
[SKIP 3/24] SparseTSF ETTh1 mask=0.375 (done, MSE=0.179265)
[SKIP 4/24] SparseTSF ETTh1 mask=0.5 (done, MSE=0.214076)
[SKIP 5/24] SparseTSF ETTh2 mask=0.125 (done, MSE=0.058744)
[SKIP 6/24] SparseTSF ETTh2 mask=0.25 (done, MSE=0.066180)
[SKIP 7/24] SparseTSF ETTh2 mask=0.375 (done, MSE=0.073772)
[SKIP 8/24] SparseTSF ETTh2 mask=0.5 (done, MSE=0.082488)
[SKIP 9/24] SparseTSF ETTm1 mask=0.125 (done, MSE=0.048898)
[SKIP 10/24] SparseTSF ETTm1 mask=0.25 (done, MSE=0.062403)
[SKIP 11/24] SparseTSF ETTm1 mask=0.375 (done, MSE=0.078078)
[SKIP 12/24] SparseTSF ETTm1 mask=0.5 (done, MSE=0.096544)
[SKIP 13/24] SparseTSF ETTm2 mask=0.125 (done, MSE=0.026657)
[SKIP 14/24] SparseTSF ETTm2 mask=0.25 (done, MSE=0.030221)
[SKIP 15/24] SparseTSF ETTm2 mask=0.375 (done, MSE=0.034499)
[SKIP 16/24] SparseTSF ETTm2 mask=0.5 (done, MSE=0.039384)
[SKIP 17/24] SparseTSF Weather mask=0.125 (done, MSE=0.029147)
[SKIP 18/24] SparseTSF Weather mask=0.25 (done, MSE=0.032362)
[SKIP 19/24] SparseTSF Weather mask=0.375 (done, MSE=0.035990)
[SKIP 20/24] SparseTSF Weather mask=0.5 (done, MSE=0.040054)

>>> [21/24] SparseTSF Electricity mask_rate=0.125 <<<

[RUN] SparseTSF Electricity mask_rate=0.125
      finished in 271.0s
[MD] results_comparison_imputation.md updated.

>>> [22/24] SparseTSF Electricity mask_rate=0.25 <<<

[RUN] SparseTSF Electricity mask_rate=0.25
      finished in 270.2s
[MD] results_comparison_imputation.md updated.

>>> [23/24] SparseTSF Electricity mask_rate=0.375 <<<

[RUN] SparseTSF Electricity mask_rate=0.375
      finished in 278.6s
[MD] results_comparison_imputation.md updated.

>>> [24/24] SparseTSF Electricity mask_rate=0.5 <<<

[RUN] SparseTSF Electricity mask_rate=0.5
      finished in 320.1s
[MD] results_comparison_imputation.md updated.

[DONE] Imputation benchmark complete.
