[SKIP 1/40] SparseTSF ETTh1 mask=0.125 (done, MSE=0.113335)
[SKIP 2/40] TimeMixer ETTh1 mask=0.125 (done, MSE=0.096742)
[SKIP 3/40] SparseTSF ETTh1 mask=0.25 (done, MSE=0.146550)
[SKIP 4/40] TimeMixer ETTh1 mask=0.25 (done, MSE=0.111707)
[SKIP 5/40] SparseTSF ETTh1 mask=0.375 (done, MSE=0.179265)
[SKIP 6/40] TimeMixer ETTh1 mask=0.375 (done, MSE=0.125347)
[SKIP 7/40] SparseTSF ETTh1 mask=0.5 (done, MSE=0.214076)
[SKIP 8/40] TimeMixer ETTh1 mask=0.5 (done, MSE=0.146432)
[SKIP 9/40] SparseTSF ETTh2 mask=0.125 (done, MSE=0.058744)
[SKIP 10/40] TimeMixer ETTh2 mask=0.125 (done, MSE=0.058530)
[SKIP 11/40] SparseTSF ETTh2 mask=0.25 (done, MSE=0.066180)

>>> [12/40] TimeMixer ETTh2 mask_rate=0.25 <<<

[RUN] TimeMixer ETTh2 mask_rate=0.25
      finished in 324.5s
[MD] results_comparison_imputation.md updated.
[SKIP 13/40] SparseTSF ETTh2 mask=0.375 (done, MSE=0.073772)

>>> [14/40] TimeMixer ETTh2 mask_rate=0.375 <<<

[RUN] TimeMixer ETTh2 mask_rate=0.375
      finished in 310.3s
[MD] results_comparison_imputation.md updated.

>>> [15/40] SparseTSF ETTh2 mask_rate=0.5 <<<

[RUN] SparseTSF ETTh2 mask_rate=0.5
      finished in 68.8s
[MD] results_comparison_imputation.md updated.

>>> [16/40] TimeMixer ETTh2 mask_rate=0.5 <<<

[RUN] TimeMixer ETTh2 mask_rate=0.5
      finished in 285.0s
[MD] results_comparison_imputation.md updated.

>>> [17/40] SparseTSF ETTm1 mask_rate=0.125 <<<

[RUN] SparseTSF ETTm1 mask_rate=0.125
      finished in 284.1s
[MD] results_comparison_imputation.md updated.

>>> [18/40] TimeMixer ETTm1 mask_rate=0.125 <<<

[RUN] TimeMixer ETTm1 mask_rate=0.125
      finished in 1046.6s
[MD] results_comparison_imputation.md updated.

>>> [19/40] SparseTSF ETTm1 mask_rate=0.25 <<<

[RUN] SparseTSF ETTm1 mask_rate=0.25
      finished in 184.3s
[MD] results_comparison_imputation.md updated.

>>> [20/40] TimeMixer ETTm1 mask_rate=0.25 <<<

[RUN] TimeMixer ETTm1 mask_rate=0.25
      finished in 919.2s
[MD] results_comparison_imputation.md updated.

>>> [21/40] SparseTSF ETTm1 mask_rate=0.375 <<<

[RUN] SparseTSF ETTm1 mask_rate=0.375
      finished in 185.8s
[MD] results_comparison_imputation.md updated.

>>> [22/40] TimeMixer ETTm1 mask_rate=0.375 <<<

[RUN] TimeMixer ETTm1 mask_rate=0.375
      finished in 1006.0s
[MD] results_comparison_imputation.md updated.

>>> [23/40] SparseTSF ETTm1 mask_rate=0.5 <<<

[RUN] SparseTSF ETTm1 mask_rate=0.5
      finished in 179.7s
[MD] results_comparison_imputation.md updated.

>>> [24/40] TimeMixer ETTm1 mask_rate=0.5 <<<

[RUN] TimeMixer ETTm1 mask_rate=0.5
      finished in 879.5s
[MD] results_comparison_imputation.md updated.

>>> [25/40] SparseTSF ETTm2 mask_rate=0.125 <<<

[RUN] SparseTSF ETTm2 mask_rate=0.125
      finished in 177.9s
[MD] results_comparison_imputation.md updated.

>>> [26/40] TimeMixer ETTm2 mask_rate=0.125 <<<

[RUN] TimeMixer ETTm2 mask_rate=0.125
      finished in 894.0s
[MD] results_comparison_imputation.md updated.

>>> [27/40] SparseTSF ETTm2 mask_rate=0.25 <<<

[RUN] SparseTSF ETTm2 mask_rate=0.25
      finished in 182.4s
[MD] results_comparison_imputation.md updated.

>>> [28/40] TimeMixer ETTm2 mask_rate=0.25 <<<

[RUN] TimeMixer ETTm2 mask_rate=0.25
      finished in 952.3s
[MD] results_comparison_imputation.md updated.

>>> [29/40] SparseTSF ETTm2 mask_rate=0.375 <<<

[RUN] SparseTSF ETTm2 mask_rate=0.375
      finished in 193.2s
[MD] results_comparison_imputation.md updated.

>>> [30/40] TimeMixer ETTm2 mask_rate=0.375 <<<

[RUN] TimeMixer ETTm2 mask_rate=0.375
      finished in 983.9s
[MD] results_comparison_imputation.md updated.

>>> [31/40] SparseTSF ETTm2 mask_rate=0.5 <<<

[RUN] SparseTSF ETTm2 mask_rate=0.5
      finished in 188.7s
[MD] results_comparison_imputation.md updated.

>>> [32/40] TimeMixer ETTm2 mask_rate=0.5 <<<

[RUN] TimeMixer ETTm2 mask_rate=0.5
      finished in 903.6s
[MD] results_comparison_imputation.md updated.

>>> [33/40] SparseTSF Weather mask_rate=0.125 <<<

[RUN] SparseTSF Weather mask_rate=0.125
      finished in 186.6s
[MD] results_comparison_imputation.md updated.

>>> [34/40] TimeMixer Weather mask_rate=0.125 <<<

[RUN] TimeMixer Weather mask_rate=0.125
      finished in 949.5s
[MD] results_comparison_imputation.md updated.

>>> [35/40] SparseTSF Weather mask_rate=0.25 <<<

[RUN] SparseTSF Weather mask_rate=0.25
      finished in 197.1s
[MD] results_comparison_imputation.md updated.

>>> [36/40] TimeMixer Weather mask_rate=0.25 <<<

[RUN] TimeMixer Weather mask_rate=0.25
      finished in 1039.7s
[MD] results_comparison_imputation.md updated.

>>> [37/40] SparseTSF Weather mask_rate=0.375 <<<

[RUN] SparseTSF Weather mask_rate=0.375
      finished in 202.0s
[MD] results_comparison_imputation.md updated.

>>> [38/40] TimeMixer Weather mask_rate=0.375 <<<

[RUN] TimeMixer Weather mask_rate=0.375
      finished in 910.0s
[MD] results_comparison_imputation.md updated.

>>> [39/40] SparseTSF Weather mask_rate=0.5 <<<

[RUN] SparseTSF Weather mask_rate=0.5
      finished in 180.9s
[MD] results_comparison_imputation.md updated.

>>> [40/40] TimeMixer Weather mask_rate=0.5 <<<

[RUN] TimeMixer Weather mask_rate=0.5
      finished in 909.4s
[MD] results_comparison_imputation.md updated.

[DONE] Imputation benchmark complete.
