[1/19] [RUN] Weather period_len=4
      done in 111s
[OK] wrote reports\results_period_sensitivity.md
[2/19] [RUN] Weather period_len=8
      done in 87s
[OK] wrote reports\results_period_sensitivity.md
[3/19] [RUN] Weather period_len=12
      done in 77s
[OK] wrote reports\results_period_sensitivity.md
[4/19] [RUN] Weather period_len=24
      done in 136s
[OK] wrote reports\results_period_sensitivity.md
[5/19] [RUN] Weather period_len=48
      done in 81s
[OK] wrote reports\results_period_sensitivity.md
[6/19] [RUN] ETTm1 period_len=4
      done in 53s
[OK] wrote reports\results_period_sensitivity.md
[7/19] [RUN] ETTm1 period_len=8
      done in 45s
[OK] wrote reports\results_period_sensitivity.md
[8/19] [RUN] ETTm1 period_len=12
      done in 39s
[OK] wrote reports\results_period_sensitivity.md
[9/19] [RUN] ETTm1 period_len=24
      done in 34s
[OK] wrote reports\results_period_sensitivity.md
[10/19] [RUN] ETTm1 period_len=48
      done in 50s
[OK] wrote reports\results_period_sensitivity.md
[11/19] [RUN] ETTh1 period_len=24
      done in 26s
[OK] wrote reports\results_period_sensitivity.md
[12/19] [RUN] ETTh1 period_len=12
      done in 30s
[OK] wrote reports\results_period_sensitivity.md
[13/19] [RUN] ETTh1 period_len=48
      done in 23s
[OK] wrote reports\results_period_sensitivity.md
[14/19] [RUN] PEMS08 period_len=12
      done in 58s
[OK] wrote reports\results_period_sensitivity.md
[15/19] [RUN] PEMS08 period_len=6
      done in 68s
[OK] wrote reports\results_period_sensitivity.md
[16/19] [RUN] PEMS08 period_len=4
      done in 79s
[OK] wrote reports\results_period_sensitivity.md
[17/19] [RUN] PEMS08 period_len=3
      done in 77s
[OK] wrote reports\results_period_sensitivity.md
[18/19] [RUN] PEMS08 period_len=2
      done in 74s
[OK] wrote reports\results_period_sensitivity.md
[19/19] [RUN] PEMS08 period_len=1
      done in 79s
[OK] wrote reports\results_period_sensitivity.md
[OK] wrote reports\results_period_sensitivity.md
[DONE] period sensitivity probe complete
