[1/40] [RUN] EthanolConcentration flat
      done in 38s
[OK] wrote reports\results_sparsetsf_plus_classification.md
[2/40] [RUN] EthanolConcentration flatfix
      done in 29s
[OK] wrote reports\results_sparsetsf_plus_classification.md
[3/40] [RUN] EthanolConcentration stats
      done in 39s
[OK] wrote reports\results_sparsetsf_plus_classification.md
[4/40] [RUN] EthanolConcentration stats_p25
      done in 28s
[OK] wrote reports\results_sparsetsf_plus_classification.md
[5/40] [RUN] FaceDetection flat
      done in 897s
[OK] wrote reports\results_sparsetsf_plus_classification.md
[6/40] [RUN] FaceDetection flatfix
      done in 956s
[OK] wrote reports\results_sparsetsf_plus_classification.md
[7/40] [RUN] FaceDetection stats
      done in 829s
[OK] wrote reports\results_sparsetsf_plus_classification.md
[8/40] [RUN] FaceDetection stats_p25
      done in 700s
[OK] wrote reports\results_sparsetsf_plus_classification.md
[9/40] [RUN] Handwriting flat
      done in 19s
[OK] wrote reports\results_sparsetsf_plus_classification.md
[10/40] [RUN] Handwriting flatfix
      done in 18s
[OK] wrote reports\results_sparsetsf_plus_classification.md
[SKIP 11/40] Handwriting stats
[12/40] [RUN] Handwriting stats_p25
      done in 20s
[OK] wrote reports\results_sparsetsf_plus_classification.md
[13/40] [RUN] Heartbeat flat
      done in 29s
[OK] wrote reports\results_sparsetsf_plus_classification.md
[14/40] [RUN] Heartbeat flatfix
      done in 29s
[OK] wrote reports\results_sparsetsf_plus_classification.md
[15/40] [RUN] Heartbeat stats
      done in 33s
[OK] wrote reports\results_sparsetsf_plus_classification.md
[16/40] [RUN] Heartbeat stats_p25
      done in 33s
[OK] wrote reports\results_sparsetsf_plus_classification.md
[17/40] [RUN] JapaneseVowels flat
      done in 16s
[OK] wrote reports\results_sparsetsf_plus_classification.md
[18/40] [RUN] JapaneseVowels flatfix
      done in 16s
[OK] wrote reports\results_sparsetsf_plus_classification.md
[19/40] [RUN] JapaneseVowels stats
      done in 17s
[OK] wrote reports\results_sparsetsf_plus_classification.md
[20/40] [RUN] JapaneseVowels stats_p25
      done in 17s
[OK] wrote reports\results_sparsetsf_plus_classification.md
[21/40] [RUN] PEMS-SF flat
      done in 249s
[OK] wrote reports\results_sparsetsf_plus_classification.md
[22/40] [RUN] PEMS-SF flatfix
      done in 249s
[OK] wrote reports\results_sparsetsf_plus_classification.md
[23/40] [RUN] PEMS-SF stats
      done in 248s
[OK] wrote reports\results_sparsetsf_plus_classification.md
[24/40] [RUN] PEMS-SF stats_p25
      done in 247s
[OK] wrote reports\results_sparsetsf_plus_classification.md
[25/40] [RUN] SelfRegulationSCP1 flat
      done in 15s
[OK] wrote reports\results_sparsetsf_plus_classification.md
[26/40] [RUN] SelfRegulationSCP1 flatfix
      done in 15s
[OK] wrote reports\results_sparsetsf_plus_classification.md
[27/40] [RUN] SelfRegulationSCP1 stats
      done in 14s
[OK] wrote reports\results_sparsetsf_plus_classification.md
[28/40] [RUN] SelfRegulationSCP1 stats_p25
      done in 14s
[OK] wrote reports\results_sparsetsf_plus_classification.md
[29/40] [RUN] SelfRegulationSCP2 flat
      done in 13s
[OK] wrote reports\results_sparsetsf_plus_classification.md
[30/40] [RUN] SelfRegulationSCP2 flatfix
      done in 13s
[OK] wrote reports\results_sparsetsf_plus_classification.md
[31/40] [RUN] SelfRegulationSCP2 stats
      done in 13s
[OK] wrote reports\results_sparsetsf_plus_classification.md
[32/40] [RUN] SelfRegulationSCP2 stats_p25
      done in 16s
[OK] wrote reports\results_sparsetsf_plus_classification.md
[33/40] [RUN] SpokenArabicDigits flat
      done in 145s
[OK] wrote reports\results_sparsetsf_plus_classification.md
[34/40] [RUN] SpokenArabicDigits flatfix
      done in 146s
[OK] wrote reports\results_sparsetsf_plus_classification.md
[35/40] [RUN] SpokenArabicDigits stats
      done in 161s
[OK] wrote reports\results_sparsetsf_plus_classification.md
[36/40] [RUN] SpokenArabicDigits stats_p25
      done in 164s
[OK] wrote reports\results_sparsetsf_plus_classification.md
[37/40] [RUN] UWaveGestureLibrary flat
      done in 11s
[OK] wrote reports\results_sparsetsf_plus_classification.md
[38/40] [RUN] UWaveGestureLibrary flatfix
      done in 12s
[OK] wrote reports\results_sparsetsf_plus_classification.md
[39/40] [RUN] UWaveGestureLibrary stats
      done in 11s
[OK] wrote reports\results_sparsetsf_plus_classification.md
[40/40] [RUN] UWaveGestureLibrary stats_p25
      done in 12s
[OK] wrote reports\results_sparsetsf_plus_classification.md
[OK] wrote reports\results_sparsetsf_plus_classification.md
[DONE] classification ablation complete
