[1/24] [RUN] ETTh1 mask=0.125 passes2
      done in 59s
[OK] wrote reports\results_sparsetsf_plus_ablation.md
[2/24] [RUN] ETTh1 mask=0.125 u5
      done in 58s
[OK] wrote reports\results_sparsetsf_plus_ablation.md
[3/24] [RUN] ETTh1 mask=0.125 all
      done in 58s
[OK] wrote reports\results_sparsetsf_plus_ablation.md
[4/24] [RUN] ETTh1 mask=0.25 passes2
      done in 51s
[OK] wrote reports\results_sparsetsf_plus_ablation.md
[5/24] [RUN] ETTh1 mask=0.25 u5
      done in 66s
[OK] wrote reports\results_sparsetsf_plus_ablation.md
[6/24] [RUN] ETTh1 mask=0.25 all
      done in 67s
[OK] wrote reports\results_sparsetsf_plus_ablation.md
[7/24] [RUN] ETTh1 mask=0.375 passes2
      done in 57s
[OK] wrote reports\results_sparsetsf_plus_ablation.md
[8/24] [RUN] ETTh1 mask=0.375 u5
      done in 61s
[OK] wrote reports\results_sparsetsf_plus_ablation.md
[9/24] [RUN] ETTh1 mask=0.375 all
      done in 64s
[OK] wrote reports\results_sparsetsf_plus_ablation.md
[SKIP 10/24] ETTh1 mask=0.5 passes2
[SKIP 11/24] ETTh1 mask=0.5 u5
[SKIP 12/24] ETTh1 mask=0.5 all
[13/24] [RUN] ETTm1 mask=0.125 passes2
      done in 226s
[OK] wrote reports\results_sparsetsf_plus_ablation.md
[14/24] [RUN] ETTm1 mask=0.125 u5
      done in 214s
[OK] wrote reports\results_sparsetsf_plus_ablation.md
[15/24] [RUN] ETTm1 mask=0.125 all
      done in 231s
[OK] wrote reports\results_sparsetsf_plus_ablation.md
[16/24] [RUN] ETTm1 mask=0.25 passes2
      done in 228s
[OK] wrote reports\results_sparsetsf_plus_ablation.md
[17/24] [RUN] ETTm1 mask=0.25 u5
      done in 265s
[OK] wrote reports\results_sparsetsf_plus_ablation.md
[18/24] [RUN] ETTm1 mask=0.25 all
      done in 228s
[OK] wrote reports\results_sparsetsf_plus_ablation.md
[19/24] [RUN] ETTm1 mask=0.375 passes2
      done in 198s
[OK] wrote reports\results_sparsetsf_plus_ablation.md
[20/24] [RUN] ETTm1 mask=0.375 u5
      done in 207s
[OK] wrote reports\results_sparsetsf_plus_ablation.md
[21/24] [RUN] ETTm1 mask=0.375 all
      done in 228s
[OK] wrote reports\results_sparsetsf_plus_ablation.md
[SKIP 22/24] ETTm1 mask=0.5 passes2
[SKIP 23/24] ETTm1 mask=0.5 u5
[SKIP 24/24] ETTm1 mask=0.5 all
[OK] wrote reports\results_sparsetsf_plus_ablation.md
[DONE] imputation ablation complete
