
>>> [1/24] ETTh1 -> ETTh2 pred_len=96 <<<
      ETTh1->ETTh2 pred=96 done in 93.3s

>>> [2/24] ETTh1 -> ETTh2 pred_len=192 <<<
      ETTh1->ETTh2 pred=192 done in 28.1s

>>> [3/24] ETTh1 -> ETTh2 pred_len=336 <<<
      ETTh1->ETTh2 pred=336 done in 27.4s

>>> [4/24] ETTh1 -> ETTh2 pred_len=720 <<<
      ETTh1->ETTh2 pred=720 done in 27.0s

>>> [5/24] ETTh1 -> ETTm2 pred_len=96 <<<
      ETTh1->ETTm2 pred=96 done in 26.5s

>>> [6/24] ETTh1 -> ETTm2 pred_len=192 <<<
      ETTh1->ETTm2 pred=192 done in 28.6s

>>> [7/24] ETTh1 -> ETTm2 pred_len=336 <<<
      ETTh1->ETTm2 pred=336 done in 28.8s

>>> [8/24] ETTh1 -> ETTm2 pred_len=720 <<<
      ETTh1->ETTm2 pred=720 done in 29.6s

>>> [9/24] ETTh2 -> ETTh1 pred_len=96 <<<
      ETTh2->ETTh1 pred=96 done in 28.0s

>>> [10/24] ETTh2 -> ETTh1 pred_len=192 <<<
      ETTh2->ETTh1 pred=192 done in 28.7s

>>> [11/24] ETTh2 -> ETTh1 pred_len=336 <<<
      ETTh2->ETTh1 pred=336 done in 29.8s

>>> [12/24] ETTh2 -> ETTh1 pred_len=720 <<<
      ETTh2->ETTh1 pred=720 done in 32.5s

>>> [13/24] ETTm1 -> ETTh2 pred_len=96 <<<
      ETTm1->ETTh2 pred=96 done in 54.9s

>>> [14/24] ETTm1 -> ETTh2 pred_len=192 <<<
      ETTm1->ETTh2 pred=192 done in 47.4s

>>> [15/24] ETTm1 -> ETTh2 pred_len=336 <<<
      ETTm1->ETTh2 pred=336 done in 54.8s

>>> [16/24] ETTm1 -> ETTh2 pred_len=720 <<<
      ETTm1->ETTh2 pred=720 done in 89.6s

>>> [17/24] ETTm1 -> ETTm2 pred_len=96 <<<
      ETTm1->ETTm2 pred=96 done in 59.6s

>>> [18/24] ETTm1 -> ETTm2 pred_len=192 <<<
      ETTm1->ETTm2 pred=192 done in 49.7s

>>> [19/24] ETTm1 -> ETTm2 pred_len=336 <<<
      ETTm1->ETTm2 pred=336 done in 56.8s

>>> [20/24] ETTm1 -> ETTm2 pred_len=720 <<<
      ETTm1->ETTm2 pred=720 done in 95.9s

>>> [21/24] ETTm2 -> ETTm1 pred_len=96 <<<
      ETTm2->ETTm1 pred=96 done in 60.4s

>>> [22/24] ETTm2 -> ETTm1 pred_len=192 <<<
      ETTm2->ETTm1 pred=192 done in 54.1s

>>> [23/24] ETTm2 -> ETTm1 pred_len=336 <<<
      ETTm2->ETTm1 pred=336 done in 64.1s

>>> [24/24] ETTm2 -> ETTm1 pred_len=720 <<<
      ETTm2->ETTm1 pred=720 done in 72.1s

[DONE] Zero-shot benchmark complete.
