Args in experiment:
Namespace(activation='gelu', anomaly_ratio=0.25, batch_size=256, c_out=7, channel_independence=1, checkpoints='./checkpoints/', comment='none', d_ff=32, d_layers=1, d_model=128, data='ETTh2', data_path='ETTh2.csv', dec_in=7, decomp_method='moving_avg', des='Sparse', devices='0,1', distil=True, down_sampling_layers=0, down_sampling_method='avg', down_sampling_window=1, drop_last=True, dropout=0.1, e_layers=2, embed='timeF', emissions_file='emissions.csv', emissions_output_dir='.', enc_in=7, factor=1, features='M', freq='h', gpu=0, inverse=False, is_training=1, itr=1, label_len=0, learning_rate=0.02, loss='MSE', lradj='type3', mask_rate=0.125, model='SparseTSF', model_id='SPARSE_ETTh2_720_96', model_type='linear', moving_avg=25, n_heads=8, num_kernels=6, num_workers=0, output_attention=False, p_hidden_dims=[128, 128], p_hidden_layers=2, patience=5, pct_start=0.2, period_len=24, pred_len=96, root_path='<workspace>\\dataset\\ETT-small', seasonal_patterns='Monthly', seq_len=720, target='OT', task_name='long_term_forecast', top_k=5, track_emissions=0, train_epochs=30, use_amp=False, use_future_temporal_feature=0, use_gpu=True, use_multi_gpu=False, use_norm=1)
Use GPU: cuda:0
>>>>>>>start training : long_term_forecast_SPARSE_ETTh2_720_96_none_SparseTSF_ETTh2_sl720_pl96_dm128_nh8_el2_dl1_df32_fc1_ebtimeF_dtTrue_Sparse_0>>>>>>>>>>>>>>>>>>>>>>>>>>
train 7825
val 2785
test 2785
Epoch: 1 cost time: 3.8183281421661377
Epoch: 1, Steps: 30 | Train Loss: 0.7593776 Vali Loss: 0.4519881 Test Loss: 0.3807256
Validation loss decreased (inf --> 0.451988).  Saving model ...
Updating learning rate to 0.02
Epoch: 2 cost time: 1.3081886768341064
Epoch: 2, Steps: 30 | Train Loss: 0.6732632 Vali Loss: 0.3002867 Test Loss: 0.3187259
Validation loss decreased (0.451988 --> 0.300287).  Saving model ...
Updating learning rate to 0.02
Epoch: 3 cost time: 1.1037354469299316
Epoch: 3, Steps: 30 | Train Loss: 0.4899855 Vali Loss: 0.2430181 Test Loss: 0.2901702
Validation loss decreased (0.300287 --> 0.243018).  Saving model ...
Updating learning rate to 0.02
Epoch: 4 cost time: 1.1203410625457764
Epoch: 4, Steps: 30 | Train Loss: 0.4606399 Vali Loss: 0.2307154 Test Loss: 0.2741522
Validation loss decreased (0.243018 --> 0.230715).  Saving model ...
Updating learning rate to 0.018000000000000002
Epoch: 5 cost time: 1.0621905326843262
Epoch: 5, Steps: 30 | Train Loss: 0.4431651 Vali Loss: 0.2258413 Test Loss: 0.2678400
Validation loss decreased (0.230715 --> 0.225841).  Saving model ...
Updating learning rate to 0.016200000000000003
Epoch: 6 cost time: 1.0557222366333008
Epoch: 6, Steps: 30 | Train Loss: 0.4379236 Vali Loss: 0.2245842 Test Loss: 0.2671924
Validation loss decreased (0.225841 --> 0.224584).  Saving model ...
Updating learning rate to 0.014580000000000003
Epoch: 7 cost time: 1.0546956062316895
Epoch: 7, Steps: 30 | Train Loss: 0.4326063 Vali Loss: 0.2264562 Test Loss: 0.2634876
EarlyStopping counter: 1 out of 5
Updating learning rate to 0.013122
Epoch: 8 cost time: 1.1808152198791504
Epoch: 8, Steps: 30 | Train Loss: 0.4321382 Vali Loss: 0.2213797 Test Loss: 0.2641435
Validation loss decreased (0.224584 --> 0.221380).  Saving model ...
Updating learning rate to 0.011809800000000002
Epoch: 9 cost time: 0.9517526626586914
Epoch: 9, Steps: 30 | Train Loss: 0.4317479 Vali Loss: 0.2255752 Test Loss: 0.2629840
EarlyStopping counter: 1 out of 5
Updating learning rate to 0.01062882
Epoch: 10 cost time: 1.1994709968566895
Epoch: 10, Steps: 30 | Train Loss: 0.4308065 Vali Loss: 0.2248421 Test Loss: 0.2619959
EarlyStopping counter: 2 out of 5
Updating learning rate to 0.009565938000000001
Epoch: 11 cost time: 0.9717469215393066
Epoch: 11, Steps: 30 | Train Loss: 0.4312520 Vali Loss: 0.2250944 Test Loss: 0.2590956
EarlyStopping counter: 3 out of 5
Updating learning rate to 0.008609344200000002
Epoch: 12 cost time: 1.056910753250122
Epoch: 12, Steps: 30 | Train Loss: 0.4309398 Vali Loss: 0.2187349 Test Loss: 0.2633296
Validation loss decreased (0.221380 --> 0.218735).  Saving model ...
Updating learning rate to 0.007748409780000002
Epoch: 13 cost time: 1.195502519607544
Epoch: 13, Steps: 30 | Train Loss: 0.4349496 Vali Loss: 0.2212262 Test Loss: 0.2628992
EarlyStopping counter: 1 out of 5
Updating learning rate to 0.006973568802000002
Epoch: 14 cost time: 0.9988234043121338
Epoch: 14, Steps: 30 | Train Loss: 0.4311568 Vali Loss: 0.2243953 Test Loss: 0.2598081
EarlyStopping counter: 2 out of 5
Updating learning rate to 0.006276211921800001
Epoch: 15 cost time: 0.9823563098907471
Epoch: 15, Steps: 30 | Train Loss: 0.4282490 Vali Loss: 0.2202888 Test Loss: 0.2646643
EarlyStopping counter: 3 out of 5
Updating learning rate to 0.005648590729620003
Epoch: 16 cost time: 0.9506523609161377
Epoch: 16, Steps: 30 | Train Loss: 0.4321005 Vali Loss: 0.2274224 Test Loss: 0.2609916
EarlyStopping counter: 4 out of 5
Updating learning rate to 0.005083731656658002
Epoch: 17 cost time: 0.9649176597595215
Epoch: 17, Steps: 30 | Train Loss: 0.4317105 Vali Loss: 0.2194220 Test Loss: 0.2649844
EarlyStopping counter: 5 out of 5
Early stopping
>>>>>>>testing : long_term_forecast_SPARSE_ETTh2_720_96_none_SparseTSF_ETTh2_sl720_pl96_dm128_nh8_el2_dl1_df32_fc1_ebtimeF_dtTrue_Sparse_0<<<<<<<<<<<<<<<<<<<<<<<<<<<<<<<<<
test 2785
mse:0.2633295953273773, mae:0.3274153470993042
