Args in experiment:
Namespace(activation='gelu', anomaly_ratio=0.25, batch_size=256, c_out=7, channel_independence=1, checkpoints='./checkpoints/', comment='none', d_ff=32, d_layers=1, d_model=128, data='ETTh2', data_path='ETTh2.csv', dec_in=7, decomp_method='moving_avg', des='Sparse', devices='0,1', distil=True, down_sampling_layers=0, down_sampling_method='avg', down_sampling_window=1, drop_last=True, dropout=0.1, e_layers=2, embed='timeF', emissions_file='emissions.csv', emissions_output_dir='.', enc_in=7, factor=1, features='M', freq='h', gpu=0, inverse=False, is_training=1, itr=1, label_len=0, learning_rate=0.02, loss='MSE', lradj='type3', mask_rate=0.125, model='SparseTSF', model_id='SPARSE_ETTh2_96_96', model_type='linear', moving_avg=25, n_heads=8, num_kernels=6, num_workers=0, output_attention=False, p_hidden_dims=[128, 128], p_hidden_layers=2, patience=5, pct_start=0.2, period_len=24, pred_len=96, root_path='<workspace>\\dataset\\ETT-small', seasonal_patterns='Monthly', seq_len=96, target='OT', task_name='long_term_forecast', top_k=5, track_emissions=0, train_epochs=30, use_amp=False, use_future_temporal_feature=0, use_gpu=True, use_multi_gpu=False, use_norm=1)
Use GPU: cuda:0
>>>>>>>start training : long_term_forecast_SPARSE_ETTh2_96_96_none_SparseTSF_ETTh2_sl96_pl96_dm128_nh8_el2_dl1_df32_fc1_ebtimeF_dtTrue_Sparse_0>>>>>>>>>>>>>>>>>>>>>>>>>>
train 8449
val 2785
test 2785
Epoch: 1 cost time: 2.226558208465576
Epoch: 1, Steps: 33 | Train Loss: 0.6161816 Vali Loss: 0.3263327 Test Loss: 0.4040356
Validation loss decreased (inf --> 0.326333).  Saving model ...
Updating learning rate to 0.02
Epoch: 2 cost time: 0.3240060806274414
Epoch: 2, Steps: 33 | Train Loss: 0.5540641 Vali Loss: 0.2661650 Test Loss: 0.3357994
Validation loss decreased (0.326333 --> 0.266165).  Saving model ...
Updating learning rate to 0.02
Epoch: 3 cost time: 0.3392050266265869
Epoch: 3, Steps: 33 | Train Loss: 0.4947338 Vali Loss: 0.2506654 Test Loss: 0.3255105
Validation loss decreased (0.266165 --> 0.250665).  Saving model ...
Updating learning rate to 0.02
Epoch: 4 cost time: 0.319896936416626
Epoch: 4, Steps: 33 | Train Loss: 0.4784364 Vali Loss: 0.2453397 Test Loss: 0.3246830
Validation loss decreased (0.250665 --> 0.245340).  Saving model ...
Updating learning rate to 0.018000000000000002
Epoch: 5 cost time: 0.31963634490966797
Epoch: 5, Steps: 33 | Train Loss: 0.4737766 Vali Loss: 0.2367408 Test Loss: 0.3142612
Validation loss decreased (0.245340 --> 0.236741).  Saving model ...
Updating learning rate to 0.016200000000000003
Epoch: 6 cost time: 0.34945225715637207
Epoch: 6, Steps: 33 | Train Loss: 0.4601083 Vali Loss: 0.2294833 Test Loss: 0.3026735
Validation loss decreased (0.236741 --> 0.229483).  Saving model ...
Updating learning rate to 0.014580000000000003
Epoch: 7 cost time: 0.3448963165283203
Epoch: 7, Steps: 33 | Train Loss: 0.4533974 Vali Loss: 0.2252992 Test Loss: 0.2951006
Validation loss decreased (0.229483 --> 0.225299).  Saving model ...
Updating learning rate to 0.013122
Epoch: 8 cost time: 0.32446742057800293
Epoch: 8, Steps: 33 | Train Loss: 0.4494778 Vali Loss: 0.2206443 Test Loss: 0.2926814
Validation loss decreased (0.225299 --> 0.220644).  Saving model ...
Updating learning rate to 0.011809800000000002
Epoch: 9 cost time: 0.36488819122314453
Epoch: 9, Steps: 33 | Train Loss: 0.4485112 Vali Loss: 0.2201532 Test Loss: 0.2888898
Validation loss decreased (0.220644 --> 0.220153).  Saving model ...
Updating learning rate to 0.01062882
Epoch: 10 cost time: 0.35363316535949707
Epoch: 10, Steps: 33 | Train Loss: 0.4471098 Vali Loss: 0.2218225 Test Loss: 0.2883865
EarlyStopping counter: 1 out of 5
Updating learning rate to 0.009565938000000001
Epoch: 11 cost time: 0.353548526763916
Epoch: 11, Steps: 33 | Train Loss: 0.4472173 Vali Loss: 0.2215526 Test Loss: 0.2885767
EarlyStopping counter: 2 out of 5
Updating learning rate to 0.008609344200000002
Epoch: 12 cost time: 0.408252477645874
Epoch: 12, Steps: 33 | Train Loss: 0.4469484 Vali Loss: 0.2208440 Test Loss: 0.2880801
EarlyStopping counter: 3 out of 5
Updating learning rate to 0.007748409780000002
Epoch: 13 cost time: 0.3356599807739258
Epoch: 13, Steps: 33 | Train Loss: 0.4462106 Vali Loss: 0.2193686 Test Loss: 0.2897887
Validation loss decreased (0.220153 --> 0.219369).  Saving model ...
Updating learning rate to 0.006973568802000002
Epoch: 14 cost time: 0.3477613925933838
Epoch: 14, Steps: 33 | Train Loss: 0.4459303 Vali Loss: 0.2211795 Test Loss: 0.2879968
EarlyStopping counter: 1 out of 5
Updating learning rate to 0.006276211921800001
Epoch: 15 cost time: 0.33783507347106934
Epoch: 15, Steps: 33 | Train Loss: 0.4463467 Vali Loss: 0.2186188 Test Loss: 0.2886463
Validation loss decreased (0.219369 --> 0.218619).  Saving model ...
Updating learning rate to 0.005648590729620003
Epoch: 16 cost time: 0.3580052852630615
Epoch: 16, Steps: 33 | Train Loss: 0.4459392 Vali Loss: 0.2194589 Test Loss: 0.2884526
EarlyStopping counter: 1 out of 5
Updating learning rate to 0.005083731656658002
Epoch: 17 cost time: 0.4095449447631836
Epoch: 17, Steps: 33 | Train Loss: 0.4452433 Vali Loss: 0.2189147 Test Loss: 0.2875530
EarlyStopping counter: 2 out of 5
Updating learning rate to 0.004575358490992202
Epoch: 18 cost time: 0.33811378479003906
Epoch: 18, Steps: 33 | Train Loss: 0.4452064 Vali Loss: 0.2203931 Test Loss: 0.2882727
EarlyStopping counter: 3 out of 5
Updating learning rate to 0.004117822641892982
Epoch: 19 cost time: 0.3345966339111328
Epoch: 19, Steps: 33 | Train Loss: 0.4450685 Vali Loss: 0.2191384 Test Loss: 0.2877884
EarlyStopping counter: 4 out of 5
Updating learning rate to 0.0037060403777036833
Epoch: 20 cost time: 0.338944673538208
Epoch: 20, Steps: 33 | Train Loss: 0.4454521 Vali Loss: 0.2199145 Test Loss: 0.2874906
EarlyStopping counter: 5 out of 5
Early stopping
>>>>>>>testing : long_term_forecast_SPARSE_ETTh2_96_96_none_SparseTSF_ETTh2_sl96_pl96_dm128_nh8_el2_dl1_df32_fc1_ebtimeF_dtTrue_Sparse_0<<<<<<<<<<<<<<<<<<<<<<<<<<<<<<<<<
test 2785
mse:0.28864625096321106, mae:0.33910951018333435
