Args in experiment:
Namespace(activation='gelu', anomaly_ratio=0.25, batch_size=256, c_out=7, channel_independence=1, checkpoints='./checkpoints/', comment='none', d_ff=32, d_layers=1, d_model=128, data='ETTh1', data_path='ETTh1.csv', dec_in=7, decomp_method='moving_avg', des='Sparse', devices='0,1', distil=True, down_sampling_layers=0, down_sampling_method='avg', down_sampling_window=1, drop_last=True, dropout=0.1, e_layers=2, embed='timeF', emissions_file='emissions.csv', emissions_output_dir='.', enc_in=7, factor=1, features='M', freq='h', gpu=0, inverse=False, is_training=1, itr=1, label_len=0, learning_rate=0.02, loss='MSE', lradj='type3', mask_rate=0.125, model='SparseTSF', model_id='SPARSE_ETTh1_720_192', model_type='linear', moving_avg=25, n_heads=8, num_kernels=6, num_workers=0, output_attention=False, p_hidden_dims=[128, 128], p_hidden_layers=2, patience=5, pct_start=0.2, period_len=24, pred_len=192, root_path='<workspace>\\dataset\\ETT-small', seasonal_patterns='Monthly', seq_len=720, target='OT', task_name='long_term_forecast', top_k=5, track_emissions=0, train_epochs=30, use_amp=False, use_future_temporal_feature=0, use_gpu=True, use_multi_gpu=False, use_norm=1)
Use GPU: cuda:0
>>>>>>>start training : long_term_forecast_SPARSE_ETTh1_720_192_none_SparseTSF_ETTh1_sl720_pl192_dm128_nh8_el2_dl1_df32_fc1_ebtimeF_dtTrue_Sparse_0>>>>>>>>>>>>>>>>>>>>>>>>>>
train 7729
val 2689
test 2689
Epoch: 1 cost time: 3.376338481903076
Epoch: 1, Steps: 30 | Train Loss: 0.7397430 Vali Loss: 1.4428312 Test Loss: 0.6442265
Validation loss decreased (inf --> 1.442831).  Saving model ...
Updating learning rate to 0.02
Epoch: 2 cost time: 1.1611065864562988
Epoch: 2, Steps: 30 | Train Loss: 0.7827543 Vali Loss: 1.5441698 Test Loss: 0.6437763
EarlyStopping counter: 1 out of 5
Updating learning rate to 0.02
Epoch: 3 cost time: 1.0819380283355713
Epoch: 3, Steps: 30 | Train Loss: 0.4996103 Vali Loss: 1.1388499 Test Loss: 0.4457804
Validation loss decreased (1.442831 --> 1.138850).  Saving model ...
Updating learning rate to 0.02
Epoch: 4 cost time: 1.1684675216674805
Epoch: 4, Steps: 30 | Train Loss: 0.4101154 Vali Loss: 1.0161252 Test Loss: 0.4167945
Validation loss decreased (1.138850 --> 1.016125).  Saving model ...
Updating learning rate to 0.018000000000000002
Epoch: 5 cost time: 1.0952653884887695
Epoch: 5, Steps: 30 | Train Loss: 0.3944433 Vali Loss: 0.9815466 Test Loss: 0.4028039
Validation loss decreased (1.016125 --> 0.981547).  Saving model ...
Updating learning rate to 0.016200000000000003
Epoch: 6 cost time: 1.1593639850616455
Epoch: 6, Steps: 30 | Train Loss: 0.3895274 Vali Loss: 0.9584560 Test Loss: 0.3952621
Validation loss decreased (0.981547 --> 0.958456).  Saving model ...
Updating learning rate to 0.014580000000000003
Epoch: 7 cost time: 1.1038997173309326
Epoch: 7, Steps: 30 | Train Loss: 0.3881797 Vali Loss: 0.9782105 Test Loss: 0.3979905
EarlyStopping counter: 1 out of 5
Updating learning rate to 0.013122
Epoch: 8 cost time: 1.172114372253418
Epoch: 8, Steps: 30 | Train Loss: 0.3873920 Vali Loss: 0.9696723 Test Loss: 0.3963960
EarlyStopping counter: 2 out of 5
Updating learning rate to 0.011809800000000002
Epoch: 9 cost time: 1.2176110744476318
Epoch: 9, Steps: 30 | Train Loss: 0.3872560 Vali Loss: 0.9677656 Test Loss: 0.3962692
EarlyStopping counter: 3 out of 5
Updating learning rate to 0.01062882
Epoch: 10 cost time: 1.266585350036621
Epoch: 10, Steps: 30 | Train Loss: 0.3867397 Vali Loss: 0.9706888 Test Loss: 0.3955292
EarlyStopping counter: 4 out of 5
Updating learning rate to 0.009565938000000001
Epoch: 11 cost time: 1.103407859802246
Epoch: 11, Steps: 30 | Train Loss: 0.3870129 Vali Loss: 0.9718594 Test Loss: 0.3968105
EarlyStopping counter: 5 out of 5
Early stopping
>>>>>>>testing : long_term_forecast_SPARSE_ETTh1_720_192_none_SparseTSF_ETTh1_sl720_pl192_dm128_nh8_el2_dl1_df32_fc1_ebtimeF_dtTrue_Sparse_0<<<<<<<<<<<<<<<<<<<<<<<<<<<<<<<<<
test 2689
mse:0.39526206254959106, mae:0.4054329991340637
