Args in experiment:
Namespace(activation='gelu', anomaly_ratio=0.25, batch_size=256, c_out=7, channel_independence=1, checkpoints='./checkpoints/', comment='none', d_ff=32, d_layers=1, d_model=128, data='ETTh2', data_path='ETTh2.csv', dec_in=7, decomp_method='moving_avg', des='Sparse', devices='0,1', distil=True, down_sampling_layers=0, down_sampling_method='avg', down_sampling_window=1, drop_last=True, dropout=0.1, e_layers=2, embed='timeF', emissions_file='emissions.csv', emissions_output_dir='.', enc_in=7, factor=1, features='M', freq='h', gpu=0, inverse=False, is_training=1, itr=1, label_len=0, learning_rate=0.02, loss='MSE', lradj='type3', mask_rate=0.125, model='SparseTSF', model_id='SPARSE_ETTh2_96_720', model_type='linear', moving_avg=25, n_heads=8, num_kernels=6, num_workers=0, output_attention=False, p_hidden_dims=[128, 128], p_hidden_layers=2, patience=5, pct_start=0.2, period_len=24, pred_len=720, root_path='C:\\Users\\bbbal\\OneDrive\\Masaüstü\\timemixer\\dataset\\ETT-small', seasonal_patterns='Monthly', seq_len=96, target='OT', task_name='long_term_forecast', top_k=5, track_emissions=0, train_epochs=30, use_amp=False, use_future_temporal_feature=0, use_gpu=True, use_multi_gpu=False, use_norm=1)
Use GPU: cuda:0
>>>>>>>start training : long_term_forecast_SPARSE_ETTh2_96_720_none_SparseTSF_ETTh2_sl96_pl720_dm128_nh8_el2_dl1_df32_fc1_ebtimeF_dtTrue_Sparse_0>>>>>>>>>>>>>>>>>>>>>>>>>>
train 7825
val 2161
test 2161
Epoch: 1 cost time: 2.4230544567108154
Epoch: 1, Steps: 30 | Train Loss: 0.9765869 Vali Loss: 0.7094959 Test Loss: 0.4855702
Validation loss decreased (inf --> 0.709496).  Saving model ...
Updating learning rate to 0.02
Epoch: 2 cost time: 0.5756206512451172
Epoch: 2, Steps: 30 | Train Loss: 0.9248252 Vali Loss: 0.6619530 Test Loss: 0.4398841
Validation loss decreased (0.709496 --> 0.661953).  Saving model ...
Updating learning rate to 0.02
Epoch: 3 cost time: 0.5771846771240234
Epoch: 3, Steps: 30 | Train Loss: 0.8744348 Vali Loss: 0.6428622 Test Loss: 0.4166800
Validation loss decreased (0.661953 --> 0.642862).  Saving model ...
Updating learning rate to 0.02
Epoch: 4 cost time: 0.6110949516296387
Epoch: 4, Steps: 30 | Train Loss: 0.8617695 Vali Loss: 0.6347471 Test Loss: 0.4107183
Validation loss decreased (0.642862 --> 0.634747).  Saving model ...
Updating learning rate to 0.018000000000000002
Epoch: 5 cost time: 0.5766379833221436
Epoch: 5, Steps: 30 | Train Loss: 0.8568763 Vali Loss: 0.6333730 Test Loss: 0.4077664
Validation loss decreased (0.634747 --> 0.633373).  Saving model ...
Updating learning rate to 0.016200000000000003
Epoch: 6 cost time: 0.6840205192565918
Epoch: 6, Steps: 30 | Train Loss: 0.8524247 Vali Loss: 0.6302061 Test Loss: 0.4077662
Validation loss decreased (0.633373 --> 0.630206).  Saving model ...
Updating learning rate to 0.014580000000000003
Epoch: 7 cost time: 0.5995643138885498
Epoch: 7, Steps: 30 | Train Loss: 0.8556694 Vali Loss: 0.6327846 Test Loss: 0.4070293
EarlyStopping counter: 1 out of 5
Updating learning rate to 0.013122
Epoch: 8 cost time: 0.6665985584259033
Epoch: 8, Steps: 30 | Train Loss: 0.8586005 Vali Loss: 0.6367415 Test Loss: 0.4065014
EarlyStopping counter: 2 out of 5
Updating learning rate to 0.011809800000000002
Epoch: 9 cost time: 0.6041567325592041
Epoch: 9, Steps: 30 | Train Loss: 0.8583856 Vali Loss: 0.6236938 Test Loss: 0.4091784
Validation loss decreased (0.630206 --> 0.623694).  Saving model ...
Updating learning rate to 0.01062882
Epoch: 10 cost time: 0.6299352645874023
Epoch: 10, Steps: 30 | Train Loss: 0.8538688 Vali Loss: 0.6308190 Test Loss: 0.4068132
EarlyStopping counter: 1 out of 5
Updating learning rate to 0.009565938000000001
Epoch: 11 cost time: 0.6864898204803467
Epoch: 11, Steps: 30 | Train Loss: 0.8558068 Vali Loss: 0.6320981 Test Loss: 0.4076311
EarlyStopping counter: 2 out of 5
Updating learning rate to 0.008609344200000002
Epoch: 12 cost time: 0.5933864116668701
Epoch: 12, Steps: 30 | Train Loss: 0.8488045 Vali Loss: 0.6349250 Test Loss: 0.4064678
EarlyStopping counter: 3 out of 5
Updating learning rate to 0.007748409780000002
Epoch: 13 cost time: 0.7451796531677246
Epoch: 13, Steps: 30 | Train Loss: 0.8553484 Vali Loss: 0.6299576 Test Loss: 0.4066301
EarlyStopping counter: 4 out of 5
Updating learning rate to 0.006973568802000002
Epoch: 14 cost time: 0.5838184356689453
Epoch: 14, Steps: 30 | Train Loss: 0.8520578 Vali Loss: 0.6316091 Test Loss: 0.4068912
EarlyStopping counter: 5 out of 5
Early stopping
>>>>>>>testing : long_term_forecast_SPARSE_ETTh2_96_720_none_SparseTSF_ETTh2_sl96_pl720_dm128_nh8_el2_dl1_df32_fc1_ebtimeF_dtTrue_Sparse_0<<<<<<<<<<<<<<<<<<<<<<<<<<<<<<<<<
test 2161
mse:0.4091782867908478, mae:0.4289669096469879
