Args in experiment:
Namespace(activation='gelu', anomaly_ratio=0.25, batch_size=256, c_out=7, channel_independence=1, checkpoints='./checkpoints/', comment='none', d_ff=32, d_layers=1, d_model=128, data='ETTh2', data_path='ETTh2.csv', dec_in=7, decomp_method='moving_avg', des='Sparse', devices='0,1', distil=True, down_sampling_layers=0, down_sampling_method='avg', down_sampling_window=1, drop_last=True, dropout=0.1, e_layers=2, embed='timeF', emissions_file='emissions.csv', emissions_output_dir='.', enc_in=7, factor=1, features='M', freq='h', gpu=0, inverse=False, is_training=1, itr=1, label_len=0, learning_rate=0.02, loss='MSE', lradj='type3', mask_rate=0.125, model='SparseTSF', model_id='SPARSE_ETTh2_720_336', model_type='linear', moving_avg=25, n_heads=8, num_kernels=6, num_workers=0, output_attention=False, p_hidden_dims=[128, 128], p_hidden_layers=2, patience=5, pct_start=0.2, period_len=24, pred_len=336, root_path='C:\\Users\\bbbal\\OneDrive\\Masaüstü\\timemixer\\dataset\\ETT-small', seasonal_patterns='Monthly', seq_len=720, target='OT', task_name='long_term_forecast', top_k=5, track_emissions=0, train_epochs=30, use_amp=False, use_future_temporal_feature=0, use_gpu=True, use_multi_gpu=False, use_norm=1)
Use GPU: cuda:0
>>>>>>>start training : long_term_forecast_SPARSE_ETTh2_720_336_none_SparseTSF_ETTh2_sl720_pl336_dm128_nh8_el2_dl1_df32_fc1_ebtimeF_dtTrue_Sparse_0>>>>>>>>>>>>>>>>>>>>>>>>>>
train 7585
val 2545
test 2545
Epoch: 1 cost time: 3.3831052780151367
Epoch: 1, Steps: 29 | Train Loss: 0.8507114 Vali Loss: 0.5725848 Test Loss: 0.3778293
Validation loss decreased (inf --> 0.572585).  Saving model ...
Updating learning rate to 0.02
Epoch: 2 cost time: 1.1196537017822266
Epoch: 2, Steps: 29 | Train Loss: 0.8548136 Vali Loss: 0.4987223 Test Loss: 0.3605459
Validation loss decreased (0.572585 --> 0.498722).  Saving model ...
Updating learning rate to 0.02
Epoch: 3 cost time: 1.1040000915527344
Epoch: 3, Steps: 29 | Train Loss: 0.7219758 Vali Loss: 0.4289576 Test Loss: 0.3281095
Validation loss decreased (0.498722 --> 0.428958).  Saving model ...
Updating learning rate to 0.02
Epoch: 4 cost time: 1.2508044242858887
Epoch: 4, Steps: 29 | Train Loss: 0.6562572 Vali Loss: 0.3924003 Test Loss: 0.3168358
Validation loss decreased (0.428958 --> 0.392400).  Saving model ...
Updating learning rate to 0.018000000000000002
Epoch: 5 cost time: 1.156015157699585
Epoch: 5, Steps: 29 | Train Loss: 0.6352925 Vali Loss: 0.3884317 Test Loss: 0.3123341
Validation loss decreased (0.392400 --> 0.388432).  Saving model ...
Updating learning rate to 0.016200000000000003
Epoch: 6 cost time: 1.1337900161743164
Epoch: 6, Steps: 29 | Train Loss: 0.6317472 Vali Loss: 0.3873545 Test Loss: 0.3078274
Validation loss decreased (0.388432 --> 0.387354).  Saving model ...
Updating learning rate to 0.014580000000000003
Epoch: 7 cost time: 1.1731457710266113
Epoch: 7, Steps: 29 | Train Loss: 0.6318587 Vali Loss: 0.3880689 Test Loss: 0.3057947
EarlyStopping counter: 1 out of 5
Updating learning rate to 0.013122
Epoch: 8 cost time: 1.1678919792175293
Epoch: 8, Steps: 29 | Train Loss: 0.6279869 Vali Loss: 0.3799927 Test Loss: 0.3106666
Validation loss decreased (0.387354 --> 0.379993).  Saving model ...
Updating learning rate to 0.011809800000000002
Epoch: 9 cost time: 1.2143869400024414
Epoch: 9, Steps: 29 | Train Loss: 0.6293002 Vali Loss: 0.3800261 Test Loss: 0.3105243
EarlyStopping counter: 1 out of 5
Updating learning rate to 0.01062882
Epoch: 10 cost time: 1.2622740268707275
Epoch: 10, Steps: 29 | Train Loss: 0.6249374 Vali Loss: 0.3852544 Test Loss: 0.3072395
EarlyStopping counter: 2 out of 5
Updating learning rate to 0.009565938000000001
Epoch: 11 cost time: 1.348644733428955
Epoch: 11, Steps: 29 | Train Loss: 0.6268060 Vali Loss: 0.3800409 Test Loss: 0.3088039
EarlyStopping counter: 3 out of 5
Updating learning rate to 0.008609344200000002
Epoch: 12 cost time: 1.110825538635254
Epoch: 12, Steps: 29 | Train Loss: 0.6252050 Vali Loss: 0.3759531 Test Loss: 0.3108469
Validation loss decreased (0.379993 --> 0.375953).  Saving model ...
Updating learning rate to 0.007748409780000002
Epoch: 13 cost time: 1.096158742904663
Epoch: 13, Steps: 29 | Train Loss: 0.6265327 Vali Loss: 0.3810671 Test Loss: 0.3060712
EarlyStopping counter: 1 out of 5
Updating learning rate to 0.006973568802000002
Epoch: 14 cost time: 1.0669941902160645
Epoch: 14, Steps: 29 | Train Loss: 0.6267183 Vali Loss: 0.3860343 Test Loss: 0.3066002
EarlyStopping counter: 2 out of 5
Updating learning rate to 0.006276211921800001
Epoch: 15 cost time: 1.098020315170288
Epoch: 15, Steps: 29 | Train Loss: 0.6259120 Vali Loss: 0.3816010 Test Loss: 0.3082148
EarlyStopping counter: 3 out of 5
Updating learning rate to 0.005648590729620003
Epoch: 16 cost time: 1.0559718608856201
Epoch: 16, Steps: 29 | Train Loss: 0.6246402 Vali Loss: 0.3780009 Test Loss: 0.3088743
EarlyStopping counter: 4 out of 5
Updating learning rate to 0.005083731656658002
Epoch: 17 cost time: 1.0926289558410645
Epoch: 17, Steps: 29 | Train Loss: 0.6243389 Vali Loss: 0.3834961 Test Loss: 0.3078059
EarlyStopping counter: 5 out of 5
Early stopping
>>>>>>>testing : long_term_forecast_SPARSE_ETTh2_720_336_none_SparseTSF_ETTh2_sl720_pl336_dm128_nh8_el2_dl1_df32_fc1_ebtimeF_dtTrue_Sparse_0<<<<<<<<<<<<<<<<<<<<<<<<<<<<<<<<<
test 2545
mse:0.31084689497947693, mae:0.37150296568870544
