Args in experiment:
Namespace(activation='gelu', anomaly_ratio=0.25, batch_size=256, c_out=7, channel_independence=1, checkpoints='./checkpoints/', comment='none', d_ff=32, d_layers=1, d_model=128, data='ETTh1', data_path='ETTh1.csv', dec_in=7, decomp_method='moving_avg', des='Sparse', devices='0,1', distil=True, down_sampling_layers=0, down_sampling_method='avg', down_sampling_window=1, drop_last=True, dropout=0.1, e_layers=2, embed='timeF', emissions_file='emissions.csv', emissions_output_dir='.', enc_in=7, factor=1, features='M', freq='h', gpu=0, inverse=False, is_training=1, itr=1, label_len=0, learning_rate=0.02, loss='MSE', lradj='type3', mask_rate=0.125, model='SparseTSF', model_id='SPARSE_ETTh1_720_336', model_type='linear', moving_avg=25, n_heads=8, num_kernels=6, num_workers=0, output_attention=False, p_hidden_dims=[128, 128], p_hidden_layers=2, patience=5, pct_start=0.2, period_len=24, pred_len=336, root_path='C:\\Users\\bbbal\\OneDrive\\Masaüstü\\timemixer\\dataset\\ETT-small', seasonal_patterns='Monthly', seq_len=720, target='OT', task_name='long_term_forecast', top_k=5, track_emissions=0, train_epochs=30, use_amp=False, use_future_temporal_feature=0, use_gpu=True, use_multi_gpu=False, use_norm=1)
Use GPU: cuda:0
>>>>>>>start training : long_term_forecast_SPARSE_ETTh1_720_336_none_SparseTSF_ETTh1_sl720_pl336_dm128_nh8_el2_dl1_df32_fc1_ebtimeF_dtTrue_Sparse_0>>>>>>>>>>>>>>>>>>>>>>>>>>
train 7585
val 2545
test 2545
Epoch: 1 cost time: 3.3876283168792725
Epoch: 1, Steps: 29 | Train Loss: 0.7347758 Vali Loss: 1.5285795 Test Loss: 0.5930482
Validation loss decreased (inf --> 1.528579).  Saving model ...
Updating learning rate to 0.02
Epoch: 2 cost time: 1.1320526599884033
Epoch: 2, Steps: 29 | Train Loss: 0.7418467 Vali Loss: 1.3987970 Test Loss: 0.5207116
Validation loss decreased (1.528579 --> 1.398797).  Saving model ...
Updating learning rate to 0.02
Epoch: 3 cost time: 1.3558483123779297
Epoch: 3, Steps: 29 | Train Loss: 0.5316933 Vali Loss: 1.2996762 Test Loss: 0.4309379
Validation loss decreased (1.398797 --> 1.299676).  Saving model ...
Updating learning rate to 0.02
Epoch: 4 cost time: 1.404817819595337
Epoch: 4, Steps: 29 | Train Loss: 0.4626029 Vali Loss: 1.2913707 Test Loss: 0.4303437
Validation loss decreased (1.299676 --> 1.291371).  Saving model ...
Updating learning rate to 0.018000000000000002
Epoch: 5 cost time: 1.2515227794647217
Epoch: 5, Steps: 29 | Train Loss: 0.4481219 Vali Loss: 1.2225001 Test Loss: 0.4105537
Validation loss decreased (1.291371 --> 1.222500).  Saving model ...
Updating learning rate to 0.016200000000000003
Epoch: 6 cost time: 1.121044397354126
Epoch: 6, Steps: 29 | Train Loss: 0.4425572 Vali Loss: 1.2157446 Test Loss: 0.4019391
Validation loss decreased (1.222500 --> 1.215745).  Saving model ...
Updating learning rate to 0.014580000000000003
Epoch: 7 cost time: 1.1590561866760254
Epoch: 7, Steps: 29 | Train Loss: 0.4408479 Vali Loss: 1.2288989 Test Loss: 0.4096734
EarlyStopping counter: 1 out of 5
Updating learning rate to 0.013122
Epoch: 8 cost time: 1.4320733547210693
Epoch: 8, Steps: 29 | Train Loss: 0.4408010 Vali Loss: 1.2241187 Test Loss: 0.4021429
EarlyStopping counter: 2 out of 5
Updating learning rate to 0.011809800000000002
Epoch: 9 cost time: 1.2866957187652588
Epoch: 9, Steps: 29 | Train Loss: 0.4399145 Vali Loss: 1.2405421 Test Loss: 0.4063297
EarlyStopping counter: 3 out of 5
Updating learning rate to 0.01062882
Epoch: 10 cost time: 1.0427703857421875
Epoch: 10, Steps: 29 | Train Loss: 0.4394041 Vali Loss: 1.2178573 Test Loss: 0.4009903
EarlyStopping counter: 4 out of 5
Updating learning rate to 0.009565938000000001
Epoch: 11 cost time: 1.104102611541748
Epoch: 11, Steps: 29 | Train Loss: 0.4390704 Vali Loss: 1.2277944 Test Loss: 0.4053007
EarlyStopping counter: 5 out of 5
Early stopping
>>>>>>>testing : long_term_forecast_SPARSE_ETTh1_720_336_none_SparseTSF_ETTh1_sl720_pl336_dm128_nh8_el2_dl1_df32_fc1_ebtimeF_dtTrue_Sparse_0<<<<<<<<<<<<<<<<<<<<<<<<<<<<<<<<<
test 2545
mse:0.4019393026828766, mae:0.41795846819877625
