Args in experiment:
Namespace(activation='gelu', anomaly_ratio=0.25, batch_size=256, c_out=7, channel_independence=1, checkpoints='./checkpoints/', comment='none', d_ff=32, d_layers=1, d_model=128, data='ETTh1', data_path='ETTh1.csv', dec_in=7, decomp_method='moving_avg', des='Sparse', devices='0,1', distil=True, down_sampling_layers=0, down_sampling_method='avg', down_sampling_window=1, drop_last=True, dropout=0.1, e_layers=2, embed='timeF', emissions_file='emissions.csv', emissions_output_dir='.', enc_in=7, factor=1, features='M', freq='h', gpu=0, inverse=False, is_training=1, itr=1, label_len=0, learning_rate=0.02, loss='MSE', lradj='type3', mask_rate=0.125, model='SparseTSF', model_id='SPARSE_ETTh1_720_96', model_type='linear', moving_avg=25, n_heads=8, num_kernels=6, num_workers=0, output_attention=False, p_hidden_dims=[128, 128], p_hidden_layers=2, patience=5, pct_start=0.2, period_len=24, pred_len=96, root_path='<workspace>\\dataset\\ETT-small', seasonal_patterns='Monthly', seq_len=720, target='OT', task_name='long_term_forecast', top_k=5, track_emissions=0, train_epochs=30, use_amp=False, use_future_temporal_feature=0, use_gpu=True, use_multi_gpu=False, use_norm=1)
Use GPU: cuda:0
>>>>>>>start training : long_term_forecast_SPARSE_ETTh1_720_96_none_SparseTSF_ETTh1_sl720_pl96_dm128_nh8_el2_dl1_df32_fc1_ebtimeF_dtTrue_Sparse_0>>>>>>>>>>>>>>>>>>>>>>>>>>
train 7825
val 2785
test 2785
Epoch: 1 cost time: 3.1121912002563477
Epoch: 1, Steps: 30 | Train Loss: 0.7842348 Vali Loss: 1.4731038 Test Loss: 0.7187812
Validation loss decreased (inf --> 1.473104).  Saving model ...
Updating learning rate to 0.02
Epoch: 2 cost time: 0.9615359306335449
Epoch: 2, Steps: 30 | Train Loss: 0.7790711 Vali Loss: 1.2662350 Test Loss: 0.6304054
Validation loss decreased (1.473104 --> 1.266235).  Saving model ...
Updating learning rate to 0.02
Epoch: 3 cost time: 0.9630491733551025
Epoch: 3, Steps: 30 | Train Loss: 0.5412755 Vali Loss: 1.0357311 Test Loss: 0.4257221
Validation loss decreased (1.266235 --> 1.035731).  Saving model ...
Updating learning rate to 0.02
Epoch: 4 cost time: 1.0099258422851562
Epoch: 4, Steps: 30 | Train Loss: 0.3858628 Vali Loss: 0.7900376 Test Loss: 0.3645981
Validation loss decreased (1.035731 --> 0.790038).  Saving model ...
Updating learning rate to 0.018000000000000002
Epoch: 5 cost time: 0.9708592891693115
Epoch: 5, Steps: 30 | Train Loss: 0.3554294 Vali Loss: 0.7468089 Test Loss: 0.3605433
Validation loss decreased (0.790038 --> 0.746809).  Saving model ...
Updating learning rate to 0.016200000000000003
Epoch: 6 cost time: 0.9725849628448486
Epoch: 6, Steps: 30 | Train Loss: 0.3480340 Vali Loss: 0.7297660 Test Loss: 0.3554308
Validation loss decreased (0.746809 --> 0.729766).  Saving model ...
Updating learning rate to 0.014580000000000003
Epoch: 7 cost time: 1.1191153526306152
Epoch: 7, Steps: 30 | Train Loss: 0.3462766 Vali Loss: 0.7205446 Test Loss: 0.3515285
Validation loss decreased (0.729766 --> 0.720545).  Saving model ...
Updating learning rate to 0.013122
Epoch: 8 cost time: 1.0879356861114502
Epoch: 8, Steps: 30 | Train Loss: 0.3447950 Vali Loss: 0.7240905 Test Loss: 0.3542008
EarlyStopping counter: 1 out of 5
Updating learning rate to 0.011809800000000002
Epoch: 9 cost time: 1.184586763381958
Epoch: 9, Steps: 30 | Train Loss: 0.3442784 Vali Loss: 0.7222808 Test Loss: 0.3537071
EarlyStopping counter: 2 out of 5
Updating learning rate to 0.01062882
Epoch: 10 cost time: 1.089308500289917
Epoch: 10, Steps: 30 | Train Loss: 0.3448456 Vali Loss: 0.7251482 Test Loss: 0.3550873
EarlyStopping counter: 3 out of 5
Updating learning rate to 0.009565938000000001
Epoch: 11 cost time: 0.9948091506958008
Epoch: 11, Steps: 30 | Train Loss: 0.3432365 Vali Loss: 0.7202392 Test Loss: 0.3509391
Validation loss decreased (0.720545 --> 0.720239).  Saving model ...
Updating learning rate to 0.008609344200000002
Epoch: 12 cost time: 1.2118885517120361
Epoch: 12, Steps: 30 | Train Loss: 0.3433987 Vali Loss: 0.7240876 Test Loss: 0.3546467
EarlyStopping counter: 1 out of 5
Updating learning rate to 0.007748409780000002
Epoch: 13 cost time: 0.9183914661407471
Epoch: 13, Steps: 30 | Train Loss: 0.3439304 Vali Loss: 0.7175809 Test Loss: 0.3549597
Validation loss decreased (0.720239 --> 0.717581).  Saving model ...
Updating learning rate to 0.006973568802000002
Epoch: 14 cost time: 0.9791853427886963
Epoch: 14, Steps: 30 | Train Loss: 0.3437503 Vali Loss: 0.7216281 Test Loss: 0.3551328
EarlyStopping counter: 1 out of 5
Updating learning rate to 0.006276211921800001
Epoch: 15 cost time: 0.9161121845245361
Epoch: 15, Steps: 30 | Train Loss: 0.3440303 Vali Loss: 0.7233628 Test Loss: 0.3535296
EarlyStopping counter: 2 out of 5
Updating learning rate to 0.005648590729620003
Epoch: 16 cost time: 0.912391185760498
Epoch: 16, Steps: 30 | Train Loss: 0.3431002 Vali Loss: 0.7124381 Test Loss: 0.3536420
Validation loss decreased (0.717581 --> 0.712438).  Saving model ...
Updating learning rate to 0.005083731656658002
Epoch: 17 cost time: 0.9211716651916504
Epoch: 17, Steps: 30 | Train Loss: 0.3442934 Vali Loss: 0.7216645 Test Loss: 0.3537911
EarlyStopping counter: 1 out of 5
Updating learning rate to 0.004575358490992202
Epoch: 18 cost time: 0.9379782676696777
Epoch: 18, Steps: 30 | Train Loss: 0.3434411 Vali Loss: 0.7179765 Test Loss: 0.3537831
EarlyStopping counter: 2 out of 5
Updating learning rate to 0.004117822641892982
Epoch: 19 cost time: 0.92816162109375
Epoch: 19, Steps: 30 | Train Loss: 0.3432345 Vali Loss: 0.7196716 Test Loss: 0.3531021
EarlyStopping counter: 3 out of 5
Updating learning rate to 0.0037060403777036833
Epoch: 20 cost time: 0.9249143600463867
Epoch: 20, Steps: 30 | Train Loss: 0.3438499 Vali Loss: 0.7124499 Test Loss: 0.3534546
EarlyStopping counter: 4 out of 5
Updating learning rate to 0.0033354363399333152
Epoch: 21 cost time: 0.9104652404785156
Epoch: 21, Steps: 30 | Train Loss: 0.3433674 Vali Loss: 0.7228030 Test Loss: 0.3535633
EarlyStopping counter: 5 out of 5
Early stopping
>>>>>>>testing : long_term_forecast_SPARSE_ETTh1_720_96_none_SparseTSF_ETTh1_sl720_pl96_dm128_nh8_el2_dl1_df32_fc1_ebtimeF_dtTrue_Sparse_0<<<<<<<<<<<<<<<<<<<<<<<<<<<<<<<<<
test 2785
mse:0.3536418676376343, mae:0.38382601737976074
