Args in experiment:
Namespace(activation='gelu', anomaly_ratio=0.25, batch_size=256, c_out=7, channel_independence=1, checkpoints='./checkpoints/', comment='none', d_ff=32, d_layers=1, d_model=128, data='ETTm1', data_path='ETTm1.csv', dec_in=7, decomp_method='moving_avg', des='Sparse', devices='0,1', distil=True, down_sampling_layers=0, down_sampling_method='avg', down_sampling_window=1, drop_last=True, dropout=0.1, e_layers=2, embed='timeF', emissions_file='emissions.csv', emissions_output_dir='.', enc_in=7, factor=1, features='M', freq='h', gpu=0, inverse=False, is_training=1, itr=1, label_len=0, learning_rate=0.02, loss='MSE', lradj='type3', mask_rate=0.125, model='SparseTSF', model_id='SPARSE_ETTm1_720_192', model_type='linear', moving_avg=25, n_heads=8, num_kernels=6, num_workers=0, output_attention=False, p_hidden_dims=[128, 128], p_hidden_layers=2, patience=5, pct_start=0.2, period_len=4, pred_len=192, root_path='<workspace>\\dataset\\ETT-small', seasonal_patterns='Monthly', seq_len=720, target='OT', task_name='long_term_forecast', top_k=5, track_emissions=0, train_epochs=30, use_amp=False, use_future_temporal_feature=0, use_gpu=True, use_multi_gpu=False, use_norm=1)
Use GPU: cuda:0
>>>>>>>start training : long_term_forecast_SPARSE_ETTm1_720_192_none_SparseTSF_ETTm1_sl720_pl192_dm128_nh8_el2_dl1_df32_fc1_ebtimeF_dtTrue_Sparse_0>>>>>>>>>>>>>>>>>>>>>>>>>>
train 33649
val 11329
test 11329
	iters: 100, epoch: 1 | loss: 0.3317746
	speed: 0.0598s/iter; left time: 229.1483s
Epoch: 1 cost time: 7.120314359664917
Epoch: 1, Steps: 131 | Train Loss: 0.3791554 Vali Loss: 0.5581948 Test Loss: 0.3734299
Validation loss decreased (inf --> 0.558195).  Saving model ...
Updating learning rate to 0.02
	iters: 100, epoch: 2 | loss: 0.3058463
	speed: 0.0721s/iter; left time: 266.6652s
Epoch: 2 cost time: 5.374261140823364
Epoch: 2, Steps: 131 | Train Loss: 0.3111592 Vali Loss: 0.5255155 Test Loss: 0.3503566
Validation loss decreased (0.558195 --> 0.525515).  Saving model ...
Updating learning rate to 0.02
	iters: 100, epoch: 3 | loss: 0.2957157
	speed: 0.0688s/iter; left time: 245.3902s
Epoch: 3 cost time: 4.769912958145142
Epoch: 3, Steps: 131 | Train Loss: 0.3045235 Vali Loss: 0.5312602 Test Loss: 0.3449488
EarlyStopping counter: 1 out of 5
Updating learning rate to 0.02
	iters: 100, epoch: 4 | loss: 0.2997704
	speed: 0.0702s/iter; left time: 241.2453s
Epoch: 4 cost time: 5.080524206161499
Epoch: 4, Steps: 131 | Train Loss: 0.3027789 Vali Loss: 0.5154217 Test Loss: 0.3426515
Validation loss decreased (0.525515 --> 0.515422).  Saving model ...
Updating learning rate to 0.018000000000000002
	iters: 100, epoch: 5 | loss: 0.2897545
	speed: 0.0668s/iter; left time: 220.7545s
Epoch: 5 cost time: 5.1908228397369385
Epoch: 5, Steps: 131 | Train Loss: 0.3014825 Vali Loss: 0.5152368 Test Loss: 0.3475353
Validation loss decreased (0.515422 --> 0.515237).  Saving model ...
Updating learning rate to 0.016200000000000003
	iters: 100, epoch: 6 | loss: 0.3012590
	speed: 0.0859s/iter; left time: 272.6605s
Epoch: 6 cost time: 5.788554430007935
Epoch: 6, Steps: 131 | Train Loss: 0.3010583 Vali Loss: 0.5092387 Test Loss: 0.3494559
Validation loss decreased (0.515237 --> 0.509239).  Saving model ...
Updating learning rate to 0.014580000000000003
	iters: 100, epoch: 7 | loss: 0.2907873
	speed: 0.0732s/iter; left time: 222.9237s
Epoch: 7 cost time: 5.118848562240601
Epoch: 7, Steps: 131 | Train Loss: 0.3002146 Vali Loss: 0.5154846 Test Loss: 0.3428404
EarlyStopping counter: 1 out of 5
Updating learning rate to 0.013122
	iters: 100, epoch: 8 | loss: 0.3083745
	speed: 0.0728s/iter; left time: 212.0423s
Epoch: 8 cost time: 5.3257787227630615
Epoch: 8, Steps: 131 | Train Loss: 0.3000236 Vali Loss: 0.5155951 Test Loss: 0.3526041
EarlyStopping counter: 2 out of 5
Updating learning rate to 0.011809800000000002
	iters: 100, epoch: 9 | loss: 0.3111816
	speed: 0.0698s/iter; left time: 194.3377s
Epoch: 9 cost time: 4.9653284549713135
Epoch: 9, Steps: 131 | Train Loss: 0.3002333 Vali Loss: 0.5097634 Test Loss: 0.3452368
EarlyStopping counter: 3 out of 5
Updating learning rate to 0.01062882
	iters: 100, epoch: 10 | loss: 0.2794867
	speed: 0.0697s/iter; left time: 184.8095s
Epoch: 10 cost time: 4.931232690811157
Epoch: 10, Steps: 131 | Train Loss: 0.2995670 Vali Loss: 0.5075614 Test Loss: 0.3426859
Validation loss decreased (0.509239 --> 0.507561).  Saving model ...
Updating learning rate to 0.009565938000000001
	iters: 100, epoch: 11 | loss: 0.3018937
	speed: 0.0678s/iter; left time: 170.8945s
Epoch: 11 cost time: 4.922696590423584
Epoch: 11, Steps: 131 | Train Loss: 0.2991610 Vali Loss: 0.5114434 Test Loss: 0.3418538
EarlyStopping counter: 1 out of 5
Updating learning rate to 0.008609344200000002
	iters: 100, epoch: 12 | loss: 0.2956453
	speed: 0.0661s/iter; left time: 158.0918s
Epoch: 12 cost time: 4.816451072692871
Epoch: 12, Steps: 131 | Train Loss: 0.2990447 Vali Loss: 0.5148342 Test Loss: 0.3398632
EarlyStopping counter: 2 out of 5
Updating learning rate to 0.007748409780000002
	iters: 100, epoch: 13 | loss: 0.2798985
	speed: 0.0674s/iter; left time: 152.2016s
Epoch: 13 cost time: 4.895363092422485
Epoch: 13, Steps: 131 | Train Loss: 0.2988772 Vali Loss: 0.5094173 Test Loss: 0.3490550
EarlyStopping counter: 3 out of 5
Updating learning rate to 0.006973568802000002
	iters: 100, epoch: 14 | loss: 0.2766336
	speed: 0.0674s/iter; left time: 143.4331s
Epoch: 14 cost time: 4.923701524734497
Epoch: 14, Steps: 131 | Train Loss: 0.2990044 Vali Loss: 0.5161172 Test Loss: 0.3398077
EarlyStopping counter: 4 out of 5
Updating learning rate to 0.006276211921800001
	iters: 100, epoch: 15 | loss: 0.2868831
	speed: 0.0688s/iter; left time: 137.3723s
Epoch: 15 cost time: 4.910918474197388
Epoch: 15, Steps: 131 | Train Loss: 0.2988301 Vali Loss: 0.5078940 Test Loss: 0.3444837
EarlyStopping counter: 5 out of 5
Early stopping
>>>>>>>testing : long_term_forecast_SPARSE_ETTm1_720_192_none_SparseTSF_ETTm1_sl720_pl192_dm128_nh8_el2_dl1_df32_fc1_ebtimeF_dtTrue_Sparse_0<<<<<<<<<<<<<<<<<<<<<<<<<<<<<<<<<
test 11329
mse:0.3426858186721802, mae:0.37180423736572266
