Args in experiment:
Namespace(activation='gelu', anomaly_ratio=0.25, batch_size=256, c_out=7, channel_independence=1, checkpoints='./checkpoints/', comment='none', d_ff=32, d_layers=1, d_model=128, data='ETTm1', data_path='ETTm1.csv', dec_in=7, decomp_method='moving_avg', des='Sparse', devices='0,1', distil=True, down_sampling_layers=0, down_sampling_method='avg', down_sampling_window=1, drop_last=True, dropout=0.1, e_layers=2, embed='timeF', emissions_file='emissions.csv', emissions_output_dir='.', enc_in=7, factor=1, features='M', freq='h', gpu=0, inverse=False, is_training=1, itr=1, label_len=0, learning_rate=0.02, loss='MSE', lradj='type3', mask_rate=0.125, model='SparseTSF', model_id='SPARSE_ETTm1_720_720', model_type='linear', moving_avg=25, n_heads=8, num_kernels=6, num_workers=0, output_attention=False, p_hidden_dims=[128, 128], p_hidden_layers=2, patience=5, pct_start=0.2, period_len=4, pred_len=720, root_path='<workspace>\\dataset\\ETT-small', seasonal_patterns='Monthly', seq_len=720, target='OT', task_name='long_term_forecast', top_k=5, track_emissions=0, train_epochs=30, use_amp=False, use_future_temporal_feature=0, use_gpu=True, use_multi_gpu=False, use_norm=1)
Use GPU: cuda:0
>>>>>>>start training : long_term_forecast_SPARSE_ETTm1_720_720_none_SparseTSF_ETTm1_sl720_pl720_dm128_nh8_el2_dl1_df32_fc1_ebtimeF_dtTrue_Sparse_0>>>>>>>>>>>>>>>>>>>>>>>>>>
train 33121
val 10801
test 10801
	iters: 100, epoch: 1 | loss: 0.4202164
	speed: 0.0732s/iter; left time: 276.1638s
Epoch: 1 cost time: 9.090780973434448
Epoch: 1, Steps: 129 | Train Loss: 0.4671726 Vali Loss: 0.9646978 Test Loss: 0.4421618
Validation loss decreased (inf --> 0.964698).  Saving model ...
Updating learning rate to 0.02
	iters: 100, epoch: 2 | loss: 0.4197162
	speed: 0.0956s/iter; left time: 348.1886s
Epoch: 2 cost time: 6.255213499069214
Epoch: 2, Steps: 129 | Train Loss: 0.4085432 Vali Loss: 0.9462367 Test Loss: 0.4237023
Validation loss decreased (0.964698 --> 0.946237).  Saving model ...
Updating learning rate to 0.02
	iters: 100, epoch: 3 | loss: 0.4005657
	speed: 0.1039s/iter; left time: 364.9475s
Epoch: 3 cost time: 7.879297256469727
Epoch: 3, Steps: 129 | Train Loss: 0.4024077 Vali Loss: 0.9404862 Test Loss: 0.4203419
Validation loss decreased (0.946237 --> 0.940486).  Saving model ...
Updating learning rate to 0.02
	iters: 100, epoch: 4 | loss: 0.3869334
	speed: 0.1027s/iter; left time: 347.3759s
Epoch: 4 cost time: 6.708930730819702
Epoch: 4, Steps: 129 | Train Loss: 0.4004627 Vali Loss: 0.9371851 Test Loss: 0.4169429
Validation loss decreased (0.940486 --> 0.937185).  Saving model ...
Updating learning rate to 0.018000000000000002
	iters: 100, epoch: 5 | loss: 0.3851489
	speed: 0.1003s/iter; left time: 326.5680s
Epoch: 5 cost time: 6.730159282684326
Epoch: 5, Steps: 129 | Train Loss: 0.3997419 Vali Loss: 0.9353516 Test Loss: 0.4159569
Validation loss decreased (0.937185 --> 0.935352).  Saving model ...
Updating learning rate to 0.016200000000000003
	iters: 100, epoch: 6 | loss: 0.4128925
	speed: 0.1019s/iter; left time: 318.6735s
Epoch: 6 cost time: 7.3690338134765625
Epoch: 6, Steps: 129 | Train Loss: 0.3991276 Vali Loss: 0.9359700 Test Loss: 0.4157050
EarlyStopping counter: 1 out of 5
Updating learning rate to 0.014580000000000003
	iters: 100, epoch: 7 | loss: 0.4050340
	speed: 0.1067s/iter; left time: 319.6330s
Epoch: 7 cost time: 6.687504053115845
Epoch: 7, Steps: 129 | Train Loss: 0.3987562 Vali Loss: 0.9351958 Test Loss: 0.4188352
Validation loss decreased (0.935352 --> 0.935196).  Saving model ...
Updating learning rate to 0.013122
	iters: 100, epoch: 8 | loss: 0.4153909
	speed: 0.1107s/iter; left time: 317.3622s
Epoch: 8 cost time: 7.685247421264648
Epoch: 8, Steps: 129 | Train Loss: 0.3985551 Vali Loss: 0.9306964 Test Loss: 0.4166507
Validation loss decreased (0.935196 --> 0.930696).  Saving model ...
Updating learning rate to 0.011809800000000002
	iters: 100, epoch: 9 | loss: 0.4072093
	speed: 0.1026s/iter; left time: 281.1337s
Epoch: 9 cost time: 6.8903844356536865
Epoch: 9, Steps: 129 | Train Loss: 0.3982231 Vali Loss: 0.9366156 Test Loss: 0.4178427
EarlyStopping counter: 1 out of 5
Updating learning rate to 0.01062882
	iters: 100, epoch: 10 | loss: 0.4176580
	speed: 0.1010s/iter; left time: 263.7292s
Epoch: 10 cost time: 6.7623138427734375
Epoch: 10, Steps: 129 | Train Loss: 0.3980477 Vali Loss: 0.9399174 Test Loss: 0.4133801
EarlyStopping counter: 2 out of 5
Updating learning rate to 0.009565938000000001
	iters: 100, epoch: 11 | loss: 0.3890969
	speed: 0.0929s/iter; left time: 230.5728s
Epoch: 11 cost time: 6.310955047607422
Epoch: 11, Steps: 129 | Train Loss: 0.3979602 Vali Loss: 0.9366414 Test Loss: 0.4143765
EarlyStopping counter: 3 out of 5
Updating learning rate to 0.008609344200000002
	iters: 100, epoch: 12 | loss: 0.3766378
	speed: 0.0905s/iter; left time: 212.9507s
Epoch: 12 cost time: 6.124545574188232
Epoch: 12, Steps: 129 | Train Loss: 0.3979084 Vali Loss: 0.9399180 Test Loss: 0.4132472
EarlyStopping counter: 4 out of 5
Updating learning rate to 0.007748409780000002
	iters: 100, epoch: 13 | loss: 0.4028947
	speed: 0.0915s/iter; left time: 203.4212s
Epoch: 13 cost time: 6.300020217895508
Epoch: 13, Steps: 129 | Train Loss: 0.3976430 Vali Loss: 0.9330454 Test Loss: 0.4136068
EarlyStopping counter: 5 out of 5
Early stopping
>>>>>>>testing : long_term_forecast_SPARSE_ETTm1_720_720_none_SparseTSF_ETTm1_sl720_pl720_dm128_nh8_el2_dl1_df32_fc1_ebtimeF_dtTrue_Sparse_0<<<<<<<<<<<<<<<<<<<<<<<<<<<<<<<<<
test 10801
mse:0.41665008664131165, mae:0.41309985518455505
