Args in experiment:
Namespace(activation='gelu', anomaly_ratio=0.25, batch_size=256, c_out=7, channel_independence=1, checkpoints='./checkpoints/', comment='none', d_ff=32, d_layers=1, d_model=128, data='ETTm2', data_path='ETTm2.csv', dec_in=7, decomp_method='moving_avg', des='Sparse', devices='0,1', distil=True, down_sampling_layers=0, down_sampling_method='avg', down_sampling_window=1, drop_last=True, dropout=0.1, e_layers=2, embed='timeF', emissions_file='emissions.csv', emissions_output_dir='.', enc_in=7, factor=1, features='M', freq='h', gpu=0, inverse=False, is_training=1, itr=1, label_len=0, learning_rate=0.02, loss='MSE', lradj='type3', mask_rate=0.125, model='SparseTSF', model_id='SPARSE_ETTm2_720_96', model_type='linear', moving_avg=25, n_heads=8, num_kernels=6, num_workers=0, output_attention=False, p_hidden_dims=[128, 128], p_hidden_layers=2, patience=5, pct_start=0.2, period_len=4, pred_len=96, root_path='<workspace>\\dataset\\ETT-small', seasonal_patterns='Monthly', seq_len=720, target='OT', task_name='long_term_forecast', top_k=5, track_emissions=0, train_epochs=30, use_amp=False, use_future_temporal_feature=0, use_gpu=True, use_multi_gpu=False, use_norm=1)
Use GPU: cuda:0
>>>>>>>start training : long_term_forecast_SPARSE_ETTm2_720_96_none_SparseTSF_ETTm2_sl720_pl96_dm128_nh8_el2_dl1_df32_fc1_ebtimeF_dtTrue_Sparse_0>>>>>>>>>>>>>>>>>>>>>>>>>>
train 33745
val 11425
test 11425
	iters: 100, epoch: 1 | loss: 0.2207123
	speed: 0.0548s/iter; left time: 210.0724s
Epoch: 1 cost time: 6.5344078540802
Epoch: 1, Steps: 131 | Train Loss: 0.3032842 Vali Loss: 0.1364178 Test Loss: 0.1957061
Validation loss decreased (inf --> 0.136418).  Saving model ...
Updating learning rate to 0.02
	iters: 100, epoch: 2 | loss: 0.3227971
	speed: 0.0624s/iter; left time: 230.9313s
Epoch: 2 cost time: 4.505414724349976
Epoch: 2, Steps: 131 | Train Loss: 0.2282760 Vali Loss: 0.1194470 Test Loss: 0.1705544
Validation loss decreased (0.136418 --> 0.119447).  Saving model ...
Updating learning rate to 0.02
	iters: 100, epoch: 3 | loss: 0.1973979
	speed: 0.0630s/iter; left time: 224.7240s
Epoch: 3 cost time: 4.601583242416382
Epoch: 3, Steps: 131 | Train Loss: 0.2169516 Vali Loss: 0.1208100 Test Loss: 0.1759127
EarlyStopping counter: 1 out of 5
Updating learning rate to 0.02
	iters: 100, epoch: 4 | loss: 0.1734498
	speed: 0.0635s/iter; left time: 218.2363s
Epoch: 4 cost time: 4.586925983428955
Epoch: 4, Steps: 131 | Train Loss: 0.2173618 Vali Loss: 0.1155953 Test Loss: 0.1684244
Validation loss decreased (0.119447 --> 0.115595).  Saving model ...
Updating learning rate to 0.018000000000000002
	iters: 100, epoch: 5 | loss: 0.2003308
	speed: 0.0639s/iter; left time: 211.1855s
Epoch: 5 cost time: 4.709746599197388
Epoch: 5, Steps: 131 | Train Loss: 0.2171785 Vali Loss: 0.1209719 Test Loss: 0.1712535
EarlyStopping counter: 1 out of 5
Updating learning rate to 0.016200000000000003
	iters: 100, epoch: 6 | loss: 0.2221598
	speed: 0.0652s/iter; left time: 207.0428s
Epoch: 6 cost time: 4.748007297515869
Epoch: 6, Steps: 131 | Train Loss: 0.2148123 Vali Loss: 0.1163590 Test Loss: 0.1684997
EarlyStopping counter: 2 out of 5
Updating learning rate to 0.014580000000000003
	iters: 100, epoch: 7 | loss: 0.2329331
	speed: 0.0650s/iter; left time: 197.9580s
Epoch: 7 cost time: 4.789331674575806
Epoch: 7, Steps: 131 | Train Loss: 0.2117568 Vali Loss: 0.1154059 Test Loss: 0.1667965
Validation loss decreased (0.115595 --> 0.115406).  Saving model ...
Updating learning rate to 0.013122
	iters: 100, epoch: 8 | loss: 0.2025735
	speed: 0.0646s/iter; left time: 188.3236s
Epoch: 8 cost time: 4.6776392459869385
Epoch: 8, Steps: 131 | Train Loss: 0.2135420 Vali Loss: 0.1157476 Test Loss: 0.1677144
EarlyStopping counter: 1 out of 5
Updating learning rate to 0.011809800000000002
	iters: 100, epoch: 9 | loss: 0.2617068
	speed: 0.0638s/iter; left time: 177.4489s
Epoch: 9 cost time: 4.639151334762573
Epoch: 9, Steps: 131 | Train Loss: 0.2123053 Vali Loss: 0.1156303 Test Loss: 0.1665789
EarlyStopping counter: 2 out of 5
Updating learning rate to 0.01062882
	iters: 100, epoch: 10 | loss: 0.1943598
	speed: 0.0635s/iter; left time: 168.4725s
Epoch: 10 cost time: 4.604987144470215
Epoch: 10, Steps: 131 | Train Loss: 0.2100287 Vali Loss: 0.1149318 Test Loss: 0.1664316
Validation loss decreased (0.115406 --> 0.114932).  Saving model ...
Updating learning rate to 0.009565938000000001
	iters: 100, epoch: 11 | loss: 0.1778561
	speed: 0.0673s/iter; left time: 169.7725s
Epoch: 11 cost time: 4.958878517150879
Epoch: 11, Steps: 131 | Train Loss: 0.2096829 Vali Loss: 0.1139195 Test Loss: 0.1638790
Validation loss decreased (0.114932 --> 0.113920).  Saving model ...
Updating learning rate to 0.008609344200000002
	iters: 100, epoch: 12 | loss: 0.1677121
	speed: 0.0644s/iter; left time: 153.9462s
Epoch: 12 cost time: 4.762443780899048
Epoch: 12, Steps: 131 | Train Loss: 0.2106642 Vali Loss: 0.1150782 Test Loss: 0.1649459
EarlyStopping counter: 1 out of 5
Updating learning rate to 0.007748409780000002
	iters: 100, epoch: 13 | loss: 0.2275903
	speed: 0.0670s/iter; left time: 151.3069s
Epoch: 13 cost time: 5.031505584716797
Epoch: 13, Steps: 131 | Train Loss: 0.2108873 Vali Loss: 0.1154840 Test Loss: 0.1674179
EarlyStopping counter: 2 out of 5
Updating learning rate to 0.006973568802000002
	iters: 100, epoch: 14 | loss: 0.2329260
	speed: 0.0652s/iter; left time: 138.7517s
Epoch: 14 cost time: 4.631285190582275
Epoch: 14, Steps: 131 | Train Loss: 0.2107251 Vali Loss: 0.1153224 Test Loss: 0.1664097
EarlyStopping counter: 3 out of 5
Updating learning rate to 0.006276211921800001
	iters: 100, epoch: 15 | loss: 0.1959614
	speed: 0.0639s/iter; left time: 127.6680s
Epoch: 15 cost time: 4.681556701660156
Epoch: 15, Steps: 131 | Train Loss: 0.2097523 Vali Loss: 0.1151581 Test Loss: 0.1657223
EarlyStopping counter: 4 out of 5
Updating learning rate to 0.005648590729620003
	iters: 100, epoch: 16 | loss: 0.2310708
	speed: 0.0646s/iter; left time: 120.4543s
Epoch: 16 cost time: 4.677449941635132
Epoch: 16, Steps: 131 | Train Loss: 0.2089114 Vali Loss: 0.1152954 Test Loss: 0.1655978
EarlyStopping counter: 5 out of 5
Early stopping
>>>>>>>testing : long_term_forecast_SPARSE_ETTm2_720_96_none_SparseTSF_ETTm2_sl720_pl96_dm128_nh8_el2_dl1_df32_fc1_ebtimeF_dtTrue_Sparse_0<<<<<<<<<<<<<<<<<<<<<<<<<<<<<<<<<
test 11425
mse:0.16387899219989777, mae:0.2535657584667206
