Args in experiment:
Namespace(activation='gelu', anomaly_ratio=0.25, batch_size=256, c_out=7, channel_independence=1, checkpoints='./checkpoints/', comment='none', d_ff=32, d_layers=1, d_model=128, data='ETTm2', data_path='ETTm2.csv', dec_in=7, decomp_method='moving_avg', des='Sparse', devices='0,1', distil=True, down_sampling_layers=0, down_sampling_method='avg', down_sampling_window=1, drop_last=True, dropout=0.1, e_layers=2, embed='timeF', emissions_file='emissions.csv', emissions_output_dir='.', enc_in=7, factor=1, features='M', freq='h', gpu=0, inverse=False, is_training=1, itr=1, label_len=0, learning_rate=0.02, loss='MSE', lradj='type3', mask_rate=0.125, model='SparseTSF', model_id='SPARSE_ETTm2_96_96', model_type='linear', moving_avg=25, n_heads=8, num_kernels=6, num_workers=0, output_attention=False, p_hidden_dims=[128, 128], p_hidden_layers=2, patience=5, pct_start=0.2, period_len=4, pred_len=96, root_path='C:\\Users\\bbbal\\OneDrive\\Masaüstü\\timemixer\\dataset\\ETT-small', seasonal_patterns='Monthly', seq_len=96, target='OT', task_name='long_term_forecast', top_k=5, track_emissions=0, train_epochs=30, use_amp=False, use_future_temporal_feature=0, use_gpu=True, use_multi_gpu=False, use_norm=1)
Use GPU: cuda:0
>>>>>>>start training : long_term_forecast_SPARSE_ETTm2_96_96_none_SparseTSF_ETTm2_sl96_pl96_dm128_nh8_el2_dl1_df32_fc1_ebtimeF_dtTrue_Sparse_0>>>>>>>>>>>>>>>>>>>>>>>>>>
train 34369
val 11425
test 11425
	iters: 100, epoch: 1 | loss: 0.3148416
	speed: 0.0286s/iter; left time: 112.1243s
Epoch: 1 cost time: 3.1946144104003906
Epoch: 1, Steps: 134 | Train Loss: 0.3034731 Vali Loss: 0.1515114 Test Loss: 0.2143268
Validation loss decreased (inf --> 0.151511).  Saving model ...
Updating learning rate to 0.02
	iters: 100, epoch: 2 | loss: 0.2944677
	speed: 0.0198s/iter; left time: 75.0951s
Epoch: 2 cost time: 1.3308155536651611
Epoch: 2, Steps: 134 | Train Loss: 0.2489852 Vali Loss: 0.1320196 Test Loss: 0.1892023
Validation loss decreased (0.151511 --> 0.132020).  Saving model ...
Updating learning rate to 0.02
	iters: 100, epoch: 3 | loss: 0.2452405
	speed: 0.0207s/iter; left time: 75.6797s
Epoch: 3 cost time: 1.4233651161193848
Epoch: 3, Steps: 134 | Train Loss: 0.2433430 Vali Loss: 0.1316310 Test Loss: 0.1884801
Validation loss decreased (0.132020 --> 0.131631).  Saving model ...
Updating learning rate to 0.02
	iters: 100, epoch: 4 | loss: 0.2453022
	speed: 0.0208s/iter; left time: 73.3643s
Epoch: 4 cost time: 1.479971170425415
Epoch: 4, Steps: 134 | Train Loss: 0.2429460 Vali Loss: 0.1286861 Test Loss: 0.1868924
Validation loss decreased (0.131631 --> 0.128686).  Saving model ...
Updating learning rate to 0.018000000000000002
	iters: 100, epoch: 5 | loss: 0.1982365
	speed: 0.0220s/iter; left time: 74.6113s
Epoch: 5 cost time: 1.5299501419067383
Epoch: 5, Steps: 134 | Train Loss: 0.2425994 Vali Loss: 0.1286075 Test Loss: 0.1860334
Validation loss decreased (0.128686 --> 0.128607).  Saving model ...
Updating learning rate to 0.016200000000000003
	iters: 100, epoch: 6 | loss: 0.2198529
	speed: 0.0211s/iter; left time: 68.5214s
Epoch: 6 cost time: 1.5220050811767578
Epoch: 6, Steps: 134 | Train Loss: 0.2427890 Vali Loss: 0.1320327 Test Loss: 0.1888353
EarlyStopping counter: 1 out of 5
Updating learning rate to 0.014580000000000003
	iters: 100, epoch: 7 | loss: 0.1891899
	speed: 0.0230s/iter; left time: 71.8189s
Epoch: 7 cost time: 1.5588488578796387
Epoch: 7, Steps: 134 | Train Loss: 0.2426356 Vali Loss: 0.1282400 Test Loss: 0.1858925
Validation loss decreased (0.128607 --> 0.128240).  Saving model ...
Updating learning rate to 0.013122
	iters: 100, epoch: 8 | loss: 0.3077977
	speed: 0.0217s/iter; left time: 64.6280s
Epoch: 8 cost time: 1.4983105659484863
Epoch: 8, Steps: 134 | Train Loss: 0.2419363 Vali Loss: 0.1297506 Test Loss: 0.1867003
EarlyStopping counter: 1 out of 5
Updating learning rate to 0.011809800000000002
	iters: 100, epoch: 9 | loss: 0.2005042
	speed: 0.0216s/iter; left time: 61.6215s
Epoch: 9 cost time: 1.521968126296997
Epoch: 9, Steps: 134 | Train Loss: 0.2419452 Vali Loss: 0.1276207 Test Loss: 0.1850530
Validation loss decreased (0.128240 --> 0.127621).  Saving model ...
Updating learning rate to 0.01062882
	iters: 100, epoch: 10 | loss: 0.2782404
	speed: 0.0221s/iter; left time: 60.0270s
Epoch: 10 cost time: 1.5660204887390137
Epoch: 10, Steps: 134 | Train Loss: 0.2419244 Vali Loss: 0.1311597 Test Loss: 0.1878517
EarlyStopping counter: 1 out of 5
Updating learning rate to 0.009565938000000001
	iters: 100, epoch: 11 | loss: 0.2192201
	speed: 0.0230s/iter; left time: 59.2634s
Epoch: 11 cost time: 1.6354546546936035
Epoch: 11, Steps: 134 | Train Loss: 0.2418321 Vali Loss: 0.1303916 Test Loss: 0.1875359
EarlyStopping counter: 2 out of 5
Updating learning rate to 0.008609344200000002
	iters: 100, epoch: 12 | loss: 0.1925145
	speed: 0.0216s/iter; left time: 52.7917s
Epoch: 12 cost time: 1.5420050621032715
Epoch: 12, Steps: 134 | Train Loss: 0.2418419 Vali Loss: 0.1293950 Test Loss: 0.1867096
EarlyStopping counter: 3 out of 5
Updating learning rate to 0.007748409780000002
	iters: 100, epoch: 13 | loss: 0.1967483
	speed: 0.0226s/iter; left time: 52.2239s
Epoch: 13 cost time: 1.5512702465057373
Epoch: 13, Steps: 134 | Train Loss: 0.2418257 Vali Loss: 0.1300128 Test Loss: 0.1874953
EarlyStopping counter: 4 out of 5
Updating learning rate to 0.006973568802000002
	iters: 100, epoch: 14 | loss: 0.1921229
	speed: 0.0223s/iter; left time: 48.5553s
Epoch: 14 cost time: 1.5487053394317627
Epoch: 14, Steps: 134 | Train Loss: 0.2420523 Vali Loss: 0.1301699 Test Loss: 0.1872053
EarlyStopping counter: 5 out of 5
Early stopping
>>>>>>>testing : long_term_forecast_SPARSE_ETTm2_96_96_none_SparseTSF_ETTm2_sl96_pl96_dm128_nh8_el2_dl1_df32_fc1_ebtimeF_dtTrue_Sparse_0<<<<<<<<<<<<<<<<<<<<<<<<<<<<<<<<<
test 11425
mse:0.1850530058145523, mae:0.2664444148540497
