Args in experiment:
Namespace(activation='gelu', anomaly_ratio=0.25, batch_size=256, c_out=7, channel_independence=1, checkpoints='./checkpoints/', comment='none', d_ff=32, d_layers=1, d_model=128, data='ETTm1', data_path='ETTm1.csv', dec_in=7, decomp_method='moving_avg', des='Sparse', devices='0,1', distil=True, down_sampling_layers=0, down_sampling_method='avg', down_sampling_window=1, drop_last=True, dropout=0.1, e_layers=2, embed='timeF', emissions_file='emissions.csv', emissions_output_dir='.', enc_in=7, factor=1, features='M', freq='h', gpu=0, inverse=False, is_training=1, itr=1, label_len=0, learning_rate=0.02, loss='MSE', lradj='type3', mask_rate=0.125, model='SparseTSF', model_id='SPARSE_ETTm1_96_720', model_type='linear', moving_avg=25, n_heads=8, num_kernels=6, num_workers=0, output_attention=False, p_hidden_dims=[128, 128], p_hidden_layers=2, patience=5, pct_start=0.2, period_len=4, pred_len=720, root_path='C:\\Users\\bbbal\\OneDrive\\Masaüstü\\timemixer\\dataset\\ETT-small', seasonal_patterns='Monthly', seq_len=96, target='OT', task_name='long_term_forecast', top_k=5, track_emissions=0, train_epochs=30, use_amp=False, use_future_temporal_feature=0, use_gpu=True, use_multi_gpu=False, use_norm=1)
Use GPU: cuda:0
>>>>>>>start training : long_term_forecast_SPARSE_ETTm1_96_720_none_SparseTSF_ETTm1_sl96_pl720_dm128_nh8_el2_dl1_df32_fc1_ebtimeF_dtTrue_Sparse_0>>>>>>>>>>>>>>>>>>>>>>>>>>
train 33745
val 10801
test 10801
	iters: 100, epoch: 1 | loss: 0.5549235
	speed: 0.0387s/iter; left time: 148.1756s
Epoch: 1 cost time: 4.457459449768066
Epoch: 1, Steps: 131 | Train Loss: 0.6092220 Vali Loss: 1.0879383 Test Loss: 0.5754568
Validation loss decreased (inf --> 1.087938).  Saving model ...
Updating learning rate to 0.02
	iters: 100, epoch: 2 | loss: 0.4901465
	speed: 0.0442s/iter; left time: 163.5486s
Epoch: 2 cost time: 2.7909622192382812
Epoch: 2, Steps: 131 | Train Loss: 0.5034300 Vali Loss: 1.0130722 Test Loss: 0.4909188
Validation loss decreased (1.087938 --> 1.013072).  Saving model ...
Updating learning rate to 0.02
	iters: 100, epoch: 3 | loss: 0.4861971
	speed: 0.0439s/iter; left time: 156.5937s
Epoch: 3 cost time: 3.001323699951172
Epoch: 3, Steps: 131 | Train Loss: 0.4924489 Vali Loss: 1.0118955 Test Loss: 0.4896483
Validation loss decreased (1.013072 --> 1.011895).  Saving model ...
Updating learning rate to 0.02
	iters: 100, epoch: 4 | loss: 0.4746540
	speed: 0.0443s/iter; left time: 152.4658s
Epoch: 4 cost time: 2.93302583694458
Epoch: 4, Steps: 131 | Train Loss: 0.4917060 Vali Loss: 1.0122246 Test Loss: 0.4880552
EarlyStopping counter: 1 out of 5
Updating learning rate to 0.018000000000000002
	iters: 100, epoch: 5 | loss: 0.4808249
	speed: 0.0433s/iter; left time: 143.2544s
Epoch: 5 cost time: 2.9215850830078125
Epoch: 5, Steps: 131 | Train Loss: 0.4910864 Vali Loss: 1.0094717 Test Loss: 0.4863945
Validation loss decreased (1.011895 --> 1.009472).  Saving model ...
Updating learning rate to 0.016200000000000003
	iters: 100, epoch: 6 | loss: 0.4929039
	speed: 0.0452s/iter; left time: 143.5460s
Epoch: 6 cost time: 2.978891611099243
Epoch: 6, Steps: 131 | Train Loss: 0.4907877 Vali Loss: 1.0103195 Test Loss: 0.4868883
EarlyStopping counter: 1 out of 5
Updating learning rate to 0.014580000000000003
	iters: 100, epoch: 7 | loss: 0.4910196
	speed: 0.0423s/iter; left time: 128.8480s
Epoch: 7 cost time: 2.831594467163086
Epoch: 7, Steps: 131 | Train Loss: 0.4907525 Vali Loss: 1.0087533 Test Loss: 0.4856612
Validation loss decreased (1.009472 --> 1.008753).  Saving model ...
Updating learning rate to 0.013122
	iters: 100, epoch: 8 | loss: 0.5051665
	speed: 0.0439s/iter; left time: 127.8820s
Epoch: 8 cost time: 2.7594778537750244
Epoch: 8, Steps: 131 | Train Loss: 0.4907115 Vali Loss: 1.0136147 Test Loss: 0.4867816
EarlyStopping counter: 1 out of 5
Updating learning rate to 0.011809800000000002
	iters: 100, epoch: 9 | loss: 0.4805350
	speed: 0.0478s/iter; left time: 132.9744s
Epoch: 9 cost time: 3.015995979309082
Epoch: 9, Steps: 131 | Train Loss: 0.4905814 Vali Loss: 1.0096604 Test Loss: 0.4861944
EarlyStopping counter: 2 out of 5
Updating learning rate to 0.01062882
	iters: 100, epoch: 10 | loss: 0.4894803
	speed: 0.0432s/iter; left time: 114.5684s
Epoch: 10 cost time: 2.9224140644073486
Epoch: 10, Steps: 131 | Train Loss: 0.4904404 Vali Loss: 1.0091668 Test Loss: 0.4863216
EarlyStopping counter: 3 out of 5
Updating learning rate to 0.009565938000000001
	iters: 100, epoch: 11 | loss: 0.5363013
	speed: 0.0466s/iter; left time: 117.5993s
Epoch: 11 cost time: 3.2104504108428955
Epoch: 11, Steps: 131 | Train Loss: 0.4905166 Vali Loss: 1.0108456 Test Loss: 0.4863550
EarlyStopping counter: 4 out of 5
Updating learning rate to 0.008609344200000002
	iters: 100, epoch: 12 | loss: 0.4842823
	speed: 0.0436s/iter; left time: 104.1698s
Epoch: 12 cost time: 2.8490219116210938
Epoch: 12, Steps: 131 | Train Loss: 0.4905346 Vali Loss: 1.0101128 Test Loss: 0.4862772
EarlyStopping counter: 5 out of 5
Early stopping
>>>>>>>testing : long_term_forecast_SPARSE_ETTm1_96_720_none_SparseTSF_ETTm1_sl96_pl720_dm128_nh8_el2_dl1_df32_fc1_ebtimeF_dtTrue_Sparse_0<<<<<<<<<<<<<<<<<<<<<<<<<<<<<<<<<
test 10801
mse:0.4856620728969574, mae:0.4469543397426605
