Args in experiment:
Namespace(activation='gelu', anomaly_ratio=0.25, batch_size=256, c_out=7, channel_independence=1, checkpoints='./checkpoints/', comment='none', d_ff=32, d_layers=1, d_model=128, data='ETTm1', data_path='ETTm1.csv', dec_in=7, decomp_method='moving_avg', des='Sparse', devices='0,1', distil=True, down_sampling_layers=0, down_sampling_method='avg', down_sampling_window=1, drop_last=True, dropout=0.1, e_layers=2, embed='timeF', emissions_file='emissions.csv', emissions_output_dir='.', enc_in=7, factor=1, features='M', freq='h', gpu=0, inverse=False, is_training=1, itr=1, label_len=0, learning_rate=0.02, loss='MSE', lradj='type3', mask_rate=0.125, model='SparseTSF', model_id='SPARSE_ETTm1_720_96', model_type='linear', moving_avg=25, n_heads=8, num_kernels=6, num_workers=0, output_attention=False, p_hidden_dims=[128, 128], p_hidden_layers=2, patience=5, pct_start=0.2, period_len=4, pred_len=96, root_path='C:\\Users\\bbbal\\OneDrive\\Masaüstü\\timemixer\\dataset\\ETT-small', seasonal_patterns='Monthly', seq_len=720, target='OT', task_name='long_term_forecast', top_k=5, track_emissions=0, train_epochs=30, use_amp=False, use_future_temporal_feature=0, use_gpu=True, use_multi_gpu=False, use_norm=1)
Use GPU: cuda:0
>>>>>>>start training : long_term_forecast_SPARSE_ETTm1_720_96_none_SparseTSF_ETTm1_sl720_pl96_dm128_nh8_el2_dl1_df32_fc1_ebtimeF_dtTrue_Sparse_0>>>>>>>>>>>>>>>>>>>>>>>>>>
train 33745
val 11425
test 11425
	iters: 100, epoch: 1 | loss: 0.3078262
	speed: 0.0598s/iter; left time: 229.2047s
Epoch: 1 cost time: 7.508254766464233
Epoch: 1, Steps: 131 | Train Loss: 0.3574753 Vali Loss: 0.4540595 Test Loss: 0.3521846
Validation loss decreased (inf --> 0.454059).  Saving model ...
Updating learning rate to 0.02
	iters: 100, epoch: 2 | loss: 0.2686428
	speed: 0.0898s/iter; left time: 332.0789s
Epoch: 2 cost time: 5.535518646240234
Epoch: 2, Steps: 131 | Train Loss: 0.2771707 Vali Loss: 0.4113203 Test Loss: 0.3245150
Validation loss decreased (0.454059 --> 0.411320).  Saving model ...
Updating learning rate to 0.02
	iters: 100, epoch: 3 | loss: 0.2644835
	speed: 0.0709s/iter; left time: 253.2003s
Epoch: 3 cost time: 5.006948709487915
Epoch: 3, Steps: 131 | Train Loss: 0.2693065 Vali Loss: 0.4084666 Test Loss: 0.3213050
Validation loss decreased (0.411320 --> 0.408467).  Saving model ...
Updating learning rate to 0.02
	iters: 100, epoch: 4 | loss: 0.2550910
	speed: 0.0660s/iter; left time: 226.9760s
Epoch: 4 cost time: 4.707390546798706
Epoch: 4, Steps: 131 | Train Loss: 0.2675419 Vali Loss: 0.4066798 Test Loss: 0.3164453
Validation loss decreased (0.408467 --> 0.406680).  Saving model ...
Updating learning rate to 0.018000000000000002
	iters: 100, epoch: 5 | loss: 0.2636805
	speed: 0.0560s/iter; left time: 185.3524s
Epoch: 5 cost time: 4.1694982051849365
Epoch: 5, Steps: 131 | Train Loss: 0.2668747 Vali Loss: 0.4028644 Test Loss: 0.3171861
Validation loss decreased (0.406680 --> 0.402864).  Saving model ...
Updating learning rate to 0.016200000000000003
	iters: 100, epoch: 6 | loss: 0.2639503
	speed: 0.0576s/iter; left time: 182.8400s
Epoch: 6 cost time: 4.378116607666016
Epoch: 6, Steps: 131 | Train Loss: 0.2663869 Vali Loss: 0.4156516 Test Loss: 0.3172650
EarlyStopping counter: 1 out of 5
Updating learning rate to 0.014580000000000003
	iters: 100, epoch: 7 | loss: 0.2809587
	speed: 0.0577s/iter; left time: 175.6167s
Epoch: 7 cost time: 4.319545030593872
Epoch: 7, Steps: 131 | Train Loss: 0.2673128 Vali Loss: 0.3981595 Test Loss: 0.3189592
Validation loss decreased (0.402864 --> 0.398159).  Saving model ...
Updating learning rate to 0.013122
	iters: 100, epoch: 8 | loss: 0.2622354
	speed: 0.0648s/iter; left time: 188.8850s
Epoch: 8 cost time: 4.552133560180664
Epoch: 8, Steps: 131 | Train Loss: 0.2647706 Vali Loss: 0.3954878 Test Loss: 0.3171778
Validation loss decreased (0.398159 --> 0.395488).  Saving model ...
Updating learning rate to 0.011809800000000002
	iters: 100, epoch: 9 | loss: 0.2526761
	speed: 0.0593s/iter; left time: 165.1328s
Epoch: 9 cost time: 4.30909276008606
Epoch: 9, Steps: 131 | Train Loss: 0.2651275 Vali Loss: 0.3980191 Test Loss: 0.3124910
EarlyStopping counter: 1 out of 5
Updating learning rate to 0.01062882
	iters: 100, epoch: 10 | loss: 0.2705289
	speed: 0.0572s/iter; left time: 151.5692s
Epoch: 10 cost time: 4.247350215911865
Epoch: 10, Steps: 131 | Train Loss: 0.2643192 Vali Loss: 0.3993353 Test Loss: 0.3126392
EarlyStopping counter: 2 out of 5
Updating learning rate to 0.009565938000000001
	iters: 100, epoch: 11 | loss: 0.2596123
	speed: 0.0567s/iter; left time: 142.8427s
Epoch: 11 cost time: 4.183366060256958
Epoch: 11, Steps: 131 | Train Loss: 0.2643175 Vali Loss: 0.3976645 Test Loss: 0.3157322
EarlyStopping counter: 3 out of 5
Updating learning rate to 0.008609344200000002
	iters: 100, epoch: 12 | loss: 0.2793984
	speed: 0.0563s/iter; left time: 134.6386s
Epoch: 12 cost time: 4.193474292755127
Epoch: 12, Steps: 131 | Train Loss: 0.2646501 Vali Loss: 0.4013382 Test Loss: 0.3108975
EarlyStopping counter: 4 out of 5
Updating learning rate to 0.007748409780000002
	iters: 100, epoch: 13 | loss: 0.2700641
	speed: 0.0594s/iter; left time: 134.1190s
Epoch: 13 cost time: 4.543484210968018
Epoch: 13, Steps: 131 | Train Loss: 0.2639915 Vali Loss: 0.3925989 Test Loss: 0.3135543
Validation loss decreased (0.395488 --> 0.392599).  Saving model ...
Updating learning rate to 0.006973568802000002
	iters: 100, epoch: 14 | loss: 0.2580160
	speed: 0.0610s/iter; left time: 129.7827s
Epoch: 14 cost time: 4.45599889755249
Epoch: 14, Steps: 131 | Train Loss: 0.2640494 Vali Loss: 0.3999240 Test Loss: 0.3151366
EarlyStopping counter: 1 out of 5
Updating learning rate to 0.006276211921800001
	iters: 100, epoch: 15 | loss: 0.2708357
	speed: 0.0626s/iter; left time: 125.0343s
Epoch: 15 cost time: 4.578628301620483
Epoch: 15, Steps: 131 | Train Loss: 0.2634979 Vali Loss: 0.3993064 Test Loss: 0.3105747
EarlyStopping counter: 2 out of 5
Updating learning rate to 0.005648590729620003
	iters: 100, epoch: 16 | loss: 0.2701090
	speed: 0.0631s/iter; left time: 117.8086s
Epoch: 16 cost time: 4.56224250793457
Epoch: 16, Steps: 131 | Train Loss: 0.2637885 Vali Loss: 0.3998222 Test Loss: 0.3118294
EarlyStopping counter: 3 out of 5
Updating learning rate to 0.005083731656658002
	iters: 100, epoch: 17 | loss: 0.2565364
	speed: 0.0609s/iter; left time: 105.5854s
Epoch: 17 cost time: 4.575836896896362
Epoch: 17, Steps: 131 | Train Loss: 0.2635544 Vali Loss: 0.3964503 Test Loss: 0.3119179
EarlyStopping counter: 4 out of 5
Updating learning rate to 0.004575358490992202
	iters: 100, epoch: 18 | loss: 0.2544043
	speed: 0.0608s/iter; left time: 97.4937s
Epoch: 18 cost time: 4.5408501625061035
Epoch: 18, Steps: 131 | Train Loss: 0.2634585 Vali Loss: 0.4020173 Test Loss: 0.3107947
EarlyStopping counter: 5 out of 5
Early stopping
>>>>>>>testing : long_term_forecast_SPARSE_ETTm1_720_96_none_SparseTSF_ETTm1_sl720_pl96_dm128_nh8_el2_dl1_df32_fc1_ebtimeF_dtTrue_Sparse_0<<<<<<<<<<<<<<<<<<<<<<<<<<<<<<<<<
test 11425
mse:0.31355443596839905, mae:0.35534510016441345
