Args in experiment:
Namespace(activation='gelu', anomaly_ratio=0.25, batch_size=256, c_out=7, channel_independence=1, checkpoints='./checkpoints/', comment='none', d_ff=32, d_layers=1, d_model=128, data='ETTm1', data_path='ETTm1.csv', dec_in=7, decomp_method='moving_avg', des='Sparse', devices='0,1', distil=True, down_sampling_layers=0, down_sampling_method='avg', down_sampling_window=1, drop_last=True, dropout=0.1, e_layers=2, embed='timeF', emissions_file='emissions.csv', emissions_output_dir='.', enc_in=7, factor=1, features='M', freq='h', gpu=0, inverse=False, is_training=1, itr=1, label_len=0, learning_rate=0.02, loss='MSE', lradj='type3', mask_rate=0.125, model='SparseTSF', model_id='SPARSE_ETTm1_720_336', model_type='linear', moving_avg=25, n_heads=8, num_kernels=6, num_workers=0, output_attention=False, p_hidden_dims=[128, 128], p_hidden_layers=2, patience=5, pct_start=0.2, period_len=4, pred_len=336, root_path='C:\\Users\\bbbal\\OneDrive\\Masaüstü\\timemixer\\dataset\\ETT-small', seasonal_patterns='Monthly', seq_len=720, target='OT', task_name='long_term_forecast', top_k=5, track_emissions=0, train_epochs=30, use_amp=False, use_future_temporal_feature=0, use_gpu=True, use_multi_gpu=False, use_norm=1)
Use GPU: cuda:0
>>>>>>>start training : long_term_forecast_SPARSE_ETTm1_720_336_none_SparseTSF_ETTm1_sl720_pl336_dm128_nh8_el2_dl1_df32_fc1_ebtimeF_dtTrue_Sparse_0>>>>>>>>>>>>>>>>>>>>>>>>>>
train 33505
val 11185
test 11185
	iters: 100, epoch: 1 | loss: 0.3781897
	speed: 0.0606s/iter; left time: 230.4145s
Epoch: 1 cost time: 7.222965717315674
Epoch: 1, Steps: 130 | Train Loss: 0.4104752 Vali Loss: 0.6931896 Test Loss: 0.3958794
Validation loss decreased (inf --> 0.693190).  Saving model ...
Updating learning rate to 0.02
	iters: 100, epoch: 2 | loss: 0.3476773
	speed: 0.0721s/iter; left time: 264.7468s
Epoch: 2 cost time: 5.153555870056152
Epoch: 2, Steps: 130 | Train Loss: 0.3484321 Vali Loss: 0.6677048 Test Loss: 0.3744073
Validation loss decreased (0.693190 --> 0.667705).  Saving model ...
Updating learning rate to 0.02
	iters: 100, epoch: 3 | loss: 0.3486469
	speed: 0.0727s/iter; left time: 257.5807s
Epoch: 3 cost time: 5.117554426193237
Epoch: 3, Steps: 130 | Train Loss: 0.3423808 Vali Loss: 0.6562888 Test Loss: 0.3825171
Validation loss decreased (0.667705 --> 0.656289).  Saving model ...
Updating learning rate to 0.02
	iters: 100, epoch: 4 | loss: 0.3524880
	speed: 0.0713s/iter; left time: 243.2338s
Epoch: 4 cost time: 5.087896823883057
Epoch: 4, Steps: 130 | Train Loss: 0.3408090 Vali Loss: 0.6662270 Test Loss: 0.3711824
EarlyStopping counter: 1 out of 5
Updating learning rate to 0.018000000000000002
	iters: 100, epoch: 5 | loss: 0.3409534
	speed: 0.0734s/iter; left time: 240.9585s
Epoch: 5 cost time: 5.336414337158203
Epoch: 5, Steps: 130 | Train Loss: 0.3400078 Vali Loss: 0.6561789 Test Loss: 0.3717343
Validation loss decreased (0.656289 --> 0.656179).  Saving model ...
Updating learning rate to 0.016200000000000003
	iters: 100, epoch: 6 | loss: 0.3293183
	speed: 0.0728s/iter; left time: 229.4553s
Epoch: 6 cost time: 5.141515731811523
Epoch: 6, Steps: 130 | Train Loss: 0.3393584 Vali Loss: 0.6600629 Test Loss: 0.3684968
EarlyStopping counter: 1 out of 5
Updating learning rate to 0.014580000000000003
	iters: 100, epoch: 7 | loss: 0.3563153
	speed: 0.0720s/iter; left time: 217.6356s
Epoch: 7 cost time: 5.174104452133179
Epoch: 7, Steps: 130 | Train Loss: 0.3388893 Vali Loss: 0.6582846 Test Loss: 0.3689920
EarlyStopping counter: 2 out of 5
Updating learning rate to 0.013122
	iters: 100, epoch: 8 | loss: 0.3200850
	speed: 0.0744s/iter; left time: 215.2155s
Epoch: 8 cost time: 5.282331466674805
Epoch: 8, Steps: 130 | Train Loss: 0.3385396 Vali Loss: 0.6600523 Test Loss: 0.3700023
EarlyStopping counter: 3 out of 5
Updating learning rate to 0.011809800000000002
	iters: 100, epoch: 9 | loss: 0.3543678
	speed: 0.0724s/iter; left time: 199.9968s
Epoch: 9 cost time: 5.1238768100738525
Epoch: 9, Steps: 130 | Train Loss: 0.3376975 Vali Loss: 0.6606742 Test Loss: 0.3673178
EarlyStopping counter: 4 out of 5
Updating learning rate to 0.01062882
	iters: 100, epoch: 10 | loss: 0.3335030
	speed: 0.0728s/iter; left time: 191.4248s
Epoch: 10 cost time: 5.1981823444366455
Epoch: 10, Steps: 130 | Train Loss: 0.3377779 Vali Loss: 0.6583696 Test Loss: 0.3674103
EarlyStopping counter: 5 out of 5
Early stopping
>>>>>>>testing : long_term_forecast_SPARSE_ETTm1_720_336_none_SparseTSF_ETTm1_sl720_pl336_dm128_nh8_el2_dl1_df32_fc1_ebtimeF_dtTrue_Sparse_0<<<<<<<<<<<<<<<<<<<<<<<<<<<<<<<<<
test 11185
mse:0.371734082698822, mae:0.3888426423072815
