Args in experiment:
Namespace(activation='gelu', anomaly_ratio=0.25, batch_size=256, c_out=7, channel_independence=1, checkpoints='./checkpoints/', comment='none', d_ff=32, d_layers=1, d_model=128, data='ETTm1', data_path='ETTm1.csv', dec_in=7, decomp_method='moving_avg', des='Sparse', devices='0,1', distil=True, down_sampling_layers=0, down_sampling_method='avg', down_sampling_window=1, drop_last=True, dropout=0.1, e_layers=2, embed='timeF', emissions_file='emissions.csv', emissions_output_dir='.', enc_in=7, factor=1, features='M', freq='h', gpu=0, inverse=False, is_training=1, itr=1, label_len=0, learning_rate=0.02, loss='MSE', lradj='type3', mask_rate=0.125, model='SparseTSF', model_id='SPARSE_ETTm1_96_96', model_type='linear', moving_avg=25, n_heads=8, num_kernels=6, num_workers=0, output_attention=False, p_hidden_dims=[128, 128], p_hidden_layers=2, patience=5, pct_start=0.2, period_len=4, pred_len=96, root_path='C:\\Users\\bbbal\\OneDrive\\Masaüstü\\timemixer\\dataset\\ETT-small', seasonal_patterns='Monthly', seq_len=96, target='OT', task_name='long_term_forecast', top_k=5, track_emissions=0, train_epochs=30, use_amp=False, use_future_temporal_feature=0, use_gpu=True, use_multi_gpu=False, use_norm=1)
Use GPU: cuda:0
>>>>>>>start training : long_term_forecast_SPARSE_ETTm1_96_96_none_SparseTSF_ETTm1_sl96_pl96_dm128_nh8_el2_dl1_df32_fc1_ebtimeF_dtTrue_Sparse_0>>>>>>>>>>>>>>>>>>>>>>>>>>
train 34369
val 11425
test 11425
	iters: 100, epoch: 1 | loss: 0.4343693
	speed: 0.0288s/iter; left time: 112.7838s
Epoch: 1 cost time: 3.2256462574005127
Epoch: 1, Steps: 134 | Train Loss: 0.4871650 Vali Loss: 0.5320215 Test Loss: 0.4944340
Validation loss decreased (inf --> 0.532021).  Saving model ...
Updating learning rate to 0.02
	iters: 100, epoch: 2 | loss: 0.3591644
	speed: 0.0200s/iter; left time: 75.5911s
Epoch: 2 cost time: 1.3560068607330322
Epoch: 2, Steps: 134 | Train Loss: 0.3623991 Vali Loss: 0.4214619 Test Loss: 0.3697928
Validation loss decreased (0.532021 --> 0.421462).  Saving model ...
Updating learning rate to 0.02
	iters: 100, epoch: 3 | loss: 0.3494033
	speed: 0.0218s/iter; left time: 79.8083s
Epoch: 3 cost time: 1.5049118995666504
Epoch: 3, Steps: 134 | Train Loss: 0.3476890 Vali Loss: 0.4209981 Test Loss: 0.3665778
Validation loss decreased (0.421462 --> 0.420998).  Saving model ...
Updating learning rate to 0.02
	iters: 100, epoch: 4 | loss: 0.3586149
	speed: 0.0228s/iter; left time: 80.2574s
Epoch: 4 cost time: 1.6011815071105957
Epoch: 4, Steps: 134 | Train Loss: 0.3470045 Vali Loss: 0.4243500 Test Loss: 0.3680751
EarlyStopping counter: 1 out of 5
Updating learning rate to 0.018000000000000002
	iters: 100, epoch: 5 | loss: 0.3068268
	speed: 0.0222s/iter; left time: 75.0613s
Epoch: 5 cost time: 1.5547020435333252
Epoch: 5, Steps: 134 | Train Loss: 0.3465960 Vali Loss: 0.4143533 Test Loss: 0.3596677
Validation loss decreased (0.420998 --> 0.414353).  Saving model ...
Updating learning rate to 0.016200000000000003
	iters: 100, epoch: 6 | loss: 0.3686674
	speed: 0.0221s/iter; left time: 71.9157s
Epoch: 6 cost time: 1.5253338813781738
Epoch: 6, Steps: 134 | Train Loss: 0.3465550 Vali Loss: 0.4253066 Test Loss: 0.3696780
EarlyStopping counter: 1 out of 5
Updating learning rate to 0.014580000000000003
	iters: 100, epoch: 7 | loss: 0.3218674
	speed: 0.0208s/iter; left time: 64.9371s
Epoch: 7 cost time: 1.4745173454284668
Epoch: 7, Steps: 134 | Train Loss: 0.3463989 Vali Loss: 0.4198042 Test Loss: 0.3661241
EarlyStopping counter: 2 out of 5
Updating learning rate to 0.013122
	iters: 100, epoch: 8 | loss: 0.3320144
	speed: 0.0217s/iter; left time: 64.6554s
Epoch: 8 cost time: 1.5255849361419678
Epoch: 8, Steps: 134 | Train Loss: 0.3462238 Vali Loss: 0.4206522 Test Loss: 0.3661239
EarlyStopping counter: 3 out of 5
Updating learning rate to 0.011809800000000002
	iters: 100, epoch: 9 | loss: 0.3706543
	speed: 0.0214s/iter; left time: 60.8412s
Epoch: 9 cost time: 1.5049865245819092
Epoch: 9, Steps: 134 | Train Loss: 0.3460600 Vali Loss: 0.4126834 Test Loss: 0.3621206
Validation loss decreased (0.414353 --> 0.412683).  Saving model ...
Updating learning rate to 0.01062882
	iters: 100, epoch: 10 | loss: 0.3341001
	speed: 0.0215s/iter; left time: 58.3282s
Epoch: 10 cost time: 1.5236599445343018
Epoch: 10, Steps: 134 | Train Loss: 0.3461237 Vali Loss: 0.4226246 Test Loss: 0.3690820
EarlyStopping counter: 1 out of 5
Updating learning rate to 0.009565938000000001
	iters: 100, epoch: 11 | loss: 0.3508229
	speed: 0.0216s/iter; left time: 55.6419s
Epoch: 11 cost time: 1.5119969844818115
Epoch: 11, Steps: 134 | Train Loss: 0.3458533 Vali Loss: 0.4136723 Test Loss: 0.3621689
EarlyStopping counter: 2 out of 5
Updating learning rate to 0.008609344200000002
	iters: 100, epoch: 12 | loss: 0.3520107
	speed: 0.0219s/iter; left time: 53.6208s
Epoch: 12 cost time: 1.5468711853027344
Epoch: 12, Steps: 134 | Train Loss: 0.3458662 Vali Loss: 0.4196994 Test Loss: 0.3658684
EarlyStopping counter: 3 out of 5
Updating learning rate to 0.007748409780000002
	iters: 100, epoch: 13 | loss: 0.3335091
	speed: 0.0217s/iter; left time: 50.2354s
Epoch: 13 cost time: 1.5579307079315186
Epoch: 13, Steps: 134 | Train Loss: 0.3459849 Vali Loss: 0.4166489 Test Loss: 0.3617153
EarlyStopping counter: 4 out of 5
Updating learning rate to 0.006973568802000002
	iters: 100, epoch: 14 | loss: 0.3140848
	speed: 0.0210s/iter; left time: 45.7805s
Epoch: 14 cost time: 1.497605800628662
Epoch: 14, Steps: 134 | Train Loss: 0.3460515 Vali Loss: 0.4184762 Test Loss: 0.3633052
EarlyStopping counter: 5 out of 5
Early stopping
>>>>>>>testing : long_term_forecast_SPARSE_ETTm1_96_96_none_SparseTSF_ETTm1_sl96_pl96_dm128_nh8_el2_dl1_df32_fc1_ebtimeF_dtTrue_Sparse_0<<<<<<<<<<<<<<<<<<<<<<<<<<<<<<<<<
test 11425
mse:0.36212077736854553, mae:0.3785842955112457
