Args in experiment:
Namespace(activation='gelu', anomaly_ratio=0.25, batch_size=256, c_out=7, channel_independence=1, checkpoints='./checkpoints/', comment='none', d_ff=32, d_layers=1, d_model=128, data='ETTm2', data_path='ETTm2.csv', dec_in=7, decomp_method='moving_avg', des='Sparse', devices='0,1', distil=True, down_sampling_layers=0, down_sampling_method='avg', down_sampling_window=1, drop_last=True, dropout=0.1, e_layers=2, embed='timeF', emissions_file='emissions.csv', emissions_output_dir='.', enc_in=7, factor=1, features='M', freq='h', gpu=0, inverse=False, is_training=1, itr=1, label_len=0, learning_rate=0.02, loss='MSE', lradj='type3', mask_rate=0.125, model='SparseTSF', model_id='SPARSE_ETTm2_720_192', model_type='linear', moving_avg=25, n_heads=8, num_kernels=6, num_workers=0, output_attention=False, p_hidden_dims=[128, 128], p_hidden_layers=2, patience=5, pct_start=0.2, period_len=4, pred_len=192, root_path='C:\\Users\\bbbal\\OneDrive\\Masaüstü\\timemixer\\dataset\\ETT-small', seasonal_patterns='Monthly', seq_len=720, target='OT', task_name='long_term_forecast', top_k=5, track_emissions=0, train_epochs=30, use_amp=False, use_future_temporal_feature=0, use_gpu=True, use_multi_gpu=False, use_norm=1)
Use GPU: cuda:0
>>>>>>>start training : long_term_forecast_SPARSE_ETTm2_720_192_none_SparseTSF_ETTm2_sl720_pl192_dm128_nh8_el2_dl1_df32_fc1_ebtimeF_dtTrue_Sparse_0>>>>>>>>>>>>>>>>>>>>>>>>>>
train 33649
val 11329
test 11329
	iters: 100, epoch: 1 | loss: 0.3882307
	speed: 0.0575s/iter; left time: 220.2223s
Epoch: 1 cost time: 6.9163501262664795
Epoch: 1, Steps: 131 | Train Loss: 0.3679996 Vali Loss: 0.1708753 Test Loss: 0.2414672
Validation loss decreased (inf --> 0.170875).  Saving model ...
Updating learning rate to 0.02
	iters: 100, epoch: 2 | loss: 0.2726676
	speed: 0.0683s/iter; left time: 252.8741s
Epoch: 2 cost time: 4.8767149448394775
Epoch: 2, Steps: 131 | Train Loss: 0.3095838 Vali Loss: 0.1564655 Test Loss: 0.2270026
Validation loss decreased (0.170875 --> 0.156465).  Saving model ...
Updating learning rate to 0.02
	iters: 100, epoch: 3 | loss: 0.3706943
	speed: 0.0680s/iter; left time: 242.5910s
Epoch: 3 cost time: 4.869007110595703
Epoch: 3, Steps: 131 | Train Loss: 0.3000835 Vali Loss: 0.1553995 Test Loss: 0.2236544
Validation loss decreased (0.156465 --> 0.155400).  Saving model ...
Updating learning rate to 0.02
	iters: 100, epoch: 4 | loss: 0.2764133
	speed: 0.0676s/iter; left time: 232.4308s
Epoch: 4 cost time: 4.890924453735352
Epoch: 4, Steps: 131 | Train Loss: 0.3000853 Vali Loss: 0.1537705 Test Loss: 0.2206552
Validation loss decreased (0.155400 --> 0.153771).  Saving model ...
Updating learning rate to 0.018000000000000002
	iters: 100, epoch: 5 | loss: 0.2813891
	speed: 0.0681s/iter; left time: 225.2623s
Epoch: 5 cost time: 4.883120536804199
Epoch: 5, Steps: 131 | Train Loss: 0.2976012 Vali Loss: 0.1541373 Test Loss: 0.2201119
EarlyStopping counter: 1 out of 5
Updating learning rate to 0.016200000000000003
	iters: 100, epoch: 6 | loss: 0.2987986
	speed: 0.0679s/iter; left time: 215.6328s
Epoch: 6 cost time: 4.900419473648071
Epoch: 6, Steps: 131 | Train Loss: 0.2960447 Vali Loss: 0.1531826 Test Loss: 0.2193865
Validation loss decreased (0.153771 --> 0.153183).  Saving model ...
Updating learning rate to 0.014580000000000003
	iters: 100, epoch: 7 | loss: 0.3299670
	speed: 0.0746s/iter; left time: 227.1937s
Epoch: 7 cost time: 5.43917441368103
Epoch: 7, Steps: 131 | Train Loss: 0.2951309 Vali Loss: 0.1516826 Test Loss: 0.2205100
Validation loss decreased (0.153183 --> 0.151683).  Saving model ...
Updating learning rate to 0.013122
	iters: 100, epoch: 8 | loss: 0.3020303
	speed: 0.0707s/iter; left time: 205.9558s
Epoch: 8 cost time: 5.027367115020752
Epoch: 8, Steps: 131 | Train Loss: 0.2931805 Vali Loss: 0.1519376 Test Loss: 0.2195418
EarlyStopping counter: 1 out of 5
Updating learning rate to 0.011809800000000002
	iters: 100, epoch: 9 | loss: 0.2583001
	speed: 0.0697s/iter; left time: 193.9280s
Epoch: 9 cost time: 4.981434106826782
Epoch: 9, Steps: 131 | Train Loss: 0.2931406 Vali Loss: 0.1547940 Test Loss: 0.2189434
EarlyStopping counter: 2 out of 5
Updating learning rate to 0.01062882
	iters: 100, epoch: 10 | loss: 0.2440315
	speed: 0.0705s/iter; left time: 187.0001s
Epoch: 10 cost time: 5.330749034881592
Epoch: 10, Steps: 131 | Train Loss: 0.2932875 Vali Loss: 0.1521413 Test Loss: 0.2169724
EarlyStopping counter: 3 out of 5
Updating learning rate to 0.009565938000000001
	iters: 100, epoch: 11 | loss: 0.2754547
	speed: 0.0850s/iter; left time: 214.3625s
Epoch: 11 cost time: 5.459005832672119
Epoch: 11, Steps: 131 | Train Loss: 0.2933766 Vali Loss: 0.1527690 Test Loss: 0.2200806
EarlyStopping counter: 4 out of 5
Updating learning rate to 0.008609344200000002
	iters: 100, epoch: 12 | loss: 0.2226796
	speed: 0.0788s/iter; left time: 188.2319s
Epoch: 12 cost time: 5.541586875915527
Epoch: 12, Steps: 131 | Train Loss: 0.2919469 Vali Loss: 0.1514272 Test Loss: 0.2196366
Validation loss decreased (0.151683 --> 0.151427).  Saving model ...
Updating learning rate to 0.007748409780000002
	iters: 100, epoch: 13 | loss: 0.2527915
	speed: 0.0823s/iter; left time: 185.9318s
Epoch: 13 cost time: 5.5851263999938965
Epoch: 13, Steps: 131 | Train Loss: 0.2920526 Vali Loss: 0.1522320 Test Loss: 0.2188049
EarlyStopping counter: 1 out of 5
Updating learning rate to 0.006973568802000002
	iters: 100, epoch: 14 | loss: 0.2913999
	speed: 0.0715s/iter; left time: 152.0654s
Epoch: 14 cost time: 5.045110464096069
Epoch: 14, Steps: 131 | Train Loss: 0.2914156 Vali Loss: 0.1516523 Test Loss: 0.2180511
EarlyStopping counter: 2 out of 5
Updating learning rate to 0.006276211921800001
	iters: 100, epoch: 15 | loss: 0.2885381
	speed: 0.0700s/iter; left time: 139.8635s
Epoch: 15 cost time: 5.004439115524292
Epoch: 15, Steps: 131 | Train Loss: 0.2916766 Vali Loss: 0.1521905 Test Loss: 0.2205290
EarlyStopping counter: 3 out of 5
Updating learning rate to 0.005648590729620003
	iters: 100, epoch: 16 | loss: 0.2941183
	speed: 0.0717s/iter; left time: 133.7458s
Epoch: 16 cost time: 5.119043588638306
Epoch: 16, Steps: 131 | Train Loss: 0.2913060 Vali Loss: 0.1523605 Test Loss: 0.2194016
EarlyStopping counter: 4 out of 5
Updating learning rate to 0.005083731656658002
	iters: 100, epoch: 17 | loss: 0.3494357
	speed: 0.0704s/iter; left time: 122.2162s
Epoch: 17 cost time: 5.11859130859375
Epoch: 17, Steps: 131 | Train Loss: 0.2902664 Vali Loss: 0.1521272 Test Loss: 0.2185181
EarlyStopping counter: 5 out of 5
Early stopping
>>>>>>>testing : long_term_forecast_SPARSE_ETTm2_720_192_none_SparseTSF_ETTm2_sl720_pl192_dm128_nh8_el2_dl1_df32_fc1_ebtimeF_dtTrue_Sparse_0<<<<<<<<<<<<<<<<<<<<<<<<<<<<<<<<<
test 11329
mse:0.21963655948638916, mae:0.29170775413513184
