Args in experiment:
Namespace(activation='gelu', anomaly_ratio=0.25, batch_size=256, c_out=7, channel_independence=1, checkpoints='./checkpoints/', comment='none', d_ff=32, d_layers=1, d_model=128, data='ETTm2', data_path='ETTm2.csv', dec_in=7, decomp_method='moving_avg', des='Sparse', devices='0,1', distil=True, down_sampling_layers=0, down_sampling_method='avg', down_sampling_window=1, drop_last=True, dropout=0.1, e_layers=2, embed='timeF', emissions_file='emissions.csv', emissions_output_dir='.', enc_in=7, factor=1, features='M', freq='h', gpu=0, inverse=False, is_training=1, itr=1, label_len=0, learning_rate=0.02, loss='MSE', lradj='type3', mask_rate=0.125, model='SparseTSF', model_id='SPARSE_ETTm2_720_336', model_type='linear', moving_avg=25, n_heads=8, num_kernels=6, num_workers=0, output_attention=False, p_hidden_dims=[128, 128], p_hidden_layers=2, patience=5, pct_start=0.2, period_len=4, pred_len=336, root_path='<workspace>\\dataset\\ETT-small', seasonal_patterns='Monthly', seq_len=720, target='OT', task_name='long_term_forecast', top_k=5, track_emissions=0, train_epochs=30, use_amp=False, use_future_temporal_feature=0, use_gpu=True, use_multi_gpu=False, use_norm=1)
Use GPU: cuda:0
>>>>>>>start training : long_term_forecast_SPARSE_ETTm2_720_336_none_SparseTSF_ETTm2_sl720_pl336_dm128_nh8_el2_dl1_df32_fc1_ebtimeF_dtTrue_Sparse_0>>>>>>>>>>>>>>>>>>>>>>>>>>
train 33505
val 11185
test 11185
	iters: 100, epoch: 1 | loss: 0.3712682
	speed: 0.0610s/iter; left time: 231.8007s
Epoch: 1 cost time: 7.380422592163086
Epoch: 1, Steps: 130 | Train Loss: 0.4401698 Vali Loss: 0.2108288 Test Loss: 0.2914671
Validation loss decreased (inf --> 0.210829).  Saving model ...
Updating learning rate to 0.02
	iters: 100, epoch: 2 | loss: 0.4279594
	speed: 0.0739s/iter; left time: 271.3703s
Epoch: 2 cost time: 5.130691051483154
Epoch: 2, Steps: 130 | Train Loss: 0.3913115 Vali Loss: 0.1977431 Test Loss: 0.2781112
Validation loss decreased (0.210829 --> 0.197743).  Saving model ...
Updating learning rate to 0.02
	iters: 100, epoch: 3 | loss: 0.3566380
	speed: 0.0732s/iter; left time: 259.1744s
Epoch: 3 cost time: 5.173727035522461
Epoch: 3, Steps: 130 | Train Loss: 0.3839444 Vali Loss: 0.1946707 Test Loss: 0.2737274
Validation loss decreased (0.197743 --> 0.194671).  Saving model ...
Updating learning rate to 0.02
	iters: 100, epoch: 4 | loss: 0.3986272
	speed: 0.0729s/iter; left time: 248.7064s
Epoch: 4 cost time: 5.149901866912842
Epoch: 4, Steps: 130 | Train Loss: 0.3812411 Vali Loss: 0.1948565 Test Loss: 0.2731549
EarlyStopping counter: 1 out of 5
Updating learning rate to 0.018000000000000002
	iters: 100, epoch: 5 | loss: 0.3982324
	speed: 0.0726s/iter; left time: 238.2906s
Epoch: 5 cost time: 5.11806583404541
Epoch: 5, Steps: 130 | Train Loss: 0.3812355 Vali Loss: 0.1915329 Test Loss: 0.2720175
Validation loss decreased (0.194671 --> 0.191533).  Saving model ...
Updating learning rate to 0.016200000000000003
	iters: 100, epoch: 6 | loss: 0.4784274
	speed: 0.0729s/iter; left time: 229.5652s
Epoch: 6 cost time: 5.181670427322388
Epoch: 6, Steps: 130 | Train Loss: 0.3798201 Vali Loss: 0.1941478 Test Loss: 0.2735011
EarlyStopping counter: 1 out of 5
Updating learning rate to 0.014580000000000003
	iters: 100, epoch: 7 | loss: 0.2903168
	speed: 0.0726s/iter; left time: 219.2892s
Epoch: 7 cost time: 5.095548391342163
Epoch: 7, Steps: 130 | Train Loss: 0.3792558 Vali Loss: 0.1934530 Test Loss: 0.2717310
EarlyStopping counter: 2 out of 5
Updating learning rate to 0.013122
	iters: 100, epoch: 8 | loss: 0.3839933
	speed: 0.0745s/iter; left time: 215.5189s
Epoch: 8 cost time: 5.320704460144043
Epoch: 8, Steps: 130 | Train Loss: 0.3808924 Vali Loss: 0.1930383 Test Loss: 0.2716552
EarlyStopping counter: 3 out of 5
Updating learning rate to 0.011809800000000002
	iters: 100, epoch: 9 | loss: 0.4555100
	speed: 0.0717s/iter; left time: 197.9432s
Epoch: 9 cost time: 5.122199535369873
Epoch: 9, Steps: 130 | Train Loss: 0.3786640 Vali Loss: 0.1930639 Test Loss: 0.2720782
EarlyStopping counter: 4 out of 5
Updating learning rate to 0.01062882
	iters: 100, epoch: 10 | loss: 0.3181744
	speed: 0.0770s/iter; left time: 202.6201s
Epoch: 10 cost time: 5.375967979431152
Epoch: 10, Steps: 130 | Train Loss: 0.3781996 Vali Loss: 0.1943035 Test Loss: 0.2734958
EarlyStopping counter: 5 out of 5
Early stopping
>>>>>>>testing : long_term_forecast_SPARSE_ETTm2_720_336_none_SparseTSF_ETTm2_sl720_pl336_dm128_nh8_el2_dl1_df32_fc1_ebtimeF_dtTrue_Sparse_0<<<<<<<<<<<<<<<<<<<<<<<<<<<<<<<<<
test 11185
mse:0.2720176875591278, mae:0.32752135396003723
