Args in experiment:
Namespace(activation='gelu', anomaly_ratio=0.25, batch_size=256, c_out=7, channel_independence=1, checkpoints='./checkpoints/', comment='none', d_ff=32, d_layers=1, d_model=128, data='ETTm2', data_path='ETTm2.csv', dec_in=7, decomp_method='moving_avg', des='Sparse', devices='0,1', distil=True, down_sampling_layers=0, down_sampling_method='avg', down_sampling_window=1, drop_last=True, dropout=0.1, e_layers=2, embed='timeF', emissions_file='emissions.csv', emissions_output_dir='.', enc_in=7, factor=1, features='M', freq='h', gpu=0, inverse=False, is_training=1, itr=1, label_len=0, learning_rate=0.02, loss='MSE', lradj='type3', mask_rate=0.125, model='SparseTSF', model_id='SPARSE_ETTm2_720_720', model_type='linear', moving_avg=25, n_heads=8, num_kernels=6, num_workers=0, output_attention=False, p_hidden_dims=[128, 128], p_hidden_layers=2, patience=5, pct_start=0.2, period_len=4, pred_len=720, root_path='<workspace>\\dataset\\ETT-small', seasonal_patterns='Monthly', seq_len=720, target='OT', task_name='long_term_forecast', top_k=5, track_emissions=0, train_epochs=30, use_amp=False, use_future_temporal_feature=0, use_gpu=True, use_multi_gpu=False, use_norm=1)
Use GPU: cuda:0
>>>>>>>start training : long_term_forecast_SPARSE_ETTm2_720_720_none_SparseTSF_ETTm2_sl720_pl720_dm128_nh8_el2_dl1_df32_fc1_ebtimeF_dtTrue_Sparse_0>>>>>>>>>>>>>>>>>>>>>>>>>>
train 33121
val 10801
test 10801
	iters: 100, epoch: 1 | loss: 0.5491406
	speed: 0.0743s/iter; left time: 280.1037s
Epoch: 1 cost time: 8.90809178352356
Epoch: 1, Steps: 129 | Train Loss: 0.5494475 Vali Loss: 0.2772685 Test Loss: 0.3650944
Validation loss decreased (inf --> 0.277269).  Saving model ...
Updating learning rate to 0.02
	iters: 100, epoch: 2 | loss: 0.4928644
	speed: 0.1005s/iter; left time: 365.8502s
Epoch: 2 cost time: 6.916696548461914
Epoch: 2, Steps: 129 | Train Loss: 0.5108860 Vali Loss: 0.2693156 Test Loss: 0.3539961
Validation loss decreased (0.277269 --> 0.269316).  Saving model ...
Updating learning rate to 0.02
	iters: 100, epoch: 3 | loss: 0.5095419
	speed: 0.1010s/iter; left time: 354.7960s
Epoch: 3 cost time: 6.748124837875366
Epoch: 3, Steps: 129 | Train Loss: 0.5059025 Vali Loss: 0.2666993 Test Loss: 0.3576418
Validation loss decreased (0.269316 --> 0.266699).  Saving model ...
Updating learning rate to 0.02
	iters: 100, epoch: 4 | loss: 0.4978573
	speed: 0.1000s/iter; left time: 338.2678s
Epoch: 4 cost time: 6.703845977783203
Epoch: 4, Steps: 129 | Train Loss: 0.5014097 Vali Loss: 0.2631407 Test Loss: 0.3532776
Validation loss decreased (0.266699 --> 0.263141).  Saving model ...
Updating learning rate to 0.018000000000000002
	iters: 100, epoch: 5 | loss: 0.5677736
	speed: 0.0951s/iter; left time: 309.5860s
Epoch: 5 cost time: 6.0305376052856445
Epoch: 5, Steps: 129 | Train Loss: 0.5007242 Vali Loss: 0.2638002 Test Loss: 0.3494799
EarlyStopping counter: 1 out of 5
Updating learning rate to 0.016200000000000003
	iters: 100, epoch: 6 | loss: 0.5123263
	speed: 0.0885s/iter; left time: 276.6479s
Epoch: 6 cost time: 6.059303045272827
Epoch: 6, Steps: 129 | Train Loss: 0.4992675 Vali Loss: 0.2655763 Test Loss: 0.3492169
EarlyStopping counter: 2 out of 5
Updating learning rate to 0.014580000000000003
	iters: 100, epoch: 7 | loss: 0.5466352
	speed: 0.0857s/iter; left time: 256.7788s
Epoch: 7 cost time: 5.963779449462891
Epoch: 7, Steps: 129 | Train Loss: 0.4989969 Vali Loss: 0.2604679 Test Loss: 0.3508201
Validation loss decreased (0.263141 --> 0.260468).  Saving model ...
Updating learning rate to 0.013122
	iters: 100, epoch: 8 | loss: 0.4925301
	speed: 0.0873s/iter; left time: 250.4700s
Epoch: 8 cost time: 6.012515544891357
Epoch: 8, Steps: 129 | Train Loss: 0.4970140 Vali Loss: 0.2625744 Test Loss: 0.3476417
EarlyStopping counter: 1 out of 5
Updating learning rate to 0.011809800000000002
	iters: 100, epoch: 9 | loss: 0.4876074
	speed: 0.0868s/iter; left time: 237.6423s
Epoch: 9 cost time: 6.212553977966309
Epoch: 9, Steps: 129 | Train Loss: 0.4981372 Vali Loss: 0.2636229 Test Loss: 0.3480374
EarlyStopping counter: 2 out of 5
Updating learning rate to 0.01062882
	iters: 100, epoch: 10 | loss: 0.4516782
	speed: 0.0967s/iter; left time: 252.3104s
Epoch: 10 cost time: 6.472139120101929
Epoch: 10, Steps: 129 | Train Loss: 0.4987909 Vali Loss: 0.2629354 Test Loss: 0.3500937
EarlyStopping counter: 3 out of 5
Updating learning rate to 0.009565938000000001
	iters: 100, epoch: 11 | loss: 0.4176396
	speed: 0.0941s/iter; left time: 233.5263s
Epoch: 11 cost time: 6.103400945663452
Epoch: 11, Steps: 129 | Train Loss: 0.4983701 Vali Loss: 0.2617698 Test Loss: 0.3500296
EarlyStopping counter: 4 out of 5
Updating learning rate to 0.008609344200000002
	iters: 100, epoch: 12 | loss: 0.4093159
	speed: 0.0922s/iter; left time: 216.8760s
Epoch: 12 cost time: 6.6878650188446045
Epoch: 12, Steps: 129 | Train Loss: 0.4967683 Vali Loss: 0.2625523 Test Loss: 0.3482145
EarlyStopping counter: 5 out of 5
Early stopping
>>>>>>>testing : long_term_forecast_SPARSE_ETTm2_720_720_none_SparseTSF_ETTm2_sl720_pl720_dm128_nh8_el2_dl1_df32_fc1_ebtimeF_dtTrue_Sparse_0<<<<<<<<<<<<<<<<<<<<<<<<<<<<<<<<<
test 10801
mse:0.35082051157951355, mae:0.3790125846862793
