Args in experiment:
Namespace(activation='gelu', anomaly_ratio=0.25, batch_size=256, c_out=21, channel_independence=1, checkpoints='./checkpoints/', comment='none', d_ff=32, d_layers=1, d_model=128, data='custom', data_path='weather.csv', dec_in=21, decomp_method='moving_avg', des='Sparse', devices='0,1', distil=True, down_sampling_layers=0, down_sampling_method='avg', down_sampling_window=1, drop_last=True, dropout=0.1, e_layers=2, embed='timeF', emissions_file='emissions.csv', emissions_output_dir='.', enc_in=21, factor=3, features='M', freq='h', gpu=0, inverse=False, is_training=1, itr=1, label_len=0, learning_rate=0.02, loss='MSE', lradj='type3', mask_rate=0.125, model='SparseTSF', model_id='SPARSE_Weather_96_720', model_type='linear', moving_avg=25, n_heads=8, num_kernels=6, num_workers=0, output_attention=False, p_hidden_dims=[128, 128], p_hidden_layers=2, patience=5, pct_start=0.2, period_len=4, pred_len=720, root_path='C:\\Users\\bbbal\\OneDrive\\Masaüstü\\timemixer\\dataset\\weather', seasonal_patterns='Monthly', seq_len=96, target='OT', task_name='long_term_forecast', top_k=5, track_emissions=0, train_epochs=30, use_amp=False, use_future_temporal_feature=0, use_gpu=True, use_multi_gpu=False, use_norm=1)
Use GPU: cuda:0
>>>>>>>start training : long_term_forecast_SPARSE_Weather_96_720_none_SparseTSF_custom_sl96_pl720_dm128_nh8_el2_dl1_df32_fc3_ebtimeF_dtTrue_Sparse_0>>>>>>>>>>>>>>>>>>>>>>>>>>
train 36072
val 4551
test 9820
	iters: 100, epoch: 1 | loss: 0.8088401
	speed: 0.0548s/iter; left time: 224.9014s
Epoch: 1 cost time: 7.005412817001343
Epoch: 1, Steps: 140 | Train Loss: 0.8719632 Vali Loss: 0.8253898 Test Loss: 0.3799347
Validation loss decreased (inf --> 0.825390).  Saving model ...
Updating learning rate to 0.02
	iters: 100, epoch: 2 | loss: 0.6875439
	speed: 0.0705s/iter; left time: 279.4391s
Epoch: 2 cost time: 5.697240591049194
Epoch: 2, Steps: 140 | Train Loss: 0.7418508 Vali Loss: 0.7745805 Test Loss: 0.3645879
Validation loss decreased (0.825390 --> 0.774581).  Saving model ...
Updating learning rate to 0.02
	iters: 100, epoch: 3 | loss: 0.7972876
	speed: 0.0726s/iter; left time: 277.4971s
Epoch: 3 cost time: 5.909372568130493
Epoch: 3, Steps: 140 | Train Loss: 0.7300489 Vali Loss: 0.7756234 Test Loss: 0.3633559
EarlyStopping counter: 1 out of 5
Updating learning rate to 0.02
	iters: 100, epoch: 4 | loss: 0.6600710
	speed: 0.0773s/iter; left time: 284.5664s
Epoch: 4 cost time: 5.943997144699097
Epoch: 4, Steps: 140 | Train Loss: 0.7281091 Vali Loss: 0.7726151 Test Loss: 0.3625360
Validation loss decreased (0.774581 --> 0.772615).  Saving model ...
Updating learning rate to 0.018000000000000002
	iters: 100, epoch: 5 | loss: 0.6228181
	speed: 0.0761s/iter; left time: 269.4791s
Epoch: 5 cost time: 5.955059766769409
Epoch: 5, Steps: 140 | Train Loss: 0.7284934 Vali Loss: 0.7723100 Test Loss: 0.3625773
Validation loss decreased (0.772615 --> 0.772310).  Saving model ...
Updating learning rate to 0.016200000000000003
	iters: 100, epoch: 6 | loss: 0.7363907
	speed: 0.0739s/iter; left time: 251.4663s
Epoch: 6 cost time: 5.7227396965026855
Epoch: 6, Steps: 140 | Train Loss: 0.7282744 Vali Loss: 0.7739517 Test Loss: 0.3629111
EarlyStopping counter: 1 out of 5
Updating learning rate to 0.014580000000000003
	iters: 100, epoch: 7 | loss: 0.7626057
	speed: 0.0844s/iter; left time: 275.1063s
Epoch: 7 cost time: 6.5967583656311035
Epoch: 7, Steps: 140 | Train Loss: 0.7277090 Vali Loss: 0.7728480 Test Loss: 0.3623682
EarlyStopping counter: 2 out of 5
Updating learning rate to 0.013122
	iters: 100, epoch: 8 | loss: 0.7825433
	speed: 0.0813s/iter; left time: 253.5839s
Epoch: 8 cost time: 9.42427945137024
Epoch: 8, Steps: 140 | Train Loss: 0.7278542 Vali Loss: 0.7736543 Test Loss: 0.3628154
EarlyStopping counter: 3 out of 5
Updating learning rate to 0.011809800000000002
	iters: 100, epoch: 9 | loss: 0.8053755
	speed: 0.1793s/iter; left time: 534.6030s
Epoch: 9 cost time: 11.216256618499756
Epoch: 9, Steps: 140 | Train Loss: 0.7280660 Vali Loss: 0.7706172 Test Loss: 0.3629592
Validation loss decreased (0.772310 --> 0.770617).  Saving model ...
Updating learning rate to 0.01062882
	iters: 100, epoch: 10 | loss: 0.8120404
	speed: 0.1085s/iter; left time: 308.3896s
Epoch: 10 cost time: 6.710835695266724
Epoch: 10, Steps: 140 | Train Loss: 0.7288142 Vali Loss: 0.7727220 Test Loss: 0.3628215
EarlyStopping counter: 1 out of 5
Updating learning rate to 0.009565938000000001
	iters: 100, epoch: 11 | loss: 0.7910935
	speed: 0.0789s/iter; left time: 213.1366s
Epoch: 11 cost time: 6.098919630050659
Epoch: 11, Steps: 140 | Train Loss: 0.7275358 Vali Loss: 0.7795216 Test Loss: 0.3654272
EarlyStopping counter: 2 out of 5
Updating learning rate to 0.008609344200000002
	iters: 100, epoch: 12 | loss: 0.6726147
	speed: 0.0757s/iter; left time: 193.9821s
Epoch: 12 cost time: 5.916344165802002
Epoch: 12, Steps: 140 | Train Loss: 0.7279885 Vali Loss: 0.7747225 Test Loss: 0.3631950
EarlyStopping counter: 3 out of 5
Updating learning rate to 0.007748409780000002
	iters: 100, epoch: 13 | loss: 0.6929008
	speed: 0.0787s/iter; left time: 190.6040s
Epoch: 13 cost time: 6.425096035003662
Epoch: 13, Steps: 140 | Train Loss: 0.7284084 Vali Loss: 0.7699497 Test Loss: 0.3617864
Validation loss decreased (0.770617 --> 0.769950).  Saving model ...
Updating learning rate to 0.006973568802000002
	iters: 100, epoch: 14 | loss: 0.7397428
	speed: 0.0819s/iter; left time: 186.7672s
Epoch: 14 cost time: 5.84119987487793
Epoch: 14, Steps: 140 | Train Loss: 0.7281980 Vali Loss: 0.7734717 Test Loss: 0.3631692
EarlyStopping counter: 1 out of 5
Updating learning rate to 0.006276211921800001
	iters: 100, epoch: 15 | loss: 0.7727419
	speed: 0.0752s/iter; left time: 160.9325s
Epoch: 15 cost time: 6.113696098327637
Epoch: 15, Steps: 140 | Train Loss: 0.7276875 Vali Loss: 0.7734273 Test Loss: 0.3627787
EarlyStopping counter: 2 out of 5
Updating learning rate to 0.005648590729620003
	iters: 100, epoch: 16 | loss: 0.7339547
	speed: 0.0769s/iter; left time: 153.9417s
Epoch: 16 cost time: 5.9474546909332275
Epoch: 16, Steps: 140 | Train Loss: 0.7278096 Vali Loss: 0.7731341 Test Loss: 0.3635265
EarlyStopping counter: 3 out of 5
Updating learning rate to 0.005083731656658002
	iters: 100, epoch: 17 | loss: 0.7847568
	speed: 0.0752s/iter; left time: 139.8952s
Epoch: 17 cost time: 5.934342384338379
Epoch: 17, Steps: 140 | Train Loss: 0.7276639 Vali Loss: 0.7695973 Test Loss: 0.3627761
Validation loss decreased (0.769950 --> 0.769597).  Saving model ...
Updating learning rate to 0.004575358490992202
	iters: 100, epoch: 18 | loss: 0.7188102
	speed: 0.0750s/iter; left time: 129.0616s
Epoch: 18 cost time: 5.919391870498657
Epoch: 18, Steps: 140 | Train Loss: 0.7275119 Vali Loss: 0.7742488 Test Loss: 0.3626087
EarlyStopping counter: 1 out of 5
Updating learning rate to 0.004117822641892982
	iters: 100, epoch: 19 | loss: 0.6904879
	speed: 0.0755s/iter; left time: 119.4093s
Epoch: 19 cost time: 5.945707082748413
Epoch: 19, Steps: 140 | Train Loss: 0.7267513 Vali Loss: 0.7740399 Test Loss: 0.3636897
EarlyStopping counter: 2 out of 5
Updating learning rate to 0.0037060403777036833
	iters: 100, epoch: 20 | loss: 0.7148901
	speed: 0.0765s/iter; left time: 110.2121s
Epoch: 20 cost time: 6.060051918029785
Epoch: 20, Steps: 140 | Train Loss: 0.7263459 Vali Loss: 0.7752622 Test Loss: 0.3634513
EarlyStopping counter: 3 out of 5
Updating learning rate to 0.0033354363399333152
	iters: 100, epoch: 21 | loss: 0.6805207
	speed: 0.0751s/iter; left time: 97.6554s
Epoch: 21 cost time: 5.962759733200073
Epoch: 21, Steps: 140 | Train Loss: 0.7267034 Vali Loss: 0.7716906 Test Loss: 0.3633064
EarlyStopping counter: 4 out of 5
Updating learning rate to 0.0030018927059399835
	iters: 100, epoch: 22 | loss: 0.6870784
	speed: 0.0760s/iter; left time: 88.2371s
Epoch: 22 cost time: 6.006424427032471
Epoch: 22, Steps: 140 | Train Loss: 0.7268961 Vali Loss: 0.7731519 Test Loss: 0.3635490
EarlyStopping counter: 5 out of 5
Early stopping
>>>>>>>testing : long_term_forecast_SPARSE_Weather_96_720_none_SparseTSF_custom_sl96_pl720_dm128_nh8_el2_dl1_df32_fc3_ebtimeF_dtTrue_Sparse_0<<<<<<<<<<<<<<<<<<<<<<<<<<<<<<<<<
test 9820
mse:0.3627757132053375, mae:0.35481154918670654
