Args in experiment:
Namespace(activation='gelu', anomaly_ratio=0.25, batch_size=256, c_out=21, channel_independence=1, checkpoints='./checkpoints/', comment='none', d_ff=32, d_layers=1, d_model=128, data='custom', data_path='weather.csv', dec_in=21, decomp_method='moving_avg', des='Sparse', devices='0,1', distil=True, down_sampling_layers=0, down_sampling_method='avg', down_sampling_window=1, drop_last=True, dropout=0.1, e_layers=2, embed='timeF', emissions_file='emissions.csv', emissions_output_dir='.', enc_in=21, factor=3, features='M', freq='h', gpu=0, inverse=False, is_training=1, itr=1, label_len=0, learning_rate=0.02, loss='MSE', lradj='type3', mask_rate=0.125, model='SparseTSF', model_id='SPARSE_Weather_96_336', model_type='linear', moving_avg=25, n_heads=8, num_kernels=6, num_workers=0, output_attention=False, p_hidden_dims=[128, 128], p_hidden_layers=2, patience=5, pct_start=0.2, period_len=4, pred_len=336, root_path='<workspace>\\dataset\\weather', seasonal_patterns='Monthly', seq_len=96, target='OT', task_name='long_term_forecast', top_k=5, track_emissions=0, train_epochs=30, use_amp=False, use_future_temporal_feature=0, use_gpu=True, use_multi_gpu=False, use_norm=1)
Use GPU: cuda:0
>>>>>>>start training : long_term_forecast_SPARSE_Weather_96_336_none_SparseTSF_custom_sl96_pl336_dm128_nh8_el2_dl1_df32_fc3_ebtimeF_dtTrue_Sparse_0>>>>>>>>>>>>>>>>>>>>>>>>>>
train 36456
val 4935
test 10204
	iters: 100, epoch: 1 | loss: 0.7998443
	speed: 0.0434s/iter; left time: 180.7121s
Epoch: 1 cost time: 5.408942937850952
Epoch: 1, Steps: 142 | Train Loss: 0.7974444 Vali Loss: 0.7090010 Test Loss: 0.3108512
Validation loss decreased (inf --> 0.709001).  Saving model ...
Updating learning rate to 0.02
	iters: 100, epoch: 2 | loss: 0.7210854
	speed: 0.0474s/iter; left time: 190.4019s
Epoch: 2 cost time: 3.782015800476074
Epoch: 2, Steps: 142 | Train Loss: 0.6602437 Vali Loss: 0.6567832 Test Loss: 0.2940634
Validation loss decreased (0.709001 --> 0.656783).  Saving model ...
Updating learning rate to 0.02
	iters: 100, epoch: 3 | loss: 0.6456555
	speed: 0.0471s/iter; left time: 182.7259s
Epoch: 3 cost time: 3.7062740325927734
Epoch: 3, Steps: 142 | Train Loss: 0.6478268 Vali Loss: 0.6548980 Test Loss: 0.2932200
Validation loss decreased (0.656783 --> 0.654898).  Saving model ...
Updating learning rate to 0.02
	iters: 100, epoch: 4 | loss: 0.6949783
	speed: 0.0473s/iter; left time: 176.4947s
Epoch: 4 cost time: 3.7178311347961426
Epoch: 4, Steps: 142 | Train Loss: 0.6472479 Vali Loss: 0.6528173 Test Loss: 0.2919572
Validation loss decreased (0.654898 --> 0.652817).  Saving model ...
Updating learning rate to 0.018000000000000002
	iters: 100, epoch: 5 | loss: 0.5632855
	speed: 0.0471s/iter; left time: 169.1013s
Epoch: 5 cost time: 3.72426438331604
Epoch: 5, Steps: 142 | Train Loss: 0.6462157 Vali Loss: 0.6596768 Test Loss: 0.2955299
EarlyStopping counter: 1 out of 5
Updating learning rate to 0.016200000000000003
	iters: 100, epoch: 6 | loss: 0.6209059
	speed: 0.0483s/iter; left time: 166.8154s
Epoch: 6 cost time: 3.8495309352874756
Epoch: 6, Steps: 142 | Train Loss: 0.6470412 Vali Loss: 0.6523832 Test Loss: 0.2913448
Validation loss decreased (0.652817 --> 0.652383).  Saving model ...
Updating learning rate to 0.014580000000000003
	iters: 100, epoch: 7 | loss: 0.5423062
	speed: 0.0469s/iter; left time: 155.1698s
Epoch: 7 cost time: 3.688642740249634
Epoch: 7, Steps: 142 | Train Loss: 0.6463661 Vali Loss: 0.6533194 Test Loss: 0.2931188
EarlyStopping counter: 1 out of 5
Updating learning rate to 0.013122
	iters: 100, epoch: 8 | loss: 0.5830619
	speed: 0.0473s/iter; left time: 149.6552s
Epoch: 8 cost time: 3.7333261966705322
Epoch: 8, Steps: 142 | Train Loss: 0.6460160 Vali Loss: 0.6491632 Test Loss: 0.2923099
Validation loss decreased (0.652383 --> 0.649163).  Saving model ...
Updating learning rate to 0.011809800000000002
	iters: 100, epoch: 9 | loss: 0.6441684
	speed: 0.0475s/iter; left time: 143.6154s
Epoch: 9 cost time: 3.738675832748413
Epoch: 9, Steps: 142 | Train Loss: 0.6462073 Vali Loss: 0.6540205 Test Loss: 0.2925915
EarlyStopping counter: 1 out of 5
Updating learning rate to 0.01062882
	iters: 100, epoch: 10 | loss: 0.7875683
	speed: 0.0471s/iter; left time: 135.7845s
Epoch: 10 cost time: 3.7049357891082764
Epoch: 10, Steps: 142 | Train Loss: 0.6464032 Vali Loss: 0.6521528 Test Loss: 0.2923605
EarlyStopping counter: 2 out of 5
Updating learning rate to 0.009565938000000001
	iters: 100, epoch: 11 | loss: 0.6784348
	speed: 0.0469s/iter; left time: 128.4175s
Epoch: 11 cost time: 3.7441964149475098
Epoch: 11, Steps: 142 | Train Loss: 0.6458537 Vali Loss: 0.6511045 Test Loss: 0.2925225
EarlyStopping counter: 3 out of 5
Updating learning rate to 0.008609344200000002
	iters: 100, epoch: 12 | loss: 0.6045905
	speed: 0.0494s/iter; left time: 128.4063s
Epoch: 12 cost time: 3.7609622478485107
Epoch: 12, Steps: 142 | Train Loss: 0.6453360 Vali Loss: 0.6540536 Test Loss: 0.2939042
EarlyStopping counter: 4 out of 5
Updating learning rate to 0.007748409780000002
	iters: 100, epoch: 13 | loss: 0.5895064
	speed: 0.0467s/iter; left time: 114.8470s
Epoch: 13 cost time: 3.6844305992126465
Epoch: 13, Steps: 142 | Train Loss: 0.6454630 Vali Loss: 0.6527840 Test Loss: 0.2926374
EarlyStopping counter: 5 out of 5
Early stopping
>>>>>>>testing : long_term_forecast_SPARSE_Weather_96_336_none_SparseTSF_custom_sl96_pl336_dm128_nh8_el2_dl1_df32_fc3_ebtimeF_dtTrue_Sparse_0<<<<<<<<<<<<<<<<<<<<<<<<<<<<<<<<<
test 10204
mse:0.292309433221817, mae:0.3083922564983368
