Args in experiment:
Namespace(activation='gelu', anomaly_ratio=0.25, batch_size=256, c_out=21, channel_independence=1, checkpoints='./checkpoints/', comment='none', d_ff=32, d_layers=1, d_model=128, data='custom', data_path='weather.csv', dec_in=21, decomp_method='moving_avg', des='Sparse', devices='0,1', distil=True, down_sampling_layers=0, down_sampling_method='avg', down_sampling_window=1, drop_last=True, dropout=0.1, e_layers=2, embed='timeF', emissions_file='emissions.csv', emissions_output_dir='.', enc_in=21, factor=3, features='M', freq='h', gpu=0, inverse=False, is_training=1, itr=1, label_len=0, learning_rate=0.02, loss='MSE', lradj='type3', mask_rate=0.125, model='SparseTSF', model_id='SPARSE_Weather_720_720', model_type='linear', moving_avg=25, n_heads=8, num_kernels=6, num_workers=0, output_attention=False, p_hidden_dims=[128, 128], p_hidden_layers=2, patience=5, pct_start=0.2, period_len=4, pred_len=720, root_path='C:\\Users\\bbbal\\OneDrive\\Masaüstü\\timemixer\\dataset\\weather', seasonal_patterns='Monthly', seq_len=720, target='OT', task_name='long_term_forecast', top_k=5, track_emissions=0, train_epochs=30, use_amp=False, use_future_temporal_feature=0, use_gpu=True, use_multi_gpu=False, use_norm=1)
Use GPU: cuda:0
>>>>>>>start training : long_term_forecast_SPARSE_Weather_720_720_none_SparseTSF_custom_sl720_pl720_dm128_nh8_el2_dl1_df32_fc3_ebtimeF_dtTrue_Sparse_0>>>>>>>>>>>>>>>>>>>>>>>>>>
train 35448
val 4551
test 9820
	iters: 100, epoch: 1 | loss: 0.6531140
	speed: 0.1371s/iter; left time: 554.1001s
Epoch: 1 cost time: 18.040839672088623
Epoch: 1, Steps: 138 | Train Loss: 0.6842382 Vali Loss: 0.6373067 Test Loss: 0.3274839
Validation loss decreased (inf --> 0.637307).  Saving model ...
Updating learning rate to 0.02
	iters: 100, epoch: 2 | loss: 0.5970792
	speed: 0.2020s/iter; left time: 788.5736s
Epoch: 2 cost time: 16.399865865707397
Epoch: 2, Steps: 138 | Train Loss: 0.6028384 Vali Loss: 0.6191319 Test Loss: 0.3208965
Validation loss decreased (0.637307 --> 0.619132).  Saving model ...
Updating learning rate to 0.02
	iters: 100, epoch: 3 | loss: 0.5805606
	speed: 0.2091s/iter; left time: 787.3594s
Epoch: 3 cost time: 17.367284774780273
Epoch: 3, Steps: 138 | Train Loss: 0.5931660 Vali Loss: 0.6192196 Test Loss: 0.3210744
EarlyStopping counter: 1 out of 5
Updating learning rate to 0.02
	iters: 100, epoch: 4 | loss: 0.5530638
	speed: 0.2603s/iter; left time: 944.2607s
Epoch: 4 cost time: 21.58687448501587
Epoch: 4, Steps: 138 | Train Loss: 0.5903478 Vali Loss: 0.6171167 Test Loss: 0.3201894
Validation loss decreased (0.619132 --> 0.617117).  Saving model ...
Updating learning rate to 0.018000000000000002
	iters: 100, epoch: 5 | loss: 0.5862628
	speed: 0.2604s/iter; left time: 908.4939s
Epoch: 5 cost time: 19.138126373291016
Epoch: 5, Steps: 138 | Train Loss: 0.5895178 Vali Loss: 0.6234851 Test Loss: 0.3183105
EarlyStopping counter: 1 out of 5
Updating learning rate to 0.016200000000000003
	iters: 100, epoch: 6 | loss: 0.5839155
	speed: 0.2094s/iter; left time: 701.6415s
Epoch: 6 cost time: 17.0198712348938
Epoch: 6, Steps: 138 | Train Loss: 0.5893530 Vali Loss: 0.6185350 Test Loss: 0.3185812
EarlyStopping counter: 2 out of 5
Updating learning rate to 0.014580000000000003
	iters: 100, epoch: 7 | loss: 0.5282324
	speed: 0.2108s/iter; left time: 677.2406s
Epoch: 7 cost time: 16.85496473312378
Epoch: 7, Steps: 138 | Train Loss: 0.5892906 Vali Loss: 0.6147658 Test Loss: 0.3197217
Validation loss decreased (0.617117 --> 0.614766).  Saving model ...
Updating learning rate to 0.013122
	iters: 100, epoch: 8 | loss: 0.6145137
	speed: 0.2125s/iter; left time: 653.4760s
Epoch: 8 cost time: 17.02902388572693
Epoch: 8, Steps: 138 | Train Loss: 0.5892423 Vali Loss: 0.6179718 Test Loss: 0.3182884
EarlyStopping counter: 1 out of 5
Updating learning rate to 0.011809800000000002
	iters: 100, epoch: 9 | loss: 0.5415272
	speed: 0.2073s/iter; left time: 608.7279s
Epoch: 9 cost time: 16.819929361343384
Epoch: 9, Steps: 138 | Train Loss: 0.5892803 Vali Loss: 0.6176040 Test Loss: 0.3183993
EarlyStopping counter: 2 out of 5
Updating learning rate to 0.01062882
	iters: 100, epoch: 10 | loss: 0.6006941
	speed: 0.2149s/iter; left time: 601.5806s
Epoch: 10 cost time: 17.3675377368927
Epoch: 10, Steps: 138 | Train Loss: 0.5882450 Vali Loss: 0.6179021 Test Loss: 0.3180023
EarlyStopping counter: 3 out of 5
Updating learning rate to 0.009565938000000001
	iters: 100, epoch: 11 | loss: 0.5465275
	speed: 0.2153s/iter; left time: 572.8765s
Epoch: 11 cost time: 16.916565418243408
Epoch: 11, Steps: 138 | Train Loss: 0.5888287 Vali Loss: 0.6150488 Test Loss: 0.3185966
EarlyStopping counter: 4 out of 5
Updating learning rate to 0.008609344200000002
	iters: 100, epoch: 12 | loss: 0.5788696
	speed: 0.2112s/iter; left time: 532.7333s
Epoch: 12 cost time: 17.099743843078613
Epoch: 12, Steps: 138 | Train Loss: 0.5887694 Vali Loss: 0.6147175 Test Loss: 0.3190896
Validation loss decreased (0.614766 --> 0.614718).  Saving model ...
Updating learning rate to 0.007748409780000002
	iters: 100, epoch: 13 | loss: 0.5232339
	speed: 0.2111s/iter; left time: 503.4241s
Epoch: 13 cost time: 16.963576078414917
Epoch: 13, Steps: 138 | Train Loss: 0.5882181 Vali Loss: 0.6166675 Test Loss: 0.3177157
EarlyStopping counter: 1 out of 5
Updating learning rate to 0.006973568802000002
	iters: 100, epoch: 14 | loss: 0.6112769
	speed: 0.2195s/iter; left time: 493.1050s
Epoch: 14 cost time: 17.485673666000366
Epoch: 14, Steps: 138 | Train Loss: 0.5887471 Vali Loss: 0.6137445 Test Loss: 0.3177889
Validation loss decreased (0.614718 --> 0.613745).  Saving model ...
Updating learning rate to 0.006276211921800001
	iters: 100, epoch: 15 | loss: 0.5260151
	speed: 0.1980s/iter; left time: 417.6758s
Epoch: 15 cost time: 16.047711610794067
Epoch: 15, Steps: 138 | Train Loss: 0.5890444 Vali Loss: 0.6174000 Test Loss: 0.3201595
EarlyStopping counter: 1 out of 5
Updating learning rate to 0.005648590729620003
	iters: 100, epoch: 16 | loss: 0.5807931
	speed: 0.2022s/iter; left time: 398.5018s
Epoch: 16 cost time: 16.62368655204773
Epoch: 16, Steps: 138 | Train Loss: 0.5881479 Vali Loss: 0.6181184 Test Loss: 0.3185490
EarlyStopping counter: 2 out of 5
Updating learning rate to 0.005083731656658002
	iters: 100, epoch: 17 | loss: 0.5629312
	speed: 0.2020s/iter; left time: 370.2303s
Epoch: 17 cost time: 16.359700679779053
Epoch: 17, Steps: 138 | Train Loss: 0.5883361 Vali Loss: 0.6183675 Test Loss: 0.3177196
EarlyStopping counter: 3 out of 5
Updating learning rate to 0.004575358490992202
	iters: 100, epoch: 18 | loss: 0.6208702
	speed: 0.1722s/iter; left time: 291.8943s
Epoch: 18 cost time: 14.407773494720459
Epoch: 18, Steps: 138 | Train Loss: 0.5883549 Vali Loss: 0.6148476 Test Loss: 0.3189276
EarlyStopping counter: 4 out of 5
Updating learning rate to 0.004117822641892982
	iters: 100, epoch: 19 | loss: 0.5732581
	speed: 0.1841s/iter; left time: 286.6137s
Epoch: 19 cost time: 13.716352462768555
Epoch: 19, Steps: 138 | Train Loss: 0.5883403 Vali Loss: 0.6153343 Test Loss: 0.3184703
EarlyStopping counter: 5 out of 5
Early stopping
>>>>>>>testing : long_term_forecast_SPARSE_Weather_720_720_none_SparseTSF_custom_sl720_pl720_dm128_nh8_el2_dl1_df32_fc3_ebtimeF_dtTrue_Sparse_0<<<<<<<<<<<<<<<<<<<<<<<<<<<<<<<<<
test 9820
mse:0.3177891671657562, mae:0.33799636363983154
