Args in experiment:
Namespace(activation='gelu', anomaly_ratio=0.25, batch_size=256, c_out=21, channel_independence=1, checkpoints='./checkpoints/', comment='none', d_ff=32, d_layers=1, d_model=128, data='custom', data_path='weather.csv', dec_in=21, decomp_method='moving_avg', des='Sparse', devices='0,1', distil=True, down_sampling_layers=0, down_sampling_method='avg', down_sampling_window=1, drop_last=True, dropout=0.1, e_layers=2, embed='timeF', emissions_file='emissions.csv', emissions_output_dir='.', enc_in=21, factor=3, features='M', freq='h', gpu=0, inverse=False, is_training=1, itr=1, label_len=0, learning_rate=0.02, loss='MSE', lradj='type3', mask_rate=0.125, model='SparseTSF', model_id='SPARSE_Weather_720_192', model_type='linear', moving_avg=25, n_heads=8, num_kernels=6, num_workers=0, output_attention=False, p_hidden_dims=[128, 128], p_hidden_layers=2, patience=5, pct_start=0.2, period_len=4, pred_len=192, root_path='<workspace>\\dataset\\weather', seasonal_patterns='Monthly', seq_len=720, target='OT', task_name='long_term_forecast', top_k=5, track_emissions=0, train_epochs=30, use_amp=False, use_future_temporal_feature=0, use_gpu=True, use_multi_gpu=False, use_norm=1)
Use GPU: cuda:0
>>>>>>>start training : long_term_forecast_SPARSE_Weather_720_192_none_SparseTSF_custom_sl720_pl192_dm128_nh8_el2_dl1_df32_fc3_ebtimeF_dtTrue_Sparse_0>>>>>>>>>>>>>>>>>>>>>>>>>>
train 35976
val 5079
test 10348
	iters: 100, epoch: 1 | loss: 0.5148128
	speed: 0.1143s/iter; left time: 468.7016s
Epoch: 1 cost time: 14.870392084121704
Epoch: 1, Steps: 140 | Train Loss: 0.5955976 Vali Loss: 0.5018540 Test Loss: 0.2295080
Validation loss decreased (inf --> 0.501854).  Saving model ...
Updating learning rate to 0.02
	iters: 100, epoch: 2 | loss: 0.5226271
	speed: 0.1475s/iter; left time: 584.2461s
Epoch: 2 cost time: 12.110316276550293
Epoch: 2, Steps: 140 | Train Loss: 0.5018239 Vali Loss: 0.4841316 Test Loss: 0.2190045
Validation loss decreased (0.501854 --> 0.484132).  Saving model ...
Updating learning rate to 0.02
	iters: 100, epoch: 3 | loss: 0.4232845
	speed: 0.1631s/iter; left time: 623.0853s
Epoch: 3 cost time: 13.206733226776123
Epoch: 3, Steps: 140 | Train Loss: 0.4902559 Vali Loss: 0.4781009 Test Loss: 0.2147655
Validation loss decreased (0.484132 --> 0.478101).  Saving model ...
Updating learning rate to 0.02
	iters: 100, epoch: 4 | loss: 0.4263102
	speed: 0.1573s/iter; left time: 579.1402s
Epoch: 4 cost time: 13.113518953323364
Epoch: 4, Steps: 140 | Train Loss: 0.4886394 Vali Loss: 0.4776249 Test Loss: 0.2164052
Validation loss decreased (0.478101 --> 0.477625).  Saving model ...
Updating learning rate to 0.018000000000000002
	iters: 100, epoch: 5 | loss: 0.4669167
	speed: 0.1568s/iter; left time: 555.1565s
Epoch: 5 cost time: 12.090668439865112
Epoch: 5, Steps: 140 | Train Loss: 0.4880373 Vali Loss: 0.4744075 Test Loss: 0.2142609
Validation loss decreased (0.477625 --> 0.474408).  Saving model ...
Updating learning rate to 0.016200000000000003
	iters: 100, epoch: 6 | loss: 0.4602063
	speed: 0.1595s/iter; left time: 542.4768s
Epoch: 6 cost time: 12.677127361297607
Epoch: 6, Steps: 140 | Train Loss: 0.4872380 Vali Loss: 0.4811491 Test Loss: 0.2223429
EarlyStopping counter: 1 out of 5
Updating learning rate to 0.014580000000000003
	iters: 100, epoch: 7 | loss: 0.5319307
	speed: 0.1462s/iter; left time: 476.6571s
Epoch: 7 cost time: 12.1629319190979
Epoch: 7, Steps: 140 | Train Loss: 0.4867784 Vali Loss: 0.4769126 Test Loss: 0.2152020
EarlyStopping counter: 2 out of 5
Updating learning rate to 0.013122
	iters: 100, epoch: 8 | loss: 0.6104910
	speed: 0.1461s/iter; left time: 455.8751s
Epoch: 8 cost time: 12.882884502410889
Epoch: 8, Steps: 140 | Train Loss: 0.4860189 Vali Loss: 0.4766796 Test Loss: 0.2143930
EarlyStopping counter: 3 out of 5
Updating learning rate to 0.011809800000000002
	iters: 100, epoch: 9 | loss: 0.5811544
	speed: 0.1755s/iter; left time: 523.1703s
Epoch: 9 cost time: 13.287707567214966
Epoch: 9, Steps: 140 | Train Loss: 0.4867557 Vali Loss: 0.4749839 Test Loss: 0.2148195
EarlyStopping counter: 4 out of 5
Updating learning rate to 0.01062882
	iters: 100, epoch: 10 | loss: 0.5299340
	speed: 0.1452s/iter; left time: 412.5334s
Epoch: 10 cost time: 12.033095598220825
Epoch: 10, Steps: 140 | Train Loss: 0.4862014 Vali Loss: 0.4758800 Test Loss: 0.2169663
EarlyStopping counter: 5 out of 5
Early stopping
>>>>>>>testing : long_term_forecast_SPARSE_Weather_720_192_none_SparseTSF_custom_sl720_pl192_dm128_nh8_el2_dl1_df32_fc3_ebtimeF_dtTrue_Sparse_0<<<<<<<<<<<<<<<<<<<<<<<<<<<<<<<<<
test 10348
mse:0.21426065266132355, mae:0.26089900732040405
