Args in experiment:
Namespace(activation='gelu', anomaly_ratio=0.25, batch_size=256, c_out=21, channel_independence=1, checkpoints='./checkpoints/', comment='none', d_ff=32, d_layers=1, d_model=128, data='custom', data_path='weather.csv', dec_in=21, decomp_method='moving_avg', des='Sparse', devices='0,1', distil=True, down_sampling_layers=0, down_sampling_method='avg', down_sampling_window=1, drop_last=True, dropout=0.1, e_layers=2, embed='timeF', emissions_file='emissions.csv', emissions_output_dir='.', enc_in=21, factor=3, features='M', freq='h', gpu=0, inverse=False, is_training=1, itr=1, label_len=0, learning_rate=0.02, loss='MSE', lradj='type3', mask_rate=0.125, model='SparseTSF', model_id='SPARSE_Weather_720_336', model_type='linear', moving_avg=25, n_heads=8, num_kernels=6, num_workers=0, output_attention=False, p_hidden_dims=[128, 128], p_hidden_layers=2, patience=5, pct_start=0.2, period_len=4, pred_len=336, root_path='C:\\Users\\bbbal\\OneDrive\\Masaüstü\\timemixer\\dataset\\weather', seasonal_patterns='Monthly', seq_len=720, target='OT', task_name='long_term_forecast', top_k=5, track_emissions=0, train_epochs=30, use_amp=False, use_future_temporal_feature=0, use_gpu=True, use_multi_gpu=False, use_norm=1)
Use GPU: cuda:0
>>>>>>>start training : long_term_forecast_SPARSE_Weather_720_336_none_SparseTSF_custom_sl720_pl336_dm128_nh8_el2_dl1_df32_fc3_ebtimeF_dtTrue_Sparse_0>>>>>>>>>>>>>>>>>>>>>>>>>>
train 35832
val 4935
test 10204
	iters: 100, epoch: 1 | loss: 0.6009087
	speed: 0.1167s/iter; left time: 474.9318s
Epoch: 1 cost time: 15.24781847000122
Epoch: 1, Steps: 139 | Train Loss: 0.6330671 Vali Loss: 0.5612845 Test Loss: 0.2720531
Validation loss decreased (inf --> 0.561285).  Saving model ...
Updating learning rate to 0.02
	iters: 100, epoch: 2 | loss: 0.5425838
	speed: 0.1522s/iter; left time: 598.4518s
Epoch: 2 cost time: 12.52249526977539
Epoch: 2, Steps: 139 | Train Loss: 0.5469099 Vali Loss: 0.5440816 Test Loss: 0.2637016
Validation loss decreased (0.561285 --> 0.544082).  Saving model ...
Updating learning rate to 0.02
	iters: 100, epoch: 3 | loss: 0.4764175
	speed: 0.1528s/iter; left time: 579.5159s
Epoch: 3 cost time: 12.691420316696167
Epoch: 3, Steps: 139 | Train Loss: 0.5375300 Vali Loss: 0.5343861 Test Loss: 0.2598956
Validation loss decreased (0.544082 --> 0.534386).  Saving model ...
Updating learning rate to 0.02
	iters: 100, epoch: 4 | loss: 0.5651578
	speed: 0.1557s/iter; left time: 568.8551s
Epoch: 4 cost time: 12.86424708366394
Epoch: 4, Steps: 139 | Train Loss: 0.5341812 Vali Loss: 0.5374927 Test Loss: 0.2618907
EarlyStopping counter: 1 out of 5
Updating learning rate to 0.018000000000000002
	iters: 100, epoch: 5 | loss: 0.5251469
	speed: 0.1634s/iter; left time: 574.1905s
Epoch: 5 cost time: 13.593840599060059
Epoch: 5, Steps: 139 | Train Loss: 0.5330093 Vali Loss: 0.5383914 Test Loss: 0.2644581
EarlyStopping counter: 2 out of 5
Updating learning rate to 0.016200000000000003
	iters: 100, epoch: 6 | loss: 0.5131667
	speed: 0.1567s/iter; left time: 529.0240s
Epoch: 6 cost time: 11.786285400390625
Epoch: 6, Steps: 139 | Train Loss: 0.5332789 Vali Loss: 0.5352179 Test Loss: 0.2607283
EarlyStopping counter: 3 out of 5
Updating learning rate to 0.014580000000000003
	iters: 100, epoch: 7 | loss: 0.5379917
	speed: 0.1445s/iter; left time: 467.8301s
Epoch: 7 cost time: 12.442006587982178
Epoch: 7, Steps: 139 | Train Loss: 0.5339220 Vali Loss: 0.5374623 Test Loss: 0.2595095
EarlyStopping counter: 4 out of 5
Updating learning rate to 0.013122
	iters: 100, epoch: 8 | loss: 0.5857892
	speed: 0.1558s/iter; left time: 482.6407s
Epoch: 8 cost time: 14.063570976257324
Epoch: 8, Steps: 139 | Train Loss: 0.5327081 Vali Loss: 0.5366822 Test Loss: 0.2599411
EarlyStopping counter: 5 out of 5
Early stopping
>>>>>>>testing : long_term_forecast_SPARSE_Weather_720_336_none_SparseTSF_custom_sl720_pl336_dm128_nh8_el2_dl1_df32_fc3_ebtimeF_dtTrue_Sparse_0<<<<<<<<<<<<<<<<<<<<<<<<<<<<<<<<<
test 10204
mse:0.2598957121372223, mae:0.2970029413700104
