Args in experiment:
Namespace(activation='gelu', anomaly_ratio=0.25, batch_size=256, c_out=21, channel_independence=1, checkpoints='./checkpoints/', comment='none', d_ff=32, d_layers=1, d_model=128, data='custom', data_path='weather.csv', dec_in=21, decomp_method='moving_avg', des='Sparse', devices='0,1', distil=True, down_sampling_layers=0, down_sampling_method='avg', down_sampling_window=1, drop_last=True, dropout=0.1, e_layers=2, embed='timeF', emissions_file='emissions.csv', emissions_output_dir='.', enc_in=21, factor=3, features='M', freq='h', gpu=0, inverse=False, is_training=1, itr=1, label_len=0, learning_rate=0.02, loss='MSE', lradj='type3', mask_rate=0.125, model='SparseTSF', model_id='SPARSE_Weather_96_192', model_type='linear', moving_avg=25, n_heads=8, num_kernels=6, num_workers=0, output_attention=False, p_hidden_dims=[128, 128], p_hidden_layers=2, patience=5, pct_start=0.2, period_len=4, pred_len=192, root_path='<workspace>\\dataset\\weather', seasonal_patterns='Monthly', seq_len=96, target='OT', task_name='long_term_forecast', top_k=5, track_emissions=0, train_epochs=30, use_amp=False, use_future_temporal_feature=0, use_gpu=True, use_multi_gpu=False, use_norm=1)
Use GPU: cuda:0
>>>>>>>start training : long_term_forecast_SPARSE_Weather_96_192_none_SparseTSF_custom_sl96_pl192_dm128_nh8_el2_dl1_df32_fc3_ebtimeF_dtTrue_Sparse_0>>>>>>>>>>>>>>>>>>>>>>>>>>
train 36600
val 5079
test 10348
	iters: 100, epoch: 1 | loss: 0.8524396
	speed: 0.0392s/iter; left time: 163.0577s
Epoch: 1 cost time: 4.785747766494751
Epoch: 1, Steps: 142 | Train Loss: 0.7399225 Vali Loss: 0.6293487 Test Loss: 0.2650267
Validation loss decreased (inf --> 0.629349).  Saving model ...
Updating learning rate to 0.02
	iters: 100, epoch: 2 | loss: 0.6958993
	speed: 0.0374s/iter; left time: 150.4720s
Epoch: 2 cost time: 2.9710609912872314
Epoch: 2, Steps: 142 | Train Loss: 0.5933838 Vali Loss: 0.5649656 Test Loss: 0.2450048
Validation loss decreased (0.629349 --> 0.564966).  Saving model ...
Updating learning rate to 0.02
	iters: 100, epoch: 3 | loss: 0.4573967
	speed: 0.0370s/iter; left time: 143.3995s
Epoch: 3 cost time: 2.9568610191345215
Epoch: 3, Steps: 142 | Train Loss: 0.5786552 Vali Loss: 0.5695942 Test Loss: 0.2466498
EarlyStopping counter: 1 out of 5
Updating learning rate to 0.02
	iters: 100, epoch: 4 | loss: 0.5659531
	speed: 0.0367s/iter; left time: 137.0734s
Epoch: 4 cost time: 2.945207118988037
Epoch: 4, Steps: 142 | Train Loss: 0.5790642 Vali Loss: 0.5661618 Test Loss: 0.2454559
EarlyStopping counter: 2 out of 5
Updating learning rate to 0.018000000000000002
	iters: 100, epoch: 5 | loss: 0.5306334
	speed: 0.0370s/iter; left time: 132.8371s
Epoch: 5 cost time: 2.9601316452026367
Epoch: 5, Steps: 142 | Train Loss: 0.5786365 Vali Loss: 0.5779838 Test Loss: 0.2475648
EarlyStopping counter: 3 out of 5
Updating learning rate to 0.016200000000000003
	iters: 100, epoch: 6 | loss: 0.6795790
	speed: 0.0367s/iter; left time: 126.8216s
Epoch: 6 cost time: 2.922595500946045
Epoch: 6, Steps: 142 | Train Loss: 0.5777679 Vali Loss: 0.5606809 Test Loss: 0.2428415
Validation loss decreased (0.564966 --> 0.560681).  Saving model ...
Updating learning rate to 0.014580000000000003
	iters: 100, epoch: 7 | loss: 0.6637614
	speed: 0.0366s/iter; left time: 121.2443s
Epoch: 7 cost time: 3.0064892768859863
Epoch: 7, Steps: 142 | Train Loss: 0.5785680 Vali Loss: 0.5650691 Test Loss: 0.2443263
EarlyStopping counter: 1 out of 5
Updating learning rate to 0.013122
	iters: 100, epoch: 8 | loss: 0.5735299
	speed: 0.0382s/iter; left time: 121.0998s
Epoch: 8 cost time: 2.9756410121917725
Epoch: 8, Steps: 142 | Train Loss: 0.5792413 Vali Loss: 0.5678461 Test Loss: 0.2448901
EarlyStopping counter: 2 out of 5
Updating learning rate to 0.011809800000000002
	iters: 100, epoch: 9 | loss: 0.4746025
	speed: 0.0379s/iter; left time: 114.6830s
Epoch: 9 cost time: 3.08931040763855
Epoch: 9, Steps: 142 | Train Loss: 0.5772183 Vali Loss: 0.5686681 Test Loss: 0.2458632
EarlyStopping counter: 3 out of 5
Updating learning rate to 0.01062882
	iters: 100, epoch: 10 | loss: 0.5047065
	speed: 0.0386s/iter; left time: 111.4029s
Epoch: 10 cost time: 3.039822816848755
Epoch: 10, Steps: 142 | Train Loss: 0.5779763 Vali Loss: 0.5654705 Test Loss: 0.2451419
EarlyStopping counter: 4 out of 5
Updating learning rate to 0.009565938000000001
	iters: 100, epoch: 11 | loss: 0.6294771
	speed: 0.0366s/iter; left time: 100.3251s
Epoch: 11 cost time: 2.906904935836792
Epoch: 11, Steps: 142 | Train Loss: 0.5789129 Vali Loss: 0.5671384 Test Loss: 0.2439878
EarlyStopping counter: 5 out of 5
Early stopping
>>>>>>>testing : long_term_forecast_SPARSE_Weather_96_192_none_SparseTSF_custom_sl96_pl192_dm128_nh8_el2_dl1_df32_fc3_ebtimeF_dtTrue_Sparse_0<<<<<<<<<<<<<<<<<<<<<<<<<<<<<<<<<
test 10348
mse:0.24284164607524872, mae:0.27397486567497253
