Args in experiment:
Namespace(activation='gelu', anomaly_ratio=0.25, batch_size=16, c_out=7, channel_independence=1, checkpoints='./checkpoints/', comment='none', d_ff=32, d_layers=1, d_model=16, data='ETTh1', data_path='ETTh1.csv', dec_in=7, decomp_method='moving_avg', des='Imp', devices='0,1', distil=True, down_sampling_layers=3, down_sampling_method='avg', down_sampling_window=2, drop_last=True, dropout=0.1, e_layers=2, embed='timeF', emissions_file='emissions.csv', emissions_output_dir='.', enc_in=7, factor=1, features='M', freq='h', gpu=0, inverse=False, is_training=1, itr=1, label_len=0, learning_rate=0.001, loss='MSE', lradj='TST', mask_rate=0.5, model='SparseTSF', model_id='IMP_SparseTSF_ETTh1_mask0.5', model_type='linear', moving_avg=25, n_heads=8, num_kernels=6, num_workers=0, output_attention=False, p_hidden_dims=[128, 128], p_hidden_layers=2, patience=15, pct_start=0.2, period_len=24, pred_len=0, root_path='C:\\Users\\bbbal\\OneDrive\\Masaüstü\\timemixer\\dataset\\ETT-small', seasonal_patterns='Monthly', seq_len=96, target='OT', task_name='imputation', top_k=5, track_emissions=0, train_epochs=10, use_amp=False, use_future_temporal_feature=0, use_gpu=True, use_multi_gpu=False, use_norm=1)
Use GPU: cuda:0
>>>>>>>start training : imputation_IMP_SparseTSF_ETTh1_mask0.5_none_SparseTSF_ETTh1_sl96_pl0_dm16_nh8_el2_dl1_df32_fc1_ebtimeF_dtTrue_Imp_0>>>>>>>>>>>>>>>>>>>>>>>>>>
train 8545
val 2881
test 2881
	iters: 100, epoch: 1 | loss: 0.5160429
	speed: 0.0312s/iter; left time: 163.7314s
	iters: 200, epoch: 1 | loss: 0.5057192
	speed: 0.0048s/iter; left time: 24.7062s
	iters: 300, epoch: 1 | loss: 0.5678061
	speed: 0.0051s/iter; left time: 25.9002s
	iters: 400, epoch: 1 | loss: 0.4597311
	speed: 0.0047s/iter; left time: 23.3180s
	iters: 500, epoch: 1 | loss: 0.4663360
	speed: 0.0051s/iter; left time: 24.4594s
Epoch: 1 cost time: 5.265600919723511
Epoch: 1, Steps: 534 | Train Loss: 0.5342845 Vali Loss: 0.7750054 Test Loss: 0.7225874
Validation loss decreased (inf --> 0.722587).  Saving model ...
Updating learning rate to 0.0005207066372675873
	iters: 100, epoch: 2 | loss: 0.3863272
	speed: 0.0177s/iter; left time: 83.4068s
	iters: 200, epoch: 2 | loss: 0.3848928
	speed: 0.0051s/iter; left time: 23.6667s
	iters: 300, epoch: 2 | loss: 0.2984250
	speed: 0.0047s/iter; left time: 21.2199s
	iters: 400, epoch: 2 | loss: 0.2430775
	speed: 0.0049s/iter; left time: 21.6245s
	iters: 500, epoch: 2 | loss: 0.2221569
	speed: 0.0053s/iter; left time: 22.8818s
Epoch: 2 cost time: 2.769251585006714
Epoch: 2, Steps: 534 | Train Loss: 0.3152518 Vali Loss: 0.2822968 Test Loss: 0.2695636
Validation loss decreased (0.722587 --> 0.269564).  Saving model ...
Updating learning rate to 0.0009999998648003681
	iters: 100, epoch: 3 | loss: 0.1845507
	speed: 0.0167s/iter; left time: 69.6019s
	iters: 200, epoch: 3 | loss: 0.1772085
	speed: 0.0051s/iter; left time: 20.6970s
	iters: 300, epoch: 3 | loss: 0.1917043
	speed: 0.0052s/iter; left time: 20.6723s
	iters: 400, epoch: 3 | loss: 0.1424883
	speed: 0.0050s/iter; left time: 19.3954s
	iters: 500, epoch: 3 | loss: 0.1583189
	speed: 0.0049s/iter; left time: 18.6489s
Epoch: 3 cost time: 2.7867112159729004
Epoch: 3, Steps: 534 | Train Loss: 0.1665227 Vali Loss: 0.2215544 Test Loss: 0.2224969
Validation loss decreased (0.269564 --> 0.222497).  Saving model ...
Updating learning rate to 0.0009617990830848397
	iters: 100, epoch: 4 | loss: 0.1537816
	speed: 0.0178s/iter; left time: 64.7749s
	iters: 200, epoch: 4 | loss: 0.1410761
	speed: 0.0054s/iter; left time: 19.2818s
	iters: 300, epoch: 4 | loss: 0.1421411
	speed: 0.0059s/iter; left time: 20.2997s
	iters: 400, epoch: 4 | loss: 0.1749551
	speed: 0.0055s/iter; left time: 18.3188s
	iters: 500, epoch: 4 | loss: 0.1538163
	speed: 0.0049s/iter; left time: 15.7615s
Epoch: 4 cost time: 2.9142680168151855
Epoch: 4, Steps: 534 | Train Loss: 0.1577091 Vali Loss: 0.2212573 Test Loss: 0.2198728
Validation loss decreased (0.222497 --> 0.219873).  Saving model ...
Updating learning rate to 0.0008532938816706273
	iters: 100, epoch: 5 | loss: 0.1317274
	speed: 0.0193s/iter; left time: 59.8286s
	iters: 200, epoch: 5 | loss: 0.1656990
	speed: 0.0057s/iter; left time: 16.9913s
	iters: 300, epoch: 5 | loss: 0.1586134
	speed: 0.0049s/iter; left time: 14.2936s
	iters: 400, epoch: 5 | loss: 0.1504684
	speed: 0.0052s/iter; left time: 14.4559s
	iters: 500, epoch: 5 | loss: 0.1345624
	speed: 0.0049s/iter; left time: 13.1384s
Epoch: 5 cost time: 2.760530710220337
Epoch: 5, Steps: 534 | Train Loss: 0.1571669 Vali Loss: 0.2197015 Test Loss: 0.2195866
Validation loss decreased (0.219873 --> 0.219587).  Saving model ...
Updating learning rate to 0.0006910031938709443
	iters: 100, epoch: 6 | loss: 0.1623166
	speed: 0.0162s/iter; left time: 41.7537s
	iters: 200, epoch: 6 | loss: 0.1645288
	speed: 0.0048s/iter; left time: 11.8776s
	iters: 300, epoch: 6 | loss: 0.1466276
	speed: 0.0052s/iter; left time: 12.3172s
	iters: 400, epoch: 6 | loss: 0.1802020
	speed: 0.0049s/iter; left time: 11.1023s
	iters: 500, epoch: 6 | loss: 0.1689156
	speed: 0.0051s/iter; left time: 10.9695s
Epoch: 6 cost time: 2.633336305618286
Epoch: 6, Steps: 534 | Train Loss: 0.1559458 Vali Loss: 0.2197475 Test Loss: 0.2158150
Validation loss decreased (0.219587 --> 0.215815).  Saving model ...
Updating learning rate to 0.0004996343057345438
	iters: 100, epoch: 7 | loss: 0.1673775
	speed: 0.0160s/iter; left time: 32.6520s
	iters: 200, epoch: 7 | loss: 0.1452405
	speed: 0.0055s/iter; left time: 10.5862s
	iters: 300, epoch: 7 | loss: 0.1528896
	speed: 0.0049s/iter; left time: 9.0176s
	iters: 400, epoch: 7 | loss: 0.1535392
	speed: 0.0047s/iter; left time: 8.1251s
	iters: 500, epoch: 7 | loss: 0.1371004
	speed: 0.0046s/iter; left time: 7.5374s
Epoch: 7 cost time: 2.635974884033203
Epoch: 7, Steps: 534 | Train Loss: 0.1557400 Vali Loss: 0.2170025 Test Loss: 0.2145773
Validation loss decreased (0.215815 --> 0.214577).  Saving model ...
Updating learning rate to 0.0003083213957169024
	iters: 100, epoch: 8 | loss: 0.1393638
	speed: 0.0165s/iter; left time: 24.7677s
	iters: 200, epoch: 8 | loss: 0.1571282
	speed: 0.0049s/iter; left time: 6.8204s
	iters: 300, epoch: 8 | loss: 0.1545314
	speed: 0.0052s/iter; left time: 6.7361s
	iters: 400, epoch: 8 | loss: 0.1765636
	speed: 0.0049s/iter; left time: 5.8954s
	iters: 500, epoch: 8 | loss: 0.1487609
	speed: 0.0047s/iter; left time: 5.2188s
Epoch: 8 cost time: 2.6175525188446045
Epoch: 8, Steps: 534 | Train Loss: 0.1549396 Vali Loss: 0.2146746 Test Loss: 0.2124434
Validation loss decreased (0.214577 --> 0.212443).  Saving model ...
Updating learning rate to 0.00014619012011235773
	iters: 100, epoch: 9 | loss: 0.1700004
	speed: 0.0166s/iter; left time: 16.0467s
	iters: 200, epoch: 9 | loss: 0.1511327
	speed: 0.0052s/iter; left time: 4.5229s
	iters: 300, epoch: 9 | loss: 0.1590315
	speed: 0.0045s/iter; left time: 3.4699s
	iters: 400, epoch: 9 | loss: 0.1553566
	speed: 0.0048s/iter; left time: 3.2149s
	iters: 500, epoch: 9 | loss: 0.1480989
	speed: 0.0059s/iter; left time: 3.3407s
Epoch: 9 cost time: 2.738509178161621
Epoch: 9, Steps: 534 | Train Loss: 0.1551996 Vali Loss: 0.2150963 Test Loss: 0.2117518
Validation loss decreased (0.212443 --> 0.211752).  Saving model ...
Updating learning rate to 3.792349590802869e-05
	iters: 100, epoch: 10 | loss: 0.1563485
	speed: 0.0163s/iter; left time: 7.0851s
	iters: 200, epoch: 10 | loss: 0.1290438
	speed: 0.0051s/iter; left time: 1.7160s
	iters: 300, epoch: 10 | loss: 0.1742705
	speed: 0.0047s/iter; left time: 1.0991s
	iters: 400, epoch: 10 | loss: 0.1508340
	speed: 0.0048s/iter; left time: 0.6537s
	iters: 500, epoch: 10 | loss: 0.1572799
	speed: 0.0047s/iter; left time: 0.1643s
Epoch: 10 cost time: 2.5661609172821045
Epoch: 10, Steps: 534 | Train Loss: 0.1549995 Vali Loss: 0.2142178 Test Loss: 0.2142777
EarlyStopping counter: 1 out of 15
Updating learning rate to 4.1351996319232575e-09
>>>>>>>testing : imputation_IMP_SparseTSF_ETTh1_mask0.5_none_SparseTSF_ETTh1_sl96_pl0_dm16_nh8_el2_dl1_df32_fc1_ebtimeF_dtTrue_Imp_0<<<<<<<<<<<<<<<<<<<<<<<<<<<<<<<<<
test 2881
test shape: (2880, 96, 7) (2880, 96, 7)
mse:0.2140757441520691, mae:0.2961080074310303
