Args in experiment:
Namespace(activation='gelu', anomaly_ratio=0.25, batch_size=16, c_out=7, channel_independence=1, checkpoints='./checkpoints/', comment='none', d_ff=32, d_layers=1, d_model=16, data='ETTm1', data_path='ETTm1.csv', dec_in=7, decomp_method='moving_avg', des='Imp', devices='0,1', distil=True, down_sampling_layers=3, down_sampling_method='avg', down_sampling_window=2, drop_last=True, dropout=0.1, e_layers=2, embed='timeF', emissions_file='emissions.csv', emissions_output_dir='.', enc_in=7, factor=1, features='M', freq='h', gpu=0, inverse=False, is_training=1, itr=1, label_len=0, learning_rate=0.001, loss='MSE', lradj='TST', mask_rate=0.125, model='SparseTSF', model_id='IMP_SparseTSF_ETTm1_mask0.125', model_type='linear', moving_avg=25, n_heads=8, num_kernels=6, num_workers=0, output_attention=False, p_hidden_dims=[128, 128], p_hidden_layers=2, patience=15, pct_start=0.2, period_len=4, pred_len=0, root_path='C:\\Users\\bbbal\\OneDrive\\Masaüstü\\timemixer\\dataset\\ETT-small', seasonal_patterns='Monthly', seq_len=96, target='OT', task_name='imputation', top_k=5, track_emissions=0, train_epochs=10, use_amp=False, use_future_temporal_feature=0, use_gpu=True, use_multi_gpu=False, use_norm=1)
Use GPU: cuda:0
>>>>>>>start training : imputation_IMP_SparseTSF_ETTm1_mask0.125_none_SparseTSF_ETTm1_sl96_pl0_dm16_nh8_el2_dl1_df32_fc1_ebtimeF_dtTrue_Imp_0>>>>>>>>>>>>>>>>>>>>>>>>>>
train 34465
val 11521
test 11521
	iters: 100, epoch: 1 | loss: 0.4812582
	speed: 0.0584s/iter; left time: 1252.0827s
	iters: 200, epoch: 1 | loss: 0.2947194
	speed: 0.0093s/iter; left time: 199.3801s
	iters: 300, epoch: 1 | loss: 0.4780788
	speed: 0.0099s/iter; left time: 210.5073s
	iters: 400, epoch: 1 | loss: 0.4084760
	speed: 0.0095s/iter; left time: 201.6400s
	iters: 500, epoch: 1 | loss: 0.3914557
	speed: 0.0088s/iter; left time: 184.1098s
	iters: 600, epoch: 1 | loss: 0.3693742
	speed: 0.0080s/iter; left time: 166.9479s
	iters: 700, epoch: 1 | loss: 0.3194171
	speed: 0.0116s/iter; left time: 240.8188s
	iters: 800, epoch: 1 | loss: 0.3689201
	speed: 0.0130s/iter; left time: 268.7316s
	iters: 900, epoch: 1 | loss: 0.2354848
	speed: 0.0112s/iter; left time: 231.0130s
	iters: 1000, epoch: 1 | loss: 0.2326538
	speed: 0.0126s/iter; left time: 258.6486s
	iters: 1100, epoch: 1 | loss: 0.2074386
	speed: 0.0122s/iter; left time: 249.5908s
	iters: 1200, epoch: 1 | loss: 0.2215412
	speed: 0.0114s/iter; left time: 232.3530s
	iters: 1300, epoch: 1 | loss: 0.1713161
	speed: 0.0120s/iter; left time: 242.8422s
	iters: 1400, epoch: 1 | loss: 0.1540280
	speed: 0.0128s/iter; left time: 258.6923s
	iters: 1500, epoch: 1 | loss: 0.1625343
	speed: 0.0123s/iter; left time: 246.5587s
	iters: 1600, epoch: 1 | loss: 0.1361737
	speed: 0.0142s/iter; left time: 283.8001s
	iters: 1700, epoch: 1 | loss: 0.1284540
	speed: 0.0127s/iter; left time: 252.0901s
	iters: 1800, epoch: 1 | loss: 0.1143894
	speed: 0.0123s/iter; left time: 242.5173s
	iters: 1900, epoch: 1 | loss: 0.1105686
	speed: 0.0141s/iter; left time: 276.5654s
	iters: 2000, epoch: 1 | loss: 0.1493496
	speed: 0.0121s/iter; left time: 235.5142s
	iters: 2100, epoch: 1 | loss: 0.0977716
	speed: 0.0083s/iter; left time: 160.6125s
Epoch: 1 cost time: 29.105684995651245
Epoch: 1, Steps: 2154 | Train Loss: 0.2706369 Vali Loss: 0.1307038 Test Loss: 0.1408505
Validation loss decreased (inf --> 0.140850).  Saving model ...
Updating learning rate to 0.0005201750597214178
	iters: 100, epoch: 2 | loss: 0.1125369
	speed: 0.0903s/iter; left time: 1741.9526s
	iters: 200, epoch: 2 | loss: 0.1214934
	speed: 0.0082s/iter; left time: 157.6909s
	iters: 300, epoch: 2 | loss: 0.0923700
	speed: 0.0078s/iter; left time: 149.5254s
	iters: 400, epoch: 2 | loss: 0.1063075
	speed: 0.0100s/iter; left time: 190.2274s
	iters: 500, epoch: 2 | loss: 0.0810501
	speed: 0.0093s/iter; left time: 175.1683s
	iters: 600, epoch: 2 | loss: 0.0767002
	speed: 0.0088s/iter; left time: 165.6685s
	iters: 700, epoch: 2 | loss: 0.0511571
	speed: 0.0117s/iter; left time: 218.4103s
	iters: 800, epoch: 2 | loss: 0.0695716
	speed: 0.0125s/iter; left time: 232.2114s
	iters: 900, epoch: 2 | loss: 0.0513160
	speed: 0.0128s/iter; left time: 235.9461s
	iters: 1000, epoch: 2 | loss: 0.0531674
	speed: 0.0106s/iter; left time: 194.5479s
	iters: 1100, epoch: 2 | loss: 0.0518696
	speed: 0.0099s/iter; left time: 180.3542s
	iters: 1200, epoch: 2 | loss: 0.0559816
	speed: 0.0100s/iter; left time: 181.7043s
	iters: 1300, epoch: 2 | loss: 0.0425855
	speed: 0.0103s/iter; left time: 186.8486s
	iters: 1400, epoch: 2 | loss: 0.0454000
	speed: 0.0134s/iter; left time: 240.9219s
	iters: 1500, epoch: 2 | loss: 0.0539043
	speed: 0.0075s/iter; left time: 133.5265s
	iters: 1600, epoch: 2 | loss: 0.0464995
	speed: 0.0074s/iter; left time: 131.6018s
	iters: 1700, epoch: 2 | loss: 0.0311504
	speed: 0.0095s/iter; left time: 167.1528s
	iters: 1800, epoch: 2 | loss: 0.0501091
	speed: 0.0076s/iter; left time: 134.2230s
	iters: 1900, epoch: 2 | loss: 0.0477405
	speed: 0.0069s/iter; left time: 120.2887s
	iters: 2000, epoch: 2 | loss: 0.0442447
	speed: 0.0068s/iter; left time: 118.1674s
	iters: 2100, epoch: 2 | loss: 0.0395900
	speed: 0.0070s/iter; left time: 121.2474s
Epoch: 2 cost time: 20.28296947479248
Epoch: 2, Steps: 2154 | Train Loss: 0.0614174 Vali Loss: 0.0549369 Test Loss: 0.0497435
Validation loss decreased (0.140850 --> 0.049744).  Saving model ...
Updating learning rate to 0.0009999999916906579
	iters: 100, epoch: 3 | loss: 0.0382179
	speed: 0.0734s/iter; left time: 1257.7855s
	iters: 200, epoch: 3 | loss: 0.0460315
	speed: 0.0073s/iter; left time: 123.5475s
	iters: 300, epoch: 3 | loss: 0.0321148
	speed: 0.0081s/iter; left time: 137.4984s
	iters: 400, epoch: 3 | loss: 0.0295767
	speed: 0.0082s/iter; left time: 138.5335s
	iters: 500, epoch: 3 | loss: 0.0505076
	speed: 0.0071s/iter; left time: 118.7562s
	iters: 600, epoch: 3 | loss: 0.0352680
	speed: 0.0076s/iter; left time: 126.3574s
	iters: 700, epoch: 3 | loss: 0.0433884
	speed: 0.0080s/iter; left time: 131.7683s
	iters: 800, epoch: 3 | loss: 0.0283358
	speed: 0.0072s/iter; left time: 117.6017s
	iters: 900, epoch: 3 | loss: 0.0481508
	speed: 0.0079s/iter; left time: 128.4343s
	iters: 1000, epoch: 3 | loss: 0.0633606
	speed: 0.0075s/iter; left time: 121.3666s
	iters: 1100, epoch: 3 | loss: 0.0427850
	speed: 0.0070s/iter; left time: 113.0085s
	iters: 1200, epoch: 3 | loss: 0.0341272
	speed: 0.0075s/iter; left time: 120.3481s
	iters: 1300, epoch: 3 | loss: 0.0380761
	speed: 0.0076s/iter; left time: 121.2016s
	iters: 1400, epoch: 3 | loss: 0.0373464
	speed: 0.0094s/iter; left time: 148.0822s
	iters: 1500, epoch: 3 | loss: 0.0397850
	speed: 0.0084s/iter; left time: 131.3769s
	iters: 1600, epoch: 3 | loss: 0.0394513
	speed: 0.0075s/iter; left time: 117.7977s
	iters: 1700, epoch: 3 | loss: 0.0519089
	speed: 0.0075s/iter; left time: 115.8909s
	iters: 1800, epoch: 3 | loss: 0.0500352
	speed: 0.0083s/iter; left time: 127.6803s
	iters: 1900, epoch: 3 | loss: 0.0437322
	speed: 0.0074s/iter; left time: 113.0267s
	iters: 2000, epoch: 3 | loss: 0.0550867
	speed: 0.0076s/iter; left time: 116.2312s
	iters: 2100, epoch: 3 | loss: 0.0308116
	speed: 0.0078s/iter; left time: 118.2169s
Epoch: 3 cost time: 16.648955583572388
Epoch: 3, Steps: 2154 | Train Loss: 0.0397366 Vali Loss: 0.0543789 Test Loss: 0.0494797
Validation loss decreased (0.049744 --> 0.049480).  Saving model ...
Updating learning rate to 0.0009619050271543523
	iters: 100, epoch: 4 | loss: 0.0313139
	speed: 0.0697s/iter; left time: 1044.5827s
	iters: 200, epoch: 4 | loss: 0.0434949
	speed: 0.0070s/iter; left time: 104.6348s
	iters: 300, epoch: 4 | loss: 0.0389105
	speed: 0.0068s/iter; left time: 101.1926s
	iters: 400, epoch: 4 | loss: 0.0405683
	speed: 0.0075s/iter; left time: 110.6889s
	iters: 500, epoch: 4 | loss: 0.0313454
	speed: 0.0078s/iter; left time: 112.9984s
	iters: 600, epoch: 4 | loss: 0.0374761
	speed: 0.0067s/iter; left time: 97.2990s
	iters: 700, epoch: 4 | loss: 0.0371430
	speed: 0.0081s/iter; left time: 116.2760s
	iters: 800, epoch: 4 | loss: 0.0524447
	speed: 0.0078s/iter; left time: 110.9722s
	iters: 900, epoch: 4 | loss: 0.0379286
	speed: 0.0070s/iter; left time: 98.7960s
	iters: 1000, epoch: 4 | loss: 0.0327022
	speed: 0.0077s/iter; left time: 108.0625s
	iters: 1100, epoch: 4 | loss: 0.0413496
	speed: 0.0069s/iter; left time: 96.7280s
	iters: 1200, epoch: 4 | loss: 0.0431042
	speed: 0.0082s/iter; left time: 114.2356s
	iters: 1300, epoch: 4 | loss: 0.0418650
	speed: 0.0070s/iter; left time: 96.8819s
	iters: 1400, epoch: 4 | loss: 0.0354990
	speed: 0.0076s/iter; left time: 103.9576s
	iters: 1500, epoch: 4 | loss: 0.0338937
	speed: 0.0067s/iter; left time: 90.5551s
	iters: 1600, epoch: 4 | loss: 0.0533267
	speed: 0.0071s/iter; left time: 95.3166s
	iters: 1700, epoch: 4 | loss: 0.0634228
	speed: 0.0075s/iter; left time: 100.4487s
	iters: 1800, epoch: 4 | loss: 0.0419330
	speed: 0.0075s/iter; left time: 99.2861s
	iters: 1900, epoch: 4 | loss: 0.0398006
	speed: 0.0076s/iter; left time: 99.7761s
	iters: 2000, epoch: 4 | loss: 0.0567946
	speed: 0.0079s/iter; left time: 103.6879s
	iters: 2100, epoch: 4 | loss: 0.0395848
	speed: 0.0071s/iter; left time: 92.6760s
Epoch: 4 cost time: 15.983879804611206
Epoch: 4, Steps: 2154 | Train Loss: 0.0395437 Vali Loss: 0.0542491 Test Loss: 0.0492325
Validation loss decreased (0.049480 --> 0.049232).  Saving model ...
Updating learning rate to 0.0008534895138951646
	iters: 100, epoch: 5 | loss: 0.0281186
	speed: 0.0680s/iter; left time: 871.9303s
	iters: 200, epoch: 5 | loss: 0.0533814
	speed: 0.0068s/iter; left time: 86.7138s
	iters: 300, epoch: 5 | loss: 0.0380301
	speed: 0.0085s/iter; left time: 107.3896s
	iters: 400, epoch: 5 | loss: 0.0393624
	speed: 0.0077s/iter; left time: 95.9984s
	iters: 500, epoch: 5 | loss: 0.0357775
	speed: 0.0068s/iter; left time: 84.1651s
	iters: 600, epoch: 5 | loss: 0.0429630
	speed: 0.0074s/iter; left time: 90.9736s
	iters: 700, epoch: 5 | loss: 0.0515595
	speed: 0.0069s/iter; left time: 84.6915s
	iters: 800, epoch: 5 | loss: 0.0415500
	speed: 0.0074s/iter; left time: 89.2782s
	iters: 900, epoch: 5 | loss: 0.0297670
	speed: 0.0072s/iter; left time: 86.9179s
	iters: 1000, epoch: 5 | loss: 0.0468609
	speed: 0.0078s/iter; left time: 92.9943s
	iters: 1100, epoch: 5 | loss: 0.0397272
	speed: 0.0076s/iter; left time: 90.2779s
	iters: 1200, epoch: 5 | loss: 0.0323002
	speed: 0.0074s/iter; left time: 87.1321s
	iters: 1300, epoch: 5 | loss: 0.0393817
	speed: 0.0077s/iter; left time: 89.2641s
	iters: 1400, epoch: 5 | loss: 0.0435575
	speed: 0.0068s/iter; left time: 78.6463s
	iters: 1500, epoch: 5 | loss: 0.0352151
	speed: 0.0075s/iter; left time: 85.8597s
	iters: 1600, epoch: 5 | loss: 0.0331497
	speed: 0.0081s/iter; left time: 91.7624s
	iters: 1700, epoch: 5 | loss: 0.0386205
	speed: 0.0081s/iter; left time: 91.4700s
	iters: 1800, epoch: 5 | loss: 0.0339347
	speed: 0.0078s/iter; left time: 86.7684s
	iters: 1900, epoch: 5 | loss: 0.0393958
	speed: 0.0075s/iter; left time: 82.4087s
	iters: 2000, epoch: 5 | loss: 0.0415061
	speed: 0.0072s/iter; left time: 78.3278s
	iters: 2100, epoch: 5 | loss: 0.0369853
	speed: 0.0072s/iter; left time: 78.1134s
Epoch: 5 cost time: 16.111727952957153
Epoch: 5, Steps: 2154 | Train Loss: 0.0393203 Vali Loss: 0.0541052 Test Loss: 0.0490690
Validation loss decreased (0.049232 --> 0.049069).  Saving model ...
Updating learning rate to 0.0006912587310177311
	iters: 100, epoch: 6 | loss: 0.0428972
	speed: 0.0672s/iter; left time: 717.4003s
	iters: 200, epoch: 6 | loss: 0.0374709
	speed: 0.0081s/iter; left time: 85.1090s
	iters: 300, epoch: 6 | loss: 0.0317063
	speed: 0.0072s/iter; left time: 75.6166s
	iters: 400, epoch: 6 | loss: 0.0371919
	speed: 0.0075s/iter; left time: 77.4237s
	iters: 500, epoch: 6 | loss: 0.0539195
	speed: 0.0079s/iter; left time: 81.0980s
	iters: 600, epoch: 6 | loss: 0.0360646
	speed: 0.0073s/iter; left time: 74.2047s
	iters: 700, epoch: 6 | loss: 0.0573947
	speed: 0.0075s/iter; left time: 75.0350s
	iters: 800, epoch: 6 | loss: 0.0387187
	speed: 0.0073s/iter; left time: 73.2051s
	iters: 900, epoch: 6 | loss: 0.0441374
	speed: 0.0081s/iter; left time: 79.6651s
	iters: 1000, epoch: 6 | loss: 0.0429670
	speed: 0.0071s/iter; left time: 69.5215s
	iters: 1100, epoch: 6 | loss: 0.0427174
	speed: 0.0084s/iter; left time: 80.9761s
	iters: 1200, epoch: 6 | loss: 0.0374092
	speed: 0.0075s/iter; left time: 71.7286s
	iters: 1300, epoch: 6 | loss: 0.0490232
	speed: 0.0071s/iter; left time: 67.5053s
	iters: 1400, epoch: 6 | loss: 0.0305124
	speed: 0.0074s/iter; left time: 69.0234s
	iters: 1500, epoch: 6 | loss: 0.0399033
	speed: 0.0078s/iter; left time: 72.6107s
	iters: 1600, epoch: 6 | loss: 0.0368755
	speed: 0.0074s/iter; left time: 67.9175s
	iters: 1700, epoch: 6 | loss: 0.0442204
	speed: 0.0074s/iter; left time: 67.5310s
	iters: 1800, epoch: 6 | loss: 0.0361365
	speed: 0.0081s/iter; left time: 72.5422s
	iters: 1900, epoch: 6 | loss: 0.0566963
	speed: 0.0071s/iter; left time: 62.6981s
	iters: 2000, epoch: 6 | loss: 0.0393725
	speed: 0.0072s/iter; left time: 63.4137s
	iters: 2100, epoch: 6 | loss: 0.0311466
	speed: 0.0108s/iter; left time: 93.6815s
Epoch: 6 cost time: 16.68836236000061
Epoch: 6, Steps: 2154 | Train Loss: 0.0394405 Vali Loss: 0.0541201 Test Loss: 0.0490107
Validation loss decreased (0.049069 --> 0.049011).  Saving model ...
Updating learning rate to 0.0004999108445894319
	iters: 100, epoch: 7 | loss: 0.0264384
	speed: 0.1083s/iter; left time: 922.1484s
	iters: 200, epoch: 7 | loss: 0.0297429
	speed: 0.0088s/iter; left time: 74.1399s
	iters: 300, epoch: 7 | loss: 0.0486351
	speed: 0.0086s/iter; left time: 71.3161s
	iters: 400, epoch: 7 | loss: 0.0357616
	speed: 0.0088s/iter; left time: 72.5136s
	iters: 500, epoch: 7 | loss: 0.0308902
	speed: 0.0094s/iter; left time: 75.8987s
	iters: 600, epoch: 7 | loss: 0.0322823
	speed: 0.0086s/iter; left time: 68.7702s
	iters: 700, epoch: 7 | loss: 0.0542265
	speed: 0.0084s/iter; left time: 66.7195s
	iters: 800, epoch: 7 | loss: 0.0390731
	speed: 0.0064s/iter; left time: 50.3411s
	iters: 900, epoch: 7 | loss: 0.0395559
	speed: 0.0069s/iter; left time: 53.6087s
	iters: 1000, epoch: 7 | loss: 0.0361672
	speed: 0.0100s/iter; left time: 75.8418s
	iters: 1100, epoch: 7 | loss: 0.0436231
	speed: 0.0093s/iter; left time: 70.1250s
	iters: 1200, epoch: 7 | loss: 0.0380381
	speed: 0.0074s/iter; left time: 54.6033s
	iters: 1300, epoch: 7 | loss: 0.0352682
	speed: 0.0080s/iter; left time: 58.4938s
	iters: 1400, epoch: 7 | loss: 0.0377064
	speed: 0.0083s/iter; left time: 59.9597s
	iters: 1500, epoch: 7 | loss: 0.0435698
	speed: 0.0076s/iter; left time: 54.2663s
	iters: 1600, epoch: 7 | loss: 0.0256978
	speed: 0.0087s/iter; left time: 61.1639s
	iters: 1700, epoch: 7 | loss: 0.0356221
	speed: 0.0081s/iter; left time: 56.1776s
	iters: 1800, epoch: 7 | loss: 0.0443620
	speed: 0.0085s/iter; left time: 57.9260s
	iters: 1900, epoch: 7 | loss: 0.0500501
	speed: 0.0089s/iter; left time: 59.5695s
	iters: 2000, epoch: 7 | loss: 0.0568438
	speed: 0.0111s/iter; left time: 73.7448s
	iters: 2100, epoch: 7 | loss: 0.0421386
	speed: 0.0075s/iter; left time: 48.8415s
Epoch: 7 cost time: 18.20818328857422
Epoch: 7, Steps: 2154 | Train Loss: 0.0391844 Vali Loss: 0.0538530 Test Loss: 0.0489036
Validation loss decreased (0.049011 --> 0.048904).  Saving model ...
Updating learning rate to 0.00030857683574606596
	iters: 100, epoch: 8 | loss: 0.0244223
	speed: 0.0725s/iter; left time: 461.4293s
	iters: 200, epoch: 8 | loss: 0.0376252
	speed: 0.0110s/iter; left time: 68.6221s
	iters: 300, epoch: 8 | loss: 0.0358472
	speed: 0.0110s/iter; left time: 67.6706s
	iters: 400, epoch: 8 | loss: 0.0410702
	speed: 0.0108s/iter; left time: 65.4509s
	iters: 500, epoch: 8 | loss: 0.0408939
	speed: 0.0099s/iter; left time: 59.2910s
	iters: 600, epoch: 8 | loss: 0.0454556
	speed: 0.0108s/iter; left time: 63.4567s
	iters: 700, epoch: 8 | loss: 0.0370013
	speed: 0.0097s/iter; left time: 55.9271s
	iters: 800, epoch: 8 | loss: 0.0444948
	speed: 0.0115s/iter; left time: 64.9246s
	iters: 900, epoch: 8 | loss: 0.0347959
	speed: 0.0112s/iter; left time: 62.1967s
	iters: 1000, epoch: 8 | loss: 0.0398718
	speed: 0.0106s/iter; left time: 58.0256s
	iters: 1100, epoch: 8 | loss: 0.0387080
	speed: 0.0108s/iter; left time: 58.1314s
	iters: 1200, epoch: 8 | loss: 0.0442851
	speed: 0.0106s/iter; left time: 55.8049s
	iters: 1300, epoch: 8 | loss: 0.0450643
	speed: 0.0108s/iter; left time: 55.5773s
	iters: 1400, epoch: 8 | loss: 0.0316161
	speed: 0.0126s/iter; left time: 63.6145s
	iters: 1500, epoch: 8 | loss: 0.0487857
	speed: 0.0105s/iter; left time: 51.9737s
	iters: 1600, epoch: 8 | loss: 0.0372215
	speed: 0.0097s/iter; left time: 47.0236s
	iters: 1700, epoch: 8 | loss: 0.0375469
	speed: 0.0114s/iter; left time: 54.1505s
	iters: 1800, epoch: 8 | loss: 0.0497758
	speed: 0.0103s/iter; left time: 47.9232s
	iters: 1900, epoch: 8 | loss: 0.0347114
	speed: 0.0100s/iter; left time: 45.5335s
	iters: 2000, epoch: 8 | loss: 0.0315811
	speed: 0.0111s/iter; left time: 49.3413s
	iters: 2100, epoch: 8 | loss: 0.0409480
	speed: 0.0103s/iter; left time: 44.9370s
Epoch: 8 cost time: 23.506736278533936
Epoch: 8, Steps: 2154 | Train Loss: 0.0394479 Vali Loss: 0.0538758 Test Loss: 0.0488228
Validation loss decreased (0.048904 --> 0.048823).  Saving model ...
Updating learning rate to 0.00014638557288692642
	iters: 100, epoch: 9 | loss: 0.0339297
	speed: 0.0999s/iter; left time: 420.5912s
	iters: 200, epoch: 9 | loss: 0.0314401
	speed: 0.0101s/iter; left time: 41.4719s
	iters: 300, epoch: 9 | loss: 0.0599819
	speed: 0.0099s/iter; left time: 39.7930s
	iters: 400, epoch: 9 | loss: 0.0337293
	speed: 0.0100s/iter; left time: 38.8994s
	iters: 500, epoch: 9 | loss: 0.0399348
	speed: 0.0103s/iter; left time: 39.1709s
	iters: 600, epoch: 9 | loss: 0.0424672
	speed: 0.0105s/iter; left time: 38.9432s
	iters: 700, epoch: 9 | loss: 0.0387365
	speed: 0.0108s/iter; left time: 38.9250s
	iters: 800, epoch: 9 | loss: 0.0396316
	speed: 0.0111s/iter; left time: 39.0633s
	iters: 900, epoch: 9 | loss: 0.0467261
	speed: 0.0105s/iter; left time: 35.7988s
	iters: 1000, epoch: 9 | loss: 0.0353893
	speed: 0.0122s/iter; left time: 40.4812s
	iters: 1100, epoch: 9 | loss: 0.0346417
	speed: 0.0112s/iter; left time: 35.8198s
	iters: 1200, epoch: 9 | loss: 0.0388734
	speed: 0.0106s/iter; left time: 32.8285s
	iters: 1300, epoch: 9 | loss: 0.0498265
	speed: 0.0119s/iter; left time: 35.6598s
	iters: 1400, epoch: 9 | loss: 0.0449278
	speed: 0.0097s/iter; left time: 28.3515s
	iters: 1500, epoch: 9 | loss: 0.0395912
	speed: 0.0087s/iter; left time: 24.4270s
	iters: 1600, epoch: 9 | loss: 0.0372882
	speed: 0.0084s/iter; left time: 22.8038s
	iters: 1700, epoch: 9 | loss: 0.0451890
	speed: 0.0087s/iter; left time: 22.8184s
	iters: 1800, epoch: 9 | loss: 0.0412200
	speed: 0.0109s/iter; left time: 27.4039s
	iters: 1900, epoch: 9 | loss: 0.0365536
	speed: 0.0112s/iter; left time: 26.9483s
	iters: 2000, epoch: 9 | loss: 0.0350884
	speed: 0.0073s/iter; left time: 16.9199s
	iters: 2100, epoch: 9 | loss: 0.0429735
	speed: 0.0068s/iter; left time: 15.1078s
Epoch: 9 cost time: 21.61310887336731
Epoch: 9, Steps: 2154 | Train Loss: 0.0392402 Vali Loss: 0.0539454 Test Loss: 0.0488635
EarlyStopping counter: 1 out of 15
Updating learning rate to 3.802920551485804e-05
	iters: 100, epoch: 10 | loss: 0.0310164
	speed: 0.0664s/iter; left time: 136.4156s
	iters: 200, epoch: 10 | loss: 0.0329219
	speed: 0.0080s/iter; left time: 15.6513s
	iters: 300, epoch: 10 | loss: 0.0451261
	speed: 0.0074s/iter; left time: 13.6406s
	iters: 400, epoch: 10 | loss: 0.0485090
	speed: 0.0070s/iter; left time: 12.2387s
	iters: 500, epoch: 10 | loss: 0.0476476
	speed: 0.0075s/iter; left time: 12.4827s
	iters: 600, epoch: 10 | loss: 0.0400141
	speed: 0.0068s/iter; left time: 10.5488s
	iters: 700, epoch: 10 | loss: 0.0403629
	speed: 0.0108s/iter; left time: 15.7610s
	iters: 800, epoch: 10 | loss: 0.0302897
	speed: 0.0081s/iter; left time: 11.0221s
	iters: 900, epoch: 10 | loss: 0.0436768
	speed: 0.0079s/iter; left time: 9.8739s
	iters: 1000, epoch: 10 | loss: 0.0485525
	speed: 0.0084s/iter; left time: 9.6468s
	iters: 1100, epoch: 10 | loss: 0.0482207
	speed: 0.0078s/iter; left time: 8.1805s
	iters: 1200, epoch: 10 | loss: 0.0291176
	speed: 0.0084s/iter; left time: 8.0642s
	iters: 1300, epoch: 10 | loss: 0.0431363
	speed: 0.0125s/iter; left time: 10.7090s
	iters: 1400, epoch: 10 | loss: 0.0529852
	speed: 0.0106s/iter; left time: 8.0010s
	iters: 1500, epoch: 10 | loss: 0.0522736
	speed: 0.0104s/iter; left time: 6.7848s
	iters: 1600, epoch: 10 | loss: 0.0393957
	speed: 0.0108s/iter; left time: 5.9991s
	iters: 1700, epoch: 10 | loss: 0.0426823
	speed: 0.0102s/iter; left time: 4.6629s
	iters: 1800, epoch: 10 | loss: 0.0373741
	speed: 0.0111s/iter; left time: 3.9414s
	iters: 1900, epoch: 10 | loss: 0.0378447
	speed: 0.0106s/iter; left time: 2.6935s
	iters: 2000, epoch: 10 | loss: 0.0352244
	speed: 0.0114s/iter; left time: 1.7643s
	iters: 2100, epoch: 10 | loss: 0.0469953
	speed: 0.0113s/iter; left time: 0.6199s
Epoch: 10 cost time: 19.98262643814087
Epoch: 10, Steps: 2154 | Train Loss: 0.0390383 Vali Loss: 0.0538493 Test Loss: 0.0485663
Validation loss decreased (0.048823 --> 0.048566).  Saving model ...
Updating learning rate to 4.008309342172464e-09
>>>>>>>testing : imputation_IMP_SparseTSF_ETTm1_mask0.125_none_SparseTSF_ETTm1_sl96_pl0_dm16_nh8_el2_dl1_df32_fc1_ebtimeF_dtTrue_Imp_0<<<<<<<<<<<<<<<<<<<<<<<<<<<<<<<<<
test 11521
test shape: (11520, 96, 7) (11520, 96, 7)
mse:0.04889828711748123, mae:0.1390327513217926
