Args in experiment:
Namespace(activation='gelu', anomaly_ratio=0.25, batch_size=16, c_out=7, channel_independence=1, checkpoints='./checkpoints/', comment='none', d_ff=32, d_layers=1, d_model=16, data='ETTm1', data_path='ETTm1.csv', dec_in=7, decomp_method='moving_avg', des='Imp', devices='0,1', distil=True, down_sampling_layers=3, down_sampling_method='avg', down_sampling_window=2, drop_last=True, dropout=0.1, e_layers=2, embed='timeF', emissions_file='emissions.csv', emissions_output_dir='.', enc_in=7, factor=1, features='M', freq='h', gpu=0, inverse=False, is_training=1, itr=1, label_len=0, learning_rate=0.001, loss='MSE', lradj='TST', mask_rate=0.5, model='SparseTSF', model_id='IMP_SparseTSF_ETTm1_mask0.5', model_type='linear', moving_avg=25, n_heads=8, num_kernels=6, num_workers=0, output_attention=False, p_hidden_dims=[128, 128], p_hidden_layers=2, patience=15, pct_start=0.2, period_len=4, pred_len=0, root_path='<workspace>\\dataset\\ETT-small', seasonal_patterns='Monthly', seq_len=96, target='OT', task_name='imputation', top_k=5, track_emissions=0, train_epochs=10, use_amp=False, use_future_temporal_feature=0, use_gpu=True, use_multi_gpu=False, use_norm=1)
Use GPU: cuda:0
>>>>>>>start training : imputation_IMP_SparseTSF_ETTm1_mask0.5_none_SparseTSF_ETTm1_sl96_pl0_dm16_nh8_el2_dl1_df32_fc1_ebtimeF_dtTrue_Imp_0>>>>>>>>>>>>>>>>>>>>>>>>>>
train 34465
val 11521
test 11521
	iters: 100, epoch: 1 | loss: 0.4277786
	speed: 0.0345s/iter; left time: 739.9197s
	iters: 200, epoch: 1 | loss: 0.2783131
	speed: 0.0054s/iter; left time: 114.2200s
	iters: 300, epoch: 1 | loss: 0.4489281
	speed: 0.0054s/iter; left time: 115.1873s
	iters: 400, epoch: 1 | loss: 0.3759815
	speed: 0.0055s/iter; left time: 115.5449s
	iters: 500, epoch: 1 | loss: 0.3481202
	speed: 0.0057s/iter; left time: 119.5536s
	iters: 600, epoch: 1 | loss: 0.3486654
	speed: 0.0056s/iter; left time: 116.5049s
	iters: 700, epoch: 1 | loss: 0.3221806
	speed: 0.0054s/iter; left time: 112.8143s
	iters: 800, epoch: 1 | loss: 0.3759815
	speed: 0.0057s/iter; left time: 117.2906s
	iters: 900, epoch: 1 | loss: 0.2500164
	speed: 0.0054s/iter; left time: 111.1521s
	iters: 1000, epoch: 1 | loss: 0.2774023
	speed: 0.0056s/iter; left time: 115.3626s
	iters: 1100, epoch: 1 | loss: 0.2438625
	speed: 0.0058s/iter; left time: 118.5970s
	iters: 1200, epoch: 1 | loss: 0.2773640
	speed: 0.0055s/iter; left time: 112.0425s
	iters: 1300, epoch: 1 | loss: 0.1742933
	speed: 0.0054s/iter; left time: 109.2209s
	iters: 1400, epoch: 1 | loss: 0.1559535
	speed: 0.0057s/iter; left time: 114.9652s
	iters: 1500, epoch: 1 | loss: 0.1770113
	speed: 0.0055s/iter; left time: 109.8819s
	iters: 1600, epoch: 1 | loss: 0.1230279
	speed: 0.0057s/iter; left time: 113.4485s
	iters: 1700, epoch: 1 | loss: 0.1263595
	speed: 0.0056s/iter; left time: 111.2583s
	iters: 1800, epoch: 1 | loss: 0.1179867
	speed: 0.0056s/iter; left time: 109.8366s
	iters: 1900, epoch: 1 | loss: 0.1157475
	speed: 0.0056s/iter; left time: 109.6832s
	iters: 2000, epoch: 1 | loss: 0.1203061
	speed: 0.0055s/iter; left time: 108.1982s
	iters: 2100, epoch: 1 | loss: 0.0890135
	speed: 0.0055s/iter; left time: 106.6090s
Epoch: 1 cost time: 14.844614267349243
Epoch: 1, Steps: 2154 | Train Loss: 0.2654385 Vali Loss: 0.1190617 Test Loss: 0.1233330
Validation loss decreased (inf --> 0.123333).  Saving model ...
Updating learning rate to 0.0005201750597214178
	iters: 100, epoch: 2 | loss: 0.1023585
	speed: 0.0498s/iter; left time: 960.7001s
	iters: 200, epoch: 2 | loss: 0.0913042
	speed: 0.0055s/iter; left time: 104.7865s
	iters: 300, epoch: 2 | loss: 0.0763721
	speed: 0.0057s/iter; left time: 109.0738s
	iters: 400, epoch: 2 | loss: 0.0894491
	speed: 0.0056s/iter; left time: 105.9743s
	iters: 500, epoch: 2 | loss: 0.0788863
	speed: 0.0060s/iter; left time: 113.0062s
	iters: 600, epoch: 2 | loss: 0.0753809
	speed: 0.0056s/iter; left time: 106.0897s
	iters: 700, epoch: 2 | loss: 0.0649396
	speed: 0.0055s/iter; left time: 102.3720s
	iters: 800, epoch: 2 | loss: 0.0817138
	speed: 0.0055s/iter; left time: 102.9377s
	iters: 900, epoch: 2 | loss: 0.0622702
	speed: 0.0060s/iter; left time: 110.4401s
	iters: 1000, epoch: 2 | loss: 0.0827064
	speed: 0.0057s/iter; left time: 105.0095s
	iters: 1100, epoch: 2 | loss: 0.0634811
	speed: 0.0056s/iter; left time: 101.8107s
	iters: 1200, epoch: 2 | loss: 0.0770191
	speed: 0.0056s/iter; left time: 101.1541s
	iters: 1300, epoch: 2 | loss: 0.0615426
	speed: 0.0056s/iter; left time: 101.9822s
	iters: 1400, epoch: 2 | loss: 0.0787318
	speed: 0.0063s/iter; left time: 113.3228s
	iters: 1500, epoch: 2 | loss: 0.0661156
	speed: 0.0054s/iter; left time: 97.0419s
	iters: 1600, epoch: 2 | loss: 0.0773662
	speed: 0.0057s/iter; left time: 100.7533s
	iters: 1700, epoch: 2 | loss: 0.0558867
	speed: 0.0056s/iter; left time: 99.0502s
	iters: 1800, epoch: 2 | loss: 0.0725168
	speed: 0.0054s/iter; left time: 94.7314s
	iters: 1900, epoch: 2 | loss: 0.0765024
	speed: 0.0056s/iter; left time: 97.6426s
	iters: 2000, epoch: 2 | loss: 0.0740747
	speed: 0.0058s/iter; left time: 100.5446s
	iters: 2100, epoch: 2 | loss: 0.0814136
	speed: 0.0056s/iter; left time: 97.5787s
Epoch: 2 cost time: 12.2139413356781
Epoch: 2, Steps: 2154 | Train Loss: 0.0737033 Vali Loss: 0.0998361 Test Loss: 0.0968443
Validation loss decreased (0.123333 --> 0.096844).  Saving model ...
Updating learning rate to 0.0009999999916906579
	iters: 100, epoch: 3 | loss: 0.0703157
	speed: 0.0498s/iter; left time: 853.0461s
	iters: 200, epoch: 3 | loss: 0.0801299
	speed: 0.0056s/iter; left time: 94.5702s
	iters: 300, epoch: 3 | loss: 0.0551225
	speed: 0.0058s/iter; left time: 98.4958s
	iters: 400, epoch: 3 | loss: 0.0570804
	speed: 0.0060s/iter; left time: 101.6589s
	iters: 500, epoch: 3 | loss: 0.0807709
	speed: 0.0056s/iter; left time: 94.2208s
	iters: 600, epoch: 3 | loss: 0.0821753
	speed: 0.0056s/iter; left time: 93.2982s
	iters: 700, epoch: 3 | loss: 0.0646957
	speed: 0.0060s/iter; left time: 99.7812s
	iters: 800, epoch: 3 | loss: 0.0602821
	speed: 0.0057s/iter; left time: 93.3840s
	iters: 900, epoch: 3 | loss: 0.0705098
	speed: 0.0055s/iter; left time: 89.1420s
	iters: 1000, epoch: 3 | loss: 0.0995422
	speed: 0.0058s/iter; left time: 93.4754s
	iters: 1100, epoch: 3 | loss: 0.0911112
	speed: 0.0056s/iter; left time: 89.9877s
	iters: 1200, epoch: 3 | loss: 0.0691896
	speed: 0.0057s/iter; left time: 91.3216s
	iters: 1300, epoch: 3 | loss: 0.0660734
	speed: 0.0057s/iter; left time: 90.3385s
	iters: 1400, epoch: 3 | loss: 0.0713665
	speed: 0.0057s/iter; left time: 89.9942s
	iters: 1500, epoch: 3 | loss: 0.0761028
	speed: 0.0058s/iter; left time: 90.9605s
	iters: 1600, epoch: 3 | loss: 0.0614490
	speed: 0.0054s/iter; left time: 84.8341s
	iters: 1700, epoch: 3 | loss: 0.0867118
	speed: 0.0056s/iter; left time: 87.1458s
	iters: 1800, epoch: 3 | loss: 0.0774997
	speed: 0.0058s/iter; left time: 89.4978s
	iters: 1900, epoch: 3 | loss: 0.0662298
	speed: 0.0057s/iter; left time: 87.6598s
	iters: 2000, epoch: 3 | loss: 0.0665154
	speed: 0.0055s/iter; left time: 83.5292s
	iters: 2100, epoch: 3 | loss: 0.0535990
	speed: 0.0057s/iter; left time: 86.5853s
Epoch: 3 cost time: 12.220731735229492
Epoch: 3, Steps: 2154 | Train Loss: 0.0707919 Vali Loss: 0.0995252 Test Loss: 0.0965777
Validation loss decreased (0.096844 --> 0.096578).  Saving model ...
Updating learning rate to 0.0009619050271543523
	iters: 100, epoch: 4 | loss: 0.0539995
	speed: 0.0497s/iter; left time: 744.7548s
	iters: 200, epoch: 4 | loss: 0.0810481
	speed: 0.0057s/iter; left time: 85.3297s
	iters: 300, epoch: 4 | loss: 0.0723600
	speed: 0.0056s/iter; left time: 82.9282s
	iters: 400, epoch: 4 | loss: 0.0742825
	speed: 0.0057s/iter; left time: 84.2690s
	iters: 500, epoch: 4 | loss: 0.0594356
	speed: 0.0057s/iter; left time: 83.6736s
	iters: 600, epoch: 4 | loss: 0.0639552
	speed: 0.0055s/iter; left time: 80.2686s
	iters: 700, epoch: 4 | loss: 0.0592686
	speed: 0.0055s/iter; left time: 78.5048s
	iters: 800, epoch: 4 | loss: 0.0687698
	speed: 0.0056s/iter; left time: 79.4980s
	iters: 900, epoch: 4 | loss: 0.0595824
	speed: 0.0055s/iter; left time: 77.6231s
	iters: 1000, epoch: 4 | loss: 0.0756883
	speed: 0.0059s/iter; left time: 82.5275s
	iters: 1100, epoch: 4 | loss: 0.0723456
	speed: 0.0056s/iter; left time: 78.6769s
	iters: 1200, epoch: 4 | loss: 0.0729681
	speed: 0.0056s/iter; left time: 78.4129s
	iters: 1300, epoch: 4 | loss: 0.0664511
	speed: 0.0063s/iter; left time: 87.3310s
	iters: 1400, epoch: 4 | loss: 0.0581954
	speed: 0.0059s/iter; left time: 80.6596s
	iters: 1500, epoch: 4 | loss: 0.0629529
	speed: 0.0056s/iter; left time: 76.6425s
	iters: 1600, epoch: 4 | loss: 0.1046171
	speed: 0.0055s/iter; left time: 74.0064s
	iters: 1700, epoch: 4 | loss: 0.0815646
	speed: 0.0057s/iter; left time: 75.8486s
	iters: 1800, epoch: 4 | loss: 0.0647550
	speed: 0.0058s/iter; left time: 77.4327s
	iters: 1900, epoch: 4 | loss: 0.0621907
	speed: 0.0058s/iter; left time: 75.9332s
	iters: 2000, epoch: 4 | loss: 0.0947794
	speed: 0.0062s/iter; left time: 80.5996s
	iters: 2100, epoch: 4 | loss: 0.0646467
	speed: 0.0058s/iter; left time: 75.1718s
Epoch: 4 cost time: 12.38721251487732
Epoch: 4, Steps: 2154 | Train Loss: 0.0706975 Vali Loss: 0.0996508 Test Loss: 0.0966681
EarlyStopping counter: 1 out of 15
Updating learning rate to 0.0008534895138951646
	iters: 100, epoch: 5 | loss: 0.0527411
	speed: 0.0486s/iter; left time: 623.5496s
	iters: 200, epoch: 5 | loss: 0.0893635
	speed: 0.0057s/iter; left time: 72.0043s
	iters: 300, epoch: 5 | loss: 0.0722703
	speed: 0.0061s/iter; left time: 76.9996s
	iters: 400, epoch: 5 | loss: 0.0652490
	speed: 0.0057s/iter; left time: 71.9640s
	iters: 500, epoch: 5 | loss: 0.0649369
	speed: 0.0056s/iter; left time: 69.5507s
	iters: 600, epoch: 5 | loss: 0.0729526
	speed: 0.0058s/iter; left time: 71.8073s
	iters: 700, epoch: 5 | loss: 0.0848077
	speed: 0.0059s/iter; left time: 72.4212s
	iters: 800, epoch: 5 | loss: 0.0675570
	speed: 0.0058s/iter; left time: 69.8652s
	iters: 900, epoch: 5 | loss: 0.0570142
	speed: 0.0060s/iter; left time: 72.6487s
	iters: 1000, epoch: 5 | loss: 0.0782225
	speed: 0.0057s/iter; left time: 67.9858s
	iters: 1100, epoch: 5 | loss: 0.0679291
	speed: 0.0060s/iter; left time: 70.5844s
	iters: 1200, epoch: 5 | loss: 0.0573812
	speed: 0.0059s/iter; left time: 68.6907s
	iters: 1300, epoch: 5 | loss: 0.0683865
	speed: 0.0058s/iter; left time: 67.0387s
	iters: 1400, epoch: 5 | loss: 0.0723667
	speed: 0.0057s/iter; left time: 65.2566s
	iters: 1500, epoch: 5 | loss: 0.0632718
	speed: 0.0056s/iter; left time: 64.2014s
	iters: 1600, epoch: 5 | loss: 0.0577775
	speed: 0.0057s/iter; left time: 64.8631s
	iters: 1700, epoch: 5 | loss: 0.0816277
	speed: 0.0054s/iter; left time: 60.4564s
	iters: 1800, epoch: 5 | loss: 0.0685037
	speed: 0.0059s/iter; left time: 65.1034s
	iters: 1900, epoch: 5 | loss: 0.0704928
	speed: 0.0056s/iter; left time: 61.2693s
	iters: 2000, epoch: 5 | loss: 0.0751810
	speed: 0.0054s/iter; left time: 58.5270s
	iters: 2100, epoch: 5 | loss: 0.0600997
	speed: 0.0056s/iter; left time: 61.0829s
Epoch: 5 cost time: 12.340459108352661
Epoch: 5, Steps: 2154 | Train Loss: 0.0703739 Vali Loss: 0.0991835 Test Loss: 0.0965693
Validation loss decreased (0.096578 --> 0.096569).  Saving model ...
Updating learning rate to 0.0006912587310177311
	iters: 100, epoch: 6 | loss: 0.0687036
	speed: 0.0491s/iter; left time: 523.7643s
	iters: 200, epoch: 6 | loss: 0.0645598
	speed: 0.0054s/iter; left time: 57.5020s
	iters: 300, epoch: 6 | loss: 0.0553999
	speed: 0.0054s/iter; left time: 56.9719s
	iters: 400, epoch: 6 | loss: 0.0729192
	speed: 0.0056s/iter; left time: 57.9605s
	iters: 500, epoch: 6 | loss: 0.0829920
	speed: 0.0061s/iter; left time: 62.3359s
	iters: 600, epoch: 6 | loss: 0.0867026
	speed: 0.0057s/iter; left time: 57.9027s
	iters: 700, epoch: 6 | loss: 0.0716921
	speed: 0.0058s/iter; left time: 58.0250s
	iters: 800, epoch: 6 | loss: 0.0650156
	speed: 0.0059s/iter; left time: 58.5963s
	iters: 900, epoch: 6 | loss: 0.0819207
	speed: 0.0057s/iter; left time: 56.1342s
	iters: 1000, epoch: 6 | loss: 0.0637584
	speed: 0.0057s/iter; left time: 55.9552s
	iters: 1100, epoch: 6 | loss: 0.0765033
	speed: 0.0058s/iter; left time: 55.7631s
	iters: 1200, epoch: 6 | loss: 0.0667807
	speed: 0.0056s/iter; left time: 53.6732s
	iters: 1300, epoch: 6 | loss: 0.0723898
	speed: 0.0058s/iter; left time: 55.0297s
	iters: 1400, epoch: 6 | loss: 0.0589784
	speed: 0.0056s/iter; left time: 52.8210s
	iters: 1500, epoch: 6 | loss: 0.0654716
	speed: 0.0057s/iter; left time: 52.9215s
	iters: 1600, epoch: 6 | loss: 0.0731501
	speed: 0.0057s/iter; left time: 51.8417s
	iters: 1700, epoch: 6 | loss: 0.0805437
	speed: 0.0057s/iter; left time: 51.6341s
	iters: 1800, epoch: 6 | loss: 0.0705887
	speed: 0.0056s/iter; left time: 49.9633s
	iters: 1900, epoch: 6 | loss: 0.1093610
	speed: 0.0058s/iter; left time: 51.0721s
	iters: 2000, epoch: 6 | loss: 0.0587541
	speed: 0.0057s/iter; left time: 50.0549s
	iters: 2100, epoch: 6 | loss: 0.0688708
	speed: 0.0064s/iter; left time: 55.2591s
Epoch: 6 cost time: 12.288747072219849
Epoch: 6, Steps: 2154 | Train Loss: 0.0703794 Vali Loss: 0.0993107 Test Loss: 0.0962340
Validation loss decreased (0.096569 --> 0.096234).  Saving model ...
Updating learning rate to 0.0004999108445894319
	iters: 100, epoch: 7 | loss: 0.0593814
	speed: 0.0486s/iter; left time: 413.9929s
	iters: 200, epoch: 7 | loss: 0.0585850
	speed: 0.0056s/iter; left time: 46.8066s
	iters: 300, epoch: 7 | loss: 0.0676100
	speed: 0.0056s/iter; left time: 46.8013s
	iters: 400, epoch: 7 | loss: 0.0641052
	speed: 0.0058s/iter; left time: 47.2671s
	iters: 500, epoch: 7 | loss: 0.0702672
	speed: 0.0055s/iter; left time: 44.5405s
	iters: 600, epoch: 7 | loss: 0.0681827
	speed: 0.0057s/iter; left time: 45.7451s
	iters: 700, epoch: 7 | loss: 0.0796161
	speed: 0.0060s/iter; left time: 47.3066s
	iters: 800, epoch: 7 | loss: 0.0758860
	speed: 0.0055s/iter; left time: 42.7930s
	iters: 900, epoch: 7 | loss: 0.0745145
	speed: 0.0058s/iter; left time: 44.7323s
	iters: 1000, epoch: 7 | loss: 0.0534117
	speed: 0.0055s/iter; left time: 41.8885s
	iters: 1100, epoch: 7 | loss: 0.0773264
	speed: 0.0059s/iter; left time: 44.6269s
	iters: 1200, epoch: 7 | loss: 0.0636643
	speed: 0.0057s/iter; left time: 41.9442s
	iters: 1300, epoch: 7 | loss: 0.0631380
	speed: 0.0055s/iter; left time: 40.5134s
	iters: 1400, epoch: 7 | loss: 0.0614995
	speed: 0.0055s/iter; left time: 39.8862s
	iters: 1500, epoch: 7 | loss: 0.0645456
	speed: 0.0064s/iter; left time: 45.2588s
	iters: 1600, epoch: 7 | loss: 0.0630008
	speed: 0.0056s/iter; left time: 39.0972s
	iters: 1700, epoch: 7 | loss: 0.0621228
	speed: 0.0054s/iter; left time: 37.5915s
	iters: 1800, epoch: 7 | loss: 0.0801377
	speed: 0.0055s/iter; left time: 37.6314s
	iters: 1900, epoch: 7 | loss: 0.0810272
	speed: 0.0058s/iter; left time: 39.0546s
	iters: 2000, epoch: 7 | loss: 0.0826175
	speed: 0.0054s/iter; left time: 35.7350s
	iters: 2100, epoch: 7 | loss: 0.0866279
	speed: 0.0058s/iter; left time: 37.5978s
Epoch: 7 cost time: 12.166792869567871
Epoch: 7, Steps: 2154 | Train Loss: 0.0703110 Vali Loss: 0.0988516 Test Loss: 0.0967498
EarlyStopping counter: 1 out of 15
Updating learning rate to 0.00030857683574606596
	iters: 100, epoch: 8 | loss: 0.0584586
	speed: 0.0487s/iter; left time: 310.1680s
	iters: 200, epoch: 8 | loss: 0.0661368
	speed: 0.0058s/iter; left time: 36.2360s
	iters: 300, epoch: 8 | loss: 0.0558640
	speed: 0.0054s/iter; left time: 33.4292s
	iters: 400, epoch: 8 | loss: 0.0694116
	speed: 0.0060s/iter; left time: 36.2730s
	iters: 500, epoch: 8 | loss: 0.0658709
	speed: 0.0059s/iter; left time: 35.4598s
	iters: 600, epoch: 8 | loss: 0.0774825
	speed: 0.0055s/iter; left time: 32.3558s
	iters: 700, epoch: 8 | loss: 0.0984971
	speed: 0.0055s/iter; left time: 31.4793s
	iters: 800, epoch: 8 | loss: 0.0839463
	speed: 0.0059s/iter; left time: 33.6857s
	iters: 900, epoch: 8 | loss: 0.0520453
	speed: 0.0062s/iter; left time: 34.7072s
	iters: 1000, epoch: 8 | loss: 0.0833313
	speed: 0.0056s/iter; left time: 30.3480s
	iters: 1100, epoch: 8 | loss: 0.0625794
	speed: 0.0055s/iter; left time: 29.2759s
	iters: 1200, epoch: 8 | loss: 0.0743162
	speed: 0.0054s/iter; left time: 28.5797s
	iters: 1300, epoch: 8 | loss: 0.0666142
	speed: 0.0059s/iter; left time: 30.6943s
	iters: 1400, epoch: 8 | loss: 0.0633042
	speed: 0.0070s/iter; left time: 35.5833s
	iters: 1500, epoch: 8 | loss: 0.0827119
	speed: 0.0053s/iter; left time: 26.3828s
	iters: 1600, epoch: 8 | loss: 0.0689694
	speed: 0.0055s/iter; left time: 26.8264s
	iters: 1700, epoch: 8 | loss: 0.0640102
	speed: 0.0058s/iter; left time: 27.4439s
	iters: 1800, epoch: 8 | loss: 0.0821295
	speed: 0.0056s/iter; left time: 26.0210s
	iters: 1900, epoch: 8 | loss: 0.0707021
	speed: 0.0054s/iter; left time: 24.6813s
	iters: 2000, epoch: 8 | loss: 0.0575062
	speed: 0.0054s/iter; left time: 24.1554s
	iters: 2100, epoch: 8 | loss: 0.0702909
	speed: 0.0060s/iter; left time: 26.2489s
Epoch: 8 cost time: 12.361798763275146
Epoch: 8, Steps: 2154 | Train Loss: 0.0705918 Vali Loss: 0.0985021 Test Loss: 0.0965530
EarlyStopping counter: 2 out of 15
Updating learning rate to 0.00014638557288692642
	iters: 100, epoch: 9 | loss: 0.0699040
	speed: 0.0492s/iter; left time: 207.1748s
	iters: 200, epoch: 9 | loss: 0.0573900
	speed: 0.0059s/iter; left time: 24.1346s
	iters: 300, epoch: 9 | loss: 0.0898778
	speed: 0.0056s/iter; left time: 22.3988s
	iters: 400, epoch: 9 | loss: 0.0660191
	speed: 0.0057s/iter; left time: 22.4605s
	iters: 500, epoch: 9 | loss: 0.0725524
	speed: 0.0056s/iter; left time: 21.4623s
	iters: 600, epoch: 9 | loss: 0.0780141
	speed: 0.0057s/iter; left time: 21.1952s
	iters: 700, epoch: 9 | loss: 0.0701186
	speed: 0.0060s/iter; left time: 21.6099s
	iters: 800, epoch: 9 | loss: 0.0744159
	speed: 0.0058s/iter; left time: 20.2156s
	iters: 900, epoch: 9 | loss: 0.0648504
	speed: 0.0058s/iter; left time: 19.9008s
	iters: 1000, epoch: 9 | loss: 0.0731520
	speed: 0.0054s/iter; left time: 17.7379s
	iters: 1100, epoch: 9 | loss: 0.0645244
	speed: 0.0059s/iter; left time: 18.9789s
	iters: 1200, epoch: 9 | loss: 0.0685285
	speed: 0.0058s/iter; left time: 18.0627s
	iters: 1300, epoch: 9 | loss: 0.0781671
	speed: 0.0055s/iter; left time: 16.4171s
	iters: 1400, epoch: 9 | loss: 0.0723112
	speed: 0.0057s/iter; left time: 16.4480s
	iters: 1500, epoch: 9 | loss: 0.0646141
	speed: 0.0058s/iter; left time: 16.2589s
	iters: 1600, epoch: 9 | loss: 0.0653498
	speed: 0.0058s/iter; left time: 15.6597s
	iters: 1700, epoch: 9 | loss: 0.0735936
	speed: 0.0058s/iter; left time: 15.0725s
	iters: 1800, epoch: 9 | loss: 0.0742153
	speed: 0.0057s/iter; left time: 14.3123s
	iters: 1900, epoch: 9 | loss: 0.0639088
	speed: 0.0059s/iter; left time: 14.1796s
	iters: 2000, epoch: 9 | loss: 0.0685876
	speed: 0.0057s/iter; left time: 13.2466s
	iters: 2100, epoch: 9 | loss: 0.0648680
	speed: 0.0060s/iter; left time: 13.2716s
Epoch: 9 cost time: 12.366620540618896
Epoch: 9, Steps: 2154 | Train Loss: 0.0704495 Vali Loss: 0.0991215 Test Loss: 0.0957313
Validation loss decreased (0.096234 --> 0.095731).  Saving model ...
Updating learning rate to 3.802920551485804e-05
	iters: 100, epoch: 10 | loss: 0.0733509
	speed: 0.0496s/iter; left time: 101.9210s
	iters: 200, epoch: 10 | loss: 0.0638129
	speed: 0.0057s/iter; left time: 11.0755s
	iters: 300, epoch: 10 | loss: 0.0833644
	speed: 0.0057s/iter; left time: 10.5242s
	iters: 400, epoch: 10 | loss: 0.0750229
	speed: 0.0058s/iter; left time: 10.1433s
	iters: 500, epoch: 10 | loss: 0.0748173
	speed: 0.0057s/iter; left time: 9.4697s
	iters: 600, epoch: 10 | loss: 0.0811099
	speed: 0.0053s/iter; left time: 8.2664s
	iters: 700, epoch: 10 | loss: 0.0659224
	speed: 0.0056s/iter; left time: 8.1020s
	iters: 800, epoch: 10 | loss: 0.0521575
	speed: 0.0053s/iter; left time: 7.2436s
	iters: 900, epoch: 10 | loss: 0.0805332
	speed: 0.0059s/iter; left time: 7.3499s
	iters: 1000, epoch: 10 | loss: 0.0710946
	speed: 0.0056s/iter; left time: 6.5114s
	iters: 1100, epoch: 10 | loss: 0.0838334
	speed: 0.0059s/iter; left time: 6.1771s
	iters: 1200, epoch: 10 | loss: 0.0765028
	speed: 0.0062s/iter; left time: 5.8937s
	iters: 1300, epoch: 10 | loss: 0.0815601
	speed: 0.0062s/iter; left time: 5.2912s
	iters: 1400, epoch: 10 | loss: 0.0769747
	speed: 0.0056s/iter; left time: 4.1922s
	iters: 1500, epoch: 10 | loss: 0.0871928
	speed: 0.0054s/iter; left time: 3.5494s
	iters: 1600, epoch: 10 | loss: 0.0690762
	speed: 0.0057s/iter; left time: 3.1367s
	iters: 1700, epoch: 10 | loss: 0.0632065
	speed: 0.0057s/iter; left time: 2.6076s
	iters: 1800, epoch: 10 | loss: 0.0675671
	speed: 0.0058s/iter; left time: 2.0465s
	iters: 1900, epoch: 10 | loss: 0.0635691
	speed: 0.0055s/iter; left time: 1.3927s
	iters: 2000, epoch: 10 | loss: 0.0657613
	speed: 0.0054s/iter; left time: 0.8323s
	iters: 2100, epoch: 10 | loss: 0.0717462
	speed: 0.0061s/iter; left time: 0.3356s
Epoch: 10 cost time: 12.262373447418213
Epoch: 10, Steps: 2154 | Train Loss: 0.0701870 Vali Loss: 0.0990390 Test Loss: 0.0958136
EarlyStopping counter: 1 out of 15
Updating learning rate to 4.008309342172464e-09
>>>>>>>testing : imputation_IMP_SparseTSF_ETTm1_mask0.5_none_SparseTSF_ETTm1_sl96_pl0_dm16_nh8_el2_dl1_df32_fc1_ebtimeF_dtTrue_Imp_0<<<<<<<<<<<<<<<<<<<<<<<<<<<<<<<<<
test 11521
test shape: (11520, 96, 7) (11520, 96, 7)
mse:0.09654368460178375, mae:0.1953422576189041
