Args in experiment:
Namespace(activation='gelu', anomaly_ratio=0.25, batch_size=16, c_out=21, channel_independence=1, checkpoints='./checkpoints/', comment='none', d_ff=32, d_layers=1, d_model=16, data='custom', data_path='weather.csv', dec_in=21, decomp_method='moving_avg', des='Imp', devices='0,1', distil=True, down_sampling_layers=3, down_sampling_method='avg', down_sampling_window=2, drop_last=True, dropout=0.1, e_layers=2, embed='timeF', emissions_file='emissions.csv', emissions_output_dir='.', enc_in=21, factor=1, features='M', freq='h', gpu=0, inverse=False, is_training=1, itr=1, label_len=0, learning_rate=0.001, loss='MSE', lradj='TST', mask_rate=0.125, model='SparseTSF', model_id='IMP_SparseTSF_Weather_mask0.125', model_type='linear', moving_avg=25, n_heads=8, num_kernels=6, num_workers=0, output_attention=False, p_hidden_dims=[128, 128], p_hidden_layers=2, patience=15, pct_start=0.2, period_len=4, pred_len=0, root_path='C:\\Users\\bbbal\\OneDrive\\Masaüstü\\timemixer\\dataset\\weather', seasonal_patterns='Monthly', seq_len=96, target='OT', task_name='imputation', top_k=5, track_emissions=0, train_epochs=10, use_amp=False, use_future_temporal_feature=0, use_gpu=True, use_multi_gpu=False, use_norm=1)
Use GPU: cuda:0
>>>>>>>start training : imputation_IMP_SparseTSF_Weather_mask0.125_none_SparseTSF_custom_sl96_pl0_dm16_nh8_el2_dl1_df32_fc1_ebtimeF_dtTrue_Imp_0>>>>>>>>>>>>>>>>>>>>>>>>>>
train 36792
val 5271
test 10540
	iters: 100, epoch: 1 | loss: 0.4067021
	speed: 0.0345s/iter; left time: 790.3503s
	iters: 200, epoch: 1 | loss: 0.3980817
	speed: 0.0062s/iter; left time: 141.7417s
	iters: 300, epoch: 1 | loss: 0.4452189
	speed: 0.0058s/iter; left time: 132.2807s
	iters: 400, epoch: 1 | loss: 0.3910888
	speed: 0.0059s/iter; left time: 132.2718s
	iters: 500, epoch: 1 | loss: 0.3207934
	speed: 0.0061s/iter; left time: 136.9895s
	iters: 600, epoch: 1 | loss: 0.3372106
	speed: 0.0060s/iter; left time: 134.9933s
	iters: 700, epoch: 1 | loss: 0.3312224
	speed: 0.0064s/iter; left time: 142.9598s
	iters: 800, epoch: 1 | loss: 0.2792521
	speed: 0.0060s/iter; left time: 132.8741s
	iters: 900, epoch: 1 | loss: 0.2926733
	speed: 0.0058s/iter; left time: 128.6381s
	iters: 1000, epoch: 1 | loss: 0.2297881
	speed: 0.0058s/iter; left time: 128.3688s
	iters: 1100, epoch: 1 | loss: 0.1611606
	speed: 0.0060s/iter; left time: 132.0342s
	iters: 1200, epoch: 1 | loss: 0.2318940
	speed: 0.0062s/iter; left time: 136.0851s
	iters: 1300, epoch: 1 | loss: 0.1999892
	speed: 0.0062s/iter; left time: 133.4596s
	iters: 1400, epoch: 1 | loss: 0.2697596
	speed: 0.0064s/iter; left time: 137.8219s
	iters: 1500, epoch: 1 | loss: 0.1651951
	speed: 0.0059s/iter; left time: 127.4872s
	iters: 1600, epoch: 1 | loss: 0.1970973
	speed: 0.0060s/iter; left time: 127.7601s
	iters: 1700, epoch: 1 | loss: 0.3951490
	speed: 0.0058s/iter; left time: 122.5421s
	iters: 1800, epoch: 1 | loss: 0.2750536
	speed: 0.0064s/iter; left time: 134.8103s
	iters: 1900, epoch: 1 | loss: 0.1260227
	speed: 0.0060s/iter; left time: 126.0443s
	iters: 2000, epoch: 1 | loss: 0.1218801
	speed: 0.0060s/iter; left time: 126.9814s
	iters: 2100, epoch: 1 | loss: 0.1972110
	speed: 0.0063s/iter; left time: 131.1275s
	iters: 2200, epoch: 1 | loss: 0.9952393
	speed: 0.0058s/iter; left time: 121.0269s
Epoch: 1 cost time: 16.748989582061768
Epoch: 1, Steps: 2299 | Train Loss: 0.4307565 Vali Loss: 0.2125737 Test Loss: 0.0710239
Validation loss decreased (inf --> 0.071024).  Saving model ...
Updating learning rate to 0.0005201640161457883
	iters: 100, epoch: 2 | loss: 0.1539290
	speed: 0.0443s/iter; left time: 912.3764s
	iters: 200, epoch: 2 | loss: 0.1864762
	speed: 0.0057s/iter; left time: 116.3683s
	iters: 300, epoch: 2 | loss: 0.1786834
	speed: 0.0061s/iter; left time: 123.4837s
	iters: 400, epoch: 2 | loss: 0.0814735
	speed: 0.0058s/iter; left time: 118.6380s
	iters: 500, epoch: 2 | loss: 0.0823135
	speed: 0.0056s/iter; left time: 112.8492s
	iters: 600, epoch: 2 | loss: 0.1251791
	speed: 0.0059s/iter; left time: 118.7642s
	iters: 700, epoch: 2 | loss: 0.0831604
	speed: 0.0060s/iter; left time: 119.9565s
	iters: 800, epoch: 2 | loss: 0.0853790
	speed: 0.0064s/iter; left time: 126.7116s
	iters: 900, epoch: 2 | loss: 0.0949927
	speed: 0.0061s/iter; left time: 121.2524s
	iters: 1000, epoch: 2 | loss: 0.1173177
	speed: 0.0061s/iter; left time: 119.2503s
	iters: 1100, epoch: 2 | loss: 0.1013517
	speed: 0.0062s/iter; left time: 121.2220s
	iters: 1200, epoch: 2 | loss: 0.0752581
	speed: 0.0062s/iter; left time: 120.8879s
	iters: 1300, epoch: 2 | loss: 0.1354901
	speed: 0.0059s/iter; left time: 115.3623s
	iters: 1400, epoch: 2 | loss: 0.0924167
	speed: 0.0060s/iter; left time: 116.0303s
	iters: 1500, epoch: 2 | loss: 0.0574950
	speed: 0.0061s/iter; left time: 117.7048s
	iters: 1600, epoch: 2 | loss: 0.1040955
	speed: 0.0060s/iter; left time: 114.4849s
	iters: 1700, epoch: 2 | loss: 0.1307555
	speed: 0.0060s/iter; left time: 113.7769s
	iters: 1800, epoch: 2 | loss: 0.0455679
	speed: 0.0064s/iter; left time: 121.3652s
	iters: 1900, epoch: 2 | loss: 0.0601055
	speed: 0.0062s/iter; left time: 115.7234s
	iters: 2000, epoch: 2 | loss: 0.0634540
	speed: 0.0061s/iter; left time: 113.7780s
	iters: 2100, epoch: 2 | loss: 0.3194097
	speed: 0.0061s/iter; left time: 112.7683s
	iters: 2200, epoch: 2 | loss: 0.0599103
	speed: 0.0061s/iter; left time: 112.5903s
Epoch: 2 cost time: 14.047436952590942
Epoch: 2, Steps: 2299 | Train Loss: 0.2013105 Vali Loss: 0.0962977 Test Loss: 0.0353643
Validation loss decreased (0.071024 --> 0.035364).  Saving model ...
Updating learning rate to 0.000999999992705759
	iters: 100, epoch: 3 | loss: 0.1024667
	speed: 0.0422s/iter; left time: 771.2306s
	iters: 200, epoch: 3 | loss: 0.1225589
	speed: 0.0060s/iter; left time: 109.3019s
	iters: 300, epoch: 3 | loss: 0.0747069
	speed: 0.0061s/iter; left time: 110.0614s
	iters: 400, epoch: 3 | loss: 1.7103379
	speed: 0.0061s/iter; left time: 109.3974s
	iters: 500, epoch: 3 | loss: 0.1794872
	speed: 0.0061s/iter; left time: 108.8027s
	iters: 600, epoch: 3 | loss: 0.0474383
	speed: 0.0064s/iter; left time: 113.3691s
	iters: 700, epoch: 3 | loss: 0.0441740
	speed: 0.0063s/iter; left time: 111.3632s
	iters: 800, epoch: 3 | loss: 0.1538672
	speed: 0.0064s/iter; left time: 111.9894s
	iters: 900, epoch: 3 | loss: 0.2915683
	speed: 0.0059s/iter; left time: 103.5461s
	iters: 1000, epoch: 3 | loss: 0.0402418
	speed: 0.0060s/iter; left time: 104.9317s
	iters: 1100, epoch: 3 | loss: 0.0454575
	speed: 0.0058s/iter; left time: 100.6153s
	iters: 1200, epoch: 3 | loss: 0.0703865
	speed: 0.0061s/iter; left time: 105.3776s
	iters: 1300, epoch: 3 | loss: 0.0943869
	speed: 0.0066s/iter; left time: 112.3154s
	iters: 1400, epoch: 3 | loss: 0.1965455
	speed: 0.0062s/iter; left time: 105.7449s
	iters: 1500, epoch: 3 | loss: 0.0342174
	speed: 0.0059s/iter; left time: 99.1706s
	iters: 1600, epoch: 3 | loss: 9.3363781
	speed: 0.0063s/iter; left time: 105.4373s
	iters: 1700, epoch: 3 | loss: 0.0796997
	speed: 0.0058s/iter; left time: 96.9562s
	iters: 1800, epoch: 3 | loss: 0.1164173
	speed: 0.0060s/iter; left time: 99.1274s
	iters: 1900, epoch: 3 | loss: 0.0539280
	speed: 0.0060s/iter; left time: 98.6317s
	iters: 2000, epoch: 3 | loss: 0.0586771
	speed: 0.0060s/iter; left time: 97.9947s
	iters: 2100, epoch: 3 | loss: 9.1864481
	speed: 0.0061s/iter; left time: 98.8864s
	iters: 2200, epoch: 3 | loss: 0.0448254
	speed: 0.0058s/iter; left time: 93.6889s
Epoch: 3 cost time: 13.992277383804321
Epoch: 3, Steps: 2299 | Train Loss: 0.1584516 Vali Loss: 0.0785650 Test Loss: 0.0296060
Validation loss decreased (0.035364 --> 0.029606).  Saving model ...
Updating learning rate to 0.0009619072282363468
	iters: 100, epoch: 4 | loss: 0.0548246
	speed: 0.0409s/iter; left time: 654.9362s
	iters: 200, epoch: 4 | loss: 0.0493405
	speed: 0.0063s/iter; left time: 100.1437s
	iters: 300, epoch: 4 | loss: 0.2302645
	speed: 0.0059s/iter; left time: 93.2238s
	iters: 400, epoch: 4 | loss: 0.0465131
	speed: 0.0058s/iter; left time: 91.6935s
	iters: 500, epoch: 4 | loss: 0.0513919
	speed: 0.0060s/iter; left time: 92.9471s
	iters: 600, epoch: 4 | loss: 0.0547606
	speed: 0.0063s/iter; left time: 97.5927s
	iters: 700, epoch: 4 | loss: 0.1104847
	speed: 0.0063s/iter; left time: 96.6618s
	iters: 800, epoch: 4 | loss: 0.0365982
	speed: 0.0062s/iter; left time: 95.1729s
	iters: 900, epoch: 4 | loss: 0.0648568
	speed: 0.0061s/iter; left time: 92.9867s
	iters: 1000, epoch: 4 | loss: 0.1217594
	speed: 0.0060s/iter; left time: 90.8757s
	iters: 1100, epoch: 4 | loss: 0.1856106
	speed: 0.0058s/iter; left time: 87.5508s
	iters: 1200, epoch: 4 | loss: 0.1396264
	speed: 0.0058s/iter; left time: 85.6824s
	iters: 1300, epoch: 4 | loss: 0.0480291
	speed: 0.0060s/iter; left time: 88.4473s
	iters: 1400, epoch: 4 | loss: 0.1185595
	speed: 0.0058s/iter; left time: 84.8913s
	iters: 1500, epoch: 4 | loss: 0.0914164
	speed: 0.0057s/iter; left time: 83.3246s
	iters: 1600, epoch: 4 | loss: 0.0709754
	speed: 0.0061s/iter; left time: 88.3481s
	iters: 1700, epoch: 4 | loss: 0.2125467
	speed: 0.0062s/iter; left time: 89.3078s
	iters: 1800, epoch: 4 | loss: 0.0551763
	speed: 0.0060s/iter; left time: 86.2134s
	iters: 1900, epoch: 4 | loss: 0.0753336
	speed: 0.0063s/iter; left time: 89.2369s
	iters: 2000, epoch: 4 | loss: 0.0443201
	speed: 0.0059s/iter; left time: 83.6441s
	iters: 2100, epoch: 4 | loss: 0.0699797
	speed: 0.0062s/iter; left time: 86.6900s
	iters: 2200, epoch: 4 | loss: 0.0999887
	speed: 0.0058s/iter; left time: 80.4442s
Epoch: 4 cost time: 13.839006662368774
Epoch: 4, Steps: 2299 | Train Loss: 0.1228475 Vali Loss: 0.0738965 Test Loss: 0.0289239
Validation loss decreased (0.029606 --> 0.028924).  Saving model ...
Updating learning rate to 0.0008534935799492716
	iters: 100, epoch: 5 | loss: 0.0988902
	speed: 0.0416s/iter; left time: 570.3643s
	iters: 200, epoch: 5 | loss: 0.0466173
	speed: 0.0061s/iter; left time: 83.1494s
	iters: 300, epoch: 5 | loss: 0.0553641
	speed: 0.0059s/iter; left time: 79.1225s
	iters: 400, epoch: 5 | loss: 0.0336207
	speed: 0.0060s/iter; left time: 79.8435s
	iters: 500, epoch: 5 | loss: 0.0781648
	speed: 0.0060s/iter; left time: 80.0444s
	iters: 600, epoch: 5 | loss: 0.0656404
	speed: 0.0060s/iter; left time: 79.2260s
	iters: 700, epoch: 5 | loss: 0.0990974
	speed: 0.0056s/iter; left time: 72.8494s
	iters: 800, epoch: 5 | loss: 0.0986029
	speed: 0.0061s/iter; left time: 79.4169s
	iters: 900, epoch: 5 | loss: 0.0455385
	speed: 0.0060s/iter; left time: 78.0023s
	iters: 1000, epoch: 5 | loss: 0.0576395
	speed: 0.0059s/iter; left time: 76.0508s
	iters: 1100, epoch: 5 | loss: 0.1514052
	speed: 0.0060s/iter; left time: 75.6713s
	iters: 1200, epoch: 5 | loss: 0.1842634
	speed: 0.0059s/iter; left time: 74.9098s
	iters: 1300, epoch: 5 | loss: 0.0537172
	speed: 0.0064s/iter; left time: 79.5827s
	iters: 1400, epoch: 5 | loss: 0.0474935
	speed: 0.0056s/iter; left time: 69.4915s
	iters: 1500, epoch: 5 | loss: 0.0649022
	speed: 0.0058s/iter; left time: 71.1047s
	iters: 1600, epoch: 5 | loss: 0.3201407
	speed: 0.0057s/iter; left time: 69.1953s
	iters: 1700, epoch: 5 | loss: 0.0623355
	speed: 0.0066s/iter; left time: 79.5960s
	iters: 1800, epoch: 5 | loss: 0.9622784
	speed: 0.0060s/iter; left time: 71.5453s
	iters: 1900, epoch: 5 | loss: 0.0489143
	speed: 0.0060s/iter; left time: 71.4866s
	iters: 2000, epoch: 5 | loss: 0.1026032
	speed: 0.0058s/iter; left time: 68.3666s
	iters: 2100, epoch: 5 | loss: 0.0519555
	speed: 0.0058s/iter; left time: 68.1825s
	iters: 2200, epoch: 5 | loss: 0.0637689
	speed: 0.0060s/iter; left time: 70.1114s
Epoch: 5 cost time: 13.717827320098877
Epoch: 5, Steps: 2299 | Train Loss: 0.1424905 Vali Loss: 0.0714325 Test Loss: 0.0286913
Validation loss decreased (0.028924 --> 0.028691).  Saving model ...
Updating learning rate to 0.0006912640430240716
	iters: 100, epoch: 6 | loss: 0.0550106
	speed: 0.0417s/iter; left time: 475.4291s
	iters: 200, epoch: 6 | loss: 0.0849802
	speed: 0.0058s/iter; left time: 65.9529s
	iters: 300, epoch: 6 | loss: 0.0690468
	speed: 0.0059s/iter; left time: 65.6720s
	iters: 400, epoch: 6 | loss: 0.0441920
	speed: 0.0062s/iter; left time: 68.9893s
	iters: 500, epoch: 6 | loss: 0.8271511
	speed: 0.0060s/iter; left time: 65.9178s
	iters: 600, epoch: 6 | loss: 0.0411071
	speed: 0.0059s/iter; left time: 64.1913s
	iters: 700, epoch: 6 | loss: 0.0613803
	speed: 0.0061s/iter; left time: 65.7540s
	iters: 800, epoch: 6 | loss: 0.0497346
	speed: 0.0067s/iter; left time: 72.0978s
	iters: 900, epoch: 6 | loss: 0.0768272
	speed: 0.0061s/iter; left time: 64.8413s
	iters: 1000, epoch: 6 | loss: 0.0495187
	speed: 0.0062s/iter; left time: 65.2500s
	iters: 1100, epoch: 6 | loss: 0.0930378
	speed: 0.0059s/iter; left time: 61.7786s
	iters: 1200, epoch: 6 | loss: 0.1871197
	speed: 0.0061s/iter; left time: 62.9244s
	iters: 1300, epoch: 6 | loss: 0.0784852
	speed: 0.0059s/iter; left time: 60.4138s
	iters: 1400, epoch: 6 | loss: 0.0502154
	speed: 0.0062s/iter; left time: 62.1422s
	iters: 1500, epoch: 6 | loss: 0.0394589
	speed: 0.0057s/iter; left time: 57.3178s
	iters: 1600, epoch: 6 | loss: 0.0779352
	speed: 0.0066s/iter; left time: 64.8702s
	iters: 1700, epoch: 6 | loss: 0.0461500
	speed: 0.0074s/iter; left time: 72.0768s
	iters: 1800, epoch: 6 | loss: 0.0475922
	speed: 0.0070s/iter; left time: 68.1547s
	iters: 1900, epoch: 6 | loss: 0.0661852
	speed: 0.0061s/iter; left time: 58.6002s
	iters: 2000, epoch: 6 | loss: 0.0515103
	speed: 0.0060s/iter; left time: 56.7461s
	iters: 2100, epoch: 6 | loss: 0.0358776
	speed: 0.0060s/iter; left time: 56.2777s
	iters: 2200, epoch: 6 | loss: 0.0338605
	speed: 0.0059s/iter; left time: 55.1218s
Epoch: 6 cost time: 14.131558895111084
Epoch: 6, Steps: 2299 | Train Loss: 0.1702582 Vali Loss: 0.0716238 Test Loss: 0.0290927
EarlyStopping counter: 1 out of 15
Updating learning rate to 0.0004999165938431942
	iters: 100, epoch: 7 | loss: 0.0797799
	speed: 0.0418s/iter; left time: 380.1084s
	iters: 200, epoch: 7 | loss: 0.3298072
	speed: 0.0063s/iter; left time: 56.4265s
	iters: 300, epoch: 7 | loss: 0.0907595
	speed: 0.0061s/iter; left time: 54.0177s
	iters: 400, epoch: 7 | loss: 0.0961068
	speed: 0.0061s/iter; left time: 54.0803s
	iters: 500, epoch: 7 | loss: 0.0461969
	speed: 0.0061s/iter; left time: 53.2010s
	iters: 600, epoch: 7 | loss: 0.2332988
	speed: 0.0062s/iter; left time: 53.3504s
	iters: 700, epoch: 7 | loss: 0.1339359
	speed: 0.0057s/iter; left time: 48.8247s
	iters: 800, epoch: 7 | loss: 0.0585012
	speed: 0.0058s/iter; left time: 48.3339s
	iters: 900, epoch: 7 | loss: 0.0376570
	speed: 0.0061s/iter; left time: 50.3661s
	iters: 1000, epoch: 7 | loss: 0.0574934
	speed: 0.0062s/iter; left time: 50.5266s
	iters: 1100, epoch: 7 | loss: 0.0654681
	speed: 0.0058s/iter; left time: 46.5931s
	iters: 1200, epoch: 7 | loss: 0.0802590
	speed: 0.0059s/iter; left time: 46.8852s
	iters: 1300, epoch: 7 | loss: 0.0396613
	speed: 0.0060s/iter; left time: 47.7195s
	iters: 1400, epoch: 7 | loss: 0.0866606
	speed: 0.0055s/iter; left time: 43.0121s
	iters: 1500, epoch: 7 | loss: 0.1745998
	speed: 0.0058s/iter; left time: 44.4333s
	iters: 1600, epoch: 7 | loss: 0.0410725
	speed: 0.0059s/iter; left time: 45.1927s
	iters: 1700, epoch: 7 | loss: 0.1929863
	speed: 0.0061s/iter; left time: 46.0755s
	iters: 1800, epoch: 7 | loss: 0.2042023
	speed: 0.0059s/iter; left time: 43.7262s
	iters: 1900, epoch: 7 | loss: 0.0726090
	speed: 0.0061s/iter; left time: 44.5274s
	iters: 2000, epoch: 7 | loss: 0.0365435
	speed: 0.0060s/iter; left time: 42.9912s
	iters: 2100, epoch: 7 | loss: 0.0653476
	speed: 0.0062s/iter; left time: 44.1689s
	iters: 2200, epoch: 7 | loss: 0.0502070
	speed: 0.0061s/iter; left time: 42.6566s
Epoch: 7 cost time: 13.790056705474854
Epoch: 7, Steps: 2299 | Train Loss: 0.1541275 Vali Loss: 0.0802228 Test Loss: 0.0286046
Validation loss decreased (0.028691 --> 0.028605).  Saving model ...
Updating learning rate to 0.00030858214697548176
	iters: 100, epoch: 8 | loss: 0.0750763
	speed: 0.0423s/iter; left time: 287.7343s
	iters: 200, epoch: 8 | loss: 0.0506730
	speed: 0.0060s/iter; left time: 40.2909s
	iters: 300, epoch: 8 | loss: 0.0624817
	speed: 0.0057s/iter; left time: 37.3543s
	iters: 400, epoch: 8 | loss: 0.4220685
	speed: 0.0057s/iter; left time: 37.1341s
	iters: 500, epoch: 8 | loss: 0.0955244
	speed: 0.0061s/iter; left time: 38.7712s
	iters: 600, epoch: 8 | loss: 0.0466304
	speed: 0.0056s/iter; left time: 35.2677s
	iters: 700, epoch: 8 | loss: 0.1284949
	speed: 0.0061s/iter; left time: 37.7260s
	iters: 800, epoch: 8 | loss: 0.0715076
	speed: 0.0062s/iter; left time: 37.9712s
	iters: 900, epoch: 8 | loss: 0.0330526
	speed: 0.0059s/iter; left time: 35.4464s
	iters: 1000, epoch: 8 | loss: 0.0356378
	speed: 0.0058s/iter; left time: 34.3873s
	iters: 1100, epoch: 8 | loss: 0.0465307
	speed: 0.0057s/iter; left time: 33.2840s
	iters: 1200, epoch: 8 | loss: 0.0589719
	speed: 0.0055s/iter; left time: 31.3993s
	iters: 1300, epoch: 8 | loss: 0.0530059
	speed: 0.0056s/iter; left time: 31.3131s
	iters: 1400, epoch: 8 | loss: 0.0503487
	speed: 0.0058s/iter; left time: 31.8291s
	iters: 1500, epoch: 8 | loss: 0.0557172
	speed: 0.0059s/iter; left time: 32.0853s
	iters: 1600, epoch: 8 | loss: 0.0593759
	speed: 0.0059s/iter; left time: 31.2927s
	iters: 1700, epoch: 8 | loss: 0.0812532
	speed: 0.0062s/iter; left time: 32.3815s
	iters: 1800, epoch: 8 | loss: 0.0747183
	speed: 0.0060s/iter; left time: 30.4046s
	iters: 1900, epoch: 8 | loss: 0.1782569
	speed: 0.0057s/iter; left time: 28.5614s
	iters: 2000, epoch: 8 | loss: 0.0570237
	speed: 0.0061s/iter; left time: 29.9450s
	iters: 2100, epoch: 8 | loss: 0.0568519
	speed: 0.0062s/iter; left time: 29.8285s
	iters: 2200, epoch: 8 | loss: 0.0495667
	speed: 0.0058s/iter; left time: 27.4728s
Epoch: 8 cost time: 13.534446001052856
Epoch: 8, Steps: 2299 | Train Loss: 0.1490130 Vali Loss: 0.0648963 Test Loss: 0.0285181
Validation loss decreased (0.028605 --> 0.028518).  Saving model ...
Updating learning rate to 0.00014638963750546335
	iters: 100, epoch: 9 | loss: 0.0376957
	speed: 0.0423s/iter; left time: 190.4854s
	iters: 200, epoch: 9 | loss: 0.0427337
	speed: 0.0058s/iter; left time: 25.7164s
	iters: 300, epoch: 9 | loss: 0.0410605
	speed: 0.0063s/iter; left time: 27.0908s
	iters: 400, epoch: 9 | loss: 0.0482006
	speed: 0.0066s/iter; left time: 27.8401s
	iters: 500, epoch: 9 | loss: 0.1560847
	speed: 0.0076s/iter; left time: 31.2147s
	iters: 600, epoch: 9 | loss: 0.2551783
	speed: 0.0077s/iter; left time: 30.5937s
	iters: 700, epoch: 9 | loss: 0.1917695
	speed: 0.0070s/iter; left time: 27.2111s
	iters: 800, epoch: 9 | loss: 0.1303839
	speed: 0.0060s/iter; left time: 22.9433s
	iters: 900, epoch: 9 | loss: 0.1698065
	speed: 0.0059s/iter; left time: 21.6738s
	iters: 1000, epoch: 9 | loss: 0.0989029
	speed: 0.0059s/iter; left time: 21.1727s
	iters: 1100, epoch: 9 | loss: 0.1216748
	speed: 0.0060s/iter; left time: 20.8861s
	iters: 1200, epoch: 9 | loss: 9.4022913
	speed: 0.0058s/iter; left time: 19.7475s
	iters: 1300, epoch: 9 | loss: 0.0695403
	speed: 0.0063s/iter; left time: 20.8566s
	iters: 1400, epoch: 9 | loss: 0.0512439
	speed: 0.0060s/iter; left time: 19.0781s
	iters: 1500, epoch: 9 | loss: 0.1515577
	speed: 0.0059s/iter; left time: 18.3935s
	iters: 1600, epoch: 9 | loss: 0.2056931
	speed: 0.0061s/iter; left time: 18.3118s
	iters: 1700, epoch: 9 | loss: 0.0640382
	speed: 0.0060s/iter; left time: 17.4326s
	iters: 1800, epoch: 9 | loss: 0.0800322
	speed: 0.0060s/iter; left time: 16.8533s
	iters: 1900, epoch: 9 | loss: 0.0644178
	speed: 0.0059s/iter; left time: 15.9818s
	iters: 2000, epoch: 9 | loss: 0.0351621
	speed: 0.0059s/iter; left time: 15.4207s
	iters: 2100, epoch: 9 | loss: 0.0963720
	speed: 0.0060s/iter; left time: 15.0000s
	iters: 2200, epoch: 9 | loss: 0.0536034
	speed: 0.0061s/iter; left time: 14.7274s
Epoch: 9 cost time: 14.321810722351074
Epoch: 9, Steps: 2299 | Train Loss: 0.1512843 Vali Loss: 0.0689726 Test Loss: 0.0285874
EarlyStopping counter: 1 out of 15
Updating learning rate to 3.803140472118991e-05
	iters: 100, epoch: 10 | loss: 0.0461445
	speed: 0.0440s/iter; left time: 96.7062s
	iters: 200, epoch: 10 | loss: 0.0885675
	speed: 0.0062s/iter; left time: 13.1037s
	iters: 300, epoch: 10 | loss: 0.0857773
	speed: 0.0062s/iter; left time: 12.3920s
	iters: 400, epoch: 10 | loss: 9.4453163
	speed: 0.0059s/iter; left time: 11.2831s
	iters: 500, epoch: 10 | loss: 0.2399785
	speed: 0.0058s/iter; left time: 10.4812s
	iters: 600, epoch: 10 | loss: 0.0695777
	speed: 0.0056s/iter; left time: 9.5118s
	iters: 700, epoch: 10 | loss: 0.0587902
	speed: 0.0058s/iter; left time: 9.2920s
	iters: 800, epoch: 10 | loss: 0.0475323
	speed: 0.0057s/iter; left time: 8.5501s
	iters: 900, epoch: 10 | loss: 0.0500386
	speed: 0.0059s/iter; left time: 8.2074s
	iters: 1000, epoch: 10 | loss: 0.1019640
	speed: 0.0059s/iter; left time: 7.7043s
	iters: 1100, epoch: 10 | loss: 0.0743280
	speed: 0.0059s/iter; left time: 7.1129s
	iters: 1200, epoch: 10 | loss: 0.0463057
	speed: 0.0059s/iter; left time: 6.4994s
	iters: 1300, epoch: 10 | loss: 0.1143682
	speed: 0.0063s/iter; left time: 6.3358s
	iters: 1400, epoch: 10 | loss: 1.6399395
	speed: 0.0060s/iter; left time: 5.3789s
	iters: 1500, epoch: 10 | loss: 0.0538777
	speed: 0.0058s/iter; left time: 4.6749s
	iters: 1600, epoch: 10 | loss: 0.1137536
	speed: 0.0063s/iter; left time: 4.4292s
	iters: 1700, epoch: 10 | loss: 0.0664348
	speed: 0.0060s/iter; left time: 3.5913s
	iters: 1800, epoch: 10 | loss: 0.0463644
	speed: 0.0063s/iter; left time: 3.1306s
	iters: 1900, epoch: 10 | loss: 0.0545995
	speed: 0.0061s/iter; left time: 2.4267s
	iters: 2000, epoch: 10 | loss: 0.0657620
	speed: 0.0062s/iter; left time: 1.8485s
	iters: 2100, epoch: 10 | loss: 0.0482018
	speed: 0.0060s/iter; left time: 1.1919s
	iters: 2200, epoch: 10 | loss: 0.0674115
	speed: 0.0057s/iter; left time: 0.5702s
Epoch: 10 cost time: 13.792141914367676
Epoch: 10, Steps: 2299 | Train Loss: 0.1480347 Vali Loss: 0.0796690 Test Loss: 0.0289137
EarlyStopping counter: 2 out of 15
Updating learning rate to 4.00729424084425e-09
>>>>>>>testing : imputation_IMP_SparseTSF_Weather_mask0.125_none_SparseTSF_custom_sl96_pl0_dm16_nh8_el2_dl1_df32_fc1_ebtimeF_dtTrue_Imp_0<<<<<<<<<<<<<<<<<<<<<<<<<<<<<<<<<
test 10540
test shape: (10528, 96, 21) (10528, 96, 21)
mse:0.029147379100322723, mae:0.04841795563697815
