Args in experiment:
Namespace(activation='gelu', anomaly_ratio=0.25, batch_size=16, c_out=7, channel_independence=1, checkpoints='./checkpoints/', comment='none', d_ff=32, d_layers=1, d_model=16, data='ETTh2', data_path='ETTh2.csv', dec_in=7, decomp_method='moving_avg', des='Imp', devices='0,1', distil=True, down_sampling_layers=3, down_sampling_method='avg', down_sampling_window=2, drop_last=True, dropout=0.1, e_layers=2, embed='timeF', emissions_file='emissions.csv', emissions_output_dir='.', enc_in=7, factor=1, features='M', freq='h', gpu=0, inverse=False, is_training=1, itr=1, label_len=0, learning_rate=0.001, loss='MSE', lradj='TST', mask_rate=0.25, model='SparseTSF', model_id='IMP_SparseTSF_ETTh2_mask0.25', model_type='linear', moving_avg=25, n_heads=8, num_kernels=6, num_workers=0, output_attention=False, p_hidden_dims=[128, 128], p_hidden_layers=2, patience=15, pct_start=0.2, period_len=24, pred_len=0, root_path='<workspace>\\dataset\\ETT-small', seasonal_patterns='Monthly', seq_len=96, target='OT', task_name='imputation', top_k=5, track_emissions=0, train_epochs=10, use_amp=False, use_future_temporal_feature=0, use_gpu=True, use_multi_gpu=False, use_norm=1)
Use GPU: cuda:0
>>>>>>>start training : imputation_IMP_SparseTSF_ETTh2_mask0.25_none_SparseTSF_ETTh2_sl96_pl0_dm16_nh8_el2_dl1_df32_fc1_ebtimeF_dtTrue_Imp_0>>>>>>>>>>>>>>>>>>>>>>>>>>
train 8545
val 2881
test 2881
	iters: 100, epoch: 1 | loss: 0.2077903
	speed: 0.0269s/iter; left time: 140.8443s
	iters: 200, epoch: 1 | loss: 0.2831177
	speed: 0.0035s/iter; left time: 18.1811s
	iters: 300, epoch: 1 | loss: 0.2295613
	speed: 0.0033s/iter; left time: 16.6519s
	iters: 400, epoch: 1 | loss: 0.2568532
	speed: 0.0034s/iter; left time: 16.9438s
	iters: 500, epoch: 1 | loss: 0.2846150
	speed: 0.0045s/iter; left time: 21.9560s
Epoch: 1 cost time: 4.294299840927124
Epoch: 1, Steps: 534 | Train Loss: 0.2955120 Vali Loss: 0.1568846 Test Loss: 0.2067276
Validation loss decreased (inf --> 0.206728).  Saving model ...
Updating learning rate to 0.0005207066372675873
	iters: 100, epoch: 2 | loss: 0.1938306
	speed: 0.0132s/iter; left time: 62.3438s
	iters: 200, epoch: 2 | loss: 0.1341121
	speed: 0.0045s/iter; left time: 20.7378s
	iters: 300, epoch: 2 | loss: 0.2628063
	speed: 0.0048s/iter; left time: 21.7399s
	iters: 400, epoch: 2 | loss: 0.1460599
	speed: 0.0047s/iter; left time: 20.6430s
	iters: 500, epoch: 2 | loss: 0.1141734
	speed: 0.0046s/iter; left time: 19.7736s
Epoch: 2 cost time: 2.449725866317749
Epoch: 2, Steps: 534 | Train Loss: 0.1867003 Vali Loss: 0.0699054 Test Loss: 0.0838253
Validation loss decreased (0.206728 --> 0.083825).  Saving model ...
Updating learning rate to 0.0009999998648003681
	iters: 100, epoch: 3 | loss: 0.0735293
	speed: 0.0155s/iter; left time: 64.6795s
	iters: 200, epoch: 3 | loss: 0.0794931
	speed: 0.0050s/iter; left time: 20.4072s
	iters: 300, epoch: 3 | loss: 0.0797956
	speed: 0.0045s/iter; left time: 18.0678s
	iters: 400, epoch: 3 | loss: 0.0569447
	speed: 0.0046s/iter; left time: 17.9988s
	iters: 500, epoch: 3 | loss: 0.0760789
	speed: 0.0049s/iter; left time: 18.6607s
Epoch: 3 cost time: 2.5795788764953613
Epoch: 3, Steps: 534 | Train Loss: 0.0727272 Vali Loss: 0.0583598 Test Loss: 0.0666165
Validation loss decreased (0.083825 --> 0.066617).  Saving model ...
Updating learning rate to 0.0009617990830848397
	iters: 100, epoch: 4 | loss: 0.0788392
	speed: 0.0161s/iter; left time: 58.6711s
	iters: 200, epoch: 4 | loss: 0.0809647
	speed: 0.0050s/iter; left time: 17.8518s
	iters: 300, epoch: 4 | loss: 0.0643822
	speed: 0.0046s/iter; left time: 15.9282s
	iters: 400, epoch: 4 | loss: 0.0671341
	speed: 0.0046s/iter; left time: 15.4371s
	iters: 500, epoch: 4 | loss: 0.0613901
	speed: 0.0048s/iter; left time: 15.5062s
Epoch: 4 cost time: 2.5651888847351074
Epoch: 4, Steps: 534 | Train Loss: 0.0680473 Vali Loss: 0.0574845 Test Loss: 0.0664721
Validation loss decreased (0.066617 --> 0.066472).  Saving model ...
Updating learning rate to 0.0008532938816706273
	iters: 100, epoch: 5 | loss: 0.0618540
	speed: 0.0146s/iter; left time: 45.4312s
	iters: 200, epoch: 5 | loss: 0.0595071
	speed: 0.0042s/iter; left time: 12.6028s
	iters: 300, epoch: 5 | loss: 0.0516507
	speed: 0.0048s/iter; left time: 13.8680s
	iters: 400, epoch: 5 | loss: 0.0848503
	speed: 0.0041s/iter; left time: 11.5692s
	iters: 500, epoch: 5 | loss: 0.0840832
	speed: 0.0040s/iter; left time: 10.8050s
Epoch: 5 cost time: 2.2564713954925537
Epoch: 5, Steps: 534 | Train Loss: 0.0680720 Vali Loss: 0.0575808 Test Loss: 0.0658429
Validation loss decreased (0.066472 --> 0.065843).  Saving model ...
Updating learning rate to 0.0006910031938709443
	iters: 100, epoch: 6 | loss: 0.0965251
	speed: 0.0147s/iter; left time: 37.7630s
	iters: 200, epoch: 6 | loss: 0.0681239
	speed: 0.0044s/iter; left time: 10.8795s
	iters: 300, epoch: 6 | loss: 0.0877972
	speed: 0.0046s/iter; left time: 10.8222s
	iters: 400, epoch: 6 | loss: 0.0703132
	speed: 0.0043s/iter; left time: 9.6807s
	iters: 500, epoch: 6 | loss: 0.0568280
	speed: 0.0045s/iter; left time: 9.6729s
Epoch: 6 cost time: 2.352193832397461
Epoch: 6, Steps: 534 | Train Loss: 0.0681054 Vali Loss: 0.0575883 Test Loss: 0.0660998
EarlyStopping counter: 1 out of 15
Updating learning rate to 0.0004996343057345438
	iters: 100, epoch: 7 | loss: 0.0592730
	speed: 0.0152s/iter; left time: 30.9439s
	iters: 200, epoch: 7 | loss: 0.0649142
	speed: 0.0056s/iter; left time: 10.8161s
	iters: 300, epoch: 7 | loss: 0.0727223
	speed: 0.0069s/iter; left time: 12.6404s
	iters: 400, epoch: 7 | loss: 0.0638063
	speed: 0.0051s/iter; left time: 8.8506s
	iters: 500, epoch: 7 | loss: 0.0750391
	speed: 0.0039s/iter; left time: 6.4427s
Epoch: 7 cost time: 2.7341651916503906
Epoch: 7, Steps: 534 | Train Loss: 0.0674004 Vali Loss: 0.0574429 Test Loss: 0.0666571
EarlyStopping counter: 2 out of 15
Updating learning rate to 0.0003083213957169024
	iters: 100, epoch: 8 | loss: 0.0766835
	speed: 0.0140s/iter; left time: 21.0091s
	iters: 200, epoch: 8 | loss: 0.0648411
	speed: 0.0042s/iter; left time: 5.8933s
	iters: 300, epoch: 8 | loss: 0.0691034
	speed: 0.0040s/iter; left time: 5.2341s
	iters: 400, epoch: 8 | loss: 0.0759192
	speed: 0.0042s/iter; left time: 5.0227s
	iters: 500, epoch: 8 | loss: 0.0613710
	speed: 0.0041s/iter; left time: 4.5128s
Epoch: 8 cost time: 2.1992154121398926
Epoch: 8, Steps: 534 | Train Loss: 0.0673393 Vali Loss: 0.0573107 Test Loss: 0.0658909
EarlyStopping counter: 3 out of 15
Updating learning rate to 0.00014619012011235773
	iters: 100, epoch: 9 | loss: 0.0537142
	speed: 0.0143s/iter; left time: 13.8189s
	iters: 200, epoch: 9 | loss: 0.0625634
	speed: 0.0046s/iter; left time: 3.9709s
	iters: 300, epoch: 9 | loss: 0.0549930
	speed: 0.0045s/iter; left time: 3.4607s
	iters: 400, epoch: 9 | loss: 0.0618111
	speed: 0.0045s/iter; left time: 3.0215s
	iters: 500, epoch: 9 | loss: 0.0743307
	speed: 0.0045s/iter; left time: 2.5448s
Epoch: 9 cost time: 2.379948139190674
Epoch: 9, Steps: 534 | Train Loss: 0.0675724 Vali Loss: 0.0572101 Test Loss: 0.0662547
EarlyStopping counter: 4 out of 15
Updating learning rate to 3.792349590802869e-05
	iters: 100, epoch: 10 | loss: 0.0743343
	speed: 0.0150s/iter; left time: 6.5155s
	iters: 200, epoch: 10 | loss: 0.0870900
	speed: 0.0043s/iter; left time: 1.4564s
	iters: 300, epoch: 10 | loss: 0.0585413
	speed: 0.0044s/iter; left time: 1.0438s
	iters: 400, epoch: 10 | loss: 0.0680822
	speed: 0.0045s/iter; left time: 0.6081s
	iters: 500, epoch: 10 | loss: 0.0801726
	speed: 0.0045s/iter; left time: 0.1570s
Epoch: 10 cost time: 2.3785648345947266
Epoch: 10, Steps: 534 | Train Loss: 0.0677775 Vali Loss: 0.0569933 Test Loss: 0.0662244
EarlyStopping counter: 5 out of 15
Updating learning rate to 4.1351996319232575e-09
>>>>>>>testing : imputation_IMP_SparseTSF_ETTh2_mask0.25_none_SparseTSF_ETTh2_sl96_pl0_dm16_nh8_el2_dl1_df32_fc1_ebtimeF_dtTrue_Imp_0<<<<<<<<<<<<<<<<<<<<<<<<<<<<<<<<<
test 2881
test shape: (2880, 96, 7) (2880, 96, 7)
mse:0.06617984175682068, mae:0.1630946695804596
