Args in experiment:
Namespace(activation='gelu', anomaly_ratio=0.25, batch_size=16, c_out=21, channel_independence=1, checkpoints='./checkpoints/', comment='none', d_ff=32, d_layers=1, d_model=16, data='custom', data_path='weather.csv', dec_in=21, decomp_method='moving_avg', des='Imp', devices='0,1', distil=True, down_sampling_layers=3, down_sampling_method='avg', down_sampling_window=2, drop_last=True, dropout=0.1, e_layers=2, embed='timeF', emissions_file='emissions.csv', emissions_output_dir='.', enc_in=21, factor=1, features='M', freq='h', gpu=0, inverse=False, is_training=1, itr=1, label_len=0, learning_rate=0.001, loss='MSE', lradj='TST', mask_rate=0.375, model='SparseTSF', model_id='IMP_SparseTSF_Weather_mask0.375', model_type='linear', moving_avg=25, n_heads=8, num_kernels=6, num_workers=0, output_attention=False, p_hidden_dims=[128, 128], p_hidden_layers=2, patience=15, pct_start=0.2, period_len=4, pred_len=0, root_path='C:\\Users\\bbbal\\OneDrive\\Masaüstü\\timemixer\\dataset\\weather', seasonal_patterns='Monthly', seq_len=96, target='OT', task_name='imputation', top_k=5, track_emissions=0, train_epochs=10, use_amp=False, use_future_temporal_feature=0, use_gpu=True, use_multi_gpu=False, use_norm=1)
Use GPU: cuda:0
>>>>>>>start training : imputation_IMP_SparseTSF_Weather_mask0.375_none_SparseTSF_custom_sl96_pl0_dm16_nh8_el2_dl1_df32_fc1_ebtimeF_dtTrue_Imp_0>>>>>>>>>>>>>>>>>>>>>>>>>>
train 36792
val 5271
test 10540
	iters: 100, epoch: 1 | loss: 0.3963525
	speed: 0.0453s/iter; left time: 1036.5374s
	iters: 200, epoch: 1 | loss: 0.3798550
	speed: 0.0073s/iter; left time: 167.3298s
	iters: 300, epoch: 1 | loss: 0.4151759
	speed: 0.0063s/iter; left time: 143.0912s
	iters: 400, epoch: 1 | loss: 0.3879820
	speed: 0.0062s/iter; left time: 140.9800s
	iters: 500, epoch: 1 | loss: 0.3110880
	speed: 0.0081s/iter; left time: 182.5928s
	iters: 600, epoch: 1 | loss: 0.3197898
	speed: 0.0077s/iter; left time: 171.6724s
	iters: 700, epoch: 1 | loss: 0.3019559
	speed: 0.0061s/iter; left time: 136.3324s
	iters: 800, epoch: 1 | loss: 0.4018833
	speed: 0.0073s/iter; left time: 161.5496s
	iters: 900, epoch: 1 | loss: 0.3284914
	speed: 0.0082s/iter; left time: 180.2624s
	iters: 1000, epoch: 1 | loss: 0.2346085
	speed: 0.0063s/iter; left time: 139.2318s
	iters: 1100, epoch: 1 | loss: 0.2610338
	speed: 0.0071s/iter; left time: 156.4663s
	iters: 1200, epoch: 1 | loss: 0.2460090
	speed: 0.0071s/iter; left time: 155.3209s
	iters: 1300, epoch: 1 | loss: 0.2002465
	speed: 0.0088s/iter; left time: 189.9767s
	iters: 1400, epoch: 1 | loss: 0.2576407
	speed: 0.0077s/iter; left time: 166.5306s
	iters: 1500, epoch: 1 | loss: 0.2652321
	speed: 0.0071s/iter; left time: 153.2975s
	iters: 1600, epoch: 1 | loss: 0.1696806
	speed: 0.0072s/iter; left time: 153.4963s
	iters: 1700, epoch: 1 | loss: 0.4073210
	speed: 0.0072s/iter; left time: 154.1136s
	iters: 1800, epoch: 1 | loss: 0.2398739
	speed: 0.0063s/iter; left time: 132.8445s
	iters: 1900, epoch: 1 | loss: 0.1164022
	speed: 0.0075s/iter; left time: 158.9292s
	iters: 2000, epoch: 1 | loss: 0.1346154
	speed: 0.0074s/iter; left time: 155.3061s
	iters: 2100, epoch: 1 | loss: 0.2080866
	speed: 0.0083s/iter; left time: 174.0242s
	iters: 2200, epoch: 1 | loss: 1.2857800
	speed: 0.0084s/iter; left time: 173.6076s
Epoch: 1 cost time: 20.53325080871582
Epoch: 1, Steps: 2299 | Train Loss: 0.4024067 Vali Loss: 0.1936518 Test Loss: 0.0647153
Validation loss decreased (inf --> 0.064715).  Saving model ...
Updating learning rate to 0.0005201640161457883
	iters: 100, epoch: 2 | loss: 0.1409246
	speed: 0.0503s/iter; left time: 1036.3674s
	iters: 200, epoch: 2 | loss: 0.2295036
	speed: 0.0067s/iter; left time: 136.3124s
	iters: 300, epoch: 2 | loss: 0.2551000
	speed: 0.0077s/iter; left time: 157.9807s
	iters: 400, epoch: 2 | loss: 0.0683374
	speed: 0.0067s/iter; left time: 135.3532s
	iters: 500, epoch: 2 | loss: 0.0791263
	speed: 0.0061s/iter; left time: 122.5121s
	iters: 600, epoch: 2 | loss: 0.0996713
	speed: 0.0068s/iter; left time: 137.2687s
	iters: 700, epoch: 2 | loss: 0.0690809
	speed: 0.0067s/iter; left time: 134.0795s
	iters: 800, epoch: 2 | loss: 0.0781158
	speed: 0.0065s/iter; left time: 130.2661s
	iters: 900, epoch: 2 | loss: 0.0729681
	speed: 0.0081s/iter; left time: 160.2802s
	iters: 1000, epoch: 2 | loss: 0.1049330
	speed: 0.0070s/iter; left time: 136.8963s
	iters: 1100, epoch: 2 | loss: 0.0929328
	speed: 0.0063s/iter; left time: 123.9202s
	iters: 1200, epoch: 2 | loss: 0.0984851
	speed: 0.0063s/iter; left time: 123.1904s
	iters: 1300, epoch: 2 | loss: 0.1143691
	speed: 0.0070s/iter; left time: 135.3606s
	iters: 1400, epoch: 2 | loss: 0.0909430
	speed: 0.0077s/iter; left time: 148.7685s
	iters: 1500, epoch: 2 | loss: 0.0584086
	speed: 0.0063s/iter; left time: 120.1910s
	iters: 1600, epoch: 2 | loss: 0.0793739
	speed: 0.0074s/iter; left time: 140.9295s
	iters: 1700, epoch: 2 | loss: 0.1681068
	speed: 0.0066s/iter; left time: 125.3496s
	iters: 1800, epoch: 2 | loss: 0.0548510
	speed: 0.0060s/iter; left time: 114.1684s
	iters: 1900, epoch: 2 | loss: 0.0625074
	speed: 0.0076s/iter; left time: 142.9731s
	iters: 2000, epoch: 2 | loss: 0.0663378
	speed: 0.0069s/iter; left time: 128.6143s
	iters: 2100, epoch: 2 | loss: 0.1970572
	speed: 0.0074s/iter; left time: 138.0646s
	iters: 2200, epoch: 2 | loss: 0.0655118
	speed: 0.0078s/iter; left time: 144.6265s
Epoch: 2 cost time: 15.919548034667969
Epoch: 2, Steps: 2299 | Train Loss: 0.1857915 Vali Loss: 0.1016442 Test Loss: 0.0367677
Validation loss decreased (0.064715 --> 0.036768).  Saving model ...
Updating learning rate to 0.000999999992705759
	iters: 100, epoch: 3 | loss: 0.1113741
	speed: 0.0516s/iter; left time: 944.2028s
	iters: 200, epoch: 3 | loss: 0.1237187
	speed: 0.0075s/iter; left time: 137.1337s
	iters: 300, epoch: 3 | loss: 0.1062324
	speed: 0.0066s/iter; left time: 119.8960s
	iters: 400, epoch: 3 | loss: 0.6255527
	speed: 0.0069s/iter; left time: 124.0478s
	iters: 500, epoch: 3 | loss: 0.1530936
	speed: 0.0067s/iter; left time: 120.7085s
	iters: 600, epoch: 3 | loss: 0.0599858
	speed: 0.0059s/iter; left time: 105.0214s
	iters: 700, epoch: 3 | loss: 0.0639695
	speed: 0.0069s/iter; left time: 122.2252s
	iters: 800, epoch: 3 | loss: 0.1382111
	speed: 0.0075s/iter; left time: 131.9844s
	iters: 900, epoch: 3 | loss: 0.4595184
	speed: 0.0069s/iter; left time: 121.0097s
	iters: 1000, epoch: 3 | loss: 0.0522907
	speed: 0.0067s/iter; left time: 116.2182s
	iters: 1100, epoch: 3 | loss: 0.0573105
	speed: 0.0078s/iter; left time: 134.2750s
	iters: 1200, epoch: 3 | loss: 0.1207956
	speed: 0.0072s/iter; left time: 124.1941s
	iters: 1300, epoch: 3 | loss: 0.1373488
	speed: 0.0064s/iter; left time: 109.4800s
	iters: 1400, epoch: 3 | loss: 0.1389409
	speed: 0.0072s/iter; left time: 122.4576s
	iters: 1500, epoch: 3 | loss: 0.0517748
	speed: 0.0073s/iter; left time: 123.8254s
	iters: 1600, epoch: 3 | loss: 3.2429807
	speed: 0.0070s/iter; left time: 116.7694s
	iters: 1700, epoch: 3 | loss: 0.1316821
	speed: 0.0071s/iter; left time: 118.1234s
	iters: 1800, epoch: 3 | loss: 0.1129139
	speed: 0.0074s/iter; left time: 122.9567s
	iters: 1900, epoch: 3 | loss: 0.0886484
	speed: 0.0067s/iter; left time: 111.1427s
	iters: 2000, epoch: 3 | loss: 0.0849026
	speed: 0.0066s/iter; left time: 107.5469s
	iters: 2100, epoch: 3 | loss: 3.1407280
	speed: 0.0074s/iter; left time: 120.4178s
	iters: 2200, epoch: 3 | loss: 0.0588992
	speed: 0.0057s/iter; left time: 92.6617s
Epoch: 3 cost time: 16.0592679977417
Epoch: 3, Steps: 2299 | Train Loss: 0.1686377 Vali Loss: 0.0906623 Test Loss: 0.0361204
Validation loss decreased (0.036768 --> 0.036120).  Saving model ...
Updating learning rate to 0.0009619072282363468
	iters: 100, epoch: 4 | loss: 0.0746753
	speed: 0.0485s/iter; left time: 775.4429s
	iters: 200, epoch: 4 | loss: 0.0818771
	speed: 0.0064s/iter; left time: 101.6948s
	iters: 300, epoch: 4 | loss: 0.2148126
	speed: 0.0067s/iter; left time: 105.4644s
	iters: 400, epoch: 4 | loss: 0.0589888
	speed: 0.0070s/iter; left time: 109.2792s
	iters: 500, epoch: 4 | loss: 0.0749817
	speed: 0.0072s/iter; left time: 112.7429s
	iters: 600, epoch: 4 | loss: 0.1421264
	speed: 0.0074s/iter; left time: 114.4308s
	iters: 700, epoch: 4 | loss: 0.2154191
	speed: 0.0074s/iter; left time: 114.1519s
	iters: 800, epoch: 4 | loss: 0.0523723
	speed: 0.0071s/iter; left time: 108.0083s
	iters: 900, epoch: 4 | loss: 0.1658549
	speed: 0.0072s/iter; left time: 108.7639s
	iters: 1000, epoch: 4 | loss: 0.2868617
	speed: 0.0066s/iter; left time: 100.3697s
	iters: 1100, epoch: 4 | loss: 0.2137145
	speed: 0.0066s/iter; left time: 99.2128s
	iters: 1200, epoch: 4 | loss: 0.1350591
	speed: 0.0077s/iter; left time: 114.7506s
	iters: 1300, epoch: 4 | loss: 0.1848715
	speed: 0.0068s/iter; left time: 99.9663s
	iters: 1400, epoch: 4 | loss: 0.0991234
	speed: 0.0062s/iter; left time: 90.6185s
	iters: 1500, epoch: 4 | loss: 0.0981200
	speed: 0.0076s/iter; left time: 110.1851s
	iters: 1600, epoch: 4 | loss: 0.1135679
	speed: 0.0074s/iter; left time: 106.8057s
	iters: 1700, epoch: 4 | loss: 0.1721980
	speed: 0.0067s/iter; left time: 96.3068s
	iters: 1800, epoch: 4 | loss: 0.0599503
	speed: 0.0069s/iter; left time: 98.8174s
	iters: 1900, epoch: 4 | loss: 0.0956366
	speed: 0.0073s/iter; left time: 104.2970s
	iters: 2000, epoch: 4 | loss: 0.0743101
	speed: 0.0056s/iter; left time: 78.5432s
	iters: 2100, epoch: 4 | loss: 0.0734448
	speed: 0.0072s/iter; left time: 101.2930s
	iters: 2200, epoch: 4 | loss: 0.0841310
	speed: 0.0071s/iter; left time: 99.0232s
Epoch: 4 cost time: 16.037522554397583
Epoch: 4, Steps: 2299 | Train Loss: 0.1607130 Vali Loss: 0.0915264 Test Loss: 0.0361229
EarlyStopping counter: 1 out of 15
Updating learning rate to 0.0008534935799492716
	iters: 100, epoch: 5 | loss: 0.1339623
	speed: 0.0511s/iter; left time: 699.3284s
	iters: 200, epoch: 5 | loss: 0.0495326
	speed: 0.0072s/iter; left time: 97.3670s
	iters: 300, epoch: 5 | loss: 0.0582399
	speed: 0.0074s/iter; left time: 99.2630s
	iters: 400, epoch: 5 | loss: 0.0483206
	speed: 0.0078s/iter; left time: 104.0339s
	iters: 500, epoch: 5 | loss: 0.0883682
	speed: 0.0059s/iter; left time: 78.7450s
	iters: 600, epoch: 5 | loss: 0.1358528
	speed: 0.0073s/iter; left time: 95.9308s
	iters: 700, epoch: 5 | loss: 0.0907502
	speed: 0.0072s/iter; left time: 93.7187s
	iters: 800, epoch: 5 | loss: 0.0944479
	speed: 0.0073s/iter; left time: 95.3108s
	iters: 900, epoch: 5 | loss: 0.0616572
	speed: 0.0059s/iter; left time: 76.2388s
	iters: 1000, epoch: 5 | loss: 0.0787960
	speed: 0.0063s/iter; left time: 80.7069s
	iters: 1100, epoch: 5 | loss: 0.0976564
	speed: 0.0061s/iter; left time: 77.2551s
	iters: 1200, epoch: 5 | loss: 0.1255461
	speed: 0.0064s/iter; left time: 80.1121s
	iters: 1300, epoch: 5 | loss: 0.0698615
	speed: 0.0095s/iter; left time: 118.2264s
	iters: 1400, epoch: 5 | loss: 0.0636687
	speed: 0.0066s/iter; left time: 82.3164s
	iters: 1500, epoch: 5 | loss: 0.0830971
	speed: 0.0068s/iter; left time: 83.2622s
	iters: 1600, epoch: 5 | loss: 0.3938179
	speed: 0.0062s/iter; left time: 75.3519s
	iters: 1700, epoch: 5 | loss: 0.0777171
	speed: 0.0074s/iter; left time: 89.0496s
	iters: 1800, epoch: 5 | loss: 0.3531684
	speed: 0.0096s/iter; left time: 114.7121s
	iters: 1900, epoch: 5 | loss: 0.0719433
	speed: 0.0084s/iter; left time: 100.3493s
	iters: 2000, epoch: 5 | loss: 0.0863352
	speed: 0.0078s/iter; left time: 91.6302s
	iters: 2100, epoch: 5 | loss: 0.0663521
	speed: 0.0076s/iter; left time: 88.4122s
	iters: 2200, epoch: 5 | loss: 0.1017371
	speed: 0.0079s/iter; left time: 91.5964s
Epoch: 5 cost time: 16.745689868927002
Epoch: 5, Steps: 2299 | Train Loss: 0.1602948 Vali Loss: 0.0960688 Test Loss: 0.0360260
Validation loss decreased (0.036120 --> 0.036026).  Saving model ...
Updating learning rate to 0.0006912640430240716
	iters: 100, epoch: 6 | loss: 0.0765612
	speed: 0.0461s/iter; left time: 525.8400s
	iters: 200, epoch: 6 | loss: 0.1268546
	speed: 0.0056s/iter; left time: 63.4363s
	iters: 300, epoch: 6 | loss: 0.1765612
	speed: 0.0064s/iter; left time: 72.2028s
	iters: 400, epoch: 6 | loss: 0.0631896
	speed: 0.0054s/iter; left time: 59.4187s
	iters: 500, epoch: 6 | loss: 0.5464972
	speed: 0.0060s/iter; left time: 65.8339s
	iters: 600, epoch: 6 | loss: 0.0572453
	speed: 0.0057s/iter; left time: 62.4111s
	iters: 700, epoch: 6 | loss: 0.0775433
	speed: 0.0060s/iter; left time: 64.2469s
	iters: 800, epoch: 6 | loss: 0.0640444
	speed: 0.0057s/iter; left time: 61.4776s
	iters: 900, epoch: 6 | loss: 0.0757064
	speed: 0.0056s/iter; left time: 59.6212s
	iters: 1000, epoch: 6 | loss: 0.0976763
	speed: 0.0057s/iter; left time: 59.7613s
	iters: 1100, epoch: 6 | loss: 0.1129499
	speed: 0.0056s/iter; left time: 58.7228s
	iters: 1200, epoch: 6 | loss: 0.1779278
	speed: 0.0057s/iter; left time: 58.9098s
	iters: 1300, epoch: 6 | loss: 0.1837886
	speed: 0.0056s/iter; left time: 56.6820s
	iters: 1400, epoch: 6 | loss: 0.0559773
	speed: 0.0060s/iter; left time: 60.4194s
	iters: 1500, epoch: 6 | loss: 0.0553845
	speed: 0.0059s/iter; left time: 59.2933s
	iters: 1600, epoch: 6 | loss: 0.0831002
	speed: 0.0059s/iter; left time: 58.4829s
	iters: 1700, epoch: 6 | loss: 0.0565305
	speed: 0.0058s/iter; left time: 56.8144s
	iters: 1800, epoch: 6 | loss: 0.1355125
	speed: 0.0060s/iter; left time: 58.3263s
	iters: 1900, epoch: 6 | loss: 0.1266171
	speed: 0.0053s/iter; left time: 51.0212s
	iters: 2000, epoch: 6 | loss: 0.0655339
	speed: 0.0058s/iter; left time: 54.7525s
	iters: 2100, epoch: 6 | loss: 0.0513208
	speed: 0.0057s/iter; left time: 53.6170s
	iters: 2200, epoch: 6 | loss: 0.0698833
	speed: 0.0058s/iter; left time: 54.3504s
Epoch: 6 cost time: 13.28047227859497
Epoch: 6, Steps: 2299 | Train Loss: 0.1727599 Vali Loss: 0.0940182 Test Loss: 0.0358240
Validation loss decreased (0.036026 --> 0.035824).  Saving model ...
Updating learning rate to 0.0004999165938431942
	iters: 100, epoch: 7 | loss: 0.0803724
	speed: 0.0399s/iter; left time: 362.9057s
	iters: 200, epoch: 7 | loss: 0.1748859
	speed: 0.0057s/iter; left time: 51.2469s
	iters: 300, epoch: 7 | loss: 0.2583213
	speed: 0.0055s/iter; left time: 48.5825s
	iters: 400, epoch: 7 | loss: 0.0937378
	speed: 0.0057s/iter; left time: 49.9135s
	iters: 500, epoch: 7 | loss: 0.0540373
	speed: 0.0056s/iter; left time: 48.8404s
	iters: 600, epoch: 7 | loss: 0.1216300
	speed: 0.0057s/iter; left time: 49.2126s
	iters: 700, epoch: 7 | loss: 0.1020976
	speed: 0.0059s/iter; left time: 50.2809s
	iters: 800, epoch: 7 | loss: 0.0741789
	speed: 0.0058s/iter; left time: 48.9144s
	iters: 900, epoch: 7 | loss: 0.0578852
	speed: 0.0060s/iter; left time: 49.4661s
	iters: 1000, epoch: 7 | loss: 0.0683652
	speed: 0.0058s/iter; left time: 47.1467s
	iters: 1100, epoch: 7 | loss: 0.0845916
	speed: 0.0060s/iter; left time: 48.3348s
	iters: 1200, epoch: 7 | loss: 0.1074911
	speed: 0.0058s/iter; left time: 46.6920s
	iters: 1300, epoch: 7 | loss: 0.1001083
	speed: 0.0062s/iter; left time: 49.0410s
	iters: 1400, epoch: 7 | loss: 0.0763969
	speed: 0.0056s/iter; left time: 43.7428s
	iters: 1500, epoch: 7 | loss: 0.4802302
	speed: 0.0057s/iter; left time: 43.8791s
	iters: 1600, epoch: 7 | loss: 0.0595921
	speed: 0.0058s/iter; left time: 44.2661s
	iters: 1700, epoch: 7 | loss: 1.0924400
	speed: 0.0064s/iter; left time: 47.6405s
	iters: 1800, epoch: 7 | loss: 0.1441318
	speed: 0.0055s/iter; left time: 40.8045s
	iters: 1900, epoch: 7 | loss: 0.0690692
	speed: 0.0056s/iter; left time: 41.0201s
	iters: 2000, epoch: 7 | loss: 0.0473604
	speed: 0.0061s/iter; left time: 44.1278s
	iters: 2100, epoch: 7 | loss: 0.0910415
	speed: 0.0057s/iter; left time: 40.7112s
	iters: 2200, epoch: 7 | loss: 0.0706335
	speed: 0.0054s/iter; left time: 37.4495s
Epoch: 7 cost time: 13.263935804367065
Epoch: 7, Steps: 2299 | Train Loss: 0.1731970 Vali Loss: 0.1085469 Test Loss: 0.0359295
EarlyStopping counter: 1 out of 15
Updating learning rate to 0.00030858214697548176
	iters: 100, epoch: 8 | loss: 0.1779703
	speed: 0.0398s/iter; left time: 270.4450s
	iters: 200, epoch: 8 | loss: 0.0650272
	speed: 0.0059s/iter; left time: 39.2821s
	iters: 300, epoch: 8 | loss: 0.1015361
	speed: 0.0057s/iter; left time: 37.6775s
	iters: 400, epoch: 8 | loss: 0.3020023
	speed: 0.0061s/iter; left time: 39.7560s
	iters: 500, epoch: 8 | loss: 0.1244429
	speed: 0.0057s/iter; left time: 36.2920s
	iters: 600, epoch: 8 | loss: 0.0432070
	speed: 0.0056s/iter; left time: 35.4533s
	iters: 700, epoch: 8 | loss: 0.0909904
	speed: 0.0060s/iter; left time: 37.1063s
	iters: 800, epoch: 8 | loss: 0.0974425
	speed: 0.0058s/iter; left time: 35.5816s
	iters: 900, epoch: 8 | loss: 0.0594663
	speed: 0.0055s/iter; left time: 32.9160s
	iters: 1000, epoch: 8 | loss: 0.0484980
	speed: 0.0057s/iter; left time: 33.4033s
	iters: 1100, epoch: 8 | loss: 0.1490772
	speed: 0.0060s/iter; left time: 34.6271s
	iters: 1200, epoch: 8 | loss: 0.0641010
	speed: 0.0058s/iter; left time: 33.2667s
	iters: 1300, epoch: 8 | loss: 0.0971206
	speed: 0.0059s/iter; left time: 32.8313s
	iters: 1400, epoch: 8 | loss: 0.0589109
	speed: 0.0058s/iter; left time: 32.0066s
	iters: 1500, epoch: 8 | loss: 0.1054353
	speed: 0.0060s/iter; left time: 32.2127s
	iters: 1600, epoch: 8 | loss: 0.0823735
	speed: 0.0058s/iter; left time: 30.6208s
	iters: 1700, epoch: 8 | loss: 0.1070536
	speed: 0.0056s/iter; left time: 29.2507s
	iters: 1800, epoch: 8 | loss: 0.0830582
	speed: 0.0058s/iter; left time: 29.6896s
	iters: 1900, epoch: 8 | loss: 0.4771463
	speed: 0.0059s/iter; left time: 29.5214s
	iters: 2000, epoch: 8 | loss: 0.0667354
	speed: 0.0057s/iter; left time: 28.1442s
	iters: 2100, epoch: 8 | loss: 0.0841356
	speed: 0.0056s/iter; left time: 26.6722s
	iters: 2200, epoch: 8 | loss: 0.1409795
	speed: 0.0057s/iter; left time: 26.8911s
Epoch: 8 cost time: 13.309387683868408
Epoch: 8, Steps: 2299 | Train Loss: 0.1662778 Vali Loss: 0.0969993 Test Loss: 0.0357643
Validation loss decreased (0.035824 --> 0.035764).  Saving model ...
Updating learning rate to 0.00014638963750546335
	iters: 100, epoch: 9 | loss: 0.0693568
	speed: 0.0409s/iter; left time: 184.0584s
	iters: 200, epoch: 9 | loss: 0.0685618
	speed: 0.0059s/iter; left time: 25.9939s
	iters: 300, epoch: 9 | loss: 0.0607481
	speed: 0.0060s/iter; left time: 25.8645s
	iters: 400, epoch: 9 | loss: 0.0916710
	speed: 0.0061s/iter; left time: 25.7516s
	iters: 500, epoch: 9 | loss: 0.1690031
	speed: 0.0056s/iter; left time: 23.1551s
	iters: 600, epoch: 9 | loss: 0.1534052
	speed: 0.0058s/iter; left time: 23.3319s
	iters: 700, epoch: 9 | loss: 3.2252526
	speed: 0.0060s/iter; left time: 23.3487s
	iters: 800, epoch: 9 | loss: 0.0795014
	speed: 0.0055s/iter; left time: 21.0316s
	iters: 900, epoch: 9 | loss: 0.1535077
	speed: 0.0057s/iter; left time: 21.1286s
	iters: 1000, epoch: 9 | loss: 0.1009724
	speed: 0.0059s/iter; left time: 21.3306s
	iters: 1100, epoch: 9 | loss: 0.0833946
	speed: 0.0060s/iter; left time: 20.9825s
	iters: 1200, epoch: 9 | loss: 3.1765952
	speed: 0.0060s/iter; left time: 20.4754s
	iters: 1300, epoch: 9 | loss: 0.2018223
	speed: 0.0057s/iter; left time: 18.9451s
	iters: 1400, epoch: 9 | loss: 0.0930088
	speed: 0.0060s/iter; left time: 19.1553s
	iters: 1500, epoch: 9 | loss: 0.5044225
	speed: 0.0057s/iter; left time: 17.7099s
	iters: 1600, epoch: 9 | loss: 0.6778449
	speed: 0.0061s/iter; left time: 18.3820s
	iters: 1700, epoch: 9 | loss: 0.1281708
	speed: 0.0057s/iter; left time: 16.4595s
	iters: 1800, epoch: 9 | loss: 0.0761584
	speed: 0.0086s/iter; left time: 24.1915s
	iters: 1900, epoch: 9 | loss: 0.1096228
	speed: 0.0061s/iter; left time: 16.4305s
	iters: 2000, epoch: 9 | loss: 0.0500937
	speed: 0.0060s/iter; left time: 15.6613s
	iters: 2100, epoch: 9 | loss: 0.1690458
	speed: 0.0063s/iter; left time: 15.7470s
	iters: 2200, epoch: 9 | loss: 0.0664067
	speed: 0.0060s/iter; left time: 14.5092s
Epoch: 9 cost time: 13.914270162582397
Epoch: 9, Steps: 2299 | Train Loss: 0.1707005 Vali Loss: 0.0909486 Test Loss: 0.0359860
EarlyStopping counter: 1 out of 15
Updating learning rate to 3.803140472118991e-05
	iters: 100, epoch: 10 | loss: 0.0662673
	speed: 0.0404s/iter; left time: 88.9346s
	iters: 200, epoch: 10 | loss: 0.1559776
	speed: 0.0055s/iter; left time: 11.4500s
	iters: 300, epoch: 10 | loss: 0.0942562
	speed: 0.0056s/iter; left time: 11.2644s
	iters: 400, epoch: 10 | loss: 3.1019826
	speed: 0.0057s/iter; left time: 10.8581s
	iters: 500, epoch: 10 | loss: 0.2310536
	speed: 0.0057s/iter; left time: 10.2872s
	iters: 600, epoch: 10 | loss: 0.1017658
	speed: 0.0057s/iter; left time: 9.6982s
	iters: 700, epoch: 10 | loss: 0.0678420
	speed: 0.0059s/iter; left time: 9.4483s
	iters: 800, epoch: 10 | loss: 0.0531861
	speed: 0.0061s/iter; left time: 9.1999s
	iters: 900, epoch: 10 | loss: 0.0600620
	speed: 0.0060s/iter; left time: 8.4314s
	iters: 1000, epoch: 10 | loss: 0.0897140
	speed: 0.0059s/iter; left time: 7.7199s
	iters: 1100, epoch: 10 | loss: 0.1014801
	speed: 0.0060s/iter; left time: 7.1612s
	iters: 1200, epoch: 10 | loss: 0.0828224
	speed: 0.0057s/iter; left time: 6.3250s
	iters: 1300, epoch: 10 | loss: 0.0907097
	speed: 0.0060s/iter; left time: 5.9706s
	iters: 1400, epoch: 10 | loss: 0.7264169
	speed: 0.0056s/iter; left time: 5.0280s
	iters: 1500, epoch: 10 | loss: 0.1409796
	speed: 0.0060s/iter; left time: 4.7884s
	iters: 1600, epoch: 10 | loss: 0.1043420
	speed: 0.0054s/iter; left time: 3.7453s
	iters: 1700, epoch: 10 | loss: 0.1692555
	speed: 0.0061s/iter; left time: 3.6683s
	iters: 1800, epoch: 10 | loss: 0.0811871
	speed: 0.0057s/iter; left time: 2.8543s
	iters: 1900, epoch: 10 | loss: 0.0964199
	speed: 0.0060s/iter; left time: 2.3899s
	iters: 2000, epoch: 10 | loss: 0.0656052
	speed: 0.0056s/iter; left time: 1.6941s
	iters: 2100, epoch: 10 | loss: 0.1300767
	speed: 0.0057s/iter; left time: 1.1454s
	iters: 2200, epoch: 10 | loss: 0.2077966
	speed: 0.0059s/iter; left time: 0.5867s
Epoch: 10 cost time: 13.366868495941162
Epoch: 10, Steps: 2299 | Train Loss: 0.1727488 Vali Loss: 0.0995625 Test Loss: 0.0360164
EarlyStopping counter: 2 out of 15
Updating learning rate to 4.00729424084425e-09
>>>>>>>testing : imputation_IMP_SparseTSF_Weather_mask0.375_none_SparseTSF_custom_sl96_pl0_dm16_nh8_el2_dl1_df32_fc1_ebtimeF_dtTrue_Imp_0<<<<<<<<<<<<<<<<<<<<<<<<<<<<<<<<<
test 10540
test shape: (10528, 96, 21) (10528, 96, 21)
mse:0.03599037230014801, mae:0.06140688434243202
