Args in experiment:
Namespace(activation='gelu', anomaly_ratio=0.25, batch_size=16, c_out=321, channel_independence=1, checkpoints='./checkpoints/', comment='none', d_ff=32, d_layers=1, d_model=16, data='custom', data_path='electricity.csv', dec_in=321, decomp_method='moving_avg', des='Imp', devices='0,1', distil=True, down_sampling_layers=3, down_sampling_method='avg', down_sampling_window=2, drop_last=True, dropout=0.1, e_layers=2, embed='timeF', emissions_file='emissions.csv', emissions_output_dir='.', enc_in=321, factor=1, features='M', freq='h', gpu=0, inverse=False, is_training=1, itr=1, label_len=0, learning_rate=0.001, loss='MSE', lradj='TST', mask_rate=0.25, model='SparseTSF', model_id='IMP_SparseTSF_Electricity_mask0.25', model_type='linear', moving_avg=25, n_heads=8, num_kernels=6, num_workers=0, output_attention=False, p_hidden_dims=[128, 128], p_hidden_layers=2, patience=15, pct_start=0.2, percent=100, period_len=24, pred_len=0, root_path='<workspace>\\dataset\\electricity', seasonal_patterns='Monthly', seq_len=96, target='OT', task_name='imputation', top_k=5, track_emissions=0, train_epochs=10, use_amp=False, use_future_temporal_feature=0, use_gpu=True, use_multi_gpu=False, use_norm=1)
Use GPU: cuda:0
>>>>>>>start training : imputation_IMP_SparseTSF_Electricity_mask0.25_none_SparseTSF_custom_sl96_pl0_dm16_nh8_el2_dl1_df32_fc1_ebtimeF_dtTrue_Imp_0>>>>>>>>>>>>>>>>>>>>>>>>>>
train 18317
val 2633
test 5261
	iters: 100, epoch: 1 | loss: 1.3878000
	speed: 0.0405s/iter; left time: 459.5150s
	iters: 200, epoch: 1 | loss: 1.2894425
	speed: 0.0152s/iter; left time: 171.0851s
	iters: 300, epoch: 1 | loss: 1.3594917
	speed: 0.0155s/iter; left time: 172.8150s
	iters: 400, epoch: 1 | loss: 1.1867822
	speed: 0.0156s/iter; left time: 171.7787s
	iters: 500, epoch: 1 | loss: 1.2720711
	speed: 0.0152s/iter; left time: 165.8530s
	iters: 600, epoch: 1 | loss: 1.0739114
	speed: 0.0164s/iter; left time: 177.9530s
	iters: 700, epoch: 1 | loss: 0.9789085
	speed: 0.0156s/iter; left time: 167.9187s
	iters: 800, epoch: 1 | loss: 1.0688581
	speed: 0.0160s/iter; left time: 170.3562s
	iters: 900, epoch: 1 | loss: 0.9025239
	speed: 0.0162s/iter; left time: 170.5398s
	iters: 1000, epoch: 1 | loss: 0.7866513
	speed: 0.0159s/iter; left time: 166.4086s
	iters: 1100, epoch: 1 | loss: 0.6528144
	speed: 0.0162s/iter; left time: 167.9723s
Epoch: 1 cost time: 20.523534297943115
Epoch: 1, Steps: 1144 | Train Loss: 1.0869220 Vali Loss: 0.5345634 Test Loss: 0.5751254
Validation loss decreased (inf --> 0.575125).  Saving model ...
Updating learning rate to 0.0005203296817567031
	iters: 100, epoch: 2 | loss: 0.5017309
	speed: 0.0774s/iter; left time: 789.2153s
	iters: 200, epoch: 2 | loss: 0.3494257
	speed: 0.0161s/iter; left time: 163.0339s
	iters: 300, epoch: 2 | loss: 0.3067775
	speed: 0.0157s/iter; left time: 157.3165s
	iters: 400, epoch: 2 | loss: 0.2792335
	speed: 0.0159s/iter; left time: 156.9372s
	iters: 500, epoch: 2 | loss: 0.2554909
	speed: 0.0163s/iter; left time: 159.3920s
	iters: 600, epoch: 2 | loss: 0.2486001
	speed: 0.0159s/iter; left time: 153.7194s
	iters: 700, epoch: 2 | loss: 0.2292643
	speed: 0.0159s/iter; left time: 153.0351s
	iters: 800, epoch: 2 | loss: 0.2157058
	speed: 0.0162s/iter; left time: 153.6718s
	iters: 900, epoch: 2 | loss: 0.2005250
	speed: 0.0155s/iter; left time: 145.2798s
	iters: 1000, epoch: 2 | loss: 0.1826036
	speed: 0.0160s/iter; left time: 148.3281s
	iters: 1100, epoch: 2 | loss: 0.1809706
	speed: 0.0186s/iter; left time: 171.0217s
Epoch: 2 cost time: 18.512967824935913
Epoch: 2, Steps: 1144 | Train Loss: 0.2800922 Vali Loss: 0.1639717 Test Loss: 0.1699076
Validation loss decreased (0.575125 --> 0.169908).  Saving model ...
Updating learning rate to 0.0009999999705418148
	iters: 100, epoch: 3 | loss: 0.1606988
	speed: 0.0811s/iter; left time: 734.5385s
	iters: 200, epoch: 3 | loss: 0.1586401
	speed: 0.0174s/iter; left time: 155.5742s
	iters: 300, epoch: 3 | loss: 0.1562479
	speed: 0.0165s/iter; left time: 145.8237s
	iters: 400, epoch: 3 | loss: 0.1554251
	speed: 0.0163s/iter; left time: 142.3507s
	iters: 500, epoch: 3 | loss: 0.1649110
	speed: 0.0162s/iter; left time: 139.8274s
	iters: 600, epoch: 3 | loss: 0.1622388
	speed: 0.0162s/iter; left time: 138.4148s
	iters: 700, epoch: 3 | loss: 0.1584525
	speed: 0.0163s/iter; left time: 138.0330s
	iters: 800, epoch: 3 | loss: 0.1428971
	speed: 0.0163s/iter; left time: 136.2853s
	iters: 900, epoch: 3 | loss: 0.1640379
	speed: 0.0161s/iter; left time: 132.7080s
	iters: 1000, epoch: 3 | loss: 0.1533327
	speed: 0.0160s/iter; left time: 130.0534s
	iters: 1100, epoch: 3 | loss: 0.1552839
	speed: 0.0160s/iter; left time: 128.8727s
Epoch: 3 cost time: 18.595494985580444
Epoch: 3, Steps: 1144 | Train Loss: 0.1574291 Vali Loss: 0.1441075 Test Loss: 0.1481384
Validation loss decreased (0.169908 --> 0.148138).  Saving model ...
Updating learning rate to 0.0009618742099746439
	iters: 100, epoch: 4 | loss: 0.1451973
	speed: 0.0775s/iter; left time: 613.3419s
	iters: 200, epoch: 4 | loss: 0.1516814
	speed: 0.0160s/iter; left time: 124.6266s
	iters: 300, epoch: 4 | loss: 0.1572990
	speed: 0.0158s/iter; left time: 121.6029s
	iters: 400, epoch: 4 | loss: 0.1421376
	speed: 0.0158s/iter; left time: 120.2893s
	iters: 500, epoch: 4 | loss: 0.1533958
	speed: 0.0161s/iter; left time: 121.1741s
	iters: 600, epoch: 4 | loss: 0.1345561
	speed: 0.0162s/iter; left time: 119.7817s
	iters: 700, epoch: 4 | loss: 0.1477806
	speed: 0.0159s/iter; left time: 116.4361s
	iters: 800, epoch: 4 | loss: 0.1403537
	speed: 0.0162s/iter; left time: 116.7411s
	iters: 900, epoch: 4 | loss: 0.1460617
	speed: 0.0162s/iter; left time: 115.2266s
	iters: 1000, epoch: 4 | loss: 0.1513066
	speed: 0.0158s/iter; left time: 110.5087s
	iters: 1100, epoch: 4 | loss: 0.1516420
	speed: 0.0159s/iter; left time: 110.0850s
Epoch: 4 cost time: 18.28371024131775
Epoch: 4, Steps: 1144 | Train Loss: 0.1484469 Vali Loss: 0.1375569 Test Loss: 0.1410375
Validation loss decreased (0.148138 --> 0.141037).  Saving model ...
Updating learning rate to 0.0008534325923208433
	iters: 100, epoch: 5 | loss: 0.1507520
	speed: 0.0779s/iter; left time: 527.2743s
	iters: 200, epoch: 5 | loss: 0.1393480
	speed: 0.0161s/iter; left time: 107.4903s
	iters: 300, epoch: 5 | loss: 0.1501656
	speed: 0.0159s/iter; left time: 104.5680s
	iters: 400, epoch: 5 | loss: 0.1424644
	speed: 0.0163s/iter; left time: 105.1400s
	iters: 500, epoch: 5 | loss: 0.1402679
	speed: 0.0160s/iter; left time: 102.1254s
	iters: 600, epoch: 5 | loss: 0.1515079
	speed: 0.0160s/iter; left time: 100.0989s
	iters: 700, epoch: 5 | loss: 0.1362959
	speed: 0.0158s/iter; left time: 97.1849s
	iters: 800, epoch: 5 | loss: 0.1424662
	speed: 0.0161s/iter; left time: 97.4936s
	iters: 900, epoch: 5 | loss: 0.1292152
	speed: 0.0159s/iter; left time: 95.0137s
	iters: 1000, epoch: 5 | loss: 0.1375229
	speed: 0.0161s/iter; left time: 94.3162s
	iters: 1100, epoch: 5 | loss: 0.1353219
	speed: 0.0160s/iter; left time: 92.3054s
Epoch: 5 cost time: 18.30086636543274
Epoch: 5, Steps: 1144 | Train Loss: 0.1402841 Vali Loss: 0.1293886 Test Loss: 0.1332608
Validation loss decreased (0.141037 --> 0.133261).  Saving model ...
Updating learning rate to 0.0006911843708424919
	iters: 100, epoch: 6 | loss: 0.1319353
	speed: 0.0790s/iter; left time: 443.9005s
	iters: 200, epoch: 6 | loss: 0.1359894
	speed: 0.0160s/iter; left time: 88.1518s
	iters: 300, epoch: 6 | loss: 0.1330853
	speed: 0.0159s/iter; left time: 86.3822s
	iters: 400, epoch: 6 | loss: 0.1412621
	speed: 0.0163s/iter; left time: 86.7013s
	iters: 500, epoch: 6 | loss: 0.1280078
	speed: 0.0162s/iter; left time: 84.5983s
	iters: 600, epoch: 6 | loss: 0.1279681
	speed: 0.0159s/iter; left time: 81.2801s
	iters: 700, epoch: 6 | loss: 0.1299812
	speed: 0.0162s/iter; left time: 81.4214s
	iters: 800, epoch: 6 | loss: 0.1264180
	speed: 0.0158s/iter; left time: 77.8731s
	iters: 900, epoch: 6 | loss: 0.1291506
	speed: 0.0161s/iter; left time: 77.7151s
	iters: 1000, epoch: 6 | loss: 0.1287610
	speed: 0.0156s/iter; left time: 73.5714s
	iters: 1100, epoch: 6 | loss: 0.1220744
	speed: 0.0162s/iter; left time: 74.8383s
Epoch: 6 cost time: 18.30800485610962
Epoch: 6, Steps: 1144 | Train Loss: 0.1326404 Vali Loss: 0.1228541 Test Loss: 0.1262265
Validation loss decreased (0.133261 --> 0.126227).  Saving model ...
Updating learning rate to 0.0004998303664758784
	iters: 100, epoch: 7 | loss: 0.1301468
	speed: 0.0786s/iter; left time: 351.9610s
	iters: 200, epoch: 7 | loss: 0.1230209
	speed: 0.0160s/iter; left time: 69.8276s
	iters: 300, epoch: 7 | loss: 0.1229243
	speed: 0.0167s/iter; left time: 71.5048s
	iters: 400, epoch: 7 | loss: 0.1189518
	speed: 0.0160s/iter; left time: 66.7368s
	iters: 500, epoch: 7 | loss: 0.1450755
	speed: 0.0161s/iter; left time: 65.7189s
	iters: 600, epoch: 7 | loss: 0.1318474
	speed: 0.0160s/iter; left time: 63.4572s
	iters: 700, epoch: 7 | loss: 0.1235930
	speed: 0.0161s/iter; left time: 62.3545s
	iters: 800, epoch: 7 | loss: 0.1236951
	speed: 0.0163s/iter; left time: 61.5481s
	iters: 900, epoch: 7 | loss: 0.1364642
	speed: 0.0156s/iter; left time: 57.2007s
	iters: 1000, epoch: 7 | loss: 0.1228078
	speed: 0.0162s/iter; left time: 57.8202s
	iters: 1100, epoch: 7 | loss: 0.1278033
	speed: 0.0160s/iter; left time: 55.7573s
Epoch: 7 cost time: 18.439354419708252
Epoch: 7, Steps: 1144 | Train Loss: 0.1263606 Vali Loss: 0.1176921 Test Loss: 0.1209166
Validation loss decreased (0.126227 --> 0.120917).  Saving model ...
Updating learning rate to 0.0003085024917574506
	iters: 100, epoch: 8 | loss: 0.1281636
	speed: 0.0790s/iter; left time: 263.3988s
	iters: 200, epoch: 8 | loss: 0.1290447
	speed: 0.0161s/iter; left time: 52.0368s
	iters: 300, epoch: 8 | loss: 0.1210083
	speed: 0.0158s/iter; left time: 49.3976s
	iters: 400, epoch: 8 | loss: 0.1274173
	speed: 0.0162s/iter; left time: 49.0824s
	iters: 500, epoch: 8 | loss: 0.1230197
	speed: 0.0161s/iter; left time: 47.2316s
	iters: 600, epoch: 8 | loss: 0.1139288
	speed: 0.0158s/iter; left time: 44.6713s
	iters: 700, epoch: 8 | loss: 0.1244071
	speed: 0.0165s/iter; left time: 44.9940s
	iters: 800, epoch: 8 | loss: 0.1234731
	speed: 0.0157s/iter; left time: 41.4620s
	iters: 900, epoch: 8 | loss: 0.1239237
	speed: 0.0165s/iter; left time: 41.6787s
	iters: 1000, epoch: 8 | loss: 0.1147922
	speed: 0.0162s/iter; left time: 39.5295s
	iters: 1100, epoch: 8 | loss: 0.1353413
	speed: 0.0161s/iter; left time: 37.5961s
Epoch: 8 cost time: 18.444986581802368
Epoch: 8, Steps: 1144 | Train Loss: 0.1220994 Vali Loss: 0.1143836 Test Loss: 0.1176671
Validation loss decreased (0.120917 --> 0.117667).  Saving model ...
Updating learning rate to 0.00014632868122158585
	iters: 100, epoch: 9 | loss: 0.1185594
	speed: 0.0791s/iter; left time: 173.0474s
	iters: 200, epoch: 9 | loss: 0.1214576
	speed: 0.0158s/iter; left time: 32.9923s
	iters: 300, epoch: 9 | loss: 0.1225479
	speed: 0.0157s/iter; left time: 31.2047s
	iters: 400, epoch: 9 | loss: 0.1181804
	speed: 0.0156s/iter; left time: 29.5375s
	iters: 500, epoch: 9 | loss: 0.1263824
	speed: 0.0158s/iter; left time: 28.2396s
	iters: 600, epoch: 9 | loss: 0.1228198
	speed: 0.0157s/iter; left time: 26.5221s
	iters: 700, epoch: 9 | loss: 0.1216541
	speed: 0.0168s/iter; left time: 26.6686s
	iters: 800, epoch: 9 | loss: 0.1195694
	speed: 0.0159s/iter; left time: 23.6747s
	iters: 900, epoch: 9 | loss: 0.1164977
	speed: 0.0158s/iter; left time: 21.8831s
	iters: 1000, epoch: 9 | loss: 0.1200681
	speed: 0.0158s/iter; left time: 20.3365s
	iters: 1100, epoch: 9 | loss: 0.1184898
	speed: 0.0158s/iter; left time: 18.7944s
Epoch: 9 cost time: 18.162126302719116
Epoch: 9, Steps: 1144 | Train Loss: 0.1199554 Vali Loss: 0.1133660 Test Loss: 0.1166114
Validation loss decreased (0.117667 --> 0.116611).  Saving model ...
Updating learning rate to 3.799842741311635e-05
	iters: 100, epoch: 10 | loss: 0.1311752
	speed: 0.0808s/iter; left time: 84.4445s
	iters: 200, epoch: 10 | loss: 0.1246740
	speed: 0.0158s/iter; left time: 14.8983s
	iters: 300, epoch: 10 | loss: 0.1140025
	speed: 0.0163s/iter; left time: 13.7460s
	iters: 400, epoch: 10 | loss: 0.1153036
	speed: 0.0163s/iter; left time: 12.1573s
	iters: 500, epoch: 10 | loss: 0.1162085
	speed: 0.0160s/iter; left time: 10.3491s
	iters: 600, epoch: 10 | loss: 0.1134176
	speed: 0.0160s/iter; left time: 8.6971s
	iters: 700, epoch: 10 | loss: 0.1214532
	speed: 0.0170s/iter; left time: 7.5805s
	iters: 800, epoch: 10 | loss: 0.1263762
	speed: 0.0163s/iter; left time: 5.6172s
	iters: 900, epoch: 10 | loss: 0.1339820
	speed: 0.0162s/iter; left time: 3.9607s
	iters: 1000, epoch: 10 | loss: 0.1175138
	speed: 0.0162s/iter; left time: 2.3515s
	iters: 1100, epoch: 10 | loss: 0.1268972
	speed: 0.0162s/iter; left time: 0.7268s
Epoch: 10 cost time: 18.55266833305359
Epoch: 10, Steps: 1144 | Train Loss: 0.1194679 Vali Loss: 0.1134315 Test Loss: 0.1165235
Validation loss decreased (0.116611 --> 0.116523).  Saving model ...
Updating learning rate to 4.029458185296958e-09
>>>>>>>testing : imputation_IMP_SparseTSF_Electricity_mask0.25_none_SparseTSF_custom_sl96_pl0_dm16_nh8_el2_dl1_df32_fc1_ebtimeF_dtTrue_Imp_0<<<<<<<<<<<<<<<<<<<<<<<<<<<<<<<<<
test 5261
test shape: (5248, 96, 321) (5248, 96, 321)
mse:0.11649751663208008, mae:0.24563434720039368
