Args in experiment:
Namespace(activation='gelu', anomaly_ratio=0.25, batch_size=16, c_out=7, channel_independence=1, checkpoints='./checkpoints/', comment='none', d_ff=32, d_layers=1, d_model=16, data='ETTh1', data_path='ETTh1.csv', dec_in=7, decomp_method='moving_avg', des='Imp', devices='0,1', distil=True, down_sampling_layers=3, down_sampling_method='avg', down_sampling_window=2, drop_last=True, dropout=0.1, e_layers=2, embed='timeF', emissions_file='emissions.csv', emissions_output_dir='.', enc_in=7, factor=1, features='M', freq='h', gpu=0, inverse=False, is_training=1, itr=1, label_len=0, learning_rate=0.001, loss='MSE', lradj='TST', mask_rate=0.375, model='SparseTSF', model_id='IMP_SparseTSF_ETTh1_mask0.375', model_type='linear', moving_avg=25, n_heads=8, num_kernels=6, num_workers=0, output_attention=False, p_hidden_dims=[128, 128], p_hidden_layers=2, patience=15, pct_start=0.2, period_len=24, pred_len=0, root_path='C:\\Users\\bbbal\\OneDrive\\Masaüstü\\timemixer\\dataset\\ETT-small', seasonal_patterns='Monthly', seq_len=96, target='OT', task_name='imputation', top_k=5, track_emissions=0, train_epochs=10, use_amp=False, use_future_temporal_feature=0, use_gpu=True, use_multi_gpu=False, use_norm=1)
Use GPU: cuda:0
>>>>>>>start training : imputation_IMP_SparseTSF_ETTh1_mask0.375_none_SparseTSF_ETTh1_sl96_pl0_dm16_nh8_el2_dl1_df32_fc1_ebtimeF_dtTrue_Imp_0>>>>>>>>>>>>>>>>>>>>>>>>>>
train 8545
val 2881
test 2881
	iters: 100, epoch: 1 | loss: 0.5106421
	speed: 0.0344s/iter; left time: 180.0730s
	iters: 200, epoch: 1 | loss: 0.5077305
	speed: 0.0053s/iter; left time: 27.3229s
	iters: 300, epoch: 1 | loss: 0.5876958
	speed: 0.0051s/iter; left time: 25.8369s
	iters: 400, epoch: 1 | loss: 0.4604124
	speed: 0.0051s/iter; left time: 25.0410s
	iters: 500, epoch: 1 | loss: 0.4720610
	speed: 0.0048s/iter; left time: 23.0151s
Epoch: 1 cost time: 5.642076730728149
Epoch: 1, Steps: 534 | Train Loss: 0.5548295 Vali Loss: 0.7862281 Test Loss: 0.7393265
Validation loss decreased (inf --> 0.739327).  Saving model ...
Updating learning rate to 0.0005207066372675873
	iters: 100, epoch: 2 | loss: 0.3805016
	speed: 0.0168s/iter; left time: 79.1613s
	iters: 200, epoch: 2 | loss: 0.3898091
	speed: 0.0059s/iter; left time: 27.3574s
	iters: 300, epoch: 2 | loss: 0.2848063
	speed: 0.0084s/iter; left time: 37.9818s
	iters: 400, epoch: 2 | loss: 0.2199669
	speed: 0.0046s/iter; left time: 20.2831s
	iters: 500, epoch: 2 | loss: 0.1985245
	speed: 0.0047s/iter; left time: 20.1017s
Epoch: 2 cost time: 3.0213232040405273
Epoch: 2, Steps: 534 | Train Loss: 0.3101448 Vali Loss: 0.2506827 Test Loss: 0.2421956
Validation loss decreased (0.739327 --> 0.242196).  Saving model ...
Updating learning rate to 0.0009999998648003681
	iters: 100, epoch: 3 | loss: 0.1571208
	speed: 0.0160s/iter; left time: 66.6817s
	iters: 200, epoch: 3 | loss: 0.1636411
	speed: 0.0046s/iter; left time: 18.7876s
	iters: 300, epoch: 3 | loss: 0.1689457
	speed: 0.0048s/iter; left time: 18.9094s
	iters: 400, epoch: 3 | loss: 0.1301499
	speed: 0.0050s/iter; left time: 19.5566s
	iters: 500, epoch: 3 | loss: 0.1225820
	speed: 0.0047s/iter; left time: 17.6412s
Epoch: 3 cost time: 2.525970220565796
Epoch: 3, Steps: 534 | Train Loss: 0.1450456 Vali Loss: 0.1824830 Test Loss: 0.1825583
Validation loss decreased (0.242196 --> 0.182558).  Saving model ...
Updating learning rate to 0.0009617990830848397
	iters: 100, epoch: 4 | loss: 0.1305815
	speed: 0.0202s/iter; left time: 73.5397s
	iters: 200, epoch: 4 | loss: 0.1113907
	speed: 0.0052s/iter; left time: 18.4425s
	iters: 300, epoch: 4 | loss: 0.1181410
	speed: 0.0055s/iter; left time: 18.7712s
	iters: 400, epoch: 4 | loss: 0.1423644
	speed: 0.0055s/iter; left time: 18.4358s
	iters: 500, epoch: 4 | loss: 0.1440067
	speed: 0.0060s/iter; left time: 19.4372s
Epoch: 4 cost time: 3.2283661365509033
Epoch: 4, Steps: 534 | Train Loss: 0.1338477 Vali Loss: 0.1840958 Test Loss: 0.1814403
Validation loss decreased (0.182558 --> 0.181440).  Saving model ...
Updating learning rate to 0.0008532938816706273
	iters: 100, epoch: 5 | loss: 0.1120608
	speed: 0.0194s/iter; left time: 60.2845s
	iters: 200, epoch: 5 | loss: 0.1378421
	speed: 0.0059s/iter; left time: 17.8128s
	iters: 300, epoch: 5 | loss: 0.1318966
	speed: 0.0057s/iter; left time: 16.4514s
	iters: 400, epoch: 5 | loss: 0.1268602
	speed: 0.0053s/iter; left time: 14.8905s
	iters: 500, epoch: 5 | loss: 0.1147541
	speed: 0.0054s/iter; left time: 14.7252s
Epoch: 5 cost time: 3.0072872638702393
Epoch: 5, Steps: 534 | Train Loss: 0.1332340 Vali Loss: 0.1827473 Test Loss: 0.1818574
EarlyStopping counter: 1 out of 15
Updating learning rate to 0.0006910031938709443
	iters: 100, epoch: 6 | loss: 0.1393888
	speed: 0.0189s/iter; left time: 48.6961s
	iters: 200, epoch: 6 | loss: 0.1284807
	speed: 0.0055s/iter; left time: 13.6336s
	iters: 300, epoch: 6 | loss: 0.1312336
	speed: 0.0069s/iter; left time: 16.4348s
	iters: 400, epoch: 6 | loss: 0.1467401
	speed: 0.0053s/iter; left time: 12.0398s
	iters: 500, epoch: 6 | loss: 0.1380491
	speed: 0.0054s/iter; left time: 11.7461s
Epoch: 6 cost time: 3.0986554622650146
Epoch: 6, Steps: 534 | Train Loss: 0.1320396 Vali Loss: 0.1825622 Test Loss: 0.1800074
Validation loss decreased (0.181440 --> 0.180007).  Saving model ...
Updating learning rate to 0.0004996343057345438
	iters: 100, epoch: 7 | loss: 0.1427195
	speed: 0.0223s/iter; left time: 45.4065s
	iters: 200, epoch: 7 | loss: 0.1256628
	speed: 0.0093s/iter; left time: 18.0710s
	iters: 300, epoch: 7 | loss: 0.1329747
	speed: 0.0060s/iter; left time: 10.9772s
	iters: 400, epoch: 7 | loss: 0.1389634
	speed: 0.0088s/iter; left time: 15.2063s
	iters: 500, epoch: 7 | loss: 0.1145815
	speed: 0.0050s/iter; left time: 8.2284s
Epoch: 7 cost time: 3.800936222076416
Epoch: 7, Steps: 534 | Train Loss: 0.1328852 Vali Loss: 0.1815257 Test Loss: 0.1789921
Validation loss decreased (0.180007 --> 0.178992).  Saving model ...
Updating learning rate to 0.0003083213957169024
	iters: 100, epoch: 8 | loss: 0.1129169
	speed: 0.0164s/iter; left time: 24.7166s
	iters: 200, epoch: 8 | loss: 0.1380202
	speed: 0.0047s/iter; left time: 6.6571s
	iters: 300, epoch: 8 | loss: 0.1209902
	speed: 0.0052s/iter; left time: 6.7869s
	iters: 400, epoch: 8 | loss: 0.1477713
	speed: 0.0050s/iter; left time: 6.0561s
	iters: 500, epoch: 8 | loss: 0.1338208
	speed: 0.0050s/iter; left time: 5.4748s
Epoch: 8 cost time: 2.654250383377075
Epoch: 8, Steps: 534 | Train Loss: 0.1316711 Vali Loss: 0.1805912 Test Loss: 0.1774837
Validation loss decreased (0.178992 --> 0.177484).  Saving model ...
Updating learning rate to 0.00014619012011235773
	iters: 100, epoch: 9 | loss: 0.1384301
	speed: 0.0164s/iter; left time: 15.8925s
	iters: 200, epoch: 9 | loss: 0.1318786
	speed: 0.0047s/iter; left time: 4.0828s
	iters: 300, epoch: 9 | loss: 0.1196506
	speed: 0.0048s/iter; left time: 3.7208s
	iters: 400, epoch: 9 | loss: 0.1267105
	speed: 0.0048s/iter; left time: 3.2321s
	iters: 500, epoch: 9 | loss: 0.1324025
	speed: 0.0053s/iter; left time: 3.0365s
Epoch: 9 cost time: 2.6121702194213867
Epoch: 9, Steps: 534 | Train Loss: 0.1325774 Vali Loss: 0.1814371 Test Loss: 0.1765941
Validation loss decreased (0.177484 --> 0.176594).  Saving model ...
Updating learning rate to 3.792349590802869e-05
	iters: 100, epoch: 10 | loss: 0.1335482
	speed: 0.0164s/iter; left time: 7.1533s
	iters: 200, epoch: 10 | loss: 0.1151719
	speed: 0.0051s/iter; left time: 1.7090s
	iters: 300, epoch: 10 | loss: 0.1588856
	speed: 0.0049s/iter; left time: 1.1451s
	iters: 400, epoch: 10 | loss: 0.1326277
	speed: 0.0048s/iter; left time: 0.6525s
	iters: 500, epoch: 10 | loss: 0.1432197
	speed: 0.0047s/iter; left time: 0.1654s
Epoch: 10 cost time: 2.6489980220794678
Epoch: 10, Steps: 534 | Train Loss: 0.1327865 Vali Loss: 0.1795655 Test Loss: 0.1780363
EarlyStopping counter: 1 out of 15
Updating learning rate to 4.1351996319232575e-09
>>>>>>>testing : imputation_IMP_SparseTSF_ETTh1_mask0.375_none_SparseTSF_ETTh1_sl96_pl0_dm16_nh8_el2_dl1_df32_fc1_ebtimeF_dtTrue_Imp_0<<<<<<<<<<<<<<<<<<<<<<<<<<<<<<<<<
test 2881
test shape: (2880, 96, 7) (2880, 96, 7)
mse:0.17926481366157532, mae:0.2714845836162567
