Args in experiment:
Namespace(activation='gelu', anomaly_ratio=0.25, batch_size=16, c_out=7, channel_independence=1, checkpoints='./checkpoints/', comment='none', d_ff=32, d_layers=1, d_model=16, data='ETTh2', data_path='ETTh2.csv', dec_in=7, decomp_method='moving_avg', des='Imp', devices='0,1', distil=True, down_sampling_layers=3, down_sampling_method='avg', down_sampling_window=2, drop_last=True, dropout=0.1, e_layers=2, embed='timeF', emissions_file='emissions.csv', emissions_output_dir='.', enc_in=7, factor=1, features='M', freq='h', gpu=0, inverse=False, is_training=1, itr=1, label_len=0, learning_rate=0.001, loss='MSE', lradj='TST', mask_rate=0.125, model='SparseTSF', model_id='IMP_SparseTSF_ETTh2_mask0.125', model_type='linear', moving_avg=25, n_heads=8, num_kernels=6, num_workers=0, output_attention=False, p_hidden_dims=[128, 128], p_hidden_layers=2, patience=15, pct_start=0.2, period_len=24, pred_len=0, root_path='C:\\Users\\bbbal\\OneDrive\\Masaüstü\\timemixer\\dataset\\ETT-small', seasonal_patterns='Monthly', seq_len=96, target='OT', task_name='imputation', top_k=5, track_emissions=0, train_epochs=10, use_amp=False, use_future_temporal_feature=0, use_gpu=True, use_multi_gpu=False, use_norm=1)
Use GPU: cuda:0
>>>>>>>start training : imputation_IMP_SparseTSF_ETTh2_mask0.125_none_SparseTSF_ETTh2_sl96_pl0_dm16_nh8_el2_dl1_df32_fc1_ebtimeF_dtTrue_Imp_0>>>>>>>>>>>>>>>>>>>>>>>>>>
train 8545
val 2881
test 2881
	iters: 100, epoch: 1 | loss: 0.2124103
	speed: 0.0496s/iter; left time: 259.7022s
	iters: 200, epoch: 1 | loss: 0.2555489
	speed: 0.0079s/iter; left time: 40.6015s
	iters: 300, epoch: 1 | loss: 0.2293062
	speed: 0.0066s/iter; left time: 33.0709s
	iters: 400, epoch: 1 | loss: 0.2933074
	speed: 0.0065s/iter; left time: 32.2184s
	iters: 500, epoch: 1 | loss: 0.2768747
	speed: 0.0057s/iter; left time: 27.7482s
Epoch: 1 cost time: 7.795893907546997
Epoch: 1, Steps: 534 | Train Loss: 0.2997591 Vali Loss: 0.1579866 Test Loss: 0.2084590
Validation loss decreased (inf --> 0.208459).  Saving model ...
Updating learning rate to 0.0005207066372675873
	iters: 100, epoch: 2 | loss: 0.1993270
	speed: 0.0177s/iter; left time: 83.4968s
	iters: 200, epoch: 2 | loss: 0.1376448
	speed: 0.0073s/iter; left time: 33.4760s
	iters: 300, epoch: 2 | loss: 0.2431266
	speed: 0.0056s/iter; left time: 25.3814s
	iters: 400, epoch: 2 | loss: 0.1360574
	speed: 0.0063s/iter; left time: 27.9158s
	iters: 500, epoch: 2 | loss: 0.1135021
	speed: 0.0052s/iter; left time: 22.3233s
Epoch: 2 cost time: 3.163245916366577
Epoch: 2, Steps: 534 | Train Loss: 0.1829256 Vali Loss: 0.0691180 Test Loss: 0.0830813
Validation loss decreased (0.208459 --> 0.083081).  Saving model ...
Updating learning rate to 0.0009999998648003681
	iters: 100, epoch: 3 | loss: 0.0732733
	speed: 0.0205s/iter; left time: 85.5112s
	iters: 200, epoch: 3 | loss: 0.0676905
	speed: 0.0054s/iter; left time: 21.9727s
	iters: 300, epoch: 3 | loss: 0.0642184
	speed: 0.0060s/iter; left time: 23.7600s
	iters: 400, epoch: 3 | loss: 0.0469774
	speed: 0.0061s/iter; left time: 23.5852s
	iters: 500, epoch: 3 | loss: 0.0738005
	speed: 0.0058s/iter; left time: 22.0371s
Epoch: 3 cost time: 3.1162097454071045
Epoch: 3, Steps: 534 | Train Loss: 0.0666793 Vali Loss: 0.0533517 Test Loss: 0.0603972
Validation loss decreased (0.083081 --> 0.060397).  Saving model ...
Updating learning rate to 0.0009617990830848397
	iters: 100, epoch: 4 | loss: 0.0847268
	speed: 0.0187s/iter; left time: 68.1093s
	iters: 200, epoch: 4 | loss: 0.0736393
	speed: 0.0055s/iter; left time: 19.2958s
	iters: 300, epoch: 4 | loss: 0.0776861
	speed: 0.0054s/iter; left time: 18.4471s
	iters: 400, epoch: 4 | loss: 0.0588023
	speed: 0.0059s/iter; left time: 19.5536s
	iters: 500, epoch: 4 | loss: 0.0455711
	speed: 0.0064s/iter; left time: 20.6576s
Epoch: 4 cost time: 3.081838369369507
Epoch: 4, Steps: 534 | Train Loss: 0.0604516 Vali Loss: 0.0526336 Test Loss: 0.0594407
Validation loss decreased (0.060397 --> 0.059441).  Saving model ...
Updating learning rate to 0.0008532938816706273
	iters: 100, epoch: 5 | loss: 0.0585127
	speed: 0.0183s/iter; left time: 56.9481s
	iters: 200, epoch: 5 | loss: 0.0514793
	speed: 0.0058s/iter; left time: 17.4845s
	iters: 300, epoch: 5 | loss: 0.0480716
	speed: 0.0056s/iter; left time: 16.2928s
	iters: 400, epoch: 5 | loss: 0.0761930
	speed: 0.0054s/iter; left time: 15.0169s
	iters: 500, epoch: 5 | loss: 0.0686827
	speed: 0.0060s/iter; left time: 16.3383s
Epoch: 5 cost time: 3.0330276489257812
Epoch: 5, Steps: 534 | Train Loss: 0.0600718 Vali Loss: 0.0522587 Test Loss: 0.0588617
Validation loss decreased (0.059441 --> 0.058862).  Saving model ...
Updating learning rate to 0.0006910031938709443
	iters: 100, epoch: 6 | loss: 0.0853437
	speed: 0.0179s/iter; left time: 46.1051s
	iters: 200, epoch: 6 | loss: 0.0608618
	speed: 0.0063s/iter; left time: 15.4569s
	iters: 300, epoch: 6 | loss: 0.0852252
	speed: 0.0071s/iter; left time: 16.7653s
	iters: 400, epoch: 6 | loss: 0.0649555
	speed: 0.0068s/iter; left time: 15.4529s
	iters: 500, epoch: 6 | loss: 0.0511231
	speed: 0.0060s/iter; left time: 13.0364s
Epoch: 6 cost time: 3.36103892326355
Epoch: 6, Steps: 534 | Train Loss: 0.0587831 Vali Loss: 0.0522455 Test Loss: 0.0584925
Validation loss decreased (0.058862 --> 0.058492).  Saving model ...
Updating learning rate to 0.0004996343057345438
	iters: 100, epoch: 7 | loss: 0.0559192
	speed: 0.0189s/iter; left time: 38.4810s
	iters: 200, epoch: 7 | loss: 0.0596323
	speed: 0.0061s/iter; left time: 11.9079s
	iters: 300, epoch: 7 | loss: 0.0621200
	speed: 0.0064s/iter; left time: 11.7280s
	iters: 400, epoch: 7 | loss: 0.0582814
	speed: 0.0085s/iter; left time: 14.7860s
	iters: 500, epoch: 7 | loss: 0.0515575
	speed: 0.0081s/iter; left time: 13.2186s
Epoch: 7 cost time: 3.693861722946167
Epoch: 7, Steps: 534 | Train Loss: 0.0585545 Vali Loss: 0.0521424 Test Loss: 0.0592942
EarlyStopping counter: 1 out of 15
Updating learning rate to 0.0003083213957169024
	iters: 100, epoch: 8 | loss: 0.0634656
	speed: 0.0223s/iter; left time: 33.5682s
	iters: 200, epoch: 8 | loss: 0.0577252
	speed: 0.0062s/iter; left time: 8.6620s
	iters: 300, epoch: 8 | loss: 0.0534735
	speed: 0.0085s/iter; left time: 11.0759s
	iters: 400, epoch: 8 | loss: 0.0630235
	speed: 0.0059s/iter; left time: 7.0566s
	iters: 500, epoch: 8 | loss: 0.0473591
	speed: 0.0058s/iter; left time: 6.4500s
Epoch: 8 cost time: 3.492673635482788
Epoch: 8, Steps: 534 | Train Loss: 0.0580645 Vali Loss: 0.0514007 Test Loss: 0.0581956
Validation loss decreased (0.058492 --> 0.058196).  Saving model ...
Updating learning rate to 0.00014619012011235773
	iters: 100, epoch: 9 | loss: 0.0450087
	speed: 0.0217s/iter; left time: 21.0004s
	iters: 200, epoch: 9 | loss: 0.0464178
	speed: 0.0066s/iter; left time: 5.7746s
	iters: 300, epoch: 9 | loss: 0.0490966
	speed: 0.0062s/iter; left time: 4.7325s
	iters: 400, epoch: 9 | loss: 0.0596838
	speed: 0.0057s/iter; left time: 3.8090s
	iters: 500, epoch: 9 | loss: 0.0557845
	speed: 0.0054s/iter; left time: 3.0883s
Epoch: 9 cost time: 3.18827486038208
Epoch: 9, Steps: 534 | Train Loss: 0.0581936 Vali Loss: 0.0511914 Test Loss: 0.0587572
EarlyStopping counter: 1 out of 15
Updating learning rate to 3.792349590802869e-05
	iters: 100, epoch: 10 | loss: 0.0661489
	speed: 0.0239s/iter; left time: 10.3807s
	iters: 200, epoch: 10 | loss: 0.0855021
	speed: 0.0076s/iter; left time: 2.5513s
	iters: 300, epoch: 10 | loss: 0.0535194
	speed: 0.0053s/iter; left time: 1.2404s
	iters: 400, epoch: 10 | loss: 0.0563515
	speed: 0.0067s/iter; left time: 0.9045s
	iters: 500, epoch: 10 | loss: 0.0630999
	speed: 0.0070s/iter; left time: 0.2439s
Epoch: 10 cost time: 3.865687131881714
Epoch: 10, Steps: 534 | Train Loss: 0.0584950 Vali Loss: 0.0511322 Test Loss: 0.0589570
EarlyStopping counter: 2 out of 15
Updating learning rate to 4.1351996319232575e-09
>>>>>>>testing : imputation_IMP_SparseTSF_ETTh2_mask0.125_none_SparseTSF_ETTh2_sl96_pl0_dm16_nh8_el2_dl1_df32_fc1_ebtimeF_dtTrue_Imp_0<<<<<<<<<<<<<<<<<<<<<<<<<<<<<<<<<
test 2881
test shape: (2880, 96, 7) (2880, 96, 7)
mse:0.05874350666999817, mae:0.1517481505870819
