Args in experiment:
Namespace(activation='gelu', anomaly_ratio=0.25, batch_size=16, c_out=21, channel_independence=1, checkpoints='./checkpoints/', comment='none', d_ff=32, d_layers=1, d_model=16, data='custom', data_path='weather.csv', dec_in=21, decomp_method='moving_avg', des='Imp', devices='0,1', distil=True, down_sampling_layers=3, down_sampling_method='avg', down_sampling_window=2, drop_last=True, dropout=0.1, e_layers=2, embed='timeF', emissions_file='emissions.csv', emissions_output_dir='.', enc_in=21, factor=1, features='M', freq='h', gpu=0, inverse=False, is_training=1, itr=1, label_len=0, learning_rate=0.001, loss='MSE', lradj='TST', mask_rate=0.5, model='SparseTSF', model_id='IMP_SparseTSF_Weather_mask0.5', model_type='linear', moving_avg=25, n_heads=8, num_kernels=6, num_workers=0, output_attention=False, p_hidden_dims=[128, 128], p_hidden_layers=2, patience=15, pct_start=0.2, period_len=4, pred_len=0, root_path='<workspace>\\dataset\\weather', seasonal_patterns='Monthly', seq_len=96, target='OT', task_name='imputation', top_k=5, track_emissions=0, train_epochs=10, use_amp=False, use_future_temporal_feature=0, use_gpu=True, use_multi_gpu=False, use_norm=1)
Use GPU: cuda:0
>>>>>>>start training : imputation_IMP_SparseTSF_Weather_mask0.5_none_SparseTSF_custom_sl96_pl0_dm16_nh8_el2_dl1_df32_fc1_ebtimeF_dtTrue_Imp_0>>>>>>>>>>>>>>>>>>>>>>>>>>
train 36792
val 5271
test 10540
	iters: 100, epoch: 1 | loss: 0.3901091
	speed: 0.0353s/iter; left time: 807.9882s
	iters: 200, epoch: 1 | loss: 0.3735463
	speed: 0.0060s/iter; left time: 137.6831s
	iters: 300, epoch: 1 | loss: 0.4107849
	speed: 0.0061s/iter; left time: 139.3608s
	iters: 400, epoch: 1 | loss: 0.3874700
	speed: 0.0057s/iter; left time: 129.7940s
	iters: 500, epoch: 1 | loss: 0.3208279
	speed: 0.0058s/iter; left time: 129.8653s
	iters: 600, epoch: 1 | loss: 0.3091385
	speed: 0.0060s/iter; left time: 134.3639s
	iters: 700, epoch: 1 | loss: 0.3047882
	speed: 0.0057s/iter; left time: 128.1196s
	iters: 800, epoch: 1 | loss: 0.3978874
	speed: 0.0060s/iter; left time: 132.2946s
	iters: 900, epoch: 1 | loss: 0.3327862
	speed: 0.0060s/iter; left time: 132.4394s
	iters: 1000, epoch: 1 | loss: 0.2364806
	speed: 0.0059s/iter; left time: 130.3025s
	iters: 1100, epoch: 1 | loss: 0.2448849
	speed: 0.0057s/iter; left time: 124.8953s
	iters: 1200, epoch: 1 | loss: 0.2471137
	speed: 0.0057s/iter; left time: 124.9460s
	iters: 1300, epoch: 1 | loss: 0.2097399
	speed: 0.0055s/iter; left time: 118.3334s
	iters: 1400, epoch: 1 | loss: 0.2573289
	speed: 0.0059s/iter; left time: 127.2427s
	iters: 1500, epoch: 1 | loss: 0.2480048
	speed: 0.0058s/iter; left time: 124.1253s
	iters: 1600, epoch: 1 | loss: 0.1748015
	speed: 0.0059s/iter; left time: 126.7196s
	iters: 1700, epoch: 1 | loss: 0.3756097
	speed: 0.0057s/iter; left time: 122.0667s
	iters: 1800, epoch: 1 | loss: 0.2790502
	speed: 0.0057s/iter; left time: 119.8571s
	iters: 1900, epoch: 1 | loss: 0.1166032
	speed: 0.0060s/iter; left time: 126.9004s
	iters: 2000, epoch: 1 | loss: 0.1323126
	speed: 0.0058s/iter; left time: 121.5988s
	iters: 2100, epoch: 1 | loss: 0.2515212
	speed: 0.0061s/iter; left time: 127.0272s
	iters: 2200, epoch: 1 | loss: 1.0804911
	speed: 0.0061s/iter; left time: 125.7877s
Epoch: 1 cost time: 16.42306089401245
Epoch: 1, Steps: 2299 | Train Loss: 0.3929551 Vali Loss: 0.1877882 Test Loss: 0.0629889
Validation loss decreased (inf --> 0.062989).  Saving model ...
Updating learning rate to 0.0005201640161457883
	iters: 100, epoch: 2 | loss: 0.1445679
	speed: 0.0395s/iter; left time: 813.2139s
	iters: 200, epoch: 2 | loss: 0.3093151
	speed: 0.0058s/iter; left time: 118.3050s
	iters: 300, epoch: 2 | loss: 0.2297042
	speed: 0.0060s/iter; left time: 123.0101s
	iters: 400, epoch: 2 | loss: 0.0684990
	speed: 0.0058s/iter; left time: 116.9179s
	iters: 500, epoch: 2 | loss: 0.0768025
	speed: 0.0057s/iter; left time: 114.9648s
	iters: 600, epoch: 2 | loss: 0.0993121
	speed: 0.0058s/iter; left time: 117.0745s
	iters: 700, epoch: 2 | loss: 0.0749585
	speed: 0.0056s/iter; left time: 112.6186s
	iters: 800, epoch: 2 | loss: 0.0799700
	speed: 0.0056s/iter; left time: 110.8074s
	iters: 900, epoch: 2 | loss: 0.0744949
	speed: 0.0058s/iter; left time: 114.8856s
	iters: 1000, epoch: 2 | loss: 0.1041305
	speed: 0.0058s/iter; left time: 113.7063s
	iters: 1100, epoch: 2 | loss: 0.0966955
	speed: 0.0058s/iter; left time: 114.0606s
	iters: 1200, epoch: 2 | loss: 0.1025789
	speed: 0.0055s/iter; left time: 107.5234s
	iters: 1300, epoch: 2 | loss: 0.1248442
	speed: 0.0057s/iter; left time: 111.4532s
	iters: 1400, epoch: 2 | loss: 0.1047350
	speed: 0.0064s/iter; left time: 124.0190s
	iters: 1500, epoch: 2 | loss: 0.0642163
	speed: 0.0055s/iter; left time: 105.9562s
	iters: 1600, epoch: 2 | loss: 0.0859126
	speed: 0.0055s/iter; left time: 104.9504s
	iters: 1700, epoch: 2 | loss: 0.1564592
	speed: 0.0059s/iter; left time: 111.4966s
	iters: 1800, epoch: 2 | loss: 0.0653703
	speed: 0.0057s/iter; left time: 107.7413s
	iters: 1900, epoch: 2 | loss: 0.0666629
	speed: 0.0059s/iter; left time: 110.7059s
	iters: 2000, epoch: 2 | loss: 0.0723960
	speed: 0.0061s/iter; left time: 113.2588s
	iters: 2100, epoch: 2 | loss: 0.2222222
	speed: 0.0058s/iter; left time: 108.1996s
	iters: 2200, epoch: 2 | loss: 0.0740639
	speed: 0.0059s/iter; left time: 108.6369s
Epoch: 2 cost time: 13.314563751220703
Epoch: 2, Steps: 2299 | Train Loss: 0.1925268 Vali Loss: 0.1143535 Test Loss: 0.0407081
Validation loss decreased (0.062989 --> 0.040708).  Saving model ...
Updating learning rate to 0.000999999992705759
	iters: 100, epoch: 3 | loss: 0.1213411
	speed: 0.0410s/iter; left time: 749.9519s
	iters: 200, epoch: 3 | loss: 0.1225112
	speed: 0.0058s/iter; left time: 105.7503s
	iters: 300, epoch: 3 | loss: 0.1403536
	speed: 0.0059s/iter; left time: 107.2837s
	iters: 400, epoch: 3 | loss: 0.5124285
	speed: 0.0060s/iter; left time: 108.6093s
	iters: 500, epoch: 3 | loss: 0.1477496
	speed: 0.0059s/iter; left time: 105.4570s
	iters: 600, epoch: 3 | loss: 0.0680766
	speed: 0.0056s/iter; left time: 100.5235s
	iters: 700, epoch: 3 | loss: 0.0679943
	speed: 0.0058s/iter; left time: 102.9058s
	iters: 800, epoch: 3 | loss: 0.1674974
	speed: 0.0059s/iter; left time: 104.2852s
	iters: 900, epoch: 3 | loss: 0.5198073
	speed: 0.0063s/iter; left time: 110.1017s
	iters: 1000, epoch: 3 | loss: 0.0588573
	speed: 0.0059s/iter; left time: 101.7923s
	iters: 1100, epoch: 3 | loss: 0.0636282
	speed: 0.0054s/iter; left time: 93.0780s
	iters: 1200, epoch: 3 | loss: 0.1201324
	speed: 0.0059s/iter; left time: 101.5626s
	iters: 1300, epoch: 3 | loss: 0.1440355
	speed: 0.0057s/iter; left time: 96.9532s
	iters: 1400, epoch: 3 | loss: 0.1345743
	speed: 0.0053s/iter; left time: 90.1289s
	iters: 1500, epoch: 3 | loss: 0.0614984
	speed: 0.0054s/iter; left time: 92.0456s
	iters: 1600, epoch: 3 | loss: 2.4574656
	speed: 0.0056s/iter; left time: 93.6961s
	iters: 1700, epoch: 3 | loss: 0.1439991
	speed: 0.0057s/iter; left time: 95.8112s
	iters: 1800, epoch: 3 | loss: 0.1322782
	speed: 0.0057s/iter; left time: 94.7740s
	iters: 1900, epoch: 3 | loss: 0.1687951
	speed: 0.0053s/iter; left time: 86.6786s
	iters: 2000, epoch: 3 | loss: 0.0998855
	speed: 0.0058s/iter; left time: 94.3196s
	iters: 2100, epoch: 3 | loss: 2.4250503
	speed: 0.0056s/iter; left time: 91.8950s
	iters: 2200, epoch: 3 | loss: 0.0700355
	speed: 0.0057s/iter; left time: 93.0172s
Epoch: 3 cost time: 13.206162214279175
Epoch: 3, Steps: 2299 | Train Loss: 0.1817811 Vali Loss: 0.1085926 Test Loss: 0.0405781
Validation loss decreased (0.040708 --> 0.040578).  Saving model ...
Updating learning rate to 0.0009619072282363468
	iters: 100, epoch: 4 | loss: 0.0852833
	speed: 0.0405s/iter; left time: 648.5460s
	iters: 200, epoch: 4 | loss: 0.1152076
	speed: 0.0059s/iter; left time: 93.7159s
	iters: 300, epoch: 4 | loss: 0.6387026
	speed: 0.0061s/iter; left time: 96.8128s
	iters: 400, epoch: 4 | loss: 0.0675470
	speed: 0.0062s/iter; left time: 97.8249s
	iters: 500, epoch: 4 | loss: 0.0779625
	speed: 0.0059s/iter; left time: 92.0429s
	iters: 600, epoch: 4 | loss: 0.1249577
	speed: 0.0060s/iter; left time: 93.2159s
	iters: 700, epoch: 4 | loss: 0.1840686
	speed: 0.0057s/iter; left time: 88.1553s
	iters: 800, epoch: 4 | loss: 0.0612205
	speed: 0.0056s/iter; left time: 85.6123s
	iters: 900, epoch: 4 | loss: 0.1648759
	speed: 0.0062s/iter; left time: 93.4801s
	iters: 1000, epoch: 4 | loss: 0.2677324
	speed: 0.0059s/iter; left time: 88.9088s
	iters: 1100, epoch: 4 | loss: 0.1944065
	speed: 0.0060s/iter; left time: 89.3680s
	iters: 1200, epoch: 4 | loss: 0.1372420
	speed: 0.0056s/iter; left time: 83.3912s
	iters: 1300, epoch: 4 | loss: 0.1980812
	speed: 0.0059s/iter; left time: 87.5798s
	iters: 1400, epoch: 4 | loss: 0.0984491
	speed: 0.0059s/iter; left time: 86.1764s
	iters: 1500, epoch: 4 | loss: 0.1059369
	speed: 0.0060s/iter; left time: 87.3285s
	iters: 1600, epoch: 4 | loss: 0.1181817
	speed: 0.0059s/iter; left time: 84.9184s
	iters: 1700, epoch: 4 | loss: 0.1591925
	speed: 0.0055s/iter; left time: 79.0956s
	iters: 1800, epoch: 4 | loss: 0.0693495
	speed: 0.0062s/iter; left time: 89.1922s
	iters: 1900, epoch: 4 | loss: 0.0962411
	speed: 0.0060s/iter; left time: 85.3525s
	iters: 2000, epoch: 4 | loss: 0.0779911
	speed: 0.0060s/iter; left time: 84.3770s
	iters: 2100, epoch: 4 | loss: 0.0796479
	speed: 0.0059s/iter; left time: 81.8789s
	iters: 2200, epoch: 4 | loss: 0.1120925
	speed: 0.0060s/iter; left time: 83.8802s
Epoch: 4 cost time: 13.588057041168213
Epoch: 4, Steps: 2299 | Train Loss: 0.1758524 Vali Loss: 0.1103804 Test Loss: 0.0404275
Validation loss decreased (0.040578 --> 0.040427).  Saving model ...
Updating learning rate to 0.0008534935799492716
	iters: 100, epoch: 5 | loss: 0.1498785
	speed: 0.0423s/iter; left time: 579.6712s
	iters: 200, epoch: 5 | loss: 0.0589017
	speed: 0.0057s/iter; left time: 76.8423s
	iters: 300, epoch: 5 | loss: 0.0632761
	speed: 0.0056s/iter; left time: 75.4195s
	iters: 400, epoch: 5 | loss: 0.0562012
	speed: 0.0058s/iter; left time: 78.0838s
	iters: 500, epoch: 5 | loss: 0.0978677
	speed: 0.0059s/iter; left time: 78.6721s
	iters: 600, epoch: 5 | loss: 0.1405926
	speed: 0.0058s/iter; left time: 76.9505s
	iters: 700, epoch: 5 | loss: 0.0948889
	speed: 0.0061s/iter; left time: 80.4709s
	iters: 800, epoch: 5 | loss: 0.1044193
	speed: 0.0057s/iter; left time: 74.6887s
	iters: 900, epoch: 5 | loss: 0.0708737
	speed: 0.0060s/iter; left time: 77.9527s
	iters: 1000, epoch: 5 | loss: 0.1208756
	speed: 0.0058s/iter; left time: 74.4973s
	iters: 1100, epoch: 5 | loss: 0.1015661
	speed: 0.0060s/iter; left time: 75.8880s
	iters: 1200, epoch: 5 | loss: 0.1575457
	speed: 0.0062s/iter; left time: 77.5115s
	iters: 1300, epoch: 5 | loss: 0.0804828
	speed: 0.0071s/iter; left time: 88.6926s
	iters: 1400, epoch: 5 | loss: 0.0683187
	speed: 0.0066s/iter; left time: 81.9867s
	iters: 1500, epoch: 5 | loss: 0.1184099
	speed: 0.0062s/iter; left time: 76.7510s
	iters: 1600, epoch: 5 | loss: 0.3515717
	speed: 0.0058s/iter; left time: 70.1802s
	iters: 1700, epoch: 5 | loss: 0.0883237
	speed: 0.0060s/iter; left time: 72.5157s
	iters: 1800, epoch: 5 | loss: 2.4442523
	speed: 0.0057s/iter; left time: 68.0269s
	iters: 1900, epoch: 5 | loss: 0.0782554
	speed: 0.0057s/iter; left time: 67.5663s
	iters: 2000, epoch: 5 | loss: 0.0877693
	speed: 0.0060s/iter; left time: 70.9466s
	iters: 2100, epoch: 5 | loss: 0.0720048
	speed: 0.0058s/iter; left time: 67.7936s
	iters: 2200, epoch: 5 | loss: 0.1133985
	speed: 0.0062s/iter; left time: 71.4362s
Epoch: 5 cost time: 13.773081541061401
Epoch: 5, Steps: 2299 | Train Loss: 0.1753689 Vali Loss: 0.1159545 Test Loss: 0.0405389
EarlyStopping counter: 1 out of 15
Updating learning rate to 0.0006912640430240716
	iters: 100, epoch: 6 | loss: 0.1023461
	speed: 0.0411s/iter; left time: 468.5163s
	iters: 200, epoch: 6 | loss: 0.1343578
	speed: 0.0055s/iter; left time: 62.4467s
	iters: 300, epoch: 6 | loss: 0.1571095
	speed: 0.0060s/iter; left time: 67.2451s
	iters: 400, epoch: 6 | loss: 0.0991511
	speed: 0.0058s/iter; left time: 64.0496s
	iters: 500, epoch: 6 | loss: 0.8017465
	speed: 0.0055s/iter; left time: 60.2092s
	iters: 600, epoch: 6 | loss: 0.0643736
	speed: 0.0060s/iter; left time: 65.8444s
	iters: 700, epoch: 6 | loss: 0.0824484
	speed: 0.0058s/iter; left time: 62.2045s
	iters: 800, epoch: 6 | loss: 0.0685749
	speed: 0.0059s/iter; left time: 63.6124s
	iters: 900, epoch: 6 | loss: 0.1159837
	speed: 0.0057s/iter; left time: 60.2149s
	iters: 1000, epoch: 6 | loss: 0.1026898
	speed: 0.0062s/iter; left time: 64.5990s
	iters: 1100, epoch: 6 | loss: 0.1181840
	speed: 0.0060s/iter; left time: 62.6668s
	iters: 1200, epoch: 6 | loss: 0.1974395
	speed: 0.0059s/iter; left time: 60.3166s
	iters: 1300, epoch: 6 | loss: 0.1823181
	speed: 0.0061s/iter; left time: 62.5822s
	iters: 1400, epoch: 6 | loss: 0.0668540
	speed: 0.0059s/iter; left time: 60.0128s
	iters: 1500, epoch: 6 | loss: 0.0687762
	speed: 0.0059s/iter; left time: 58.6740s
	iters: 1600, epoch: 6 | loss: 0.0836473
	speed: 0.0055s/iter; left time: 54.4010s
	iters: 1700, epoch: 6 | loss: 0.0720549
	speed: 0.0060s/iter; left time: 58.5271s
	iters: 1800, epoch: 6 | loss: 0.1369344
	speed: 0.0066s/iter; left time: 63.6064s
	iters: 1900, epoch: 6 | loss: 0.1604560
	speed: 0.0057s/iter; left time: 54.8798s
	iters: 2000, epoch: 6 | loss: 0.0746045
	speed: 0.0055s/iter; left time: 51.9524s
	iters: 2100, epoch: 6 | loss: 0.0540839
	speed: 0.0060s/iter; left time: 56.2677s
	iters: 2200, epoch: 6 | loss: 0.0787833
	speed: 0.0059s/iter; left time: 54.7475s
Epoch: 6 cost time: 13.564074277877808
Epoch: 6, Steps: 2299 | Train Loss: 0.1834664 Vali Loss: 0.1134788 Test Loss: 0.0402185
Validation loss decreased (0.040427 --> 0.040218).  Saving model ...
Updating learning rate to 0.0004999165938431942
	iters: 100, epoch: 7 | loss: 0.0872616
	speed: 0.0429s/iter; left time: 389.8661s
	iters: 200, epoch: 7 | loss: 0.1862244
	speed: 0.0058s/iter; left time: 52.5851s
	iters: 300, epoch: 7 | loss: 0.2556518
	speed: 0.0059s/iter; left time: 52.4457s
	iters: 400, epoch: 7 | loss: 0.0970283
	speed: 0.0061s/iter; left time: 53.4558s
	iters: 500, epoch: 7 | loss: 0.0640944
	speed: 0.0069s/iter; left time: 60.0637s
	iters: 600, epoch: 7 | loss: 0.1142461
	speed: 0.0060s/iter; left time: 51.3427s
	iters: 700, epoch: 7 | loss: 0.1000442
	speed: 0.0062s/iter; left time: 52.9174s
	iters: 800, epoch: 7 | loss: 0.1029913
	speed: 0.0058s/iter; left time: 48.5469s
	iters: 900, epoch: 7 | loss: 0.0726102
	speed: 0.0057s/iter; left time: 46.9660s
	iters: 1000, epoch: 7 | loss: 0.0966793
	speed: 0.0054s/iter; left time: 44.0953s
	iters: 1100, epoch: 7 | loss: 0.1671970
	speed: 0.0056s/iter; left time: 45.6809s
	iters: 1200, epoch: 7 | loss: 0.1522256
	speed: 0.0059s/iter; left time: 47.3055s
	iters: 1300, epoch: 7 | loss: 0.5342048
	speed: 0.0056s/iter; left time: 44.1935s
	iters: 1400, epoch: 7 | loss: 0.0894068
	speed: 0.0058s/iter; left time: 44.8771s
	iters: 1500, epoch: 7 | loss: 0.5588412
	speed: 0.0064s/iter; left time: 49.1693s
	iters: 1600, epoch: 7 | loss: 0.0647604
	speed: 0.0054s/iter; left time: 40.7581s
	iters: 1700, epoch: 7 | loss: 3.0374050
	speed: 0.0054s/iter; left time: 40.5684s
	iters: 1800, epoch: 7 | loss: 0.5121310
	speed: 0.0056s/iter; left time: 41.1428s
	iters: 1900, epoch: 7 | loss: 0.0734876
	speed: 0.0061s/iter; left time: 44.3910s
	iters: 2000, epoch: 7 | loss: 0.0562171
	speed: 0.0060s/iter; left time: 43.0837s
	iters: 2100, epoch: 7 | loss: 0.0953822
	speed: 0.0058s/iter; left time: 40.9111s
	iters: 2200, epoch: 7 | loss: 0.0756994
	speed: 0.0059s/iter; left time: 41.5435s
Epoch: 7 cost time: 13.470289468765259
Epoch: 7, Steps: 2299 | Train Loss: 0.1851173 Vali Loss: 0.1245328 Test Loss: 0.0402876
EarlyStopping counter: 1 out of 15
Updating learning rate to 0.00030858214697548176
	iters: 100, epoch: 8 | loss: 0.1712135
	speed: 0.0400s/iter; left time: 272.0133s
	iters: 200, epoch: 8 | loss: 0.0729698
	speed: 0.0060s/iter; left time: 40.0292s
	iters: 300, epoch: 8 | loss: 0.1142384
	speed: 0.0059s/iter; left time: 38.9802s
	iters: 400, epoch: 8 | loss: 0.2639108
	speed: 0.0057s/iter; left time: 37.3097s
	iters: 500, epoch: 8 | loss: 0.1355399
	speed: 0.0059s/iter; left time: 38.0033s
	iters: 600, epoch: 8 | loss: 0.0506336
	speed: 0.0059s/iter; left time: 37.1443s
	iters: 700, epoch: 8 | loss: 0.0941865
	speed: 0.0056s/iter; left time: 34.5494s
	iters: 800, epoch: 8 | loss: 0.0960713
	speed: 0.0055s/iter; left time: 33.3770s
	iters: 900, epoch: 8 | loss: 0.0728998
	speed: 0.0058s/iter; left time: 34.6147s
	iters: 1000, epoch: 8 | loss: 0.0603944
	speed: 0.0058s/iter; left time: 33.9876s
	iters: 1100, epoch: 8 | loss: 0.2524711
	speed: 0.0056s/iter; left time: 32.6994s
	iters: 1200, epoch: 8 | loss: 0.0705592
	speed: 0.0059s/iter; left time: 33.5319s
	iters: 1300, epoch: 8 | loss: 0.0990657
	speed: 0.0058s/iter; left time: 32.5115s
	iters: 1400, epoch: 8 | loss: 0.0628424
	speed: 0.0059s/iter; left time: 32.4122s
	iters: 1500, epoch: 8 | loss: 0.1186637
	speed: 0.0056s/iter; left time: 30.2558s
	iters: 1600, epoch: 8 | loss: 0.1064451
	speed: 0.0060s/iter; left time: 31.7400s
	iters: 1700, epoch: 8 | loss: 0.1145797
	speed: 0.0059s/iter; left time: 30.9087s
	iters: 1800, epoch: 8 | loss: 0.0915750
	speed: 0.0058s/iter; left time: 29.6573s
	iters: 1900, epoch: 8 | loss: 2.4596879
	speed: 0.0061s/iter; left time: 30.4253s
	iters: 2000, epoch: 8 | loss: 0.0758089
	speed: 0.0058s/iter; left time: 28.3513s
	iters: 2100, epoch: 8 | loss: 0.1397954
	speed: 0.0056s/iter; left time: 27.0068s
	iters: 2200, epoch: 8 | loss: 0.1617858
	speed: 0.0057s/iter; left time: 26.9889s
Epoch: 8 cost time: 13.344008684158325
Epoch: 8, Steps: 2299 | Train Loss: 0.1797436 Vali Loss: 0.1129831 Test Loss: 0.0401936
Validation loss decreased (0.040218 --> 0.040194).  Saving model ...
Updating learning rate to 0.00014638963750546335
	iters: 100, epoch: 9 | loss: 0.0765800
	speed: 0.0403s/iter; left time: 181.3948s
	iters: 200, epoch: 9 | loss: 0.0759110
	speed: 0.0058s/iter; left time: 25.3859s
	iters: 300, epoch: 9 | loss: 0.0649607
	speed: 0.0066s/iter; left time: 28.4512s
	iters: 400, epoch: 9 | loss: 0.0958304
	speed: 0.0062s/iter; left time: 25.8825s
	iters: 500, epoch: 9 | loss: 0.1722943
	speed: 0.0061s/iter; left time: 25.1766s
	iters: 600, epoch: 9 | loss: 0.1394911
	speed: 0.0058s/iter; left time: 23.2223s
	iters: 700, epoch: 9 | loss: 2.4973502
	speed: 0.0058s/iter; left time: 22.7129s
	iters: 800, epoch: 9 | loss: 0.0897807
	speed: 0.0057s/iter; left time: 21.7326s
	iters: 900, epoch: 9 | loss: 0.1585853
	speed: 0.0055s/iter; left time: 20.2363s
	iters: 1000, epoch: 9 | loss: 0.1212871
	speed: 0.0057s/iter; left time: 20.6182s
	iters: 1100, epoch: 9 | loss: 0.0922557
	speed: 0.0057s/iter; left time: 20.0520s
	iters: 1200, epoch: 9 | loss: 2.4378798
	speed: 0.0060s/iter; left time: 20.4635s
	iters: 1300, epoch: 9 | loss: 0.1760111
	speed: 0.0058s/iter; left time: 19.0145s
	iters: 1400, epoch: 9 | loss: 0.0984918
	speed: 0.0058s/iter; left time: 18.4534s
	iters: 1500, epoch: 9 | loss: 0.6493411
	speed: 0.0060s/iter; left time: 18.6806s
	iters: 1600, epoch: 9 | loss: 0.5825238
	speed: 0.0058s/iter; left time: 17.4060s
	iters: 1700, epoch: 9 | loss: 0.1526805
	speed: 0.0056s/iter; left time: 16.2110s
	iters: 1800, epoch: 9 | loss: 0.1673966
	speed: 0.0054s/iter; left time: 15.2240s
	iters: 1900, epoch: 9 | loss: 0.1428772
	speed: 0.0056s/iter; left time: 15.0255s
	iters: 2000, epoch: 9 | loss: 0.0633104
	speed: 0.0060s/iter; left time: 15.6064s
	iters: 2100, epoch: 9 | loss: 0.2071804
	speed: 0.0058s/iter; left time: 14.4346s
	iters: 2200, epoch: 9 | loss: 0.0707565
	speed: 0.0058s/iter; left time: 13.8409s
Epoch: 9 cost time: 13.438956022262573
Epoch: 9, Steps: 2299 | Train Loss: 0.1828691 Vali Loss: 0.1140136 Test Loss: 0.0402541
EarlyStopping counter: 1 out of 15
Updating learning rate to 3.803140472118991e-05
	iters: 100, epoch: 10 | loss: 0.1225443
	speed: 0.0409s/iter; left time: 89.9034s
	iters: 200, epoch: 10 | loss: 0.1873713
	speed: 0.0056s/iter; left time: 11.7272s
	iters: 300, epoch: 10 | loss: 0.1114922
	speed: 0.0057s/iter; left time: 11.4196s
	iters: 400, epoch: 10 | loss: 2.3516121
	speed: 0.0059s/iter; left time: 11.1538s
	iters: 500, epoch: 10 | loss: 0.3926019
	speed: 0.0059s/iter; left time: 10.6829s
	iters: 600, epoch: 10 | loss: 0.1244730
	speed: 0.0059s/iter; left time: 10.0414s
	iters: 700, epoch: 10 | loss: 0.0768614
	speed: 0.0060s/iter; left time: 9.6203s
	iters: 800, epoch: 10 | loss: 0.0631659
	speed: 0.0061s/iter; left time: 9.1560s
	iters: 900, epoch: 10 | loss: 0.0672956
	speed: 0.0059s/iter; left time: 8.3283s
	iters: 1000, epoch: 10 | loss: 0.0967203
	speed: 0.0060s/iter; left time: 7.7748s
	iters: 1100, epoch: 10 | loss: 0.0996471
	speed: 0.0061s/iter; left time: 7.3483s
	iters: 1200, epoch: 10 | loss: 0.0803841
	speed: 0.0060s/iter; left time: 6.5566s
	iters: 1300, epoch: 10 | loss: 0.1182183
	speed: 0.0061s/iter; left time: 6.1037s
	iters: 1400, epoch: 10 | loss: 0.5658644
	speed: 0.0057s/iter; left time: 5.1431s
	iters: 1500, epoch: 10 | loss: 0.1345883
	speed: 0.0060s/iter; left time: 4.8077s
	iters: 1600, epoch: 10 | loss: 0.1494801
	speed: 0.0056s/iter; left time: 3.9202s
	iters: 1700, epoch: 10 | loss: 0.1548424
	speed: 0.0060s/iter; left time: 3.5790s
	iters: 1800, epoch: 10 | loss: 0.0808309
	speed: 0.0058s/iter; left time: 2.9009s
	iters: 1900, epoch: 10 | loss: 0.0973416
	speed: 0.0058s/iter; left time: 2.3085s
	iters: 2000, epoch: 10 | loss: 0.0735835
	speed: 0.0057s/iter; left time: 1.7045s
	iters: 2100, epoch: 10 | loss: 0.1272887
	speed: 0.0060s/iter; left time: 1.1913s
	iters: 2200, epoch: 10 | loss: 0.1893171
	speed: 0.0059s/iter; left time: 0.5948s
Epoch: 10 cost time: 13.523523807525635
Epoch: 10, Steps: 2299 | Train Loss: 0.1802271 Vali Loss: 0.1179916 Test Loss: 0.0404399
EarlyStopping counter: 2 out of 15
Updating learning rate to 4.00729424084425e-09
>>>>>>>testing : imputation_IMP_SparseTSF_Weather_mask0.5_none_SparseTSF_custom_sl96_pl0_dm16_nh8_el2_dl1_df32_fc1_ebtimeF_dtTrue_Imp_0<<<<<<<<<<<<<<<<<<<<<<<<<<<<<<<<<
test 10540
test shape: (10528, 96, 21) (10528, 96, 21)
mse:0.04005388915538788, mae:0.06766702234745026
