Args in experiment:
Namespace(activation='gelu', anomaly_ratio=0.25, batch_size=16, c_out=7, channel_independence=1, checkpoints='./checkpoints/', comment='none', d_ff=32, d_layers=1, d_model=16, data='ETTh2', data_path='ETTh2.csv', dec_in=7, decomp_method='moving_avg', des='Imp', devices='0,1', distil=True, down_sampling_layers=3, down_sampling_method='avg', down_sampling_window=2, drop_last=True, dropout=0.1, e_layers=2, embed='timeF', emissions_file='emissions.csv', emissions_output_dir='.', enc_in=7, factor=1, features='M', freq='h', gpu=0, inverse=False, is_training=1, itr=1, label_len=0, learning_rate=0.001, loss='MSE', lradj='TST', mask_rate=0.5, model='SparseTSF', model_id='IMP_SparseTSF_ETTh2_mask0.5', model_type='linear', moving_avg=25, n_heads=8, num_kernels=6, num_workers=0, output_attention=False, p_hidden_dims=[128, 128], p_hidden_layers=2, patience=15, pct_start=0.2, period_len=24, pred_len=0, root_path='C:\\Users\\bbbal\\OneDrive\\Masaüstü\\timemixer\\dataset\\ETT-small', seasonal_patterns='Monthly', seq_len=96, target='OT', task_name='imputation', top_k=5, track_emissions=0, train_epochs=10, use_amp=False, use_future_temporal_feature=0, use_gpu=True, use_multi_gpu=False, use_norm=1)
Use GPU: cuda:0
>>>>>>>start training : imputation_IMP_SparseTSF_ETTh2_mask0.5_none_SparseTSF_ETTh2_sl96_pl0_dm16_nh8_el2_dl1_df32_fc1_ebtimeF_dtTrue_Imp_0>>>>>>>>>>>>>>>>>>>>>>>>>>
train 8545
val 2881
test 2881
	iters: 100, epoch: 1 | loss: 0.1942857
	speed: 0.0379s/iter; left time: 198.7265s
	iters: 200, epoch: 1 | loss: 0.2630593
	speed: 0.0058s/iter; left time: 29.6549s
	iters: 300, epoch: 1 | loss: 0.2193969
	speed: 0.0056s/iter; left time: 28.0778s
	iters: 400, epoch: 1 | loss: 0.2383147
	speed: 0.0073s/iter; left time: 36.2405s
	iters: 500, epoch: 1 | loss: 0.3080818
	speed: 0.0083s/iter; left time: 40.2641s
Epoch: 1 cost time: 6.702398061752319
Epoch: 1, Steps: 534 | Train Loss: 0.2831999 Vali Loss: 0.1539823 Test Loss: 0.2046820
Validation loss decreased (inf --> 0.204682).  Saving model ...
Updating learning rate to 0.0005207066372675873
	iters: 100, epoch: 2 | loss: 0.1883554
	speed: 0.0210s/iter; left time: 98.7666s
	iters: 200, epoch: 2 | loss: 0.1531686
	speed: 0.0075s/iter; left time: 34.7730s
	iters: 300, epoch: 2 | loss: 0.3542912
	speed: 0.0084s/iter; left time: 37.6581s
	iters: 400, epoch: 2 | loss: 0.2142697
	speed: 0.0077s/iter; left time: 33.9124s
	iters: 500, epoch: 2 | loss: 0.2050872
	speed: 0.0069s/iter; left time: 29.5207s
Epoch: 2 cost time: 3.8469207286834717
Epoch: 2, Steps: 534 | Train Loss: 0.2222598 Vali Loss: 0.1048340 Test Loss: 0.1366078
Validation loss decreased (0.204682 --> 0.136608).  Saving model ...
Updating learning rate to 0.0009999998648003681
	iters: 100, epoch: 3 | loss: 0.1252745
	speed: 0.0363s/iter; left time: 151.4451s
	iters: 200, epoch: 3 | loss: 0.1004733
	speed: 0.0153s/iter; left time: 62.4857s
	iters: 300, epoch: 3 | loss: 0.1226515
	speed: 0.0121s/iter; left time: 48.1518s
	iters: 400, epoch: 3 | loss: 0.0705337
	speed: 0.0097s/iter; left time: 37.7194s
	iters: 500, epoch: 3 | loss: 0.0882679
	speed: 0.0096s/iter; left time: 36.2872s
Epoch: 3 cost time: 6.369159936904907
Epoch: 3, Steps: 534 | Train Loss: 0.1000143 Vali Loss: 0.0691965 Test Loss: 0.0824200
Validation loss decreased (0.136608 --> 0.082420).  Saving model ...
Updating learning rate to 0.0009617990830848397
	iters: 100, epoch: 4 | loss: 0.1087354
	speed: 0.0290s/iter; left time: 105.4773s
	iters: 200, epoch: 4 | loss: 0.0994454
	speed: 0.0098s/iter; left time: 34.6170s
	iters: 300, epoch: 4 | loss: 0.0767800
	speed: 0.0074s/iter; left time: 25.4686s
	iters: 400, epoch: 4 | loss: 0.1023123
	speed: 0.0053s/iter; left time: 17.5570s
	iters: 500, epoch: 4 | loss: 0.0703491
	speed: 0.0073s/iter; left time: 23.6305s
Epoch: 4 cost time: 4.05441951751709
Epoch: 4, Steps: 534 | Train Loss: 0.0872193 Vali Loss: 0.0695265 Test Loss: 0.0819798
Validation loss decreased (0.082420 --> 0.081980).  Saving model ...
Updating learning rate to 0.0008532938816706273
	iters: 100, epoch: 5 | loss: 0.0705294
	speed: 0.0244s/iter; left time: 75.8398s
	iters: 200, epoch: 5 | loss: 0.0666916
	speed: 0.0057s/iter; left time: 17.1220s
	iters: 300, epoch: 5 | loss: 0.0652340
	speed: 0.0083s/iter; left time: 24.0825s
	iters: 400, epoch: 5 | loss: 0.1060923
	speed: 0.0083s/iter; left time: 23.2554s
	iters: 500, epoch: 5 | loss: 0.1029541
	speed: 0.0096s/iter; left time: 25.9141s
Epoch: 5 cost time: 4.3239336013793945
Epoch: 5, Steps: 534 | Train Loss: 0.0873354 Vali Loss: 0.0693215 Test Loss: 0.0823242
EarlyStopping counter: 1 out of 15
Updating learning rate to 0.0006910031938709443
	iters: 100, epoch: 6 | loss: 0.1359870
	speed: 0.0276s/iter; left time: 70.9433s
	iters: 200, epoch: 6 | loss: 0.0927880
	speed: 0.0088s/iter; left time: 21.7860s
	iters: 300, epoch: 6 | loss: 0.1105780
	speed: 0.0080s/iter; left time: 18.8834s
	iters: 400, epoch: 6 | loss: 0.0817396
	speed: 0.0082s/iter; left time: 18.5230s
	iters: 500, epoch: 6 | loss: 0.0714434
	speed: 0.0064s/iter; left time: 13.9741s
Epoch: 6 cost time: 4.194490194320679
Epoch: 6, Steps: 534 | Train Loss: 0.0873945 Vali Loss: 0.0695463 Test Loss: 0.0825522
EarlyStopping counter: 2 out of 15
Updating learning rate to 0.0004996343057345438
	iters: 100, epoch: 7 | loss: 0.0731335
	speed: 0.0219s/iter; left time: 44.6516s
	iters: 200, epoch: 7 | loss: 0.0699126
	speed: 0.0067s/iter; left time: 12.8994s
	iters: 300, epoch: 7 | loss: 0.1007888
	speed: 0.0081s/iter; left time: 14.8197s
	iters: 400, epoch: 7 | loss: 0.0875466
	speed: 0.0070s/iter; left time: 12.0761s
	iters: 500, epoch: 7 | loss: 0.1072730
	speed: 0.0094s/iter; left time: 15.4132s
Epoch: 7 cost time: 4.007591247558594
Epoch: 7, Steps: 534 | Train Loss: 0.0874628 Vali Loss: 0.0692555 Test Loss: 0.0827407
EarlyStopping counter: 3 out of 15
Updating learning rate to 0.0003083213957169024
	iters: 100, epoch: 8 | loss: 0.1021328
	speed: 0.0226s/iter; left time: 34.0429s
	iters: 200, epoch: 8 | loss: 0.0855247
	speed: 0.0061s/iter; left time: 8.5843s
	iters: 300, epoch: 8 | loss: 0.0943227
	speed: 0.0068s/iter; left time: 8.8272s
	iters: 400, epoch: 8 | loss: 0.0812842
	speed: 0.0055s/iter; left time: 6.6155s
	iters: 500, epoch: 8 | loss: 0.0753179
	speed: 0.0055s/iter; left time: 6.0654s
Epoch: 8 cost time: 3.1918647289276123
Epoch: 8, Steps: 534 | Train Loss: 0.0876216 Vali Loss: 0.0692549 Test Loss: 0.0819796
Validation loss decreased (0.081980 --> 0.081980).  Saving model ...
Updating learning rate to 0.00014619012011235773
	iters: 100, epoch: 9 | loss: 0.0745189
	speed: 0.0193s/iter; left time: 18.7388s
	iters: 200, epoch: 9 | loss: 0.0735590
	speed: 0.0052s/iter; left time: 4.4845s
	iters: 300, epoch: 9 | loss: 0.0692343
	speed: 0.0056s/iter; left time: 4.3306s
	iters: 400, epoch: 9 | loss: 0.0817842
	speed: 0.0054s/iter; left time: 3.6095s
	iters: 500, epoch: 9 | loss: 0.1365294
	speed: 0.0054s/iter; left time: 3.0770s
Epoch: 9 cost time: 2.9599103927612305
Epoch: 9, Steps: 534 | Train Loss: 0.0872665 Vali Loss: 0.0694537 Test Loss: 0.0827858
EarlyStopping counter: 1 out of 15
Updating learning rate to 3.792349590802869e-05
	iters: 100, epoch: 10 | loss: 0.0948154
	speed: 0.0213s/iter; left time: 9.2858s
	iters: 200, epoch: 10 | loss: 0.0888289
	speed: 0.0054s/iter; left time: 1.8099s
	iters: 300, epoch: 10 | loss: 0.0722423
	speed: 0.0056s/iter; left time: 1.3099s
	iters: 400, epoch: 10 | loss: 0.0803204
	speed: 0.0067s/iter; left time: 0.9109s
	iters: 500, epoch: 10 | loss: 0.1255726
	speed: 0.0066s/iter; left time: 0.2319s
Epoch: 10 cost time: 3.291559934616089
Epoch: 10, Steps: 534 | Train Loss: 0.0874491 Vali Loss: 0.0695805 Test Loss: 0.0825211
EarlyStopping counter: 2 out of 15
Updating learning rate to 4.1351996319232575e-09
>>>>>>>testing : imputation_IMP_SparseTSF_ETTh2_mask0.5_none_SparseTSF_ETTh2_sl96_pl0_dm16_nh8_el2_dl1_df32_fc1_ebtimeF_dtTrue_Imp_0<<<<<<<<<<<<<<<<<<<<<<<<<<<<<<<<<
test 2881
test shape: (2880, 96, 7) (2880, 96, 7)
mse:0.08248800039291382, mae:0.18555094301700592
