Args in experiment:
Namespace(activation='gelu', anomaly_ratio=0.25, batch_size=16, c_out=7, channel_independence=1, checkpoints='./checkpoints/', comment='none', d_ff=32, d_layers=1, d_model=16, data='ETTh2', data_path='ETTh2.csv', dec_in=7, decomp_method='moving_avg', des='Imp', devices='0,1', distil=True, down_sampling_layers=3, down_sampling_method='avg', down_sampling_window=2, drop_last=True, dropout=0.1, e_layers=2, embed='timeF', emissions_file='emissions.csv', emissions_output_dir='.', enc_in=7, factor=1, features='M', freq='h', gpu=0, inverse=False, is_training=1, itr=1, label_len=0, learning_rate=0.001, loss='MSE', lradj='TST', mask_rate=0.375, model='SparseTSF', model_id='IMP_SparseTSF_ETTh2_mask0.375', model_type='linear', moving_avg=25, n_heads=8, num_kernels=6, num_workers=0, output_attention=False, p_hidden_dims=[128, 128], p_hidden_layers=2, patience=15, pct_start=0.2, period_len=24, pred_len=0, root_path='C:\\Users\\bbbal\\OneDrive\\Masaüstü\\timemixer\\dataset\\ETT-small', seasonal_patterns='Monthly', seq_len=96, target='OT', task_name='imputation', top_k=5, track_emissions=0, train_epochs=10, use_amp=False, use_future_temporal_feature=0, use_gpu=True, use_multi_gpu=False, use_norm=1)
Use GPU: cuda:0
>>>>>>>start training : imputation_IMP_SparseTSF_ETTh2_mask0.375_none_SparseTSF_ETTh2_sl96_pl0_dm16_nh8_el2_dl1_df32_fc1_ebtimeF_dtTrue_Imp_0>>>>>>>>>>>>>>>>>>>>>>>>>>
train 8545
val 2881
test 2881
	iters: 100, epoch: 1 | loss: 0.1999561
	speed: 0.0255s/iter; left time: 133.6175s
	iters: 200, epoch: 1 | loss: 0.2721377
	speed: 0.0038s/iter; left time: 19.5090s
	iters: 300, epoch: 1 | loss: 0.2259106
	speed: 0.0035s/iter; left time: 17.8087s
	iters: 400, epoch: 1 | loss: 0.2355370
	speed: 0.0034s/iter; left time: 16.6660s
	iters: 500, epoch: 1 | loss: 0.3007197
	speed: 0.0033s/iter; left time: 16.1128s
Epoch: 1 cost time: 4.062850475311279
Epoch: 1, Steps: 534 | Train Loss: 0.2897641 Vali Loss: 0.1556392 Test Loss: 0.2058769
Validation loss decreased (inf --> 0.205877).  Saving model ...
Updating learning rate to 0.0005207066372675873
	iters: 100, epoch: 2 | loss: 0.1884304
	speed: 0.0133s/iter; left time: 62.4060s
	iters: 200, epoch: 2 | loss: 0.1356246
	speed: 0.0049s/iter; left time: 22.8037s
	iters: 300, epoch: 2 | loss: 0.2935817
	speed: 0.0044s/iter; left time: 20.0384s
	iters: 400, epoch: 2 | loss: 0.1507068
	speed: 0.0038s/iter; left time: 16.6019s
	iters: 500, epoch: 2 | loss: 0.1135279
	speed: 0.0038s/iter; left time: 16.3524s
Epoch: 2 cost time: 2.273545980453491
Epoch: 2, Steps: 534 | Train Loss: 0.1914712 Vali Loss: 0.0719793 Test Loss: 0.0868593
Validation loss decreased (0.205877 --> 0.086859).  Saving model ...
Updating learning rate to 0.0009999998648003681
	iters: 100, epoch: 3 | loss: 0.0881093
	speed: 0.0136s/iter; left time: 56.6019s
	iters: 200, epoch: 3 | loss: 0.0960026
	speed: 0.0043s/iter; left time: 17.3933s
	iters: 300, epoch: 3 | loss: 0.0986406
	speed: 0.0042s/iter; left time: 16.7620s
	iters: 400, epoch: 3 | loss: 0.0638380
	speed: 0.0044s/iter; left time: 17.1915s
	iters: 500, epoch: 3 | loss: 0.0786900
	speed: 0.0044s/iter; left time: 16.5487s
Epoch: 3 cost time: 2.3479654788970947
Epoch: 3, Steps: 534 | Train Loss: 0.0801407 Vali Loss: 0.0634773 Test Loss: 0.0736312
Validation loss decreased (0.086859 --> 0.073631).  Saving model ...
Updating learning rate to 0.0009617990830848397
	iters: 100, epoch: 4 | loss: 0.0860657
	speed: 0.0158s/iter; left time: 57.5918s
	iters: 200, epoch: 4 | loss: 0.0820169
	speed: 0.0039s/iter; left time: 13.7607s
	iters: 300, epoch: 4 | loss: 0.0722531
	speed: 0.0039s/iter; left time: 13.3911s
	iters: 400, epoch: 4 | loss: 0.0909633
	speed: 0.0039s/iter; left time: 13.0538s
	iters: 500, epoch: 4 | loss: 0.0670648
	speed: 0.0045s/iter; left time: 14.6552s
Epoch: 4 cost time: 2.2152159214019775
Epoch: 4, Steps: 534 | Train Loss: 0.0768695 Vali Loss: 0.0629703 Test Loss: 0.0735842
Validation loss decreased (0.073631 --> 0.073584).  Saving model ...
Updating learning rate to 0.0008532938816706273
	iters: 100, epoch: 5 | loss: 0.0651795
	speed: 0.0149s/iter; left time: 46.2396s
	iters: 200, epoch: 5 | loss: 0.0622163
	speed: 0.0048s/iter; left time: 14.4087s
	iters: 300, epoch: 5 | loss: 0.0570390
	speed: 0.0050s/iter; left time: 14.4369s
	iters: 400, epoch: 5 | loss: 0.0998661
	speed: 0.0044s/iter; left time: 12.3930s
	iters: 500, epoch: 5 | loss: 0.0870306
	speed: 0.0041s/iter; left time: 11.1656s
Epoch: 5 cost time: 2.4660727977752686
Epoch: 5, Steps: 534 | Train Loss: 0.0772137 Vali Loss: 0.0630896 Test Loss: 0.0733495
Validation loss decreased (0.073584 --> 0.073349).  Saving model ...
Updating learning rate to 0.0006910031938709443
	iters: 100, epoch: 6 | loss: 0.1134606
	speed: 0.0141s/iter; left time: 36.2391s
	iters: 200, epoch: 6 | loss: 0.0783050
	speed: 0.0041s/iter; left time: 10.1403s
	iters: 300, epoch: 6 | loss: 0.0897259
	speed: 0.0043s/iter; left time: 10.2400s
	iters: 400, epoch: 6 | loss: 0.0780056
	speed: 0.0045s/iter; left time: 10.3019s
	iters: 500, epoch: 6 | loss: 0.0624201
	speed: 0.0045s/iter; left time: 9.8086s
Epoch: 6 cost time: 2.3298721313476562
Epoch: 6, Steps: 534 | Train Loss: 0.0771456 Vali Loss: 0.0633703 Test Loss: 0.0738010
EarlyStopping counter: 1 out of 15
Updating learning rate to 0.0004996343057345438
	iters: 100, epoch: 7 | loss: 0.0678444
	speed: 0.0162s/iter; left time: 32.9018s
	iters: 200, epoch: 7 | loss: 0.0659073
	speed: 0.0048s/iter; left time: 9.3813s
	iters: 300, epoch: 7 | loss: 0.0814395
	speed: 0.0048s/iter; left time: 8.8010s
	iters: 400, epoch: 7 | loss: 0.0724858
	speed: 0.0046s/iter; left time: 8.0624s
	iters: 500, epoch: 7 | loss: 0.0945541
	speed: 0.0048s/iter; left time: 7.9360s
Epoch: 7 cost time: 2.5470774173736572
Epoch: 7, Steps: 534 | Train Loss: 0.0765127 Vali Loss: 0.0630568 Test Loss: 0.0740283
EarlyStopping counter: 2 out of 15
Updating learning rate to 0.0003083213957169024
	iters: 100, epoch: 8 | loss: 0.0808108
	speed: 0.0155s/iter; left time: 23.2882s
	iters: 200, epoch: 8 | loss: 0.0746137
	speed: 0.0051s/iter; left time: 7.1688s
	iters: 300, epoch: 8 | loss: 0.0798187
	speed: 0.0043s/iter; left time: 5.6263s
	iters: 400, epoch: 8 | loss: 0.0773342
	speed: 0.0045s/iter; left time: 5.3635s
	iters: 500, epoch: 8 | loss: 0.0650439
	speed: 0.0047s/iter; left time: 5.1466s
Epoch: 8 cost time: 2.484980344772339
Epoch: 8, Steps: 534 | Train Loss: 0.0767399 Vali Loss: 0.0628561 Test Loss: 0.0735777
EarlyStopping counter: 3 out of 15
Updating learning rate to 0.00014619012011235773
	iters: 100, epoch: 9 | loss: 0.0678051
	speed: 0.0160s/iter; left time: 15.4919s
	iters: 200, epoch: 9 | loss: 0.0684200
	speed: 0.0045s/iter; left time: 3.8917s
	iters: 300, epoch: 9 | loss: 0.0616591
	speed: 0.0040s/iter; left time: 3.1126s
	iters: 400, epoch: 9 | loss: 0.0761176
	speed: 0.0037s/iter; left time: 2.4865s
	iters: 500, epoch: 9 | loss: 0.0958153
	speed: 0.0039s/iter; left time: 2.2316s
Epoch: 9 cost time: 2.2854979038238525
Epoch: 9, Steps: 534 | Train Loss: 0.0769799 Vali Loss: 0.0631140 Test Loss: 0.0743181
EarlyStopping counter: 4 out of 15
Updating learning rate to 3.792349590802869e-05
	iters: 100, epoch: 10 | loss: 0.0773502
	speed: 0.0150s/iter; left time: 6.5306s
	iters: 200, epoch: 10 | loss: 0.0873072
	speed: 0.0046s/iter; left time: 1.5541s
	iters: 300, epoch: 10 | loss: 0.0658891
	speed: 0.0045s/iter; left time: 1.0671s
	iters: 400, epoch: 10 | loss: 0.0704797
	speed: 0.0051s/iter; left time: 0.6837s
	iters: 500, epoch: 10 | loss: 0.0888048
	speed: 0.0056s/iter; left time: 0.1949s
Epoch: 10 cost time: 2.585036039352417
Epoch: 10, Steps: 534 | Train Loss: 0.0772326 Vali Loss: 0.0631284 Test Loss: 0.0739205
EarlyStopping counter: 5 out of 15
Updating learning rate to 4.1351996319232575e-09
>>>>>>>testing : imputation_IMP_SparseTSF_ETTh2_mask0.375_none_SparseTSF_ETTh2_sl96_pl0_dm16_nh8_el2_dl1_df32_fc1_ebtimeF_dtTrue_Imp_0<<<<<<<<<<<<<<<<<<<<<<<<<<<<<<<<<
test 2881
test shape: (2880, 96, 7) (2880, 96, 7)
mse:0.0737718865275383, mae:0.17391179502010345
