Args in experiment:
Namespace(activation='gelu', anomaly_ratio=0.25, batch_size=16, c_out=321, channel_independence=1, checkpoints='./checkpoints/', comment='none', d_ff=32, d_layers=1, d_model=16, data='custom', data_path='electricity.csv', dec_in=321, decomp_method='moving_avg', des='Imp', devices='0,1', distil=True, down_sampling_layers=3, down_sampling_method='avg', down_sampling_window=2, drop_last=True, dropout=0.1, e_layers=2, embed='timeF', emissions_file='emissions.csv', emissions_output_dir='.', enc_in=321, factor=1, features='M', freq='h', gpu=0, inverse=False, is_training=1, itr=1, label_len=0, learning_rate=0.001, loss='MSE', lradj='TST', mask_rate=0.375, model='SparseTSF', model_id='IMP_SparseTSF_Electricity_mask0.375', model_type='linear', moving_avg=25, n_heads=8, num_kernels=6, num_workers=0, output_attention=False, p_hidden_dims=[128, 128], p_hidden_layers=2, patience=15, pct_start=0.2, percent=100, period_len=24, pred_len=0, root_path='<workspace>\\dataset\\electricity', seasonal_patterns='Monthly', seq_len=96, target='OT', task_name='imputation', top_k=5, track_emissions=0, train_epochs=10, use_amp=False, use_future_temporal_feature=0, use_gpu=True, use_multi_gpu=False, use_norm=1)
Use GPU: cuda:0
>>>>>>>start training : imputation_IMP_SparseTSF_Electricity_mask0.375_none_SparseTSF_custom_sl96_pl0_dm16_nh8_el2_dl1_df32_fc1_ebtimeF_dtTrue_Imp_0>>>>>>>>>>>>>>>>>>>>>>>>>>
train 18317
val 2633
test 5261
	iters: 100, epoch: 1 | loss: 1.3080428
	speed: 0.0421s/iter; left time: 477.2847s
	iters: 200, epoch: 1 | loss: 1.2248976
	speed: 0.0157s/iter; left time: 176.1627s
	iters: 300, epoch: 1 | loss: 1.2982351
	speed: 0.0159s/iter; left time: 177.4089s
	iters: 400, epoch: 1 | loss: 1.1415873
	speed: 0.0161s/iter; left time: 177.7699s
	iters: 500, epoch: 1 | loss: 1.2328225
	speed: 0.0160s/iter; left time: 175.1635s
	iters: 600, epoch: 1 | loss: 1.0574754
	speed: 0.0162s/iter; left time: 175.1661s
	iters: 700, epoch: 1 | loss: 0.9647142
	speed: 0.0164s/iter; left time: 175.6286s
	iters: 800, epoch: 1 | loss: 1.0540707
	speed: 0.0163s/iter; left time: 173.5021s
	iters: 900, epoch: 1 | loss: 0.8872020
	speed: 0.0167s/iter; left time: 176.1989s
	iters: 1000, epoch: 1 | loss: 0.7670444
	speed: 0.0166s/iter; left time: 173.1794s
	iters: 1100, epoch: 1 | loss: 0.6161820
	speed: 0.0162s/iter; left time: 167.2939s
Epoch: 1 cost time: 21.133355379104614
Epoch: 1, Steps: 1144 | Train Loss: 1.0490236 Vali Loss: 0.5035982 Test Loss: 0.5384257
Validation loss decreased (inf --> 0.538426).  Saving model ...
Updating learning rate to 0.0005203296817567031
	iters: 100, epoch: 2 | loss: 0.4815650
	speed: 0.0792s/iter; left time: 808.0186s
	iters: 200, epoch: 2 | loss: 0.3457800
	speed: 0.0162s/iter; left time: 163.8558s
	iters: 300, epoch: 2 | loss: 0.3147912
	speed: 0.0166s/iter; left time: 165.6832s
	iters: 400, epoch: 2 | loss: 0.2903034
	speed: 0.0163s/iter; left time: 161.0704s
	iters: 500, epoch: 2 | loss: 0.2731955
	speed: 0.0161s/iter; left time: 158.0246s
	iters: 600, epoch: 2 | loss: 0.2667525
	speed: 0.0164s/iter; left time: 158.7240s
	iters: 700, epoch: 2 | loss: 0.2521079
	speed: 0.0164s/iter; left time: 157.4761s
	iters: 800, epoch: 2 | loss: 0.2406027
	speed: 0.0163s/iter; left time: 154.9883s
	iters: 900, epoch: 2 | loss: 0.2278822
	speed: 0.0162s/iter; left time: 151.9514s
	iters: 1000, epoch: 2 | loss: 0.2098518
	speed: 0.0169s/iter; left time: 156.9704s
	iters: 1100, epoch: 2 | loss: 0.2137645
	speed: 0.0166s/iter; left time: 152.2869s
Epoch: 2 cost time: 18.744653940200806
Epoch: 2, Steps: 1144 | Train Loss: 0.2929909 Vali Loss: 0.1915741 Test Loss: 0.2012226
Validation loss decreased (0.538426 --> 0.201223).  Saving model ...
Updating learning rate to 0.0009999999705418148
	iters: 100, epoch: 3 | loss: 0.1942787
	speed: 0.0782s/iter; left time: 708.1703s
	iters: 200, epoch: 3 | loss: 0.1902704
	speed: 0.0163s/iter; left time: 145.9876s
	iters: 300, epoch: 3 | loss: 0.1906015
	speed: 0.0164s/iter; left time: 144.8257s
	iters: 400, epoch: 3 | loss: 0.1838969
	speed: 0.0164s/iter; left time: 143.8270s
	iters: 500, epoch: 3 | loss: 0.1948963
	speed: 0.0166s/iter; left time: 143.4031s
	iters: 600, epoch: 3 | loss: 0.1950618
	speed: 0.0163s/iter; left time: 139.6255s
	iters: 700, epoch: 3 | loss: 0.1890736
	speed: 0.0165s/iter; left time: 139.5733s
	iters: 800, epoch: 3 | loss: 0.1701072
	speed: 0.0172s/iter; left time: 143.4697s
	iters: 900, epoch: 3 | loss: 0.2013251
	speed: 0.0163s/iter; left time: 134.5029s
	iters: 1000, epoch: 3 | loss: 0.1821865
	speed: 0.0161s/iter; left time: 131.6148s
	iters: 1100, epoch: 3 | loss: 0.1847137
	speed: 0.0163s/iter; left time: 131.4329s
Epoch: 3 cost time: 18.830068111419678
Epoch: 3, Steps: 1144 | Train Loss: 0.1883123 Vali Loss: 0.1690129 Test Loss: 0.1753404
Validation loss decreased (0.201223 --> 0.175340).  Saving model ...
Updating learning rate to 0.0009618742099746439
	iters: 100, epoch: 4 | loss: 0.1721486
	speed: 0.0788s/iter; left time: 623.4091s
	iters: 200, epoch: 4 | loss: 0.1786394
	speed: 0.0162s/iter; left time: 126.7423s
	iters: 300, epoch: 4 | loss: 0.1849054
	speed: 0.0166s/iter; left time: 127.6964s
	iters: 400, epoch: 4 | loss: 0.1681724
	speed: 0.0164s/iter; left time: 125.0086s
	iters: 500, epoch: 4 | loss: 0.1789031
	speed: 0.0169s/iter; left time: 127.0438s
	iters: 600, epoch: 4 | loss: 0.1604035
	speed: 0.0172s/iter; left time: 127.6598s
	iters: 700, epoch: 4 | loss: 0.1727818
	speed: 0.0170s/iter; left time: 124.0841s
	iters: 800, epoch: 4 | loss: 0.1627641
	speed: 0.0164s/iter; left time: 118.2763s
	iters: 900, epoch: 4 | loss: 0.1712085
	speed: 0.0163s/iter; left time: 115.6105s
	iters: 1000, epoch: 4 | loss: 0.1747237
	speed: 0.0167s/iter; left time: 117.1841s
	iters: 1100, epoch: 4 | loss: 0.1827457
	speed: 0.0163s/iter; left time: 112.4049s
Epoch: 4 cost time: 18.966215133666992
Epoch: 4, Steps: 1144 | Train Loss: 0.1742935 Vali Loss: 0.1578360 Test Loss: 0.1637425
Validation loss decreased (0.175340 --> 0.163742).  Saving model ...
Updating learning rate to 0.0008534325923208433
	iters: 100, epoch: 5 | loss: 0.1754847
	speed: 0.0827s/iter; left time: 559.7281s
	iters: 200, epoch: 5 | loss: 0.1602607
	speed: 0.0166s/iter; left time: 110.4276s
	iters: 300, epoch: 5 | loss: 0.1754429
	speed: 0.0167s/iter; left time: 109.8597s
	iters: 400, epoch: 5 | loss: 0.1630433
	speed: 0.0170s/iter; left time: 109.8639s
	iters: 500, epoch: 5 | loss: 0.1657696
	speed: 0.0170s/iter; left time: 108.2405s
	iters: 600, epoch: 5 | loss: 0.1753291
	speed: 0.0169s/iter; left time: 105.5878s
	iters: 700, epoch: 5 | loss: 0.1597406
	speed: 0.0166s/iter; left time: 102.4478s
	iters: 800, epoch: 5 | loss: 0.1628534
	speed: 0.0165s/iter; left time: 100.1346s
	iters: 900, epoch: 5 | loss: 0.1502271
	speed: 0.0167s/iter; left time: 99.3943s
	iters: 1000, epoch: 5 | loss: 0.1581977
	speed: 0.0167s/iter; left time: 97.7058s
	iters: 1100, epoch: 5 | loss: 0.1547847
	speed: 0.0169s/iter; left time: 97.4712s
Epoch: 5 cost time: 19.218608856201172
Epoch: 5, Steps: 1144 | Train Loss: 0.1625813 Vali Loss: 0.1473358 Test Loss: 0.1533831
Validation loss decreased (0.163742 --> 0.153383).  Saving model ...
Updating learning rate to 0.0006911843708424919
	iters: 100, epoch: 6 | loss: 0.1526981
	speed: 0.0886s/iter; left time: 498.2883s
	iters: 200, epoch: 6 | loss: 0.1544792
	speed: 0.0164s/iter; left time: 90.5132s
	iters: 300, epoch: 6 | loss: 0.1537734
	speed: 0.0166s/iter; left time: 89.9915s
	iters: 400, epoch: 6 | loss: 0.1652137
	speed: 0.0165s/iter; left time: 87.9790s
	iters: 500, epoch: 6 | loss: 0.1461529
	speed: 0.0166s/iter; left time: 86.8709s
	iters: 600, epoch: 6 | loss: 0.1451272
	speed: 0.0165s/iter; left time: 84.2543s
	iters: 700, epoch: 6 | loss: 0.1495429
	speed: 0.0166s/iter; left time: 83.1447s
	iters: 800, epoch: 6 | loss: 0.1449993
	speed: 0.0179s/iter; left time: 87.8659s
	iters: 900, epoch: 6 | loss: 0.1520503
	speed: 0.0175s/iter; left time: 84.2157s
	iters: 1000, epoch: 6 | loss: 0.1492702
	speed: 0.0170s/iter; left time: 80.2665s
	iters: 1100, epoch: 6 | loss: 0.1436555
	speed: 0.0169s/iter; left time: 77.9379s
Epoch: 6 cost time: 19.248270273208618
Epoch: 6, Steps: 1144 | Train Loss: 0.1529485 Vali Loss: 0.1393243 Test Loss: 0.1449272
Validation loss decreased (0.153383 --> 0.144927).  Saving model ...
Updating learning rate to 0.0004998303664758784
	iters: 100, epoch: 7 | loss: 0.1505547
	speed: 0.0811s/iter; left time: 363.1432s
	iters: 200, epoch: 7 | loss: 0.1428571
	speed: 0.0170s/iter; left time: 74.2372s
	iters: 300, epoch: 7 | loss: 0.1386798
	speed: 0.0165s/iter; left time: 70.5586s
	iters: 400, epoch: 7 | loss: 0.1363677
	speed: 0.0165s/iter; left time: 68.8807s
	iters: 500, epoch: 7 | loss: 0.1673644
	speed: 0.0163s/iter; left time: 66.6432s
	iters: 600, epoch: 7 | loss: 0.1523932
	speed: 0.0165s/iter; left time: 65.5832s
	iters: 700, epoch: 7 | loss: 0.1464656
	speed: 0.0163s/iter; left time: 63.3091s
	iters: 800, epoch: 7 | loss: 0.1445398
	speed: 0.0165s/iter; left time: 62.5000s
	iters: 900, epoch: 7 | loss: 0.1576208
	speed: 0.0163s/iter; left time: 59.8566s
	iters: 1000, epoch: 7 | loss: 0.1422691
	speed: 0.0169s/iter; left time: 60.4861s
	iters: 1100, epoch: 7 | loss: 0.1505958
	speed: 0.0169s/iter; left time: 58.7483s
Epoch: 7 cost time: 18.958351135253906
Epoch: 7, Steps: 1144 | Train Loss: 0.1462541 Vali Loss: 0.1347046 Test Loss: 0.1405045
Validation loss decreased (0.144927 --> 0.140505).  Saving model ...
Updating learning rate to 0.0003085024917574506
	iters: 100, epoch: 8 | loss: 0.1503049
	speed: 0.0795s/iter; left time: 264.9274s
	iters: 200, epoch: 8 | loss: 0.1480302
	speed: 0.0167s/iter; left time: 54.0300s
	iters: 300, epoch: 8 | loss: 0.1444973
	speed: 0.0164s/iter; left time: 51.3835s
	iters: 400, epoch: 8 | loss: 0.1504809
	speed: 0.0168s/iter; left time: 51.0324s
	iters: 500, epoch: 8 | loss: 0.1440088
	speed: 0.0165s/iter; left time: 48.5100s
	iters: 600, epoch: 8 | loss: 0.1336690
	speed: 0.0164s/iter; left time: 46.5375s
	iters: 700, epoch: 8 | loss: 0.1487682
	speed: 0.0166s/iter; left time: 45.3840s
	iters: 800, epoch: 8 | loss: 0.1468388
	speed: 0.0170s/iter; left time: 44.7517s
	iters: 900, epoch: 8 | loss: 0.1454630
	speed: 0.0173s/iter; left time: 43.8211s
	iters: 1000, epoch: 8 | loss: 0.1356492
	speed: 0.0170s/iter; left time: 41.2944s
	iters: 1100, epoch: 8 | loss: 0.1633134
	speed: 0.0167s/iter; left time: 38.9443s
Epoch: 8 cost time: 19.106640815734863
Epoch: 8, Steps: 1144 | Train Loss: 0.1434669 Vali Loss: 0.1335623 Test Loss: 0.1389823
Validation loss decreased (0.140505 --> 0.138982).  Saving model ...
Updating learning rate to 0.00014632868122158585
	iters: 100, epoch: 9 | loss: 0.1425127
	speed: 0.0816s/iter; left time: 178.7210s
	iters: 200, epoch: 9 | loss: 0.1448872
	speed: 0.0168s/iter; left time: 35.1496s
	iters: 300, epoch: 9 | loss: 0.1458518
	speed: 0.0165s/iter; left time: 32.7353s
	iters: 400, epoch: 9 | loss: 0.1392126
	speed: 0.0165s/iter; left time: 31.1913s
	iters: 500, epoch: 9 | loss: 0.1484171
	speed: 0.0168s/iter; left time: 30.0129s
	iters: 600, epoch: 9 | loss: 0.1454978
	speed: 0.0164s/iter; left time: 27.6437s
	iters: 700, epoch: 9 | loss: 0.1437069
	speed: 0.0167s/iter; left time: 26.5827s
	iters: 800, epoch: 9 | loss: 0.1435516
	speed: 0.0169s/iter; left time: 25.2275s
	iters: 900, epoch: 9 | loss: 0.1378852
	speed: 0.0167s/iter; left time: 23.1708s
	iters: 1000, epoch: 9 | loss: 0.1428426
	speed: 0.0165s/iter; left time: 21.3036s
	iters: 1100, epoch: 9 | loss: 0.1425813
	speed: 0.0164s/iter; left time: 19.5519s
Epoch: 9 cost time: 19.02299475669861
Epoch: 9, Steps: 1144 | Train Loss: 0.1427194 Vali Loss: 0.1330205 Test Loss: 0.1385747
Validation loss decreased (0.138982 --> 0.138575).  Saving model ...
Updating learning rate to 3.799842741311635e-05
	iters: 100, epoch: 10 | loss: 0.1523113
	speed: 0.0800s/iter; left time: 83.6211s
	iters: 200, epoch: 10 | loss: 0.1447484
	speed: 0.0165s/iter; left time: 15.6215s
	iters: 300, epoch: 10 | loss: 0.1355367
	speed: 0.0173s/iter; left time: 14.6322s
	iters: 400, epoch: 10 | loss: 0.1391187
	speed: 0.0165s/iter; left time: 12.2789s
	iters: 500, epoch: 10 | loss: 0.1371519
	speed: 0.0164s/iter; left time: 10.5953s
	iters: 600, epoch: 10 | loss: 0.1341763
	speed: 0.0165s/iter; left time: 8.9654s
	iters: 700, epoch: 10 | loss: 0.1451351
	speed: 0.0166s/iter; left time: 7.3967s
	iters: 800, epoch: 10 | loss: 0.1507422
	speed: 0.0165s/iter; left time: 5.7006s
	iters: 900, epoch: 10 | loss: 0.1631714
	speed: 0.0164s/iter; left time: 4.0267s
	iters: 1000, epoch: 10 | loss: 0.1414467
	speed: 0.0165s/iter; left time: 2.3953s
	iters: 1100, epoch: 10 | loss: 0.1494458
	speed: 0.0164s/iter; left time: 0.7374s
Epoch: 10 cost time: 18.94373369216919
Epoch: 10, Steps: 1144 | Train Loss: 0.1425809 Vali Loss: 0.1331237 Test Loss: 0.1385842
EarlyStopping counter: 1 out of 15
Updating learning rate to 4.029458185296958e-09
>>>>>>>testing : imputation_IMP_SparseTSF_Electricity_mask0.375_none_SparseTSF_custom_sl96_pl0_dm16_nh8_el2_dl1_df32_fc1_ebtimeF_dtTrue_Imp_0<<<<<<<<<<<<<<<<<<<<<<<<<<<<<<<<<
test 5261
test shape: (5248, 96, 321) (5248, 96, 321)
mse:0.1386576145887375, mae:0.269218772649765
