Args in experiment:
Namespace(activation='gelu', anomaly_ratio=0.25, batch_size=16, c_out=7, channel_independence=1, checkpoints='./checkpoints/', comment='none', d_ff=32, d_layers=1, d_model=16, data='ETTm1', data_path='ETTm1.csv', dec_in=7, decomp_method='moving_avg', des='Imp', devices='0,1', distil=True, down_sampling_layers=3, down_sampling_method='avg', down_sampling_window=2, drop_last=True, dropout=0.1, e_layers=2, embed='timeF', emissions_file='emissions.csv', emissions_output_dir='.', enc_in=7, factor=1, features='M', freq='h', gpu=0, inverse=False, is_training=1, itr=1, label_len=0, learning_rate=0.001, loss='MSE', lradj='TST', mask_rate=0.25, model='SparseTSF', model_id='IMP_SparseTSF_ETTm1_mask0.25', model_type='linear', moving_avg=25, n_heads=8, num_kernels=6, num_workers=0, output_attention=False, p_hidden_dims=[128, 128], p_hidden_layers=2, patience=15, pct_start=0.2, period_len=4, pred_len=0, root_path='C:\\Users\\bbbal\\OneDrive\\Masaüstü\\timemixer\\dataset\\ETT-small', seasonal_patterns='Monthly', seq_len=96, target='OT', task_name='imputation', top_k=5, track_emissions=0, train_epochs=10, use_amp=False, use_future_temporal_feature=0, use_gpu=True, use_multi_gpu=False, use_norm=1)
Use GPU: cuda:0
>>>>>>>start training : imputation_IMP_SparseTSF_ETTm1_mask0.25_none_SparseTSF_ETTm1_sl96_pl0_dm16_nh8_el2_dl1_df32_fc1_ebtimeF_dtTrue_Imp_0>>>>>>>>>>>>>>>>>>>>>>>>>>
train 34465
val 11521
test 11521
	iters: 100, epoch: 1 | loss: 0.4491623
	speed: 0.0374s/iter; left time: 801.9278s
	iters: 200, epoch: 1 | loss: 0.3003898
	speed: 0.0060s/iter; left time: 128.5211s
	iters: 300, epoch: 1 | loss: 0.4776776
	speed: 0.0056s/iter; left time: 118.9777s
	iters: 400, epoch: 1 | loss: 0.3852471
	speed: 0.0055s/iter; left time: 116.7096s
	iters: 500, epoch: 1 | loss: 0.3842947
	speed: 0.0053s/iter; left time: 111.0048s
	iters: 600, epoch: 1 | loss: 0.3368679
	speed: 0.0060s/iter; left time: 126.2055s
	iters: 700, epoch: 1 | loss: 0.3391354
	speed: 0.0055s/iter; left time: 115.6593s
	iters: 800, epoch: 1 | loss: 0.3515407
	speed: 0.0056s/iter; left time: 115.7681s
	iters: 900, epoch: 1 | loss: 0.2327020
	speed: 0.0056s/iter; left time: 115.4792s
	iters: 1000, epoch: 1 | loss: 0.2420065
	speed: 0.0059s/iter; left time: 120.5087s
	iters: 1100, epoch: 1 | loss: 0.2128429
	speed: 0.0056s/iter; left time: 114.9301s
	iters: 1200, epoch: 1 | loss: 0.2587587
	speed: 0.0060s/iter; left time: 121.1606s
	iters: 1300, epoch: 1 | loss: 0.1761963
	speed: 0.0055s/iter; left time: 112.0330s
	iters: 1400, epoch: 1 | loss: 0.1542050
	speed: 0.0059s/iter; left time: 119.5039s
	iters: 1500, epoch: 1 | loss: 0.1739935
	speed: 0.0054s/iter; left time: 108.0559s
	iters: 1600, epoch: 1 | loss: 0.1343594
	speed: 0.0062s/iter; left time: 124.5035s
	iters: 1700, epoch: 1 | loss: 0.1308612
	speed: 0.0056s/iter; left time: 111.7306s
	iters: 1800, epoch: 1 | loss: 0.1243679
	speed: 0.0057s/iter; left time: 112.5866s
	iters: 1900, epoch: 1 | loss: 0.1283484
	speed: 0.0054s/iter; left time: 106.9773s
	iters: 2000, epoch: 1 | loss: 0.1444051
	speed: 0.0060s/iter; left time: 117.6352s
	iters: 2100, epoch: 1 | loss: 0.0912641
	speed: 0.0057s/iter; left time: 109.8672s
Epoch: 1 cost time: 15.468028545379639
Epoch: 1, Steps: 2154 | Train Loss: 0.2688581 Vali Loss: 0.1199313 Test Loss: 0.1263319
Validation loss decreased (inf --> 0.126332).  Saving model ...
Updating learning rate to 0.0005201750597214178
	iters: 100, epoch: 2 | loss: 0.0950741
	speed: 0.0516s/iter; left time: 995.7772s
	iters: 200, epoch: 2 | loss: 0.0959416
	speed: 0.0056s/iter; left time: 106.5746s
	iters: 300, epoch: 2 | loss: 0.0726692
	speed: 0.0056s/iter; left time: 107.4117s
	iters: 400, epoch: 2 | loss: 0.0805610
	speed: 0.0053s/iter; left time: 101.2216s
	iters: 500, epoch: 2 | loss: 0.0618592
	speed: 0.0057s/iter; left time: 108.5914s
	iters: 600, epoch: 2 | loss: 0.0587097
	speed: 0.0055s/iter; left time: 103.6744s
	iters: 700, epoch: 2 | loss: 0.0406472
	speed: 0.0059s/iter; left time: 110.7833s
	iters: 800, epoch: 2 | loss: 0.0599557
	speed: 0.0056s/iter; left time: 103.8224s
	iters: 900, epoch: 2 | loss: 0.0482393
	speed: 0.0057s/iter; left time: 105.6734s
	iters: 1000, epoch: 2 | loss: 0.0489556
	speed: 0.0055s/iter; left time: 101.8448s
	iters: 1100, epoch: 2 | loss: 0.0450578
	speed: 0.0056s/iter; left time: 102.8947s
	iters: 1200, epoch: 2 | loss: 0.0536828
	speed: 0.0057s/iter; left time: 104.2881s
	iters: 1300, epoch: 2 | loss: 0.0420507
	speed: 0.0057s/iter; left time: 102.3699s
	iters: 1400, epoch: 2 | loss: 0.0515119
	speed: 0.0055s/iter; left time: 98.8803s
	iters: 1500, epoch: 2 | loss: 0.0511004
	speed: 0.0057s/iter; left time: 102.5358s
	iters: 1600, epoch: 2 | loss: 0.0527295
	speed: 0.0059s/iter; left time: 104.5377s
	iters: 1700, epoch: 2 | loss: 0.0362899
	speed: 0.0057s/iter; left time: 99.9833s
	iters: 1800, epoch: 2 | loss: 0.0573679
	speed: 0.0056s/iter; left time: 98.7958s
	iters: 1900, epoch: 2 | loss: 0.0570241
	speed: 0.0056s/iter; left time: 97.2890s
	iters: 2000, epoch: 2 | loss: 0.0550292
	speed: 0.0057s/iter; left time: 99.3145s
	iters: 2100, epoch: 2 | loss: 0.0509456
	speed: 0.0054s/iter; left time: 93.2580s
Epoch: 2 cost time: 12.122874736785889
Epoch: 2, Steps: 2154 | Train Loss: 0.0579709 Vali Loss: 0.0683280 Test Loss: 0.0636186
Validation loss decreased (0.126332 --> 0.063619).  Saving model ...
Updating learning rate to 0.0009999999916906579
	iters: 100, epoch: 3 | loss: 0.0458087
	speed: 0.0508s/iter; left time: 869.6833s
	iters: 200, epoch: 3 | loss: 0.0578260
	speed: 0.0059s/iter; left time: 99.9762s
	iters: 300, epoch: 3 | loss: 0.0385177
	speed: 0.0055s/iter; left time: 93.1594s
	iters: 400, epoch: 3 | loss: 0.0432716
	speed: 0.0054s/iter; left time: 91.5527s
	iters: 500, epoch: 3 | loss: 0.0644906
	speed: 0.0056s/iter; left time: 93.3640s
	iters: 600, epoch: 3 | loss: 0.0458447
	speed: 0.0058s/iter; left time: 97.0743s
	iters: 700, epoch: 3 | loss: 0.0463228
	speed: 0.0061s/iter; left time: 100.4329s
	iters: 800, epoch: 3 | loss: 0.0367125
	speed: 0.0059s/iter; left time: 96.5694s
	iters: 900, epoch: 3 | loss: 0.0538889
	speed: 0.0059s/iter; left time: 96.1704s
	iters: 1000, epoch: 3 | loss: 0.0703605
	speed: 0.0058s/iter; left time: 93.6049s
	iters: 1100, epoch: 3 | loss: 0.0639239
	speed: 0.0055s/iter; left time: 89.3163s
	iters: 1200, epoch: 3 | loss: 0.0453252
	speed: 0.0058s/iter; left time: 93.4727s
	iters: 1300, epoch: 3 | loss: 0.0485410
	speed: 0.0057s/iter; left time: 91.3592s
	iters: 1400, epoch: 3 | loss: 0.0415082
	speed: 0.0060s/iter; left time: 95.6282s
	iters: 1500, epoch: 3 | loss: 0.0583184
	speed: 0.0059s/iter; left time: 92.0973s
	iters: 1600, epoch: 3 | loss: 0.0485813
	speed: 0.0064s/iter; left time: 99.6805s
	iters: 1700, epoch: 3 | loss: 0.0591451
	speed: 0.0055s/iter; left time: 85.2127s
	iters: 1800, epoch: 3 | loss: 0.0579128
	speed: 0.0056s/iter; left time: 87.0011s
	iters: 1900, epoch: 3 | loss: 0.0446524
	speed: 0.0058s/iter; left time: 89.4444s
	iters: 2000, epoch: 3 | loss: 0.0519243
	speed: 0.0058s/iter; left time: 88.5066s
	iters: 2100, epoch: 3 | loss: 0.0347447
	speed: 0.0059s/iter; left time: 88.6243s
Epoch: 3 cost time: 12.472427129745483
Epoch: 3, Steps: 2154 | Train Loss: 0.0488575 Vali Loss: 0.0675445 Test Loss: 0.0632831
Validation loss decreased (0.063619 --> 0.063283).  Saving model ...
Updating learning rate to 0.0009619050271543523
	iters: 100, epoch: 4 | loss: 0.0413395
	speed: 0.0515s/iter; left time: 771.3239s
	iters: 200, epoch: 4 | loss: 0.0541814
	speed: 0.0059s/iter; left time: 87.1033s
	iters: 300, epoch: 4 | loss: 0.0483189
	speed: 0.0057s/iter; left time: 84.2811s
	iters: 400, epoch: 4 | loss: 0.0482909
	speed: 0.0056s/iter; left time: 82.5032s
	iters: 500, epoch: 4 | loss: 0.0376508
	speed: 0.0055s/iter; left time: 80.3901s
	iters: 600, epoch: 4 | loss: 0.0427826
	speed: 0.0056s/iter; left time: 81.0154s
	iters: 700, epoch: 4 | loss: 0.0440174
	speed: 0.0062s/iter; left time: 88.8360s
	iters: 800, epoch: 4 | loss: 0.0542447
	speed: 0.0062s/iter; left time: 89.1518s
	iters: 900, epoch: 4 | loss: 0.0422400
	speed: 0.0058s/iter; left time: 81.9128s
	iters: 1000, epoch: 4 | loss: 0.0510712
	speed: 0.0057s/iter; left time: 79.9787s
	iters: 1100, epoch: 4 | loss: 0.0488574
	speed: 0.0055s/iter; left time: 76.1905s
	iters: 1200, epoch: 4 | loss: 0.0523517
	speed: 0.0057s/iter; left time: 79.5866s
	iters: 1300, epoch: 4 | loss: 0.0410862
	speed: 0.0056s/iter; left time: 76.8905s
	iters: 1400, epoch: 4 | loss: 0.0393282
	speed: 0.0057s/iter; left time: 78.3670s
	iters: 1500, epoch: 4 | loss: 0.0441181
	speed: 0.0059s/iter; left time: 79.7539s
	iters: 1600, epoch: 4 | loss: 0.0706360
	speed: 0.0057s/iter; left time: 76.1688s
	iters: 1700, epoch: 4 | loss: 0.0638141
	speed: 0.0058s/iter; left time: 77.4133s
	iters: 1800, epoch: 4 | loss: 0.0488941
	speed: 0.0057s/iter; left time: 75.9325s
	iters: 1900, epoch: 4 | loss: 0.0419674
	speed: 0.0056s/iter; left time: 74.3887s
	iters: 2000, epoch: 4 | loss: 0.0612906
	speed: 0.0055s/iter; left time: 72.3071s
	iters: 2100, epoch: 4 | loss: 0.0459443
	speed: 0.0057s/iter; left time: 74.2333s
Epoch: 4 cost time: 12.31371283531189
Epoch: 4, Steps: 2154 | Train Loss: 0.0487211 Vali Loss: 0.0676132 Test Loss: 0.0628867
Validation loss decreased (0.063283 --> 0.062887).  Saving model ...
Updating learning rate to 0.0008534895138951646
	iters: 100, epoch: 5 | loss: 0.0331072
	speed: 0.0494s/iter; left time: 633.4129s
	iters: 200, epoch: 5 | loss: 0.0618719
	speed: 0.0057s/iter; left time: 72.9027s
	iters: 300, epoch: 5 | loss: 0.0478579
	speed: 0.0054s/iter; left time: 68.1423s
	iters: 400, epoch: 5 | loss: 0.0434386
	speed: 0.0054s/iter; left time: 67.7713s
	iters: 500, epoch: 5 | loss: 0.0468669
	speed: 0.0062s/iter; left time: 76.7276s
	iters: 600, epoch: 5 | loss: 0.0502393
	speed: 0.0061s/iter; left time: 75.3430s
	iters: 700, epoch: 5 | loss: 0.0641791
	speed: 0.0059s/iter; left time: 71.9336s
	iters: 800, epoch: 5 | loss: 0.0490412
	speed: 0.0059s/iter; left time: 71.4119s
	iters: 900, epoch: 5 | loss: 0.0400505
	speed: 0.0056s/iter; left time: 67.8069s
	iters: 1000, epoch: 5 | loss: 0.0489703
	speed: 0.0057s/iter; left time: 67.7446s
	iters: 1100, epoch: 5 | loss: 0.0442655
	speed: 0.0058s/iter; left time: 68.2613s
	iters: 1200, epoch: 5 | loss: 0.0435405
	speed: 0.0059s/iter; left time: 69.0582s
	iters: 1300, epoch: 5 | loss: 0.0466948
	speed: 0.0061s/iter; left time: 70.7249s
	iters: 1400, epoch: 5 | loss: 0.0484215
	speed: 0.0055s/iter; left time: 63.5993s
	iters: 1500, epoch: 5 | loss: 0.0415319
	speed: 0.0058s/iter; left time: 66.3894s
	iters: 1600, epoch: 5 | loss: 0.0383080
	speed: 0.0058s/iter; left time: 66.1176s
	iters: 1700, epoch: 5 | loss: 0.0605227
	speed: 0.0061s/iter; left time: 67.9470s
	iters: 1800, epoch: 5 | loss: 0.0433445
	speed: 0.0055s/iter; left time: 60.6740s
	iters: 1900, epoch: 5 | loss: 0.0525943
	speed: 0.0057s/iter; left time: 62.4200s
	iters: 2000, epoch: 5 | loss: 0.0559528
	speed: 0.0058s/iter; left time: 63.7643s
	iters: 2100, epoch: 5 | loss: 0.0405187
	speed: 0.0058s/iter; left time: 62.9908s
Epoch: 5 cost time: 12.42859697341919
Epoch: 5, Steps: 2154 | Train Loss: 0.0486001 Vali Loss: 0.0675855 Test Loss: 0.0629411
EarlyStopping counter: 1 out of 15
Updating learning rate to 0.0006912587310177311
	iters: 100, epoch: 6 | loss: 0.0564716
	speed: 0.0503s/iter; left time: 536.2770s
	iters: 200, epoch: 6 | loss: 0.0375104
	speed: 0.0058s/iter; left time: 61.6914s
	iters: 300, epoch: 6 | loss: 0.0367299
	speed: 0.0056s/iter; left time: 58.4205s
	iters: 400, epoch: 6 | loss: 0.0514341
	speed: 0.0060s/iter; left time: 61.7946s
	iters: 500, epoch: 6 | loss: 0.0575198
	speed: 0.0055s/iter; left time: 56.9743s
	iters: 600, epoch: 6 | loss: 0.0507564
	speed: 0.0058s/iter; left time: 59.4333s
	iters: 700, epoch: 6 | loss: 0.0567072
	speed: 0.0058s/iter; left time: 58.0576s
	iters: 800, epoch: 6 | loss: 0.0460987
	speed: 0.0057s/iter; left time: 56.4008s
	iters: 900, epoch: 6 | loss: 0.0541509
	speed: 0.0059s/iter; left time: 58.5564s
	iters: 1000, epoch: 6 | loss: 0.0504673
	speed: 0.0058s/iter; left time: 56.3307s
	iters: 1100, epoch: 6 | loss: 0.0533329
	speed: 0.0061s/iter; left time: 58.6131s
	iters: 1200, epoch: 6 | loss: 0.0483029
	speed: 0.0058s/iter; left time: 55.7613s
	iters: 1300, epoch: 6 | loss: 0.0490260
	speed: 0.0058s/iter; left time: 55.0760s
	iters: 1400, epoch: 6 | loss: 0.0370112
	speed: 0.0059s/iter; left time: 54.8959s
	iters: 1500, epoch: 6 | loss: 0.0495238
	speed: 0.0058s/iter; left time: 54.2126s
	iters: 1600, epoch: 6 | loss: 0.0512928
	speed: 0.0056s/iter; left time: 51.2434s
	iters: 1700, epoch: 6 | loss: 0.0607999
	speed: 0.0056s/iter; left time: 50.6975s
	iters: 1800, epoch: 6 | loss: 0.0485352
	speed: 0.0055s/iter; left time: 49.4379s
	iters: 1900, epoch: 6 | loss: 0.0694661
	speed: 0.0055s/iter; left time: 48.7127s
	iters: 2000, epoch: 6 | loss: 0.0440427
	speed: 0.0059s/iter; left time: 51.4854s
	iters: 2100, epoch: 6 | loss: 0.0439296
	speed: 0.0059s/iter; left time: 51.1301s
Epoch: 6 cost time: 12.419852495193481
Epoch: 6, Steps: 2154 | Train Loss: 0.0485689 Vali Loss: 0.0671896 Test Loss: 0.0624045
Validation loss decreased (0.062887 --> 0.062404).  Saving model ...
Updating learning rate to 0.0004999108445894319
	iters: 100, epoch: 7 | loss: 0.0366132
	speed: 0.0509s/iter; left time: 433.6497s
	iters: 200, epoch: 7 | loss: 0.0374100
	speed: 0.0059s/iter; left time: 50.0625s
	iters: 300, epoch: 7 | loss: 0.0495915
	speed: 0.0057s/iter; left time: 47.2715s
	iters: 400, epoch: 7 | loss: 0.0454534
	speed: 0.0060s/iter; left time: 49.0061s
	iters: 500, epoch: 7 | loss: 0.0433064
	speed: 0.0059s/iter; left time: 48.0639s
	iters: 600, epoch: 7 | loss: 0.0491511
	speed: 0.0055s/iter; left time: 44.3894s
	iters: 700, epoch: 7 | loss: 0.0583330
	speed: 0.0058s/iter; left time: 45.7726s
	iters: 800, epoch: 7 | loss: 0.0553425
	speed: 0.0058s/iter; left time: 45.4439s
	iters: 900, epoch: 7 | loss: 0.0485873
	speed: 0.0059s/iter; left time: 45.5779s
	iters: 1000, epoch: 7 | loss: 0.0383164
	speed: 0.0058s/iter; left time: 43.8587s
	iters: 1100, epoch: 7 | loss: 0.0583320
	speed: 0.0058s/iter; left time: 43.5823s
	iters: 1200, epoch: 7 | loss: 0.0410102
	speed: 0.0059s/iter; left time: 43.4960s
	iters: 1300, epoch: 7 | loss: 0.0453873
	speed: 0.0059s/iter; left time: 43.2672s
	iters: 1400, epoch: 7 | loss: 0.0449270
	speed: 0.0059s/iter; left time: 42.3080s
	iters: 1500, epoch: 7 | loss: 0.0520245
	speed: 0.0058s/iter; left time: 41.2426s
	iters: 1600, epoch: 7 | loss: 0.0373553
	speed: 0.0057s/iter; left time: 39.8673s
	iters: 1700, epoch: 7 | loss: 0.0393447
	speed: 0.0060s/iter; left time: 41.7122s
	iters: 1800, epoch: 7 | loss: 0.0648280
	speed: 0.0059s/iter; left time: 40.1883s
	iters: 1900, epoch: 7 | loss: 0.0609618
	speed: 0.0058s/iter; left time: 39.1082s
	iters: 2000, epoch: 7 | loss: 0.0625124
	speed: 0.0059s/iter; left time: 39.3615s
	iters: 2100, epoch: 7 | loss: 0.0527129
	speed: 0.0056s/iter; left time: 36.2687s
Epoch: 7 cost time: 12.552378416061401
Epoch: 7, Steps: 2154 | Train Loss: 0.0484554 Vali Loss: 0.0672175 Test Loss: 0.0626315
EarlyStopping counter: 1 out of 15
Updating learning rate to 0.00030857683574606596
	iters: 100, epoch: 8 | loss: 0.0392404
	speed: 0.0508s/iter; left time: 323.2626s
	iters: 200, epoch: 8 | loss: 0.0469993
	speed: 0.0056s/iter; left time: 35.2751s
	iters: 300, epoch: 8 | loss: 0.0398171
	speed: 0.0059s/iter; left time: 36.4075s
	iters: 400, epoch: 8 | loss: 0.0476470
	speed: 0.0058s/iter; left time: 35.0660s
	iters: 500, epoch: 8 | loss: 0.0452514
	speed: 0.0054s/iter; left time: 32.3616s
	iters: 600, epoch: 8 | loss: 0.0531070
	speed: 0.0061s/iter; left time: 35.6397s
	iters: 700, epoch: 8 | loss: 0.0576212
	speed: 0.0057s/iter; left time: 32.6925s
	iters: 800, epoch: 8 | loss: 0.0519948
	speed: 0.0057s/iter; left time: 32.1621s
	iters: 900, epoch: 8 | loss: 0.0487452
	speed: 0.0055s/iter; left time: 30.4681s
	iters: 1000, epoch: 8 | loss: 0.0513444
	speed: 0.0058s/iter; left time: 31.7007s
	iters: 1100, epoch: 8 | loss: 0.0428690
	speed: 0.0058s/iter; left time: 31.1023s
	iters: 1200, epoch: 8 | loss: 0.0547876
	speed: 0.0057s/iter; left time: 30.1028s
	iters: 1300, epoch: 8 | loss: 0.0536256
	speed: 0.0058s/iter; left time: 29.8670s
	iters: 1400, epoch: 8 | loss: 0.0444212
	speed: 0.0061s/iter; left time: 31.1135s
	iters: 1500, epoch: 8 | loss: 0.0519268
	speed: 0.0058s/iter; left time: 28.9268s
	iters: 1600, epoch: 8 | loss: 0.0444545
	speed: 0.0058s/iter; left time: 28.1310s
	iters: 1700, epoch: 8 | loss: 0.0525016
	speed: 0.0057s/iter; left time: 27.1337s
	iters: 1800, epoch: 8 | loss: 0.0561822
	speed: 0.0061s/iter; left time: 28.6111s
	iters: 1900, epoch: 8 | loss: 0.0416856
	speed: 0.0057s/iter; left time: 25.8431s
	iters: 2000, epoch: 8 | loss: 0.0405325
	speed: 0.0060s/iter; left time: 26.8648s
	iters: 2100, epoch: 8 | loss: 0.0512038
	speed: 0.0057s/iter; left time: 24.6919s
Epoch: 8 cost time: 12.444275379180908
Epoch: 8, Steps: 2154 | Train Loss: 0.0486307 Vali Loss: 0.0676145 Test Loss: 0.0625860
EarlyStopping counter: 2 out of 15
Updating learning rate to 0.00014638557288692642
	iters: 100, epoch: 9 | loss: 0.0466715
	speed: 0.0507s/iter; left time: 213.4961s
	iters: 200, epoch: 9 | loss: 0.0383644
	speed: 0.0058s/iter; left time: 23.6578s
	iters: 300, epoch: 9 | loss: 0.0673217
	speed: 0.0056s/iter; left time: 22.5803s
	iters: 400, epoch: 9 | loss: 0.0432078
	speed: 0.0056s/iter; left time: 21.7655s
	iters: 500, epoch: 9 | loss: 0.0555101
	speed: 0.0058s/iter; left time: 22.2729s
	iters: 600, epoch: 9 | loss: 0.0535166
	speed: 0.0058s/iter; left time: 21.6034s
	iters: 700, epoch: 9 | loss: 0.0455260
	speed: 0.0058s/iter; left time: 20.8400s
	iters: 800, epoch: 9 | loss: 0.0488118
	speed: 0.0057s/iter; left time: 19.9564s
	iters: 900, epoch: 9 | loss: 0.0515995
	speed: 0.0058s/iter; left time: 19.6183s
	iters: 1000, epoch: 9 | loss: 0.0483872
	speed: 0.0056s/iter; left time: 18.3815s
	iters: 1100, epoch: 9 | loss: 0.0476206
	speed: 0.0057s/iter; left time: 18.3880s
	iters: 1200, epoch: 9 | loss: 0.0431292
	speed: 0.0059s/iter; left time: 18.2593s
	iters: 1300, epoch: 9 | loss: 0.0628636
	speed: 0.0058s/iter; left time: 17.4732s
	iters: 1400, epoch: 9 | loss: 0.0497128
	speed: 0.0059s/iter; left time: 17.2931s
	iters: 1500, epoch: 9 | loss: 0.0463024
	speed: 0.0056s/iter; left time: 15.7960s
	iters: 1600, epoch: 9 | loss: 0.0464854
	speed: 0.0058s/iter; left time: 15.6264s
	iters: 1700, epoch: 9 | loss: 0.0501372
	speed: 0.0058s/iter; left time: 15.0822s
	iters: 1800, epoch: 9 | loss: 0.0578980
	speed: 0.0057s/iter; left time: 14.2147s
	iters: 1900, epoch: 9 | loss: 0.0469661
	speed: 0.0057s/iter; left time: 13.6602s
	iters: 2000, epoch: 9 | loss: 0.0468283
	speed: 0.0058s/iter; left time: 13.3284s
	iters: 2100, epoch: 9 | loss: 0.0542133
	speed: 0.0058s/iter; left time: 12.7362s
Epoch: 9 cost time: 12.379322052001953
Epoch: 9, Steps: 2154 | Train Loss: 0.0486389 Vali Loss: 0.0674549 Test Loss: 0.0624542
EarlyStopping counter: 3 out of 15
Updating learning rate to 3.802920551485804e-05
	iters: 100, epoch: 10 | loss: 0.0450713
	speed: 0.0492s/iter; left time: 101.0363s
	iters: 200, epoch: 10 | loss: 0.0385407
	speed: 0.0059s/iter; left time: 11.5984s
	iters: 300, epoch: 10 | loss: 0.0538925
	speed: 0.0058s/iter; left time: 10.7269s
	iters: 400, epoch: 10 | loss: 0.0569201
	speed: 0.0052s/iter; left time: 9.1485s
	iters: 500, epoch: 10 | loss: 0.0558673
	speed: 0.0059s/iter; left time: 9.8175s
	iters: 600, epoch: 10 | loss: 0.0546834
	speed: 0.0055s/iter; left time: 8.5929s
	iters: 700, epoch: 10 | loss: 0.0419909
	speed: 0.0056s/iter; left time: 8.1158s
	iters: 800, epoch: 10 | loss: 0.0350308
	speed: 0.0059s/iter; left time: 8.0590s
	iters: 900, epoch: 10 | loss: 0.0611084
	speed: 0.0060s/iter; left time: 7.5700s
	iters: 1000, epoch: 10 | loss: 0.0528848
	speed: 0.0055s/iter; left time: 6.3017s
	iters: 1100, epoch: 10 | loss: 0.0637191
	speed: 0.0060s/iter; left time: 6.2925s
	iters: 1200, epoch: 10 | loss: 0.0453596
	speed: 0.0059s/iter; left time: 5.6104s
	iters: 1300, epoch: 10 | loss: 0.0548139
	speed: 0.0058s/iter; left time: 4.9709s
	iters: 1400, epoch: 10 | loss: 0.0583933
	speed: 0.0061s/iter; left time: 4.5763s
	iters: 1500, epoch: 10 | loss: 0.0600936
	speed: 0.0057s/iter; left time: 3.7656s
	iters: 1600, epoch: 10 | loss: 0.0486979
	speed: 0.0059s/iter; left time: 3.2923s
	iters: 1700, epoch: 10 | loss: 0.0464407
	speed: 0.0057s/iter; left time: 2.6085s
	iters: 1800, epoch: 10 | loss: 0.0462592
	speed: 0.0057s/iter; left time: 2.0251s
	iters: 1900, epoch: 10 | loss: 0.0445071
	speed: 0.0057s/iter; left time: 1.4515s
	iters: 2000, epoch: 10 | loss: 0.0511803
	speed: 0.0059s/iter; left time: 0.9218s
	iters: 2100, epoch: 10 | loss: 0.0540517
	speed: 0.0057s/iter; left time: 0.3155s
Epoch: 10 cost time: 12.407247304916382
Epoch: 10, Steps: 2154 | Train Loss: 0.0483388 Vali Loss: 0.0675245 Test Loss: 0.0624039
Validation loss decreased (0.062404 --> 0.062404).  Saving model ...
Updating learning rate to 4.008309342172464e-09
>>>>>>>testing : imputation_IMP_SparseTSF_ETTm1_mask0.25_none_SparseTSF_ETTm1_sl96_pl0_dm16_nh8_el2_dl1_df32_fc1_ebtimeF_dtTrue_Imp_0<<<<<<<<<<<<<<<<<<<<<<<<<<<<<<<<<
test 11521
test shape: (11520, 96, 7) (11520, 96, 7)
mse:0.062403254210948944, mae:0.15827372670173645
