Args in experiment:
Namespace(activation='gelu', anomaly_ratio=0.25, batch_size=16, c_out=21, channel_independence=1, checkpoints='./checkpoints/', comment='none', d_ff=32, d_layers=1, d_model=16, data='custom', data_path='weather.csv', dec_in=21, decomp_method='moving_avg', des='Imp', devices='0,1', distil=True, down_sampling_layers=3, down_sampling_method='avg', down_sampling_window=2, drop_last=True, dropout=0.1, e_layers=2, embed='timeF', emissions_file='emissions.csv', emissions_output_dir='.', enc_in=21, factor=1, features='M', freq='h', gpu=0, inverse=False, is_training=1, itr=1, label_len=0, learning_rate=0.001, loss='MSE', lradj='TST', mask_rate=0.25, model='SparseTSF', model_id='IMP_SparseTSF_Weather_mask0.25', model_type='linear', moving_avg=25, n_heads=8, num_kernels=6, num_workers=0, output_attention=False, p_hidden_dims=[128, 128], p_hidden_layers=2, patience=15, pct_start=0.2, period_len=4, pred_len=0, root_path='C:\\Users\\bbbal\\OneDrive\\Masaüstü\\timemixer\\dataset\\weather', seasonal_patterns='Monthly', seq_len=96, target='OT', task_name='imputation', top_k=5, track_emissions=0, train_epochs=10, use_amp=False, use_future_temporal_feature=0, use_gpu=True, use_multi_gpu=False, use_norm=1)
Use GPU: cuda:0
>>>>>>>start training : imputation_IMP_SparseTSF_Weather_mask0.25_none_SparseTSF_custom_sl96_pl0_dm16_nh8_el2_dl1_df32_fc1_ebtimeF_dtTrue_Imp_0>>>>>>>>>>>>>>>>>>>>>>>>>>
train 36792
val 5271
test 10540
	iters: 100, epoch: 1 | loss: 0.4062018
	speed: 0.0379s/iter; left time: 867.1449s
	iters: 200, epoch: 1 | loss: 0.3989094
	speed: 0.0064s/iter; left time: 146.5613s
	iters: 300, epoch: 1 | loss: 0.4352887
	speed: 0.0064s/iter; left time: 145.4640s
	iters: 400, epoch: 1 | loss: 0.3736617
	speed: 0.0062s/iter; left time: 140.0809s
	iters: 500, epoch: 1 | loss: 0.3279447
	speed: 0.0059s/iter; left time: 133.0547s
	iters: 600, epoch: 1 | loss: 0.3164645
	speed: 0.0062s/iter; left time: 139.4691s
	iters: 700, epoch: 1 | loss: 0.3129995
	speed: 0.0059s/iter; left time: 131.9486s
	iters: 800, epoch: 1 | loss: 0.2946558
	speed: 0.0064s/iter; left time: 141.8072s
	iters: 900, epoch: 1 | loss: 0.3382777
	speed: 0.0066s/iter; left time: 146.6875s
	iters: 1000, epoch: 1 | loss: 0.2306496
	speed: 0.0062s/iter; left time: 137.1408s
	iters: 1100, epoch: 1 | loss: 0.2064955
	speed: 0.0057s/iter; left time: 125.7782s
	iters: 1200, epoch: 1 | loss: 0.2549213
	speed: 0.0062s/iter; left time: 134.0350s
	iters: 1300, epoch: 1 | loss: 0.1988803
	speed: 0.0064s/iter; left time: 139.8601s
	iters: 1400, epoch: 1 | loss: 0.2559377
	speed: 0.0064s/iter; left time: 138.6330s
	iters: 1500, epoch: 1 | loss: 0.1783982
	speed: 0.0069s/iter; left time: 147.9932s
	iters: 1600, epoch: 1 | loss: 0.1799553
	speed: 0.0065s/iter; left time: 138.9366s
	iters: 1700, epoch: 1 | loss: 0.4951330
	speed: 0.0063s/iter; left time: 134.6873s
	iters: 1800, epoch: 1 | loss: 0.2483663
	speed: 0.0063s/iter; left time: 132.5836s
	iters: 1900, epoch: 1 | loss: 0.1169054
	speed: 0.0065s/iter; left time: 138.0151s
	iters: 2000, epoch: 1 | loss: 0.1312193
	speed: 0.0065s/iter; left time: 137.4468s
	iters: 2100, epoch: 1 | loss: 0.2006951
	speed: 0.0060s/iter; left time: 125.8306s
	iters: 2200, epoch: 1 | loss: 1.3144423
	speed: 0.0066s/iter; left time: 136.1921s
Epoch: 1 cost time: 17.69109869003296
Epoch: 1, Steps: 2299 | Train Loss: 0.4192829 Vali Loss: 0.2031502 Test Loss: 0.0681876
Validation loss decreased (inf --> 0.068188).  Saving model ...
Updating learning rate to 0.0005201640161457883
	iters: 100, epoch: 2 | loss: 0.1487716
	speed: 0.0441s/iter; left time: 907.8276s
	iters: 200, epoch: 2 | loss: 0.2007769
	speed: 0.0065s/iter; left time: 133.0881s
	iters: 300, epoch: 2 | loss: 0.3402905
	speed: 0.0083s/iter; left time: 169.4167s
	iters: 400, epoch: 2 | loss: 0.0737760
	speed: 0.0082s/iter; left time: 165.7123s
	iters: 500, epoch: 2 | loss: 0.0816861
	speed: 0.0084s/iter; left time: 168.9444s
	iters: 600, epoch: 2 | loss: 0.1077245
	speed: 0.0063s/iter; left time: 127.4192s
	iters: 700, epoch: 2 | loss: 0.0770946
	speed: 0.0062s/iter; left time: 123.9286s
	iters: 800, epoch: 2 | loss: 0.0804369
	speed: 0.0057s/iter; left time: 113.8184s
	iters: 900, epoch: 2 | loss: 0.0760330
	speed: 0.0063s/iter; left time: 124.6653s
	iters: 1000, epoch: 2 | loss: 0.1039236
	speed: 0.0063s/iter; left time: 123.7070s
	iters: 1100, epoch: 2 | loss: 0.0900192
	speed: 0.0056s/iter; left time: 110.3597s
	iters: 1200, epoch: 2 | loss: 0.1011641
	speed: 0.0071s/iter; left time: 139.0205s
	iters: 1300, epoch: 2 | loss: 0.1328011
	speed: 0.0059s/iter; left time: 114.0255s
	iters: 1400, epoch: 2 | loss: 0.0868530
	speed: 0.0065s/iter; left time: 126.3562s
	iters: 1500, epoch: 2 | loss: 0.0563479
	speed: 0.0068s/iter; left time: 130.6870s
	iters: 1600, epoch: 2 | loss: 0.0842510
	speed: 0.0056s/iter; left time: 106.3439s
	iters: 1700, epoch: 2 | loss: 0.2009788
	speed: 0.0064s/iter; left time: 120.6922s
	iters: 1800, epoch: 2 | loss: 0.0470933
	speed: 0.0062s/iter; left time: 117.2493s
	iters: 1900, epoch: 2 | loss: 0.0508730
	speed: 0.0058s/iter; left time: 108.5753s
	iters: 2000, epoch: 2 | loss: 0.0606913
	speed: 0.0061s/iter; left time: 113.5492s
	iters: 2100, epoch: 2 | loss: 0.1699922
	speed: 0.0059s/iter; left time: 110.4584s
	iters: 2200, epoch: 2 | loss: 0.0666339
	speed: 0.0060s/iter; left time: 110.1471s
Epoch: 2 cost time: 14.770694494247437
Epoch: 2, Steps: 2299 | Train Loss: 0.1903621 Vali Loss: 0.0879054 Test Loss: 0.0337493
Validation loss decreased (0.068188 --> 0.033749).  Saving model ...
Updating learning rate to 0.000999999992705759
	iters: 100, epoch: 3 | loss: 0.1003894
	speed: 0.0464s/iter; left time: 849.7014s
	iters: 200, epoch: 3 | loss: 0.1034971
	speed: 0.0068s/iter; left time: 122.8122s
	iters: 300, epoch: 3 | loss: 0.0836618
	speed: 0.0061s/iter; left time: 110.2231s
	iters: 400, epoch: 3 | loss: 0.8749790
	speed: 0.0059s/iter; left time: 105.4702s
	iters: 500, epoch: 3 | loss: 0.1215465
	speed: 0.0061s/iter; left time: 108.7039s
	iters: 600, epoch: 3 | loss: 0.0559485
	speed: 0.0063s/iter; left time: 112.6842s
	iters: 700, epoch: 3 | loss: 0.0562911
	speed: 0.0059s/iter; left time: 105.0191s
	iters: 800, epoch: 3 | loss: 0.1412821
	speed: 0.0067s/iter; left time: 118.7386s
	iters: 900, epoch: 3 | loss: 0.5661441
	speed: 0.0059s/iter; left time: 102.4495s
	iters: 1000, epoch: 3 | loss: 0.0480059
	speed: 0.0061s/iter; left time: 106.0287s
	iters: 1100, epoch: 3 | loss: 0.0550647
	speed: 0.0061s/iter; left time: 106.1505s
	iters: 1200, epoch: 3 | loss: 0.0788935
	speed: 0.0058s/iter; left time: 99.0954s
	iters: 1300, epoch: 3 | loss: 0.1229832
	speed: 0.0075s/iter; left time: 127.5636s
	iters: 1400, epoch: 3 | loss: 0.1662192
	speed: 0.0061s/iter; left time: 102.8456s
	iters: 1500, epoch: 3 | loss: 0.0403598
	speed: 0.0058s/iter; left time: 98.6899s
	iters: 1600, epoch: 3 | loss: 4.7254834
	speed: 0.0067s/iter; left time: 112.4802s
	iters: 1700, epoch: 3 | loss: 0.1393221
	speed: 0.0060s/iter; left time: 99.9820s
	iters: 1800, epoch: 3 | loss: 0.1217491
	speed: 0.0066s/iter; left time: 108.7106s
	iters: 1900, epoch: 3 | loss: 0.0733610
	speed: 0.0064s/iter; left time: 106.0497s
	iters: 2000, epoch: 3 | loss: 0.0732778
	speed: 0.0073s/iter; left time: 120.1575s
	iters: 2100, epoch: 3 | loss: 4.6558561
	speed: 0.0064s/iter; left time: 104.5820s
	iters: 2200, epoch: 3 | loss: 0.0495695
	speed: 0.0068s/iter; left time: 110.6499s
Epoch: 3 cost time: 14.567667245864868
Epoch: 3, Steps: 2299 | Train Loss: 0.1584035 Vali Loss: 0.0825002 Test Loss: 0.0325427
Validation loss decreased (0.033749 --> 0.032543).  Saving model ...
Updating learning rate to 0.0009619072282363468
	iters: 100, epoch: 4 | loss: 0.0677827
	speed: 0.0447s/iter; left time: 714.5569s
	iters: 200, epoch: 4 | loss: 0.0791705
	speed: 0.0065s/iter; left time: 103.5874s
	iters: 300, epoch: 4 | loss: 0.2272221
	speed: 0.0057s/iter; left time: 90.2152s
	iters: 400, epoch: 4 | loss: 0.0516458
	speed: 0.0062s/iter; left time: 97.5513s
	iters: 500, epoch: 4 | loss: 0.0607392
	speed: 0.0064s/iter; left time: 99.0857s
	iters: 600, epoch: 4 | loss: 0.0503558
	speed: 0.0063s/iter; left time: 97.3147s
	iters: 700, epoch: 4 | loss: 0.0777280
	speed: 0.0064s/iter; left time: 97.8050s
	iters: 800, epoch: 4 | loss: 0.0409472
	speed: 0.0060s/iter; left time: 92.0736s
	iters: 900, epoch: 4 | loss: 0.0911207
	speed: 0.0067s/iter; left time: 102.2825s
	iters: 1000, epoch: 4 | loss: 0.1164347
	speed: 0.0066s/iter; left time: 99.4162s
	iters: 1100, epoch: 4 | loss: 0.1403966
	speed: 0.0056s/iter; left time: 83.7995s
	iters: 1200, epoch: 4 | loss: 0.1420500
	speed: 0.0067s/iter; left time: 99.7986s
	iters: 1300, epoch: 4 | loss: 0.1329927
	speed: 0.0063s/iter; left time: 92.7921s
	iters: 1400, epoch: 4 | loss: 0.1002889
	speed: 0.0058s/iter; left time: 85.5551s
	iters: 1500, epoch: 4 | loss: 0.0901429
	speed: 0.0064s/iter; left time: 93.5373s
	iters: 1600, epoch: 4 | loss: 0.0726577
	speed: 0.0058s/iter; left time: 84.0235s
	iters: 1700, epoch: 4 | loss: 0.1846236
	speed: 0.0067s/iter; left time: 95.7981s
	iters: 1800, epoch: 4 | loss: 0.0549377
	speed: 0.0074s/iter; left time: 105.1140s
	iters: 1900, epoch: 4 | loss: 0.0842784
	speed: 0.0070s/iter; left time: 99.0616s
	iters: 2000, epoch: 4 | loss: 0.0790695
	speed: 0.0070s/iter; left time: 98.3488s
	iters: 2100, epoch: 4 | loss: 0.0699040
	speed: 0.0076s/iter; left time: 105.7817s
	iters: 2200, epoch: 4 | loss: 0.0866576
	speed: 0.0068s/iter; left time: 94.5393s
Epoch: 4 cost time: 14.998875141143799
Epoch: 4, Steps: 2299 | Train Loss: 0.1482243 Vali Loss: 0.0795824 Test Loss: 0.0323641
Validation loss decreased (0.032543 --> 0.032364).  Saving model ...
Updating learning rate to 0.0008534935799492716
	iters: 100, epoch: 5 | loss: 0.1374131
	speed: 0.0455s/iter; left time: 623.6476s
	iters: 200, epoch: 5 | loss: 0.0454620
	speed: 0.0062s/iter; left time: 83.7395s
	iters: 300, epoch: 5 | loss: 0.0549557
	speed: 0.0059s/iter; left time: 80.0320s
	iters: 400, epoch: 5 | loss: 0.0405897
	speed: 0.0064s/iter; left time: 85.1700s
	iters: 500, epoch: 5 | loss: 0.0810309
	speed: 0.0069s/iter; left time: 91.8410s
	iters: 600, epoch: 5 | loss: 0.0855027
	speed: 0.0063s/iter; left time: 83.6209s
	iters: 700, epoch: 5 | loss: 0.0878742
	speed: 0.0063s/iter; left time: 82.1251s
	iters: 800, epoch: 5 | loss: 0.0868259
	speed: 0.0058s/iter; left time: 75.1829s
	iters: 900, epoch: 5 | loss: 0.0540885
	speed: 0.0062s/iter; left time: 79.7933s
	iters: 1000, epoch: 5 | loss: 0.0648033
	speed: 0.0065s/iter; left time: 83.4250s
	iters: 1100, epoch: 5 | loss: 0.1111037
	speed: 0.0058s/iter; left time: 73.1913s
	iters: 1200, epoch: 5 | loss: 0.1367601
	speed: 0.0078s/iter; left time: 98.0128s
	iters: 1300, epoch: 5 | loss: 0.0620595
	speed: 0.0090s/iter; left time: 112.0842s
	iters: 1400, epoch: 5 | loss: 0.0634097
	speed: 0.0079s/iter; left time: 98.1095s
	iters: 1500, epoch: 5 | loss: 0.0672954
	speed: 0.0065s/iter; left time: 79.9840s
	iters: 1600, epoch: 5 | loss: 0.2423548
	speed: 0.0061s/iter; left time: 74.3398s
	iters: 1700, epoch: 5 | loss: 0.0730166
	speed: 0.0064s/iter; left time: 77.8945s
	iters: 1800, epoch: 5 | loss: 0.4805485
	speed: 0.0059s/iter; left time: 71.1258s
	iters: 1900, epoch: 5 | loss: 0.0593843
	speed: 0.0075s/iter; left time: 88.6825s
	iters: 2000, epoch: 5 | loss: 0.0927192
	speed: 0.0075s/iter; left time: 88.2551s
	iters: 2100, epoch: 5 | loss: 0.0611357
	speed: 0.0065s/iter; left time: 75.5183s
	iters: 2200, epoch: 5 | loss: 0.1170901
	speed: 0.0063s/iter; left time: 73.5517s
Epoch: 5 cost time: 15.261545658111572
Epoch: 5, Steps: 2299 | Train Loss: 0.1523400 Vali Loss: 0.0833757 Test Loss: 0.0322152
Validation loss decreased (0.032364 --> 0.032215).  Saving model ...
Updating learning rate to 0.0006912640430240716
	iters: 100, epoch: 6 | loss: 0.0660352
	speed: 0.0443s/iter; left time: 504.2927s
	iters: 200, epoch: 6 | loss: 0.0894032
	speed: 0.0060s/iter; left time: 68.3287s
	iters: 300, epoch: 6 | loss: 0.2121488
	speed: 0.0062s/iter; left time: 69.7297s
	iters: 400, epoch: 6 | loss: 0.0552096
	speed: 0.0059s/iter; left time: 65.8555s
	iters: 500, epoch: 6 | loss: 0.6054238
	speed: 0.0060s/iter; left time: 66.2766s
	iters: 600, epoch: 6 | loss: 0.0520617
	speed: 0.0056s/iter; left time: 61.3359s
	iters: 700, epoch: 6 | loss: 0.0697818
	speed: 0.0060s/iter; left time: 64.8661s
	iters: 800, epoch: 6 | loss: 0.0560031
	speed: 0.0065s/iter; left time: 69.8027s
	iters: 900, epoch: 6 | loss: 0.0793541
	speed: 0.0056s/iter; left time: 59.7689s
	iters: 1000, epoch: 6 | loss: 0.0820959
	speed: 0.0065s/iter; left time: 68.3623s
	iters: 1100, epoch: 6 | loss: 0.1096846
	speed: 0.0060s/iter; left time: 62.8417s
	iters: 1200, epoch: 6 | loss: 0.1758228
	speed: 0.0061s/iter; left time: 62.9791s
	iters: 1300, epoch: 6 | loss: 0.2075097
	speed: 0.0062s/iter; left time: 62.8689s
	iters: 1400, epoch: 6 | loss: 0.0520979
	speed: 0.0061s/iter; left time: 61.7942s
	iters: 1500, epoch: 6 | loss: 0.0527345
	speed: 0.0066s/iter; left time: 65.6250s
	iters: 1600, epoch: 6 | loss: 0.0788248
	speed: 0.0059s/iter; left time: 58.3866s
	iters: 1700, epoch: 6 | loss: 0.0529908
	speed: 0.0062s/iter; left time: 60.5720s
	iters: 1800, epoch: 6 | loss: 0.1624490
	speed: 0.0068s/iter; left time: 65.8990s
	iters: 1900, epoch: 6 | loss: 0.1425820
	speed: 0.0061s/iter; left time: 58.4713s
	iters: 2000, epoch: 6 | loss: 0.0633876
	speed: 0.0061s/iter; left time: 57.5399s
	iters: 2100, epoch: 6 | loss: 0.0491468
	speed: 0.0061s/iter; left time: 57.3729s
	iters: 2200, epoch: 6 | loss: 0.0492349
	speed: 0.0064s/iter; left time: 59.9037s
Epoch: 6 cost time: 14.167361497879028
Epoch: 6, Steps: 2299 | Train Loss: 0.1611986 Vali Loss: 0.0800691 Test Loss: 0.0323043
EarlyStopping counter: 1 out of 15
Updating learning rate to 0.0004999165938431942
	iters: 100, epoch: 7 | loss: 0.0720564
	speed: 0.0435s/iter; left time: 395.3910s
	iters: 200, epoch: 7 | loss: 0.2131009
	speed: 0.0058s/iter; left time: 52.4987s
	iters: 300, epoch: 7 | loss: 0.1044462
	speed: 0.0060s/iter; left time: 53.5655s
	iters: 400, epoch: 7 | loss: 0.0904995
	speed: 0.0060s/iter; left time: 52.6928s
	iters: 500, epoch: 7 | loss: 0.0503649
	speed: 0.0070s/iter; left time: 61.0028s
	iters: 600, epoch: 7 | loss: 0.1496937
	speed: 0.0060s/iter; left time: 51.6890s
	iters: 700, epoch: 7 | loss: 0.1057855
	speed: 0.0063s/iter; left time: 53.6041s
	iters: 800, epoch: 7 | loss: 0.0681117
	speed: 0.0063s/iter; left time: 53.1508s
	iters: 900, epoch: 7 | loss: 0.0477812
	speed: 0.0057s/iter; left time: 47.2583s
	iters: 1000, epoch: 7 | loss: 0.0651384
	speed: 0.0061s/iter; left time: 49.6958s
	iters: 1100, epoch: 7 | loss: 0.0653025
	speed: 0.0065s/iter; left time: 52.5601s
	iters: 1200, epoch: 7 | loss: 0.0716050
	speed: 0.0063s/iter; left time: 50.5705s
	iters: 1300, epoch: 7 | loss: 0.0645186
	speed: 0.0068s/iter; left time: 53.3555s
	iters: 1400, epoch: 7 | loss: 0.0730235
	speed: 0.0066s/iter; left time: 51.4922s
	iters: 1500, epoch: 7 | loss: 0.5301704
	speed: 0.0062s/iter; left time: 47.7991s
	iters: 1600, epoch: 7 | loss: 0.0521381
	speed: 0.0065s/iter; left time: 49.4327s
	iters: 1700, epoch: 7 | loss: 0.2608587
	speed: 0.0059s/iter; left time: 43.8622s
	iters: 1800, epoch: 7 | loss: 0.1519987
	speed: 0.0059s/iter; left time: 43.3934s
	iters: 1900, epoch: 7 | loss: 0.0638422
	speed: 0.0069s/iter; left time: 50.3193s
	iters: 2000, epoch: 7 | loss: 0.0406009
	speed: 0.0060s/iter; left time: 42.8912s
	iters: 2100, epoch: 7 | loss: 0.0701233
	speed: 0.0064s/iter; left time: 45.4065s
	iters: 2200, epoch: 7 | loss: 0.0653956
	speed: 0.0065s/iter; left time: 45.1455s
Epoch: 7 cost time: 14.319539308547974
Epoch: 7, Steps: 2299 | Train Loss: 0.1507546 Vali Loss: 0.0951739 Test Loss: 0.0320786
Validation loss decreased (0.032215 --> 0.032079).  Saving model ...
Updating learning rate to 0.00030858214697548176
	iters: 100, epoch: 8 | loss: 0.1111664
	speed: 0.0442s/iter; left time: 300.2510s
	iters: 200, epoch: 8 | loss: 0.0573376
	speed: 0.0059s/iter; left time: 39.3899s
	iters: 300, epoch: 8 | loss: 0.0774191
	speed: 0.0059s/iter; left time: 39.1559s
	iters: 400, epoch: 8 | loss: 0.2659509
	speed: 0.0067s/iter; left time: 43.6941s
	iters: 500, epoch: 8 | loss: 0.1213442
	speed: 0.0058s/iter; left time: 37.2780s
	iters: 600, epoch: 8 | loss: 0.0438786
	speed: 0.0061s/iter; left time: 38.4308s
	iters: 700, epoch: 8 | loss: 0.0918456
	speed: 0.0058s/iter; left time: 35.8201s
	iters: 800, epoch: 8 | loss: 0.0773448
	speed: 0.0057s/iter; left time: 34.8656s
	iters: 900, epoch: 8 | loss: 0.0448143
	speed: 0.0063s/iter; left time: 37.8617s
	iters: 1000, epoch: 8 | loss: 0.0427236
	speed: 0.0064s/iter; left time: 37.9670s
	iters: 1100, epoch: 8 | loss: 0.1057643
	speed: 0.0067s/iter; left time: 38.9907s
	iters: 1200, epoch: 8 | loss: 0.0595835
	speed: 0.0071s/iter; left time: 40.5648s
	iters: 1300, epoch: 8 | loss: 0.1011069
	speed: 0.0062s/iter; left time: 34.5868s
	iters: 1400, epoch: 8 | loss: 0.0510840
	speed: 0.0061s/iter; left time: 33.6108s
	iters: 1500, epoch: 8 | loss: 0.0688601
	speed: 0.0064s/iter; left time: 34.6676s
	iters: 1600, epoch: 8 | loss: 0.0680343
	speed: 0.0059s/iter; left time: 31.1352s
	iters: 1700, epoch: 8 | loss: 0.1025987
	speed: 0.0067s/iter; left time: 34.7690s
	iters: 1800, epoch: 8 | loss: 0.0782209
	speed: 0.0062s/iter; left time: 31.5477s
	iters: 1900, epoch: 8 | loss: 0.6034974
	speed: 0.0061s/iter; left time: 30.3969s
	iters: 2000, epoch: 8 | loss: 0.0585072
	speed: 0.0068s/iter; left time: 33.1488s
	iters: 2100, epoch: 8 | loss: 0.0664163
	speed: 0.0061s/iter; left time: 29.2747s
	iters: 2200, epoch: 8 | loss: 0.0575037
	speed: 0.0063s/iter; left time: 29.8309s
Epoch: 8 cost time: 14.531292200088501
Epoch: 8, Steps: 2299 | Train Loss: 0.1515176 Vali Loss: 0.0828123 Test Loss: 0.0320719
Validation loss decreased (0.032079 --> 0.032072).  Saving model ...
Updating learning rate to 0.00014638963750546335
	iters: 100, epoch: 9 | loss: 0.0435438
	speed: 0.0451s/iter; left time: 202.8469s
	iters: 200, epoch: 9 | loss: 0.0687857
	speed: 0.0061s/iter; left time: 27.0092s
	iters: 300, epoch: 9 | loss: 0.0511832
	speed: 0.0062s/iter; left time: 26.4647s
	iters: 400, epoch: 9 | loss: 0.0939995
	speed: 0.0058s/iter; left time: 24.5314s
	iters: 500, epoch: 9 | loss: 0.1253726
	speed: 0.0069s/iter; left time: 28.2748s
	iters: 600, epoch: 9 | loss: 0.1823458
	speed: 0.0061s/iter; left time: 24.5889s
	iters: 700, epoch: 9 | loss: 4.6483560
	speed: 0.0060s/iter; left time: 23.2169s
	iters: 800, epoch: 9 | loss: 0.0933777
	speed: 0.0066s/iter; left time: 25.2279s
	iters: 900, epoch: 9 | loss: 0.1258299
	speed: 0.0055s/iter; left time: 20.5139s
	iters: 1000, epoch: 9 | loss: 0.0993390
	speed: 0.0058s/iter; left time: 20.8159s
	iters: 1100, epoch: 9 | loss: 0.1004588
	speed: 0.0061s/iter; left time: 21.4758s
	iters: 1200, epoch: 9 | loss: 4.7010770
	speed: 0.0062s/iter; left time: 20.9866s
	iters: 1300, epoch: 9 | loss: 0.2215987
	speed: 0.0063s/iter; left time: 20.7144s
	iters: 1400, epoch: 9 | loss: 0.1047756
	speed: 0.0059s/iter; left time: 18.7491s
	iters: 1500, epoch: 9 | loss: 0.1368297
	speed: 0.0066s/iter; left time: 20.3564s
	iters: 1600, epoch: 9 | loss: 0.9571904
	speed: 0.0064s/iter; left time: 19.0524s
	iters: 1700, epoch: 9 | loss: 0.1447591
	speed: 0.0058s/iter; left time: 16.6753s
	iters: 1800, epoch: 9 | loss: 0.0710965
	speed: 0.0062s/iter; left time: 17.3786s
	iters: 1900, epoch: 9 | loss: 0.0747086
	speed: 0.0063s/iter; left time: 16.9591s
	iters: 2000, epoch: 9 | loss: 0.0470516
	speed: 0.0062s/iter; left time: 16.1141s
	iters: 2100, epoch: 9 | loss: 0.2013892
	speed: 0.0064s/iter; left time: 15.9070s
	iters: 2200, epoch: 9 | loss: 0.0576423
	speed: 0.0059s/iter; left time: 14.1000s
Epoch: 9 cost time: 14.115468502044678
Epoch: 9, Steps: 2299 | Train Loss: 0.1598640 Vali Loss: 0.0771365 Test Loss: 0.0321322
EarlyStopping counter: 1 out of 15
Updating learning rate to 3.803140472118991e-05
	iters: 100, epoch: 10 | loss: 0.0621943
	speed: 0.0453s/iter; left time: 99.7530s
	iters: 200, epoch: 10 | loss: 0.1532845
	speed: 0.0061s/iter; left time: 12.8940s
	iters: 300, epoch: 10 | loss: 0.0852788
	speed: 0.0063s/iter; left time: 12.6759s
	iters: 400, epoch: 10 | loss: 4.6686850
	speed: 0.0066s/iter; left time: 12.5355s
	iters: 500, epoch: 10 | loss: 0.2040454
	speed: 0.0059s/iter; left time: 10.5618s
	iters: 600, epoch: 10 | loss: 0.0843231
	speed: 0.0064s/iter; left time: 10.9602s
	iters: 700, epoch: 10 | loss: 0.0618071
	speed: 0.0067s/iter; left time: 10.7165s
	iters: 800, epoch: 10 | loss: 0.0463279
	speed: 0.0061s/iter; left time: 9.0793s
	iters: 900, epoch: 10 | loss: 0.0569684
	speed: 0.0063s/iter; left time: 8.8513s
	iters: 1000, epoch: 10 | loss: 0.0922570
	speed: 0.0062s/iter; left time: 8.0161s
	iters: 1100, epoch: 10 | loss: 0.0712313
	speed: 0.0062s/iter; left time: 7.4251s
	iters: 1200, epoch: 10 | loss: 0.0851209
	speed: 0.0067s/iter; left time: 7.3489s
	iters: 1300, epoch: 10 | loss: 0.0940995
	speed: 0.0060s/iter; left time: 6.0060s
	iters: 1400, epoch: 10 | loss: 1.0215039
	speed: 0.0066s/iter; left time: 5.9037s
	iters: 1500, epoch: 10 | loss: 0.1585952
	speed: 0.0069s/iter; left time: 5.5178s
	iters: 1600, epoch: 10 | loss: 0.1024633
	speed: 0.0061s/iter; left time: 4.2685s
	iters: 1700, epoch: 10 | loss: 0.0897476
	speed: 0.0064s/iter; left time: 3.8186s
	iters: 1800, epoch: 10 | loss: 0.0861512
	speed: 0.0066s/iter; left time: 3.2841s
	iters: 1900, epoch: 10 | loss: 0.0967643
	speed: 0.0060s/iter; left time: 2.3981s
	iters: 2000, epoch: 10 | loss: 0.0686211
	speed: 0.0065s/iter; left time: 1.9611s
	iters: 2100, epoch: 10 | loss: 0.1196065
	speed: 0.0063s/iter; left time: 1.2545s
	iters: 2200, epoch: 10 | loss: 0.1150130
	speed: 0.0063s/iter; left time: 0.6327s
Epoch: 10 cost time: 14.70842170715332
Epoch: 10, Steps: 2299 | Train Loss: 0.1648536 Vali Loss: 0.0877681 Test Loss: 0.0325587
EarlyStopping counter: 2 out of 15
Updating learning rate to 4.00729424084425e-09
>>>>>>>testing : imputation_IMP_SparseTSF_Weather_mask0.25_none_SparseTSF_custom_sl96_pl0_dm16_nh8_el2_dl1_df32_fc1_ebtimeF_dtTrue_Imp_0<<<<<<<<<<<<<<<<<<<<<<<<<<<<<<<<<
test 10540
test shape: (10528, 96, 21) (10528, 96, 21)
mse:0.0323617123067379, mae:0.05535460263490677
