Args in experiment:
Namespace(activation='gelu', anomaly_ratio=0.25, batch_size=16, c_out=7, channel_independence=1, checkpoints='./checkpoints/', comment='none', d_ff=32, d_layers=1, d_model=32, data='ETTm2', data_path='ETTm2.csv', dec_in=7, decomp_method='moving_avg', des='Imp', devices='0,1', distil=True, down_sampling_layers=3, down_sampling_method='avg', down_sampling_window=2, drop_last=True, dropout=0.1, e_layers=2, embed='timeF', emissions_file='emissions.csv', emissions_output_dir='.', enc_in=7, factor=1, features='M', freq='h', gpu=0, inverse=False, is_training=1, itr=1, label_len=0, learning_rate=0.001, loss='MSE', lradj='TST', mask_rate=0.375, model='SparseTSF', model_id='IMP_SparseTSF_ETTm2_mask0.375', model_type='linear', moving_avg=25, n_heads=8, num_kernels=6, num_workers=0, output_attention=False, p_hidden_dims=[128, 128], p_hidden_layers=2, patience=15, pct_start=0.2, period_len=4, pred_len=0, root_path='C:\\Users\\bbbal\\OneDrive\\Masaüstü\\timemixer\\dataset\\ETT-small', seasonal_patterns='Monthly', seq_len=96, target='OT', task_name='imputation', top_k=5, track_emissions=0, train_epochs=10, use_amp=False, use_future_temporal_feature=0, use_gpu=True, use_multi_gpu=False, use_norm=1)
Use GPU: cuda:0
>>>>>>>start training : imputation_IMP_SparseTSF_ETTm2_mask0.375_none_SparseTSF_ETTm2_sl96_pl0_dm32_nh8_el2_dl1_df32_fc1_ebtimeF_dtTrue_Imp_0>>>>>>>>>>>>>>>>>>>>>>>>>>
train 34465
val 11521
test 11521
	iters: 100, epoch: 1 | loss: 0.1244784
	speed: 0.0412s/iter; left time: 884.3583s
	iters: 200, epoch: 1 | loss: 0.1634649
	speed: 0.0054s/iter; left time: 115.1813s
	iters: 300, epoch: 1 | loss: 0.1862694
	speed: 0.0060s/iter; left time: 126.8438s
	iters: 400, epoch: 1 | loss: 0.1484862
	speed: 0.0058s/iter; left time: 121.9698s
	iters: 500, epoch: 1 | loss: 0.1629936
	speed: 0.0065s/iter; left time: 137.3442s
	iters: 600, epoch: 1 | loss: 0.1422265
	speed: 0.0057s/iter; left time: 119.3252s
	iters: 700, epoch: 1 | loss: 0.1206561
	speed: 0.0055s/iter; left time: 115.1146s
	iters: 800, epoch: 1 | loss: 0.1349402
	speed: 0.0070s/iter; left time: 146.1845s
	iters: 900, epoch: 1 | loss: 0.1077895
	speed: 0.0056s/iter; left time: 114.8716s
	iters: 1000, epoch: 1 | loss: 0.1286819
	speed: 0.0058s/iter; left time: 119.4175s
	iters: 1100, epoch: 1 | loss: 0.1082058
	speed: 0.0061s/iter; left time: 123.9572s
	iters: 1200, epoch: 1 | loss: 0.1123298
	speed: 0.0063s/iter; left time: 128.1245s
	iters: 1300, epoch: 1 | loss: 0.0828475
	speed: 0.0061s/iter; left time: 124.1579s
	iters: 1400, epoch: 1 | loss: 0.0641307
	speed: 0.0052s/iter; left time: 104.6208s
	iters: 1500, epoch: 1 | loss: 0.0932856
	speed: 0.0065s/iter; left time: 131.2576s
	iters: 1600, epoch: 1 | loss: 0.0669610
	speed: 0.0062s/iter; left time: 124.6047s
	iters: 1700, epoch: 1 | loss: 0.0848177
	speed: 0.0050s/iter; left time: 99.8521s
	iters: 1800, epoch: 1 | loss: 0.0576039
	speed: 0.0055s/iter; left time: 109.2807s
	iters: 1900, epoch: 1 | loss: 0.0776419
	speed: 0.0055s/iter; left time: 108.4489s
	iters: 2000, epoch: 1 | loss: 0.0647200
	speed: 0.0062s/iter; left time: 121.4874s
	iters: 2100, epoch: 1 | loss: 0.0581004
	speed: 0.0053s/iter; left time: 102.7445s
Epoch: 1 cost time: 16.264003038406372
Epoch: 1, Steps: 2154 | Train Loss: 0.1137947 Vali Loss: 0.0497809 Test Loss: 0.0545781
Validation loss decreased (inf --> 0.054578).  Saving model ...
Updating learning rate to 0.0005201750597214178
	iters: 100, epoch: 2 | loss: 0.0591331
	speed: 0.0565s/iter; left time: 1090.4725s
	iters: 200, epoch: 2 | loss: 0.0512750
	speed: 0.0059s/iter; left time: 113.0367s
	iters: 300, epoch: 2 | loss: 0.0489314
	speed: 0.0054s/iter; left time: 103.4069s
	iters: 400, epoch: 2 | loss: 0.0448056
	speed: 0.0066s/iter; left time: 125.5336s
	iters: 500, epoch: 2 | loss: 0.0391521
	speed: 0.0055s/iter; left time: 103.3234s
	iters: 600, epoch: 2 | loss: 0.0357738
	speed: 0.0069s/iter; left time: 128.8351s
	iters: 700, epoch: 2 | loss: 0.0378665
	speed: 0.0059s/iter; left time: 111.1359s
	iters: 800, epoch: 2 | loss: 0.0384922
	speed: 0.0060s/iter; left time: 110.6562s
	iters: 900, epoch: 2 | loss: 0.0296618
	speed: 0.0062s/iter; left time: 114.2948s
	iters: 1000, epoch: 2 | loss: 0.0420851
	speed: 0.0054s/iter; left time: 100.0511s
	iters: 1100, epoch: 2 | loss: 0.0324065
	speed: 0.0068s/iter; left time: 123.7518s
	iters: 1200, epoch: 2 | loss: 0.0305962
	speed: 0.0062s/iter; left time: 112.1908s
	iters: 1300, epoch: 2 | loss: 0.0394925
	speed: 0.0055s/iter; left time: 100.1400s
	iters: 1400, epoch: 2 | loss: 0.0288857
	speed: 0.0063s/iter; left time: 113.9404s
	iters: 1500, epoch: 2 | loss: 0.0309995
	speed: 0.0054s/iter; left time: 96.6259s
	iters: 1600, epoch: 2 | loss: 0.0309841
	speed: 0.0056s/iter; left time: 100.2332s
	iters: 1700, epoch: 2 | loss: 0.0296324
	speed: 0.0055s/iter; left time: 98.0776s
	iters: 1800, epoch: 2 | loss: 0.0307645
	speed: 0.0055s/iter; left time: 97.6045s
	iters: 1900, epoch: 2 | loss: 0.0380694
	speed: 0.0063s/iter; left time: 109.7428s
	iters: 2000, epoch: 2 | loss: 0.0449417
	speed: 0.0063s/iter; left time: 109.0818s
	iters: 2100, epoch: 2 | loss: 0.0270731
	speed: 0.0067s/iter; left time: 115.4504s
Epoch: 2 cost time: 13.02101445198059
Epoch: 2, Steps: 2154 | Train Loss: 0.0376412 Vali Loss: 0.0319808 Test Loss: 0.0345684
Validation loss decreased (0.054578 --> 0.034568).  Saving model ...
Updating learning rate to 0.0009999999916906579
	iters: 100, epoch: 3 | loss: 0.0343527
	speed: 0.0534s/iter; left time: 914.0683s
	iters: 200, epoch: 3 | loss: 0.0467479
	speed: 0.0066s/iter; left time: 111.9700s
	iters: 300, epoch: 3 | loss: 0.0328043
	speed: 0.0051s/iter; left time: 86.1919s
	iters: 400, epoch: 3 | loss: 0.0283760
	speed: 0.0063s/iter; left time: 106.2674s
	iters: 500, epoch: 3 | loss: 0.0555233
	speed: 0.0059s/iter; left time: 99.4985s
	iters: 600, epoch: 3 | loss: 0.0370009
	speed: 0.0061s/iter; left time: 101.1517s
	iters: 700, epoch: 3 | loss: 0.0299744
	speed: 0.0059s/iter; left time: 97.3893s
	iters: 800, epoch: 3 | loss: 0.0449920
	speed: 0.0054s/iter; left time: 88.5906s
	iters: 900, epoch: 3 | loss: 0.0333596
	speed: 0.0074s/iter; left time: 121.4723s
	iters: 1000, epoch: 3 | loss: 0.0273782
	speed: 0.0058s/iter; left time: 93.5549s
	iters: 1100, epoch: 3 | loss: 0.0428314
	speed: 0.0054s/iter; left time: 87.6920s
	iters: 1200, epoch: 3 | loss: 0.0286493
	speed: 0.0063s/iter; left time: 101.0075s
	iters: 1300, epoch: 3 | loss: 0.0382402
	speed: 0.0055s/iter; left time: 88.1124s
	iters: 1400, epoch: 3 | loss: 0.0461959
	speed: 0.0063s/iter; left time: 100.0779s
	iters: 1500, epoch: 3 | loss: 0.0454899
	speed: 0.0056s/iter; left time: 87.6866s
	iters: 1600, epoch: 3 | loss: 0.0422696
	speed: 0.0059s/iter; left time: 92.4948s
	iters: 1700, epoch: 3 | loss: 0.0339169
	speed: 0.0061s/iter; left time: 95.5055s
	iters: 1800, epoch: 3 | loss: 0.0304999
	speed: 0.0053s/iter; left time: 81.6364s
	iters: 1900, epoch: 3 | loss: 0.0263824
	speed: 0.0063s/iter; left time: 97.1573s
	iters: 2000, epoch: 3 | loss: 0.0324295
	speed: 0.0053s/iter; left time: 80.6383s
	iters: 2100, epoch: 3 | loss: 0.0295312
	speed: 0.0062s/iter; left time: 93.5363s
Epoch: 3 cost time: 12.768541097640991
Epoch: 3, Steps: 2154 | Train Loss: 0.0341955 Vali Loss: 0.0319699 Test Loss: 0.0346416
EarlyStopping counter: 1 out of 15
Updating learning rate to 0.0009619050271543523
	iters: 100, epoch: 4 | loss: 0.0230043
	speed: 0.0535s/iter; left time: 801.7668s
	iters: 200, epoch: 4 | loss: 0.0307136
	speed: 0.0053s/iter; left time: 78.4318s
	iters: 300, epoch: 4 | loss: 0.0277709
	speed: 0.0057s/iter; left time: 83.8912s
	iters: 400, epoch: 4 | loss: 0.0527404
	speed: 0.0061s/iter; left time: 89.4818s
	iters: 500, epoch: 4 | loss: 0.0284502
	speed: 0.0062s/iter; left time: 91.0022s
	iters: 600, epoch: 4 | loss: 0.0256150
	speed: 0.0062s/iter; left time: 90.1211s
	iters: 700, epoch: 4 | loss: 0.0254371
	speed: 0.0053s/iter; left time: 76.4954s
	iters: 800, epoch: 4 | loss: 0.0311197
	speed: 0.0058s/iter; left time: 82.9280s
	iters: 900, epoch: 4 | loss: 0.0278254
	speed: 0.0074s/iter; left time: 105.2240s
	iters: 1000, epoch: 4 | loss: 0.0297813
	speed: 0.0061s/iter; left time: 86.4280s
	iters: 1100, epoch: 4 | loss: 0.0280337
	speed: 0.0057s/iter; left time: 79.3087s
	iters: 1200, epoch: 4 | loss: 0.0355602
	speed: 0.0069s/iter; left time: 95.9470s
	iters: 1300, epoch: 4 | loss: 0.0306224
	speed: 0.0061s/iter; left time: 84.0419s
	iters: 1400, epoch: 4 | loss: 0.0283117
	speed: 0.0065s/iter; left time: 88.4828s
	iters: 1500, epoch: 4 | loss: 0.0332346
	speed: 0.0063s/iter; left time: 85.8851s
	iters: 1600, epoch: 4 | loss: 0.0500245
	speed: 0.0054s/iter; left time: 73.2754s
	iters: 1700, epoch: 4 | loss: 0.0279399
	speed: 0.0061s/iter; left time: 82.1218s
	iters: 1800, epoch: 4 | loss: 0.0274438
	speed: 0.0058s/iter; left time: 76.3795s
	iters: 1900, epoch: 4 | loss: 0.0491295
	speed: 0.0061s/iter; left time: 80.9374s
	iters: 2000, epoch: 4 | loss: 0.0290109
	speed: 0.0068s/iter; left time: 89.3855s
	iters: 2100, epoch: 4 | loss: 0.0283908
	speed: 0.0058s/iter; left time: 75.6435s
Epoch: 4 cost time: 13.174343824386597
Epoch: 4, Steps: 2154 | Train Loss: 0.0341583 Vali Loss: 0.0320390 Test Loss: 0.0346814
EarlyStopping counter: 2 out of 15
Updating learning rate to 0.0008534895138951646
	iters: 100, epoch: 5 | loss: 0.0240352
	speed: 0.0531s/iter; left time: 680.8221s
	iters: 200, epoch: 5 | loss: 0.0332378
	speed: 0.0056s/iter; left time: 71.5443s
	iters: 300, epoch: 5 | loss: 0.0279987
	speed: 0.0066s/iter; left time: 83.1256s
	iters: 400, epoch: 5 | loss: 0.0438714
	speed: 0.0059s/iter; left time: 73.7468s
	iters: 500, epoch: 5 | loss: 0.0298318
	speed: 0.0068s/iter; left time: 84.8811s
	iters: 600, epoch: 5 | loss: 0.0367720
	speed: 0.0062s/iter; left time: 76.2284s
	iters: 700, epoch: 5 | loss: 0.0234089
	speed: 0.0055s/iter; left time: 66.7672s
	iters: 800, epoch: 5 | loss: 0.0308726
	speed: 0.0064s/iter; left time: 77.5061s
	iters: 900, epoch: 5 | loss: 0.0296203
	speed: 0.0054s/iter; left time: 65.0377s
	iters: 1000, epoch: 5 | loss: 0.0316431
	speed: 0.0058s/iter; left time: 69.5646s
	iters: 1100, epoch: 5 | loss: 0.0298984
	speed: 0.0063s/iter; left time: 74.7985s
	iters: 1200, epoch: 5 | loss: 0.0293978
	speed: 0.0054s/iter; left time: 63.7842s
	iters: 1300, epoch: 5 | loss: 0.0384638
	speed: 0.0067s/iter; left time: 77.6955s
	iters: 1400, epoch: 5 | loss: 0.0312516
	speed: 0.0063s/iter; left time: 72.1108s
	iters: 1500, epoch: 5 | loss: 0.0230041
	speed: 0.0060s/iter; left time: 68.2956s
	iters: 1600, epoch: 5 | loss: 0.0421666
	speed: 0.0059s/iter; left time: 66.6104s
	iters: 1700, epoch: 5 | loss: 0.0289498
	speed: 0.0056s/iter; left time: 63.0067s
	iters: 1800, epoch: 5 | loss: 0.0317545
	speed: 0.0069s/iter; left time: 76.7479s
	iters: 1900, epoch: 5 | loss: 0.0289765
	speed: 0.0055s/iter; left time: 60.3586s
	iters: 2000, epoch: 5 | loss: 0.0299561
	speed: 0.0064s/iter; left time: 69.4750s
	iters: 2100, epoch: 5 | loss: 0.0295447
	speed: 0.0061s/iter; left time: 66.4721s
Epoch: 5 cost time: 13.129149675369263
Epoch: 5, Steps: 2154 | Train Loss: 0.0340273 Vali Loss: 0.0319130 Test Loss: 0.0345813
EarlyStopping counter: 3 out of 15
Updating learning rate to 0.0006912587310177311
	iters: 100, epoch: 6 | loss: 0.0287637
	speed: 0.0533s/iter; left time: 568.9960s
	iters: 200, epoch: 6 | loss: 0.0287515
	speed: 0.0062s/iter; left time: 65.3700s
	iters: 300, epoch: 6 | loss: 0.0293539
	speed: 0.0058s/iter; left time: 60.4682s
	iters: 400, epoch: 6 | loss: 0.0382390
	speed: 0.0065s/iter; left time: 67.5166s
	iters: 500, epoch: 6 | loss: 0.0295256
	speed: 0.0054s/iter; left time: 55.1366s
	iters: 600, epoch: 6 | loss: 0.0519609
	speed: 0.0071s/iter; left time: 71.7692s
	iters: 700, epoch: 6 | loss: 0.0295266
	speed: 0.0065s/iter; left time: 65.2408s
	iters: 800, epoch: 6 | loss: 0.0313026
	speed: 0.0063s/iter; left time: 63.1696s
	iters: 900, epoch: 6 | loss: 0.0406694
	speed: 0.0064s/iter; left time: 63.1187s
	iters: 1000, epoch: 6 | loss: 0.0296215
	speed: 0.0058s/iter; left time: 56.8243s
	iters: 1100, epoch: 6 | loss: 0.0346762
	speed: 0.0056s/iter; left time: 53.8083s
	iters: 1200, epoch: 6 | loss: 0.0357657
	speed: 0.0061s/iter; left time: 58.0196s
	iters: 1300, epoch: 6 | loss: 0.0365422
	speed: 0.0059s/iter; left time: 55.6975s
	iters: 1400, epoch: 6 | loss: 0.0316533
	speed: 0.0061s/iter; left time: 56.8271s
	iters: 1500, epoch: 6 | loss: 0.0299461
	speed: 0.0057s/iter; left time: 52.6076s
	iters: 1600, epoch: 6 | loss: 0.0285976
	speed: 0.0066s/iter; left time: 60.8461s
	iters: 1700, epoch: 6 | loss: 0.0489644
	speed: 0.0062s/iter; left time: 55.8731s
	iters: 1800, epoch: 6 | loss: 0.0264333
	speed: 0.0056s/iter; left time: 50.2989s
	iters: 1900, epoch: 6 | loss: 0.0603363
	speed: 0.0061s/iter; left time: 53.7105s
	iters: 2000, epoch: 6 | loss: 0.0239726
	speed: 0.0057s/iter; left time: 50.1843s
	iters: 2100, epoch: 6 | loss: 0.0374946
	speed: 0.0067s/iter; left time: 57.9982s
Epoch: 6 cost time: 13.188082456588745
Epoch: 6, Steps: 2154 | Train Loss: 0.0340667 Vali Loss: 0.0319146 Test Loss: 0.0346094
EarlyStopping counter: 4 out of 15
Updating learning rate to 0.0004999108445894319
	iters: 100, epoch: 7 | loss: 0.0387378
	speed: 0.0540s/iter; left time: 459.7679s
	iters: 200, epoch: 7 | loss: 0.0423610
	speed: 0.0062s/iter; left time: 51.8686s
	iters: 300, epoch: 7 | loss: 0.0301484
	speed: 0.0064s/iter; left time: 52.9516s
	iters: 400, epoch: 7 | loss: 0.0351296
	speed: 0.0054s/iter; left time: 44.4838s
	iters: 500, epoch: 7 | loss: 0.0302492
	speed: 0.0057s/iter; left time: 46.1576s
	iters: 600, epoch: 7 | loss: 0.0369202
	speed: 0.0076s/iter; left time: 61.2229s
	iters: 700, epoch: 7 | loss: 0.0346587
	speed: 0.0065s/iter; left time: 51.5741s
	iters: 800, epoch: 7 | loss: 0.0361783
	speed: 0.0060s/iter; left time: 46.9751s
	iters: 900, epoch: 7 | loss: 0.0284396
	speed: 0.0052s/iter; left time: 40.2397s
	iters: 1000, epoch: 7 | loss: 0.0268148
	speed: 0.0067s/iter; left time: 50.7039s
	iters: 1100, epoch: 7 | loss: 0.0443740
	speed: 0.0071s/iter; left time: 53.5121s
	iters: 1200, epoch: 7 | loss: 0.0372062
	speed: 0.0055s/iter; left time: 40.4459s
	iters: 1300, epoch: 7 | loss: 0.0307315
	speed: 0.0065s/iter; left time: 47.5251s
	iters: 1400, epoch: 7 | loss: 0.0330589
	speed: 0.0058s/iter; left time: 41.9151s
	iters: 1500, epoch: 7 | loss: 0.0331452
	speed: 0.0060s/iter; left time: 42.5790s
	iters: 1600, epoch: 7 | loss: 0.0278135
	speed: 0.0069s/iter; left time: 48.4704s
	iters: 1700, epoch: 7 | loss: 0.0299057
	speed: 0.0064s/iter; left time: 44.2380s
	iters: 1800, epoch: 7 | loss: 0.0321095
	speed: 0.0066s/iter; left time: 44.9323s
	iters: 1900, epoch: 7 | loss: 0.0416571
	speed: 0.0063s/iter; left time: 42.0514s
	iters: 2000, epoch: 7 | loss: 0.0286954
	speed: 0.0054s/iter; left time: 35.5981s
	iters: 2100, epoch: 7 | loss: 0.0337580
	speed: 0.0079s/iter; left time: 51.2112s
Epoch: 7 cost time: 13.555739164352417
Epoch: 7, Steps: 2154 | Train Loss: 0.0340108 Vali Loss: 0.0319871 Test Loss: 0.0344716
Validation loss decreased (0.034568 --> 0.034472).  Saving model ...
Updating learning rate to 0.00030857683574606596
	iters: 100, epoch: 8 | loss: 0.0254196
	speed: 0.0556s/iter; left time: 353.7577s
	iters: 200, epoch: 8 | loss: 0.0341675
	speed: 0.0060s/iter; left time: 37.3413s
	iters: 300, epoch: 8 | loss: 0.0466853
	speed: 0.0056s/iter; left time: 34.4325s
	iters: 400, epoch: 8 | loss: 0.0301425
	speed: 0.0055s/iter; left time: 33.0443s
	iters: 500, epoch: 8 | loss: 0.0316431
	speed: 0.0054s/iter; left time: 31.9223s
	iters: 600, epoch: 8 | loss: 0.0431931
	speed: 0.0077s/iter; left time: 45.0919s
	iters: 700, epoch: 8 | loss: 0.0265195
	speed: 0.0071s/iter; left time: 41.0599s
	iters: 800, epoch: 8 | loss: 0.0269806
	speed: 0.0068s/iter; left time: 38.7417s
	iters: 900, epoch: 8 | loss: 0.0252405
	speed: 0.0057s/iter; left time: 31.7803s
	iters: 1000, epoch: 8 | loss: 0.0340410
	speed: 0.0056s/iter; left time: 30.8480s
	iters: 1100, epoch: 8 | loss: 0.0353219
	speed: 0.0064s/iter; left time: 34.5025s
	iters: 1200, epoch: 8 | loss: 0.0454167
	speed: 0.0060s/iter; left time: 31.7421s
	iters: 1300, epoch: 8 | loss: 0.0286173
	speed: 0.0063s/iter; left time: 32.4418s
	iters: 1400, epoch: 8 | loss: 0.0307397
	speed: 0.0057s/iter; left time: 28.7037s
	iters: 1500, epoch: 8 | loss: 0.0388812
	speed: 0.0070s/iter; left time: 34.9204s
	iters: 1600, epoch: 8 | loss: 0.0289574
	speed: 0.0071s/iter; left time: 34.7448s
	iters: 1700, epoch: 8 | loss: 0.0335003
	speed: 0.0054s/iter; left time: 25.5404s
	iters: 1800, epoch: 8 | loss: 0.0273342
	speed: 0.0064s/iter; left time: 29.7550s
	iters: 1900, epoch: 8 | loss: 0.0300928
	speed: 0.0058s/iter; left time: 26.6813s
	iters: 2000, epoch: 8 | loss: 0.0281493
	speed: 0.0058s/iter; left time: 25.7225s
	iters: 2100, epoch: 8 | loss: 0.0341376
	speed: 0.0059s/iter; left time: 25.5511s
Epoch: 8 cost time: 13.178657054901123
Epoch: 8, Steps: 2154 | Train Loss: 0.0340135 Vali Loss: 0.0318340 Test Loss: 0.0345035
EarlyStopping counter: 1 out of 15
Updating learning rate to 0.00014638557288692642
	iters: 100, epoch: 9 | loss: 0.0290169
	speed: 0.0534s/iter; left time: 224.6517s
	iters: 200, epoch: 9 | loss: 0.0344535
	speed: 0.0057s/iter; left time: 23.5472s
	iters: 300, epoch: 9 | loss: 0.0336155
	speed: 0.0063s/iter; left time: 25.3682s
	iters: 400, epoch: 9 | loss: 0.0339152
	speed: 0.0066s/iter; left time: 25.8549s
	iters: 500, epoch: 9 | loss: 0.0326907
	speed: 0.0054s/iter; left time: 20.4236s
	iters: 600, epoch: 9 | loss: 0.0325764
	speed: 0.0061s/iter; left time: 22.6445s
	iters: 700, epoch: 9 | loss: 0.0266469
	speed: 0.0061s/iter; left time: 22.1903s
	iters: 800, epoch: 9 | loss: 0.0296551
	speed: 0.0059s/iter; left time: 20.8055s
	iters: 900, epoch: 9 | loss: 0.0253407
	speed: 0.0064s/iter; left time: 21.8969s
	iters: 1000, epoch: 9 | loss: 0.0292216
	speed: 0.0059s/iter; left time: 19.5046s
	iters: 1100, epoch: 9 | loss: 0.0290577
	speed: 0.0060s/iter; left time: 19.1051s
	iters: 1200, epoch: 9 | loss: 0.0371267
	speed: 0.0063s/iter; left time: 19.4601s
	iters: 1300, epoch: 9 | loss: 0.0377890
	speed: 0.0053s/iter; left time: 15.8294s
	iters: 1400, epoch: 9 | loss: 0.0298359
	speed: 0.0070s/iter; left time: 20.2195s
	iters: 1500, epoch: 9 | loss: 0.0314334
	speed: 0.0066s/iter; left time: 18.5903s
	iters: 1600, epoch: 9 | loss: 0.0277817
	speed: 0.0056s/iter; left time: 15.1583s
	iters: 1700, epoch: 9 | loss: 0.0408774
	speed: 0.0066s/iter; left time: 17.2601s
	iters: 1800, epoch: 9 | loss: 0.0318513
	speed: 0.0058s/iter; left time: 14.5839s
	iters: 1900, epoch: 9 | loss: 0.0282755
	speed: 0.0070s/iter; left time: 16.7481s
	iters: 2000, epoch: 9 | loss: 0.0313160
	speed: 0.0055s/iter; left time: 12.6432s
	iters: 2100, epoch: 9 | loss: 0.0254126
	speed: 0.0053s/iter; left time: 11.6575s
Epoch: 9 cost time: 13.018917083740234
Epoch: 9, Steps: 2154 | Train Loss: 0.0340172 Vali Loss: 0.0317861 Test Loss: 0.0343760
Validation loss decreased (0.034472 --> 0.034376).  Saving model ...
Updating learning rate to 3.802920551485804e-05
	iters: 100, epoch: 10 | loss: 0.0331247
	speed: 0.0541s/iter; left time: 111.2164s
	iters: 200, epoch: 10 | loss: 0.0288086
	speed: 0.0055s/iter; left time: 10.8084s
	iters: 300, epoch: 10 | loss: 0.0509596
	speed: 0.0057s/iter; left time: 10.5428s
	iters: 400, epoch: 10 | loss: 0.0530187
	speed: 0.0054s/iter; left time: 9.4532s
	iters: 500, epoch: 10 | loss: 0.0301048
	speed: 0.0064s/iter; left time: 10.6549s
	iters: 600, epoch: 10 | loss: 0.0305175
	speed: 0.0053s/iter; left time: 8.1790s
	iters: 700, epoch: 10 | loss: 0.0315404
	speed: 0.0068s/iter; left time: 9.9168s
	iters: 800, epoch: 10 | loss: 0.0281911
	speed: 0.0055s/iter; left time: 7.4640s
	iters: 900, epoch: 10 | loss: 0.0285318
	speed: 0.0067s/iter; left time: 8.4342s
	iters: 1000, epoch: 10 | loss: 0.0440409
	speed: 0.0061s/iter; left time: 7.0885s
	iters: 1100, epoch: 10 | loss: 0.0512822
	speed: 0.0051s/iter; left time: 5.3904s
	iters: 1200, epoch: 10 | loss: 0.0363059
	speed: 0.0065s/iter; left time: 6.2163s
	iters: 1300, epoch: 10 | loss: 0.0328743
	speed: 0.0062s/iter; left time: 5.3200s
	iters: 1400, epoch: 10 | loss: 0.0362637
	speed: 0.0062s/iter; left time: 4.7001s
	iters: 1500, epoch: 10 | loss: 0.0439622
	speed: 0.0074s/iter; left time: 4.8217s
	iters: 1600, epoch: 10 | loss: 0.0271479
	speed: 0.0063s/iter; left time: 3.5098s
	iters: 1700, epoch: 10 | loss: 0.0284863
	speed: 0.0062s/iter; left time: 2.8193s
	iters: 1800, epoch: 10 | loss: 0.0256116
	speed: 0.0058s/iter; left time: 2.0563s
	iters: 1900, epoch: 10 | loss: 0.0235251
	speed: 0.0053s/iter; left time: 1.3429s
	iters: 2000, epoch: 10 | loss: 0.0340677
	speed: 0.0070s/iter; left time: 1.0841s
	iters: 2100, epoch: 10 | loss: 0.0257187
	speed: 0.0053s/iter; left time: 0.2892s
Epoch: 10 cost time: 13.079123973846436
Epoch: 10, Steps: 2154 | Train Loss: 0.0339541 Vali Loss: 0.0318353 Test Loss: 0.0345308
EarlyStopping counter: 1 out of 15
Updating learning rate to 4.008309342172464e-09
>>>>>>>testing : imputation_IMP_SparseTSF_ETTm2_mask0.375_none_SparseTSF_ETTm2_sl96_pl0_dm32_nh8_el2_dl1_df32_fc1_ebtimeF_dtTrue_Imp_0<<<<<<<<<<<<<<<<<<<<<<<<<<<<<<<<<
test 11521
test shape: (11520, 96, 7) (11520, 96, 7)
mse:0.03449936956167221, mae:0.11312248557806015
