Args in experiment:
Namespace(activation='gelu', anomaly_ratio=0.25, batch_size=16, c_out=7, channel_independence=1, checkpoints='./checkpoints/', comment='none', d_ff=32, d_layers=1, d_model=16, data='ETTm1', data_path='ETTm1.csv', dec_in=7, decomp_method='moving_avg', des='Imp', devices='0,1', distil=True, down_sampling_layers=3, down_sampling_method='avg', down_sampling_window=2, drop_last=True, dropout=0.1, e_layers=2, embed='timeF', emissions_file='emissions.csv', emissions_output_dir='.', enc_in=7, factor=1, features='M', freq='h', gpu=0, inverse=False, is_training=1, itr=1, label_len=0, learning_rate=0.001, loss='MSE', lradj='TST', mask_rate=0.375, model='SparseTSF', model_id='IMP_SparseTSF_ETTm1_mask0.375', model_type='linear', moving_avg=25, n_heads=8, num_kernels=6, num_workers=0, output_attention=False, p_hidden_dims=[128, 128], p_hidden_layers=2, patience=15, pct_start=0.2, period_len=4, pred_len=0, root_path='C:\\Users\\bbbal\\OneDrive\\Masaüstü\\timemixer\\dataset\\ETT-small', seasonal_patterns='Monthly', seq_len=96, target='OT', task_name='imputation', top_k=5, track_emissions=0, train_epochs=10, use_amp=False, use_future_temporal_feature=0, use_gpu=True, use_multi_gpu=False, use_norm=1)
Use GPU: cuda:0
>>>>>>>start training : imputation_IMP_SparseTSF_ETTm1_mask0.375_none_SparseTSF_ETTm1_sl96_pl0_dm16_nh8_el2_dl1_df32_fc1_ebtimeF_dtTrue_Imp_0>>>>>>>>>>>>>>>>>>>>>>>>>>
train 34465
val 11521
test 11521
	iters: 100, epoch: 1 | loss: 0.4504169
	speed: 0.0387s/iter; left time: 829.0613s
	iters: 200, epoch: 1 | loss: 0.2864316
	speed: 0.0056s/iter; left time: 119.5023s
	iters: 300, epoch: 1 | loss: 0.4655204
	speed: 0.0062s/iter; left time: 131.6255s
	iters: 400, epoch: 1 | loss: 0.3999976
	speed: 0.0057s/iter; left time: 121.4745s
	iters: 500, epoch: 1 | loss: 0.3593588
	speed: 0.0058s/iter; left time: 121.3011s
	iters: 600, epoch: 1 | loss: 0.3406943
	speed: 0.0054s/iter; left time: 112.4145s
	iters: 700, epoch: 1 | loss: 0.3290608
	speed: 0.0068s/iter; left time: 142.3523s
	iters: 800, epoch: 1 | loss: 0.3687755
	speed: 0.0059s/iter; left time: 122.6850s
	iters: 900, epoch: 1 | loss: 0.2430227
	speed: 0.0054s/iter; left time: 111.0575s
	iters: 1000, epoch: 1 | loss: 0.2663639
	speed: 0.0062s/iter; left time: 126.8806s
	iters: 1100, epoch: 1 | loss: 0.2293795
	speed: 0.0055s/iter; left time: 111.9365s
	iters: 1200, epoch: 1 | loss: 0.2607764
	speed: 0.0060s/iter; left time: 122.3067s
	iters: 1300, epoch: 1 | loss: 0.1792268
	speed: 0.0055s/iter; left time: 111.8343s
	iters: 1400, epoch: 1 | loss: 0.1547191
	speed: 0.0063s/iter; left time: 126.2937s
	iters: 1500, epoch: 1 | loss: 0.1614297
	speed: 0.0058s/iter; left time: 116.9180s
	iters: 1600, epoch: 1 | loss: 0.1206203
	speed: 0.0054s/iter; left time: 108.0140s
	iters: 1700, epoch: 1 | loss: 0.1248084
	speed: 0.0052s/iter; left time: 102.8182s
	iters: 1800, epoch: 1 | loss: 0.1175938
	speed: 0.0071s/iter; left time: 139.4874s
	iters: 1900, epoch: 1 | loss: 0.1163307
	speed: 0.0055s/iter; left time: 108.7340s
	iters: 2000, epoch: 1 | loss: 0.1281540
	speed: 0.0057s/iter; left time: 111.9791s
	iters: 2100, epoch: 1 | loss: 0.0883927
	speed: 0.0054s/iter; left time: 105.6649s
Epoch: 1 cost time: 15.826608180999756
Epoch: 1, Steps: 2154 | Train Loss: 0.2669088 Vali Loss: 0.1132729 Test Loss: 0.1175690
Validation loss decreased (inf --> 0.117569).  Saving model ...
Updating learning rate to 0.0005201750597214178
	iters: 100, epoch: 2 | loss: 0.0921381
	speed: 0.0517s/iter; left time: 996.9860s
	iters: 200, epoch: 2 | loss: 0.0914281
	speed: 0.0055s/iter; left time: 106.2750s
	iters: 300, epoch: 2 | loss: 0.0692445
	speed: 0.0054s/iter; left time: 102.5802s
	iters: 400, epoch: 2 | loss: 0.0821430
	speed: 0.0057s/iter; left time: 108.0962s
	iters: 500, epoch: 2 | loss: 0.0624940
	speed: 0.0053s/iter; left time: 100.9734s
	iters: 600, epoch: 2 | loss: 0.0640516
	speed: 0.0063s/iter; left time: 117.7227s
	iters: 700, epoch: 2 | loss: 0.0484901
	speed: 0.0053s/iter; left time: 98.7519s
	iters: 800, epoch: 2 | loss: 0.0680623
	speed: 0.0058s/iter; left time: 106.9686s
	iters: 900, epoch: 2 | loss: 0.0528378
	speed: 0.0055s/iter; left time: 101.0417s
	iters: 1000, epoch: 2 | loss: 0.0654874
	speed: 0.0054s/iter; left time: 98.6621s
	iters: 1100, epoch: 2 | loss: 0.0505376
	speed: 0.0057s/iter; left time: 104.0539s
	iters: 1200, epoch: 2 | loss: 0.0660548
	speed: 0.0057s/iter; left time: 103.0463s
	iters: 1300, epoch: 2 | loss: 0.0512530
	speed: 0.0066s/iter; left time: 120.0830s
	iters: 1400, epoch: 2 | loss: 0.0639582
	speed: 0.0057s/iter; left time: 102.5155s
	iters: 1500, epoch: 2 | loss: 0.0542587
	speed: 0.0052s/iter; left time: 93.5194s
	iters: 1600, epoch: 2 | loss: 0.0624010
	speed: 0.0056s/iter; left time: 99.5942s
	iters: 1700, epoch: 2 | loss: 0.0483312
	speed: 0.0056s/iter; left time: 98.9861s
	iters: 1800, epoch: 2 | loss: 0.0658138
	speed: 0.0058s/iter; left time: 101.5982s
	iters: 1900, epoch: 2 | loss: 0.0645076
	speed: 0.0054s/iter; left time: 94.4691s
	iters: 2000, epoch: 2 | loss: 0.0583538
	speed: 0.0057s/iter; left time: 99.6817s
	iters: 2100, epoch: 2 | loss: 0.0652474
	speed: 0.0053s/iter; left time: 90.9855s
Epoch: 2 cost time: 12.19186544418335
Epoch: 2, Steps: 2154 | Train Loss: 0.0634019 Vali Loss: 0.0824687 Test Loss: 0.0790710
Validation loss decreased (0.117569 --> 0.079071).  Saving model ...
Updating learning rate to 0.0009999999916906579
	iters: 100, epoch: 3 | loss: 0.0542801
	speed: 0.0513s/iter; left time: 878.2930s
	iters: 200, epoch: 3 | loss: 0.0697633
	speed: 0.0059s/iter; left time: 101.1882s
	iters: 300, epoch: 3 | loss: 0.0462519
	speed: 0.0057s/iter; left time: 96.8478s
	iters: 400, epoch: 3 | loss: 0.0505155
	speed: 0.0058s/iter; left time: 96.9019s
	iters: 500, epoch: 3 | loss: 0.0709147
	speed: 0.0060s/iter; left time: 100.8883s
	iters: 600, epoch: 3 | loss: 0.0677654
	speed: 0.0059s/iter; left time: 97.6143s
	iters: 700, epoch: 3 | loss: 0.0514015
	speed: 0.0061s/iter; left time: 100.8175s
	iters: 800, epoch: 3 | loss: 0.0503179
	speed: 0.0056s/iter; left time: 92.3506s
	iters: 900, epoch: 3 | loss: 0.0606943
	speed: 0.0056s/iter; left time: 91.4782s
	iters: 1000, epoch: 3 | loss: 0.0858648
	speed: 0.0059s/iter; left time: 96.0160s
	iters: 1100, epoch: 3 | loss: 0.0750307
	speed: 0.0056s/iter; left time: 89.6292s
	iters: 1200, epoch: 3 | loss: 0.0586977
	speed: 0.0056s/iter; left time: 90.4235s
	iters: 1300, epoch: 3 | loss: 0.0573201
	speed: 0.0053s/iter; left time: 84.6317s
	iters: 1400, epoch: 3 | loss: 0.0513824
	speed: 0.0061s/iter; left time: 96.2196s
	iters: 1500, epoch: 3 | loss: 0.0664905
	speed: 0.0056s/iter; left time: 87.8916s
	iters: 1600, epoch: 3 | loss: 0.0589069
	speed: 0.0057s/iter; left time: 89.7722s
	iters: 1700, epoch: 3 | loss: 0.0726081
	speed: 0.0056s/iter; left time: 87.6628s
	iters: 1800, epoch: 3 | loss: 0.0652267
	speed: 0.0062s/iter; left time: 95.6071s
	iters: 1900, epoch: 3 | loss: 0.0585335
	speed: 0.0059s/iter; left time: 90.0698s
	iters: 2000, epoch: 3 | loss: 0.0554334
	speed: 0.0054s/iter; left time: 81.5132s
	iters: 2100, epoch: 3 | loss: 0.0478340
	speed: 0.0062s/iter; left time: 94.2869s
Epoch: 3 cost time: 12.510825395584106
Epoch: 3, Steps: 2154 | Train Loss: 0.0587761 Vali Loss: 0.0817702 Test Loss: 0.0780783
Validation loss decreased (0.079071 --> 0.078078).  Saving model ...
Updating learning rate to 0.0009619050271543523
	iters: 100, epoch: 4 | loss: 0.0458598
	speed: 0.0514s/iter; left time: 769.6815s
	iters: 200, epoch: 4 | loss: 0.0629586
	speed: 0.0057s/iter; left time: 84.5209s
	iters: 300, epoch: 4 | loss: 0.0585791
	speed: 0.0055s/iter; left time: 81.3401s
	iters: 400, epoch: 4 | loss: 0.0620670
	speed: 0.0056s/iter; left time: 81.5344s
	iters: 500, epoch: 4 | loss: 0.0523201
	speed: 0.0057s/iter; left time: 82.5466s
	iters: 600, epoch: 4 | loss: 0.0508558
	speed: 0.0059s/iter; left time: 85.5884s
	iters: 700, epoch: 4 | loss: 0.0500067
	speed: 0.0054s/iter; left time: 76.9311s
	iters: 800, epoch: 4 | loss: 0.0621509
	speed: 0.0062s/iter; left time: 88.2458s
	iters: 900, epoch: 4 | loss: 0.0482960
	speed: 0.0059s/iter; left time: 83.5313s
	iters: 1000, epoch: 4 | loss: 0.0591355
	speed: 0.0056s/iter; left time: 79.0877s
	iters: 1100, epoch: 4 | loss: 0.0618613
	speed: 0.0056s/iter; left time: 78.2037s
	iters: 1200, epoch: 4 | loss: 0.0630969
	speed: 0.0054s/iter; left time: 75.4633s
	iters: 1300, epoch: 4 | loss: 0.0523282
	speed: 0.0064s/iter; left time: 88.2711s
	iters: 1400, epoch: 4 | loss: 0.0482443
	speed: 0.0052s/iter; left time: 71.2543s
	iters: 1500, epoch: 4 | loss: 0.0525740
	speed: 0.0058s/iter; left time: 78.3627s
	iters: 1600, epoch: 4 | loss: 0.0881296
	speed: 0.0054s/iter; left time: 73.0164s
	iters: 1700, epoch: 4 | loss: 0.0755165
	speed: 0.0056s/iter; left time: 74.6102s
	iters: 1800, epoch: 4 | loss: 0.0605262
	speed: 0.0061s/iter; left time: 81.1890s
	iters: 1900, epoch: 4 | loss: 0.0486186
	speed: 0.0055s/iter; left time: 71.8684s
	iters: 2000, epoch: 4 | loss: 0.0759857
	speed: 0.0064s/iter; left time: 83.6606s
	iters: 2100, epoch: 4 | loss: 0.0603365
	speed: 0.0054s/iter; left time: 69.6031s
Epoch: 4 cost time: 12.473347663879395
Epoch: 4, Steps: 2154 | Train Loss: 0.0586596 Vali Loss: 0.0817124 Test Loss: 0.0777701
Validation loss decreased (0.078078 --> 0.077770).  Saving model ...
Updating learning rate to 0.0008534895138951646
	iters: 100, epoch: 5 | loss: 0.0411593
	speed: 0.0539s/iter; left time: 691.5576s
	iters: 200, epoch: 5 | loss: 0.0725774
	speed: 0.0052s/iter; left time: 66.2064s
	iters: 300, epoch: 5 | loss: 0.0618907
	speed: 0.0057s/iter; left time: 72.3869s
	iters: 400, epoch: 5 | loss: 0.0489464
	speed: 0.0053s/iter; left time: 66.5054s
	iters: 500, epoch: 5 | loss: 0.0561605
	speed: 0.0058s/iter; left time: 71.9461s
	iters: 600, epoch: 5 | loss: 0.0625097
	speed: 0.0055s/iter; left time: 67.2414s
	iters: 700, epoch: 5 | loss: 0.0709079
	speed: 0.0063s/iter; left time: 77.3413s
	iters: 800, epoch: 5 | loss: 0.0583312
	speed: 0.0057s/iter; left time: 69.3216s
	iters: 900, epoch: 5 | loss: 0.0483415
	speed: 0.0059s/iter; left time: 71.0385s
	iters: 1000, epoch: 5 | loss: 0.0610516
	speed: 0.0072s/iter; left time: 86.3929s
	iters: 1100, epoch: 5 | loss: 0.0567491
	speed: 0.0066s/iter; left time: 78.1956s
	iters: 1200, epoch: 5 | loss: 0.0473204
	speed: 0.0058s/iter; left time: 68.3044s
	iters: 1300, epoch: 5 | loss: 0.0602212
	speed: 0.0062s/iter; left time: 72.4581s
	iters: 1400, epoch: 5 | loss: 0.0597364
	speed: 0.0055s/iter; left time: 62.9654s
	iters: 1500, epoch: 5 | loss: 0.0504880
	speed: 0.0060s/iter; left time: 68.3211s
	iters: 1600, epoch: 5 | loss: 0.0496102
	speed: 0.0054s/iter; left time: 60.6785s
	iters: 1700, epoch: 5 | loss: 0.0689082
	speed: 0.0060s/iter; left time: 66.9688s
	iters: 1800, epoch: 5 | loss: 0.0557239
	speed: 0.0063s/iter; left time: 70.5111s
	iters: 1900, epoch: 5 | loss: 0.0595191
	speed: 0.0057s/iter; left time: 62.5418s
	iters: 2000, epoch: 5 | loss: 0.0630027
	speed: 0.0053s/iter; left time: 57.4162s
	iters: 2100, epoch: 5 | loss: 0.0514502
	speed: 0.0054s/iter; left time: 58.2009s
Epoch: 5 cost time: 12.694565773010254
Epoch: 5, Steps: 2154 | Train Loss: 0.0584550 Vali Loss: 0.0816384 Test Loss: 0.0778099
EarlyStopping counter: 1 out of 15
Updating learning rate to 0.0006912587310177311
	iters: 100, epoch: 6 | loss: 0.0599052
	speed: 0.0547s/iter; left time: 583.7788s
	iters: 200, epoch: 6 | loss: 0.0486835
	speed: 0.0055s/iter; left time: 58.3359s
	iters: 300, epoch: 6 | loss: 0.0487066
	speed: 0.0062s/iter; left time: 64.5676s
	iters: 400, epoch: 6 | loss: 0.0570563
	speed: 0.0058s/iter; left time: 59.9620s
	iters: 500, epoch: 6 | loss: 0.0714068
	speed: 0.0059s/iter; left time: 60.3909s
	iters: 600, epoch: 6 | loss: 0.0588305
	speed: 0.0060s/iter; left time: 61.1400s
	iters: 700, epoch: 6 | loss: 0.0621135
	speed: 0.0056s/iter; left time: 56.3986s
	iters: 800, epoch: 6 | loss: 0.0525354
	speed: 0.0063s/iter; left time: 62.7023s
	iters: 900, epoch: 6 | loss: 0.0703365
	speed: 0.0053s/iter; left time: 52.7856s
	iters: 1000, epoch: 6 | loss: 0.0529193
	speed: 0.0054s/iter; left time: 53.2112s
	iters: 1100, epoch: 6 | loss: 0.0650232
	speed: 0.0055s/iter; left time: 52.9564s
	iters: 1200, epoch: 6 | loss: 0.0583938
	speed: 0.0070s/iter; left time: 67.1000s
	iters: 1300, epoch: 6 | loss: 0.0579597
	speed: 0.0055s/iter; left time: 52.1823s
	iters: 1400, epoch: 6 | loss: 0.0480905
	speed: 0.0052s/iter; left time: 48.3646s
	iters: 1500, epoch: 6 | loss: 0.0527348
	speed: 0.0063s/iter; left time: 58.8196s
	iters: 1600, epoch: 6 | loss: 0.0586948
	speed: 0.0056s/iter; left time: 51.3132s
	iters: 1700, epoch: 6 | loss: 0.0684755
	speed: 0.0061s/iter; left time: 55.4473s
	iters: 1800, epoch: 6 | loss: 0.0570596
	speed: 0.0058s/iter; left time: 51.9105s
	iters: 1900, epoch: 6 | loss: 0.0823270
	speed: 0.0059s/iter; left time: 51.9316s
	iters: 2000, epoch: 6 | loss: 0.0496661
	speed: 0.0058s/iter; left time: 50.5559s
	iters: 2100, epoch: 6 | loss: 0.0555979
	speed: 0.0052s/iter; left time: 45.4746s
Epoch: 6 cost time: 12.59646224975586
Epoch: 6, Steps: 2154 | Train Loss: 0.0584905 Vali Loss: 0.0814959 Test Loss: 0.0771820
Validation loss decreased (0.077770 --> 0.077182).  Saving model ...
Updating learning rate to 0.0004999108445894319
	iters: 100, epoch: 7 | loss: 0.0512005
	speed: 0.0520s/iter; left time: 442.9265s
	iters: 200, epoch: 7 | loss: 0.0500566
	speed: 0.0063s/iter; left time: 53.0748s
	iters: 300, epoch: 7 | loss: 0.0546051
	speed: 0.0058s/iter; left time: 48.6360s
	iters: 400, epoch: 7 | loss: 0.0546954
	speed: 0.0057s/iter; left time: 46.7452s
	iters: 500, epoch: 7 | loss: 0.0563881
	speed: 0.0063s/iter; left time: 51.3593s
	iters: 600, epoch: 7 | loss: 0.0581837
	speed: 0.0053s/iter; left time: 42.4463s
	iters: 700, epoch: 7 | loss: 0.0706834
	speed: 0.0063s/iter; left time: 49.9973s
	iters: 800, epoch: 7 | loss: 0.0628478
	speed: 0.0055s/iter; left time: 43.0093s
	iters: 900, epoch: 7 | loss: 0.0622218
	speed: 0.0061s/iter; left time: 47.2735s
	iters: 1000, epoch: 7 | loss: 0.0453509
	speed: 0.0059s/iter; left time: 44.7274s
	iters: 1100, epoch: 7 | loss: 0.0670909
	speed: 0.0052s/iter; left time: 39.3108s
	iters: 1200, epoch: 7 | loss: 0.0508406
	speed: 0.0068s/iter; left time: 50.2917s
	iters: 1300, epoch: 7 | loss: 0.0495227
	speed: 0.0057s/iter; left time: 41.9666s
	iters: 1400, epoch: 7 | loss: 0.0523963
	speed: 0.0056s/iter; left time: 40.7312s
	iters: 1500, epoch: 7 | loss: 0.0545939
	speed: 0.0053s/iter; left time: 37.8810s
	iters: 1600, epoch: 7 | loss: 0.0457555
	speed: 0.0058s/iter; left time: 40.5965s
	iters: 1700, epoch: 7 | loss: 0.0501764
	speed: 0.0058s/iter; left time: 40.3596s
	iters: 1800, epoch: 7 | loss: 0.0761580
	speed: 0.0052s/iter; left time: 35.3646s
	iters: 1900, epoch: 7 | loss: 0.0674445
	speed: 0.0061s/iter; left time: 40.6468s
	iters: 2000, epoch: 7 | loss: 0.0692835
	speed: 0.0053s/iter; left time: 35.1362s
	iters: 2100, epoch: 7 | loss: 0.0661065
	speed: 0.0090s/iter; left time: 58.6069s
Epoch: 7 cost time: 12.888358116149902
Epoch: 7, Steps: 2154 | Train Loss: 0.0584108 Vali Loss: 0.0815946 Test Loss: 0.0777513
EarlyStopping counter: 1 out of 15
Updating learning rate to 0.00030857683574606596
	iters: 100, epoch: 8 | loss: 0.0475092
	speed: 0.0515s/iter; left time: 327.4764s
	iters: 200, epoch: 8 | loss: 0.0604940
	speed: 0.0064s/iter; left time: 40.1148s
	iters: 300, epoch: 8 | loss: 0.0445467
	speed: 0.0058s/iter; left time: 35.7609s
	iters: 400, epoch: 8 | loss: 0.0640694
	speed: 0.0057s/iter; left time: 34.8059s
	iters: 500, epoch: 8 | loss: 0.0552948
	speed: 0.0057s/iter; left time: 34.0936s
	iters: 600, epoch: 8 | loss: 0.0638204
	speed: 0.0053s/iter; left time: 30.8084s
	iters: 700, epoch: 8 | loss: 0.0787251
	speed: 0.0061s/iter; left time: 35.0091s
	iters: 800, epoch: 8 | loss: 0.0659088
	speed: 0.0052s/iter; left time: 29.3297s
	iters: 900, epoch: 8 | loss: 0.0481632
	speed: 0.0062s/iter; left time: 34.5453s
	iters: 1000, epoch: 8 | loss: 0.0656054
	speed: 0.0059s/iter; left time: 32.0694s
	iters: 1100, epoch: 8 | loss: 0.0563239
	speed: 0.0058s/iter; left time: 31.2334s
	iters: 1200, epoch: 8 | loss: 0.0610176
	speed: 0.0060s/iter; left time: 31.8344s
	iters: 1300, epoch: 8 | loss: 0.0599803
	speed: 0.0051s/iter; left time: 26.4180s
	iters: 1400, epoch: 8 | loss: 0.0603654
	speed: 0.0067s/iter; left time: 34.0466s
	iters: 1500, epoch: 8 | loss: 0.0671403
	speed: 0.0052s/iter; left time: 25.9446s
	iters: 1600, epoch: 8 | loss: 0.0537151
	speed: 0.0063s/iter; left time: 30.5044s
	iters: 1700, epoch: 8 | loss: 0.0545205
	speed: 0.0058s/iter; left time: 27.7633s
	iters: 1800, epoch: 8 | loss: 0.0684272
	speed: 0.0059s/iter; left time: 27.5095s
	iters: 1900, epoch: 8 | loss: 0.0575222
	speed: 0.0055s/iter; left time: 24.9514s
	iters: 2000, epoch: 8 | loss: 0.0500578
	speed: 0.0053s/iter; left time: 23.8368s
	iters: 2100, epoch: 8 | loss: 0.0587097
	speed: 0.0066s/iter; left time: 28.6738s
Epoch: 8 cost time: 12.576985836029053
Epoch: 8, Steps: 2154 | Train Loss: 0.0586754 Vali Loss: 0.0815374 Test Loss: 0.0776511
EarlyStopping counter: 2 out of 15
Updating learning rate to 0.00014638557288692642
	iters: 100, epoch: 9 | loss: 0.0525695
	speed: 0.0528s/iter; left time: 222.3622s
	iters: 200, epoch: 9 | loss: 0.0473506
	speed: 0.0057s/iter; left time: 23.3399s
	iters: 300, epoch: 9 | loss: 0.0754512
	speed: 0.0052s/iter; left time: 20.9977s
	iters: 400, epoch: 9 | loss: 0.0532072
	speed: 0.0067s/iter; left time: 26.2358s
	iters: 500, epoch: 9 | loss: 0.0646925
	speed: 0.0053s/iter; left time: 20.1827s
	iters: 600, epoch: 9 | loss: 0.0608644
	speed: 0.0057s/iter; left time: 21.0853s
	iters: 700, epoch: 9 | loss: 0.0542280
	speed: 0.0054s/iter; left time: 19.5032s
	iters: 800, epoch: 9 | loss: 0.0564805
	speed: 0.0063s/iter; left time: 22.0187s
	iters: 900, epoch: 9 | loss: 0.0579627
	speed: 0.0061s/iter; left time: 20.6654s
	iters: 1000, epoch: 9 | loss: 0.0627220
	speed: 0.0054s/iter; left time: 17.8124s
	iters: 1100, epoch: 9 | loss: 0.0547941
	speed: 0.0062s/iter; left time: 19.9724s
	iters: 1200, epoch: 9 | loss: 0.0505870
	speed: 0.0055s/iter; left time: 17.0317s
	iters: 1300, epoch: 9 | loss: 0.0660628
	speed: 0.0062s/iter; left time: 18.6989s
	iters: 1400, epoch: 9 | loss: 0.0547104
	speed: 0.0058s/iter; left time: 17.0046s
	iters: 1500, epoch: 9 | loss: 0.0552836
	speed: 0.0054s/iter; left time: 15.2030s
	iters: 1600, epoch: 9 | loss: 0.0559019
	speed: 0.0067s/iter; left time: 18.2558s
	iters: 1700, epoch: 9 | loss: 0.0633041
	speed: 0.0063s/iter; left time: 16.4113s
	iters: 1800, epoch: 9 | loss: 0.0658172
	speed: 0.0063s/iter; left time: 15.8958s
	iters: 1900, epoch: 9 | loss: 0.0565851
	speed: 0.0059s/iter; left time: 14.1274s
	iters: 2000, epoch: 9 | loss: 0.0548141
	speed: 0.0052s/iter; left time: 12.0262s
	iters: 2100, epoch: 9 | loss: 0.0568551
	speed: 0.0057s/iter; left time: 12.6063s
Epoch: 9 cost time: 12.724703788757324
Epoch: 9, Steps: 2154 | Train Loss: 0.0585891 Vali Loss: 0.0814861 Test Loss: 0.0773097
EarlyStopping counter: 3 out of 15
Updating learning rate to 3.802920551485804e-05
	iters: 100, epoch: 10 | loss: 0.0581663
	speed: 0.0518s/iter; left time: 106.4439s
	iters: 200, epoch: 10 | loss: 0.0505832
	speed: 0.0057s/iter; left time: 11.1635s
	iters: 300, epoch: 10 | loss: 0.0651957
	speed: 0.0056s/iter; left time: 10.3385s
	iters: 400, epoch: 10 | loss: 0.0648725
	speed: 0.0051s/iter; left time: 8.9351s
	iters: 500, epoch: 10 | loss: 0.0636147
	speed: 0.0057s/iter; left time: 9.5011s
	iters: 600, epoch: 10 | loss: 0.0672451
	speed: 0.0058s/iter; left time: 8.9570s
	iters: 700, epoch: 10 | loss: 0.0520280
	speed: 0.0056s/iter; left time: 8.1858s
	iters: 800, epoch: 10 | loss: 0.0406068
	speed: 0.0058s/iter; left time: 7.7924s
	iters: 900, epoch: 10 | loss: 0.0727046
	speed: 0.0055s/iter; left time: 6.8418s
	iters: 1000, epoch: 10 | loss: 0.0574957
	speed: 0.0064s/iter; left time: 7.3945s
	iters: 1100, epoch: 10 | loss: 0.0780572
	speed: 0.0049s/iter; left time: 5.1816s
	iters: 1200, epoch: 10 | loss: 0.0591480
	speed: 0.0056s/iter; left time: 5.3796s
	iters: 1300, epoch: 10 | loss: 0.0654875
	speed: 0.0060s/iter; left time: 5.1698s
	iters: 1400, epoch: 10 | loss: 0.0651803
	speed: 0.0060s/iter; left time: 4.5166s
	iters: 1500, epoch: 10 | loss: 0.0672215
	speed: 0.0059s/iter; left time: 3.8470s
	iters: 1600, epoch: 10 | loss: 0.0588230
	speed: 0.0057s/iter; left time: 3.1801s
	iters: 1700, epoch: 10 | loss: 0.0550964
	speed: 0.0064s/iter; left time: 2.9135s
	iters: 1800, epoch: 10 | loss: 0.0636849
	speed: 0.0054s/iter; left time: 1.8996s
	iters: 1900, epoch: 10 | loss: 0.0520771
	speed: 0.0059s/iter; left time: 1.5172s
	iters: 2000, epoch: 10 | loss: 0.0575355
	speed: 0.0056s/iter; left time: 0.8640s
	iters: 2100, epoch: 10 | loss: 0.0645478
	speed: 0.0057s/iter; left time: 0.3152s
Epoch: 10 cost time: 12.38420844078064
Epoch: 10, Steps: 2154 | Train Loss: 0.0584493 Vali Loss: 0.0815254 Test Loss: 0.0773392
EarlyStopping counter: 4 out of 15
Updating learning rate to 4.008309342172464e-09
>>>>>>>testing : imputation_IMP_SparseTSF_ETTm1_mask0.375_none_SparseTSF_ETTm1_sl96_pl0_dm16_nh8_el2_dl1_df32_fc1_ebtimeF_dtTrue_Imp_0<<<<<<<<<<<<<<<<<<<<<<<<<<<<<<<<<
test 11521
test shape: (11520, 96, 7) (11520, 96, 7)
mse:0.07807763665914536, mae:0.17633497714996338
