Args in experiment:
Namespace(activation='gelu', anomaly_ratio=0.25, batch_size=16, c_out=321, channel_independence=1, checkpoints='./checkpoints/', comment='none', d_ff=32, d_layers=1, d_model=16, data='custom', data_path='electricity.csv', dec_in=321, decomp_method='moving_avg', des='Imp', devices='0,1', distil=True, down_sampling_layers=3, down_sampling_method='avg', down_sampling_window=2, drop_last=True, dropout=0.1, e_layers=2, embed='timeF', emissions_file='emissions.csv', emissions_output_dir='.', enc_in=321, factor=1, features='M', freq='h', gpu=0, inverse=False, is_training=1, itr=1, label_len=0, learning_rate=0.001, loss='MSE', lradj='TST', mask_rate=0.125, model='SparseTSF', model_id='IMP_SparseTSF_Electricity_mask0.125', model_type='linear', moving_avg=25, n_heads=8, num_kernels=6, num_workers=0, output_attention=False, p_hidden_dims=[128, 128], p_hidden_layers=2, patience=15, pct_start=0.2, percent=100, period_len=24, pred_len=0, root_path='C:\\Users\\bbbal\\OneDrive\\Masaüstü\\timemixer\\dataset\\electricity', seasonal_patterns='Monthly', seq_len=96, target='OT', task_name='imputation', top_k=5, track_emissions=0, train_epochs=10, use_amp=False, use_future_temporal_feature=0, use_gpu=True, use_multi_gpu=False, use_norm=1)
Use GPU: cuda:0
>>>>>>>start training : imputation_IMP_SparseTSF_Electricity_mask0.125_none_SparseTSF_custom_sl96_pl0_dm16_nh8_el2_dl1_df32_fc1_ebtimeF_dtTrue_Imp_0>>>>>>>>>>>>>>>>>>>>>>>>>>
train 18317
val 2633
test 5261
	iters: 100, epoch: 1 | loss: 1.4516684
	speed: 0.0438s/iter; left time: 496.2050s
	iters: 200, epoch: 1 | loss: 1.3476601
	speed: 0.0154s/iter; left time: 173.2383s
	iters: 300, epoch: 1 | loss: 1.4234794
	speed: 0.0155s/iter; left time: 172.4184s
	iters: 400, epoch: 1 | loss: 1.2312319
	speed: 0.0156s/iter; left time: 172.3332s
	iters: 500, epoch: 1 | loss: 1.3017309
	speed: 0.0157s/iter; left time: 172.2550s
	iters: 600, epoch: 1 | loss: 1.0810859
	speed: 0.0154s/iter; left time: 167.2017s
	iters: 700, epoch: 1 | loss: 0.9738330
	speed: 0.0155s/iter; left time: 166.9806s
	iters: 800, epoch: 1 | loss: 1.0685589
	speed: 0.0163s/iter; left time: 173.8157s
	iters: 900, epoch: 1 | loss: 0.9017886
	speed: 0.0160s/iter; left time: 168.9901s
	iters: 1000, epoch: 1 | loss: 0.7882830
	speed: 0.0162s/iter; left time: 169.4303s
	iters: 1100, epoch: 1 | loss: 0.6708351
	speed: 0.0160s/iter; left time: 165.9276s
Epoch: 1 cost time: 20.89199185371399
Epoch: 1, Steps: 1144 | Train Loss: 1.1159323 Vali Loss: 0.5589314 Test Loss: 0.6061593
Validation loss decreased (inf --> 0.606159).  Saving model ...
Updating learning rate to 0.0005203296817567031
	iters: 100, epoch: 2 | loss: 0.5306077
	speed: 0.0797s/iter; left time: 812.4971s
	iters: 200, epoch: 2 | loss: 0.3554982
	speed: 0.0154s/iter; left time: 155.8460s
	iters: 300, epoch: 2 | loss: 0.2969416
	speed: 0.0155s/iter; left time: 154.8106s
	iters: 400, epoch: 2 | loss: 0.2609649
	speed: 0.0159s/iter; left time: 157.6125s
	iters: 500, epoch: 2 | loss: 0.2388041
	speed: 0.0158s/iter; left time: 154.4833s
	iters: 600, epoch: 2 | loss: 0.2280139
	speed: 0.0157s/iter; left time: 152.1005s
	iters: 700, epoch: 2 | loss: 0.2077530
	speed: 0.0154s/iter; left time: 147.6244s
	iters: 800, epoch: 2 | loss: 0.1900722
	speed: 0.0157s/iter; left time: 149.0611s
	iters: 900, epoch: 2 | loss: 0.1770264
	speed: 0.0157s/iter; left time: 147.3038s
	iters: 1000, epoch: 2 | loss: 0.1527950
	speed: 0.0156s/iter; left time: 145.1922s
	iters: 1100, epoch: 2 | loss: 0.1543545
	speed: 0.0157s/iter; left time: 144.0612s
Epoch: 2 cost time: 17.918097496032715
Epoch: 2, Steps: 1144 | Train Loss: 0.2688942 Vali Loss: 0.1403180 Test Loss: 0.1430894
Validation loss decreased (0.606159 --> 0.143089).  Saving model ...
Updating learning rate to 0.0009999999705418148
	iters: 100, epoch: 3 | loss: 0.1317798
	speed: 0.0776s/iter; left time: 702.4309s
	iters: 200, epoch: 3 | loss: 0.1281332
	speed: 0.0158s/iter; left time: 141.2859s
	iters: 300, epoch: 3 | loss: 0.1244001
	speed: 0.0154s/iter; left time: 135.9801s
	iters: 400, epoch: 3 | loss: 0.1243453
	speed: 0.0155s/iter; left time: 135.8731s
	iters: 500, epoch: 3 | loss: 0.1326763
	speed: 0.0163s/iter; left time: 140.6912s
	iters: 600, epoch: 3 | loss: 0.1247300
	speed: 0.0164s/iter; left time: 140.0161s
	iters: 700, epoch: 3 | loss: 0.1239093
	speed: 0.0156s/iter; left time: 131.8073s
	iters: 800, epoch: 3 | loss: 0.1113252
	speed: 0.0158s/iter; left time: 132.1482s
	iters: 900, epoch: 3 | loss: 0.1264555
	speed: 0.0160s/iter; left time: 132.0852s
	iters: 1000, epoch: 3 | loss: 0.1201523
	speed: 0.0158s/iter; left time: 128.5231s
	iters: 1100, epoch: 3 | loss: 0.1209732
	speed: 0.0157s/iter; left time: 126.4976s
Epoch: 3 cost time: 18.142078399658203
Epoch: 3, Steps: 1144 | Train Loss: 0.1257821 Vali Loss: 0.1154610 Test Loss: 0.1172011
Validation loss decreased (0.143089 --> 0.117201).  Saving model ...
Updating learning rate to 0.0009618742099746439
	iters: 100, epoch: 4 | loss: 0.1129137
	speed: 0.0818s/iter; left time: 646.8192s
	iters: 200, epoch: 4 | loss: 0.1205874
	speed: 0.0156s/iter; left time: 121.9378s
	iters: 300, epoch: 4 | loss: 0.1272987
	speed: 0.0157s/iter; left time: 120.6601s
	iters: 400, epoch: 4 | loss: 0.1102758
	speed: 0.0153s/iter; left time: 116.5534s
	iters: 500, epoch: 4 | loss: 0.1218861
	speed: 0.0155s/iter; left time: 116.1340s
	iters: 600, epoch: 4 | loss: 0.1068196
	speed: 0.0158s/iter; left time: 116.7065s
	iters: 700, epoch: 4 | loss: 0.1179584
	speed: 0.0160s/iter; left time: 117.1893s
	iters: 800, epoch: 4 | loss: 0.1117237
	speed: 0.0161s/iter; left time: 116.1729s
	iters: 900, epoch: 4 | loss: 0.1172319
	speed: 0.0162s/iter; left time: 115.4306s
	iters: 1000, epoch: 4 | loss: 0.1240123
	speed: 0.0159s/iter; left time: 111.2041s
	iters: 1100, epoch: 4 | loss: 0.1187385
	speed: 0.0159s/iter; left time: 110.1109s
Epoch: 4 cost time: 18.113993406295776
Epoch: 4, Steps: 1144 | Train Loss: 0.1186137 Vali Loss: 0.1140000 Test Loss: 0.1152204
Validation loss decreased (0.117201 --> 0.115220).  Saving model ...
Updating learning rate to 0.0008534325923208433
	iters: 100, epoch: 5 | loss: 0.1245110
	speed: 0.0789s/iter; left time: 533.6319s
	iters: 200, epoch: 5 | loss: 0.1134516
	speed: 0.0154s/iter; left time: 102.7912s
	iters: 300, epoch: 5 | loss: 0.1218477
	speed: 0.0153s/iter; left time: 100.4530s
	iters: 400, epoch: 5 | loss: 0.1218113
	speed: 0.0153s/iter; left time: 98.7907s
	iters: 500, epoch: 5 | loss: 0.1118407
	speed: 0.0155s/iter; left time: 98.5501s
	iters: 600, epoch: 5 | loss: 0.1268022
	speed: 0.0158s/iter; left time: 99.0312s
	iters: 700, epoch: 5 | loss: 0.1116514
	speed: 0.0157s/iter; left time: 96.9489s
	iters: 800, epoch: 5 | loss: 0.1162952
	speed: 0.0158s/iter; left time: 95.8555s
	iters: 900, epoch: 5 | loss: 0.1075729
	speed: 0.0172s/iter; left time: 102.4581s
	iters: 1000, epoch: 5 | loss: 0.1148178
	speed: 0.0161s/iter; left time: 94.2994s
	iters: 1100, epoch: 5 | loss: 0.1156590
	speed: 0.0159s/iter; left time: 91.6580s
Epoch: 5 cost time: 18.059924364089966
Epoch: 5, Steps: 1144 | Train Loss: 0.1158283 Vali Loss: 0.1105428 Test Loss: 0.1118929
Validation loss decreased (0.115220 --> 0.111893).  Saving model ...
Updating learning rate to 0.0006911843708424919
	iters: 100, epoch: 6 | loss: 0.1112860
	speed: 0.0777s/iter; left time: 436.8677s
	iters: 200, epoch: 6 | loss: 0.1151692
	speed: 0.0157s/iter; left time: 86.7778s
	iters: 300, epoch: 6 | loss: 0.1121483
	speed: 0.0159s/iter; left time: 85.9879s
	iters: 400, epoch: 6 | loss: 0.1200726
	speed: 0.0162s/iter; left time: 86.0738s
	iters: 500, epoch: 6 | loss: 0.1121524
	speed: 0.0162s/iter; left time: 84.8030s
	iters: 600, epoch: 6 | loss: 0.1086552
	speed: 0.0163s/iter; left time: 83.4599s
	iters: 700, epoch: 6 | loss: 0.1114039
	speed: 0.0161s/iter; left time: 80.7100s
	iters: 800, epoch: 6 | loss: 0.1059103
	speed: 0.0163s/iter; left time: 80.3398s
	iters: 900, epoch: 6 | loss: 0.1058396
	speed: 0.0162s/iter; left time: 78.1003s
	iters: 1000, epoch: 6 | loss: 0.1105983
	speed: 0.0160s/iter; left time: 75.7222s
	iters: 1100, epoch: 6 | loss: 0.1007656
	speed: 0.0167s/iter; left time: 76.9826s
Epoch: 6 cost time: 18.474398374557495
Epoch: 6, Steps: 1144 | Train Loss: 0.1115303 Vali Loss: 0.1065837 Test Loss: 0.1072273
Validation loss decreased (0.111893 --> 0.107227).  Saving model ...
Updating learning rate to 0.0004998303664758784
	iters: 100, epoch: 7 | loss: 0.1109606
	speed: 0.0848s/iter; left time: 379.7583s
	iters: 200, epoch: 7 | loss: 0.1025489
	speed: 0.0164s/iter; left time: 71.6478s
	iters: 300, epoch: 7 | loss: 0.1083711
	speed: 0.0171s/iter; left time: 73.1953s
	iters: 400, epoch: 7 | loss: 0.0993786
	speed: 0.0173s/iter; left time: 72.1322s
	iters: 500, epoch: 7 | loss: 0.1222352
	speed: 0.0171s/iter; left time: 69.5333s
	iters: 600, epoch: 7 | loss: 0.1099841
	speed: 0.0172s/iter; left time: 68.4098s
	iters: 700, epoch: 7 | loss: 0.1040469
	speed: 0.0155s/iter; left time: 60.1694s
	iters: 800, epoch: 7 | loss: 0.1063412
	speed: 0.0155s/iter; left time: 58.6112s
	iters: 900, epoch: 7 | loss: 0.1115283
	speed: 0.0160s/iter; left time: 58.7579s
	iters: 1000, epoch: 7 | loss: 0.1018783
	speed: 0.0161s/iter; left time: 57.7090s
	iters: 1100, epoch: 7 | loss: 0.1067451
	speed: 0.0162s/iter; left time: 56.2558s
Epoch: 7 cost time: 18.84635090827942
Epoch: 7, Steps: 1144 | Train Loss: 0.1069557 Vali Loss: 0.1032009 Test Loss: 0.1032699
Validation loss decreased (0.107227 --> 0.103270).  Saving model ...
Updating learning rate to 0.0003085024917574506
	iters: 100, epoch: 8 | loss: 0.1070039
	speed: 0.0831s/iter; left time: 276.9878s
	iters: 200, epoch: 8 | loss: 0.1104168
	speed: 0.0159s/iter; left time: 51.4319s
	iters: 300, epoch: 8 | loss: 0.1032762
	speed: 0.0155s/iter; left time: 48.6052s
	iters: 400, epoch: 8 | loss: 0.1079884
	speed: 0.0162s/iter; left time: 49.1611s
	iters: 500, epoch: 8 | loss: 0.1061320
	speed: 0.0159s/iter; left time: 46.5351s
	iters: 600, epoch: 8 | loss: 0.0968349
	speed: 0.0156s/iter; left time: 44.3352s
	iters: 700, epoch: 8 | loss: 0.1041572
	speed: 0.0161s/iter; left time: 43.9382s
	iters: 800, epoch: 8 | loss: 0.1015774
	speed: 0.0177s/iter; left time: 46.6405s
	iters: 900, epoch: 8 | loss: 0.1087647
	speed: 0.0164s/iter; left time: 41.5628s
	iters: 1000, epoch: 8 | loss: 0.0979696
	speed: 0.0161s/iter; left time: 39.1804s
	iters: 1100, epoch: 8 | loss: 0.1091558
	speed: 0.0158s/iter; left time: 36.9184s
Epoch: 8 cost time: 18.631098985671997
Epoch: 8, Steps: 1144 | Train Loss: 0.1037312 Vali Loss: 0.0996437 Test Loss: 0.1005172
Validation loss decreased (0.103270 --> 0.100517).  Saving model ...
Updating learning rate to 0.00014632868122158585
	iters: 100, epoch: 9 | loss: 0.0994589
	speed: 0.0782s/iter; left time: 171.2693s
	iters: 200, epoch: 9 | loss: 0.1035306
	speed: 0.0157s/iter; left time: 32.7988s
	iters: 300, epoch: 9 | loss: 0.1059516
	speed: 0.0158s/iter; left time: 31.3836s
	iters: 400, epoch: 9 | loss: 0.1001924
	speed: 0.0157s/iter; left time: 29.5854s
	iters: 500, epoch: 9 | loss: 0.1072303
	speed: 0.0159s/iter; left time: 28.5040s
	iters: 600, epoch: 9 | loss: 0.1058285
	speed: 0.0159s/iter; left time: 26.8816s
	iters: 700, epoch: 9 | loss: 0.1014692
	speed: 0.0157s/iter; left time: 25.0069s
	iters: 800, epoch: 9 | loss: 0.0986382
	speed: 0.0158s/iter; left time: 23.4887s
	iters: 900, epoch: 9 | loss: 0.0989932
	speed: 0.0159s/iter; left time: 22.0505s
	iters: 1000, epoch: 9 | loss: 0.1030432
	speed: 0.0158s/iter; left time: 20.3464s
	iters: 1100, epoch: 9 | loss: 0.0998267
	speed: 0.0156s/iter; left time: 18.4955s
Epoch: 9 cost time: 18.05776572227478
Epoch: 9, Steps: 1144 | Train Loss: 0.1016884 Vali Loss: 0.0985984 Test Loss: 0.0994180
Validation loss decreased (0.100517 --> 0.099418).  Saving model ...
Updating learning rate to 3.799842741311635e-05
	iters: 100, epoch: 10 | loss: 0.1064281
	speed: 0.0785s/iter; left time: 82.0602s
	iters: 200, epoch: 10 | loss: 0.1035820
	speed: 0.0159s/iter; left time: 15.0301s
	iters: 300, epoch: 10 | loss: 0.0973905
	speed: 0.0160s/iter; left time: 13.5516s
	iters: 400, epoch: 10 | loss: 0.0990842
	speed: 0.0157s/iter; left time: 11.7314s
	iters: 500, epoch: 10 | loss: 0.0992035
	speed: 0.0160s/iter; left time: 10.2959s
	iters: 600, epoch: 10 | loss: 0.1008369
	speed: 0.0163s/iter; left time: 8.8725s
	iters: 700, epoch: 10 | loss: 0.1017824
	speed: 0.0155s/iter; left time: 6.8793s
	iters: 800, epoch: 10 | loss: 0.1100327
	speed: 0.0154s/iter; left time: 5.3190s
	iters: 900, epoch: 10 | loss: 0.1077195
	speed: 0.0155s/iter; left time: 3.8060s
	iters: 1000, epoch: 10 | loss: 0.0994715
	speed: 0.0156s/iter; left time: 2.2611s
	iters: 1100, epoch: 10 | loss: 0.1087055
	speed: 0.0155s/iter; left time: 0.6970s
Epoch: 10 cost time: 18.036081790924072
Epoch: 10, Steps: 1144 | Train Loss: 0.1011673 Vali Loss: 0.0986994 Test Loss: 0.0992111
Validation loss decreased (0.099418 --> 0.099211).  Saving model ...
Updating learning rate to 4.029458185296958e-09
>>>>>>>testing : imputation_IMP_SparseTSF_Electricity_mask0.125_none_SparseTSF_custom_sl96_pl0_dm16_nh8_el2_dl1_df32_fc1_ebtimeF_dtTrue_Imp_0<<<<<<<<<<<<<<<<<<<<<<<<<<<<<<<<<
test 5261
test shape: (5248, 96, 321) (5248, 96, 321)
mse:0.09929027408361435, mae:0.2238326221704483
