Args in experiment:
Namespace(activation='gelu', anomaly_ratio=0.25, batch_size=16, c_out=7, channel_independence=1, checkpoints='./checkpoints/', comment='none', d_ff=32, d_layers=1, d_model=32, data='ETTm2', data_path='ETTm2.csv', dec_in=7, decomp_method='moving_avg', des='Imp', devices='0,1', distil=True, down_sampling_layers=3, down_sampling_method='avg', down_sampling_window=2, drop_last=True, dropout=0.1, e_layers=2, embed='timeF', emissions_file='emissions.csv', emissions_output_dir='.', enc_in=7, factor=1, features='M', freq='h', gpu=0, inverse=False, is_training=1, itr=1, label_len=0, learning_rate=0.001, loss='MSE', lradj='TST', mask_rate=0.125, model='SparseTSF', model_id='IMP_SparseTSF_ETTm2_mask0.125', model_type='linear', moving_avg=25, n_heads=8, num_kernels=6, num_workers=0, output_attention=False, p_hidden_dims=[128, 128], p_hidden_layers=2, patience=15, pct_start=0.2, period_len=4, pred_len=0, root_path='<workspace>\\dataset\\ETT-small', seasonal_patterns='Monthly', seq_len=96, target='OT', task_name='imputation', top_k=5, track_emissions=0, train_epochs=10, use_amp=False, use_future_temporal_feature=0, use_gpu=True, use_multi_gpu=False, use_norm=1)
Use GPU: cuda:0
>>>>>>>start training : imputation_IMP_SparseTSF_ETTm2_mask0.125_none_SparseTSF_ETTm2_sl96_pl0_dm32_nh8_el2_dl1_df32_fc1_ebtimeF_dtTrue_Imp_0>>>>>>>>>>>>>>>>>>>>>>>>>>
train 34465
val 11521
test 11521
	iters: 100, epoch: 1 | loss: 0.1378499
	speed: 0.0359s/iter; left time: 770.5654s
	iters: 200, epoch: 1 | loss: 0.1735676
	speed: 0.0050s/iter; left time: 106.0041s
	iters: 300, epoch: 1 | loss: 0.1824555
	speed: 0.0059s/iter; left time: 124.8789s
	iters: 400, epoch: 1 | loss: 0.1506658
	speed: 0.0052s/iter; left time: 109.4850s
	iters: 500, epoch: 1 | loss: 0.1618828
	speed: 0.0049s/iter; left time: 103.8825s
	iters: 600, epoch: 1 | loss: 0.1355781
	speed: 0.0049s/iter; left time: 103.3810s
	iters: 700, epoch: 1 | loss: 0.1218469
	speed: 0.0054s/iter; left time: 112.8586s
	iters: 800, epoch: 1 | loss: 0.1424838
	speed: 0.0052s/iter; left time: 108.5082s
	iters: 900, epoch: 1 | loss: 0.1187957
	speed: 0.0053s/iter; left time: 109.7543s
	iters: 1000, epoch: 1 | loss: 0.1234888
	speed: 0.0050s/iter; left time: 102.8320s
	iters: 1100, epoch: 1 | loss: 0.1124656
	speed: 0.0050s/iter; left time: 102.1155s
	iters: 1200, epoch: 1 | loss: 0.1144981
	speed: 0.0053s/iter; left time: 108.2890s
	iters: 1300, epoch: 1 | loss: 0.0729075
	speed: 0.0061s/iter; left time: 122.8601s
	iters: 1400, epoch: 1 | loss: 0.0648291
	speed: 0.0050s/iter; left time: 101.6706s
	iters: 1500, epoch: 1 | loss: 0.0917369
	speed: 0.0048s/iter; left time: 95.3481s
	iters: 1600, epoch: 1 | loss: 0.0690975
	speed: 0.0049s/iter; left time: 98.1129s
	iters: 1700, epoch: 1 | loss: 0.0777571
	speed: 0.0052s/iter; left time: 104.0465s
	iters: 1800, epoch: 1 | loss: 0.0609383
	speed: 0.0050s/iter; left time: 97.8215s
	iters: 1900, epoch: 1 | loss: 0.0821263
	speed: 0.0049s/iter; left time: 95.7344s
	iters: 2000, epoch: 1 | loss: 0.0631663
	speed: 0.0050s/iter; left time: 96.9050s
	iters: 2100, epoch: 1 | loss: 0.0691991
	speed: 0.0052s/iter; left time: 100.7786s
Epoch: 1 cost time: 14.174792051315308
Epoch: 1, Steps: 2154 | Train Loss: 0.1176196 Vali Loss: 0.0582522 Test Loss: 0.0648713
Validation loss decreased (inf --> 0.064871).  Saving model ...
Updating learning rate to 0.0005201750597214178
	iters: 100, epoch: 2 | loss: 0.0748246
	speed: 0.0481s/iter; left time: 927.2561s
	iters: 200, epoch: 2 | loss: 0.0684977
	speed: 0.0049s/iter; left time: 93.2864s
	iters: 300, epoch: 2 | loss: 0.0625203
	speed: 0.0052s/iter; left time: 99.3709s
	iters: 400, epoch: 2 | loss: 0.0701071
	speed: 0.0051s/iter; left time: 96.3622s
	iters: 500, epoch: 2 | loss: 0.0569923
	speed: 0.0051s/iter; left time: 97.1642s
	iters: 600, epoch: 2 | loss: 0.0553878
	speed: 0.0050s/iter; left time: 93.5738s
	iters: 700, epoch: 2 | loss: 0.0564280
	speed: 0.0050s/iter; left time: 93.6586s
	iters: 800, epoch: 2 | loss: 0.0650607
	speed: 0.0050s/iter; left time: 93.2816s
	iters: 900, epoch: 2 | loss: 0.0422705
	speed: 0.0052s/iter; left time: 96.7091s
	iters: 1000, epoch: 2 | loss: 0.0499553
	speed: 0.0049s/iter; left time: 90.9667s
	iters: 1100, epoch: 2 | loss: 0.0438816
	speed: 0.0050s/iter; left time: 91.8576s
	iters: 1200, epoch: 2 | loss: 0.0506963
	speed: 0.0050s/iter; left time: 90.9911s
	iters: 1300, epoch: 2 | loss: 0.0579043
	speed: 0.0052s/iter; left time: 93.6195s
	iters: 1400, epoch: 2 | loss: 0.0336692
	speed: 0.0053s/iter; left time: 95.9665s
	iters: 1500, epoch: 2 | loss: 0.0377516
	speed: 0.0051s/iter; left time: 91.5070s
	iters: 1600, epoch: 2 | loss: 0.0265975
	speed: 0.0048s/iter; left time: 85.1647s
	iters: 1700, epoch: 2 | loss: 0.0269823
	speed: 0.0052s/iter; left time: 91.8956s
	iters: 1800, epoch: 2 | loss: 0.0254412
	speed: 0.0051s/iter; left time: 88.8710s
	iters: 1900, epoch: 2 | loss: 0.0282333
	speed: 0.0050s/iter; left time: 88.0255s
	iters: 2000, epoch: 2 | loss: 0.0360866
	speed: 0.0050s/iter; left time: 86.9153s
	iters: 2100, epoch: 2 | loss: 0.0211744
	speed: 0.0049s/iter; left time: 84.2790s
Epoch: 2 cost time: 10.932570934295654
Epoch: 2, Steps: 2154 | Train Loss: 0.0467336 Vali Loss: 0.0258690 Test Loss: 0.0278020
Validation loss decreased (0.064871 --> 0.027802).  Saving model ...
Updating learning rate to 0.0009999999916906579
	iters: 100, epoch: 3 | loss: 0.0255807
	speed: 0.0492s/iter; left time: 843.1815s
	iters: 200, epoch: 3 | loss: 0.0630586
	speed: 0.0050s/iter; left time: 85.1104s
	iters: 300, epoch: 3 | loss: 0.0233095
	speed: 0.0050s/iter; left time: 84.1936s
	iters: 400, epoch: 3 | loss: 0.0205222
	speed: 0.0051s/iter; left time: 86.6438s
	iters: 500, epoch: 3 | loss: 0.0371033
	speed: 0.0055s/iter; left time: 91.7929s
	iters: 600, epoch: 3 | loss: 0.0242478
	speed: 0.0048s/iter; left time: 79.8069s
	iters: 700, epoch: 3 | loss: 0.0233205
	speed: 0.0051s/iter; left time: 83.9233s
	iters: 800, epoch: 3 | loss: 0.0337108
	speed: 0.0051s/iter; left time: 84.6021s
	iters: 900, epoch: 3 | loss: 0.0273953
	speed: 0.0055s/iter; left time: 89.6492s
	iters: 1000, epoch: 3 | loss: 0.0199315
	speed: 0.0053s/iter; left time: 86.1638s
	iters: 1100, epoch: 3 | loss: 0.0317222
	speed: 0.0050s/iter; left time: 81.0896s
	iters: 1200, epoch: 3 | loss: 0.0229629
	speed: 0.0057s/iter; left time: 91.0470s
	iters: 1300, epoch: 3 | loss: 0.0234763
	speed: 0.0053s/iter; left time: 84.3624s
	iters: 1400, epoch: 3 | loss: 0.0280158
	speed: 0.0057s/iter; left time: 90.0731s
	iters: 1500, epoch: 3 | loss: 0.0374719
	speed: 0.0049s/iter; left time: 76.9257s
	iters: 1600, epoch: 3 | loss: 0.0268680
	speed: 0.0049s/iter; left time: 77.2592s
	iters: 1700, epoch: 3 | loss: 0.0196968
	speed: 0.0052s/iter; left time: 81.0292s
	iters: 1800, epoch: 3 | loss: 0.0197465
	speed: 0.0052s/iter; left time: 79.5343s
	iters: 1900, epoch: 3 | loss: 0.0190489
	speed: 0.0049s/iter; left time: 75.3962s
	iters: 2000, epoch: 3 | loss: 0.0218148
	speed: 0.0051s/iter; left time: 77.8060s
	iters: 2100, epoch: 3 | loss: 0.0224536
	speed: 0.0050s/iter; left time: 75.2007s
Epoch: 3 cost time: 11.179675579071045
Epoch: 3, Steps: 2154 | Train Loss: 0.0249731 Vali Loss: 0.0249802 Test Loss: 0.0266747
Validation loss decreased (0.027802 --> 0.026675).  Saving model ...
Updating learning rate to 0.0009619050271543523
	iters: 100, epoch: 4 | loss: 0.0174850
	speed: 0.0486s/iter; left time: 727.4962s
	iters: 200, epoch: 4 | loss: 0.0221578
	speed: 0.0051s/iter; left time: 75.2835s
	iters: 300, epoch: 4 | loss: 0.0238693
	speed: 0.0051s/iter; left time: 75.1264s
	iters: 400, epoch: 4 | loss: 0.0280323
	speed: 0.0053s/iter; left time: 77.3057s
	iters: 500, epoch: 4 | loss: 0.0211732
	speed: 0.0050s/iter; left time: 73.5788s
	iters: 600, epoch: 4 | loss: 0.0181842
	speed: 0.0050s/iter; left time: 72.4213s
	iters: 700, epoch: 4 | loss: 0.0183194
	speed: 0.0053s/iter; left time: 76.3410s
	iters: 800, epoch: 4 | loss: 0.0257524
	speed: 0.0061s/iter; left time: 87.6707s
	iters: 900, epoch: 4 | loss: 0.0345009
	speed: 0.0051s/iter; left time: 71.8860s
	iters: 1000, epoch: 4 | loss: 0.0225021
	speed: 0.0048s/iter; left time: 67.1168s
	iters: 1100, epoch: 4 | loss: 0.0181775
	speed: 0.0051s/iter; left time: 70.6614s
	iters: 1200, epoch: 4 | loss: 0.0250577
	speed: 0.0050s/iter; left time: 68.8761s
	iters: 1300, epoch: 4 | loss: 0.0213590
	speed: 0.0050s/iter; left time: 68.6542s
	iters: 1400, epoch: 4 | loss: 0.0230162
	speed: 0.0052s/iter; left time: 71.3664s
	iters: 1500, epoch: 4 | loss: 0.0266499
	speed: 0.0052s/iter; left time: 69.9631s
	iters: 1600, epoch: 4 | loss: 0.0328163
	speed: 0.0049s/iter; left time: 65.5596s
	iters: 1700, epoch: 4 | loss: 0.0204754
	speed: 0.0051s/iter; left time: 68.1399s
	iters: 1800, epoch: 4 | loss: 0.0183822
	speed: 0.0051s/iter; left time: 68.3602s
	iters: 1900, epoch: 4 | loss: 0.0310626
	speed: 0.0052s/iter; left time: 68.5546s
	iters: 2000, epoch: 4 | loss: 0.0236087
	speed: 0.0048s/iter; left time: 63.3572s
	iters: 2100, epoch: 4 | loss: 0.0183633
	speed: 0.0050s/iter; left time: 65.2678s
Epoch: 4 cost time: 11.020036220550537
Epoch: 4, Steps: 2154 | Train Loss: 0.0249596 Vali Loss: 0.0249437 Test Loss: 0.0267466
EarlyStopping counter: 1 out of 15
Updating learning rate to 0.0008534895138951646
	iters: 100, epoch: 5 | loss: 0.0193118
	speed: 0.0483s/iter; left time: 619.3100s
	iters: 200, epoch: 5 | loss: 0.0241367
	speed: 0.0054s/iter; left time: 68.1913s
	iters: 300, epoch: 5 | loss: 0.0194197
	speed: 0.0051s/iter; left time: 65.0074s
	iters: 400, epoch: 5 | loss: 0.0278330
	speed: 0.0049s/iter; left time: 61.0363s
	iters: 500, epoch: 5 | loss: 0.0234525
	speed: 0.0051s/iter; left time: 63.7810s
	iters: 600, epoch: 5 | loss: 0.0348389
	speed: 0.0050s/iter; left time: 61.1629s
	iters: 700, epoch: 5 | loss: 0.0181081
	speed: 0.0057s/iter; left time: 69.3335s
	iters: 800, epoch: 5 | loss: 0.0245043
	speed: 0.0056s/iter; left time: 67.5031s
	iters: 900, epoch: 5 | loss: 0.0222537
	speed: 0.0053s/iter; left time: 63.2490s
	iters: 1000, epoch: 5 | loss: 0.0231822
	speed: 0.0052s/iter; left time: 61.5098s
	iters: 1100, epoch: 5 | loss: 0.0241799
	speed: 0.0050s/iter; left time: 59.4352s
	iters: 1200, epoch: 5 | loss: 0.0206318
	speed: 0.0057s/iter; left time: 66.2539s
	iters: 1300, epoch: 5 | loss: 0.0287295
	speed: 0.0049s/iter; left time: 57.1583s
	iters: 1400, epoch: 5 | loss: 0.0236289
	speed: 0.0053s/iter; left time: 61.1658s
	iters: 1500, epoch: 5 | loss: 0.0173208
	speed: 0.0050s/iter; left time: 56.6475s
	iters: 1600, epoch: 5 | loss: 0.0363020
	speed: 0.0049s/iter; left time: 55.6413s
	iters: 1700, epoch: 5 | loss: 0.0218255
	speed: 0.0050s/iter; left time: 55.7516s
	iters: 1800, epoch: 5 | loss: 0.0218853
	speed: 0.0050s/iter; left time: 55.7081s
	iters: 1900, epoch: 5 | loss: 0.0209792
	speed: 0.0050s/iter; left time: 55.6418s
	iters: 2000, epoch: 5 | loss: 0.0221612
	speed: 0.0049s/iter; left time: 54.0428s
	iters: 2100, epoch: 5 | loss: 0.0235659
	speed: 0.0049s/iter; left time: 52.6230s
Epoch: 5 cost time: 11.081045866012573
Epoch: 5, Steps: 2154 | Train Loss: 0.0248903 Vali Loss: 0.0249330 Test Loss: 0.0268170
EarlyStopping counter: 2 out of 15
Updating learning rate to 0.0006912587310177311
	iters: 100, epoch: 6 | loss: 0.0211894
	speed: 0.0481s/iter; left time: 513.2928s
	iters: 200, epoch: 6 | loss: 0.0213557
	speed: 0.0052s/iter; left time: 54.9265s
	iters: 300, epoch: 6 | loss: 0.0244270
	speed: 0.0049s/iter; left time: 51.1182s
	iters: 400, epoch: 6 | loss: 0.0269219
	speed: 0.0053s/iter; left time: 54.5189s
	iters: 500, epoch: 6 | loss: 0.0226226
	speed: 0.0052s/iter; left time: 53.2069s
	iters: 600, epoch: 6 | loss: 0.0338262
	speed: 0.0052s/iter; left time: 52.5030s
	iters: 700, epoch: 6 | loss: 0.0233505
	speed: 0.0049s/iter; left time: 49.5843s
	iters: 800, epoch: 6 | loss: 0.0224238
	speed: 0.0055s/iter; left time: 54.5519s
	iters: 900, epoch: 6 | loss: 0.0283271
	speed: 0.0051s/iter; left time: 49.8801s
	iters: 1000, epoch: 6 | loss: 0.0232738
	speed: 0.0054s/iter; left time: 52.9607s
	iters: 1100, epoch: 6 | loss: 0.0247490
	speed: 0.0049s/iter; left time: 47.3261s
	iters: 1200, epoch: 6 | loss: 0.0272952
	speed: 0.0049s/iter; left time: 46.9659s
	iters: 1300, epoch: 6 | loss: 0.0256274
	speed: 0.0050s/iter; left time: 47.3376s
	iters: 1400, epoch: 6 | loss: 0.0206477
	speed: 0.0048s/iter; left time: 45.4468s
	iters: 1500, epoch: 6 | loss: 0.0241951
	speed: 0.0053s/iter; left time: 49.0324s
	iters: 1600, epoch: 6 | loss: 0.0212515
	speed: 0.0050s/iter; left time: 46.0786s
	iters: 1700, epoch: 6 | loss: 0.0257635
	speed: 0.0051s/iter; left time: 45.8513s
	iters: 1800, epoch: 6 | loss: 0.0202889
	speed: 0.0051s/iter; left time: 45.4731s
	iters: 1900, epoch: 6 | loss: 0.0357873
	speed: 0.0056s/iter; left time: 49.8873s
	iters: 2000, epoch: 6 | loss: 0.0187683
	speed: 0.0052s/iter; left time: 45.7825s
	iters: 2100, epoch: 6 | loss: 0.0323440
	speed: 0.0049s/iter; left time: 42.6433s
Epoch: 6 cost time: 11.04622483253479
Epoch: 6, Steps: 2154 | Train Loss: 0.0247699 Vali Loss: 0.0247160 Test Loss: 0.0267695
EarlyStopping counter: 3 out of 15
Updating learning rate to 0.0004999108445894319
	iters: 100, epoch: 7 | loss: 0.0267691
	speed: 0.0479s/iter; left time: 408.1603s
	iters: 200, epoch: 7 | loss: 0.0249649
	speed: 0.0051s/iter; left time: 43.2310s
	iters: 300, epoch: 7 | loss: 0.0230018
	speed: 0.0050s/iter; left time: 41.9522s
	iters: 400, epoch: 7 | loss: 0.0243478
	speed: 0.0050s/iter; left time: 41.2599s
	iters: 500, epoch: 7 | loss: 0.0230362
	speed: 0.0051s/iter; left time: 41.0755s
	iters: 600, epoch: 7 | loss: 0.0236903
	speed: 0.0049s/iter; left time: 39.6150s
	iters: 700, epoch: 7 | loss: 0.0266016
	speed: 0.0056s/iter; left time: 44.1489s
	iters: 800, epoch: 7 | loss: 0.0261897
	speed: 0.0053s/iter; left time: 41.3353s
	iters: 900, epoch: 7 | loss: 0.0210321
	speed: 0.0050s/iter; left time: 38.7884s
	iters: 1000, epoch: 7 | loss: 0.0182010
	speed: 0.0052s/iter; left time: 39.3648s
	iters: 1100, epoch: 7 | loss: 0.0347208
	speed: 0.0052s/iter; left time: 38.7746s
	iters: 1200, epoch: 7 | loss: 0.0250634
	speed: 0.0056s/iter; left time: 41.5410s
	iters: 1300, epoch: 7 | loss: 0.0252594
	speed: 0.0047s/iter; left time: 34.6662s
	iters: 1400, epoch: 7 | loss: 0.0295105
	speed: 0.0050s/iter; left time: 36.1216s
	iters: 1500, epoch: 7 | loss: 0.0215248
	speed: 0.0053s/iter; left time: 37.8511s
	iters: 1600, epoch: 7 | loss: 0.0188415
	speed: 0.0051s/iter; left time: 35.9456s
	iters: 1700, epoch: 7 | loss: 0.0227410
	speed: 0.0050s/iter; left time: 34.4958s
	iters: 1800, epoch: 7 | loss: 0.0224031
	speed: 0.0049s/iter; left time: 33.4595s
	iters: 1900, epoch: 7 | loss: 0.0281333
	speed: 0.0056s/iter; left time: 37.4897s
	iters: 2000, epoch: 7 | loss: 0.0215331
	speed: 0.0051s/iter; left time: 33.6663s
	iters: 2100, epoch: 7 | loss: 0.0300793
	speed: 0.0049s/iter; left time: 32.1354s
Epoch: 7 cost time: 11.046299457550049
Epoch: 7, Steps: 2154 | Train Loss: 0.0247356 Vali Loss: 0.0249420 Test Loss: 0.0265994
Validation loss decreased (0.026675 --> 0.026599).  Saving model ...
Updating learning rate to 0.00030857683574606596
	iters: 100, epoch: 8 | loss: 0.0182247
	speed: 0.0486s/iter; left time: 309.5438s
	iters: 200, epoch: 8 | loss: 0.0277452
	speed: 0.0051s/iter; left time: 31.8115s
	iters: 300, epoch: 8 | loss: 0.0229363
	speed: 0.0052s/iter; left time: 31.9229s
	iters: 400, epoch: 8 | loss: 0.0215149
	speed: 0.0053s/iter; left time: 32.1394s
	iters: 500, epoch: 8 | loss: 0.0230671
	speed: 0.0052s/iter; left time: 31.0497s
	iters: 600, epoch: 8 | loss: 0.0320855
	speed: 0.0052s/iter; left time: 30.2461s
	iters: 700, epoch: 8 | loss: 0.0197627
	speed: 0.0053s/iter; left time: 30.7643s
	iters: 800, epoch: 8 | loss: 0.0195835
	speed: 0.0051s/iter; left time: 29.0101s
	iters: 900, epoch: 8 | loss: 0.0176668
	speed: 0.0051s/iter; left time: 28.1753s
	iters: 1000, epoch: 8 | loss: 0.0290444
	speed: 0.0049s/iter; left time: 26.9419s
	iters: 1100, epoch: 8 | loss: 0.0209687
	speed: 0.0052s/iter; left time: 28.1378s
	iters: 1200, epoch: 8 | loss: 0.0249833
	speed: 0.0051s/iter; left time: 26.7393s
	iters: 1300, epoch: 8 | loss: 0.0211934
	speed: 0.0054s/iter; left time: 27.7442s
	iters: 1400, epoch: 8 | loss: 0.0236658
	speed: 0.0051s/iter; left time: 25.6033s
	iters: 1500, epoch: 8 | loss: 0.0285845
	speed: 0.0054s/iter; left time: 26.6652s
	iters: 1600, epoch: 8 | loss: 0.0200041
	speed: 0.0055s/iter; left time: 26.7758s
	iters: 1700, epoch: 8 | loss: 0.0221718
	speed: 0.0052s/iter; left time: 24.6354s
	iters: 1800, epoch: 8 | loss: 0.0220728
	speed: 0.0052s/iter; left time: 24.2187s
	iters: 1900, epoch: 8 | loss: 0.0245364
	speed: 0.0050s/iter; left time: 22.7578s
	iters: 2000, epoch: 8 | loss: 0.0187280
	speed: 0.0052s/iter; left time: 23.4247s
	iters: 2100, epoch: 8 | loss: 0.0235011
	speed: 0.0048s/iter; left time: 21.0719s
Epoch: 8 cost time: 11.157448053359985
Epoch: 8, Steps: 2154 | Train Loss: 0.0244836 Vali Loss: 0.0246905 Test Loss: 0.0266258
EarlyStopping counter: 1 out of 15
Updating learning rate to 0.00014638557288692642
	iters: 100, epoch: 9 | loss: 0.0258678
	speed: 0.0484s/iter; left time: 203.5344s
	iters: 200, epoch: 9 | loss: 0.0224911
	speed: 0.0049s/iter; left time: 20.2468s
	iters: 300, epoch: 9 | loss: 0.0220164
	speed: 0.0052s/iter; left time: 20.9398s
	iters: 400, epoch: 9 | loss: 0.0242987
	speed: 0.0051s/iter; left time: 19.9653s
	iters: 500, epoch: 9 | loss: 0.0278130
	speed: 0.0049s/iter; left time: 18.6895s
	iters: 600, epoch: 9 | loss: 0.0248456
	speed: 0.0051s/iter; left time: 18.7520s
	iters: 700, epoch: 9 | loss: 0.0229737
	speed: 0.0054s/iter; left time: 19.5830s
	iters: 800, epoch: 9 | loss: 0.0228228
	speed: 0.0051s/iter; left time: 18.0292s
	iters: 900, epoch: 9 | loss: 0.0227106
	speed: 0.0052s/iter; left time: 17.7844s
	iters: 1000, epoch: 9 | loss: 0.0186687
	speed: 0.0052s/iter; left time: 17.2603s
	iters: 1100, epoch: 9 | loss: 0.0197851
	speed: 0.0052s/iter; left time: 16.6384s
	iters: 1200, epoch: 9 | loss: 0.0266898
	speed: 0.0055s/iter; left time: 17.2162s
	iters: 1300, epoch: 9 | loss: 0.0222388
	speed: 0.0049s/iter; left time: 14.7378s
	iters: 1400, epoch: 9 | loss: 0.0233335
	speed: 0.0054s/iter; left time: 15.6383s
	iters: 1500, epoch: 9 | loss: 0.0231174
	speed: 0.0052s/iter; left time: 14.6693s
	iters: 1600, epoch: 9 | loss: 0.0245594
	speed: 0.0051s/iter; left time: 13.6931s
	iters: 1700, epoch: 9 | loss: 0.0277074
	speed: 0.0048s/iter; left time: 12.6108s
	iters: 1800, epoch: 9 | loss: 0.0215117
	speed: 0.0051s/iter; left time: 12.7051s
	iters: 1900, epoch: 9 | loss: 0.0210294
	speed: 0.0052s/iter; left time: 12.4312s
	iters: 2000, epoch: 9 | loss: 0.0189522
	speed: 0.0052s/iter; left time: 12.1119s
	iters: 2100, epoch: 9 | loss: 0.0190771
	speed: 0.0050s/iter; left time: 10.9600s
Epoch: 9 cost time: 11.072684526443481
Epoch: 9, Steps: 2154 | Train Loss: 0.0248224 Vali Loss: 0.0247561 Test Loss: 0.0264697
Validation loss decreased (0.026599 --> 0.026470).  Saving model ...
Updating learning rate to 3.802920551485804e-05
	iters: 100, epoch: 10 | loss: 0.0232365
	speed: 0.0493s/iter; left time: 101.3097s
	iters: 200, epoch: 10 | loss: 0.0195107
	speed: 0.0052s/iter; left time: 10.0709s
	iters: 300, epoch: 10 | loss: 0.0322781
	speed: 0.0054s/iter; left time: 9.9752s
	iters: 400, epoch: 10 | loss: 0.0304269
	speed: 0.0052s/iter; left time: 9.1229s
	iters: 500, epoch: 10 | loss: 0.0231573
	speed: 0.0053s/iter; left time: 8.7746s
	iters: 600, epoch: 10 | loss: 0.0228932
	speed: 0.0050s/iter; left time: 7.8437s
	iters: 700, epoch: 10 | loss: 0.0243326
	speed: 0.0052s/iter; left time: 7.6246s
	iters: 800, epoch: 10 | loss: 0.0200091
	speed: 0.0049s/iter; left time: 6.6787s
	iters: 900, epoch: 10 | loss: 0.0213345
	speed: 0.0050s/iter; left time: 6.3206s
	iters: 1000, epoch: 10 | loss: 0.0269043
	speed: 0.0049s/iter; left time: 5.6475s
	iters: 1100, epoch: 10 | loss: 0.0379707
	speed: 0.0051s/iter; left time: 5.3628s
	iters: 1200, epoch: 10 | loss: 0.0382152
	speed: 0.0050s/iter; left time: 4.7954s
	iters: 1300, epoch: 10 | loss: 0.0283705
	speed: 0.0049s/iter; left time: 4.1794s
	iters: 1400, epoch: 10 | loss: 0.0266562
	speed: 0.0049s/iter; left time: 3.7178s
	iters: 1500, epoch: 10 | loss: 0.0238733
	speed: 0.0048s/iter; left time: 3.1500s
	iters: 1600, epoch: 10 | loss: 0.0199893
	speed: 0.0055s/iter; left time: 3.0371s
	iters: 1700, epoch: 10 | loss: 0.0211380
	speed: 0.0050s/iter; left time: 2.2655s
	iters: 1800, epoch: 10 | loss: 0.0184031
	speed: 0.0049s/iter; left time: 1.7429s
	iters: 1900, epoch: 10 | loss: 0.0178965
	speed: 0.0048s/iter; left time: 1.2317s
	iters: 2000, epoch: 10 | loss: 0.0243813
	speed: 0.0055s/iter; left time: 0.8492s
	iters: 2100, epoch: 10 | loss: 0.0174233
	speed: 0.0049s/iter; left time: 0.2713s
Epoch: 10 cost time: 10.934195280075073
Epoch: 10, Steps: 2154 | Train Loss: 0.0244956 Vali Loss: 0.0247290 Test Loss: 0.0266016
EarlyStopping counter: 1 out of 15
Updating learning rate to 4.008309342172464e-09
>>>>>>>testing : imputation_IMP_SparseTSF_ETTm2_mask0.125_none_SparseTSF_ETTm2_sl96_pl0_dm32_nh8_el2_dl1_df32_fc1_ebtimeF_dtTrue_Imp_0<<<<<<<<<<<<<<<<<<<<<<<<<<<<<<<<<
test 11521
test shape: (11520, 96, 7) (11520, 96, 7)
mse:0.026656851172447205, mae:0.09499364346265793
