Args in experiment:
Namespace(activation='gelu', anomaly_ratio=0.25, batch_size=16, c_out=7, channel_independence=1, checkpoints='./checkpoints/', comment='none', d_ff=32, d_layers=1, d_model=16, data='ETTh1', data_path='ETTh1.csv', dec_in=7, decomp_method='moving_avg', des='Imp', devices='0,1', distil=True, down_sampling_layers=3, down_sampling_method='avg', down_sampling_window=2, drop_last=True, dropout=0.1, e_layers=2, embed='timeF', emissions_file='emissions.csv', emissions_output_dir='.', enc_in=7, factor=1, features='M', freq='h', gpu=0, inverse=False, is_training=1, itr=1, label_len=0, learning_rate=0.001, loss='MSE', lradj='TST', mask_rate=0.125, model='SparseTSF', model_id='IMP_SparseTSF_ETTh1_mask0.125', model_type='linear', moving_avg=25, n_heads=8, num_kernels=6, num_workers=0, output_attention=False, p_hidden_dims=[128, 128], p_hidden_layers=2, patience=15, pct_start=0.2, period_len=24, pred_len=0, root_path='C:\\Users\\bbbal\\OneDrive\\Masaüstü\\timemixer\\dataset\\ETT-small', seasonal_patterns='Monthly', seq_len=96, target='OT', task_name='imputation', top_k=5, track_emissions=0, train_epochs=10, use_amp=False, use_future_temporal_feature=0, use_gpu=True, use_multi_gpu=False, use_norm=1)
Use GPU: cuda:0
>>>>>>>start training : imputation_IMP_SparseTSF_ETTh1_mask0.125_none_SparseTSF_ETTh1_sl96_pl0_dm16_nh8_el2_dl1_df32_fc1_ebtimeF_dtTrue_Imp_0>>>>>>>>>>>>>>>>>>>>>>>>>>
train 8545
val 2881
test 2881
	iters: 100, epoch: 1 | loss: 0.5270430
	speed: 0.0440s/iter; left time: 230.6959s
	iters: 200, epoch: 1 | loss: 0.5574864
	speed: 0.0067s/iter; left time: 34.6064s
	iters: 300, epoch: 1 | loss: 0.6381083
	speed: 0.0072s/iter; left time: 36.4375s
	iters: 400, epoch: 1 | loss: 0.4639762
	speed: 0.0063s/iter; left time: 31.1914s
	iters: 500, epoch: 1 | loss: 0.5369650
	speed: 0.0072s/iter; left time: 35.0275s
Epoch: 1 cost time: 7.434675693511963
Epoch: 1, Steps: 534 | Train Loss: 0.5890966 Vali Loss: 0.7945740 Test Loss: 0.7500018
Validation loss decreased (inf --> 0.750002).  Saving model ...
Updating learning rate to 0.0005207066372675873
	iters: 100, epoch: 2 | loss: 0.3960622
	speed: 0.0211s/iter; left time: 99.4190s
	iters: 200, epoch: 2 | loss: 0.3773466
	speed: 0.0069s/iter; left time: 31.6696s
	iters: 300, epoch: 2 | loss: 0.2831900
	speed: 0.0065s/iter; left time: 29.4756s
	iters: 400, epoch: 2 | loss: 0.1966340
	speed: 0.0069s/iter; left time: 30.4764s
	iters: 500, epoch: 2 | loss: 0.1598401
	speed: 0.0063s/iter; left time: 27.3368s
Epoch: 2 cost time: 3.560035467147827
Epoch: 2, Steps: 534 | Train Loss: 0.3058855 Vali Loss: 0.2065970 Test Loss: 0.2046965
Validation loss decreased (0.750002 --> 0.204696).  Saving model ...
Updating learning rate to 0.0009999998648003681
	iters: 100, epoch: 3 | loss: 0.1367800
	speed: 0.0222s/iter; left time: 92.6516s
	iters: 200, epoch: 3 | loss: 0.1188219
	speed: 0.0070s/iter; left time: 28.4832s
	iters: 300, epoch: 3 | loss: 0.1299465
	speed: 0.0068s/iter; left time: 26.9823s
	iters: 400, epoch: 3 | loss: 0.0996972
	speed: 0.0062s/iter; left time: 24.0250s
	iters: 500, epoch: 3 | loss: 0.0943849
	speed: 0.0066s/iter; left time: 24.8791s
Epoch: 3 cost time: 3.601654291152954
Epoch: 3, Steps: 534 | Train Loss: 0.1143800 Vali Loss: 0.1204527 Test Loss: 0.1191564
Validation loss decreased (0.204696 --> 0.119156).  Saving model ...
Updating learning rate to 0.0009617990830848397
	iters: 100, epoch: 4 | loss: 0.1110269
	speed: 0.0212s/iter; left time: 77.2722s
	iters: 200, epoch: 4 | loss: 0.0771279
	speed: 0.0058s/iter; left time: 20.4023s
	iters: 300, epoch: 4 | loss: 0.0879013
	speed: 0.0066s/iter; left time: 22.6634s
	iters: 400, epoch: 4 | loss: 0.0928628
	speed: 0.0054s/iter; left time: 18.1814s
	iters: 500, epoch: 4 | loss: 0.0845787
	speed: 0.0067s/iter; left time: 21.8632s
Epoch: 4 cost time: 3.299513578414917
Epoch: 4, Steps: 534 | Train Loss: 0.0926721 Vali Loss: 0.1217720 Test Loss: 0.1140868
Validation loss decreased (0.119156 --> 0.114087).  Saving model ...
Updating learning rate to 0.0008532938816706273
	iters: 100, epoch: 5 | loss: 0.0799263
	speed: 0.0186s/iter; left time: 57.6128s
	iters: 200, epoch: 5 | loss: 0.1009247
	speed: 0.0055s/iter; left time: 16.4828s
	iters: 300, epoch: 5 | loss: 0.0886849
	speed: 0.0052s/iter; left time: 15.0908s
	iters: 400, epoch: 5 | loss: 0.0849571
	speed: 0.0066s/iter; left time: 18.4042s
	iters: 500, epoch: 5 | loss: 0.0896890
	speed: 0.0065s/iter; left time: 17.4674s
Epoch: 5 cost time: 3.1759581565856934
Epoch: 5, Steps: 534 | Train Loss: 0.0920015 Vali Loss: 0.1210321 Test Loss: 0.1132971
Validation loss decreased (0.114087 --> 0.113297).  Saving model ...
Updating learning rate to 0.0006910031938709443
	iters: 100, epoch: 6 | loss: 0.0929763
	speed: 0.0245s/iter; left time: 62.9360s
	iters: 200, epoch: 6 | loss: 0.0954637
	speed: 0.0055s/iter; left time: 13.5379s
	iters: 300, epoch: 6 | loss: 0.1159453
	speed: 0.0054s/iter; left time: 12.7255s
	iters: 400, epoch: 6 | loss: 0.1125628
	speed: 0.0056s/iter; left time: 12.6226s
	iters: 500, epoch: 6 | loss: 0.0929900
	speed: 0.0062s/iter; left time: 13.4702s
Epoch: 6 cost time: 3.3809752464294434
Epoch: 6, Steps: 534 | Train Loss: 0.0912040 Vali Loss: 0.1211948 Test Loss: 0.1145356
EarlyStopping counter: 1 out of 15
Updating learning rate to 0.0004996343057345438
	iters: 100, epoch: 7 | loss: 0.1076314
	speed: 0.0194s/iter; left time: 39.6027s
	iters: 200, epoch: 7 | loss: 0.0881010
	speed: 0.0062s/iter; left time: 11.9528s
	iters: 300, epoch: 7 | loss: 0.1176092
	speed: 0.0079s/iter; left time: 14.4976s
	iters: 400, epoch: 7 | loss: 0.0866535
	speed: 0.0069s/iter; left time: 12.0019s
	iters: 500, epoch: 7 | loss: 0.0725413
	speed: 0.0077s/iter; left time: 12.5489s
Epoch: 7 cost time: 3.816091775894165
Epoch: 7, Steps: 534 | Train Loss: 0.0920165 Vali Loss: 0.1208643 Test Loss: 0.1133636
EarlyStopping counter: 2 out of 15
Updating learning rate to 0.0003083213957169024
	iters: 100, epoch: 8 | loss: 0.0685465
	speed: 0.0291s/iter; left time: 43.6904s
	iters: 200, epoch: 8 | loss: 0.0922465
	speed: 0.0074s/iter; left time: 10.4188s
	iters: 300, epoch: 8 | loss: 0.0794057
	speed: 0.0074s/iter; left time: 9.5863s
	iters: 400, epoch: 8 | loss: 0.1148621
	speed: 0.0077s/iter; left time: 9.2395s
	iters: 500, epoch: 8 | loss: 0.0835578
	speed: 0.0079s/iter; left time: 8.6933s
Epoch: 8 cost time: 4.087698698043823
Epoch: 8, Steps: 534 | Train Loss: 0.0908743 Vali Loss: 0.1200097 Test Loss: 0.1133912
EarlyStopping counter: 3 out of 15
Updating learning rate to 0.00014619012011235773
	iters: 100, epoch: 9 | loss: 0.0957413
	speed: 0.0262s/iter; left time: 25.3976s
	iters: 200, epoch: 9 | loss: 0.0913180
	speed: 0.0072s/iter; left time: 6.2520s
	iters: 300, epoch: 9 | loss: 0.0774259
	speed: 0.0075s/iter; left time: 5.7985s
	iters: 400, epoch: 9 | loss: 0.1006854
	speed: 0.0070s/iter; left time: 4.6778s
	iters: 500, epoch: 9 | loss: 0.0827394
	speed: 0.0068s/iter; left time: 3.8633s
Epoch: 9 cost time: 3.9557700157165527
Epoch: 9, Steps: 534 | Train Loss: 0.0912982 Vali Loss: 0.1219346 Test Loss: 0.1142308
EarlyStopping counter: 4 out of 15
Updating learning rate to 3.792349590802869e-05
	iters: 100, epoch: 10 | loss: 0.1040803
	speed: 0.0229s/iter; left time: 9.9590s
	iters: 200, epoch: 10 | loss: 0.0860462
	speed: 0.0074s/iter; left time: 2.4683s
	iters: 300, epoch: 10 | loss: 0.1150661
	speed: 0.0077s/iter; left time: 1.7993s
	iters: 400, epoch: 10 | loss: 0.0795502
	speed: 0.0073s/iter; left time: 0.9843s
	iters: 500, epoch: 10 | loss: 0.0914956
	speed: 0.0074s/iter; left time: 0.2585s
Epoch: 10 cost time: 3.9193432331085205
Epoch: 10, Steps: 534 | Train Loss: 0.0923985 Vali Loss: 0.1194744 Test Loss: 0.1141579
EarlyStopping counter: 5 out of 15
Updating learning rate to 4.1351996319232575e-09
>>>>>>>testing : imputation_IMP_SparseTSF_ETTh1_mask0.125_none_SparseTSF_ETTh1_sl96_pl0_dm16_nh8_el2_dl1_df32_fc1_ebtimeF_dtTrue_Imp_0<<<<<<<<<<<<<<<<<<<<<<<<<<<<<<<<<
test 2881
test shape: (2880, 96, 7) (2880, 96, 7)
mse:0.11333469301462173, mae:0.21518009901046753
