Args in experiment:
Namespace(activation='gelu', anomaly_ratio=0.25, batch_size=16, c_out=7, channel_independence=1, checkpoints='./checkpoints/', comment='none', d_ff=32, d_layers=1, d_model=32, data='ETTm2', data_path='ETTm2.csv', dec_in=7, decomp_method='moving_avg', des='Imp', devices='0,1', distil=True, down_sampling_layers=3, down_sampling_method='avg', down_sampling_window=2, drop_last=True, dropout=0.1, e_layers=2, embed='timeF', emissions_file='emissions.csv', emissions_output_dir='.', enc_in=7, factor=1, features='M', freq='h', gpu=0, inverse=False, is_training=1, itr=1, label_len=0, learning_rate=0.001, loss='MSE', lradj='TST', mask_rate=0.5, model='SparseTSF', model_id='IMP_SparseTSF_ETTm2_mask0.5', model_type='linear', moving_avg=25, n_heads=8, num_kernels=6, num_workers=0, output_attention=False, p_hidden_dims=[128, 128], p_hidden_layers=2, patience=15, pct_start=0.2, period_len=4, pred_len=0, root_path='<workspace>\\dataset\\ETT-small', seasonal_patterns='Monthly', seq_len=96, target='OT', task_name='imputation', top_k=5, track_emissions=0, train_epochs=10, use_amp=False, use_future_temporal_feature=0, use_gpu=True, use_multi_gpu=False, use_norm=1)
Use GPU: cuda:0
>>>>>>>start training : imputation_IMP_SparseTSF_ETTm2_mask0.5_none_SparseTSF_ETTm2_sl96_pl0_dm32_nh8_el2_dl1_df32_fc1_ebtimeF_dtTrue_Imp_0>>>>>>>>>>>>>>>>>>>>>>>>>>
train 34465
val 11521
test 11521
	iters: 100, epoch: 1 | loss: 0.1164978
	speed: 0.0365s/iter; left time: 782.5820s
	iters: 200, epoch: 1 | loss: 0.1577630
	speed: 0.0056s/iter; left time: 120.3469s
	iters: 300, epoch: 1 | loss: 0.1858707
	speed: 0.0060s/iter; left time: 126.5814s
	iters: 400, epoch: 1 | loss: 0.1436147
	speed: 0.0061s/iter; left time: 128.2256s
	iters: 500, epoch: 1 | loss: 0.1573520
	speed: 0.0059s/iter; left time: 123.5583s
	iters: 600, epoch: 1 | loss: 0.1429297
	speed: 0.0056s/iter; left time: 117.1123s
	iters: 700, epoch: 1 | loss: 0.1178058
	speed: 0.0058s/iter; left time: 120.2559s
	iters: 800, epoch: 1 | loss: 0.1385333
	speed: 0.0059s/iter; left time: 122.7659s
	iters: 900, epoch: 1 | loss: 0.1040879
	speed: 0.0064s/iter; left time: 131.9250s
	iters: 1000, epoch: 1 | loss: 0.1272712
	speed: 0.0068s/iter; left time: 140.0420s
	iters: 1100, epoch: 1 | loss: 0.1084749
	speed: 0.0067s/iter; left time: 137.3730s
	iters: 1200, epoch: 1 | loss: 0.1141840
	speed: 0.0068s/iter; left time: 138.4107s
	iters: 1300, epoch: 1 | loss: 0.0831708
	speed: 0.0076s/iter; left time: 154.3137s
	iters: 1400, epoch: 1 | loss: 0.0638750
	speed: 0.0067s/iter; left time: 134.6773s
	iters: 1500, epoch: 1 | loss: 0.0876451
	speed: 0.0062s/iter; left time: 123.6926s
	iters: 1600, epoch: 1 | loss: 0.0669226
	speed: 0.0062s/iter; left time: 123.9919s
	iters: 1700, epoch: 1 | loss: 0.0866380
	speed: 0.0058s/iter; left time: 114.2494s
	iters: 1800, epoch: 1 | loss: 0.0572371
	speed: 0.0053s/iter; left time: 104.4098s
	iters: 1900, epoch: 1 | loss: 0.0733863
	speed: 0.0052s/iter; left time: 102.4970s
	iters: 2000, epoch: 1 | loss: 0.0609743
	speed: 0.0054s/iter; left time: 105.2686s
	iters: 2100, epoch: 1 | loss: 0.0539291
	speed: 0.0056s/iter; left time: 108.5764s
Epoch: 1 cost time: 16.10854172706604
Epoch: 1, Steps: 2154 | Train Loss: 0.1124007 Vali Loss: 0.0477314 Test Loss: 0.0525525
Validation loss decreased (inf --> 0.052552).  Saving model ...
Updating learning rate to 0.0005201750597214178
	iters: 100, epoch: 2 | loss: 0.0568299
	speed: 0.0518s/iter; left time: 998.4939s
	iters: 200, epoch: 2 | loss: 0.0467649
	speed: 0.0069s/iter; left time: 132.8313s
	iters: 300, epoch: 2 | loss: 0.0512707
	speed: 0.0054s/iter; left time: 103.7191s
	iters: 400, epoch: 2 | loss: 0.0525238
	speed: 0.0057s/iter; left time: 107.8868s
	iters: 500, epoch: 2 | loss: 0.0418190
	speed: 0.0059s/iter; left time: 111.1879s
	iters: 600, epoch: 2 | loss: 0.0417014
	speed: 0.0056s/iter; left time: 104.8276s
	iters: 700, epoch: 2 | loss: 0.0479893
	speed: 0.0059s/iter; left time: 110.6990s
	iters: 800, epoch: 2 | loss: 0.0425897
	speed: 0.0055s/iter; left time: 102.7890s
	iters: 900, epoch: 2 | loss: 0.0333627
	speed: 0.0060s/iter; left time: 110.0316s
	iters: 1000, epoch: 2 | loss: 0.0478665
	speed: 0.0060s/iter; left time: 110.3028s
	iters: 1100, epoch: 2 | loss: 0.0354173
	speed: 0.0058s/iter; left time: 106.8119s
	iters: 1200, epoch: 2 | loss: 0.0358738
	speed: 0.0057s/iter; left time: 103.4844s
	iters: 1300, epoch: 2 | loss: 0.0493892
	speed: 0.0056s/iter; left time: 101.9537s
	iters: 1400, epoch: 2 | loss: 0.0363891
	speed: 0.0054s/iter; left time: 97.7846s
	iters: 1500, epoch: 2 | loss: 0.0378244
	speed: 0.0060s/iter; left time: 106.5248s
	iters: 1600, epoch: 2 | loss: 0.0346277
	speed: 0.0058s/iter; left time: 103.0843s
	iters: 1700, epoch: 2 | loss: 0.0350255
	speed: 0.0058s/iter; left time: 101.9619s
	iters: 1800, epoch: 2 | loss: 0.0370228
	speed: 0.0058s/iter; left time: 102.4462s
	iters: 1900, epoch: 2 | loss: 0.0419028
	speed: 0.0066s/iter; left time: 114.8304s
	iters: 2000, epoch: 2 | loss: 0.0570764
	speed: 0.0068s/iter; left time: 118.7493s
	iters: 2100, epoch: 2 | loss: 0.0316581
	speed: 0.0075s/iter; left time: 129.2305s
Epoch: 2 cost time: 13.090824127197266
Epoch: 2, Steps: 2154 | Train Loss: 0.0414914 Vali Loss: 0.0362286 Test Loss: 0.0395070
Validation loss decreased (0.052552 --> 0.039507).  Saving model ...
Updating learning rate to 0.0009999999916906579
	iters: 100, epoch: 3 | loss: 0.0423201
	speed: 0.0573s/iter; left time: 982.1470s
	iters: 200, epoch: 3 | loss: 0.0518173
	speed: 0.0055s/iter; left time: 93.1562s
	iters: 300, epoch: 3 | loss: 0.0376737
	speed: 0.0054s/iter; left time: 92.1059s
	iters: 400, epoch: 3 | loss: 0.0347768
	speed: 0.0057s/iter; left time: 95.5934s
	iters: 500, epoch: 3 | loss: 0.0725666
	speed: 0.0056s/iter; left time: 93.6347s
	iters: 600, epoch: 3 | loss: 0.0401463
	speed: 0.0058s/iter; left time: 96.1504s
	iters: 700, epoch: 3 | loss: 0.0343758
	speed: 0.0058s/iter; left time: 95.6464s
	iters: 800, epoch: 3 | loss: 0.0494407
	speed: 0.0060s/iter; left time: 98.3083s
	iters: 900, epoch: 3 | loss: 0.0365390
	speed: 0.0057s/iter; left time: 93.7734s
	iters: 1000, epoch: 3 | loss: 0.0308235
	speed: 0.0068s/iter; left time: 109.8095s
	iters: 1100, epoch: 3 | loss: 0.0563131
	speed: 0.0063s/iter; left time: 102.2364s
	iters: 1200, epoch: 3 | loss: 0.0343647
	speed: 0.0063s/iter; left time: 100.5153s
	iters: 1300, epoch: 3 | loss: 0.0474419
	speed: 0.0062s/iter; left time: 99.3653s
	iters: 1400, epoch: 3 | loss: 0.0551590
	speed: 0.0065s/iter; left time: 102.7498s
	iters: 1500, epoch: 3 | loss: 0.0528434
	speed: 0.0056s/iter; left time: 88.1378s
	iters: 1600, epoch: 3 | loss: 0.0425738
	speed: 0.0056s/iter; left time: 86.8112s
	iters: 1700, epoch: 3 | loss: 0.0389717
	speed: 0.0055s/iter; left time: 85.6567s
	iters: 1800, epoch: 3 | loss: 0.0342910
	speed: 0.0056s/iter; left time: 86.2159s
	iters: 1900, epoch: 3 | loss: 0.0284505
	speed: 0.0057s/iter; left time: 87.6583s
	iters: 2000, epoch: 3 | loss: 0.0370687
	speed: 0.0058s/iter; left time: 88.7893s
	iters: 2100, epoch: 3 | loss: 0.0360995
	speed: 0.0057s/iter; left time: 86.0657s
Epoch: 3 cost time: 12.575837850570679
Epoch: 3, Steps: 2154 | Train Loss: 0.0396344 Vali Loss: 0.0360716 Test Loss: 0.0394815
Validation loss decreased (0.039507 --> 0.039482).  Saving model ...
Updating learning rate to 0.0009619050271543523
	iters: 100, epoch: 4 | loss: 0.0280006
	speed: 0.0518s/iter; left time: 776.5366s
	iters: 200, epoch: 4 | loss: 0.0389968
	speed: 0.0058s/iter; left time: 85.9379s
	iters: 300, epoch: 4 | loss: 0.0308186
	speed: 0.0058s/iter; left time: 86.0668s
	iters: 400, epoch: 4 | loss: 0.0636454
	speed: 0.0058s/iter; left time: 85.1965s
	iters: 500, epoch: 4 | loss: 0.0323104
	speed: 0.0065s/iter; left time: 95.0965s
	iters: 600, epoch: 4 | loss: 0.0291151
	speed: 0.0064s/iter; left time: 93.1751s
	iters: 700, epoch: 4 | loss: 0.0316949
	speed: 0.0072s/iter; left time: 103.4815s
	iters: 800, epoch: 4 | loss: 0.0372844
	speed: 0.0088s/iter; left time: 125.9568s
	iters: 900, epoch: 4 | loss: 0.0336927
	speed: 0.0056s/iter; left time: 78.7797s
	iters: 1000, epoch: 4 | loss: 0.0346898
	speed: 0.0058s/iter; left time: 81.3495s
	iters: 1100, epoch: 4 | loss: 0.0331811
	speed: 0.0055s/iter; left time: 76.4409s
	iters: 1200, epoch: 4 | loss: 0.0444843
	speed: 0.0058s/iter; left time: 80.5661s
	iters: 1300, epoch: 4 | loss: 0.0343061
	speed: 0.0053s/iter; left time: 73.3379s
	iters: 1400, epoch: 4 | loss: 0.0319146
	speed: 0.0054s/iter; left time: 73.4680s
	iters: 1500, epoch: 4 | loss: 0.0393916
	speed: 0.0054s/iter; left time: 73.6969s
	iters: 1600, epoch: 4 | loss: 0.0578723
	speed: 0.0056s/iter; left time: 75.5146s
	iters: 1700, epoch: 4 | loss: 0.0316919
	speed: 0.0053s/iter; left time: 71.1209s
	iters: 1800, epoch: 4 | loss: 0.0318928
	speed: 0.0055s/iter; left time: 72.9498s
	iters: 1900, epoch: 4 | loss: 0.0547855
	speed: 0.0054s/iter; left time: 71.6992s
	iters: 2000, epoch: 4 | loss: 0.0348902
	speed: 0.0062s/iter; left time: 81.2086s
	iters: 2100, epoch: 4 | loss: 0.0327756
	speed: 0.0059s/iter; left time: 76.4434s
Epoch: 4 cost time: 12.89542555809021
Epoch: 4, Steps: 2154 | Train Loss: 0.0395547 Vali Loss: 0.0361037 Test Loss: 0.0395554
EarlyStopping counter: 1 out of 15
Updating learning rate to 0.0008534895138951646
	iters: 100, epoch: 5 | loss: 0.0266606
	speed: 0.0500s/iter; left time: 641.6785s
	iters: 200, epoch: 5 | loss: 0.0389270
	speed: 0.0056s/iter; left time: 70.7836s
	iters: 300, epoch: 5 | loss: 0.0300989
	speed: 0.0057s/iter; left time: 71.7089s
	iters: 400, epoch: 5 | loss: 0.0451407
	speed: 0.0056s/iter; left time: 70.4274s
	iters: 500, epoch: 5 | loss: 0.0350586
	speed: 0.0056s/iter; left time: 69.0229s
	iters: 600, epoch: 5 | loss: 0.0414944
	speed: 0.0056s/iter; left time: 69.3913s
	iters: 700, epoch: 5 | loss: 0.0275711
	speed: 0.0064s/iter; left time: 78.0243s
	iters: 800, epoch: 5 | loss: 0.0356563
	speed: 0.0067s/iter; left time: 81.4157s
	iters: 900, epoch: 5 | loss: 0.0343945
	speed: 0.0057s/iter; left time: 68.9587s
	iters: 1000, epoch: 5 | loss: 0.0384841
	speed: 0.0060s/iter; left time: 71.9632s
	iters: 1100, epoch: 5 | loss: 0.0353004
	speed: 0.0055s/iter; left time: 65.4549s
	iters: 1200, epoch: 5 | loss: 0.0336934
	speed: 0.0056s/iter; left time: 65.6189s
	iters: 1300, epoch: 5 | loss: 0.0406501
	speed: 0.0054s/iter; left time: 62.6387s
	iters: 1400, epoch: 5 | loss: 0.0389611
	speed: 0.0056s/iter; left time: 64.9696s
	iters: 1500, epoch: 5 | loss: 0.0278570
	speed: 0.0057s/iter; left time: 64.9688s
	iters: 1600, epoch: 5 | loss: 0.0450909
	speed: 0.0058s/iter; left time: 65.9434s
	iters: 1700, epoch: 5 | loss: 0.0335902
	speed: 0.0062s/iter; left time: 69.5707s
	iters: 1800, epoch: 5 | loss: 0.0347988
	speed: 0.0068s/iter; left time: 75.9135s
	iters: 1900, epoch: 5 | loss: 0.0344751
	speed: 0.0070s/iter; left time: 77.4134s
	iters: 2000, epoch: 5 | loss: 0.0347740
	speed: 0.0057s/iter; left time: 62.1598s
	iters: 2100, epoch: 5 | loss: 0.0319992
	speed: 0.0058s/iter; left time: 62.7080s
Epoch: 5 cost time: 12.708057880401611
Epoch: 5, Steps: 2154 | Train Loss: 0.0394400 Vali Loss: 0.0360572 Test Loss: 0.0394050
Validation loss decreased (0.039482 --> 0.039405).  Saving model ...
Updating learning rate to 0.0006912587310177311
	iters: 100, epoch: 6 | loss: 0.0338026
	speed: 0.0491s/iter; left time: 524.3903s
	iters: 200, epoch: 6 | loss: 0.0322511
	speed: 0.0059s/iter; left time: 62.4345s
	iters: 300, epoch: 6 | loss: 0.0323190
	speed: 0.0057s/iter; left time: 59.9811s
	iters: 400, epoch: 6 | loss: 0.0435467
	speed: 0.0059s/iter; left time: 61.6547s
	iters: 500, epoch: 6 | loss: 0.0341141
	speed: 0.0079s/iter; left time: 81.1657s
	iters: 600, epoch: 6 | loss: 0.0566895
	speed: 0.0073s/iter; left time: 73.7418s
	iters: 700, epoch: 6 | loss: 0.0351704
	speed: 0.0072s/iter; left time: 72.2578s
	iters: 800, epoch: 6 | loss: 0.0352741
	speed: 0.0063s/iter; left time: 62.6518s
	iters: 900, epoch: 6 | loss: 0.0466361
	speed: 0.0057s/iter; left time: 56.2551s
	iters: 1000, epoch: 6 | loss: 0.0342874
	speed: 0.0055s/iter; left time: 53.8367s
	iters: 1100, epoch: 6 | loss: 0.0559531
	speed: 0.0057s/iter; left time: 55.2027s
	iters: 1200, epoch: 6 | loss: 0.0418850
	speed: 0.0052s/iter; left time: 49.7576s
	iters: 1300, epoch: 6 | loss: 0.0408809
	speed: 0.0055s/iter; left time: 52.2001s
	iters: 1400, epoch: 6 | loss: 0.0346371
	speed: 0.0060s/iter; left time: 56.4394s
	iters: 1500, epoch: 6 | loss: 0.0342204
	speed: 0.0055s/iter; left time: 51.1467s
	iters: 1600, epoch: 6 | loss: 0.0318862
	speed: 0.0056s/iter; left time: 51.7177s
	iters: 1700, epoch: 6 | loss: 0.0647132
	speed: 0.0055s/iter; left time: 50.3116s
	iters: 1800, epoch: 6 | loss: 0.0303351
	speed: 0.0054s/iter; left time: 48.4189s
	iters: 1900, epoch: 6 | loss: 0.0768210
	speed: 0.0061s/iter; left time: 53.7878s
	iters: 2000, epoch: 6 | loss: 0.0281992
	speed: 0.0055s/iter; left time: 48.2358s
	iters: 2100, epoch: 6 | loss: 0.0438046
	speed: 0.0055s/iter; left time: 47.6956s
Epoch: 6 cost time: 12.775609016418457
Epoch: 6, Steps: 2154 | Train Loss: 0.0395378 Vali Loss: 0.0361182 Test Loss: 0.0393819
Validation loss decreased (0.039405 --> 0.039382).  Saving model ...
Updating learning rate to 0.0004999108445894319
	iters: 100, epoch: 7 | loss: 0.0442487
	speed: 0.0524s/iter; left time: 446.2589s
	iters: 200, epoch: 7 | loss: 0.0491816
	speed: 0.0074s/iter; left time: 62.6348s
	iters: 300, epoch: 7 | loss: 0.0338268
	speed: 0.0061s/iter; left time: 50.9117s
	iters: 400, epoch: 7 | loss: 0.0396668
	speed: 0.0058s/iter; left time: 47.2897s
	iters: 500, epoch: 7 | loss: 0.0364866
	speed: 0.0062s/iter; left time: 50.3865s
	iters: 600, epoch: 7 | loss: 0.0401842
	speed: 0.0060s/iter; left time: 48.4805s
	iters: 700, epoch: 7 | loss: 0.0447863
	speed: 0.0057s/iter; left time: 45.1708s
	iters: 800, epoch: 7 | loss: 0.0381557
	speed: 0.0057s/iter; left time: 44.6318s
	iters: 900, epoch: 7 | loss: 0.0359802
	speed: 0.0057s/iter; left time: 43.7866s
	iters: 1000, epoch: 7 | loss: 0.0320213
	speed: 0.0056s/iter; left time: 42.3720s
	iters: 1100, epoch: 7 | loss: 0.0438274
	speed: 0.0057s/iter; left time: 42.6825s
	iters: 1200, epoch: 7 | loss: 0.0439694
	speed: 0.0055s/iter; left time: 41.1009s
	iters: 1300, epoch: 7 | loss: 0.0427863
	speed: 0.0057s/iter; left time: 41.6282s
	iters: 1400, epoch: 7 | loss: 0.0415487
	speed: 0.0057s/iter; left time: 41.1758s
	iters: 1500, epoch: 7 | loss: 0.0373402
	speed: 0.0054s/iter; left time: 38.6301s
	iters: 1600, epoch: 7 | loss: 0.0301853
	speed: 0.0064s/iter; left time: 45.2578s
	iters: 1700, epoch: 7 | loss: 0.0355632
	speed: 0.0064s/iter; left time: 44.3791s
	iters: 1800, epoch: 7 | loss: 0.0338843
	speed: 0.0056s/iter; left time: 38.3210s
	iters: 1900, epoch: 7 | loss: 0.0481661
	speed: 0.0066s/iter; left time: 44.1230s
	iters: 2000, epoch: 7 | loss: 0.0318015
	speed: 0.0065s/iter; left time: 43.0425s
	iters: 2100, epoch: 7 | loss: 0.0389043
	speed: 0.0057s/iter; left time: 37.1014s
Epoch: 7 cost time: 12.92971396446228
Epoch: 7, Steps: 2154 | Train Loss: 0.0392698 Vali Loss: 0.0361555 Test Loss: 0.0392076
Validation loss decreased (0.039382 --> 0.039208).  Saving model ...
Updating learning rate to 0.00030857683574606596
	iters: 100, epoch: 8 | loss: 0.0278803
	speed: 0.0495s/iter; left time: 315.1159s
	iters: 200, epoch: 8 | loss: 0.0397990
	speed: 0.0061s/iter; left time: 38.0135s
	iters: 300, epoch: 8 | loss: 0.0472290
	speed: 0.0054s/iter; left time: 33.5756s
	iters: 400, epoch: 8 | loss: 0.0338958
	speed: 0.0058s/iter; left time: 35.0111s
	iters: 500, epoch: 8 | loss: 0.0365816
	speed: 0.0056s/iter; left time: 33.5516s
	iters: 600, epoch: 8 | loss: 0.0559919
	speed: 0.0057s/iter; left time: 33.6819s
	iters: 700, epoch: 8 | loss: 0.0324281
	speed: 0.0059s/iter; left time: 33.9568s
	iters: 800, epoch: 8 | loss: 0.0325278
	speed: 0.0058s/iter; left time: 32.7951s
	iters: 900, epoch: 8 | loss: 0.0288172
	speed: 0.0058s/iter; left time: 32.1956s
	iters: 1000, epoch: 8 | loss: 0.0403062
	speed: 0.0058s/iter; left time: 31.4734s
	iters: 1100, epoch: 8 | loss: 0.0401688
	speed: 0.0056s/iter; left time: 30.1897s
	iters: 1200, epoch: 8 | loss: 0.0517125
	speed: 0.0060s/iter; left time: 31.5454s
	iters: 1300, epoch: 8 | loss: 0.0328746
	speed: 0.0056s/iter; left time: 28.7728s
	iters: 1400, epoch: 8 | loss: 0.0348495
	speed: 0.0076s/iter; left time: 38.3377s
	iters: 1500, epoch: 8 | loss: 0.0415705
	speed: 0.0059s/iter; left time: 29.1752s
	iters: 1600, epoch: 8 | loss: 0.0324038
	speed: 0.0057s/iter; left time: 27.5105s
	iters: 1700, epoch: 8 | loss: 0.0401874
	speed: 0.0060s/iter; left time: 28.4587s
	iters: 1800, epoch: 8 | loss: 0.0302745
	speed: 0.0060s/iter; left time: 27.9482s
	iters: 1900, epoch: 8 | loss: 0.0341090
	speed: 0.0056s/iter; left time: 25.5676s
	iters: 2000, epoch: 8 | loss: 0.0323986
	speed: 0.0059s/iter; left time: 26.2836s
	iters: 2100, epoch: 8 | loss: 0.0390273
	speed: 0.0063s/iter; left time: 27.6159s
Epoch: 8 cost time: 12.684388875961304
Epoch: 8, Steps: 2154 | Train Loss: 0.0394222 Vali Loss: 0.0359673 Test Loss: 0.0392842
EarlyStopping counter: 1 out of 15
Updating learning rate to 0.00014638557288692642
	iters: 100, epoch: 9 | loss: 0.0382022
	speed: 0.0511s/iter; left time: 214.9034s
	iters: 200, epoch: 9 | loss: 0.0412079
	speed: 0.0062s/iter; left time: 25.5045s
	iters: 300, epoch: 9 | loss: 0.0407211
	speed: 0.0056s/iter; left time: 22.4223s
	iters: 400, epoch: 9 | loss: 0.0394408
	speed: 0.0055s/iter; left time: 21.6036s
	iters: 500, epoch: 9 | loss: 0.0365867
	speed: 0.0057s/iter; left time: 21.7486s
	iters: 600, epoch: 9 | loss: 0.0382917
	speed: 0.0059s/iter; left time: 21.8781s
	iters: 700, epoch: 9 | loss: 0.0316010
	speed: 0.0059s/iter; left time: 21.2939s
	iters: 800, epoch: 9 | loss: 0.0331098
	speed: 0.0055s/iter; left time: 19.2470s
	iters: 900, epoch: 9 | loss: 0.0286736
	speed: 0.0058s/iter; left time: 19.8546s
	iters: 1000, epoch: 9 | loss: 0.0325324
	speed: 0.0057s/iter; left time: 18.7832s
	iters: 1100, epoch: 9 | loss: 0.0347296
	speed: 0.0057s/iter; left time: 18.3192s
	iters: 1200, epoch: 9 | loss: 0.0422180
	speed: 0.0057s/iter; left time: 17.5937s
	iters: 1300, epoch: 9 | loss: 0.0434555
	speed: 0.0058s/iter; left time: 17.3979s
	iters: 1400, epoch: 9 | loss: 0.0333272
	speed: 0.0056s/iter; left time: 16.2550s
	iters: 1500, epoch: 9 | loss: 0.0403144
	speed: 0.0062s/iter; left time: 17.3517s
	iters: 1600, epoch: 9 | loss: 0.0343950
	speed: 0.0059s/iter; left time: 15.9568s
	iters: 1700, epoch: 9 | loss: 0.0438926
	speed: 0.0056s/iter; left time: 14.5738s
	iters: 1800, epoch: 9 | loss: 0.0365945
	speed: 0.0058s/iter; left time: 14.5766s
	iters: 1900, epoch: 9 | loss: 0.0326996
	speed: 0.0057s/iter; left time: 13.7043s
	iters: 2000, epoch: 9 | loss: 0.0365768
	speed: 0.0058s/iter; left time: 13.2915s
	iters: 2100, epoch: 9 | loss: 0.0292252
	speed: 0.0069s/iter; left time: 15.3404s
Epoch: 9 cost time: 12.583404779434204
Epoch: 9, Steps: 2154 | Train Loss: 0.0394571 Vali Loss: 0.0360595 Test Loss: 0.0392425
EarlyStopping counter: 2 out of 15
Updating learning rate to 3.802920551485804e-05
	iters: 100, epoch: 10 | loss: 0.0460953
	speed: 0.0560s/iter; left time: 115.0355s
	iters: 200, epoch: 10 | loss: 0.0329107
	speed: 0.0059s/iter; left time: 11.5708s
	iters: 300, epoch: 10 | loss: 0.0640710
	speed: 0.0058s/iter; left time: 10.6906s
	iters: 400, epoch: 10 | loss: 0.0603598
	speed: 0.0055s/iter; left time: 9.5890s
	iters: 500, epoch: 10 | loss: 0.0339198
	speed: 0.0054s/iter; left time: 8.9204s
	iters: 600, epoch: 10 | loss: 0.0369541
	speed: 0.0054s/iter; left time: 8.3749s
	iters: 700, epoch: 10 | loss: 0.0373055
	speed: 0.0055s/iter; left time: 8.0198s
	iters: 800, epoch: 10 | loss: 0.0318206
	speed: 0.0057s/iter; left time: 7.7863s
	iters: 900, epoch: 10 | loss: 0.0320103
	speed: 0.0056s/iter; left time: 7.0751s
	iters: 1000, epoch: 10 | loss: 0.0475753
	speed: 0.0059s/iter; left time: 6.8703s
	iters: 1100, epoch: 10 | loss: 0.0615824
	speed: 0.0054s/iter; left time: 5.7417s
	iters: 1200, epoch: 10 | loss: 0.0404795
	speed: 0.0061s/iter; left time: 5.8135s
	iters: 1300, epoch: 10 | loss: 0.0408521
	speed: 0.0060s/iter; left time: 5.1385s
	iters: 1400, epoch: 10 | loss: 0.0418689
	speed: 0.0059s/iter; left time: 4.4229s
	iters: 1500, epoch: 10 | loss: 0.0488298
	speed: 0.0060s/iter; left time: 3.9006s
	iters: 1600, epoch: 10 | loss: 0.0334601
	speed: 0.0056s/iter; left time: 3.0819s
	iters: 1700, epoch: 10 | loss: 0.0342294
	speed: 0.0055s/iter; left time: 2.5130s
	iters: 1800, epoch: 10 | loss: 0.0309999
	speed: 0.0056s/iter; left time: 1.9818s
	iters: 1900, epoch: 10 | loss: 0.0293035
	speed: 0.0051s/iter; left time: 1.3051s
	iters: 2000, epoch: 10 | loss: 0.0368623
	speed: 0.0056s/iter; left time: 0.8745s
	iters: 2100, epoch: 10 | loss: 0.0299806
	speed: 0.0052s/iter; left time: 0.2873s
Epoch: 10 cost time: 12.221708297729492
Epoch: 10, Steps: 2154 | Train Loss: 0.0394098 Vali Loss: 0.0360007 Test Loss: 0.0393020
EarlyStopping counter: 3 out of 15
Updating learning rate to 4.008309342172464e-09
>>>>>>>testing : imputation_IMP_SparseTSF_ETTm2_mask0.5_none_SparseTSF_ETTm2_sl96_pl0_dm32_nh8_el2_dl1_df32_fc1_ebtimeF_dtTrue_Imp_0<<<<<<<<<<<<<<<<<<<<<<<<<<<<<<<<<
test 11521
test shape: (11520, 96, 7) (11520, 96, 7)
mse:0.0393836610019207, mae:0.12203537672758102
