Args in experiment:
Namespace(activation='gelu', anomaly_ratio=0.25, batch_size=16, c_out=7, channel_independence=1, checkpoints='./checkpoints/', comment='none', d_ff=32, d_layers=1, d_model=16, data='ETTh1', data_path='ETTh1.csv', dec_in=7, decomp_method='moving_avg', des='Imp', devices='0,1', distil=True, down_sampling_layers=3, down_sampling_method='avg', down_sampling_window=2, drop_last=True, dropout=0.1, e_layers=2, embed='timeF', emissions_file='emissions.csv', emissions_output_dir='.', enc_in=7, factor=1, features='M', freq='h', gpu=0, inverse=False, is_training=1, itr=1, label_len=0, learning_rate=0.001, loss='MSE', lradj='TST', mask_rate=0.25, model='SparseTSF', model_id='IMP_SparseTSF_ETTh1_mask0.25', model_type='linear', moving_avg=25, n_heads=8, num_kernels=6, num_workers=0, output_attention=False, p_hidden_dims=[128, 128], p_hidden_layers=2, patience=15, pct_start=0.2, period_len=24, pred_len=0, root_path='C:\\Users\\bbbal\\OneDrive\\Masaüstü\\timemixer\\dataset\\ETT-small', seasonal_patterns='Monthly', seq_len=96, target='OT', task_name='imputation', top_k=5, track_emissions=0, train_epochs=10, use_amp=False, use_future_temporal_feature=0, use_gpu=True, use_multi_gpu=False, use_norm=1)
Use GPU: cuda:0
>>>>>>>start training : imputation_IMP_SparseTSF_ETTh1_mask0.25_none_SparseTSF_ETTh1_sl96_pl0_dm16_nh8_el2_dl1_df32_fc1_ebtimeF_dtTrue_Imp_0>>>>>>>>>>>>>>>>>>>>>>>>>>
train 8545
val 2881
test 2881
	iters: 100, epoch: 1 | loss: 0.5370538
	speed: 0.0332s/iter; left time: 174.0136s
	iters: 200, epoch: 1 | loss: 0.5310161
	speed: 0.0046s/iter; left time: 23.4149s
	iters: 300, epoch: 1 | loss: 0.6037506
	speed: 0.0046s/iter; left time: 23.3274s
	iters: 400, epoch: 1 | loss: 0.4752248
	speed: 0.0048s/iter; left time: 23.6272s
	iters: 500, epoch: 1 | loss: 0.5045031
	speed: 0.0048s/iter; left time: 23.3603s
Epoch: 1 cost time: 5.375154972076416
Epoch: 1, Steps: 534 | Train Loss: 0.5735933 Vali Loss: 0.7947803 Test Loss: 0.7487431
Validation loss decreased (inf --> 0.748743).  Saving model ...
Updating learning rate to 0.0005207066372675873
	iters: 100, epoch: 2 | loss: 0.3958955
	speed: 0.0160s/iter; left time: 75.3769s
	iters: 200, epoch: 2 | loss: 0.3875573
	speed: 0.0050s/iter; left time: 22.8255s
	iters: 300, epoch: 2 | loss: 0.2949318
	speed: 0.0052s/iter; left time: 23.4377s
	iters: 400, epoch: 2 | loss: 0.2077588
	speed: 0.0049s/iter; left time: 21.5575s
	iters: 500, epoch: 2 | loss: 0.1956782
	speed: 0.0046s/iter; left time: 19.8685s
Epoch: 2 cost time: 2.6074342727661133
Epoch: 2, Steps: 534 | Train Loss: 0.3072249 Vali Loss: 0.2263750 Test Loss: 0.2210986
Validation loss decreased (0.748743 --> 0.221099).  Saving model ...
Updating learning rate to 0.0009999998648003681
	iters: 100, epoch: 3 | loss: 0.1438751
	speed: 0.0198s/iter; left time: 82.7041s
	iters: 200, epoch: 3 | loss: 0.1459151
	speed: 0.0048s/iter; left time: 19.6233s
	iters: 300, epoch: 3 | loss: 0.1438811
	speed: 0.0047s/iter; left time: 18.7268s
	iters: 400, epoch: 3 | loss: 0.1157393
	speed: 0.0050s/iter; left time: 19.1726s
	iters: 500, epoch: 3 | loss: 0.1059285
	speed: 0.0046s/iter; left time: 17.2736s
Epoch: 3 cost time: 2.5455825328826904
Epoch: 3, Steps: 534 | Train Loss: 0.1279663 Vali Loss: 0.1498952 Test Loss: 0.1488109
Validation loss decreased (0.221099 --> 0.148811).  Saving model ...
Updating learning rate to 0.0009617990830848397
	iters: 100, epoch: 4 | loss: 0.1259177
	speed: 0.0193s/iter; left time: 70.2070s
	iters: 200, epoch: 4 | loss: 0.0999169
	speed: 0.0070s/iter; left time: 24.9351s
	iters: 300, epoch: 4 | loss: 0.1081879
	speed: 0.0087s/iter; left time: 29.8519s
	iters: 400, epoch: 4 | loss: 0.1178588
	speed: 0.0055s/iter; left time: 18.2707s
	iters: 500, epoch: 4 | loss: 0.1150505
	speed: 0.0050s/iter; left time: 16.0646s
Epoch: 4 cost time: 3.599147081375122
Epoch: 4, Steps: 534 | Train Loss: 0.1128000 Vali Loss: 0.1514435 Test Loss: 0.1468688
Validation loss decreased (0.148811 --> 0.146869).  Saving model ...
Updating learning rate to 0.0008532938816706273
	iters: 100, epoch: 5 | loss: 0.0934887
	speed: 0.0194s/iter; left time: 60.2268s
	iters: 200, epoch: 5 | loss: 0.1249049
	speed: 0.0077s/iter; left time: 23.0656s
	iters: 300, epoch: 5 | loss: 0.1072226
	speed: 0.0046s/iter; left time: 13.2614s
	iters: 400, epoch: 5 | loss: 0.1059985
	speed: 0.0050s/iter; left time: 14.1291s
	iters: 500, epoch: 5 | loss: 0.0998860
	speed: 0.0052s/iter; left time: 14.0792s
Epoch: 5 cost time: 3.234997034072876
Epoch: 5, Steps: 534 | Train Loss: 0.1122010 Vali Loss: 0.1513774 Test Loss: 0.1469442
EarlyStopping counter: 1 out of 15
Updating learning rate to 0.0006910031938709443
	iters: 100, epoch: 6 | loss: 0.1152674
	speed: 0.0164s/iter; left time: 42.0492s
	iters: 200, epoch: 6 | loss: 0.1053932
	speed: 0.0057s/iter; left time: 14.0653s
	iters: 300, epoch: 6 | loss: 0.1177763
	speed: 0.0052s/iter; left time: 12.2901s
	iters: 400, epoch: 6 | loss: 0.1232914
	speed: 0.0070s/iter; left time: 15.8793s
	iters: 500, epoch: 6 | loss: 0.1233811
	speed: 0.0054s/iter; left time: 11.7597s
Epoch: 6 cost time: 3.047257423400879
Epoch: 6, Steps: 534 | Train Loss: 0.1113493 Vali Loss: 0.1510368 Test Loss: 0.1468254
Validation loss decreased (0.146869 --> 0.146825).  Saving model ...
Updating learning rate to 0.0004996343057345438
	iters: 100, epoch: 7 | loss: 0.1171411
	speed: 0.0196s/iter; left time: 39.9587s
	iters: 200, epoch: 7 | loss: 0.0965338
	speed: 0.0051s/iter; left time: 9.7924s
	iters: 300, epoch: 7 | loss: 0.1321844
	speed: 0.0048s/iter; left time: 8.8443s
	iters: 400, epoch: 7 | loss: 0.1232143
	speed: 0.0048s/iter; left time: 8.2616s
	iters: 500, epoch: 7 | loss: 0.1005697
	speed: 0.0049s/iter; left time: 8.0278s
Epoch: 7 cost time: 2.6311352252960205
Epoch: 7, Steps: 534 | Train Loss: 0.1122861 Vali Loss: 0.1505328 Test Loss: 0.1474305
EarlyStopping counter: 1 out of 15
Updating learning rate to 0.0003083213957169024
	iters: 100, epoch: 8 | loss: 0.0933480
	speed: 0.0166s/iter; left time: 25.0245s
	iters: 200, epoch: 8 | loss: 0.1169881
	speed: 0.0049s/iter; left time: 6.8300s
	iters: 300, epoch: 8 | loss: 0.1012637
	speed: 0.0049s/iter; left time: 6.3687s
	iters: 400, epoch: 8 | loss: 0.1313747
	speed: 0.0063s/iter; left time: 7.6263s
	iters: 500, epoch: 8 | loss: 0.1115765
	speed: 0.0056s/iter; left time: 6.2024s
Epoch: 8 cost time: 2.8414154052734375
Epoch: 8, Steps: 534 | Train Loss: 0.1115491 Vali Loss: 0.1499731 Test Loss: 0.1459219
Validation loss decreased (0.146825 --> 0.145922).  Saving model ...
Updating learning rate to 0.00014619012011235773
	iters: 100, epoch: 9 | loss: 0.1281017
	speed: 0.0164s/iter; left time: 15.8763s
	iters: 200, epoch: 9 | loss: 0.1186637
	speed: 0.0047s/iter; left time: 4.1252s
	iters: 300, epoch: 9 | loss: 0.0988414
	speed: 0.0056s/iter; left time: 4.3424s
	iters: 400, epoch: 9 | loss: 0.1142467
	speed: 0.0055s/iter; left time: 3.6580s
	iters: 500, epoch: 9 | loss: 0.1043562
	speed: 0.0051s/iter; left time: 2.9249s
Epoch: 9 cost time: 2.7550313472747803
Epoch: 9, Steps: 534 | Train Loss: 0.1121915 Vali Loss: 0.1514743 Test Loss: 0.1439531
Validation loss decreased (0.145922 --> 0.143953).  Saving model ...
Updating learning rate to 3.792349590802869e-05
	iters: 100, epoch: 10 | loss: 0.1175932
	speed: 0.0160s/iter; left time: 6.9412s
	iters: 200, epoch: 10 | loss: 0.0984368
	speed: 0.0051s/iter; left time: 1.7064s
	iters: 300, epoch: 10 | loss: 0.1407017
	speed: 0.0050s/iter; left time: 1.1853s
	iters: 400, epoch: 10 | loss: 0.1038480
	speed: 0.0072s/iter; left time: 0.9696s
	iters: 500, epoch: 10 | loss: 0.1109488
	speed: 0.0074s/iter; left time: 0.2597s
Epoch: 10 cost time: 3.1624653339385986
Epoch: 10, Steps: 534 | Train Loss: 0.1122653 Vali Loss: 0.1502520 Test Loss: 0.1472992
EarlyStopping counter: 1 out of 15
Updating learning rate to 4.1351996319232575e-09
>>>>>>>testing : imputation_IMP_SparseTSF_ETTh1_mask0.25_none_SparseTSF_ETTh1_sl96_pl0_dm16_nh8_el2_dl1_df32_fc1_ebtimeF_dtTrue_Imp_0<<<<<<<<<<<<<<<<<<<<<<<<<<<<<<<<<
test 2881
test shape: (2880, 96, 7) (2880, 96, 7)
mse:0.14655016362667084, mae:0.24567419290542603
