Args in experiment:
Namespace(activation='gelu', anomaly_ratio=0.25, batch_size=16, c_out=7, channel_independence=1, checkpoints='./checkpoints/', comment='none', d_ff=32, d_layers=1, d_model=32, data='ETTm2', data_path='ETTm2.csv', dec_in=7, decomp_method='moving_avg', des='Imp', devices='0,1', distil=True, down_sampling_layers=3, down_sampling_method='avg', down_sampling_window=2, drop_last=True, dropout=0.1, e_layers=2, embed='timeF', emissions_file='emissions.csv', emissions_output_dir='.', enc_in=7, factor=1, features='M', freq='h', gpu=0, inverse=False, is_training=1, itr=1, label_len=0, learning_rate=0.001, loss='MSE', lradj='TST', mask_rate=0.25, model='SparseTSF', model_id='IMP_SparseTSF_ETTm2_mask0.25', model_type='linear', moving_avg=25, n_heads=8, num_kernels=6, num_workers=0, output_attention=False, p_hidden_dims=[128, 128], p_hidden_layers=2, patience=15, pct_start=0.2, period_len=4, pred_len=0, root_path='<workspace>\\dataset\\ETT-small', seasonal_patterns='Monthly', seq_len=96, target='OT', task_name='imputation', top_k=5, track_emissions=0, train_epochs=10, use_amp=False, use_future_temporal_feature=0, use_gpu=True, use_multi_gpu=False, use_norm=1)
Use GPU: cuda:0
>>>>>>>start training : imputation_IMP_SparseTSF_ETTm2_mask0.25_none_SparseTSF_ETTm2_sl96_pl0_dm32_nh8_el2_dl1_df32_fc1_ebtimeF_dtTrue_Imp_0>>>>>>>>>>>>>>>>>>>>>>>>>>
train 34465
val 11521
test 11521
	iters: 100, epoch: 1 | loss: 0.1309950
	speed: 0.0365s/iter; left time: 781.5594s
	iters: 200, epoch: 1 | loss: 0.1690789
	speed: 0.0052s/iter; left time: 110.0554s
	iters: 300, epoch: 1 | loss: 0.1867338
	speed: 0.0053s/iter; left time: 111.7878s
	iters: 400, epoch: 1 | loss: 0.1518534
	speed: 0.0058s/iter; left time: 122.5442s
	iters: 500, epoch: 1 | loss: 0.1514561
	speed: 0.0059s/iter; left time: 124.6439s
	iters: 600, epoch: 1 | loss: 0.1406348
	speed: 0.0054s/iter; left time: 113.6896s
	iters: 700, epoch: 1 | loss: 0.1223046
	speed: 0.0058s/iter; left time: 120.9204s
	iters: 800, epoch: 1 | loss: 0.1385964
	speed: 0.0055s/iter; left time: 114.4314s
	iters: 900, epoch: 1 | loss: 0.1078637
	speed: 0.0057s/iter; left time: 117.4035s
	iters: 1000, epoch: 1 | loss: 0.1312340
	speed: 0.0055s/iter; left time: 113.2862s
	iters: 1100, epoch: 1 | loss: 0.1106179
	speed: 0.0058s/iter; left time: 119.3132s
	iters: 1200, epoch: 1 | loss: 0.1129810
	speed: 0.0056s/iter; left time: 113.8975s
	iters: 1300, epoch: 1 | loss: 0.0822603
	speed: 0.0055s/iter; left time: 112.0888s
	iters: 1400, epoch: 1 | loss: 0.0663438
	speed: 0.0055s/iter; left time: 109.8405s
	iters: 1500, epoch: 1 | loss: 0.0899897
	speed: 0.0057s/iter; left time: 114.9135s
	iters: 1600, epoch: 1 | loss: 0.0688134
	speed: 0.0056s/iter; left time: 112.5387s
	iters: 1700, epoch: 1 | loss: 0.0790813
	speed: 0.0060s/iter; left time: 119.4336s
	iters: 1800, epoch: 1 | loss: 0.0609019
	speed: 0.0056s/iter; left time: 109.6666s
	iters: 1900, epoch: 1 | loss: 0.0794291
	speed: 0.0057s/iter; left time: 111.5963s
	iters: 2000, epoch: 1 | loss: 0.0698801
	speed: 0.0056s/iter; left time: 110.2500s
	iters: 2100, epoch: 1 | loss: 0.0626211
	speed: 0.0055s/iter; left time: 106.8585s
Epoch: 1 cost time: 15.179187297821045
Epoch: 1, Steps: 2154 | Train Loss: 0.1157051 Vali Loss: 0.0549951 Test Loss: 0.0608387
Validation loss decreased (inf --> 0.060839).  Saving model ...
Updating learning rate to 0.0005201750597214178
	iters: 100, epoch: 2 | loss: 0.0726167
	speed: 0.0505s/iter; left time: 973.5644s
	iters: 200, epoch: 2 | loss: 0.0581585
	speed: 0.0058s/iter; left time: 110.9553s
	iters: 300, epoch: 2 | loss: 0.0528436
	speed: 0.0056s/iter; left time: 106.1619s
	iters: 400, epoch: 2 | loss: 0.0527449
	speed: 0.0059s/iter; left time: 112.8425s
	iters: 500, epoch: 2 | loss: 0.0422095
	speed: 0.0060s/iter; left time: 113.3159s
	iters: 600, epoch: 2 | loss: 0.0352060
	speed: 0.0062s/iter; left time: 116.2980s
	iters: 700, epoch: 2 | loss: 0.0323127
	speed: 0.0060s/iter; left time: 112.6314s
	iters: 800, epoch: 2 | loss: 0.0380570
	speed: 0.0056s/iter; left time: 103.2598s
	iters: 900, epoch: 2 | loss: 0.0269045
	speed: 0.0056s/iter; left time: 103.4779s
	iters: 1000, epoch: 2 | loss: 0.0353632
	speed: 0.0054s/iter; left time: 99.1914s
	iters: 1100, epoch: 2 | loss: 0.0282843
	speed: 0.0056s/iter; left time: 103.2885s
	iters: 1200, epoch: 2 | loss: 0.0288269
	speed: 0.0053s/iter; left time: 95.9570s
	iters: 1300, epoch: 2 | loss: 0.0338331
	speed: 0.0058s/iter; left time: 104.8794s
	iters: 1400, epoch: 2 | loss: 0.0253300
	speed: 0.0059s/iter; left time: 106.5463s
	iters: 1500, epoch: 2 | loss: 0.0263052
	speed: 0.0055s/iter; left time: 98.3207s
	iters: 1600, epoch: 2 | loss: 0.0260906
	speed: 0.0058s/iter; left time: 102.8142s
	iters: 1700, epoch: 2 | loss: 0.0266853
	speed: 0.0056s/iter; left time: 99.5884s
	iters: 1800, epoch: 2 | loss: 0.0255821
	speed: 0.0066s/iter; left time: 116.0497s
	iters: 1900, epoch: 2 | loss: 0.0323753
	speed: 0.0057s/iter; left time: 100.2767s
	iters: 2000, epoch: 2 | loss: 0.0425423
	speed: 0.0056s/iter; left time: 98.1406s
	iters: 2100, epoch: 2 | loss: 0.0238225
	speed: 0.0058s/iter; left time: 99.7817s
Epoch: 2 cost time: 12.41399335861206
Epoch: 2, Steps: 2154 | Train Loss: 0.0366787 Vali Loss: 0.0282931 Test Loss: 0.0303199
Validation loss decreased (0.060839 --> 0.030320).  Saving model ...
Updating learning rate to 0.0009999999916906579
	iters: 100, epoch: 3 | loss: 0.0297103
	speed: 0.0513s/iter; left time: 878.3655s
	iters: 200, epoch: 3 | loss: 0.0492259
	speed: 0.0056s/iter; left time: 95.9338s
	iters: 300, epoch: 3 | loss: 0.0266951
	speed: 0.0061s/iter; left time: 102.5787s
	iters: 400, epoch: 3 | loss: 0.0247118
	speed: 0.0054s/iter; left time: 90.7628s
	iters: 500, epoch: 3 | loss: 0.0471550
	speed: 0.0057s/iter; left time: 96.0852s
	iters: 600, epoch: 3 | loss: 0.0343299
	speed: 0.0059s/iter; left time: 98.4871s
	iters: 700, epoch: 3 | loss: 0.0281864
	speed: 0.0058s/iter; left time: 96.5012s
	iters: 800, epoch: 3 | loss: 0.0372933
	speed: 0.0058s/iter; left time: 95.1643s
	iters: 900, epoch: 3 | loss: 0.0312125
	speed: 0.0055s/iter; left time: 90.2958s
	iters: 1000, epoch: 3 | loss: 0.0254368
	speed: 0.0060s/iter; left time: 97.0227s
	iters: 1100, epoch: 3 | loss: 0.0386268
	speed: 0.0057s/iter; left time: 91.8833s
	iters: 1200, epoch: 3 | loss: 0.0242961
	speed: 0.0061s/iter; left time: 98.0923s
	iters: 1300, epoch: 3 | loss: 0.0365384
	speed: 0.0058s/iter; left time: 92.3293s
	iters: 1400, epoch: 3 | loss: 0.0364351
	speed: 0.0058s/iter; left time: 92.1170s
	iters: 1500, epoch: 3 | loss: 0.0372007
	speed: 0.0058s/iter; left time: 91.7652s
	iters: 1600, epoch: 3 | loss: 0.0350157
	speed: 0.0055s/iter; left time: 86.3462s
	iters: 1700, epoch: 3 | loss: 0.0301807
	speed: 0.0057s/iter; left time: 88.0092s
	iters: 1800, epoch: 3 | loss: 0.0257853
	speed: 0.0058s/iter; left time: 90.1371s
	iters: 1900, epoch: 3 | loss: 0.0214926
	speed: 0.0059s/iter; left time: 90.4020s
	iters: 2000, epoch: 3 | loss: 0.0265066
	speed: 0.0059s/iter; left time: 89.3810s
	iters: 2100, epoch: 3 | loss: 0.0245791
	speed: 0.0053s/iter; left time: 80.9186s
Epoch: 3 cost time: 12.402717113494873
Epoch: 3, Steps: 2154 | Train Loss: 0.0294483 Vali Loss: 0.0283075 Test Loss: 0.0304057
EarlyStopping counter: 1 out of 15
Updating learning rate to 0.0009619050271543523
	iters: 100, epoch: 4 | loss: 0.0192228
	speed: 0.0504s/iter; left time: 755.2310s
	iters: 200, epoch: 4 | loss: 0.0256872
	speed: 0.0058s/iter; left time: 86.7527s
	iters: 300, epoch: 4 | loss: 0.0282480
	speed: 0.0055s/iter; left time: 81.8000s
	iters: 400, epoch: 4 | loss: 0.0372905
	speed: 0.0057s/iter; left time: 83.5870s
	iters: 500, epoch: 4 | loss: 0.0256385
	speed: 0.0057s/iter; left time: 83.5872s
	iters: 600, epoch: 4 | loss: 0.0211667
	speed: 0.0057s/iter; left time: 82.7241s
	iters: 700, epoch: 4 | loss: 0.0221384
	speed: 0.0056s/iter; left time: 80.6909s
	iters: 800, epoch: 4 | loss: 0.0276903
	speed: 0.0058s/iter; left time: 83.3765s
	iters: 900, epoch: 4 | loss: 0.0292755
	speed: 0.0063s/iter; left time: 89.0748s
	iters: 1000, epoch: 4 | loss: 0.0263959
	speed: 0.0056s/iter; left time: 78.7097s
	iters: 1100, epoch: 4 | loss: 0.0241344
	speed: 0.0058s/iter; left time: 81.1989s
	iters: 1200, epoch: 4 | loss: 0.0272256
	speed: 0.0055s/iter; left time: 76.9212s
	iters: 1300, epoch: 4 | loss: 0.0268163
	speed: 0.0058s/iter; left time: 80.4883s
	iters: 1400, epoch: 4 | loss: 0.0256042
	speed: 0.0057s/iter; left time: 78.3457s
	iters: 1500, epoch: 4 | loss: 0.0296616
	speed: 0.0056s/iter; left time: 75.8038s
	iters: 1600, epoch: 4 | loss: 0.0454969
	speed: 0.0058s/iter; left time: 78.6815s
	iters: 1700, epoch: 4 | loss: 0.0250533
	speed: 0.0059s/iter; left time: 78.7962s
	iters: 1800, epoch: 4 | loss: 0.0230597
	speed: 0.0059s/iter; left time: 77.7055s
	iters: 1900, epoch: 4 | loss: 0.0372013
	speed: 0.0058s/iter; left time: 76.2924s
	iters: 2000, epoch: 4 | loss: 0.0258904
	speed: 0.0057s/iter; left time: 74.1120s
	iters: 2100, epoch: 4 | loss: 0.0246516
	speed: 0.0056s/iter; left time: 72.1678s
Epoch: 4 cost time: 12.403930425643921
Epoch: 4, Steps: 2154 | Train Loss: 0.0293679 Vali Loss: 0.0282952 Test Loss: 0.0303547
EarlyStopping counter: 2 out of 15
Updating learning rate to 0.0008534895138951646
	iters: 100, epoch: 5 | loss: 0.0219947
	speed: 0.0528s/iter; left time: 677.0312s
	iters: 200, epoch: 5 | loss: 0.0283839
	speed: 0.0053s/iter; left time: 67.2033s
	iters: 300, epoch: 5 | loss: 0.0223607
	speed: 0.0055s/iter; left time: 69.2039s
	iters: 400, epoch: 5 | loss: 0.0398791
	speed: 0.0056s/iter; left time: 70.0329s
	iters: 500, epoch: 5 | loss: 0.0280772
	speed: 0.0058s/iter; left time: 71.5659s
	iters: 600, epoch: 5 | loss: 0.0392456
	speed: 0.0059s/iter; left time: 72.8727s
	iters: 700, epoch: 5 | loss: 0.0223276
	speed: 0.0056s/iter; left time: 68.1704s
	iters: 800, epoch: 5 | loss: 0.0284475
	speed: 0.0059s/iter; left time: 71.3420s
	iters: 900, epoch: 5 | loss: 0.0251070
	speed: 0.0057s/iter; left time: 68.0131s
	iters: 1000, epoch: 5 | loss: 0.0254238
	speed: 0.0062s/iter; left time: 74.4133s
	iters: 1100, epoch: 5 | loss: 0.0249286
	speed: 0.0058s/iter; left time: 68.5509s
	iters: 1200, epoch: 5 | loss: 0.0270165
	speed: 0.0059s/iter; left time: 68.7948s
	iters: 1300, epoch: 5 | loss: 0.0287572
	speed: 0.0061s/iter; left time: 70.4785s
	iters: 1400, epoch: 5 | loss: 0.0253003
	speed: 0.0056s/iter; left time: 64.9860s
	iters: 1500, epoch: 5 | loss: 0.0208653
	speed: 0.0061s/iter; left time: 69.9920s
	iters: 1600, epoch: 5 | loss: 0.0373670
	speed: 0.0057s/iter; left time: 64.6828s
	iters: 1700, epoch: 5 | loss: 0.0243388
	speed: 0.0059s/iter; left time: 66.2271s
	iters: 1800, epoch: 5 | loss: 0.0270493
	speed: 0.0060s/iter; left time: 66.7299s
	iters: 1900, epoch: 5 | loss: 0.0254273
	speed: 0.0054s/iter; left time: 59.0564s
	iters: 2000, epoch: 5 | loss: 0.0260645
	speed: 0.0057s/iter; left time: 61.8741s
	iters: 2100, epoch: 5 | loss: 0.0248105
	speed: 0.0059s/iter; left time: 64.1623s
Epoch: 5 cost time: 12.427009105682373
Epoch: 5, Steps: 2154 | Train Loss: 0.0292887 Vali Loss: 0.0282547 Test Loss: 0.0303501
EarlyStopping counter: 3 out of 15
Updating learning rate to 0.0006912587310177311
	iters: 100, epoch: 6 | loss: 0.0257860
	speed: 0.0506s/iter; left time: 539.7063s
	iters: 200, epoch: 6 | loss: 0.0248954
	speed: 0.0060s/iter; left time: 63.7712s
	iters: 300, epoch: 6 | loss: 0.0269586
	speed: 0.0061s/iter; left time: 63.9731s
	iters: 400, epoch: 6 | loss: 0.0287529
	speed: 0.0060s/iter; left time: 61.7537s
	iters: 500, epoch: 6 | loss: 0.0263520
	speed: 0.0057s/iter; left time: 58.5973s
	iters: 600, epoch: 6 | loss: 0.0425986
	speed: 0.0059s/iter; left time: 60.3537s
	iters: 700, epoch: 6 | loss: 0.0265445
	speed: 0.0062s/iter; left time: 62.1142s
	iters: 800, epoch: 6 | loss: 0.0252104
	speed: 0.0062s/iter; left time: 62.1537s
	iters: 900, epoch: 6 | loss: 0.0302942
	speed: 0.0067s/iter; left time: 65.8926s
	iters: 1000, epoch: 6 | loss: 0.0252963
	speed: 0.0068s/iter; left time: 66.2484s
	iters: 1100, epoch: 6 | loss: 0.0278418
	speed: 0.0072s/iter; left time: 69.8636s
	iters: 1200, epoch: 6 | loss: 0.0307473
	speed: 0.0055s/iter; left time: 52.4433s
	iters: 1300, epoch: 6 | loss: 0.0297610
	speed: 0.0055s/iter; left time: 51.9915s
	iters: 1400, epoch: 6 | loss: 0.0265535
	speed: 0.0055s/iter; left time: 51.1903s
	iters: 1500, epoch: 6 | loss: 0.0262959
	speed: 0.0060s/iter; left time: 55.5509s
	iters: 1600, epoch: 6 | loss: 0.0257170
	speed: 0.0057s/iter; left time: 52.3652s
	iters: 1700, epoch: 6 | loss: 0.0398996
	speed: 0.0056s/iter; left time: 51.1059s
	iters: 1800, epoch: 6 | loss: 0.0229370
	speed: 0.0056s/iter; left time: 50.5346s
	iters: 1900, epoch: 6 | loss: 0.0556924
	speed: 0.0058s/iter; left time: 51.4498s
	iters: 2000, epoch: 6 | loss: 0.0214246
	speed: 0.0054s/iter; left time: 47.6571s
	iters: 2100, epoch: 6 | loss: 0.0310081
	speed: 0.0054s/iter; left time: 46.6204s
Epoch: 6 cost time: 12.777824640274048
Epoch: 6, Steps: 2154 | Train Loss: 0.0292517 Vali Loss: 0.0281532 Test Loss: 0.0303505
EarlyStopping counter: 4 out of 15
Updating learning rate to 0.0004999108445894319
	iters: 100, epoch: 7 | loss: 0.0291995
	speed: 0.0514s/iter; left time: 438.0758s
	iters: 200, epoch: 7 | loss: 0.0297363
	speed: 0.0060s/iter; left time: 50.4693s
	iters: 300, epoch: 7 | loss: 0.0279064
	speed: 0.0058s/iter; left time: 48.2203s
	iters: 400, epoch: 7 | loss: 0.0281409
	speed: 0.0059s/iter; left time: 48.6012s
	iters: 500, epoch: 7 | loss: 0.0264069
	speed: 0.0059s/iter; left time: 47.8023s
	iters: 600, epoch: 7 | loss: 0.0318451
	speed: 0.0056s/iter; left time: 44.9256s
	iters: 700, epoch: 7 | loss: 0.0292879
	speed: 0.0058s/iter; left time: 46.1684s
	iters: 800, epoch: 7 | loss: 0.0316583
	speed: 0.0057s/iter; left time: 44.6387s
	iters: 900, epoch: 7 | loss: 0.0240825
	speed: 0.0059s/iter; left time: 45.5615s
	iters: 1000, epoch: 7 | loss: 0.0220944
	speed: 0.0058s/iter; left time: 43.8059s
	iters: 1100, epoch: 7 | loss: 0.0351435
	speed: 0.0059s/iter; left time: 44.4506s
	iters: 1200, epoch: 7 | loss: 0.0302829
	speed: 0.0059s/iter; left time: 43.6530s
	iters: 1300, epoch: 7 | loss: 0.0266332
	speed: 0.0053s/iter; left time: 38.9323s
	iters: 1400, epoch: 7 | loss: 0.0291948
	speed: 0.0060s/iter; left time: 42.9856s
	iters: 1500, epoch: 7 | loss: 0.0311216
	speed: 0.0059s/iter; left time: 42.2985s
	iters: 1600, epoch: 7 | loss: 0.0248993
	speed: 0.0060s/iter; left time: 42.0019s
	iters: 1700, epoch: 7 | loss: 0.0273507
	speed: 0.0065s/iter; left time: 44.6381s
	iters: 1800, epoch: 7 | loss: 0.0258345
	speed: 0.0056s/iter; left time: 38.0223s
	iters: 1900, epoch: 7 | loss: 0.0345245
	speed: 0.0056s/iter; left time: 37.5565s
	iters: 2000, epoch: 7 | loss: 0.0247927
	speed: 0.0057s/iter; left time: 37.9390s
	iters: 2100, epoch: 7 | loss: 0.0306916
	speed: 0.0056s/iter; left time: 36.7805s
Epoch: 7 cost time: 12.53754472732544
Epoch: 7, Steps: 2154 | Train Loss: 0.0291487 Vali Loss: 0.0283145 Test Loss: 0.0304467
EarlyStopping counter: 5 out of 15
Updating learning rate to 0.00030857683574606596
	iters: 100, epoch: 8 | loss: 0.0220810
	speed: 0.0509s/iter; left time: 323.8047s
	iters: 200, epoch: 8 | loss: 0.0273105
	speed: 0.0054s/iter; left time: 33.6256s
	iters: 300, epoch: 8 | loss: 0.0325832
	speed: 0.0059s/iter; left time: 36.3499s
	iters: 400, epoch: 8 | loss: 0.0235144
	speed: 0.0056s/iter; left time: 34.1136s
	iters: 500, epoch: 8 | loss: 0.0257329
	speed: 0.0057s/iter; left time: 33.9430s
	iters: 600, epoch: 8 | loss: 0.0365101
	speed: 0.0058s/iter; left time: 34.0224s
	iters: 700, epoch: 8 | loss: 0.0224799
	speed: 0.0057s/iter; left time: 32.9892s
	iters: 800, epoch: 8 | loss: 0.0243794
	speed: 0.0060s/iter; left time: 33.8480s
	iters: 900, epoch: 8 | loss: 0.0210510
	speed: 0.0056s/iter; left time: 31.3463s
	iters: 1000, epoch: 8 | loss: 0.0332417
	speed: 0.0057s/iter; left time: 31.2575s
	iters: 1100, epoch: 8 | loss: 0.0265889
	speed: 0.0064s/iter; left time: 34.2233s
	iters: 1200, epoch: 8 | loss: 0.0433617
	speed: 0.0054s/iter; left time: 28.4548s
	iters: 1300, epoch: 8 | loss: 0.0236339
	speed: 0.0061s/iter; left time: 31.3108s
	iters: 1400, epoch: 8 | loss: 0.0261511
	speed: 0.0060s/iter; left time: 30.3151s
	iters: 1500, epoch: 8 | loss: 0.0315660
	speed: 0.0055s/iter; left time: 27.0885s
	iters: 1600, epoch: 8 | loss: 0.0249687
	speed: 0.0057s/iter; left time: 27.6403s
	iters: 1700, epoch: 8 | loss: 0.0335004
	speed: 0.0059s/iter; left time: 28.2446s
	iters: 1800, epoch: 8 | loss: 0.0229818
	speed: 0.0059s/iter; left time: 27.5897s
	iters: 1900, epoch: 8 | loss: 0.0266955
	speed: 0.0056s/iter; left time: 25.5515s
	iters: 2000, epoch: 8 | loss: 0.0219878
	speed: 0.0058s/iter; left time: 25.6758s
	iters: 2100, epoch: 8 | loss: 0.0269336
	speed: 0.0055s/iter; left time: 23.8017s
Epoch: 8 cost time: 12.4993736743927
Epoch: 8, Steps: 2154 | Train Loss: 0.0291520 Vali Loss: 0.0281882 Test Loss: 0.0303298
EarlyStopping counter: 6 out of 15
Updating learning rate to 0.00014638557288692642
	iters: 100, epoch: 9 | loss: 0.0290185
	speed: 0.0521s/iter; left time: 219.4459s
	iters: 200, epoch: 9 | loss: 0.0273199
	speed: 0.0056s/iter; left time: 23.0576s
	iters: 300, epoch: 9 | loss: 0.0290828
	speed: 0.0060s/iter; left time: 24.1108s
	iters: 400, epoch: 9 | loss: 0.0297457
	speed: 0.0056s/iter; left time: 21.8694s
	iters: 500, epoch: 9 | loss: 0.0298472
	speed: 0.0059s/iter; left time: 22.6367s
	iters: 600, epoch: 9 | loss: 0.0272735
	speed: 0.0052s/iter; left time: 19.1300s
	iters: 700, epoch: 9 | loss: 0.0251993
	speed: 0.0056s/iter; left time: 20.2693s
	iters: 800, epoch: 9 | loss: 0.0259581
	speed: 0.0055s/iter; left time: 19.4096s
	iters: 900, epoch: 9 | loss: 0.0224201
	speed: 0.0054s/iter; left time: 18.5288s
	iters: 1000, epoch: 9 | loss: 0.0251602
	speed: 0.0057s/iter; left time: 18.8454s
	iters: 1100, epoch: 9 | loss: 0.0229253
	speed: 0.0058s/iter; left time: 18.6535s
	iters: 1200, epoch: 9 | loss: 0.0295460
	speed: 0.0061s/iter; left time: 18.9519s
	iters: 1300, epoch: 9 | loss: 0.0283634
	speed: 0.0060s/iter; left time: 18.0399s
	iters: 1400, epoch: 9 | loss: 0.0289928
	speed: 0.0056s/iter; left time: 16.1957s
	iters: 1500, epoch: 9 | loss: 0.0274452
	speed: 0.0055s/iter; left time: 15.5756s
	iters: 1600, epoch: 9 | loss: 0.0246562
	speed: 0.0058s/iter; left time: 15.7801s
	iters: 1700, epoch: 9 | loss: 0.0306817
	speed: 0.0057s/iter; left time: 14.9413s
	iters: 1800, epoch: 9 | loss: 0.0259530
	speed: 0.0053s/iter; left time: 13.3455s
	iters: 1900, epoch: 9 | loss: 0.0231592
	speed: 0.0059s/iter; left time: 14.1927s
	iters: 2000, epoch: 9 | loss: 0.0271473
	speed: 0.0057s/iter; left time: 13.0695s
	iters: 2100, epoch: 9 | loss: 0.0231168
	speed: 0.0061s/iter; left time: 13.3662s
Epoch: 9 cost time: 12.420543432235718
Epoch: 9, Steps: 2154 | Train Loss: 0.0292538 Vali Loss: 0.0281285 Test Loss: 0.0302597
Validation loss decreased (0.030320 --> 0.030260).  Saving model ...
Updating learning rate to 3.802920551485804e-05
	iters: 100, epoch: 10 | loss: 0.0271212
	speed: 0.0512s/iter; left time: 105.1636s
	iters: 200, epoch: 10 | loss: 0.0247435
	speed: 0.0057s/iter; left time: 11.0719s
	iters: 300, epoch: 10 | loss: 0.0415994
	speed: 0.0061s/iter; left time: 11.3586s
	iters: 400, epoch: 10 | loss: 0.0413453
	speed: 0.0058s/iter; left time: 10.0980s
	iters: 500, epoch: 10 | loss: 0.0250696
	speed: 0.0055s/iter; left time: 9.1730s
	iters: 600, epoch: 10 | loss: 0.0255653
	speed: 0.0062s/iter; left time: 9.5738s
	iters: 700, epoch: 10 | loss: 0.0278766
	speed: 0.0056s/iter; left time: 8.2137s
	iters: 800, epoch: 10 | loss: 0.0227540
	speed: 0.0058s/iter; left time: 7.8889s
	iters: 900, epoch: 10 | loss: 0.0244411
	speed: 0.0055s/iter; left time: 6.9517s
	iters: 1000, epoch: 10 | loss: 0.0325314
	speed: 0.0059s/iter; left time: 6.8117s
	iters: 1100, epoch: 10 | loss: 0.0403337
	speed: 0.0060s/iter; left time: 6.3380s
	iters: 1200, epoch: 10 | loss: 0.0312414
	speed: 0.0056s/iter; left time: 5.3042s
	iters: 1300, epoch: 10 | loss: 0.0300280
	speed: 0.0056s/iter; left time: 4.8291s
	iters: 1400, epoch: 10 | loss: 0.0281481
	speed: 0.0058s/iter; left time: 4.3694s
	iters: 1500, epoch: 10 | loss: 0.0332171
	speed: 0.0064s/iter; left time: 4.2042s
	iters: 1600, epoch: 10 | loss: 0.0230927
	speed: 0.0062s/iter; left time: 3.4508s
	iters: 1700, epoch: 10 | loss: 0.0264496
	speed: 0.0062s/iter; left time: 2.8067s
	iters: 1800, epoch: 10 | loss: 0.0223745
	speed: 0.0059s/iter; left time: 2.0784s
	iters: 1900, epoch: 10 | loss: 0.0199684
	speed: 0.0053s/iter; left time: 1.3552s
	iters: 2000, epoch: 10 | loss: 0.0269177
	speed: 0.0058s/iter; left time: 0.8954s
	iters: 2100, epoch: 10 | loss: 0.0224429
	speed: 0.0057s/iter; left time: 0.3159s
Epoch: 10 cost time: 12.581563711166382
Epoch: 10, Steps: 2154 | Train Loss: 0.0290551 Vali Loss: 0.0281199 Test Loss: 0.0302547
Validation loss decreased (0.030260 --> 0.030255).  Saving model ...
Updating learning rate to 4.008309342172464e-09
>>>>>>>testing : imputation_IMP_SparseTSF_ETTm2_mask0.25_none_SparseTSF_ETTm2_sl96_pl0_dm32_nh8_el2_dl1_df32_fc1_ebtimeF_dtTrue_Imp_0<<<<<<<<<<<<<<<<<<<<<<<<<<<<<<<<<
test 11521
test shape: (11520, 96, 7) (11520, 96, 7)
mse:0.030221115797758102, mae:0.10458552837371826
