Args in experiment:
Namespace(activation='gelu', anomaly_ratio=0.25, batch_size=16, c_out=321, channel_independence=1, checkpoints='./checkpoints/', comment='none', d_ff=32, d_layers=1, d_model=16, data='custom', data_path='electricity.csv', dec_in=321, decomp_method='moving_avg', des='Imp', devices='0,1', distil=True, down_sampling_layers=3, down_sampling_method='avg', down_sampling_window=2, drop_last=True, dropout=0.1, e_layers=2, embed='timeF', emissions_file='emissions.csv', emissions_output_dir='.', enc_in=321, factor=1, features='M', freq='h', gpu=0, inverse=False, is_training=1, itr=1, label_len=0, learning_rate=0.001, loss='MSE', lradj='TST', mask_rate=0.5, model='SparseTSF', model_id='IMP_SparseTSF_Electricity_mask0.5', model_type='linear', moving_avg=25, n_heads=8, num_kernels=6, num_workers=0, output_attention=False, p_hidden_dims=[128, 128], p_hidden_layers=2, patience=15, pct_start=0.2, percent=100, period_len=24, pred_len=0, root_path='C:\\Users\\bbbal\\OneDrive\\Masaüstü\\timemixer\\dataset\\electricity', seasonal_patterns='Monthly', seq_len=96, target='OT', task_name='imputation', top_k=5, track_emissions=0, train_epochs=10, use_amp=False, use_future_temporal_feature=0, use_gpu=True, use_multi_gpu=False, use_norm=1)
Use GPU: cuda:0
>>>>>>>start training : imputation_IMP_SparseTSF_Electricity_mask0.5_none_SparseTSF_custom_sl96_pl0_dm16_nh8_el2_dl1_df32_fc1_ebtimeF_dtTrue_Imp_0>>>>>>>>>>>>>>>>>>>>>>>>>>
train 18317
val 2633
test 5261
	iters: 100, epoch: 1 | loss: 1.2254727
	speed: 0.0438s/iter; left time: 497.1962s
	iters: 200, epoch: 1 | loss: 1.1602170
	speed: 0.0173s/iter; left time: 194.9576s
	iters: 300, epoch: 1 | loss: 1.2331523
	speed: 0.0167s/iter; left time: 185.7312s
	iters: 400, epoch: 1 | loss: 1.0897294
	speed: 0.0168s/iter; left time: 185.6758s
	iters: 500, epoch: 1 | loss: 1.1940769
	speed: 0.0169s/iter; left time: 185.3425s
	iters: 600, epoch: 1 | loss: 1.0287275
	speed: 0.0172s/iter; left time: 186.1279s
	iters: 700, epoch: 1 | loss: 0.9445115
	speed: 0.0170s/iter; left time: 182.5001s
	iters: 800, epoch: 1 | loss: 1.0301696
	speed: 0.0164s/iter; left time: 174.4179s
	iters: 900, epoch: 1 | loss: 0.8641436
	speed: 0.0167s/iter; left time: 176.2441s
	iters: 1000, epoch: 1 | loss: 0.7387428
	speed: 0.0166s/iter; left time: 173.8419s
	iters: 1100, epoch: 1 | loss: 0.5850713
	speed: 0.0167s/iter; left time: 172.3383s
Epoch: 1 cost time: 21.95641565322876
Epoch: 1, Steps: 1144 | Train Loss: 1.0049102 Vali Loss: 0.4788740 Test Loss: 0.5096892
Validation loss decreased (inf --> 0.509689).  Saving model ...
Updating learning rate to 0.0005203296817567031
	iters: 100, epoch: 2 | loss: 0.4727539
	speed: 0.0805s/iter; left time: 820.6894s
	iters: 200, epoch: 2 | loss: 0.3493992
	speed: 0.0174s/iter; left time: 176.0174s
	iters: 300, epoch: 2 | loss: 0.3245513
	speed: 0.0178s/iter; left time: 178.3204s
	iters: 400, epoch: 2 | loss: 0.3051797
	speed: 0.0177s/iter; left time: 174.8509s
	iters: 500, epoch: 2 | loss: 0.2905667
	speed: 0.0172s/iter; left time: 168.5638s
	iters: 600, epoch: 2 | loss: 0.2883122
	speed: 0.0172s/iter; left time: 166.4432s
	iters: 700, epoch: 2 | loss: 0.2772184
	speed: 0.0178s/iter; left time: 170.5682s
	iters: 800, epoch: 2 | loss: 0.2664881
	speed: 0.0168s/iter; left time: 159.4284s
	iters: 900, epoch: 2 | loss: 0.2574734
	speed: 0.0169s/iter; left time: 158.5110s
	iters: 1000, epoch: 2 | loss: 0.2398920
	speed: 0.0168s/iter; left time: 155.7473s
	iters: 1100, epoch: 2 | loss: 0.2500099
	speed: 0.0167s/iter; left time: 153.3087s
Epoch: 2 cost time: 19.70796799659729
Epoch: 2, Steps: 1144 | Train Loss: 0.3099015 Vali Loss: 0.2222757 Test Loss: 0.2359077
Validation loss decreased (0.509689 --> 0.235908).  Saving model ...
Updating learning rate to 0.0009999999705418148
	iters: 100, epoch: 3 | loss: 0.2319468
	speed: 0.0850s/iter; left time: 769.6273s
	iters: 200, epoch: 3 | loss: 0.2261315
	speed: 0.0178s/iter; left time: 159.5753s
	iters: 300, epoch: 3 | loss: 0.2331678
	speed: 0.0170s/iter; left time: 150.1861s
	iters: 400, epoch: 3 | loss: 0.2152181
	speed: 0.0174s/iter; left time: 152.1979s
	iters: 500, epoch: 3 | loss: 0.2269868
	speed: 0.0169s/iter; left time: 146.6570s
	iters: 600, epoch: 3 | loss: 0.2312607
	speed: 0.0171s/iter; left time: 146.0278s
	iters: 700, epoch: 3 | loss: 0.2232958
	speed: 0.0170s/iter; left time: 143.7117s
	iters: 800, epoch: 3 | loss: 0.2001193
	speed: 0.0170s/iter; left time: 142.2724s
	iters: 900, epoch: 3 | loss: 0.2412387
	speed: 0.0171s/iter; left time: 141.4760s
	iters: 1000, epoch: 3 | loss: 0.2118565
	speed: 0.0172s/iter; left time: 139.8355s
	iters: 1100, epoch: 3 | loss: 0.2145686
	speed: 0.0168s/iter; left time: 135.3162s
Epoch: 3 cost time: 19.66820216178894
Epoch: 3, Steps: 1144 | Train Loss: 0.2220427 Vali Loss: 0.1941867 Test Loss: 0.2034467
Validation loss decreased (0.235908 --> 0.203447).  Saving model ...
Updating learning rate to 0.0009618742099746439
	iters: 100, epoch: 4 | loss: 0.2017446
	speed: 0.0857s/iter; left time: 677.7325s
	iters: 200, epoch: 4 | loss: 0.2057713
	speed: 0.0176s/iter; left time: 137.0642s
	iters: 300, epoch: 4 | loss: 0.2111075
	speed: 0.0176s/iter; left time: 135.8097s
	iters: 400, epoch: 4 | loss: 0.1973448
	speed: 0.0181s/iter; left time: 138.0354s
	iters: 500, epoch: 4 | loss: 0.2064036
	speed: 0.0171s/iter; left time: 128.1597s
	iters: 600, epoch: 4 | loss: 0.1868852
	speed: 0.0168s/iter; left time: 124.7255s
	iters: 700, epoch: 4 | loss: 0.2004106
	speed: 0.0170s/iter; left time: 124.0293s
	iters: 800, epoch: 4 | loss: 0.1885820
	speed: 0.0170s/iter; left time: 122.4310s
	iters: 900, epoch: 4 | loss: 0.1957492
	speed: 0.0175s/iter; left time: 124.5780s
	iters: 1000, epoch: 4 | loss: 0.1998313
	speed: 0.0171s/iter; left time: 119.9754s
	iters: 1100, epoch: 4 | loss: 0.2140674
	speed: 0.0167s/iter; left time: 115.6714s
Epoch: 4 cost time: 19.73198175430298
Epoch: 4, Steps: 1144 | Train Loss: 0.2017049 Vali Loss: 0.1798158 Test Loss: 0.1884099
Validation loss decreased (0.203447 --> 0.188410).  Saving model ...
Updating learning rate to 0.0008534325923208433
	iters: 100, epoch: 5 | loss: 0.2034581
	speed: 0.0876s/iter; left time: 592.9403s
	iters: 200, epoch: 5 | loss: 0.1839177
	speed: 0.0167s/iter; left time: 111.3387s
	iters: 300, epoch: 5 | loss: 0.2029784
	speed: 0.0168s/iter; left time: 110.0367s
	iters: 400, epoch: 5 | loss: 0.1877193
	speed: 0.0172s/iter; left time: 111.0623s
	iters: 500, epoch: 5 | loss: 0.1918828
	speed: 0.0167s/iter; left time: 106.2668s
	iters: 600, epoch: 5 | loss: 0.2007919
	speed: 0.0172s/iter; left time: 107.6073s
	iters: 700, epoch: 5 | loss: 0.1842696
	speed: 0.0175s/iter; left time: 107.5910s
	iters: 800, epoch: 5 | loss: 0.1882527
	speed: 0.0171s/iter; left time: 103.9466s
	iters: 900, epoch: 5 | loss: 0.1725474
	speed: 0.0171s/iter; left time: 102.2277s
	iters: 1000, epoch: 5 | loss: 0.1797253
	speed: 0.0167s/iter; left time: 98.2354s
	iters: 1100, epoch: 5 | loss: 0.1752311
	speed: 0.0170s/iter; left time: 97.7473s
Epoch: 5 cost time: 19.453699827194214
Epoch: 5, Steps: 1144 | Train Loss: 0.1871481 Vali Loss: 0.1672394 Test Loss: 0.1758431
Validation loss decreased (0.188410 --> 0.175843).  Saving model ...
Updating learning rate to 0.0006911843708424919
	iters: 100, epoch: 6 | loss: 0.1755511
	speed: 0.0810s/iter; left time: 455.4790s
	iters: 200, epoch: 6 | loss: 0.1761746
	speed: 0.0168s/iter; left time: 92.9833s
	iters: 300, epoch: 6 | loss: 0.1766837
	speed: 0.0177s/iter; left time: 96.1986s
	iters: 400, epoch: 6 | loss: 0.1896099
	speed: 0.0188s/iter; left time: 100.0837s
	iters: 500, epoch: 6 | loss: 0.1662732
	speed: 0.0176s/iter; left time: 92.0444s
	iters: 600, epoch: 6 | loss: 0.1643839
	speed: 0.0174s/iter; left time: 88.9630s
	iters: 700, epoch: 6 | loss: 0.1744687
	speed: 0.0167s/iter; left time: 83.8135s
	iters: 800, epoch: 6 | loss: 0.1685504
	speed: 0.0172s/iter; left time: 84.7114s
	iters: 900, epoch: 6 | loss: 0.1796207
	speed: 0.0169s/iter; left time: 81.3894s
	iters: 1000, epoch: 6 | loss: 0.1723379
	speed: 0.0169s/iter; left time: 80.0070s
	iters: 1100, epoch: 6 | loss: 0.1690840
	speed: 0.0177s/iter; left time: 81.6818s
Epoch: 6 cost time: 19.87061905860901
Epoch: 6, Steps: 1144 | Train Loss: 0.1769141 Vali Loss: 0.1607414 Test Loss: 0.1688152
Validation loss decreased (0.175843 --> 0.168815).  Saving model ...
Updating learning rate to 0.0004998303664758784
	iters: 100, epoch: 7 | loss: 0.1771750
	speed: 0.0853s/iter; left time: 381.9440s
	iters: 200, epoch: 7 | loss: 0.1685987
	speed: 0.0171s/iter; left time: 74.8224s
	iters: 300, epoch: 7 | loss: 0.1622853
	speed: 0.0172s/iter; left time: 73.6876s
	iters: 400, epoch: 7 | loss: 0.1598870
	speed: 0.0173s/iter; left time: 72.3965s
	iters: 500, epoch: 7 | loss: 0.1976253
	speed: 0.0172s/iter; left time: 69.9333s
	iters: 600, epoch: 7 | loss: 0.1819522
	speed: 0.0174s/iter; left time: 69.1176s
	iters: 700, epoch: 7 | loss: 0.1725227
	speed: 0.0170s/iter; left time: 66.0849s
	iters: 800, epoch: 7 | loss: 0.1719139
	speed: 0.0184s/iter; left time: 69.4735s
	iters: 900, epoch: 7 | loss: 0.1857693
	speed: 0.0174s/iter; left time: 64.0405s
	iters: 1000, epoch: 7 | loss: 0.1678927
	speed: 0.0176s/iter; left time: 62.9628s
	iters: 1100, epoch: 7 | loss: 0.1818788
	speed: 0.0177s/iter; left time: 61.5409s
Epoch: 7 cost time: 20.056395530700684
Epoch: 7, Steps: 1144 | Train Loss: 0.1730356 Vali Loss: 0.1590157 Test Loss: 0.1674829
Validation loss decreased (0.168815 --> 0.167483).  Saving model ...
Updating learning rate to 0.0003085024917574506
	iters: 100, epoch: 8 | loss: 0.1785075
	speed: 0.0849s/iter; left time: 283.0246s
	iters: 200, epoch: 8 | loss: 0.1765784
	speed: 0.0174s/iter; left time: 56.4060s
	iters: 300, epoch: 8 | loss: 0.1744847
	speed: 0.0170s/iter; left time: 53.2090s
	iters: 400, epoch: 8 | loss: 0.1810426
	speed: 0.0169s/iter; left time: 51.2523s
	iters: 500, epoch: 8 | loss: 0.1706297
	speed: 0.0169s/iter; left time: 49.6752s
	iters: 600, epoch: 8 | loss: 0.1624447
	speed: 0.0173s/iter; left time: 49.1136s
	iters: 700, epoch: 8 | loss: 0.1791279
	speed: 0.0170s/iter; left time: 46.4284s
	iters: 800, epoch: 8 | loss: 0.1783657
	speed: 0.0174s/iter; left time: 45.7389s
	iters: 900, epoch: 8 | loss: 0.1724974
	speed: 0.0170s/iter; left time: 42.9440s
	iters: 1000, epoch: 8 | loss: 0.1636122
	speed: 0.0175s/iter; left time: 42.5870s
	iters: 1100, epoch: 8 | loss: 0.1968425
	speed: 0.0172s/iter; left time: 40.0914s
Epoch: 8 cost time: 19.651175022125244
Epoch: 8, Steps: 1144 | Train Loss: 0.1724212 Vali Loss: 0.1590424 Test Loss: 0.1671443
Validation loss decreased (0.167483 --> 0.167144).  Saving model ...
Updating learning rate to 0.00014632868122158585
	iters: 100, epoch: 9 | loss: 0.1726263
	speed: 0.0825s/iter; left time: 180.5487s
	iters: 200, epoch: 9 | loss: 0.1736620
	speed: 0.0170s/iter; left time: 35.4698s
	iters: 300, epoch: 9 | loss: 0.1763268
	speed: 0.0172s/iter; left time: 34.1258s
	iters: 400, epoch: 9 | loss: 0.1674277
	speed: 0.0171s/iter; left time: 32.2510s
	iters: 500, epoch: 9 | loss: 0.1798441
	speed: 0.0175s/iter; left time: 31.3076s
	iters: 600, epoch: 9 | loss: 0.1749224
	speed: 0.0171s/iter; left time: 28.9606s
	iters: 700, epoch: 9 | loss: 0.1739636
	speed: 0.0178s/iter; left time: 28.3440s
	iters: 800, epoch: 9 | loss: 0.1752234
	speed: 0.0171s/iter; left time: 25.4284s
	iters: 900, epoch: 9 | loss: 0.1674425
	speed: 0.0169s/iter; left time: 23.5002s
	iters: 1000, epoch: 9 | loss: 0.1733267
	speed: 0.0170s/iter; left time: 21.8855s
	iters: 1100, epoch: 9 | loss: 0.1721659
	speed: 0.0170s/iter; left time: 20.2208s
Epoch: 9 cost time: 19.63540244102478
Epoch: 9, Steps: 1144 | Train Loss: 0.1723363 Vali Loss: 0.1589098 Test Loss: 0.1670073
Validation loss decreased (0.167144 --> 0.167007).  Saving model ...
Updating learning rate to 3.799842741311635e-05
	iters: 100, epoch: 10 | loss: 0.1806872
	speed: 0.0814s/iter; left time: 85.0110s
	iters: 200, epoch: 10 | loss: 0.1736891
	speed: 0.0170s/iter; left time: 16.0844s
	iters: 300, epoch: 10 | loss: 0.1647326
	speed: 0.0169s/iter; left time: 14.2882s
	iters: 400, epoch: 10 | loss: 0.1697763
	speed: 0.0176s/iter; left time: 13.0882s
	iters: 500, epoch: 10 | loss: 0.1647217
	speed: 0.0177s/iter; left time: 11.4436s
	iters: 600, epoch: 10 | loss: 0.1614591
	speed: 0.0177s/iter; left time: 9.6708s
	iters: 700, epoch: 10 | loss: 0.1751429
	speed: 0.0168s/iter; left time: 7.4732s
	iters: 800, epoch: 10 | loss: 0.1836051
	speed: 0.0172s/iter; left time: 5.9442s
	iters: 900, epoch: 10 | loss: 0.1975550
	speed: 0.0168s/iter; left time: 4.1262s
	iters: 1000, epoch: 10 | loss: 0.1712506
	speed: 0.0170s/iter; left time: 2.4584s
	iters: 1100, epoch: 10 | loss: 0.1796081
	speed: 0.0170s/iter; left time: 0.7655s
Epoch: 10 cost time: 19.638449668884277
Epoch: 10, Steps: 1144 | Train Loss: 0.1723413 Vali Loss: 0.1591309 Test Loss: 0.1671590
EarlyStopping counter: 1 out of 15
Updating learning rate to 4.029458185296958e-09
>>>>>>>testing : imputation_IMP_SparseTSF_Electricity_mask0.5_none_SparseTSF_custom_sl96_pl0_dm16_nh8_el2_dl1_df32_fc1_ebtimeF_dtTrue_Imp_0<<<<<<<<<<<<<<<<<<<<<<<<<<<<<<<<<
test 5261
test shape: (5248, 96, 321) (5248, 96, 321)
mse:0.16712802648544312, mae:0.2966946065425873
