Args in experiment:
Namespace(activation='gelu', anomaly_ratio=0.25, batch_size=16, c_out=7, channel_independence=1, checkpoints='./checkpoints/', comment='none', d_ff=32, d_layers=1, d_model=16, data='ETTh2', data_path='ETTh2.csv', dec_in=7, decomp_method='moving_avg', des='Imp', devices='0,1', distil=True, down_sampling_layers=3, down_sampling_method='avg', down_sampling_window=2, drop_last=True, dropout=0.1, e_layers=2, embed='timeF', emissions_file='emissions.csv', emissions_output_dir='.', enc_in=7, factor=1, features='M', freq='h', gpu=0, inverse=False, is_training=1, itr=1, label_len=0, learning_rate=0.001, loss='MSE', lradj='TST', mask_rate=0.375, model='TimeMixer', model_id='IMP_TimeMixer_ETTh2_mask0.375', model_type='linear', moving_avg=25, n_heads=8, num_kernels=6, num_workers=0, output_attention=False, p_hidden_dims=[128, 128], p_hidden_layers=2, patience=15, pct_start=0.2, period_len=24, pred_len=0, root_path='C:\\Users\\bbbal\\OneDrive\\Masaüstü\\timemixer\\dataset\\ETT-small', seasonal_patterns='Monthly', seq_len=96, target='OT', task_name='imputation', top_k=5, track_emissions=0, train_epochs=10, use_amp=False, use_future_temporal_feature=0, use_gpu=True, use_multi_gpu=False, use_norm=1)
Use GPU: cuda:0
>>>>>>>start training : imputation_IMP_TimeMixer_ETTh2_mask0.375_none_TimeMixer_ETTh2_sl96_pl0_dm16_nh8_el2_dl1_df32_fc1_ebtimeF_dtTrue_Imp_0>>>>>>>>>>>>>>>>>>>>>>>>>>
train 8545
val 2881
test 2881
	iters: 100, epoch: 1 | loss: 0.3779547
	speed: 0.0667s/iter; left time: 349.6214s
	iters: 200, epoch: 1 | loss: 0.1933615
	speed: 0.0374s/iter; left time: 192.1016s
	iters: 300, epoch: 1 | loss: 0.1278199
	speed: 0.0356s/iter; left time: 179.6708s
	iters: 400, epoch: 1 | loss: 0.1194040
	speed: 0.0340s/iter; left time: 168.1381s
	iters: 500, epoch: 1 | loss: 0.1477168
	speed: 0.0347s/iter; left time: 167.8645s
Epoch: 1 cost time: 22.434476852416992
Epoch: 1, Steps: 534 | Train Loss: 0.2043710 Vali Loss: 0.0678848 Test Loss: 0.0812614
Validation loss decreased (inf --> 0.081261).  Saving model ...
Updating learning rate to 0.0005207066372675873
	iters: 100, epoch: 2 | loss: 0.0758998
	speed: 0.1171s/iter; left time: 551.0542s
	iters: 200, epoch: 2 | loss: 0.0588401
	speed: 0.0581s/iter; left time: 267.6398s
	iters: 300, epoch: 2 | loss: 0.0674885
	speed: 0.0571s/iter; left time: 257.1475s
	iters: 400, epoch: 2 | loss: 0.0680417
	speed: 0.0572s/iter; left time: 251.9959s
	iters: 500, epoch: 2 | loss: 0.0835144
	speed: 0.0498s/iter; left time: 214.4590s
Epoch: 2 cost time: 29.019035816192627
Epoch: 2, Steps: 534 | Train Loss: 0.0861890 Vali Loss: 0.0622858 Test Loss: 0.0732771
Validation loss decreased (0.081261 --> 0.073277).  Saving model ...
Updating learning rate to 0.0009999998648003681
	iters: 100, epoch: 3 | loss: 0.1073904
	speed: 0.1185s/iter; left time: 494.3623s
	iters: 200, epoch: 3 | loss: 0.0651796
	speed: 0.0426s/iter; left time: 173.5497s
	iters: 300, epoch: 3 | loss: 0.0593342
	speed: 0.0610s/iter; left time: 242.2618s
	iters: 400, epoch: 3 | loss: 0.0766589
	speed: 0.0386s/iter; left time: 149.5675s
	iters: 500, epoch: 3 | loss: 0.0753585
	speed: 0.0359s/iter; left time: 135.3427s
Epoch: 3 cost time: 24.133808374404907
Epoch: 3, Steps: 534 | Train Loss: 0.0780241 Vali Loss: 0.0614243 Test Loss: 0.0723480
Validation loss decreased (0.073277 --> 0.072348).  Saving model ...
Updating learning rate to 0.0009617990830848397
	iters: 100, epoch: 4 | loss: 0.0902331
	speed: 0.1384s/iter; left time: 503.4940s
	iters: 200, epoch: 4 | loss: 0.1010738
	speed: 0.0589s/iter; left time: 208.6149s
	iters: 300, epoch: 4 | loss: 0.0623008
	speed: 0.0559s/iter; left time: 192.1382s
	iters: 400, epoch: 4 | loss: 0.0634216
	speed: 0.0559s/iter; left time: 186.5999s
	iters: 500, epoch: 4 | loss: 0.0685301
	speed: 0.0512s/iter; left time: 165.7699s
Epoch: 4 cost time: 30.597580432891846
Epoch: 4, Steps: 534 | Train Loss: 0.0751609 Vali Loss: 0.0607283 Test Loss: 0.0712574
Validation loss decreased (0.072348 --> 0.071257).  Saving model ...
Updating learning rate to 0.0008532938816706273
	iters: 100, epoch: 5 | loss: 0.0649383
	speed: 0.1601s/iter; left time: 497.1560s
	iters: 200, epoch: 5 | loss: 0.0683279
	speed: 0.0586s/iter; left time: 176.1981s
	iters: 300, epoch: 5 | loss: 0.0634695
	speed: 0.0463s/iter; left time: 134.4296s
	iters: 400, epoch: 5 | loss: 0.0687832
	speed: 0.0473s/iter; left time: 132.6714s
	iters: 500, epoch: 5 | loss: 0.0855801
	speed: 0.0429s/iter; left time: 116.1022s
Epoch: 5 cost time: 27.375131368637085
Epoch: 5, Steps: 534 | Train Loss: 0.0733429 Vali Loss: 0.0599953 Test Loss: 0.0705872
Validation loss decreased (0.071257 --> 0.070587).  Saving model ...
Updating learning rate to 0.0006910031938709443
	iters: 100, epoch: 6 | loss: 0.0600022
	speed: 0.1068s/iter; left time: 274.4949s
	iters: 200, epoch: 6 | loss: 0.0581107
	speed: 0.0350s/iter; left time: 86.4421s
	iters: 300, epoch: 6 | loss: 0.0608144
	speed: 0.0344s/iter; left time: 81.6479s
	iters: 400, epoch: 6 | loss: 0.0930897
	speed: 0.0374s/iter; left time: 84.9757s
	iters: 500, epoch: 6 | loss: 0.0717369
	speed: 0.0398s/iter; left time: 86.3470s
Epoch: 6 cost time: 19.53091025352478
Epoch: 6, Steps: 534 | Train Loss: 0.0727091 Vali Loss: 0.0599597 Test Loss: 0.0701408
Validation loss decreased (0.070587 --> 0.070141).  Saving model ...
Updating learning rate to 0.0004996343057345438
	iters: 100, epoch: 7 | loss: 0.0539587
	speed: 0.0827s/iter; left time: 168.4250s
	iters: 200, epoch: 7 | loss: 0.0860202
	speed: 0.0337s/iter; left time: 65.2367s
	iters: 300, epoch: 7 | loss: 0.0832477
	speed: 0.0320s/iter; left time: 58.7105s
	iters: 400, epoch: 7 | loss: 0.0943805
	speed: 0.0513s/iter; left time: 89.0668s
	iters: 500, epoch: 7 | loss: 0.0554059
	speed: 0.0469s/iter; left time: 76.8071s
Epoch: 7 cost time: 21.458419799804688
Epoch: 7, Steps: 534 | Train Loss: 0.0716842 Vali Loss: 0.0594865 Test Loss: 0.0694322
Validation loss decreased (0.070141 --> 0.069432).  Saving model ...
Updating learning rate to 0.0003083213957169024
	iters: 100, epoch: 8 | loss: 0.0836291
	speed: 0.1130s/iter; left time: 169.8506s
	iters: 200, epoch: 8 | loss: 0.0877570
	speed: 0.0363s/iter; left time: 50.8806s
	iters: 300, epoch: 8 | loss: 0.0635361
	speed: 0.0355s/iter; left time: 46.3090s
	iters: 400, epoch: 8 | loss: 0.0630574
	speed: 0.0370s/iter; left time: 44.5125s
	iters: 500, epoch: 8 | loss: 0.0725349
	speed: 0.0351s/iter; left time: 38.7630s
Epoch: 8 cost time: 19.593348026275635
Epoch: 8, Steps: 534 | Train Loss: 0.0710692 Vali Loss: 0.0590320 Test Loss: 0.0688949
Validation loss decreased (0.069432 --> 0.068895).  Saving model ...
Updating learning rate to 0.00014619012011235773
	iters: 100, epoch: 9 | loss: 0.0612357
	speed: 0.0905s/iter; left time: 87.7367s
	iters: 200, epoch: 9 | loss: 0.0783989
	speed: 0.0361s/iter; left time: 31.4116s
	iters: 300, epoch: 9 | loss: 0.0614168
	speed: 0.0357s/iter; left time: 27.4669s
	iters: 400, epoch: 9 | loss: 0.0613531
	speed: 0.0362s/iter; left time: 24.1844s
	iters: 500, epoch: 9 | loss: 0.0593490
	speed: 0.0355s/iter; left time: 20.1828s
Epoch: 9 cost time: 19.066676378250122
Epoch: 9, Steps: 534 | Train Loss: 0.0699328 Vali Loss: 0.0589889 Test Loss: 0.0683991
Validation loss decreased (0.068895 --> 0.068399).  Saving model ...
Updating learning rate to 3.792349590802869e-05
	iters: 100, epoch: 10 | loss: 0.0710286
	speed: 0.1009s/iter; left time: 43.9058s
	iters: 200, epoch: 10 | loss: 0.0973145
	speed: 0.0442s/iter; left time: 14.8192s
	iters: 300, epoch: 10 | loss: 0.0746699
	speed: 0.0471s/iter; left time: 11.0590s
	iters: 400, epoch: 10 | loss: 0.0595888
	speed: 0.0381s/iter; left time: 5.1420s
	iters: 500, epoch: 10 | loss: 0.0581744
	speed: 0.0402s/iter; left time: 1.4084s
Epoch: 10 cost time: 22.636910676956177
Epoch: 10, Steps: 534 | Train Loss: 0.0696317 Vali Loss: 0.0589101 Test Loss: 0.0687412
EarlyStopping counter: 1 out of 15
Updating learning rate to 4.1351996319232575e-09
>>>>>>>testing : imputation_IMP_TimeMixer_ETTh2_mask0.375_none_TimeMixer_ETTh2_sl96_pl0_dm16_nh8_el2_dl1_df32_fc1_ebtimeF_dtTrue_Imp_0<<<<<<<<<<<<<<<<<<<<<<<<<<<<<<<<<
test 2881
test shape: (2880, 96, 7) (2880, 96, 7)
mse:0.06844021379947662, mae:0.16672946512699127
