Args in experiment:
Namespace(activation='gelu', anomaly_ratio=0.25, batch_size=16, c_out=21, channel_independence=1, checkpoints='./checkpoints/', comment='none', d_ff=32, d_layers=1, d_model=16, data='custom', data_path='weather.csv', dec_in=21, decomp_method='moving_avg', des='Imp', devices='0,1', distil=True, down_sampling_layers=3, down_sampling_method='avg', down_sampling_window=2, drop_last=True, dropout=0.1, e_layers=2, embed='timeF', emissions_file='emissions.csv', emissions_output_dir='.', enc_in=21, factor=1, features='M', freq='h', gpu=0, inverse=False, is_training=1, itr=1, label_len=0, learning_rate=0.001, loss='MSE', lradj='TST', mask_rate=0.375, model='TimeMixer', model_id='IMP_TimeMixer_Weather_mask0.375', model_type='linear', moving_avg=25, n_heads=8, num_kernels=6, num_workers=0, output_attention=False, p_hidden_dims=[128, 128], p_hidden_layers=2, patience=15, pct_start=0.2, period_len=4, pred_len=0, root_path='C:\\Users\\bbbal\\OneDrive\\Masaüstü\\timemixer\\dataset\\weather', seasonal_patterns='Monthly', seq_len=96, target='OT', task_name='imputation', top_k=5, track_emissions=0, train_epochs=10, use_amp=False, use_future_temporal_feature=0, use_gpu=True, use_multi_gpu=False, use_norm=1)
Use GPU: cuda:0
>>>>>>>start training : imputation_IMP_TimeMixer_Weather_mask0.375_none_TimeMixer_custom_sl96_pl0_dm16_nh8_el2_dl1_df32_fc1_ebtimeF_dtTrue_Imp_0>>>>>>>>>>>>>>>>>>>>>>>>>>
train 36792
val 5271
test 10540
	iters: 100, epoch: 1 | loss: 0.5080417
	speed: 0.0601s/iter; left time: 1374.9306s
	iters: 200, epoch: 1 | loss: 0.5286745
	speed: 0.0331s/iter; left time: 755.3006s
	iters: 300, epoch: 1 | loss: 0.1855926
	speed: 0.0324s/iter; left time: 735.7516s
	iters: 400, epoch: 1 | loss: 0.2562794
	speed: 0.0327s/iter; left time: 739.6405s
	iters: 500, epoch: 1 | loss: 0.1758730
	speed: 0.0331s/iter; left time: 743.9915s
	iters: 600, epoch: 1 | loss: 0.1065875
	speed: 0.0332s/iter; left time: 744.0612s
	iters: 700, epoch: 1 | loss: 0.1278906
	speed: 0.0331s/iter; left time: 737.6475s
	iters: 800, epoch: 1 | loss: 0.0714974
	speed: 0.0363s/iter; left time: 804.5387s
	iters: 900, epoch: 1 | loss: 0.0785082
	speed: 0.0331s/iter; left time: 731.1757s
	iters: 1000, epoch: 1 | loss: 0.1892187
	speed: 0.0335s/iter; left time: 737.2411s
	iters: 1100, epoch: 1 | loss: 0.1068986
	speed: 0.0336s/iter; left time: 735.6958s
	iters: 1200, epoch: 1 | loss: 0.1659641
	speed: 0.0333s/iter; left time: 726.4957s
	iters: 1300, epoch: 1 | loss: 0.1198086
	speed: 0.0327s/iter; left time: 709.7929s
	iters: 1400, epoch: 1 | loss: 0.0571681
	speed: 0.0334s/iter; left time: 722.0874s
	iters: 1500, epoch: 1 | loss: 0.0700546
	speed: 0.0338s/iter; left time: 726.5019s
	iters: 1600, epoch: 1 | loss: 0.2921219
	speed: 0.0332s/iter; left time: 709.7802s
	iters: 1700, epoch: 1 | loss: 0.1145062
	speed: 0.0332s/iter; left time: 707.8174s
	iters: 1800, epoch: 1 | loss: 3.2660460
	speed: 0.0333s/iter; left time: 705.2800s
	iters: 1900, epoch: 1 | loss: 0.2092815
	speed: 0.0334s/iter; left time: 703.4893s
	iters: 2000, epoch: 1 | loss: 0.0840783
	speed: 0.0331s/iter; left time: 694.9982s
	iters: 2100, epoch: 1 | loss: 0.0711281
	speed: 0.0332s/iter; left time: 694.5464s
	iters: 2200, epoch: 1 | loss: 0.2948123
	speed: 0.0334s/iter; left time: 694.0406s
Epoch: 1 cost time: 79.3746645450592
Epoch: 1, Steps: 2299 | Train Loss: 0.2529550 Vali Loss: 0.0969064 Test Loss: 0.0386392
Validation loss decreased (inf --> 0.038639).  Saving model ...
Updating learning rate to 0.0005201640161457883
	iters: 100, epoch: 2 | loss: 0.1077833
	speed: 0.1811s/iter; left time: 3728.5717s
	iters: 200, epoch: 2 | loss: 0.1184789
	speed: 0.0334s/iter; left time: 684.8881s
	iters: 300, epoch: 2 | loss: 0.0729128
	speed: 0.0334s/iter; left time: 681.9630s
	iters: 400, epoch: 2 | loss: 0.4748240
	speed: 0.0329s/iter; left time: 668.2381s
	iters: 500, epoch: 2 | loss: 0.0626863
	speed: 0.0333s/iter; left time: 672.1787s
	iters: 600, epoch: 2 | loss: 0.0939651
	speed: 0.0343s/iter; left time: 689.7812s
	iters: 700, epoch: 2 | loss: 0.1058375
	speed: 0.0337s/iter; left time: 673.3868s
	iters: 800, epoch: 2 | loss: 0.0841668
	speed: 0.0337s/iter; left time: 670.8966s
	iters: 900, epoch: 2 | loss: 0.1502825
	speed: 0.0333s/iter; left time: 658.5052s
	iters: 1000, epoch: 2 | loss: 0.1062275
	speed: 0.0332s/iter; left time: 653.6992s
	iters: 1100, epoch: 2 | loss: 0.1104660
	speed: 0.0331s/iter; left time: 648.6786s
	iters: 1200, epoch: 2 | loss: 0.0891094
	speed: 0.0333s/iter; left time: 648.7007s
	iters: 1300, epoch: 2 | loss: 0.2665364
	speed: 0.0328s/iter; left time: 635.3621s
	iters: 1400, epoch: 2 | loss: 0.1370204
	speed: 0.0333s/iter; left time: 641.6546s
	iters: 1500, epoch: 2 | loss: 0.1086977
	speed: 0.0340s/iter; left time: 651.5941s
	iters: 1600, epoch: 2 | loss: 0.0742458
	speed: 0.0330s/iter; left time: 629.4322s
	iters: 1700, epoch: 2 | loss: 0.0864437
	speed: 0.0379s/iter; left time: 719.7758s
	iters: 1800, epoch: 2 | loss: 0.0967301
	speed: 0.0333s/iter; left time: 629.8686s
	iters: 1900, epoch: 2 | loss: 0.1057010
	speed: 0.0343s/iter; left time: 645.2360s
	iters: 2000, epoch: 2 | loss: 0.0877825
	speed: 0.0341s/iter; left time: 637.5467s
	iters: 2100, epoch: 2 | loss: 0.0619157
	speed: 0.0333s/iter; left time: 619.1873s
	iters: 2200, epoch: 2 | loss: 0.0640155
	speed: 0.0338s/iter; left time: 625.2964s
Epoch: 2 cost time: 77.47343730926514
Epoch: 2, Steps: 2299 | Train Loss: 0.1689200 Vali Loss: 0.0914742 Test Loss: 0.0363607
Validation loss decreased (0.038639 --> 0.036361).  Saving model ...
Updating learning rate to 0.000999999992705759
	iters: 100, epoch: 3 | loss: 0.0659824
	speed: 0.1799s/iter; left time: 3290.5836s
	iters: 200, epoch: 3 | loss: 0.1646177
	speed: 0.0328s/iter; left time: 596.6060s
	iters: 300, epoch: 3 | loss: 0.0787780
	speed: 0.0334s/iter; left time: 604.7888s
	iters: 400, epoch: 3 | loss: 0.1598581
	speed: 0.0333s/iter; left time: 598.5790s
	iters: 500, epoch: 3 | loss: 0.1168548
	speed: 0.0334s/iter; left time: 598.1384s
	iters: 600, epoch: 3 | loss: 0.1203733
	speed: 0.0343s/iter; left time: 610.3375s
	iters: 700, epoch: 3 | loss: 0.3369548
	speed: 0.0340s/iter; left time: 601.4899s
	iters: 800, epoch: 3 | loss: 0.0711373
	speed: 0.0332s/iter; left time: 584.6848s
	iters: 900, epoch: 3 | loss: 0.1339958
	speed: 0.0334s/iter; left time: 584.8654s
	iters: 1000, epoch: 3 | loss: 0.1404598
	speed: 0.0336s/iter; left time: 585.0192s
	iters: 1100, epoch: 3 | loss: 0.1197917
	speed: 0.0340s/iter; left time: 588.3909s
	iters: 1200, epoch: 3 | loss: 0.0557452
	speed: 0.0332s/iter; left time: 571.6095s
	iters: 1300, epoch: 3 | loss: 0.0890249
	speed: 0.0345s/iter; left time: 589.6635s
	iters: 1400, epoch: 3 | loss: 0.0875093
	speed: 0.0328s/iter; left time: 558.1916s
	iters: 1500, epoch: 3 | loss: 0.0716275
	speed: 0.0340s/iter; left time: 574.2700s
	iters: 1600, epoch: 3 | loss: 0.0800589
	speed: 0.0338s/iter; left time: 567.4526s
	iters: 1700, epoch: 3 | loss: 0.0759309
	speed: 0.0341s/iter; left time: 568.5466s
	iters: 1800, epoch: 3 | loss: 0.0674259
	speed: 0.0334s/iter; left time: 553.6563s
	iters: 1900, epoch: 3 | loss: 0.2558698
	speed: 0.0332s/iter; left time: 548.2426s
	iters: 2000, epoch: 3 | loss: 0.0545715
	speed: 0.0336s/iter; left time: 550.4997s
	iters: 2100, epoch: 3 | loss: 3.7803540
	speed: 0.0340s/iter; left time: 553.3750s
	iters: 2200, epoch: 3 | loss: 0.1162248
	speed: 0.0349s/iter; left time: 565.4166s
Epoch: 3 cost time: 77.50090074539185
Epoch: 3, Steps: 2299 | Train Loss: 0.1695348 Vali Loss: 0.0984302 Test Loss: 0.0363085
Validation loss decreased (0.036361 --> 0.036309).  Saving model ...
Updating learning rate to 0.0009619072282363468
	iters: 100, epoch: 4 | loss: 0.0768638
	speed: 0.1834s/iter; left time: 2933.2375s
	iters: 200, epoch: 4 | loss: 0.0496316
	speed: 0.0333s/iter; left time: 528.8057s
	iters: 300, epoch: 4 | loss: 0.0642255
	speed: 0.0334s/iter; left time: 527.4829s
	iters: 400, epoch: 4 | loss: 0.3709509
	speed: 0.0334s/iter; left time: 524.7607s
	iters: 500, epoch: 4 | loss: 0.1389422
	speed: 0.0332s/iter; left time: 518.2048s
	iters: 600, epoch: 4 | loss: 0.0798648
	speed: 0.0348s/iter; left time: 539.0371s
	iters: 700, epoch: 4 | loss: 0.1075078
	speed: 0.0353s/iter; left time: 543.0609s
	iters: 800, epoch: 4 | loss: 0.0761223
	speed: 0.0335s/iter; left time: 512.2502s
	iters: 900, epoch: 4 | loss: 0.1672104
	speed: 0.0335s/iter; left time: 509.6173s
	iters: 1000, epoch: 4 | loss: 0.0666394
	speed: 0.0335s/iter; left time: 506.3033s
	iters: 1100, epoch: 4 | loss: 0.0954061
	speed: 0.0333s/iter; left time: 499.5007s
	iters: 1200, epoch: 4 | loss: 0.0787410
	speed: 0.0341s/iter; left time: 507.3795s
	iters: 1300, epoch: 4 | loss: 0.0598213
	speed: 0.0338s/iter; left time: 499.3165s
	iters: 1400, epoch: 4 | loss: 0.3278195
	speed: 0.0342s/iter; left time: 502.8659s
	iters: 1500, epoch: 4 | loss: 0.0944281
	speed: 0.0335s/iter; left time: 488.5883s
	iters: 1600, epoch: 4 | loss: 0.1444778
	speed: 0.0341s/iter; left time: 494.6925s
	iters: 1700, epoch: 4 | loss: 0.1550391
	speed: 0.0345s/iter; left time: 495.9884s
	iters: 1800, epoch: 4 | loss: 0.2629523
	speed: 0.0323s/iter; left time: 462.2852s
	iters: 1900, epoch: 4 | loss: 0.0830087
	speed: 0.0355s/iter; left time: 504.2492s
	iters: 2000, epoch: 4 | loss: 0.4084178
	speed: 0.0335s/iter; left time: 472.0937s
	iters: 2100, epoch: 4 | loss: 0.0959972
	speed: 0.0339s/iter; left time: 474.8712s
	iters: 2200, epoch: 4 | loss: 0.0846449
	speed: 0.0333s/iter; left time: 462.3172s
Epoch: 4 cost time: 78.18915605545044
Epoch: 4, Steps: 2299 | Train Loss: 0.1638793 Vali Loss: 0.0877002 Test Loss: 0.0345678
Validation loss decreased (0.036309 --> 0.034568).  Saving model ...
Updating learning rate to 0.0008534935799492716
	iters: 100, epoch: 5 | loss: 0.0845339
	speed: 0.1855s/iter; left time: 2540.7227s
	iters: 200, epoch: 5 | loss: 0.0632122
	speed: 0.0333s/iter; left time: 452.1261s
	iters: 300, epoch: 5 | loss: 0.0747057
	speed: 0.0336s/iter; left time: 453.6034s
	iters: 400, epoch: 5 | loss: 0.1339654
	speed: 0.0335s/iter; left time: 448.5991s
	iters: 500, epoch: 5 | loss: 0.1398557
	speed: 0.0337s/iter; left time: 447.6267s
	iters: 600, epoch: 5 | loss: 0.1181842
	speed: 0.0334s/iter; left time: 440.2730s
	iters: 700, epoch: 5 | loss: 0.2102545
	speed: 0.0337s/iter; left time: 441.0555s
	iters: 800, epoch: 5 | loss: 0.0560118
	speed: 0.0337s/iter; left time: 437.5891s
	iters: 900, epoch: 5 | loss: 0.1173697
	speed: 0.0356s/iter; left time: 458.9492s
	iters: 1000, epoch: 5 | loss: 0.1637862
	speed: 0.0339s/iter; left time: 433.7475s
	iters: 1100, epoch: 5 | loss: 0.0782445
	speed: 0.0333s/iter; left time: 423.3217s
	iters: 1200, epoch: 5 | loss: 0.1113048
	speed: 0.0335s/iter; left time: 421.5464s
	iters: 1300, epoch: 5 | loss: 0.0840481
	speed: 0.0338s/iter; left time: 422.0507s
	iters: 1400, epoch: 5 | loss: 0.1062664
	speed: 0.0344s/iter; left time: 426.1504s
	iters: 1500, epoch: 5 | loss: 0.0878577
	speed: 0.0333s/iter; left time: 409.9815s
	iters: 1600, epoch: 5 | loss: 0.0862472
	speed: 0.0348s/iter; left time: 423.8435s
	iters: 1700, epoch: 5 | loss: 0.0911134
	speed: 0.0340s/iter; left time: 411.2220s
	iters: 1800, epoch: 5 | loss: 0.0857007
	speed: 0.0345s/iter; left time: 413.9689s
	iters: 1900, epoch: 5 | loss: 0.0534119
	speed: 0.0353s/iter; left time: 419.3355s
	iters: 2000, epoch: 5 | loss: 0.0634078
	speed: 0.0359s/iter; left time: 422.9188s
	iters: 2100, epoch: 5 | loss: 0.0887530
	speed: 0.0344s/iter; left time: 402.2544s
	iters: 2200, epoch: 5 | loss: 0.0574172
	speed: 0.0335s/iter; left time: 388.4403s
Epoch: 5 cost time: 78.28470730781555
Epoch: 5, Steps: 2299 | Train Loss: 0.1503156 Vali Loss: 0.0858772 Test Loss: 0.0347889
EarlyStopping counter: 1 out of 15
Updating learning rate to 0.0006912640430240716
	iters: 100, epoch: 6 | loss: 0.0571334
	speed: 0.1855s/iter; left time: 2114.0799s
	iters: 200, epoch: 6 | loss: 0.0837579
	speed: 0.0345s/iter; left time: 390.2370s
	iters: 300, epoch: 6 | loss: 0.2126674
	speed: 0.0339s/iter; left time: 379.5528s
	iters: 400, epoch: 6 | loss: 0.1106242
	speed: 0.0332s/iter; left time: 367.9533s
	iters: 500, epoch: 6 | loss: 0.0726132
	speed: 0.0341s/iter; left time: 374.9260s
	iters: 600, epoch: 6 | loss: 0.1228864
	speed: 0.0331s/iter; left time: 360.1643s
	iters: 700, epoch: 6 | loss: 0.6685461
	speed: 0.0349s/iter; left time: 377.1737s
	iters: 800, epoch: 6 | loss: 0.1350221
	speed: 0.0346s/iter; left time: 370.0856s
	iters: 900, epoch: 6 | loss: 0.1181230
	speed: 0.0338s/iter; left time: 357.9551s
	iters: 1000, epoch: 6 | loss: 0.0600180
	speed: 0.0332s/iter; left time: 348.4474s
	iters: 1100, epoch: 6 | loss: 0.1430640
	speed: 0.0346s/iter; left time: 359.2465s
	iters: 1200, epoch: 6 | loss: 0.0584583
	speed: 0.0352s/iter; left time: 361.9153s
	iters: 1300, epoch: 6 | loss: 0.1055973
	speed: 0.0335s/iter; left time: 341.1941s
	iters: 1400, epoch: 6 | loss: 0.1329526
	speed: 0.0338s/iter; left time: 340.9011s
	iters: 1500, epoch: 6 | loss: 0.1007694
	speed: 0.0351s/iter; left time: 350.7453s
	iters: 1600, epoch: 6 | loss: 0.1168619
	speed: 0.0339s/iter; left time: 335.5172s
	iters: 1700, epoch: 6 | loss: 0.1498199
	speed: 0.0364s/iter; left time: 356.8491s
	iters: 1800, epoch: 6 | loss: 0.1379382
	speed: 0.0340s/iter; left time: 329.5422s
	iters: 1900, epoch: 6 | loss: 0.0532384
	speed: 0.0337s/iter; left time: 323.7775s
	iters: 2000, epoch: 6 | loss: 0.0480149
	speed: 0.0336s/iter; left time: 319.0667s
	iters: 2100, epoch: 6 | loss: 0.1560168
	speed: 0.0334s/iter; left time: 313.3585s
	iters: 2200, epoch: 6 | loss: 0.0860621
	speed: 0.0331s/iter; left time: 307.4426s
Epoch: 6 cost time: 78.41791415214539
Epoch: 6, Steps: 2299 | Train Loss: 0.1660019 Vali Loss: 0.0872201 Test Loss: 0.0335471
Validation loss decreased (0.034568 --> 0.033547).  Saving model ...
Updating learning rate to 0.0004999165938431942
	iters: 100, epoch: 7 | loss: 0.0897471
	speed: 0.1781s/iter; left time: 1620.0597s
	iters: 200, epoch: 7 | loss: 0.0556834
	speed: 0.0338s/iter; left time: 303.6601s
	iters: 300, epoch: 7 | loss: 0.0524016
	speed: 0.0339s/iter; left time: 301.2158s
	iters: 400, epoch: 7 | loss: 0.0452047
	speed: 0.0351s/iter; left time: 309.1230s
	iters: 500, epoch: 7 | loss: 0.1409455
	speed: 0.0344s/iter; left time: 299.5204s
	iters: 600, epoch: 7 | loss: 0.0541618
	speed: 0.0335s/iter; left time: 288.2851s
	iters: 700, epoch: 7 | loss: 0.0549866
	speed: 0.0331s/iter; left time: 280.9305s
	iters: 800, epoch: 7 | loss: 0.4405626
	speed: 0.0341s/iter; left time: 285.9982s
	iters: 900, epoch: 7 | loss: 0.0502254
	speed: 0.0331s/iter; left time: 275.0393s
	iters: 1000, epoch: 7 | loss: 0.1482097
	speed: 0.0337s/iter; left time: 276.3558s
	iters: 1100, epoch: 7 | loss: 3.1667731
	speed: 0.0331s/iter; left time: 267.9216s
	iters: 1200, epoch: 7 | loss: 0.0611027
	speed: 0.0332s/iter; left time: 265.3459s
	iters: 1300, epoch: 7 | loss: 0.1056062
	speed: 0.0328s/iter; left time: 259.1385s
	iters: 1400, epoch: 7 | loss: 0.1004539
	speed: 0.0335s/iter; left time: 261.4876s
	iters: 1500, epoch: 7 | loss: 0.1118501
	speed: 0.0327s/iter; left time: 251.6897s
	iters: 1600, epoch: 7 | loss: 0.0578893
	speed: 0.0338s/iter; left time: 257.0150s
	iters: 1700, epoch: 7 | loss: 0.0521651
	speed: 0.0341s/iter; left time: 255.5748s
	iters: 1800, epoch: 7 | loss: 0.1727952
	speed: 0.0336s/iter; left time: 248.2774s
	iters: 1900, epoch: 7 | loss: 0.0980005
	speed: 0.0334s/iter; left time: 243.5183s
	iters: 2000, epoch: 7 | loss: 0.0505058
	speed: 0.0333s/iter; left time: 239.3537s
	iters: 2100, epoch: 7 | loss: 0.1159637
	speed: 0.0329s/iter; left time: 233.5018s
	iters: 2200, epoch: 7 | loss: 0.0443264
	speed: 0.0327s/iter; left time: 229.1022s
Epoch: 7 cost time: 77.00547289848328
Epoch: 7, Steps: 2299 | Train Loss: 0.1419207 Vali Loss: 0.0860232 Test Loss: 0.0330352
Validation loss decreased (0.033547 --> 0.033035).  Saving model ...
Updating learning rate to 0.00030858214697548176
	iters: 100, epoch: 8 | loss: 0.1203759
	speed: 0.1833s/iter; left time: 1245.8627s
	iters: 200, epoch: 8 | loss: 0.0451733
	speed: 0.0331s/iter; left time: 221.5890s
	iters: 300, epoch: 8 | loss: 0.1301123
	speed: 0.0336s/iter; left time: 221.6587s
	iters: 400, epoch: 8 | loss: 0.0808010
	speed: 0.0346s/iter; left time: 224.9246s
	iters: 500, epoch: 8 | loss: 0.0706203
	speed: 0.0330s/iter; left time: 211.1881s
	iters: 600, epoch: 8 | loss: 0.1148822
	speed: 0.0335s/iter; left time: 210.9661s
	iters: 700, epoch: 8 | loss: 0.0382659
	speed: 0.0340s/iter; left time: 210.6701s
	iters: 800, epoch: 8 | loss: 0.0690534
	speed: 0.0337s/iter; left time: 205.2368s
	iters: 900, epoch: 8 | loss: 0.0839209
	speed: 0.0333s/iter; left time: 199.5778s
	iters: 1000, epoch: 8 | loss: 0.0622363
	speed: 0.0332s/iter; left time: 195.6140s
	iters: 1100, epoch: 8 | loss: 0.0741732
	speed: 0.0336s/iter; left time: 195.0431s
	iters: 1200, epoch: 8 | loss: 0.1181812
	speed: 0.0335s/iter; left time: 190.7611s
	iters: 1300, epoch: 8 | loss: 0.0451860
	speed: 0.0337s/iter; left time: 188.7554s
	iters: 1400, epoch: 8 | loss: 0.1132613
	speed: 0.0333s/iter; left time: 183.2652s
	iters: 1500, epoch: 8 | loss: 0.0590006
	speed: 0.0335s/iter; left time: 180.9716s
	iters: 1600, epoch: 8 | loss: 0.1500049
	speed: 0.0330s/iter; left time: 174.7572s
	iters: 1700, epoch: 8 | loss: 0.1279644
	speed: 0.0341s/iter; left time: 177.3871s
	iters: 1800, epoch: 8 | loss: 0.0675866
	speed: 0.0347s/iter; left time: 176.7541s
	iters: 1900, epoch: 8 | loss: 0.0904523
	speed: 0.0342s/iter; left time: 170.7516s
	iters: 2000, epoch: 8 | loss: 0.1139195
	speed: 0.0335s/iter; left time: 163.8858s
	iters: 2100, epoch: 8 | loss: 0.1377698
	speed: 0.0335s/iter; left time: 160.6967s
	iters: 2200, epoch: 8 | loss: 0.0627562
	speed: 0.0342s/iter; left time: 160.6849s
Epoch: 8 cost time: 77.73191809654236
Epoch: 8, Steps: 2299 | Train Loss: 0.1451043 Vali Loss: 0.0819805 Test Loss: 0.0331275
EarlyStopping counter: 1 out of 15
Updating learning rate to 0.00014638963750546335
	iters: 100, epoch: 9 | loss: 0.1649467
	speed: 0.1778s/iter; left time: 799.9222s
	iters: 200, epoch: 9 | loss: 0.1043698
	speed: 0.0327s/iter; left time: 144.0174s
	iters: 300, epoch: 9 | loss: 0.0749212
	speed: 0.0330s/iter; left time: 141.9703s
	iters: 400, epoch: 9 | loss: 0.0859066
	speed: 0.0329s/iter; left time: 138.2830s
	iters: 500, epoch: 9 | loss: 0.0522665
	speed: 0.0335s/iter; left time: 137.1641s
	iters: 600, epoch: 9 | loss: 0.1016377
	speed: 0.0328s/iter; left time: 131.0619s
	iters: 700, epoch: 9 | loss: 0.0672330
	speed: 0.0340s/iter; left time: 132.3741s
	iters: 800, epoch: 9 | loss: 0.1114430
	speed: 0.0328s/iter; left time: 124.4616s
	iters: 900, epoch: 9 | loss: 0.0970749
	speed: 0.0339s/iter; left time: 125.3859s
	iters: 1000, epoch: 9 | loss: 0.2311607
	speed: 0.0380s/iter; left time: 136.6063s
	iters: 1100, epoch: 9 | loss: 0.0503246
	speed: 0.0342s/iter; left time: 119.5657s
	iters: 1200, epoch: 9 | loss: 0.0837050
	speed: 0.0351s/iter; left time: 119.2450s
	iters: 1300, epoch: 9 | loss: 0.0320641
	speed: 0.0334s/iter; left time: 110.2700s
	iters: 1400, epoch: 9 | loss: 0.0593262
	speed: 0.0338s/iter; left time: 107.9708s
	iters: 1500, epoch: 9 | loss: 0.0543757
	speed: 0.0328s/iter; left time: 101.7254s
	iters: 1600, epoch: 9 | loss: 0.0643563
	speed: 0.0332s/iter; left time: 99.6285s
	iters: 1700, epoch: 9 | loss: 0.0844519
	speed: 0.0345s/iter; left time: 100.1340s
	iters: 1800, epoch: 9 | loss: 0.0746357
	speed: 0.0334s/iter; left time: 93.4268s
	iters: 1900, epoch: 9 | loss: 0.1868423
	speed: 0.0337s/iter; left time: 90.8336s
	iters: 2000, epoch: 9 | loss: 0.0600821
	speed: 0.0337s/iter; left time: 87.6687s
	iters: 2100, epoch: 9 | loss: 0.0976260
	speed: 0.0329s/iter; left time: 82.1153s
	iters: 2200, epoch: 9 | loss: 0.1294223
	speed: 0.0344s/iter; left time: 82.4345s
Epoch: 9 cost time: 77.60477495193481
Epoch: 9, Steps: 2299 | Train Loss: 0.1483021 Vali Loss: 0.0817490 Test Loss: 0.0331966
EarlyStopping counter: 2 out of 15
Updating learning rate to 3.803140472118991e-05
	iters: 100, epoch: 10 | loss: 0.1174101
	speed: 0.1797s/iter; left time: 395.4488s
	iters: 200, epoch: 10 | loss: 0.0642859
	speed: 0.0327s/iter; left time: 68.7099s
	iters: 300, epoch: 10 | loss: 0.2183300
	speed: 0.0335s/iter; left time: 66.9434s
	iters: 400, epoch: 10 | loss: 0.1257131
	speed: 0.0341s/iter; left time: 64.7165s
	iters: 500, epoch: 10 | loss: 0.0658820
	speed: 0.0339s/iter; left time: 60.9378s
	iters: 600, epoch: 10 | loss: 0.1390095
	speed: 0.0330s/iter; left time: 56.0891s
	iters: 700, epoch: 10 | loss: 0.0928999
	speed: 0.0329s/iter; left time: 52.6844s
	iters: 800, epoch: 10 | loss: 0.0970967
	speed: 0.0335s/iter; left time: 50.2453s
	iters: 900, epoch: 10 | loss: 0.0486766
	speed: 0.0347s/iter; left time: 48.5741s
	iters: 1000, epoch: 10 | loss: 0.1564361
	speed: 0.0331s/iter; left time: 43.0466s
	iters: 1100, epoch: 10 | loss: 0.0457994
	speed: 0.0331s/iter; left time: 39.7207s
	iters: 1200, epoch: 10 | loss: 0.0582085
	speed: 0.0328s/iter; left time: 36.0673s
	iters: 1300, epoch: 10 | loss: 0.0800333
	speed: 0.0335s/iter; left time: 33.4516s
	iters: 1400, epoch: 10 | loss: 0.0469257
	speed: 0.0335s/iter; left time: 30.1874s
	iters: 1500, epoch: 10 | loss: 0.0726039
	speed: 0.0327s/iter; left time: 26.1822s
	iters: 1600, epoch: 10 | loss: 0.0751821
	speed: 0.0333s/iter; left time: 23.3392s
	iters: 1700, epoch: 10 | loss: 0.0715050
	speed: 0.0336s/iter; left time: 20.1766s
	iters: 1800, epoch: 10 | loss: 0.1102153
	speed: 0.0338s/iter; left time: 16.9230s
	iters: 1900, epoch: 10 | loss: 0.1573112
	speed: 0.0348s/iter; left time: 13.9157s
	iters: 2000, epoch: 10 | loss: 0.0478298
	speed: 0.0363s/iter; left time: 10.8782s
	iters: 2100, epoch: 10 | loss: 0.1325509
	speed: 0.0356s/iter; left time: 7.1132s
	iters: 2200, epoch: 10 | loss: 0.1210068
	speed: 0.0328s/iter; left time: 3.2825s
Epoch: 10 cost time: 77.5129132270813
Epoch: 10, Steps: 2299 | Train Loss: 0.1453424 Vali Loss: 0.0810285 Test Loss: 0.0328062
Validation loss decreased (0.033035 --> 0.032806).  Saving model ...
Updating learning rate to 4.00729424084425e-09
>>>>>>>testing : imputation_IMP_TimeMixer_Weather_mask0.375_none_TimeMixer_custom_sl96_pl0_dm16_nh8_el2_dl1_df32_fc1_ebtimeF_dtTrue_Imp_0<<<<<<<<<<<<<<<<<<<<<<<<<<<<<<<<<
test 10540
test shape: (10528, 96, 21) (10528, 96, 21)
mse:0.03266316279768944, mae:0.05102933943271637
