Args in experiment:
Namespace(activation='gelu', anomaly_ratio=0.25, batch_size=16, c_out=7, channel_independence=1, checkpoints='./checkpoints/', comment='none', d_ff=32, d_layers=1, d_model=16, data='ETTm1', data_path='ETTm1.csv', dec_in=7, decomp_method='moving_avg', des='Imp', devices='0,1', distil=True, down_sampling_layers=3, down_sampling_method='avg', down_sampling_window=2, drop_last=True, dropout=0.1, e_layers=2, embed='timeF', emissions_file='emissions.csv', emissions_output_dir='.', enc_in=7, factor=1, features='M', freq='h', gpu=0, inverse=False, is_training=1, itr=1, label_len=0, learning_rate=0.001, loss='MSE', lradj='TST', mask_rate=0.375, model='TimeMixer', model_id='IMP_TimeMixer_ETTm1_mask0.375', model_type='linear', moving_avg=25, n_heads=8, num_kernels=6, num_workers=0, output_attention=False, p_hidden_dims=[128, 128], p_hidden_layers=2, patience=15, pct_start=0.2, period_len=4, pred_len=0, root_path='C:\\Users\\bbbal\\OneDrive\\Masaüstü\\timemixer\\dataset\\ETT-small', seasonal_patterns='Monthly', seq_len=96, target='OT', task_name='imputation', top_k=5, track_emissions=0, train_epochs=10, use_amp=False, use_future_temporal_feature=0, use_gpu=True, use_multi_gpu=False, use_norm=1)
Use GPU: cuda:0
>>>>>>>start training : imputation_IMP_TimeMixer_ETTm1_mask0.375_none_TimeMixer_ETTm1_sl96_pl0_dm16_nh8_el2_dl1_df32_fc1_ebtimeF_dtTrue_Imp_0>>>>>>>>>>>>>>>>>>>>>>>>>>
train 34465
val 11521
test 11521
	iters: 100, epoch: 1 | loss: 0.4436708
	speed: 0.0694s/iter; left time: 1487.5304s
	iters: 200, epoch: 1 | loss: 0.3457391
	speed: 0.0359s/iter; left time: 765.1747s
	iters: 300, epoch: 1 | loss: 0.2908393
	speed: 0.0360s/iter; left time: 765.5347s
	iters: 400, epoch: 1 | loss: 0.1211666
	speed: 0.0364s/iter; left time: 768.7777s
	iters: 500, epoch: 1 | loss: 0.1069026
	speed: 0.0353s/iter; left time: 742.0179s
	iters: 600, epoch: 1 | loss: 0.0991906
	speed: 0.0359s/iter; left time: 751.2768s
	iters: 700, epoch: 1 | loss: 0.0924839
	speed: 0.0367s/iter; left time: 765.4700s
	iters: 800, epoch: 1 | loss: 0.0902112
	speed: 0.0357s/iter; left time: 740.6902s
	iters: 900, epoch: 1 | loss: 0.0787814
	speed: 0.0358s/iter; left time: 738.9559s
	iters: 1000, epoch: 1 | loss: 0.0881085
	speed: 0.0368s/iter; left time: 755.8632s
	iters: 1100, epoch: 1 | loss: 0.0934270
	speed: 0.0360s/iter; left time: 736.8962s
	iters: 1200, epoch: 1 | loss: 0.0691640
	speed: 0.0370s/iter; left time: 751.9691s
	iters: 1300, epoch: 1 | loss: 0.0738972
	speed: 0.0358s/iter; left time: 724.4977s
	iters: 1400, epoch: 1 | loss: 0.0726845
	speed: 0.0370s/iter; left time: 744.4489s
	iters: 1500, epoch: 1 | loss: 0.0712294
	speed: 0.0382s/iter; left time: 766.1508s
	iters: 1600, epoch: 1 | loss: 0.0807762
	speed: 0.0364s/iter; left time: 726.7092s
	iters: 1700, epoch: 1 | loss: 0.0667210
	speed: 0.0361s/iter; left time: 715.9919s
	iters: 1800, epoch: 1 | loss: 0.0469405
	speed: 0.0371s/iter; left time: 732.7832s
	iters: 1900, epoch: 1 | loss: 0.0567669
	speed: 0.0361s/iter; left time: 709.9669s
	iters: 2000, epoch: 1 | loss: 0.0678657
	speed: 0.0362s/iter; left time: 707.2669s
	iters: 2100, epoch: 1 | loss: 0.0540228
	speed: 0.0370s/iter; left time: 719.7989s
Epoch: 1 cost time: 81.64928770065308
Epoch: 1, Steps: 2154 | Train Loss: 0.1430953 Vali Loss: 0.0759865 Test Loss: 0.0740615
Validation loss decreased (inf --> 0.074062).  Saving model ...
Updating learning rate to 0.0005201750597214178
	iters: 100, epoch: 2 | loss: 0.0408568
	speed: 0.2241s/iter; left time: 4322.2669s
	iters: 200, epoch: 2 | loss: 0.0548486
	speed: 0.0397s/iter; left time: 760.8721s
	iters: 300, epoch: 2 | loss: 0.0598566
	speed: 0.0361s/iter; left time: 688.8811s
	iters: 400, epoch: 2 | loss: 0.0524646
	speed: 0.0368s/iter; left time: 698.2864s
	iters: 500, epoch: 2 | loss: 0.0430647
	speed: 0.0372s/iter; left time: 702.7441s
	iters: 600, epoch: 2 | loss: 0.0597508
	speed: 0.0357s/iter; left time: 670.5275s
	iters: 700, epoch: 2 | loss: 0.0500277
	speed: 0.0358s/iter; left time: 668.6292s
	iters: 800, epoch: 2 | loss: 0.0573179
	speed: 0.0367s/iter; left time: 682.3216s
	iters: 900, epoch: 2 | loss: 0.0677978
	speed: 0.0362s/iter; left time: 670.1170s
	iters: 1000, epoch: 2 | loss: 0.0463472
	speed: 0.0373s/iter; left time: 685.1954s
	iters: 1100, epoch: 2 | loss: 0.0525163
	speed: 0.0381s/iter; left time: 695.8499s
	iters: 1200, epoch: 2 | loss: 0.0446712
	speed: 0.0359s/iter; left time: 653.0325s
	iters: 1300, epoch: 2 | loss: 0.0517505
	speed: 0.0360s/iter; left time: 651.3697s
	iters: 1400, epoch: 2 | loss: 0.0530139
	speed: 0.0377s/iter; left time: 677.7218s
	iters: 1500, epoch: 2 | loss: 0.0611665
	speed: 0.0363s/iter; left time: 648.5620s
	iters: 1600, epoch: 2 | loss: 0.0445088
	speed: 0.0359s/iter; left time: 639.4406s
	iters: 1700, epoch: 2 | loss: 0.0582064
	speed: 0.0385s/iter; left time: 680.3593s
	iters: 1800, epoch: 2 | loss: 0.0537057
	speed: 0.0378s/iter; left time: 664.0156s
	iters: 1900, epoch: 2 | loss: 0.0613342
	speed: 0.0380s/iter; left time: 664.3191s
	iters: 2000, epoch: 2 | loss: 0.0453474
	speed: 0.0367s/iter; left time: 637.4306s
	iters: 2100, epoch: 2 | loss: 0.0422669
	speed: 0.0370s/iter; left time: 640.2133s
Epoch: 2 cost time: 79.45901870727539
Epoch: 2, Steps: 2154 | Train Loss: 0.0532834 Vali Loss: 0.0631932 Test Loss: 0.0589987
Validation loss decreased (0.074062 --> 0.058999).  Saving model ...
Updating learning rate to 0.0009999999916906579
	iters: 100, epoch: 3 | loss: 0.0508119
	speed: 0.2295s/iter; left time: 3931.2297s
	iters: 200, epoch: 3 | loss: 0.0419364
	speed: 0.0382s/iter; left time: 651.1001s
	iters: 300, epoch: 3 | loss: 0.0384455
	speed: 0.0362s/iter; left time: 613.6314s
	iters: 400, epoch: 3 | loss: 0.0496257
	speed: 0.0359s/iter; left time: 604.3556s
	iters: 500, epoch: 3 | loss: 0.0639179
	speed: 0.0366s/iter; left time: 612.8141s
	iters: 600, epoch: 3 | loss: 0.0414094
	speed: 0.0356s/iter; left time: 591.4378s
	iters: 700, epoch: 3 | loss: 0.0416188
	speed: 0.0360s/iter; left time: 595.0655s
	iters: 800, epoch: 3 | loss: 0.0447865
	speed: 0.0363s/iter; left time: 596.5232s
	iters: 900, epoch: 3 | loss: 0.0480120
	speed: 0.0357s/iter; left time: 583.0440s
	iters: 1000, epoch: 3 | loss: 0.0569336
	speed: 0.0360s/iter; left time: 584.7587s
	iters: 1100, epoch: 3 | loss: 0.0449177
	speed: 0.0364s/iter; left time: 586.5640s
	iters: 1200, epoch: 3 | loss: 0.0558634
	speed: 0.0360s/iter; left time: 577.6598s
	iters: 1300, epoch: 3 | loss: 0.0406465
	speed: 0.0376s/iter; left time: 598.5597s
	iters: 1400, epoch: 3 | loss: 0.0573959
	speed: 0.0371s/iter; left time: 587.1107s
	iters: 1500, epoch: 3 | loss: 0.0360766
	speed: 0.0364s/iter; left time: 572.1130s
	iters: 1600, epoch: 3 | loss: 0.0597143
	speed: 0.0381s/iter; left time: 595.2194s
	iters: 1700, epoch: 3 | loss: 0.0523784
	speed: 0.0372s/iter; left time: 577.1896s
	iters: 1800, epoch: 3 | loss: 0.0458776
	speed: 0.0351s/iter; left time: 542.4212s
	iters: 1900, epoch: 3 | loss: 0.0370728
	speed: 0.0369s/iter; left time: 565.3955s
	iters: 2000, epoch: 3 | loss: 0.0502880
	speed: 0.0357s/iter; left time: 543.5401s
	iters: 2100, epoch: 3 | loss: 0.0402614
	speed: 0.0365s/iter; left time: 552.9205s
Epoch: 3 cost time: 78.66427445411682
Epoch: 3, Steps: 2154 | Train Loss: 0.0470832 Vali Loss: 0.0583017 Test Loss: 0.0523147
Validation loss decreased (0.058999 --> 0.052315).  Saving model ...
Updating learning rate to 0.0009619050271543523
	iters: 100, epoch: 4 | loss: 0.0357466
	speed: 0.2308s/iter; left time: 3457.8956s
	iters: 200, epoch: 4 | loss: 0.0397101
	speed: 0.0366s/iter; left time: 544.8610s
	iters: 300, epoch: 4 | loss: 0.0440920
	speed: 0.0357s/iter; left time: 527.8401s
	iters: 400, epoch: 4 | loss: 0.0399527
	speed: 0.0376s/iter; left time: 552.0657s
	iters: 500, epoch: 4 | loss: 0.0408511
	speed: 0.0351s/iter; left time: 512.0171s
	iters: 600, epoch: 4 | loss: 0.0479179
	speed: 0.0385s/iter; left time: 557.9632s
	iters: 700, epoch: 4 | loss: 0.0442051
	speed: 0.0382s/iter; left time: 549.4600s
	iters: 800, epoch: 4 | loss: 0.0503197
	speed: 0.0366s/iter; left time: 523.2329s
	iters: 900, epoch: 4 | loss: 0.0454357
	speed: 0.0399s/iter; left time: 565.5504s
	iters: 1000, epoch: 4 | loss: 0.0320522
	speed: 0.0371s/iter; left time: 522.7933s
	iters: 1100, epoch: 4 | loss: 0.0456786
	speed: 0.0365s/iter; left time: 509.9668s
	iters: 1200, epoch: 4 | loss: 0.0484984
	speed: 0.0369s/iter; left time: 511.6686s
	iters: 1300, epoch: 4 | loss: 0.0500400
	speed: 0.0364s/iter; left time: 501.9178s
	iters: 1400, epoch: 4 | loss: 0.0399292
	speed: 0.0354s/iter; left time: 484.7931s
	iters: 1500, epoch: 4 | loss: 0.0397829
	speed: 0.0374s/iter; left time: 507.6529s
	iters: 1600, epoch: 4 | loss: 0.0390323
	speed: 0.0359s/iter; left time: 484.1562s
	iters: 1700, epoch: 4 | loss: 0.0374532
	speed: 0.0353s/iter; left time: 472.2851s
	iters: 1800, epoch: 4 | loss: 0.0392002
	speed: 0.0372s/iter; left time: 493.9979s
	iters: 1900, epoch: 4 | loss: 0.0471718
	speed: 0.0362s/iter; left time: 476.8131s
	iters: 2000, epoch: 4 | loss: 0.0399132
	speed: 0.0392s/iter; left time: 512.1656s
	iters: 2100, epoch: 4 | loss: 0.0411888
	speed: 0.0374s/iter; left time: 485.4516s
Epoch: 4 cost time: 79.61814332008362
Epoch: 4, Steps: 2154 | Train Loss: 0.0441697 Vali Loss: 0.0569798 Test Loss: 0.0515038
Validation loss decreased (0.052315 --> 0.051504).  Saving model ...
Updating learning rate to 0.0008534895138951646
	iters: 100, epoch: 5 | loss: 0.0376373
	speed: 0.2313s/iter; left time: 2966.7153s
	iters: 200, epoch: 5 | loss: 0.0376097
	speed: 0.0372s/iter; left time: 473.1648s
	iters: 300, epoch: 5 | loss: 0.0557853
	speed: 0.0354s/iter; left time: 447.0222s
	iters: 400, epoch: 5 | loss: 0.0359526
	speed: 0.0371s/iter; left time: 465.2387s
	iters: 500, epoch: 5 | loss: 0.0449715
	speed: 0.0393s/iter; left time: 488.3927s
	iters: 600, epoch: 5 | loss: 0.0443710
	speed: 0.0356s/iter; left time: 439.1993s
	iters: 700, epoch: 5 | loss: 0.0369330
	speed: 0.0363s/iter; left time: 443.7226s
	iters: 800, epoch: 5 | loss: 0.0337519
	speed: 0.0374s/iter; left time: 453.5821s
	iters: 900, epoch: 5 | loss: 0.0464957
	speed: 0.0355s/iter; left time: 426.8548s
	iters: 1000, epoch: 5 | loss: 0.0349157
	speed: 0.0372s/iter; left time: 443.2831s
	iters: 1100, epoch: 5 | loss: 0.0431673
	speed: 0.0362s/iter; left time: 427.8416s
	iters: 1200, epoch: 5 | loss: 0.0403677
	speed: 0.0359s/iter; left time: 420.4995s
	iters: 1300, epoch: 5 | loss: 0.0450792
	speed: 0.0386s/iter; left time: 449.1843s
	iters: 1400, epoch: 5 | loss: 0.0455749
	speed: 0.0370s/iter; left time: 426.4375s
	iters: 1500, epoch: 5 | loss: 0.0432449
	speed: 0.0394s/iter; left time: 450.4655s
	iters: 1600, epoch: 5 | loss: 0.0464932
	speed: 0.0371s/iter; left time: 419.6455s
	iters: 1700, epoch: 5 | loss: 0.0337236
	speed: 0.0376s/iter; left time: 421.6712s
	iters: 1800, epoch: 5 | loss: 0.0429545
	speed: 0.0364s/iter; left time: 404.5366s
	iters: 1900, epoch: 5 | loss: 0.0335099
	speed: 0.0358s/iter; left time: 395.1330s
	iters: 2000, epoch: 5 | loss: 0.0337541
	speed: 0.0381s/iter; left time: 416.7774s
	iters: 2100, epoch: 5 | loss: 0.0607990
	speed: 0.0381s/iter; left time: 411.9169s
Epoch: 5 cost time: 79.82443404197693
Epoch: 5, Steps: 2154 | Train Loss: 0.0425952 Vali Loss: 0.0563826 Test Loss: 0.0511287
Validation loss decreased (0.051504 --> 0.051129).  Saving model ...
Updating learning rate to 0.0006912587310177311
	iters: 100, epoch: 6 | loss: 0.0445796
	speed: 0.2286s/iter; left time: 2439.0641s
	iters: 200, epoch: 6 | loss: 0.0384112
	speed: 0.0378s/iter; left time: 399.2951s
	iters: 300, epoch: 6 | loss: 0.0424833
	speed: 0.0356s/iter; left time: 372.7965s
	iters: 400, epoch: 6 | loss: 0.0570676
	speed: 0.0366s/iter; left time: 379.7025s
	iters: 500, epoch: 6 | loss: 0.0469816
	speed: 0.0391s/iter; left time: 401.6817s
	iters: 600, epoch: 6 | loss: 0.0374412
	speed: 0.0370s/iter; left time: 375.9804s
	iters: 700, epoch: 6 | loss: 0.0438596
	speed: 0.0392s/iter; left time: 394.8015s
	iters: 800, epoch: 6 | loss: 0.0355913
	speed: 0.0420s/iter; left time: 419.2411s
	iters: 900, epoch: 6 | loss: 0.0428949
	speed: 0.0406s/iter; left time: 401.0903s
	iters: 1000, epoch: 6 | loss: 0.0422301
	speed: 0.0364s/iter; left time: 355.8494s
	iters: 1100, epoch: 6 | loss: 0.0391528
	speed: 0.0399s/iter; left time: 385.4971s
	iters: 1200, epoch: 6 | loss: 0.0404672
	speed: 0.0408s/iter; left time: 390.4136s
	iters: 1300, epoch: 6 | loss: 0.0425782
	speed: 0.0358s/iter; left time: 339.2467s
	iters: 1400, epoch: 6 | loss: 0.0428672
	speed: 0.0418s/iter; left time: 391.9942s
	iters: 1500, epoch: 6 | loss: 0.0445774
	speed: 0.0364s/iter; left time: 337.1610s
	iters: 1600, epoch: 6 | loss: 0.0355376
	speed: 0.0369s/iter; left time: 338.3794s
	iters: 1700, epoch: 6 | loss: 0.0476448
	speed: 0.0373s/iter; left time: 338.3244s
	iters: 1800, epoch: 6 | loss: 0.0565685
	speed: 0.0385s/iter; left time: 345.1191s
	iters: 1900, epoch: 6 | loss: 0.0368422
	speed: 0.0380s/iter; left time: 337.0802s
	iters: 2000, epoch: 6 | loss: 0.0409627
	speed: 0.0378s/iter; left time: 331.7850s
	iters: 2100, epoch: 6 | loss: 0.0377060
	speed: 0.0377s/iter; left time: 326.7154s
Epoch: 6 cost time: 82.29005336761475
Epoch: 6, Steps: 2154 | Train Loss: 0.0416062 Vali Loss: 0.0566653 Test Loss: 0.0509715
Validation loss decreased (0.051129 --> 0.050971).  Saving model ...
Updating learning rate to 0.0004999108445894319
	iters: 100, epoch: 7 | loss: 0.0366066
	speed: 0.2456s/iter; left time: 2091.7554s
	iters: 200, epoch: 7 | loss: 0.0458334
	speed: 0.0351s/iter; left time: 295.0277s
	iters: 300, epoch: 7 | loss: 0.0325750
	speed: 0.0370s/iter; left time: 307.4799s
	iters: 400, epoch: 7 | loss: 0.0428651
	speed: 0.0372s/iter; left time: 305.6023s
	iters: 500, epoch: 7 | loss: 0.0395597
	speed: 0.0378s/iter; left time: 307.1282s
	iters: 600, epoch: 7 | loss: 0.0324530
	speed: 0.0384s/iter; left time: 307.5933s
	iters: 700, epoch: 7 | loss: 0.0420465
	speed: 0.0393s/iter; left time: 311.4371s
	iters: 800, epoch: 7 | loss: 0.0351882
	speed: 0.0381s/iter; left time: 298.0717s
	iters: 900, epoch: 7 | loss: 0.0444866
	speed: 0.0386s/iter; left time: 297.8078s
	iters: 1000, epoch: 7 | loss: 0.0273464
	speed: 0.0376s/iter; left time: 286.5498s
	iters: 1100, epoch: 7 | loss: 0.0470312
	speed: 0.0371s/iter; left time: 278.8641s
	iters: 1200, epoch: 7 | loss: 0.0385368
	speed: 0.0379s/iter; left time: 281.1611s
	iters: 1300, epoch: 7 | loss: 0.0441000
	speed: 0.0376s/iter; left time: 274.7583s
	iters: 1400, epoch: 7 | loss: 0.0467261
	speed: 0.0362s/iter; left time: 261.3005s
	iters: 1500, epoch: 7 | loss: 0.0392718
	speed: 0.0387s/iter; left time: 275.1649s
	iters: 1600, epoch: 7 | loss: 0.0325073
	speed: 0.0397s/iter; left time: 278.3862s
	iters: 1700, epoch: 7 | loss: 0.0398748
	speed: 0.0378s/iter; left time: 261.7212s
	iters: 1800, epoch: 7 | loss: 0.0454095
	speed: 0.0370s/iter; left time: 252.5564s
	iters: 1900, epoch: 7 | loss: 0.0386124
	speed: 0.0412s/iter; left time: 276.9460s
	iters: 2000, epoch: 7 | loss: 0.0460055
	speed: 0.0362s/iter; left time: 239.4157s
	iters: 2100, epoch: 7 | loss: 0.0399305
	speed: 0.0389s/iter; left time: 253.4435s
Epoch: 7 cost time: 81.72657704353333
Epoch: 7, Steps: 2154 | Train Loss: 0.0410046 Vali Loss: 0.0553128 Test Loss: 0.0496376
Validation loss decreased (0.050971 --> 0.049638).  Saving model ...
Updating learning rate to 0.00030857683574606596
	iters: 100, epoch: 8 | loss: 0.0375844
	speed: 0.2349s/iter; left time: 1494.3866s
	iters: 200, epoch: 8 | loss: 0.0342096
	speed: 0.0379s/iter; left time: 237.2206s
	iters: 300, epoch: 8 | loss: 0.0383111
	speed: 0.0382s/iter; left time: 235.5809s
	iters: 400, epoch: 8 | loss: 0.0346139
	speed: 0.0370s/iter; left time: 224.0938s
	iters: 500, epoch: 8 | loss: 0.0367960
	speed: 0.0390s/iter; left time: 232.2859s
	iters: 600, epoch: 8 | loss: 0.0436551
	speed: 0.0392s/iter; left time: 229.8542s
	iters: 700, epoch: 8 | loss: 0.0299307
	speed: 0.0393s/iter; left time: 226.3498s
	iters: 800, epoch: 8 | loss: 0.0389664
	speed: 0.0412s/iter; left time: 233.2406s
	iters: 900, epoch: 8 | loss: 0.0405085
	speed: 0.0385s/iter; left time: 214.0497s
	iters: 1000, epoch: 8 | loss: 0.0366453
	speed: 0.0386s/iter; left time: 211.0460s
	iters: 1100, epoch: 8 | loss: 0.0432499
	speed: 0.0365s/iter; left time: 195.5012s
	iters: 1200, epoch: 8 | loss: 0.0377525
	speed: 0.0390s/iter; left time: 205.3465s
	iters: 1300, epoch: 8 | loss: 0.0403319
	speed: 0.0396s/iter; left time: 204.6059s
	iters: 1400, epoch: 8 | loss: 0.0344366
	speed: 0.0377s/iter; left time: 190.9042s
	iters: 1500, epoch: 8 | loss: 0.0466042
	speed: 0.0383s/iter; left time: 190.2610s
	iters: 1600, epoch: 8 | loss: 0.0288410
	speed: 0.0389s/iter; left time: 189.2859s
	iters: 1700, epoch: 8 | loss: 0.0284446
	speed: 0.0355s/iter; left time: 168.8569s
	iters: 1800, epoch: 8 | loss: 0.0466607
	speed: 0.0395s/iter; left time: 184.3350s
	iters: 1900, epoch: 8 | loss: 0.0345931
	speed: 0.0382s/iter; left time: 174.4948s
	iters: 2000, epoch: 8 | loss: 0.0486565
	speed: 0.0385s/iter; left time: 171.9557s
	iters: 2100, epoch: 8 | loss: 0.0332045
	speed: 0.0392s/iter; left time: 171.1148s
Epoch: 8 cost time: 82.83005595207214
Epoch: 8, Steps: 2154 | Train Loss: 0.0403841 Vali Loss: 0.0549245 Test Loss: 0.0494419
Validation loss decreased (0.049638 --> 0.049442).  Saving model ...
Updating learning rate to 0.00014638557288692642
	iters: 100, epoch: 9 | loss: 0.0344164
	speed: 0.2371s/iter; left time: 997.9219s
	iters: 200, epoch: 9 | loss: 0.0432371
	speed: 0.0381s/iter; left time: 156.7462s
	iters: 300, epoch: 9 | loss: 0.0375171
	speed: 0.0380s/iter; left time: 152.2625s
	iters: 400, epoch: 9 | loss: 0.0401567
	speed: 0.0384s/iter; left time: 150.1083s
	iters: 500, epoch: 9 | loss: 0.0308590
	speed: 0.0373s/iter; left time: 142.2456s
	iters: 600, epoch: 9 | loss: 0.0390089
	speed: 0.0378s/iter; left time: 140.0323s
	iters: 700, epoch: 9 | loss: 0.0390380
	speed: 0.0396s/iter; left time: 142.7745s
	iters: 800, epoch: 9 | loss: 0.0394306
	speed: 0.0374s/iter; left time: 131.2230s
	iters: 900, epoch: 9 | loss: 0.0388408
	speed: 0.0411s/iter; left time: 140.1813s
	iters: 1000, epoch: 9 | loss: 0.0371617
	speed: 0.0381s/iter; left time: 125.9934s
	iters: 1100, epoch: 9 | loss: 0.0288305
	speed: 0.0364s/iter; left time: 116.9559s
	iters: 1200, epoch: 9 | loss: 0.0382920
	speed: 0.0392s/iter; left time: 122.0232s
	iters: 1300, epoch: 9 | loss: 0.0343517
	speed: 0.0395s/iter; left time: 118.7521s
	iters: 1400, epoch: 9 | loss: 0.0367270
	speed: 0.0374s/iter; left time: 108.6713s
	iters: 1500, epoch: 9 | loss: 0.0426706
	speed: 0.0405s/iter; left time: 113.7020s
	iters: 1600, epoch: 9 | loss: 0.0407979
	speed: 0.0406s/iter; left time: 109.9083s
	iters: 1700, epoch: 9 | loss: 0.0478875
	speed: 0.0389s/iter; left time: 101.4372s
	iters: 1800, epoch: 9 | loss: 0.0340435
	speed: 0.0417s/iter; left time: 104.6562s
	iters: 1900, epoch: 9 | loss: 0.0393378
	speed: 0.0381s/iter; left time: 91.7938s
	iters: 2000, epoch: 9 | loss: 0.0345983
	speed: 0.0416s/iter; left time: 96.0925s
	iters: 2100, epoch: 9 | loss: 0.0524814
	speed: 0.0403s/iter; left time: 88.9962s
Epoch: 9 cost time: 83.82006406784058
Epoch: 9, Steps: 2154 | Train Loss: 0.0401473 Vali Loss: 0.0540698 Test Loss: 0.0486970
Validation loss decreased (0.049442 --> 0.048697).  Saving model ...
Updating learning rate to 3.802920551485804e-05
	iters: 100, epoch: 10 | loss: 0.0467534
	speed: 0.2423s/iter; left time: 497.8772s
	iters: 200, epoch: 10 | loss: 0.0438684
	speed: 0.0383s/iter; left time: 74.8500s
	iters: 300, epoch: 10 | loss: 0.0311627
	speed: 0.0377s/iter; left time: 69.9810s
	iters: 400, epoch: 10 | loss: 0.0358466
	speed: 0.0385s/iter; left time: 67.6498s
	iters: 500, epoch: 10 | loss: 0.0346491
	speed: 0.0396s/iter; left time: 65.4899s
	iters: 600, epoch: 10 | loss: 0.0332204
	speed: 0.0403s/iter; left time: 62.7378s
	iters: 700, epoch: 10 | loss: 0.0406437
	speed: 0.0387s/iter; left time: 56.2997s
	iters: 800, epoch: 10 | loss: 0.0414901
	speed: 0.0391s/iter; left time: 52.9793s
	iters: 900, epoch: 10 | loss: 0.0378738
	speed: 0.0395s/iter; left time: 49.6046s
	iters: 1000, epoch: 10 | loss: 0.0474135
	speed: 0.0367s/iter; left time: 42.3806s
	iters: 1100, epoch: 10 | loss: 0.0431144
	speed: 0.0378s/iter; left time: 39.8625s
	iters: 1200, epoch: 10 | loss: 0.0448614
	speed: 0.0401s/iter; left time: 38.3030s
	iters: 1300, epoch: 10 | loss: 0.0374436
	speed: 0.0394s/iter; left time: 33.6667s
	iters: 1400, epoch: 10 | loss: 0.0488322
	speed: 0.0385s/iter; left time: 29.0882s
	iters: 1500, epoch: 10 | loss: 0.0400370
	speed: 0.0416s/iter; left time: 27.2368s
	iters: 1600, epoch: 10 | loss: 0.0427282
	speed: 0.0388s/iter; left time: 21.5249s
	iters: 1700, epoch: 10 | loss: 0.0405925
	speed: 0.0394s/iter; left time: 17.9095s
	iters: 1800, epoch: 10 | loss: 0.0394991
	speed: 0.0388s/iter; left time: 13.7589s
	iters: 1900, epoch: 10 | loss: 0.0417655
	speed: 0.0377s/iter; left time: 9.6242s
	iters: 2000, epoch: 10 | loss: 0.0384060
	speed: 0.0381s/iter; left time: 5.8983s
	iters: 2100, epoch: 10 | loss: 0.0386729
	speed: 0.0329s/iter; left time: 1.8089s
Epoch: 10 cost time: 82.93129301071167
Epoch: 10, Steps: 2154 | Train Loss: 0.0399047 Vali Loss: 0.0542332 Test Loss: 0.0485993
Validation loss decreased (0.048697 --> 0.048599).  Saving model ...
Updating learning rate to 4.008309342172464e-09
>>>>>>>testing : imputation_IMP_TimeMixer_ETTm1_mask0.375_none_TimeMixer_ETTm1_sl96_pl0_dm16_nh8_el2_dl1_df32_fc1_ebtimeF_dtTrue_Imp_0<<<<<<<<<<<<<<<<<<<<<<<<<<<<<<<<<
test 11521
test shape: (11520, 96, 7) (11520, 96, 7)
mse:0.04869285598397255, mae:0.13879549503326416
