Args in experiment:
Namespace(activation='gelu', anomaly_ratio=0.25, batch_size=16, c_out=7, channel_independence=1, checkpoints='./checkpoints/', comment='none', d_ff=32, d_layers=1, d_model=16, data='ETTh1', data_path='ETTh1.csv', dec_in=7, decomp_method='moving_avg', des='Imp', devices='0,1', distil=True, down_sampling_layers=3, down_sampling_method='avg', down_sampling_window=2, drop_last=True, dropout=0.1, e_layers=2, embed='timeF', emissions_file='emissions.csv', emissions_output_dir='.', enc_in=7, factor=1, features='M', freq='h', gpu=0, inverse=False, is_training=1, itr=1, label_len=0, learning_rate=0.001, loss='MSE', lradj='TST', mask_rate=0.125, model='TimeMixer', model_id='IMP_TimeMixer_ETTh1_mask0.125', model_type='linear', moving_avg=25, n_heads=8, num_kernels=6, num_workers=0, output_attention=False, p_hidden_dims=[128, 128], p_hidden_layers=2, patience=15, pct_start=0.2, period_len=24, pred_len=0, root_path='C:\\Users\\bbbal\\OneDrive\\Masaüstü\\timemixer\\dataset\\ETT-small', seasonal_patterns='Monthly', seq_len=96, target='OT', task_name='imputation', top_k=5, track_emissions=0, train_epochs=10, use_amp=False, use_future_temporal_feature=0, use_gpu=True, use_multi_gpu=False, use_norm=1)
Use GPU: cuda:0
>>>>>>>start training : imputation_IMP_TimeMixer_ETTh1_mask0.125_none_TimeMixer_ETTh1_sl96_pl0_dm16_nh8_el2_dl1_df32_fc1_ebtimeF_dtTrue_Imp_0>>>>>>>>>>>>>>>>>>>>>>>>>>
train 8545
val 2881
test 2881
	iters: 100, epoch: 1 | loss: 0.7233533
	speed: 0.0993s/iter; left time: 520.4829s
	iters: 200, epoch: 1 | loss: 0.3629105
	speed: 0.0357s/iter; left time: 183.4963s
	iters: 300, epoch: 1 | loss: 0.1228648
	speed: 0.0368s/iter; left time: 185.6932s
	iters: 400, epoch: 1 | loss: 0.1246276
	speed: 0.0368s/iter; left time: 181.8817s
	iters: 500, epoch: 1 | loss: 0.1244140
	speed: 0.0431s/iter; left time: 208.4976s
Epoch: 1 cost time: 26.598864316940308
Epoch: 1, Steps: 534 | Train Loss: 0.3583487 Vali Loss: 0.1321710 Test Loss: 0.1195668
Validation loss decreased (inf --> 0.119567).  Saving model ...
Updating learning rate to 0.0005207066372675873
	iters: 100, epoch: 2 | loss: 0.1088471
	speed: 0.1111s/iter; left time: 523.1688s
	iters: 200, epoch: 2 | loss: 0.0875527
	speed: 0.0374s/iter; left time: 172.4753s
	iters: 300, epoch: 2 | loss: 0.0835536
	speed: 0.0366s/iter; left time: 165.0317s
	iters: 400, epoch: 2 | loss: 0.1045391
	speed: 0.0357s/iter; left time: 157.2602s
	iters: 500, epoch: 2 | loss: 0.0990933
	speed: 0.0350s/iter; left time: 150.8450s
Epoch: 2 cost time: 20.290084838867188
Epoch: 2, Steps: 534 | Train Loss: 0.1002296 Vali Loss: 0.1220818 Test Loss: 0.1107170
Validation loss decreased (0.119567 --> 0.110717).  Saving model ...
Updating learning rate to 0.0009999998648003681
	iters: 100, epoch: 3 | loss: 0.1103320
	speed: 0.0945s/iter; left time: 394.2749s
	iters: 200, epoch: 3 | loss: 0.0853501
	speed: 0.0377s/iter; left time: 153.4387s
	iters: 300, epoch: 3 | loss: 0.0884416
	speed: 0.0367s/iter; left time: 145.8564s
	iters: 400, epoch: 3 | loss: 0.0738028
	speed: 0.0362s/iter; left time: 140.2550s
	iters: 500, epoch: 3 | loss: 0.0794676
	speed: 0.0438s/iter; left time: 165.2643s
Epoch: 3 cost time: 20.338338136672974
Epoch: 3, Steps: 534 | Train Loss: 0.0946989 Vali Loss: 0.1141472 Test Loss: 0.1071390
Validation loss decreased (0.110717 --> 0.107139).  Saving model ...
Updating learning rate to 0.0009617990830848397
	iters: 100, epoch: 4 | loss: 0.0950814
	speed: 0.1026s/iter; left time: 373.3298s
	iters: 200, epoch: 4 | loss: 0.0931749
	speed: 0.0431s/iter; left time: 152.5397s
	iters: 300, epoch: 4 | loss: 0.0719374
	speed: 0.0484s/iter; left time: 166.5589s
	iters: 400, epoch: 4 | loss: 0.0892710
	speed: 0.0471s/iter; left time: 157.2664s
	iters: 500, epoch: 4 | loss: 0.0663297
	speed: 0.0444s/iter; left time: 143.7526s
Epoch: 4 cost time: 24.145734548568726
Epoch: 4, Steps: 534 | Train Loss: 0.0917198 Vali Loss: 0.1115696 Test Loss: 0.1011292
Validation loss decreased (0.107139 --> 0.101129).  Saving model ...
Updating learning rate to 0.0008532938816706273
	iters: 100, epoch: 5 | loss: 0.0930344
	speed: 0.1055s/iter; left time: 327.5564s
	iters: 200, epoch: 5 | loss: 0.0958625
	speed: 0.0449s/iter; left time: 134.8519s
	iters: 300, epoch: 5 | loss: 0.1002179
	speed: 0.0419s/iter; left time: 121.6813s
	iters: 400, epoch: 5 | loss: 0.0789166
	speed: 0.0438s/iter; left time: 122.7838s
	iters: 500, epoch: 5 | loss: 0.0863853
	speed: 0.0471s/iter; left time: 127.4282s
Epoch: 5 cost time: 23.87540340423584
Epoch: 5, Steps: 534 | Train Loss: 0.0896952 Vali Loss: 0.1119735 Test Loss: 0.1009673
Validation loss decreased (0.101129 --> 0.100967).  Saving model ...
Updating learning rate to 0.0006910031938709443
	iters: 100, epoch: 6 | loss: 0.0899416
	speed: 0.1607s/iter; left time: 413.0692s
	iters: 200, epoch: 6 | loss: 0.0792384
	speed: 0.1202s/iter; left time: 297.0708s
	iters: 300, epoch: 6 | loss: 0.0754022
	speed: 0.0989s/iter; left time: 234.5251s
	iters: 400, epoch: 6 | loss: 0.1079575
	speed: 0.0440s/iter; left time: 99.8337s
	iters: 500, epoch: 6 | loss: 0.0844629
	speed: 0.0405s/iter; left time: 87.9544s
Epoch: 6 cost time: 40.97566533088684
Epoch: 6, Steps: 534 | Train Loss: 0.0888231 Vali Loss: 0.1090494 Test Loss: 0.0999607
Validation loss decreased (0.100967 --> 0.099961).  Saving model ...
Updating learning rate to 0.0004996343057345438
	iters: 100, epoch: 7 | loss: 0.0833460
	speed: 0.1321s/iter; left time: 269.0873s
	iters: 200, epoch: 7 | loss: 0.1026591
	speed: 0.0427s/iter; left time: 82.7533s
	iters: 300, epoch: 7 | loss: 0.0941015
	speed: 0.0413s/iter; left time: 75.9057s
	iters: 400, epoch: 7 | loss: 0.1051830
	speed: 0.0398s/iter; left time: 69.1794s
	iters: 500, epoch: 7 | loss: 0.0913532
	speed: 0.0415s/iter; left time: 67.9656s
Epoch: 7 cost time: 22.346452951431274
Epoch: 7, Steps: 534 | Train Loss: 0.0881434 Vali Loss: 0.1072520 Test Loss: 0.0975347
Validation loss decreased (0.099961 --> 0.097535).  Saving model ...
Updating learning rate to 0.0003083213957169024
	iters: 100, epoch: 8 | loss: 0.0927060
	speed: 0.1043s/iter; left time: 156.7304s
	iters: 200, epoch: 8 | loss: 0.0968940
	speed: 0.0556s/iter; left time: 78.0548s
	iters: 300, epoch: 8 | loss: 0.0856754
	speed: 0.0504s/iter; left time: 65.7104s
	iters: 400, epoch: 8 | loss: 0.0720425
	speed: 0.0497s/iter; left time: 59.7736s
	iters: 500, epoch: 8 | loss: 0.0700279
	speed: 0.0554s/iter; left time: 61.0885s
Epoch: 8 cost time: 26.40097737312317
Epoch: 8, Steps: 534 | Train Loss: 0.0868831 Vali Loss: 0.1077252 Test Loss: 0.0968440
Validation loss decreased (0.097535 --> 0.096844).  Saving model ...
Updating learning rate to 0.00014619012011235773
	iters: 100, epoch: 9 | loss: 0.0802191
	speed: 0.1041s/iter; left time: 100.8656s
	iters: 200, epoch: 9 | loss: 0.0910645
	speed: 0.0394s/iter; left time: 34.2403s
	iters: 300, epoch: 9 | loss: 0.0820885
	speed: 0.0396s/iter; left time: 30.4772s
	iters: 400, epoch: 9 | loss: 0.1089406
	speed: 0.0423s/iter; left time: 28.3003s
	iters: 500, epoch: 9 | loss: 0.0701479
	speed: 0.0322s/iter; left time: 18.3301s
Epoch: 9 cost time: 20.460054874420166
Epoch: 9, Steps: 534 | Train Loss: 0.0865127 Vali Loss: 0.1067056 Test Loss: 0.0966321
Validation loss decreased (0.096844 --> 0.096632).  Saving model ...
Updating learning rate to 3.792349590802869e-05
	iters: 100, epoch: 10 | loss: 0.0844434
	speed: 0.0827s/iter; left time: 35.9629s
	iters: 200, epoch: 10 | loss: 0.0963906
	speed: 0.0321s/iter; left time: 10.7589s
	iters: 300, epoch: 10 | loss: 0.0764536
	speed: 0.0335s/iter; left time: 7.8635s
	iters: 400, epoch: 10 | loss: 0.0912013
	speed: 0.0330s/iter; left time: 4.4542s
	iters: 500, epoch: 10 | loss: 0.0836328
	speed: 0.0322s/iter; left time: 1.1274s
Epoch: 10 cost time: 17.294058322906494
Epoch: 10, Steps: 534 | Train Loss: 0.0869224 Vali Loss: 0.1064220 Test Loss: 0.0949939
Validation loss decreased (0.096632 --> 0.094994).  Saving model ...
Updating learning rate to 4.1351996319232575e-09
>>>>>>>testing : imputation_IMP_TimeMixer_ETTh1_mask0.125_none_TimeMixer_ETTh1_sl96_pl0_dm16_nh8_el2_dl1_df32_fc1_ebtimeF_dtTrue_Imp_0<<<<<<<<<<<<<<<<<<<<<<<<<<<<<<<<<
test 2881
test shape: (2880, 96, 7) (2880, 96, 7)
mse:0.09674224257469177, mae:0.20233508944511414
