Args in experiment:
Namespace(activation='gelu', anomaly_ratio=0.25, batch_size=16, c_out=7, channel_independence=1, checkpoints='./checkpoints/', comment='none', d_ff=32, d_layers=1, d_model=32, data='ETTm2', data_path='ETTm2.csv', dec_in=7, decomp_method='moving_avg', des='Imp', devices='0,1', distil=True, down_sampling_layers=3, down_sampling_method='avg', down_sampling_window=2, drop_last=True, dropout=0.1, e_layers=2, embed='timeF', emissions_file='emissions.csv', emissions_output_dir='.', enc_in=7, factor=1, features='M', freq='h', gpu=0, inverse=False, is_training=1, itr=1, label_len=0, learning_rate=0.001, loss='MSE', lradj='TST', mask_rate=0.125, model='TimeMixer', model_id='IMP_TimeMixer_ETTm2_mask0.125', model_type='linear', moving_avg=25, n_heads=8, num_kernels=6, num_workers=0, output_attention=False, p_hidden_dims=[128, 128], p_hidden_layers=2, patience=15, pct_start=0.2, period_len=4, pred_len=0, root_path='C:\\Users\\bbbal\\OneDrive\\Masaüstü\\timemixer\\dataset\\ETT-small', seasonal_patterns='Monthly', seq_len=96, target='OT', task_name='imputation', top_k=5, track_emissions=0, train_epochs=10, use_amp=False, use_future_temporal_feature=0, use_gpu=True, use_multi_gpu=False, use_norm=1)
Use GPU: cuda:0
>>>>>>>start training : imputation_IMP_TimeMixer_ETTm2_mask0.125_none_TimeMixer_ETTm2_sl96_pl0_dm32_nh8_el2_dl1_df32_fc1_ebtimeF_dtTrue_Imp_0>>>>>>>>>>>>>>>>>>>>>>>>>>
train 34465
val 11521
test 11521
	iters: 100, epoch: 1 | loss: 0.3260576
	speed: 0.0604s/iter; left time: 1294.2621s
	iters: 200, epoch: 1 | loss: 0.1007794
	speed: 0.0326s/iter; left time: 695.7157s
	iters: 300, epoch: 1 | loss: 0.0746572
	speed: 0.0323s/iter; left time: 686.6147s
	iters: 400, epoch: 1 | loss: 0.0293541
	speed: 0.0324s/iter; left time: 684.3839s
	iters: 500, epoch: 1 | loss: 0.0761297
	speed: 0.0341s/iter; left time: 717.3636s
	iters: 600, epoch: 1 | loss: 0.0279555
	speed: 0.0336s/iter; left time: 704.5092s
	iters: 700, epoch: 1 | loss: 0.0263611
	speed: 0.0332s/iter; left time: 691.8544s
	iters: 800, epoch: 1 | loss: 0.0326000
	speed: 0.0336s/iter; left time: 696.1788s
	iters: 900, epoch: 1 | loss: 0.0267123
	speed: 0.0315s/iter; left time: 650.2133s
	iters: 1000, epoch: 1 | loss: 0.0320508
	speed: 0.0327s/iter; left time: 672.6068s
	iters: 1100, epoch: 1 | loss: 0.0234461
	speed: 0.0321s/iter; left time: 656.7573s
	iters: 1200, epoch: 1 | loss: 0.0245460
	speed: 0.0319s/iter; left time: 649.8744s
	iters: 1300, epoch: 1 | loss: 0.0290578
	speed: 0.0326s/iter; left time: 659.1765s
	iters: 1400, epoch: 1 | loss: 0.0373739
	speed: 0.0326s/iter; left time: 657.0772s
	iters: 1500, epoch: 1 | loss: 0.0249621
	speed: 0.0317s/iter; left time: 635.2322s
	iters: 1600, epoch: 1 | loss: 0.0234366
	speed: 0.0328s/iter; left time: 653.4447s
	iters: 1700, epoch: 1 | loss: 0.0256990
	speed: 0.0326s/iter; left time: 646.7172s
	iters: 1800, epoch: 1 | loss: 0.0207196
	speed: 0.0337s/iter; left time: 666.1457s
	iters: 1900, epoch: 1 | loss: 0.0203632
	speed: 0.0326s/iter; left time: 639.8603s
	iters: 2000, epoch: 1 | loss: 0.0329359
	speed: 0.0347s/iter; left time: 677.7824s
	iters: 2100, epoch: 1 | loss: 0.0237542
	speed: 0.0339s/iter; left time: 659.4485s
Epoch: 1 cost time: 73.56576132774353
Epoch: 1, Steps: 2154 | Train Loss: 0.0537953 Vali Loss: 0.0248663 Test Loss: 0.0268241
Validation loss decreased (inf --> 0.026824).  Saving model ...
Updating learning rate to 0.0005201750597214178
	iters: 100, epoch: 2 | loss: 0.0198946
	speed: 0.2126s/iter; left time: 4100.0555s
	iters: 200, epoch: 2 | loss: 0.0233074
	speed: 0.0329s/iter; left time: 631.0372s
	iters: 300, epoch: 2 | loss: 0.0224703
	speed: 0.0325s/iter; left time: 619.7148s
	iters: 400, epoch: 2 | loss: 0.0225778
	speed: 0.0327s/iter; left time: 621.6785s
	iters: 500, epoch: 2 | loss: 0.0232992
	speed: 0.0319s/iter; left time: 602.7978s
	iters: 600, epoch: 2 | loss: 0.0232244
	speed: 0.0323s/iter; left time: 607.1432s
	iters: 700, epoch: 2 | loss: 0.0245385
	speed: 0.0321s/iter; left time: 600.1891s
	iters: 800, epoch: 2 | loss: 0.0208304
	speed: 0.0323s/iter; left time: 599.5635s
	iters: 900, epoch: 2 | loss: 0.0245991
	speed: 0.0325s/iter; left time: 600.6823s
	iters: 1000, epoch: 2 | loss: 0.0275112
	speed: 0.0332s/iter; left time: 609.6022s
	iters: 1100, epoch: 2 | loss: 0.0250731
	speed: 0.0334s/iter; left time: 609.9100s
	iters: 1200, epoch: 2 | loss: 0.0258955
	speed: 0.0322s/iter; left time: 584.8612s
	iters: 1300, epoch: 2 | loss: 0.0227024
	speed: 0.0323s/iter; left time: 584.6321s
	iters: 1400, epoch: 2 | loss: 0.0212566
	speed: 0.0331s/iter; left time: 595.0944s
	iters: 1500, epoch: 2 | loss: 0.0202230
	speed: 0.0327s/iter; left time: 584.9779s
	iters: 1600, epoch: 2 | loss: 0.0203944
	speed: 0.0326s/iter; left time: 579.3549s
	iters: 1700, epoch: 2 | loss: 0.0192166
	speed: 0.0329s/iter; left time: 581.8365s
	iters: 1800, epoch: 2 | loss: 0.0224948
	speed: 0.0327s/iter; left time: 575.2890s
	iters: 1900, epoch: 2 | loss: 0.0258622
	speed: 0.0325s/iter; left time: 568.9441s
	iters: 2000, epoch: 2 | loss: 0.0207388
	speed: 0.0326s/iter; left time: 566.2752s
	iters: 2100, epoch: 2 | loss: 0.0249968
	speed: 0.0325s/iter; left time: 562.2718s
Epoch: 2 cost time: 70.22318124771118
Epoch: 2, Steps: 2154 | Train Loss: 0.0243162 Vali Loss: 0.0249633 Test Loss: 0.0263754
Validation loss decreased (0.026824 --> 0.026375).  Saving model ...
Updating learning rate to 0.0009999999916906579
	iters: 100, epoch: 3 | loss: 0.0254856
	speed: 0.2072s/iter; left time: 3549.9461s
	iters: 200, epoch: 3 | loss: 0.0208827
	speed: 0.0325s/iter; left time: 553.0576s
	iters: 300, epoch: 3 | loss: 0.0212290
	speed: 0.0320s/iter; left time: 542.4068s
	iters: 400, epoch: 3 | loss: 0.0193423
	speed: 0.0326s/iter; left time: 549.4228s
	iters: 500, epoch: 3 | loss: 0.0190090
	speed: 0.0324s/iter; left time: 542.6530s
	iters: 600, epoch: 3 | loss: 0.0247804
	speed: 0.0319s/iter; left time: 529.8810s
	iters: 700, epoch: 3 | loss: 0.0190124
	speed: 0.0325s/iter; left time: 537.7974s
	iters: 800, epoch: 3 | loss: 0.0201565
	speed: 0.0327s/iter; left time: 537.9482s
	iters: 900, epoch: 3 | loss: 0.0275681
	speed: 0.0355s/iter; left time: 579.2638s
	iters: 1000, epoch: 3 | loss: 0.0208994
	speed: 0.0331s/iter; left time: 537.9039s
	iters: 1100, epoch: 3 | loss: 0.0209166
	speed: 0.0328s/iter; left time: 528.7776s
	iters: 1200, epoch: 3 | loss: 0.0262235
	speed: 0.0329s/iter; left time: 527.0680s
	iters: 1300, epoch: 3 | loss: 0.0238091
	speed: 0.0333s/iter; left time: 531.0890s
	iters: 1400, epoch: 3 | loss: 0.0197720
	speed: 0.0326s/iter; left time: 515.4577s
	iters: 1500, epoch: 3 | loss: 0.0251029
	speed: 0.0329s/iter; left time: 517.6623s
	iters: 1600, epoch: 3 | loss: 0.0233535
	speed: 0.0329s/iter; left time: 514.2696s
	iters: 1700, epoch: 3 | loss: 0.0286786
	speed: 0.0331s/iter; left time: 513.6531s
	iters: 1800, epoch: 3 | loss: 0.0210471
	speed: 0.0325s/iter; left time: 500.8261s
	iters: 1900, epoch: 3 | loss: 0.0192963
	speed: 0.0331s/iter; left time: 506.8029s
	iters: 2000, epoch: 3 | loss: 0.0194371
	speed: 0.0329s/iter; left time: 500.4114s
	iters: 2100, epoch: 3 | loss: 0.0225435
	speed: 0.0329s/iter; left time: 497.3686s
Epoch: 3 cost time: 70.85875630378723
Epoch: 3, Steps: 2154 | Train Loss: 0.0235429 Vali Loss: 0.0242403 Test Loss: 0.0254765
Validation loss decreased (0.026375 --> 0.025476).  Saving model ...
Updating learning rate to 0.0009619050271543523
	iters: 100, epoch: 4 | loss: 0.0198768
	speed: 0.2073s/iter; left time: 3104.6064s
	iters: 200, epoch: 4 | loss: 0.0252229
	speed: 0.0331s/iter; left time: 492.3227s
	iters: 300, epoch: 4 | loss: 0.0193416
	speed: 0.0329s/iter; left time: 486.3744s
	iters: 400, epoch: 4 | loss: 0.0205413
	speed: 0.0322s/iter; left time: 472.8321s
	iters: 500, epoch: 4 | loss: 0.0222933
	speed: 0.0323s/iter; left time: 470.6410s
	iters: 600, epoch: 4 | loss: 0.0248324
	speed: 0.0324s/iter; left time: 468.6817s
	iters: 700, epoch: 4 | loss: 0.0191824
	speed: 0.0324s/iter; left time: 466.2201s
	iters: 800, epoch: 4 | loss: 0.0224351
	speed: 0.0327s/iter; left time: 466.4276s
	iters: 900, epoch: 4 | loss: 0.0209205
	speed: 0.0329s/iter; left time: 466.4598s
	iters: 1000, epoch: 4 | loss: 0.0235356
	speed: 0.0327s/iter; left time: 460.3279s
	iters: 1100, epoch: 4 | loss: 0.0257594
	speed: 0.0326s/iter; left time: 456.1386s
	iters: 1200, epoch: 4 | loss: 0.0227829
	speed: 0.0328s/iter; left time: 454.9699s
	iters: 1300, epoch: 4 | loss: 0.0239790
	speed: 0.0317s/iter; left time: 437.0272s
	iters: 1400, epoch: 4 | loss: 0.0184918
	speed: 0.0328s/iter; left time: 448.8255s
	iters: 1500, epoch: 4 | loss: 0.0234030
	speed: 0.0322s/iter; left time: 437.0306s
	iters: 1600, epoch: 4 | loss: 0.0199263
	speed: 0.0322s/iter; left time: 434.6346s
	iters: 1700, epoch: 4 | loss: 0.0202939
	speed: 0.0341s/iter; left time: 455.5638s
	iters: 1800, epoch: 4 | loss: 0.0193694
	speed: 0.0319s/iter; left time: 423.4888s
	iters: 1900, epoch: 4 | loss: 0.0225256
	speed: 0.0330s/iter; left time: 434.6049s
	iters: 2000, epoch: 4 | loss: 0.0368105
	speed: 0.0322s/iter; left time: 421.7653s
	iters: 2100, epoch: 4 | loss: 0.0204252
	speed: 0.0321s/iter; left time: 416.8010s
Epoch: 4 cost time: 70.37351822853088
Epoch: 4, Steps: 2154 | Train Loss: 0.0227388 Vali Loss: 0.0237396 Test Loss: 0.0249387
Validation loss decreased (0.025476 --> 0.024939).  Saving model ...
Updating learning rate to 0.0008534895138951646
	iters: 100, epoch: 5 | loss: 0.0249820
	speed: 0.2083s/iter; left time: 2671.5739s
	iters: 200, epoch: 5 | loss: 0.0220198
	speed: 0.0319s/iter; left time: 405.3354s
	iters: 300, epoch: 5 | loss: 0.0170011
	speed: 0.0337s/iter; left time: 425.3383s
	iters: 400, epoch: 5 | loss: 0.0199963
	speed: 0.0337s/iter; left time: 421.6523s
	iters: 500, epoch: 5 | loss: 0.0194013
	speed: 0.0324s/iter; left time: 403.0357s
	iters: 600, epoch: 5 | loss: 0.0224409
	speed: 0.0329s/iter; left time: 405.6757s
	iters: 700, epoch: 5 | loss: 0.0245775
	speed: 0.0327s/iter; left time: 399.6117s
	iters: 800, epoch: 5 | loss: 0.0246637
	speed: 0.0323s/iter; left time: 391.0527s
	iters: 900, epoch: 5 | loss: 0.0252860
	speed: 0.0327s/iter; left time: 393.5746s
	iters: 1000, epoch: 5 | loss: 0.0242474
	speed: 0.0322s/iter; left time: 384.1378s
	iters: 1100, epoch: 5 | loss: 0.0219307
	speed: 0.0333s/iter; left time: 393.4604s
	iters: 1200, epoch: 5 | loss: 0.0260705
	speed: 0.0323s/iter; left time: 379.0177s
	iters: 1300, epoch: 5 | loss: 0.0262413
	speed: 0.0333s/iter; left time: 387.2766s
	iters: 1400, epoch: 5 | loss: 0.0191415
	speed: 0.0323s/iter; left time: 372.0763s
	iters: 1500, epoch: 5 | loss: 0.0179350
	speed: 0.0326s/iter; left time: 372.5297s
	iters: 1600, epoch: 5 | loss: 0.0209962
	speed: 0.0336s/iter; left time: 380.9230s
	iters: 1700, epoch: 5 | loss: 0.0173711
	speed: 0.0326s/iter; left time: 366.4519s
	iters: 1800, epoch: 5 | loss: 0.0164493
	speed: 0.0323s/iter; left time: 359.0550s
	iters: 1900, epoch: 5 | loss: 0.0218580
	speed: 0.0333s/iter; left time: 366.6705s
	iters: 2000, epoch: 5 | loss: 0.0214040
	speed: 0.0324s/iter; left time: 353.4721s
	iters: 2100, epoch: 5 | loss: 0.0222064
	speed: 0.0327s/iter; left time: 353.6509s
Epoch: 5 cost time: 70.5551118850708
Epoch: 5, Steps: 2154 | Train Loss: 0.0223643 Vali Loss: 0.0238776 Test Loss: 0.0250923
EarlyStopping counter: 1 out of 15
Updating learning rate to 0.0006912587310177311
	iters: 100, epoch: 6 | loss: 0.0187898
	speed: 0.2137s/iter; left time: 2280.3218s
	iters: 200, epoch: 6 | loss: 0.0192854
	speed: 0.0330s/iter; left time: 349.0334s
	iters: 300, epoch: 6 | loss: 0.0209400
	speed: 0.0340s/iter; left time: 356.1289s
	iters: 400, epoch: 6 | loss: 0.0212479
	speed: 0.0334s/iter; left time: 346.4738s
	iters: 500, epoch: 6 | loss: 0.0195724
	speed: 0.0335s/iter; left time: 343.9612s
	iters: 600, epoch: 6 | loss: 0.0545140
	speed: 0.0334s/iter; left time: 339.8039s
	iters: 700, epoch: 6 | loss: 0.0193545
	speed: 0.0324s/iter; left time: 325.9416s
	iters: 800, epoch: 6 | loss: 0.0153440
	speed: 0.0339s/iter; left time: 337.9639s
	iters: 900, epoch: 6 | loss: 0.0200526
	speed: 0.0338s/iter; left time: 334.0648s
	iters: 1000, epoch: 6 | loss: 0.0228097
	speed: 0.0332s/iter; left time: 324.4630s
	iters: 1100, epoch: 6 | loss: 0.0171429
	speed: 0.0334s/iter; left time: 323.2046s
	iters: 1200, epoch: 6 | loss: 0.0194038
	speed: 0.0335s/iter; left time: 320.9638s
	iters: 1300, epoch: 6 | loss: 0.0236663
	speed: 0.0333s/iter; left time: 315.2816s
	iters: 1400, epoch: 6 | loss: 0.0260000
	speed: 0.0345s/iter; left time: 323.6238s
	iters: 1500, epoch: 6 | loss: 0.0199554
	speed: 0.0331s/iter; left time: 307.1834s
	iters: 1600, epoch: 6 | loss: 0.0190358
	speed: 0.0340s/iter; left time: 311.7299s
	iters: 1700, epoch: 6 | loss: 0.0150552
	speed: 0.0330s/iter; left time: 299.1785s
	iters: 1800, epoch: 6 | loss: 0.0229630
	speed: 0.0358s/iter; left time: 321.3625s
	iters: 1900, epoch: 6 | loss: 0.0194597
	speed: 0.0333s/iter; left time: 295.7176s
	iters: 2000, epoch: 6 | loss: 0.0227367
	speed: 0.0358s/iter; left time: 314.3207s
	iters: 2100, epoch: 6 | loss: 0.0226480
	speed: 0.0347s/iter; left time: 301.2426s
Epoch: 6 cost time: 73.09225797653198
Epoch: 6, Steps: 2154 | Train Loss: 0.0221363 Vali Loss: 0.0234242 Test Loss: 0.0245924
Validation loss decreased (0.024939 --> 0.024592).  Saving model ...
Updating learning rate to 0.0004999108445894319
	iters: 100, epoch: 7 | loss: 0.0194153
	speed: 0.2102s/iter; left time: 1790.1492s
	iters: 200, epoch: 7 | loss: 0.0201554
	speed: 0.0344s/iter; left time: 289.9139s
	iters: 300, epoch: 7 | loss: 0.0181202
	speed: 0.0337s/iter; left time: 280.6485s
	iters: 400, epoch: 7 | loss: 0.0232303
	speed: 0.0329s/iter; left time: 270.0411s
	iters: 500, epoch: 7 | loss: 0.0188131
	speed: 0.0339s/iter; left time: 275.4372s
	iters: 600, epoch: 7 | loss: 0.0188648
	speed: 0.0332s/iter; left time: 266.0848s
	iters: 700, epoch: 7 | loss: 0.0214239
	speed: 0.0334s/iter; left time: 264.1260s
	iters: 800, epoch: 7 | loss: 0.0188183
	speed: 0.0334s/iter; left time: 261.2003s
	iters: 900, epoch: 7 | loss: 0.0236192
	speed: 0.0332s/iter; left time: 255.9830s
	iters: 1000, epoch: 7 | loss: 0.0171709
	speed: 0.0335s/iter; left time: 255.5172s
	iters: 1100, epoch: 7 | loss: 0.0204799
	speed: 0.0332s/iter; left time: 249.2430s
	iters: 1200, epoch: 7 | loss: 0.0270572
	speed: 0.0352s/iter; left time: 261.2860s
	iters: 1300, epoch: 7 | loss: 0.0275829
	speed: 0.0338s/iter; left time: 247.5362s
	iters: 1400, epoch: 7 | loss: 0.0205476
	speed: 0.0336s/iter; left time: 242.1559s
	iters: 1500, epoch: 7 | loss: 0.0194280
	speed: 0.0339s/iter; left time: 241.2405s
	iters: 1600, epoch: 7 | loss: 0.0198765
	speed: 0.0330s/iter; left time: 231.6566s
	iters: 1700, epoch: 7 | loss: 0.0185813
	speed: 0.0331s/iter; left time: 228.7871s
	iters: 1800, epoch: 7 | loss: 0.0186946
	speed: 0.0335s/iter; left time: 228.6891s
	iters: 1900, epoch: 7 | loss: 0.0177493
	speed: 0.0346s/iter; left time: 232.1709s
	iters: 2000, epoch: 7 | loss: 0.0178699
	speed: 0.0333s/iter; left time: 220.1764s
	iters: 2100, epoch: 7 | loss: 0.0403224
	speed: 0.0336s/iter; left time: 219.0865s
Epoch: 7 cost time: 72.4099669456482
Epoch: 7, Steps: 2154 | Train Loss: 0.0218539 Vali Loss: 0.0231741 Test Loss: 0.0245556
Validation loss decreased (0.024592 --> 0.024556).  Saving model ...
Updating learning rate to 0.00030857683574606596
	iters: 100, epoch: 8 | loss: 0.0174271
	speed: 0.2082s/iter; left time: 1324.9735s
	iters: 200, epoch: 8 | loss: 0.0286218
	speed: 0.0331s/iter; left time: 207.3647s
	iters: 300, epoch: 8 | loss: 0.0181701
	speed: 0.0323s/iter; left time: 198.8681s
	iters: 400, epoch: 8 | loss: 0.0220637
	speed: 0.0337s/iter; left time: 204.5186s
	iters: 500, epoch: 8 | loss: 0.0206691
	speed: 0.0331s/iter; left time: 197.1633s
	iters: 600, epoch: 8 | loss: 0.0197135
	speed: 0.0330s/iter; left time: 193.4977s
	iters: 700, epoch: 8 | loss: 0.0226326
	speed: 0.0329s/iter; left time: 189.3247s
	iters: 800, epoch: 8 | loss: 0.0297586
	speed: 0.0331s/iter; left time: 187.5133s
	iters: 900, epoch: 8 | loss: 0.0194493
	speed: 0.0330s/iter; left time: 183.5707s
	iters: 1000, epoch: 8 | loss: 0.0208304
	speed: 0.0333s/iter; left time: 181.6464s
	iters: 1100, epoch: 8 | loss: 0.0296066
	speed: 0.0336s/iter; left time: 180.3927s
	iters: 1200, epoch: 8 | loss: 0.0238808
	speed: 0.0329s/iter; left time: 173.4039s
	iters: 1300, epoch: 8 | loss: 0.0268903
	speed: 0.0345s/iter; left time: 178.1255s
	iters: 1400, epoch: 8 | loss: 0.0284088
	speed: 0.0330s/iter; left time: 167.0529s
	iters: 1500, epoch: 8 | loss: 0.0183026
	speed: 0.0342s/iter; left time: 169.6799s
	iters: 1600, epoch: 8 | loss: 0.0186405
	speed: 0.0340s/iter; left time: 165.4077s
	iters: 1700, epoch: 8 | loss: 0.0314811
	speed: 0.0333s/iter; left time: 158.4323s
	iters: 1800, epoch: 8 | loss: 0.0555577
	speed: 0.0340s/iter; left time: 158.6607s
	iters: 1900, epoch: 8 | loss: 0.0209083
	speed: 0.0340s/iter; left time: 155.1891s
	iters: 2000, epoch: 8 | loss: 0.0191550
	speed: 0.0341s/iter; left time: 152.0986s
	iters: 2100, epoch: 8 | loss: 0.0152471
	speed: 0.0326s/iter; left time: 142.0444s
Epoch: 8 cost time: 71.97507905960083
Epoch: 8, Steps: 2154 | Train Loss: 0.0215677 Vali Loss: 0.0231694 Test Loss: 0.0243769
Validation loss decreased (0.024556 --> 0.024377).  Saving model ...
Updating learning rate to 0.00014638557288692642
	iters: 100, epoch: 9 | loss: 0.0205983
	speed: 0.2132s/iter; left time: 897.3708s
	iters: 200, epoch: 9 | loss: 0.0201713
	speed: 0.0340s/iter; left time: 139.5218s
	iters: 300, epoch: 9 | loss: 0.0261624
	speed: 0.0326s/iter; left time: 130.7282s
	iters: 400, epoch: 9 | loss: 0.0221555
	speed: 0.0333s/iter; left time: 130.2971s
	iters: 500, epoch: 9 | loss: 0.0209989
	speed: 0.0336s/iter; left time: 128.0664s
	iters: 600, epoch: 9 | loss: 0.0227471
	speed: 0.0331s/iter; left time: 122.6825s
	iters: 700, epoch: 9 | loss: 0.0191694
	speed: 0.0344s/iter; left time: 124.2730s
	iters: 800, epoch: 9 | loss: 0.0195674
	speed: 0.0335s/iter; left time: 117.5563s
	iters: 900, epoch: 9 | loss: 0.0207618
	speed: 0.0347s/iter; left time: 118.4621s
	iters: 1000, epoch: 9 | loss: 0.0198359
	speed: 0.0337s/iter; left time: 111.4346s
	iters: 1100, epoch: 9 | loss: 0.0204052
	speed: 0.0337s/iter; left time: 108.1606s
	iters: 1200, epoch: 9 | loss: 0.0185792
	speed: 0.0324s/iter; left time: 100.8834s
	iters: 1300, epoch: 9 | loss: 0.0421099
	speed: 0.0326s/iter; left time: 98.1215s
	iters: 1400, epoch: 9 | loss: 0.0216029
	speed: 0.0349s/iter; left time: 101.4538s
	iters: 1500, epoch: 9 | loss: 0.0171026
	speed: 0.0341s/iter; left time: 95.7385s
	iters: 1600, epoch: 9 | loss: 0.0198650
	speed: 0.0327s/iter; left time: 88.7139s
	iters: 1700, epoch: 9 | loss: 0.0211978
	speed: 0.0335s/iter; left time: 87.3096s
	iters: 1800, epoch: 9 | loss: 0.0203980
	speed: 0.0327s/iter; left time: 82.0590s
	iters: 1900, epoch: 9 | loss: 0.0297831
	speed: 0.0333s/iter; left time: 80.3168s
	iters: 2000, epoch: 9 | loss: 0.0219309
	speed: 0.0328s/iter; left time: 75.6642s
	iters: 2100, epoch: 9 | loss: 0.0209855
	speed: 0.0331s/iter; left time: 73.0745s
Epoch: 9 cost time: 72.07834196090698
Epoch: 9, Steps: 2154 | Train Loss: 0.0212944 Vali Loss: 0.0230534 Test Loss: 0.0241486
Validation loss decreased (0.024377 --> 0.024149).  Saving model ...
Updating learning rate to 3.802920551485804e-05
	iters: 100, epoch: 10 | loss: 0.0181300
	speed: 0.2154s/iter; left time: 442.6114s
	iters: 200, epoch: 10 | loss: 0.0243854
	speed: 0.0339s/iter; left time: 66.2966s
	iters: 300, epoch: 10 | loss: 0.0228968
	speed: 0.0337s/iter; left time: 62.5579s
	iters: 400, epoch: 10 | loss: 0.0283758
	speed: 0.0329s/iter; left time: 57.7548s
	iters: 500, epoch: 10 | loss: 0.0233837
	speed: 0.0334s/iter; left time: 55.3115s
	iters: 600, epoch: 10 | loss: 0.0171541
	speed: 0.0331s/iter; left time: 51.4559s
	iters: 700, epoch: 10 | loss: 0.0209927
	speed: 0.0331s/iter; left time: 48.1290s
	iters: 800, epoch: 10 | loss: 0.0249994
	speed: 0.0336s/iter; left time: 45.4621s
	iters: 900, epoch: 10 | loss: 0.0232088
	speed: 0.0332s/iter; left time: 41.7027s
	iters: 1000, epoch: 10 | loss: 0.0210970
	speed: 0.0340s/iter; left time: 39.3006s
	iters: 1100, epoch: 10 | loss: 0.0183572
	speed: 0.0334s/iter; left time: 35.2021s
	iters: 1200, epoch: 10 | loss: 0.0225950
	speed: 0.0339s/iter; left time: 32.3436s
	iters: 1300, epoch: 10 | loss: 0.0215686
	speed: 0.0340s/iter; left time: 29.0904s
	iters: 1400, epoch: 10 | loss: 0.0180834
	speed: 0.0330s/iter; left time: 24.8993s
	iters: 1500, epoch: 10 | loss: 0.0331075
	speed: 0.0336s/iter; left time: 22.0361s
	iters: 1600, epoch: 10 | loss: 0.0211142
	speed: 0.0347s/iter; left time: 19.2848s
	iters: 1700, epoch: 10 | loss: 0.0178903
	speed: 0.0339s/iter; left time: 15.4263s
	iters: 1800, epoch: 10 | loss: 0.0197892
	speed: 0.0332s/iter; left time: 11.7955s
	iters: 1900, epoch: 10 | loss: 0.0288610
	speed: 0.0330s/iter; left time: 8.4071s
	iters: 2000, epoch: 10 | loss: 0.0239970
	speed: 0.0325s/iter; left time: 5.0349s
	iters: 2100, epoch: 10 | loss: 0.0242333
	speed: 0.0335s/iter; left time: 1.8439s
Epoch: 10 cost time: 72.24631571769714
Epoch: 10, Steps: 2154 | Train Loss: 0.0213442 Vali Loss: 0.0230727 Test Loss: 0.0242087
EarlyStopping counter: 1 out of 15
Updating learning rate to 4.008309342172464e-09
>>>>>>>testing : imputation_IMP_TimeMixer_ETTm2_mask0.125_none_TimeMixer_ETTm2_sl96_pl0_dm32_nh8_el2_dl1_df32_fc1_ebtimeF_dtTrue_Imp_0<<<<<<<<<<<<<<<<<<<<<<<<<<<<<<<<<
test 11521
test shape: (11520, 96, 7) (11520, 96, 7)
mse:0.02413681335747242, mae:0.08668608963489532
