Args in experiment:
Namespace(activation='gelu', anomaly_ratio=0.25, batch_size=16, c_out=7, channel_independence=1, checkpoints='./checkpoints/', comment='none', d_ff=32, d_layers=1, d_model=16, data='ETTm1', data_path='ETTm1.csv', dec_in=7, decomp_method='moving_avg', des='Imp', devices='0,1', distil=True, down_sampling_layers=3, down_sampling_method='avg', down_sampling_window=2, drop_last=True, dropout=0.1, e_layers=2, embed='timeF', emissions_file='emissions.csv', emissions_output_dir='.', enc_in=7, factor=1, features='M', freq='h', gpu=0, inverse=False, is_training=1, itr=1, label_len=0, learning_rate=0.001, loss='MSE', lradj='TST', mask_rate=0.25, model='TimeMixer', model_id='IMP_TimeMixer_ETTm1_mask0.25', model_type='linear', moving_avg=25, n_heads=8, num_kernels=6, num_workers=0, output_attention=False, p_hidden_dims=[128, 128], p_hidden_layers=2, patience=15, pct_start=0.2, period_len=4, pred_len=0, root_path='C:\\Users\\bbbal\\OneDrive\\Masaüstü\\timemixer\\dataset\\ETT-small', seasonal_patterns='Monthly', seq_len=96, target='OT', task_name='imputation', top_k=5, track_emissions=0, train_epochs=10, use_amp=False, use_future_temporal_feature=0, use_gpu=True, use_multi_gpu=False, use_norm=1)
Use GPU: cuda:0
>>>>>>>start training : imputation_IMP_TimeMixer_ETTm1_mask0.25_none_TimeMixer_ETTm1_sl96_pl0_dm16_nh8_el2_dl1_df32_fc1_ebtimeF_dtTrue_Imp_0>>>>>>>>>>>>>>>>>>>>>>>>>>
train 34465
val 11521
test 11521
	iters: 100, epoch: 1 | loss: 0.4700544
	speed: 0.0661s/iter; left time: 1416.8141s
	iters: 200, epoch: 1 | loss: 0.3760389
	speed: 0.0326s/iter; left time: 695.5213s
	iters: 300, epoch: 1 | loss: 0.2811651
	speed: 0.0346s/iter; left time: 735.4030s
	iters: 400, epoch: 1 | loss: 0.1099107
	speed: 0.0324s/iter; left time: 684.0369s
	iters: 500, epoch: 1 | loss: 0.0877040
	speed: 0.0326s/iter; left time: 685.9211s
	iters: 600, epoch: 1 | loss: 0.0879666
	speed: 0.0336s/iter; left time: 703.6436s
	iters: 700, epoch: 1 | loss: 0.0711439
	speed: 0.0335s/iter; left time: 698.8053s
	iters: 800, epoch: 1 | loss: 0.0708436
	speed: 0.0348s/iter; left time: 721.0164s
	iters: 900, epoch: 1 | loss: 0.0632371
	speed: 0.0338s/iter; left time: 696.7498s
	iters: 1000, epoch: 1 | loss: 0.0709686
	speed: 0.0331s/iter; left time: 679.2750s
	iters: 1100, epoch: 1 | loss: 0.0700827
	speed: 0.0333s/iter; left time: 679.9685s
	iters: 1200, epoch: 1 | loss: 0.0574642
	speed: 0.0331s/iter; left time: 673.9799s
	iters: 1300, epoch: 1 | loss: 0.0664249
	speed: 0.0330s/iter; left time: 668.6204s
	iters: 1400, epoch: 1 | loss: 0.0681003
	speed: 0.0336s/iter; left time: 676.5859s
	iters: 1500, epoch: 1 | loss: 0.0574680
	speed: 0.0323s/iter; left time: 646.3942s
	iters: 1600, epoch: 1 | loss: 0.0769157
	speed: 0.0326s/iter; left time: 650.2572s
	iters: 1700, epoch: 1 | loss: 0.0620525
	speed: 0.0325s/iter; left time: 644.0238s
	iters: 1800, epoch: 1 | loss: 0.0405545
	speed: 0.0327s/iter; left time: 645.8606s
	iters: 1900, epoch: 1 | loss: 0.0487961
	speed: 0.0330s/iter; left time: 648.5306s
	iters: 2000, epoch: 1 | loss: 0.0597307
	speed: 0.0326s/iter; left time: 637.3929s
	iters: 2100, epoch: 1 | loss: 0.0412612
	speed: 0.0335s/iter; left time: 651.8193s
Epoch: 1 cost time: 74.69403719902039
Epoch: 1, Steps: 2154 | Train Loss: 0.1375824 Vali Loss: 0.0647234 Test Loss: 0.0623091
Validation loss decreased (inf --> 0.062309).  Saving model ...
Updating learning rate to 0.0005201750597214178
	iters: 100, epoch: 2 | loss: 0.0374719
	speed: 0.2083s/iter; left time: 4017.1266s
	iters: 200, epoch: 2 | loss: 0.0470208
	speed: 0.0335s/iter; left time: 642.5382s
	iters: 300, epoch: 2 | loss: 0.0556342
	speed: 0.0331s/iter; left time: 632.2913s
	iters: 400, epoch: 2 | loss: 0.0488201
	speed: 0.0327s/iter; left time: 621.7414s
	iters: 500, epoch: 2 | loss: 0.0394278
	speed: 0.0329s/iter; left time: 621.4213s
	iters: 600, epoch: 2 | loss: 0.0557981
	speed: 0.0336s/iter; left time: 631.4668s
	iters: 700, epoch: 2 | loss: 0.0430023
	speed: 0.0327s/iter; left time: 610.9487s
	iters: 800, epoch: 2 | loss: 0.0474399
	speed: 0.0332s/iter; left time: 617.2417s
	iters: 900, epoch: 2 | loss: 0.0496132
	speed: 0.0327s/iter; left time: 605.1411s
	iters: 1000, epoch: 2 | loss: 0.0427608
	speed: 0.0332s/iter; left time: 610.6708s
	iters: 1100, epoch: 2 | loss: 0.0457864
	speed: 0.0331s/iter; left time: 605.4121s
	iters: 1200, epoch: 2 | loss: 0.0391825
	speed: 0.0331s/iter; left time: 602.3178s
	iters: 1300, epoch: 2 | loss: 0.0506658
	speed: 0.0342s/iter; left time: 618.2212s
	iters: 1400, epoch: 2 | loss: 0.0473787
	speed: 0.0342s/iter; left time: 614.2667s
	iters: 1500, epoch: 2 | loss: 0.0547875
	speed: 0.0329s/iter; left time: 587.8703s
	iters: 1600, epoch: 2 | loss: 0.0387841
	speed: 0.0333s/iter; left time: 592.8837s
	iters: 1700, epoch: 2 | loss: 0.0448830
	speed: 0.0334s/iter; left time: 590.8175s
	iters: 1800, epoch: 2 | loss: 0.0506650
	speed: 0.0333s/iter; left time: 585.5737s
	iters: 1900, epoch: 2 | loss: 0.0553028
	speed: 0.0331s/iter; left time: 579.2214s
	iters: 2000, epoch: 2 | loss: 0.0361119
	speed: 0.0333s/iter; left time: 578.9887s
	iters: 2100, epoch: 2 | loss: 0.0342984
	speed: 0.0341s/iter; left time: 589.1631s
Epoch: 2 cost time: 71.80919575691223
Epoch: 2, Steps: 2154 | Train Loss: 0.0465773 Vali Loss: 0.0558483 Test Loss: 0.0503072
Validation loss decreased (0.062309 --> 0.050307).  Saving model ...
Updating learning rate to 0.0009999999916906579
	iters: 100, epoch: 3 | loss: 0.0442691
	speed: 0.2104s/iter; left time: 3604.1126s
	iters: 200, epoch: 3 | loss: 0.0352219
	speed: 0.0338s/iter; left time: 574.8838s
	iters: 300, epoch: 3 | loss: 0.0341384
	speed: 0.0347s/iter; left time: 586.9529s
	iters: 400, epoch: 3 | loss: 0.0465539
	speed: 0.0339s/iter; left time: 570.8581s
	iters: 500, epoch: 3 | loss: 0.0516528
	speed: 0.0330s/iter; left time: 552.5521s
	iters: 600, epoch: 3 | loss: 0.0385738
	speed: 0.0333s/iter; left time: 553.8451s
	iters: 700, epoch: 3 | loss: 0.0388866
	speed: 0.0330s/iter; left time: 545.3277s
	iters: 800, epoch: 3 | loss: 0.0400931
	speed: 0.0334s/iter; left time: 549.1184s
	iters: 900, epoch: 3 | loss: 0.0384559
	speed: 0.0333s/iter; left time: 544.4533s
	iters: 1000, epoch: 3 | loss: 0.0550922
	speed: 0.0338s/iter; left time: 549.1654s
	iters: 1100, epoch: 3 | loss: 0.0370066
	speed: 0.0343s/iter; left time: 553.6073s
	iters: 1200, epoch: 3 | loss: 0.0438443
	speed: 0.0339s/iter; left time: 544.0624s
	iters: 1300, epoch: 3 | loss: 0.0361508
	speed: 0.0339s/iter; left time: 540.9239s
	iters: 1400, epoch: 3 | loss: 0.0476238
	speed: 0.0333s/iter; left time: 527.0861s
	iters: 1500, epoch: 3 | loss: 0.0365944
	speed: 0.0348s/iter; left time: 548.0216s
	iters: 1600, epoch: 3 | loss: 0.0584174
	speed: 0.0337s/iter; left time: 527.0404s
	iters: 1700, epoch: 3 | loss: 0.0488538
	speed: 0.0337s/iter; left time: 523.1596s
	iters: 1800, epoch: 3 | loss: 0.0358380
	speed: 0.0352s/iter; left time: 542.4904s
	iters: 1900, epoch: 3 | loss: 0.0342880
	speed: 0.0328s/iter; left time: 503.0095s
	iters: 2000, epoch: 3 | loss: 0.0448691
	speed: 0.0348s/iter; left time: 529.3914s
	iters: 2100, epoch: 3 | loss: 0.0381769
	speed: 0.0346s/iter; left time: 523.7703s
Epoch: 3 cost time: 72.82901763916016
Epoch: 3, Steps: 2154 | Train Loss: 0.0414436 Vali Loss: 0.0524013 Test Loss: 0.0461192
Validation loss decreased (0.050307 --> 0.046119).  Saving model ...
Updating learning rate to 0.0009619050271543523
	iters: 100, epoch: 4 | loss: 0.0328776
	speed: 0.2162s/iter; left time: 3238.4266s
	iters: 200, epoch: 4 | loss: 0.0373144
	speed: 0.0337s/iter; left time: 501.4788s
	iters: 300, epoch: 4 | loss: 0.0363761
	speed: 0.0329s/iter; left time: 486.9632s
	iters: 400, epoch: 4 | loss: 0.0346444
	speed: 0.0342s/iter; left time: 502.4056s
	iters: 500, epoch: 4 | loss: 0.0307970
	speed: 0.0334s/iter; left time: 487.5050s
	iters: 600, epoch: 4 | loss: 0.0443918
	speed: 0.0348s/iter; left time: 503.8706s
	iters: 700, epoch: 4 | loss: 0.0410118
	speed: 0.0339s/iter; left time: 487.0251s
	iters: 800, epoch: 4 | loss: 0.0462581
	speed: 0.0366s/iter; left time: 522.5182s
	iters: 900, epoch: 4 | loss: 0.0377413
	speed: 0.0353s/iter; left time: 500.8992s
	iters: 1000, epoch: 4 | loss: 0.0299583
	speed: 0.0334s/iter; left time: 470.3934s
	iters: 1100, epoch: 4 | loss: 0.0422403
	speed: 0.0335s/iter; left time: 468.2806s
	iters: 1200, epoch: 4 | loss: 0.0408344
	speed: 0.0335s/iter; left time: 464.9635s
	iters: 1300, epoch: 4 | loss: 0.0481794
	speed: 0.0347s/iter; left time: 478.0014s
	iters: 1400, epoch: 4 | loss: 0.0324603
	speed: 0.0337s/iter; left time: 461.3922s
	iters: 1500, epoch: 4 | loss: 0.0347746
	speed: 0.0340s/iter; left time: 462.0933s
	iters: 1600, epoch: 4 | loss: 0.0359161
	speed: 0.0330s/iter; left time: 444.3580s
	iters: 1700, epoch: 4 | loss: 0.0355051
	speed: 0.0337s/iter; left time: 450.2400s
	iters: 1800, epoch: 4 | loss: 0.0341947
	speed: 0.0334s/iter; left time: 443.9596s
	iters: 1900, epoch: 4 | loss: 0.0438957
	speed: 0.0333s/iter; left time: 438.4641s
	iters: 2000, epoch: 4 | loss: 0.0362456
	speed: 0.0332s/iter; left time: 434.6164s
	iters: 2100, epoch: 4 | loss: 0.0351273
	speed: 0.0332s/iter; left time: 431.3250s
Epoch: 4 cost time: 73.24690628051758
Epoch: 4, Steps: 2154 | Train Loss: 0.0390962 Vali Loss: 0.0506697 Test Loss: 0.0454862
Validation loss decreased (0.046119 --> 0.045486).  Saving model ...
Updating learning rate to 0.0008534895138951646
	iters: 100, epoch: 5 | loss: 0.0322197
	speed: 0.2146s/iter; left time: 2751.7372s
	iters: 200, epoch: 5 | loss: 0.0344464
	speed: 0.0341s/iter; left time: 434.2443s
	iters: 300, epoch: 5 | loss: 0.0497354
	speed: 0.0337s/iter; left time: 425.1755s
	iters: 400, epoch: 5 | loss: 0.0333809
	speed: 0.0339s/iter; left time: 425.0299s
	iters: 500, epoch: 5 | loss: 0.0445787
	speed: 0.0340s/iter; left time: 422.2065s
	iters: 600, epoch: 5 | loss: 0.0403186
	speed: 0.0339s/iter; left time: 417.9859s
	iters: 700, epoch: 5 | loss: 0.0355206
	speed: 0.0329s/iter; left time: 402.8092s
	iters: 800, epoch: 5 | loss: 0.0304476
	speed: 0.0334s/iter; left time: 405.4232s
	iters: 900, epoch: 5 | loss: 0.0432675
	speed: 0.0344s/iter; left time: 413.8021s
	iters: 1000, epoch: 5 | loss: 0.0337515
	speed: 0.0340s/iter; left time: 404.8783s
	iters: 1100, epoch: 5 | loss: 0.0352047
	speed: 0.0328s/iter; left time: 387.6964s
	iters: 1200, epoch: 5 | loss: 0.0361518
	speed: 0.0329s/iter; left time: 385.5264s
	iters: 1300, epoch: 5 | loss: 0.0392801
	speed: 0.0349s/iter; left time: 405.7054s
	iters: 1400, epoch: 5 | loss: 0.0391959
	speed: 0.0340s/iter; left time: 392.3729s
	iters: 1500, epoch: 5 | loss: 0.0354942
	speed: 0.0333s/iter; left time: 380.0104s
	iters: 1600, epoch: 5 | loss: 0.0385017
	speed: 0.0343s/iter; left time: 388.2120s
	iters: 1700, epoch: 5 | loss: 0.0292608
	speed: 0.0328s/iter; left time: 368.7059s
	iters: 1800, epoch: 5 | loss: 0.0418684
	speed: 0.0339s/iter; left time: 377.3153s
	iters: 1900, epoch: 5 | loss: 0.0306017
	speed: 0.0347s/iter; left time: 382.5234s
	iters: 2000, epoch: 5 | loss: 0.0293327
	speed: 0.0329s/iter; left time: 359.1144s
	iters: 2100, epoch: 5 | loss: 0.0566174
	speed: 0.0340s/iter; left time: 367.8121s
Epoch: 5 cost time: 72.78044176101685
Epoch: 5, Steps: 2154 | Train Loss: 0.0377692 Vali Loss: 0.0502500 Test Loss: 0.0449823
Validation loss decreased (0.045486 --> 0.044982).  Saving model ...
Updating learning rate to 0.0006912587310177311
	iters: 100, epoch: 6 | loss: 0.0386837
	speed: 0.2287s/iter; left time: 2440.1084s
	iters: 200, epoch: 6 | loss: 0.0410468
	speed: 0.0339s/iter; left time: 358.5398s
	iters: 300, epoch: 6 | loss: 0.0379401
	speed: 0.0339s/iter; left time: 355.1175s
	iters: 400, epoch: 6 | loss: 0.0467648
	speed: 0.0348s/iter; left time: 360.9690s
	iters: 500, epoch: 6 | loss: 0.0436882
	speed: 0.0350s/iter; left time: 359.9645s
	iters: 600, epoch: 6 | loss: 0.0314685
	speed: 0.0346s/iter; left time: 351.4813s
	iters: 700, epoch: 6 | loss: 0.0444880
	speed: 0.0346s/iter; left time: 348.2563s
	iters: 800, epoch: 6 | loss: 0.0319120
	speed: 0.0344s/iter; left time: 343.3231s
	iters: 900, epoch: 6 | loss: 0.0322657
	speed: 0.0342s/iter; left time: 337.5527s
	iters: 1000, epoch: 6 | loss: 0.0395858
	speed: 0.0349s/iter; left time: 340.8444s
	iters: 1100, epoch: 6 | loss: 0.0341844
	speed: 0.0340s/iter; left time: 328.8657s
	iters: 1200, epoch: 6 | loss: 0.0336514
	speed: 0.0350s/iter; left time: 335.1430s
	iters: 1300, epoch: 6 | loss: 0.0415994
	speed: 0.0364s/iter; left time: 344.5874s
	iters: 1400, epoch: 6 | loss: 0.0412573
	speed: 0.0358s/iter; left time: 335.4738s
	iters: 1500, epoch: 6 | loss: 0.0352919
	speed: 0.0372s/iter; left time: 344.8824s
	iters: 1600, epoch: 6 | loss: 0.0335752
	speed: 0.0364s/iter; left time: 333.7929s
	iters: 1700, epoch: 6 | loss: 0.0370085
	speed: 0.0337s/iter; left time: 305.6926s
	iters: 1800, epoch: 6 | loss: 0.0466460
	speed: 0.0331s/iter; left time: 297.2776s
	iters: 1900, epoch: 6 | loss: 0.0294482
	speed: 0.0336s/iter; left time: 297.8684s
	iters: 2000, epoch: 6 | loss: 0.0403031
	speed: 0.0332s/iter; left time: 291.5942s
	iters: 2100, epoch: 6 | loss: 0.0342458
	speed: 0.0341s/iter; left time: 296.1108s
Epoch: 6 cost time: 75.05217337608337
Epoch: 6, Steps: 2154 | Train Loss: 0.0367799 Vali Loss: 0.0491791 Test Loss: 0.0433529
Validation loss decreased (0.044982 --> 0.043353).  Saving model ...
Updating learning rate to 0.0004999108445894319
	iters: 100, epoch: 7 | loss: 0.0337654
	speed: 0.2120s/iter; left time: 1805.4055s
	iters: 200, epoch: 7 | loss: 0.0461050
	speed: 0.0351s/iter; left time: 295.2158s
	iters: 300, epoch: 7 | loss: 0.0302882
	speed: 0.0337s/iter; left time: 280.0695s
	iters: 400, epoch: 7 | loss: 0.0388144
	speed: 0.0345s/iter; left time: 283.5147s
	iters: 500, epoch: 7 | loss: 0.0287984
	speed: 0.0349s/iter; left time: 283.4722s
	iters: 600, epoch: 7 | loss: 0.0287954
	speed: 0.0333s/iter; left time: 267.0477s
	iters: 700, epoch: 7 | loss: 0.0322959
	speed: 0.0344s/iter; left time: 272.5304s
	iters: 800, epoch: 7 | loss: 0.0316830
	speed: 0.0341s/iter; left time: 266.7250s
	iters: 900, epoch: 7 | loss: 0.0378993
	speed: 0.0335s/iter; left time: 258.3970s
	iters: 1000, epoch: 7 | loss: 0.0227988
	speed: 0.0339s/iter; left time: 258.2241s
	iters: 1100, epoch: 7 | loss: 0.0390377
	speed: 0.0339s/iter; left time: 254.9568s
	iters: 1200, epoch: 7 | loss: 0.0328067
	speed: 0.0326s/iter; left time: 241.5871s
	iters: 1300, epoch: 7 | loss: 0.0368658
	speed: 0.0342s/iter; left time: 249.9703s
	iters: 1400, epoch: 7 | loss: 0.0402547
	speed: 0.0346s/iter; left time: 250.0571s
	iters: 1500, epoch: 7 | loss: 0.0322244
	speed: 0.0338s/iter; left time: 240.7897s
	iters: 1600, epoch: 7 | loss: 0.0267630
	speed: 0.0336s/iter; left time: 235.5787s
	iters: 1700, epoch: 7 | loss: 0.0363639
	speed: 0.0340s/iter; left time: 235.2399s
	iters: 1800, epoch: 7 | loss: 0.0324736
	speed: 0.0349s/iter; left time: 237.9974s
	iters: 1900, epoch: 7 | loss: 0.0311993
	speed: 0.0340s/iter; left time: 228.3710s
	iters: 2000, epoch: 7 | loss: 0.0392612
	speed: 0.0338s/iter; left time: 223.6749s
	iters: 2100, epoch: 7 | loss: 0.0357751
	speed: 0.0359s/iter; left time: 233.7882s
Epoch: 7 cost time: 73.62303328514099
Epoch: 7, Steps: 2154 | Train Loss: 0.0362304 Vali Loss: 0.0484360 Test Loss: 0.0430467
Validation loss decreased (0.043353 --> 0.043047).  Saving model ...
Updating learning rate to 0.00030857683574606596
	iters: 100, epoch: 8 | loss: 0.0326064
	speed: 0.2151s/iter; left time: 1368.5501s
	iters: 200, epoch: 8 | loss: 0.0295936
	speed: 0.0337s/iter; left time: 211.2249s
	iters: 300, epoch: 8 | loss: 0.0338052
	speed: 0.0342s/iter; left time: 210.4994s
	iters: 400, epoch: 8 | loss: 0.0269036
	speed: 0.0342s/iter; left time: 207.5427s
	iters: 500, epoch: 8 | loss: 0.0331842
	speed: 0.0342s/iter; left time: 203.9984s
	iters: 600, epoch: 8 | loss: 0.0378465
	speed: 0.0340s/iter; left time: 199.1042s
	iters: 700, epoch: 8 | loss: 0.0261342
	speed: 0.0340s/iter; left time: 196.1276s
	iters: 800, epoch: 8 | loss: 0.0345000
	speed: 0.0344s/iter; left time: 194.6869s
	iters: 900, epoch: 8 | loss: 0.0346033
	speed: 0.0331s/iter; left time: 184.1950s
	iters: 1000, epoch: 8 | loss: 0.0340318
	speed: 0.0342s/iter; left time: 187.0669s
	iters: 1100, epoch: 8 | loss: 0.0340411
	speed: 0.0339s/iter; left time: 181.9355s
	iters: 1200, epoch: 8 | loss: 0.0359386
	speed: 0.0343s/iter; left time: 180.3795s
	iters: 1300, epoch: 8 | loss: 0.0357936
	speed: 0.0347s/iter; left time: 179.0226s
	iters: 1400, epoch: 8 | loss: 0.0323405
	speed: 0.0340s/iter; left time: 172.1152s
	iters: 1500, epoch: 8 | loss: 0.0391830
	speed: 0.0345s/iter; left time: 171.4651s
	iters: 1600, epoch: 8 | loss: 0.0279651
	speed: 0.0337s/iter; left time: 163.7232s
	iters: 1700, epoch: 8 | loss: 0.0281725
	speed: 0.0343s/iter; left time: 163.4294s
	iters: 1800, epoch: 8 | loss: 0.0401434
	speed: 0.0410s/iter; left time: 191.0242s
	iters: 1900, epoch: 8 | loss: 0.0280642
	speed: 0.0358s/iter; left time: 163.2125s
	iters: 2000, epoch: 8 | loss: 0.0421871
	speed: 0.0345s/iter; left time: 153.7698s
	iters: 2100, epoch: 8 | loss: 0.0305401
	speed: 0.0343s/iter; left time: 149.6494s
Epoch: 8 cost time: 74.51031017303467
Epoch: 8, Steps: 2154 | Train Loss: 0.0355708 Vali Loss: 0.0474798 Test Loss: 0.0420588
Validation loss decreased (0.043047 --> 0.042059).  Saving model ...
Updating learning rate to 0.00014638557288692642
	iters: 100, epoch: 9 | loss: 0.0320156
	speed: 0.2247s/iter; left time: 945.9563s
	iters: 200, epoch: 9 | loss: 0.0365394
	speed: 0.0333s/iter; left time: 136.7696s
	iters: 300, epoch: 9 | loss: 0.0312435
	speed: 0.0352s/iter; left time: 141.0827s
	iters: 400, epoch: 9 | loss: 0.0347860
	speed: 0.0372s/iter; left time: 145.2583s
	iters: 500, epoch: 9 | loss: 0.0304812
	speed: 0.0339s/iter; left time: 129.2793s
	iters: 600, epoch: 9 | loss: 0.0371076
	speed: 0.0343s/iter; left time: 127.2288s
	iters: 700, epoch: 9 | loss: 0.0326518
	speed: 0.0339s/iter; left time: 122.4670s
	iters: 800, epoch: 9 | loss: 0.0363048
	speed: 0.0336s/iter; left time: 117.7506s
	iters: 900, epoch: 9 | loss: 0.0331074
	speed: 0.0349s/iter; left time: 118.8684s
	iters: 1000, epoch: 9 | loss: 0.0322806
	speed: 0.0337s/iter; left time: 111.4721s
	iters: 1100, epoch: 9 | loss: 0.0240201
	speed: 0.0346s/iter; left time: 110.8819s
	iters: 1200, epoch: 9 | loss: 0.0373167
	speed: 0.0346s/iter; left time: 107.4594s
	iters: 1300, epoch: 9 | loss: 0.0257023
	speed: 0.0345s/iter; left time: 103.7300s
	iters: 1400, epoch: 9 | loss: 0.0347328
	speed: 0.0344s/iter; left time: 100.1623s
	iters: 1500, epoch: 9 | loss: 0.0392227
	speed: 0.0346s/iter; left time: 97.0855s
	iters: 1600, epoch: 9 | loss: 0.0360848
	speed: 0.0349s/iter; left time: 94.4279s
	iters: 1700, epoch: 9 | loss: 0.0398028
	speed: 0.0346s/iter; left time: 90.3845s
	iters: 1800, epoch: 9 | loss: 0.0322119
	speed: 0.0339s/iter; left time: 85.0249s
	iters: 1900, epoch: 9 | loss: 0.0335616
	speed: 0.0341s/iter; left time: 82.1692s
	iters: 2000, epoch: 9 | loss: 0.0314101
	speed: 0.0344s/iter; left time: 79.4290s
	iters: 2100, epoch: 9 | loss: 0.0495482
	speed: 0.0346s/iter; left time: 76.5388s
Epoch: 9 cost time: 74.49168515205383
Epoch: 9, Steps: 2154 | Train Loss: 0.0353540 Vali Loss: 0.0478961 Test Loss: 0.0425182
EarlyStopping counter: 1 out of 15
Updating learning rate to 3.802920551485804e-05
	iters: 100, epoch: 10 | loss: 0.0360859
	speed: 0.2161s/iter; left time: 444.1755s
	iters: 200, epoch: 10 | loss: 0.0357558
	speed: 0.0347s/iter; left time: 67.7408s
	iters: 300, epoch: 10 | loss: 0.0293700
	speed: 0.0344s/iter; left time: 63.7482s
	iters: 400, epoch: 10 | loss: 0.0310413
	speed: 0.0347s/iter; left time: 60.8860s
	iters: 500, epoch: 10 | loss: 0.0319094
	speed: 0.0350s/iter; left time: 57.8506s
	iters: 600, epoch: 10 | loss: 0.0252280
	speed: 0.0358s/iter; left time: 55.6613s
	iters: 700, epoch: 10 | loss: 0.0323113
	speed: 0.0337s/iter; left time: 49.0343s
	iters: 800, epoch: 10 | loss: 0.0349741
	speed: 0.0356s/iter; left time: 48.2251s
	iters: 900, epoch: 10 | loss: 0.0346608
	speed: 0.0339s/iter; left time: 42.5584s
	iters: 1000, epoch: 10 | loss: 0.0429119
	speed: 0.0344s/iter; left time: 39.7230s
	iters: 1100, epoch: 10 | loss: 0.0443202
	speed: 0.0340s/iter; left time: 35.8959s
	iters: 1200, epoch: 10 | loss: 0.0402505
	speed: 0.0349s/iter; left time: 33.2920s
	iters: 1300, epoch: 10 | loss: 0.0316928
	speed: 0.0361s/iter; left time: 30.8985s
	iters: 1400, epoch: 10 | loss: 0.0396394
	speed: 0.0338s/iter; left time: 25.5218s
	iters: 1500, epoch: 10 | loss: 0.0376108
	speed: 0.0341s/iter; left time: 22.3509s
	iters: 1600, epoch: 10 | loss: 0.0412122
	speed: 0.0352s/iter; left time: 19.5458s
	iters: 1700, epoch: 10 | loss: 0.0334839
	speed: 0.0341s/iter; left time: 15.5018s
	iters: 1800, epoch: 10 | loss: 0.0354688
	speed: 0.0349s/iter; left time: 12.4027s
	iters: 1900, epoch: 10 | loss: 0.0356352
	speed: 0.0346s/iter; left time: 8.8277s
	iters: 2000, epoch: 10 | loss: 0.0364158
	speed: 0.0343s/iter; left time: 5.3102s
	iters: 2100, epoch: 10 | loss: 0.0369535
	speed: 0.0350s/iter; left time: 1.9276s
Epoch: 10 cost time: 74.90121650695801
Epoch: 10, Steps: 2154 | Train Loss: 0.0351711 Vali Loss: 0.0478264 Test Loss: 0.0423773
EarlyStopping counter: 2 out of 15
Updating learning rate to 4.008309342172464e-09
>>>>>>>testing : imputation_IMP_TimeMixer_ETTm1_mask0.25_none_TimeMixer_ETTm1_sl96_pl0_dm16_nh8_el2_dl1_df32_fc1_ebtimeF_dtTrue_Imp_0<<<<<<<<<<<<<<<<<<<<<<<<<<<<<<<<<
test 11521
test shape: (11520, 96, 7) (11520, 96, 7)
mse:0.042217906564474106, mae:0.12949085235595703
