Args in experiment:
Namespace(activation='gelu', anomaly_ratio=0.25, batch_size=16, c_out=7, channel_independence=1, checkpoints='./checkpoints/', comment='none', d_ff=32, d_layers=1, d_model=16, data='ETTh1', data_path='ETTh1.csv', dec_in=7, decomp_method='moving_avg', des='Imp', devices='0,1', distil=True, down_sampling_layers=3, down_sampling_method='avg', down_sampling_window=2, drop_last=True, dropout=0.1, e_layers=2, embed='timeF', emissions_file='emissions.csv', emissions_output_dir='.', enc_in=7, factor=1, features='M', freq='h', gpu=0, inverse=False, is_training=1, itr=1, label_len=0, learning_rate=0.001, loss='MSE', lradj='TST', mask_rate=0.5, model='TimeMixer', model_id='IMP_TimeMixer_ETTh1_mask0.5', model_type='linear', moving_avg=25, n_heads=8, num_kernels=6, num_workers=0, output_attention=False, p_hidden_dims=[128, 128], p_hidden_layers=2, patience=15, pct_start=0.2, period_len=24, pred_len=0, root_path='<workspace>\\dataset\\ETT-small', seasonal_patterns='Monthly', seq_len=96, target='OT', task_name='imputation', top_k=5, track_emissions=0, train_epochs=10, use_amp=False, use_future_temporal_feature=0, use_gpu=True, use_multi_gpu=False, use_norm=1)
Use GPU: cuda:0
>>>>>>>start training : imputation_IMP_TimeMixer_ETTh1_mask0.5_none_TimeMixer_ETTh1_sl96_pl0_dm16_nh8_el2_dl1_df32_fc1_ebtimeF_dtTrue_Imp_0>>>>>>>>>>>>>>>>>>>>>>>>>>
train 8545
val 2881
test 2881
	iters: 100, epoch: 1 | loss: 0.5698758
	speed: 0.0589s/iter; left time: 308.6747s
	iters: 200, epoch: 1 | loss: 0.3782573
	speed: 0.0353s/iter; left time: 181.3600s
	iters: 300, epoch: 1 | loss: 0.2278616
	speed: 0.0353s/iter; left time: 178.0314s
	iters: 400, epoch: 1 | loss: 0.2096910
	speed: 0.0396s/iter; left time: 195.4709s
	iters: 500, epoch: 1 | loss: 0.1938772
	speed: 0.0440s/iter; left time: 212.8229s
Epoch: 1 cost time: 22.72316074371338
Epoch: 1, Steps: 534 | Train Loss: 0.3552443 Vali Loss: 0.2323000 Test Loss: 0.2344014
Validation loss decreased (inf --> 0.234401).  Saving model ...
Updating learning rate to 0.0005207066372675873
	iters: 100, epoch: 2 | loss: 0.1634905
	speed: 0.1307s/iter; left time: 615.0999s
	iters: 200, epoch: 2 | loss: 0.1569100
	speed: 0.0532s/iter; left time: 245.0248s
	iters: 300, epoch: 2 | loss: 0.1502915
	speed: 0.0506s/iter; left time: 228.1279s
	iters: 400, epoch: 2 | loss: 0.1564440
	speed: 0.0411s/iter; left time: 181.1520s
	iters: 500, epoch: 2 | loss: 0.1363796
	speed: 0.0412s/iter; left time: 177.5577s
Epoch: 2 cost time: 25.40316343307495
Epoch: 2, Steps: 534 | Train Loss: 0.1598405 Vali Loss: 0.1949719 Test Loss: 0.1874450
Validation loss decreased (0.234401 --> 0.187445).  Saving model ...
Updating learning rate to 0.0009999998648003681
	iters: 100, epoch: 3 | loss: 0.1751090
	speed: 0.1069s/iter; left time: 446.2148s
	iters: 200, epoch: 3 | loss: 0.1365087
	speed: 0.0402s/iter; left time: 163.7225s
	iters: 300, epoch: 3 | loss: 0.1380498
	speed: 0.0365s/iter; left time: 145.1112s
	iters: 400, epoch: 3 | loss: 0.1403535
	speed: 0.0331s/iter; left time: 128.1466s
	iters: 500, epoch: 3 | loss: 0.1352029
	speed: 0.0405s/iter; left time: 152.9167s
Epoch: 3 cost time: 20.159286737442017
Epoch: 3, Steps: 534 | Train Loss: 0.1450094 Vali Loss: 0.1796675 Test Loss: 0.1718882
Validation loss decreased (0.187445 --> 0.171888).  Saving model ...
Updating learning rate to 0.0009617990830848397
	iters: 100, epoch: 4 | loss: 0.1489931
	speed: 0.0908s/iter; left time: 330.2581s
	iters: 200, epoch: 4 | loss: 0.1450426
	speed: 0.0494s/iter; left time: 174.8580s
	iters: 300, epoch: 4 | loss: 0.1268942
	speed: 0.0484s/iter; left time: 166.3156s
	iters: 400, epoch: 4 | loss: 0.1355072
	speed: 0.0488s/iter; left time: 163.0541s
	iters: 500, epoch: 4 | loss: 0.1113867
	speed: 0.0404s/iter; left time: 130.9552s
Epoch: 4 cost time: 23.41493272781372
Epoch: 4, Steps: 534 | Train Loss: 0.1385430 Vali Loss: 0.1729581 Test Loss: 0.1649881
Validation loss decreased (0.171888 --> 0.164988).  Saving model ...
Updating learning rate to 0.0008532938816706273
	iters: 100, epoch: 5 | loss: 0.1316278
	speed: 0.0924s/iter; left time: 286.8611s
	iters: 200, epoch: 5 | loss: 0.1385638
	speed: 0.0394s/iter; left time: 118.5188s
	iters: 300, epoch: 5 | loss: 0.1246166
	speed: 0.0343s/iter; left time: 99.5297s
	iters: 400, epoch: 5 | loss: 0.1282024
	speed: 0.0322s/iter; left time: 90.4534s
	iters: 500, epoch: 5 | loss: 0.1521525
	speed: 0.0338s/iter; left time: 91.4882s
Epoch: 5 cost time: 18.585575580596924
Epoch: 5, Steps: 534 | Train Loss: 0.1341833 Vali Loss: 0.1684748 Test Loss: 0.1554804
Validation loss decreased (0.164988 --> 0.155480).  Saving model ...
Updating learning rate to 0.0006910031938709443
	iters: 100, epoch: 6 | loss: 0.1201309
	speed: 0.0843s/iter; left time: 216.6880s
	iters: 200, epoch: 6 | loss: 0.1165888
	speed: 0.0347s/iter; left time: 85.8242s
	iters: 300, epoch: 6 | loss: 0.1278123
	speed: 0.0389s/iter; left time: 92.1137s
	iters: 400, epoch: 6 | loss: 0.1345793
	speed: 0.0439s/iter; left time: 99.6444s
	iters: 500, epoch: 6 | loss: 0.1263194
	speed: 0.0448s/iter; left time: 97.2925s
Epoch: 6 cost time: 21.2591073513031
Epoch: 6, Steps: 534 | Train Loss: 0.1296882 Vali Loss: 0.1638587 Test Loss: 0.1538523
Validation loss decreased (0.155480 --> 0.153852).  Saving model ...
Updating learning rate to 0.0004996343057345438
	iters: 100, epoch: 7 | loss: 0.1141217
	speed: 0.1093s/iter; left time: 222.5515s
	iters: 200, epoch: 7 | loss: 0.1340549
	speed: 0.0357s/iter; left time: 69.2407s
	iters: 300, epoch: 7 | loss: 0.1457863
	speed: 0.0345s/iter; left time: 63.2909s
	iters: 400, epoch: 7 | loss: 0.1370594
	speed: 0.0373s/iter; left time: 64.8730s
	iters: 500, epoch: 7 | loss: 0.1266761
	speed: 0.0440s/iter; left time: 72.0152s
Epoch: 7 cost time: 19.730311632156372
Epoch: 7, Steps: 534 | Train Loss: 0.1268508 Vali Loss: 0.1616867 Test Loss: 0.1491485
Validation loss decreased (0.153852 --> 0.149149).  Saving model ...
Updating learning rate to 0.0003083213957169024
	iters: 100, epoch: 8 | loss: 0.1456454
	speed: 0.0934s/iter; left time: 140.3087s
	iters: 200, epoch: 8 | loss: 0.1225255
	speed: 0.0406s/iter; left time: 56.9431s
	iters: 300, epoch: 8 | loss: 0.1220922
	speed: 0.0509s/iter; left time: 66.3299s
	iters: 400, epoch: 8 | loss: 0.1120794
	speed: 0.0784s/iter; left time: 94.2712s
	iters: 500, epoch: 8 | loss: 0.1151539
	speed: 0.0799s/iter; left time: 88.1223s
Epoch: 8 cost time: 30.14125967025757
Epoch: 8, Steps: 534 | Train Loss: 0.1250500 Vali Loss: 0.1592769 Test Loss: 0.1481016
Validation loss decreased (0.149149 --> 0.148102).  Saving model ...
Updating learning rate to 0.00014619012011235773
	iters: 100, epoch: 9 | loss: 0.1259223
	speed: 0.1035s/iter; left time: 100.3397s
	iters: 200, epoch: 9 | loss: 0.1296483
	speed: 0.0422s/iter; left time: 36.6818s
	iters: 300, epoch: 9 | loss: 0.1271762
	speed: 0.0408s/iter; left time: 31.4017s
	iters: 400, epoch: 9 | loss: 0.1334074
	speed: 0.0489s/iter; left time: 32.7053s
	iters: 500, epoch: 9 | loss: 0.0967892
	speed: 0.0458s/iter; left time: 26.0414s
Epoch: 9 cost time: 22.9803626537323
Epoch: 9, Steps: 534 | Train Loss: 0.1242673 Vali Loss: 0.1579593 Test Loss: 0.1468973
Validation loss decreased (0.148102 --> 0.146897).  Saving model ...
Updating learning rate to 3.792349590802869e-05
	iters: 100, epoch: 10 | loss: 0.1185811
	speed: 0.1054s/iter; left time: 45.8697s
	iters: 200, epoch: 10 | loss: 0.1283770
	speed: 0.0437s/iter; left time: 14.6468s
	iters: 300, epoch: 10 | loss: 0.1054972
	speed: 0.0472s/iter; left time: 11.1018s
	iters: 400, epoch: 10 | loss: 0.1209849
	speed: 0.0436s/iter; left time: 5.8860s
	iters: 500, epoch: 10 | loss: 0.1141434
	speed: 0.0396s/iter; left time: 1.3866s
Epoch: 10 cost time: 22.719857692718506
Epoch: 10, Steps: 534 | Train Loss: 0.1231179 Vali Loss: 0.1568483 Test Loss: 0.1458311
Validation loss decreased (0.146897 --> 0.145831).  Saving model ...
Updating learning rate to 4.1351996319232575e-09
>>>>>>>testing : imputation_IMP_TimeMixer_ETTh1_mask0.5_none_TimeMixer_ETTh1_sl96_pl0_dm16_nh8_el2_dl1_df32_fc1_ebtimeF_dtTrue_Imp_0<<<<<<<<<<<<<<<<<<<<<<<<<<<<<<<<<
test 2881
test shape: (2880, 96, 7) (2880, 96, 7)
mse:0.14643217623233795, mae:0.2498188614845276
