Args in experiment:
Namespace(activation='gelu', anomaly_ratio=0.25, batch_size=16, c_out=7, channel_independence=1, checkpoints='./checkpoints/', comment='none', d_ff=32, d_layers=1, d_model=16, data='ETTh2', data_path='ETTh2.csv', dec_in=7, decomp_method='moving_avg', des='Imp', devices='0,1', distil=True, down_sampling_layers=3, down_sampling_method='avg', down_sampling_window=2, drop_last=True, dropout=0.1, e_layers=2, embed='timeF', emissions_file='emissions.csv', emissions_output_dir='.', enc_in=7, factor=1, features='M', freq='h', gpu=0, inverse=False, is_training=1, itr=1, label_len=0, learning_rate=0.001, loss='MSE', lradj='TST', mask_rate=0.125, model='TimeMixer', model_id='IMP_TimeMixer_ETTh2_mask0.125', model_type='linear', moving_avg=25, n_heads=8, num_kernels=6, num_workers=0, output_attention=False, p_hidden_dims=[128, 128], p_hidden_layers=2, patience=15, pct_start=0.2, period_len=24, pred_len=0, root_path='C:\\Users\\bbbal\\OneDrive\\Masaüstü\\timemixer\\dataset\\ETT-small', seasonal_patterns='Monthly', seq_len=96, target='OT', task_name='imputation', top_k=5, track_emissions=0, train_epochs=10, use_amp=False, use_future_temporal_feature=0, use_gpu=True, use_multi_gpu=False, use_norm=1)
Use GPU: cuda:0
>>>>>>>start training : imputation_IMP_TimeMixer_ETTh2_mask0.125_none_TimeMixer_ETTh2_sl96_pl0_dm16_nh8_el2_dl1_df32_fc1_ebtimeF_dtTrue_Imp_0>>>>>>>>>>>>>>>>>>>>>>>>>>
train 8545
val 2881
test 2881
	iters: 100, epoch: 1 | loss: 0.4144414
	speed: 0.0565s/iter; left time: 295.9104s
	iters: 200, epoch: 1 | loss: 0.1700225
	speed: 0.0301s/iter; left time: 154.6356s
	iters: 300, epoch: 1 | loss: 0.1131077
	speed: 0.0292s/iter; left time: 147.1415s
	iters: 400, epoch: 1 | loss: 0.0835147
	speed: 0.0305s/iter; left time: 150.8460s
	iters: 500, epoch: 1 | loss: 0.1078484
	speed: 0.0367s/iter; left time: 177.7417s
Epoch: 1 cost time: 19.458574533462524
Epoch: 1, Steps: 534 | Train Loss: 0.2069288 Vali Loss: 0.0573909 Test Loss: 0.0650520
Validation loss decreased (inf --> 0.065052).  Saving model ...
Updating learning rate to 0.0005207066372675873
	iters: 100, epoch: 2 | loss: 0.0733742
	speed: 0.0797s/iter; left time: 375.3011s
	iters: 200, epoch: 2 | loss: 0.0503053
	speed: 0.0309s/iter; left time: 142.1403s
	iters: 300, epoch: 2 | loss: 0.0515285
	speed: 0.0304s/iter; left time: 136.8831s
	iters: 400, epoch: 2 | loss: 0.0654887
	speed: 0.0307s/iter; left time: 135.3435s
	iters: 500, epoch: 2 | loss: 0.0652134
	speed: 0.0302s/iter; left time: 130.1040s
Epoch: 2 cost time: 16.328176975250244
Epoch: 2, Steps: 534 | Train Loss: 0.0704535 Vali Loss: 0.0551673 Test Loss: 0.0620160
Validation loss decreased (0.065052 --> 0.062016).  Saving model ...
Updating learning rate to 0.0009999998648003681
	iters: 100, epoch: 3 | loss: 0.0759391
	speed: 0.0734s/iter; left time: 306.3648s
	iters: 200, epoch: 3 | loss: 0.0536118
	speed: 0.0337s/iter; left time: 137.3144s
	iters: 300, epoch: 3 | loss: 0.0454988
	speed: 0.0263s/iter; left time: 104.3842s
	iters: 400, epoch: 3 | loss: 0.0822416
	speed: 0.0266s/iter; left time: 102.9783s
	iters: 500, epoch: 3 | loss: 0.0607272
	speed: 0.0267s/iter; left time: 100.7817s
Epoch: 3 cost time: 15.16048288345337
Epoch: 3, Steps: 534 | Train Loss: 0.0654155 Vali Loss: 0.0542838 Test Loss: 0.0608422
Validation loss decreased (0.062016 --> 0.060842).  Saving model ...
Updating learning rate to 0.0009617990830848397
	iters: 100, epoch: 4 | loss: 0.0913004
	speed: 0.0653s/iter; left time: 237.6634s
	iters: 200, epoch: 4 | loss: 0.0694704
	speed: 0.0265s/iter; left time: 93.8377s
	iters: 300, epoch: 4 | loss: 0.0534941
	speed: 0.0263s/iter; left time: 90.5696s
	iters: 400, epoch: 4 | loss: 0.0535293
	speed: 0.0262s/iter; left time: 87.5074s
	iters: 500, epoch: 4 | loss: 0.0603165
	speed: 0.0261s/iter; left time: 84.3817s
Epoch: 4 cost time: 14.041534900665283
Epoch: 4, Steps: 534 | Train Loss: 0.0630130 Vali Loss: 0.0537441 Test Loss: 0.0603367
Validation loss decreased (0.060842 --> 0.060337).  Saving model ...
Updating learning rate to 0.0008532938816706273
	iters: 100, epoch: 5 | loss: 0.0608109
	speed: 0.0650s/iter; left time: 201.8469s
	iters: 200, epoch: 5 | loss: 0.0576165
	speed: 0.0261s/iter; left time: 78.5001s
	iters: 300, epoch: 5 | loss: 0.0523730
	speed: 0.0266s/iter; left time: 77.4052s
	iters: 400, epoch: 5 | loss: 0.0715434
	speed: 0.0270s/iter; left time: 75.7249s
	iters: 500, epoch: 5 | loss: 0.0655783
	speed: 0.0261s/iter; left time: 70.5176s
Epoch: 5 cost time: 14.050666809082031
Epoch: 5, Steps: 534 | Train Loss: 0.0615746 Vali Loss: 0.0528855 Test Loss: 0.0600768
Validation loss decreased (0.060337 --> 0.060077).  Saving model ...
Updating learning rate to 0.0006910031938709443
	iters: 100, epoch: 6 | loss: 0.0605206
	speed: 0.0649s/iter; left time: 166.8372s
	iters: 200, epoch: 6 | loss: 0.0499325
	speed: 0.0258s/iter; left time: 63.8293s
	iters: 300, epoch: 6 | loss: 0.0488157
	speed: 0.0264s/iter; left time: 62.4967s
	iters: 400, epoch: 6 | loss: 0.0622458
	speed: 0.0262s/iter; left time: 59.6131s
	iters: 500, epoch: 6 | loss: 0.0576272
	speed: 0.0263s/iter; left time: 57.1241s
Epoch: 6 cost time: 14.002388715744019
Epoch: 6, Steps: 534 | Train Loss: 0.0618887 Vali Loss: 0.0525335 Test Loss: 0.0600722
Validation loss decreased (0.060077 --> 0.060072).  Saving model ...
Updating learning rate to 0.0004996343057345438
	iters: 100, epoch: 7 | loss: 0.0452761
	speed: 0.0653s/iter; left time: 132.9784s
	iters: 200, epoch: 7 | loss: 0.0610929
	speed: 0.0281s/iter; left time: 54.3972s
	iters: 300, epoch: 7 | loss: 0.0778833
	speed: 0.0263s/iter; left time: 48.3609s
	iters: 400, epoch: 7 | loss: 0.0754518
	speed: 0.0260s/iter; left time: 45.2473s
	iters: 500, epoch: 7 | loss: 0.0466684
	speed: 0.0261s/iter; left time: 42.7145s
Epoch: 7 cost time: 14.168991327285767
Epoch: 7, Steps: 534 | Train Loss: 0.0604093 Vali Loss: 0.0527771 Test Loss: 0.0593717
Validation loss decreased (0.060072 --> 0.059372).  Saving model ...
Updating learning rate to 0.0003083213957169024
	iters: 100, epoch: 8 | loss: 0.0625210
	speed: 0.0646s/iter; left time: 97.0383s
	iters: 200, epoch: 8 | loss: 0.0874275
	speed: 0.0259s/iter; left time: 36.3907s
	iters: 300, epoch: 8 | loss: 0.0533191
	speed: 0.0265s/iter; left time: 34.4794s
	iters: 400, epoch: 8 | loss: 0.0518019
	speed: 0.0260s/iter; left time: 31.2606s
	iters: 500, epoch: 8 | loss: 0.0736983
	speed: 0.0265s/iter; left time: 29.2384s
Epoch: 8 cost time: 13.955946207046509
Epoch: 8, Steps: 534 | Train Loss: 0.0600821 Vali Loss: 0.0525156 Test Loss: 0.0590221
Validation loss decreased (0.059372 --> 0.059022).  Saving model ...
Updating learning rate to 0.00014619012011235773
	iters: 100, epoch: 9 | loss: 0.0562911
	speed: 0.0644s/iter; left time: 62.3768s
	iters: 200, epoch: 9 | loss: 0.0641207
	speed: 0.0256s/iter; left time: 22.2390s
	iters: 300, epoch: 9 | loss: 0.0474374
	speed: 0.0264s/iter; left time: 20.2898s
	iters: 400, epoch: 9 | loss: 0.0518600
	speed: 0.0267s/iter; left time: 17.8808s
	iters: 500, epoch: 9 | loss: 0.0629922
	speed: 0.0265s/iter; left time: 15.0912s
Epoch: 9 cost time: 14.026033401489258
Epoch: 9, Steps: 534 | Train Loss: 0.0597244 Vali Loss: 0.0524949 Test Loss: 0.0584675
Validation loss decreased (0.059022 --> 0.058468).  Saving model ...
Updating learning rate to 3.792349590802869e-05
	iters: 100, epoch: 10 | loss: 0.0582789
	speed: 0.0654s/iter; left time: 28.4358s
	iters: 200, epoch: 10 | loss: 0.0731957
	speed: 0.0269s/iter; left time: 9.0141s
	iters: 300, epoch: 10 | loss: 0.0592926
	speed: 0.0259s/iter; left time: 6.0859s
	iters: 400, epoch: 10 | loss: 0.0459190
	speed: 0.0260s/iter; left time: 3.5141s
	iters: 500, epoch: 10 | loss: 0.0556620
	speed: 0.0278s/iter; left time: 0.9724s
Epoch: 10 cost time: 14.269687414169312
Epoch: 10, Steps: 534 | Train Loss: 0.0593146 Vali Loss: 0.0528964 Test Loss: 0.0594157
EarlyStopping counter: 1 out of 15
Updating learning rate to 4.1351996319232575e-09
>>>>>>>testing : imputation_IMP_TimeMixer_ETTh2_mask0.125_none_TimeMixer_ETTh2_sl96_pl0_dm16_nh8_el2_dl1_df32_fc1_ebtimeF_dtTrue_Imp_0<<<<<<<<<<<<<<<<<<<<<<<<<<<<<<<<<
test 2881
test shape: (2880, 96, 7) (2880, 96, 7)
mse:0.05852968618273735, mae:0.15071387588977814
