Args in experiment:
Namespace(activation='gelu', anomaly_ratio=0.25, batch_size=16, c_out=21, channel_independence=1, checkpoints='./checkpoints/', comment='none', d_ff=32, d_layers=1, d_model=16, data='custom', data_path='weather.csv', dec_in=21, decomp_method='moving_avg', des='Imp', devices='0,1', distil=True, down_sampling_layers=3, down_sampling_method='avg', down_sampling_window=2, drop_last=True, dropout=0.1, e_layers=2, embed='timeF', emissions_file='emissions.csv', emissions_output_dir='.', enc_in=21, factor=1, features='M', freq='h', gpu=0, inverse=False, is_training=1, itr=1, label_len=0, learning_rate=0.001, loss='MSE', lradj='TST', mask_rate=0.125, model='TimeMixer', model_id='IMP_TimeMixer_Weather_mask0.125', model_type='linear', moving_avg=25, n_heads=8, num_kernels=6, num_workers=0, output_attention=False, p_hidden_dims=[128, 128], p_hidden_layers=2, patience=15, pct_start=0.2, period_len=4, pred_len=0, root_path='<workspace>\\dataset\\weather', seasonal_patterns='Monthly', seq_len=96, target='OT', task_name='imputation', top_k=5, track_emissions=0, train_epochs=10, use_amp=False, use_future_temporal_feature=0, use_gpu=True, use_multi_gpu=False, use_norm=1)
Use GPU: cuda:0
>>>>>>>start training : imputation_IMP_TimeMixer_Weather_mask0.125_none_TimeMixer_custom_sl96_pl0_dm16_nh8_el2_dl1_df32_fc1_ebtimeF_dtTrue_Imp_0>>>>>>>>>>>>>>>>>>>>>>>>>>
train 36792
val 5271
test 10540
	iters: 100, epoch: 1 | loss: 0.6219535
	speed: 0.0653s/iter; left time: 1495.5366s
	iters: 200, epoch: 1 | loss: 0.4826153
	speed: 0.0337s/iter; left time: 769.1902s
	iters: 300, epoch: 1 | loss: 0.2171739
	speed: 0.0346s/iter; left time: 784.8313s
	iters: 400, epoch: 1 | loss: 0.2200597
	speed: 0.0353s/iter; left time: 796.4221s
	iters: 500, epoch: 1 | loss: 0.1410998
	speed: 0.0351s/iter; left time: 789.0797s
	iters: 600, epoch: 1 | loss: 0.0888361
	speed: 0.0340s/iter; left time: 761.4697s
	iters: 700, epoch: 1 | loss: 0.0825666
	speed: 0.0344s/iter; left time: 766.0563s
	iters: 800, epoch: 1 | loss: 0.0543669
	speed: 0.0341s/iter; left time: 756.8850s
	iters: 900, epoch: 1 | loss: 0.0588863
	speed: 0.0342s/iter; left time: 754.5518s
	iters: 1000, epoch: 1 | loss: 0.1660889
	speed: 0.0342s/iter; left time: 751.3835s
	iters: 1100, epoch: 1 | loss: 0.0648332
	speed: 0.0335s/iter; left time: 733.7324s
	iters: 1200, epoch: 1 | loss: 0.2726706
	speed: 0.0329s/iter; left time: 717.9292s
	iters: 1300, epoch: 1 | loss: 0.0698621
	speed: 0.0332s/iter; left time: 720.3710s
	iters: 1400, epoch: 1 | loss: 0.0402729
	speed: 0.0343s/iter; left time: 740.3714s
	iters: 1500, epoch: 1 | loss: 0.0611009
	speed: 0.0339s/iter; left time: 727.5905s
	iters: 1600, epoch: 1 | loss: 0.4080626
	speed: 0.0331s/iter; left time: 708.8010s
	iters: 1700, epoch: 1 | loss: 0.1119790
	speed: 0.0334s/iter; left time: 710.1408s
	iters: 1800, epoch: 1 | loss: 0.1797516
	speed: 0.0335s/iter; left time: 710.0934s
	iters: 1900, epoch: 1 | loss: 0.1280146
	speed: 0.0334s/iter; left time: 704.5328s
	iters: 2000, epoch: 1 | loss: 0.0592871
	speed: 0.0340s/iter; left time: 713.4286s
	iters: 2100, epoch: 1 | loss: 0.0500773
	speed: 0.0369s/iter; left time: 771.0682s
	iters: 2200, epoch: 1 | loss: 0.1887424
	speed: 0.0346s/iter; left time: 720.2658s
Epoch: 1 cost time: 81.51459169387817
Epoch: 1, Steps: 2299 | Train Loss: 0.2519080 Vali Loss: 0.0686625 Test Loss: 0.0297518
Validation loss decreased (inf --> 0.029752).  Saving model ...
Updating learning rate to 0.0005201640161457883
	iters: 100, epoch: 2 | loss: 0.0605028
	speed: 0.1820s/iter; left time: 3746.8737s
	iters: 200, epoch: 2 | loss: 0.1022176
	speed: 0.0349s/iter; left time: 715.5321s
	iters: 300, epoch: 2 | loss: 0.0443941
	speed: 0.0337s/iter; left time: 688.1482s
	iters: 400, epoch: 2 | loss: 0.1663830
	speed: 0.0339s/iter; left time: 688.0245s
	iters: 500, epoch: 2 | loss: 0.0528612
	speed: 0.0342s/iter; left time: 690.1673s
	iters: 600, epoch: 2 | loss: 0.0646804
	speed: 0.0341s/iter; left time: 685.9214s
	iters: 700, epoch: 2 | loss: 0.1539822
	speed: 0.0379s/iter; left time: 758.1963s
	iters: 800, epoch: 2 | loss: 0.0978064
	speed: 0.0342s/iter; left time: 680.0781s
	iters: 900, epoch: 2 | loss: 0.0666425
	speed: 0.0347s/iter; left time: 686.6268s
	iters: 1000, epoch: 2 | loss: 0.1061571
	speed: 0.0337s/iter; left time: 663.3477s
	iters: 1100, epoch: 2 | loss: 0.2089570
	speed: 0.0376s/iter; left time: 737.5296s
	iters: 1200, epoch: 2 | loss: 0.0481099
	speed: 0.0375s/iter; left time: 730.0888s
	iters: 1300, epoch: 2 | loss: 0.5538542
	speed: 0.0339s/iter; left time: 656.9114s
	iters: 1400, epoch: 2 | loss: 0.0801851
	speed: 0.0362s/iter; left time: 698.6911s
	iters: 1500, epoch: 2 | loss: 0.0722663
	speed: 0.0340s/iter; left time: 652.0772s
	iters: 1600, epoch: 2 | loss: 0.0660916
	speed: 0.0347s/iter; left time: 662.1822s
	iters: 1700, epoch: 2 | loss: 0.0490266
	speed: 0.0351s/iter; left time: 665.9524s
	iters: 1800, epoch: 2 | loss: 0.0710991
	speed: 0.0348s/iter; left time: 657.7563s
	iters: 1900, epoch: 2 | loss: 0.1161797
	speed: 0.0353s/iter; left time: 662.7294s
	iters: 2000, epoch: 2 | loss: 0.0680860
	speed: 0.0346s/iter; left time: 646.6686s
	iters: 2100, epoch: 2 | loss: 0.0538170
	speed: 0.0340s/iter; left time: 631.2433s
	iters: 2200, epoch: 2 | loss: 0.0525709
	speed: 0.0334s/iter; left time: 617.8447s
Epoch: 2 cost time: 79.99820470809937
Epoch: 2, Steps: 2299 | Train Loss: 0.1622609 Vali Loss: 0.0702658 Test Loss: 0.0290658
Validation loss decreased (0.029752 --> 0.029066).  Saving model ...
Updating learning rate to 0.000999999992705759
	iters: 100, epoch: 3 | loss: 0.0486668
	speed: 0.1854s/iter; left time: 3391.0451s
	iters: 200, epoch: 3 | loss: 0.1107346
	speed: 0.0348s/iter; left time: 632.2396s
	iters: 300, epoch: 3 | loss: 0.0748022
	speed: 0.0365s/iter; left time: 660.4663s
	iters: 400, epoch: 3 | loss: 0.1150254
	speed: 0.0337s/iter; left time: 605.9810s
	iters: 500, epoch: 3 | loss: 0.0595692
	speed: 0.0343s/iter; left time: 614.5856s
	iters: 600, epoch: 3 | loss: 0.0703764
	speed: 0.0339s/iter; left time: 602.9863s
	iters: 700, epoch: 3 | loss: 0.1946034
	speed: 0.0355s/iter; left time: 627.2419s
	iters: 800, epoch: 3 | loss: 0.0876868
	speed: 0.0342s/iter; left time: 601.8075s
	iters: 900, epoch: 3 | loss: 0.1861977
	speed: 0.0348s/iter; left time: 608.9741s
	iters: 1000, epoch: 3 | loss: 0.1604153
	speed: 0.0359s/iter; left time: 624.4484s
	iters: 1100, epoch: 3 | loss: 0.1243184
	speed: 0.0352s/iter; left time: 608.6187s
	iters: 1200, epoch: 3 | loss: 0.0313564
	speed: 0.0343s/iter; left time: 590.1490s
	iters: 1300, epoch: 3 | loss: 0.0452198
	speed: 0.0343s/iter; left time: 585.9851s
	iters: 1400, epoch: 3 | loss: 0.0523911
	speed: 0.0353s/iter; left time: 599.9853s
	iters: 1500, epoch: 3 | loss: 0.0467534
	speed: 0.0343s/iter; left time: 580.0373s
	iters: 1600, epoch: 3 | loss: 0.0400896
	speed: 0.0335s/iter; left time: 563.0347s
	iters: 1700, epoch: 3 | loss: 0.0467011
	speed: 0.0347s/iter; left time: 578.5388s
	iters: 1800, epoch: 3 | loss: 0.0677901
	speed: 0.0338s/iter; left time: 560.7643s
	iters: 1900, epoch: 3 | loss: 0.1747674
	speed: 0.0347s/iter; left time: 571.8306s
	iters: 2000, epoch: 3 | loss: 0.0483441
	speed: 0.0339s/iter; left time: 554.9045s
	iters: 2100, epoch: 3 | loss: 1.3765291
	speed: 0.0341s/iter; left time: 556.2013s
	iters: 2200, epoch: 3 | loss: 0.2389724
	speed: 0.0338s/iter; left time: 547.0955s
Epoch: 3 cost time: 79.51931977272034
Epoch: 3, Steps: 2299 | Train Loss: 0.1486932 Vali Loss: 0.0740372 Test Loss: 0.0291448
EarlyStopping counter: 1 out of 15
Updating learning rate to 0.0009619072282363468
	iters: 100, epoch: 4 | loss: 0.1294614
	speed: 0.1835s/iter; left time: 2934.7344s
	iters: 200, epoch: 4 | loss: 0.0447426
	speed: 0.0345s/iter; left time: 548.1740s
	iters: 300, epoch: 4 | loss: 0.0439368
	speed: 0.0348s/iter; left time: 549.7748s
	iters: 400, epoch: 4 | loss: 0.9577610
	speed: 0.0338s/iter; left time: 529.7449s
	iters: 500, epoch: 4 | loss: 0.0815370
	speed: 0.0352s/iter; left time: 548.8651s
	iters: 600, epoch: 4 | loss: 0.0695180
	speed: 0.0358s/iter; left time: 554.3690s
	iters: 700, epoch: 4 | loss: 0.1000957
	speed: 0.0336s/iter; left time: 517.0658s
	iters: 800, epoch: 4 | loss: 0.0660134
	speed: 0.0341s/iter; left time: 521.8848s
	iters: 900, epoch: 4 | loss: 0.0516571
	speed: 0.0346s/iter; left time: 525.8285s
	iters: 1000, epoch: 4 | loss: 0.0578662
	speed: 0.0336s/iter; left time: 506.5364s
	iters: 1100, epoch: 4 | loss: 0.0728354
	speed: 0.0373s/iter; left time: 559.1703s
	iters: 1200, epoch: 4 | loss: 0.0681402
	speed: 0.0341s/iter; left time: 508.1461s
	iters: 1300, epoch: 4 | loss: 0.0536273
	speed: 0.0348s/iter; left time: 514.4085s
	iters: 1400, epoch: 4 | loss: 0.1387218
	speed: 0.0355s/iter; left time: 521.7122s
	iters: 1500, epoch: 4 | loss: 0.0623155
	speed: 0.0347s/iter; left time: 506.5807s
	iters: 1600, epoch: 4 | loss: 0.1528202
	speed: 0.0340s/iter; left time: 492.5306s
	iters: 1700, epoch: 4 | loss: 0.1163491
	speed: 0.0340s/iter; left time: 489.1450s
	iters: 1800, epoch: 4 | loss: 0.3303066
	speed: 0.0349s/iter; left time: 498.3847s
	iters: 1900, epoch: 4 | loss: 0.0624466
	speed: 0.0343s/iter; left time: 486.7277s
	iters: 2000, epoch: 4 | loss: 0.2253067
	speed: 0.0346s/iter; left time: 488.2549s
	iters: 2100, epoch: 4 | loss: 0.0717075
	speed: 0.0344s/iter; left time: 481.9607s
	iters: 2200, epoch: 4 | loss: 0.1039307
	speed: 0.0356s/iter; left time: 494.6600s
Epoch: 4 cost time: 79.78010678291321
Epoch: 4, Steps: 2299 | Train Loss: 0.1400226 Vali Loss: 0.0642881 Test Loss: 0.0282692
Validation loss decreased (0.029066 --> 0.028269).  Saving model ...
Updating learning rate to 0.0008534935799492716
	iters: 100, epoch: 5 | loss: 0.0770807
	speed: 0.1863s/iter; left time: 2552.0124s
	iters: 200, epoch: 5 | loss: 0.1177314
	speed: 0.0384s/iter; left time: 522.5392s
	iters: 300, epoch: 5 | loss: 0.0590848
	speed: 0.0342s/iter; left time: 461.5771s
	iters: 400, epoch: 5 | loss: 0.1311023
	speed: 0.0346s/iter; left time: 464.0531s
	iters: 500, epoch: 5 | loss: 0.2692327
	speed: 0.0342s/iter; left time: 455.2404s
	iters: 600, epoch: 5 | loss: 0.0639327
	speed: 0.0341s/iter; left time: 449.4543s
	iters: 700, epoch: 5 | loss: 0.2802486
	speed: 0.0347s/iter; left time: 453.7869s
	iters: 800, epoch: 5 | loss: 0.0726354
	speed: 0.0354s/iter; left time: 459.6887s
	iters: 900, epoch: 5 | loss: 0.1346829
	speed: 0.0352s/iter; left time: 453.2796s
	iters: 1000, epoch: 5 | loss: 0.1188575
	speed: 0.0366s/iter; left time: 467.7091s
	iters: 1100, epoch: 5 | loss: 0.0766581
	speed: 0.0350s/iter; left time: 444.0292s
	iters: 1200, epoch: 5 | loss: 0.1274583
	speed: 0.0356s/iter; left time: 447.8511s
	iters: 1300, epoch: 5 | loss: 0.0614366
	speed: 0.0346s/iter; left time: 432.7292s
	iters: 1400, epoch: 5 | loss: 0.1180486
	speed: 0.0359s/iter; left time: 445.5612s
	iters: 1500, epoch: 5 | loss: 0.0471098
	speed: 0.0363s/iter; left time: 446.8102s
	iters: 1600, epoch: 5 | loss: 0.0567910
	speed: 0.0349s/iter; left time: 425.7502s
	iters: 1700, epoch: 5 | loss: 0.0748270
	speed: 0.0351s/iter; left time: 425.1294s
	iters: 1800, epoch: 5 | loss: 0.0412599
	speed: 0.0344s/iter; left time: 412.5552s
	iters: 1900, epoch: 5 | loss: 0.0464418
	speed: 0.0361s/iter; left time: 429.8436s
	iters: 2000, epoch: 5 | loss: 0.0584396
	speed: 0.0348s/iter; left time: 410.1961s
	iters: 2100, epoch: 5 | loss: 0.0699945
	speed: 0.0350s/iter; left time: 409.5496s
	iters: 2200, epoch: 5 | loss: 0.0480241
	speed: 0.0352s/iter; left time: 407.8360s
Epoch: 5 cost time: 80.86993360519409
Epoch: 5, Steps: 2299 | Train Loss: 0.1367384 Vali Loss: 0.0677261 Test Loss: 0.0288478
EarlyStopping counter: 1 out of 15
Updating learning rate to 0.0006912640430240716
	iters: 100, epoch: 6 | loss: 0.0456782
	speed: 0.1849s/iter; left time: 2106.9597s
	iters: 200, epoch: 6 | loss: 0.1198527
	speed: 0.0349s/iter; left time: 394.2992s
	iters: 300, epoch: 6 | loss: 0.0652919
	speed: 0.0345s/iter; left time: 385.7357s
	iters: 400, epoch: 6 | loss: 0.1107422
	speed: 0.0355s/iter; left time: 394.2719s
	iters: 500, epoch: 6 | loss: 0.0441490
	speed: 0.0365s/iter; left time: 401.5256s
	iters: 600, epoch: 6 | loss: 0.1222890
	speed: 0.0363s/iter; left time: 395.3636s
	iters: 700, epoch: 6 | loss: 1.3247780
	speed: 0.0375s/iter; left time: 404.4986s
	iters: 800, epoch: 6 | loss: 0.0815465
	speed: 0.0366s/iter; left time: 391.8686s
	iters: 900, epoch: 6 | loss: 0.2016206
	speed: 0.0343s/iter; left time: 363.2558s
	iters: 1000, epoch: 6 | loss: 0.0631446
	speed: 0.0354s/iter; left time: 371.8416s
	iters: 1100, epoch: 6 | loss: 0.1301374
	speed: 0.0346s/iter; left time: 359.2500s
	iters: 1200, epoch: 6 | loss: 0.0418725
	speed: 0.0362s/iter; left time: 373.1121s
	iters: 1300, epoch: 6 | loss: 0.0545805
	speed: 0.0349s/iter; left time: 355.4214s
	iters: 1400, epoch: 6 | loss: 0.0791633
	speed: 0.0347s/iter; left time: 350.7515s
	iters: 1500, epoch: 6 | loss: 0.0977163
	speed: 0.0349s/iter; left time: 348.4700s
	iters: 1600, epoch: 6 | loss: 0.2031730
	speed: 0.0359s/iter; left time: 355.0280s
	iters: 1700, epoch: 6 | loss: 0.1683734
	speed: 0.0361s/iter; left time: 353.7820s
	iters: 1800, epoch: 6 | loss: 0.1115039
	speed: 0.0350s/iter; left time: 339.8319s
	iters: 1900, epoch: 6 | loss: 0.0360128
	speed: 0.0358s/iter; left time: 343.8142s
	iters: 2000, epoch: 6 | loss: 0.0406982
	speed: 0.0349s/iter; left time: 331.4555s
	iters: 2100, epoch: 6 | loss: 0.3387454
	speed: 0.0357s/iter; left time: 335.6160s
	iters: 2200, epoch: 6 | loss: 0.0538388
	speed: 0.0357s/iter; left time: 331.7675s
Epoch: 6 cost time: 81.59977912902832
Epoch: 6, Steps: 2299 | Train Loss: 0.1597688 Vali Loss: 0.0683461 Test Loss: 0.0282612
Validation loss decreased (0.028269 --> 0.028261).  Saving model ...
Updating learning rate to 0.0004999165938431942
	iters: 100, epoch: 7 | loss: 0.1248092
	speed: 0.1892s/iter; left time: 1720.7398s
	iters: 200, epoch: 7 | loss: 0.0418978
	speed: 0.0350s/iter; left time: 314.9202s
	iters: 300, epoch: 7 | loss: 0.0451005
	speed: 0.0350s/iter; left time: 311.3720s
	iters: 400, epoch: 7 | loss: 0.0350257
	speed: 0.0352s/iter; left time: 309.6484s
	iters: 500, epoch: 7 | loss: 0.1543131
	speed: 0.0348s/iter; left time: 302.9429s
	iters: 600, epoch: 7 | loss: 0.0502181
	speed: 0.0340s/iter; left time: 291.8876s
	iters: 700, epoch: 7 | loss: 0.0381829
	speed: 0.0364s/iter; left time: 308.9299s
	iters: 800, epoch: 7 | loss: 0.0899265
	speed: 0.0346s/iter; left time: 290.6446s
	iters: 900, epoch: 7 | loss: 0.0365437
	speed: 0.0345s/iter; left time: 285.8561s
	iters: 1000, epoch: 7 | loss: 0.0802520
	speed: 0.0351s/iter; left time: 287.5465s
	iters: 1100, epoch: 7 | loss: 9.3388529
	speed: 0.0340s/iter; left time: 275.1100s
	iters: 1200, epoch: 7 | loss: 0.0508935
	speed: 0.0348s/iter; left time: 278.6369s
	iters: 1300, epoch: 7 | loss: 0.1254969
	speed: 0.0349s/iter; left time: 275.5405s
	iters: 1400, epoch: 7 | loss: 0.0607743
	speed: 0.0343s/iter; left time: 267.3885s
	iters: 1500, epoch: 7 | loss: 0.0479351
	speed: 0.0354s/iter; left time: 272.3568s
	iters: 1600, epoch: 7 | loss: 0.0462342
	speed: 0.0356s/iter; left time: 270.5176s
	iters: 1700, epoch: 7 | loss: 0.0628019
	speed: 0.0368s/iter; left time: 276.1243s
	iters: 1800, epoch: 7 | loss: 0.1313593
	speed: 0.0380s/iter; left time: 280.7596s
	iters: 1900, epoch: 7 | loss: 0.0566867
	speed: 0.0351s/iter; left time: 256.3714s
	iters: 2000, epoch: 7 | loss: 0.0421517
	speed: 0.0356s/iter; left time: 256.3307s
	iters: 2100, epoch: 7 | loss: 0.0632142
	speed: 0.0346s/iter; left time: 245.6412s
	iters: 2200, epoch: 7 | loss: 0.0356545
	speed: 0.0359s/iter; left time: 251.0724s
Epoch: 7 cost time: 80.92293810844421
Epoch: 7, Steps: 2299 | Train Loss: 0.1408333 Vali Loss: 0.0657292 Test Loss: 0.0280419
Validation loss decreased (0.028261 --> 0.028042).  Saving model ...
Updating learning rate to 0.00030858214697548176
	iters: 100, epoch: 8 | loss: 0.0923486
	speed: 0.1878s/iter; left time: 1276.6765s
	iters: 200, epoch: 8 | loss: 0.0409602
	speed: 0.0357s/iter; left time: 238.9693s
	iters: 300, epoch: 8 | loss: 0.1423597
	speed: 0.0343s/iter; left time: 226.0716s
	iters: 400, epoch: 8 | loss: 0.0486505
	speed: 0.0355s/iter; left time: 230.4683s
	iters: 500, epoch: 8 | loss: 0.0726908
	speed: 0.0356s/iter; left time: 227.6262s
	iters: 600, epoch: 8 | loss: 0.0877539
	speed: 0.0346s/iter; left time: 217.8672s
	iters: 700, epoch: 8 | loss: 0.0330725
	speed: 0.0363s/iter; left time: 224.8562s
	iters: 800, epoch: 8 | loss: 0.0459536
	speed: 0.0386s/iter; left time: 235.5349s
	iters: 900, epoch: 8 | loss: 0.0510216
	speed: 0.0349s/iter; left time: 209.2869s
	iters: 1000, epoch: 8 | loss: 0.0477704
	speed: 0.0366s/iter; left time: 215.6665s
	iters: 1100, epoch: 8 | loss: 0.0454849
	speed: 0.0346s/iter; left time: 200.7938s
	iters: 1200, epoch: 8 | loss: 0.0550175
	speed: 0.0351s/iter; left time: 200.1546s
	iters: 1300, epoch: 8 | loss: 0.0381566
	speed: 0.0352s/iter; left time: 196.9626s
	iters: 1400, epoch: 8 | loss: 0.1762194
	speed: 0.0349s/iter; left time: 191.9426s
	iters: 1500, epoch: 8 | loss: 0.0488008
	speed: 0.0354s/iter; left time: 190.8636s
	iters: 1600, epoch: 8 | loss: 0.0785879
	speed: 0.0359s/iter; left time: 190.1970s
	iters: 1700, epoch: 8 | loss: 0.0491703
	speed: 0.0347s/iter; left time: 180.2841s
	iters: 1800, epoch: 8 | loss: 0.0508501
	speed: 0.0351s/iter; left time: 178.9945s
	iters: 1900, epoch: 8 | loss: 0.0626508
	speed: 0.0349s/iter; left time: 174.4790s
	iters: 2000, epoch: 8 | loss: 0.0493250
	speed: 0.0348s/iter; left time: 170.4626s
	iters: 2100, epoch: 8 | loss: 0.1538334
	speed: 0.0347s/iter; left time: 166.7247s
	iters: 2200, epoch: 8 | loss: 0.0527080
	speed: 0.0354s/iter; left time: 166.4288s
Epoch: 8 cost time: 81.25351071357727
Epoch: 8, Steps: 2299 | Train Loss: 0.1094031 Vali Loss: 0.0636722 Test Loss: 0.0274202
Validation loss decreased (0.028042 --> 0.027420).  Saving model ...
Updating learning rate to 0.00014638963750546335
	iters: 100, epoch: 9 | loss: 0.0647441
	speed: 0.1909s/iter; left time: 858.9238s
	iters: 200, epoch: 9 | loss: 0.0692734
	speed: 0.0358s/iter; left time: 157.6756s
	iters: 300, epoch: 9 | loss: 0.0429086
	speed: 0.0375s/iter; left time: 161.2802s
	iters: 400, epoch: 9 | loss: 0.0553253
	speed: 0.0344s/iter; left time: 144.3036s
	iters: 500, epoch: 9 | loss: 0.0443315
	speed: 0.0364s/iter; left time: 149.0386s
	iters: 600, epoch: 9 | loss: 0.0681207
	speed: 0.0353s/iter; left time: 141.2571s
	iters: 700, epoch: 9 | loss: 0.0541347
	speed: 0.0354s/iter; left time: 137.9454s
	iters: 800, epoch: 9 | loss: 0.1345465
	speed: 0.0356s/iter; left time: 135.1320s
	iters: 900, epoch: 9 | loss: 0.1344396
	speed: 0.0355s/iter; left time: 131.1741s
	iters: 1000, epoch: 9 | loss: 0.2503665
	speed: 0.0356s/iter; left time: 128.0102s
	iters: 1100, epoch: 9 | loss: 0.0450896
	speed: 0.0351s/iter; left time: 122.8593s
	iters: 1200, epoch: 9 | loss: 0.0494724
	speed: 0.0352s/iter; left time: 119.6086s
	iters: 1300, epoch: 9 | loss: 0.0261826
	speed: 0.0354s/iter; left time: 116.6834s
	iters: 1400, epoch: 9 | loss: 0.0568607
	speed: 0.0373s/iter; left time: 119.2168s
	iters: 1500, epoch: 9 | loss: 0.0400719
	speed: 0.0376s/iter; left time: 116.6744s
	iters: 1600, epoch: 9 | loss: 0.0604809
	speed: 0.0381s/iter; left time: 114.2103s
	iters: 1700, epoch: 9 | loss: 0.0629191
	speed: 0.0359s/iter; left time: 104.2132s
	iters: 1800, epoch: 9 | loss: 0.0764381
	speed: 0.0356s/iter; left time: 99.6287s
	iters: 1900, epoch: 9 | loss: 0.1423401
	speed: 0.0345s/iter; left time: 93.0055s
	iters: 2000, epoch: 9 | loss: 0.0600123
	speed: 0.0364s/iter; left time: 94.6020s
	iters: 2100, epoch: 9 | loss: 0.0496877
	speed: 0.0356s/iter; left time: 88.8895s
	iters: 2200, epoch: 9 | loss: 0.0542944
	speed: 0.0349s/iter; left time: 83.7666s
Epoch: 9 cost time: 82.3592414855957
Epoch: 9, Steps: 2299 | Train Loss: 0.1305884 Vali Loss: 0.0657725 Test Loss: 0.0276732
EarlyStopping counter: 1 out of 15
Updating learning rate to 3.803140472118991e-05
	iters: 100, epoch: 10 | loss: 0.1059456
	speed: 0.1877s/iter; left time: 412.9574s
	iters: 200, epoch: 10 | loss: 0.0470952
	speed: 0.0373s/iter; left time: 78.2487s
	iters: 300, epoch: 10 | loss: 0.0935319
	speed: 0.0363s/iter; left time: 72.5681s
	iters: 400, epoch: 10 | loss: 0.0981627
	speed: 0.0357s/iter; left time: 67.7990s
	iters: 500, epoch: 10 | loss: 0.0597281
	speed: 0.0362s/iter; left time: 65.1885s
	iters: 600, epoch: 10 | loss: 0.1175445
	speed: 0.0385s/iter; left time: 65.5238s
	iters: 700, epoch: 10 | loss: 0.1429137
	speed: 0.0358s/iter; left time: 57.3371s
	iters: 800, epoch: 10 | loss: 0.0749874
	speed: 0.0351s/iter; left time: 52.5995s
	iters: 900, epoch: 10 | loss: 0.0439775
	speed: 0.0356s/iter; left time: 49.8242s
	iters: 1000, epoch: 10 | loss: 0.3672166
	speed: 0.0347s/iter; left time: 45.1572s
	iters: 1100, epoch: 10 | loss: 0.0439506
	speed: 0.0369s/iter; left time: 44.2429s
	iters: 1200, epoch: 10 | loss: 0.0428342
	speed: 0.0354s/iter; left time: 38.9594s
	iters: 1300, epoch: 10 | loss: 0.0343991
	speed: 0.0369s/iter; left time: 36.9123s
	iters: 1400, epoch: 10 | loss: 0.0424491
	speed: 0.0358s/iter; left time: 32.2355s
	iters: 1500, epoch: 10 | loss: 0.0788337
	speed: 0.0355s/iter; left time: 28.4047s
	iters: 1600, epoch: 10 | loss: 0.0905586
	speed: 0.0394s/iter; left time: 27.5530s
	iters: 1700, epoch: 10 | loss: 0.0513235
	speed: 0.0359s/iter; left time: 21.5289s
	iters: 1800, epoch: 10 | loss: 0.0936594
	speed: 0.0366s/iter; left time: 18.2791s
	iters: 1900, epoch: 10 | loss: 0.1085356
	speed: 0.0350s/iter; left time: 14.0083s
	iters: 2000, epoch: 10 | loss: 0.0398088
	speed: 0.0363s/iter; left time: 10.9035s
	iters: 2100, epoch: 10 | loss: 0.0459906
	speed: 0.0358s/iter; left time: 7.1674s
	iters: 2200, epoch: 10 | loss: 0.1616511
	speed: 0.0376s/iter; left time: 3.7624s
Epoch: 10 cost time: 83.45527076721191
Epoch: 10, Steps: 2299 | Train Loss: 0.1372741 Vali Loss: 0.0602701 Test Loss: 0.0275098
EarlyStopping counter: 2 out of 15
Updating learning rate to 4.00729424084425e-09
>>>>>>>testing : imputation_IMP_TimeMixer_Weather_mask0.125_none_TimeMixer_custom_sl96_pl0_dm16_nh8_el2_dl1_df32_fc1_ebtimeF_dtTrue_Imp_0<<<<<<<<<<<<<<<<<<<<<<<<<<<<<<<<<
test 10540
test shape: (10528, 96, 21) (10528, 96, 21)
mse:0.02713017724454403, mae:0.0438658781349659
