Args in experiment:
Namespace(activation='gelu', anomaly_ratio=0.25, batch_size=16, c_out=21, channel_independence=1, checkpoints='./checkpoints/', comment='none', d_ff=32, d_layers=1, d_model=16, data='custom', data_path='weather.csv', dec_in=21, decomp_method='moving_avg', des='Imp', devices='0,1', distil=True, down_sampling_layers=3, down_sampling_method='avg', down_sampling_window=2, drop_last=True, dropout=0.1, e_layers=2, embed='timeF', emissions_file='emissions.csv', emissions_output_dir='.', enc_in=21, factor=1, features='M', freq='h', gpu=0, inverse=False, is_training=1, itr=1, label_len=0, learning_rate=0.001, loss='MSE', lradj='TST', mask_rate=0.25, model='TimeMixer', model_id='IMP_TimeMixer_Weather_mask0.25', model_type='linear', moving_avg=25, n_heads=8, num_kernels=6, num_workers=0, output_attention=False, p_hidden_dims=[128, 128], p_hidden_layers=2, patience=15, pct_start=0.2, period_len=4, pred_len=0, root_path='C:\\Users\\bbbal\\OneDrive\\Masaüstü\\timemixer\\dataset\\weather', seasonal_patterns='Monthly', seq_len=96, target='OT', task_name='imputation', top_k=5, track_emissions=0, train_epochs=10, use_amp=False, use_future_temporal_feature=0, use_gpu=True, use_multi_gpu=False, use_norm=1)
Use GPU: cuda:0
>>>>>>>start training : imputation_IMP_TimeMixer_Weather_mask0.25_none_TimeMixer_custom_sl96_pl0_dm16_nh8_el2_dl1_df32_fc1_ebtimeF_dtTrue_Imp_0>>>>>>>>>>>>>>>>>>>>>>>>>>
train 36792
val 5271
test 10540
	iters: 100, epoch: 1 | loss: 0.5632543
	speed: 0.0681s/iter; left time: 1557.8958s
	iters: 200, epoch: 1 | loss: 0.4692561
	speed: 0.0413s/iter; left time: 941.4206s
	iters: 300, epoch: 1 | loss: 0.1954426
	speed: 0.0360s/iter; left time: 817.6386s
	iters: 400, epoch: 1 | loss: 0.2139133
	speed: 0.0357s/iter; left time: 806.6119s
	iters: 500, epoch: 1 | loss: 0.1369404
	speed: 0.0344s/iter; left time: 774.4942s
	iters: 600, epoch: 1 | loss: 0.0868091
	speed: 0.0363s/iter; left time: 812.7671s
	iters: 700, epoch: 1 | loss: 0.0897130
	speed: 0.0362s/iter; left time: 807.1775s
	iters: 800, epoch: 1 | loss: 0.0639252
	speed: 0.0372s/iter; left time: 826.5860s
	iters: 900, epoch: 1 | loss: 0.0671996
	speed: 0.0369s/iter; left time: 814.3807s
	iters: 1000, epoch: 1 | loss: 0.2285357
	speed: 0.0364s/iter; left time: 800.0051s
	iters: 1100, epoch: 1 | loss: 0.1000386
	speed: 0.0357s/iter; left time: 781.2861s
	iters: 1200, epoch: 1 | loss: 0.1833408
	speed: 0.0358s/iter; left time: 780.4512s
	iters: 1300, epoch: 1 | loss: 0.1039367
	speed: 0.0352s/iter; left time: 763.9012s
	iters: 1400, epoch: 1 | loss: 0.0484845
	speed: 0.0373s/iter; left time: 806.1812s
	iters: 1500, epoch: 1 | loss: 0.0672635
	speed: 0.0350s/iter; left time: 751.2589s
	iters: 1600, epoch: 1 | loss: 0.2421612
	speed: 0.0364s/iter; left time: 779.0186s
	iters: 1700, epoch: 1 | loss: 0.1060129
	speed: 0.0374s/iter; left time: 796.6734s
	iters: 1800, epoch: 1 | loss: 0.2892247
	speed: 0.0376s/iter; left time: 797.2633s
	iters: 1900, epoch: 1 | loss: 0.2175249
	speed: 0.0371s/iter; left time: 783.2557s
	iters: 2000, epoch: 1 | loss: 0.0679044
	speed: 0.0368s/iter; left time: 771.7674s
	iters: 2100, epoch: 1 | loss: 0.0680003
	speed: 0.0368s/iter; left time: 769.2425s
	iters: 2200, epoch: 1 | loss: 0.2629212
	speed: 0.0372s/iter; left time: 774.4427s
Epoch: 1 cost time: 87.29303359985352
Epoch: 1, Steps: 2299 | Train Loss: 0.2470466 Vali Loss: 0.0850229 Test Loss: 0.0343939
Validation loss decreased (inf --> 0.034394).  Saving model ...
Updating learning rate to 0.0005201640161457883
	iters: 100, epoch: 2 | loss: 0.1107131
	speed: 0.1944s/iter; left time: 4002.4859s
	iters: 200, epoch: 2 | loss: 0.0985829
	speed: 0.0368s/iter; left time: 753.7398s
	iters: 300, epoch: 2 | loss: 0.0728364
	speed: 0.0368s/iter; left time: 751.3952s
	iters: 400, epoch: 2 | loss: 0.2387750
	speed: 0.0379s/iter; left time: 769.8484s
	iters: 500, epoch: 2 | loss: 0.0563596
	speed: 0.0367s/iter; left time: 742.0476s
	iters: 600, epoch: 2 | loss: 0.0805619
	speed: 0.0389s/iter; left time: 780.5745s
	iters: 700, epoch: 2 | loss: 0.1208396
	speed: 0.0366s/iter; left time: 732.5151s
	iters: 800, epoch: 2 | loss: 0.0889755
	speed: 0.0422s/iter; left time: 838.7416s
	iters: 900, epoch: 2 | loss: 0.0729217
	speed: 0.0369s/iter; left time: 730.0008s
	iters: 1000, epoch: 2 | loss: 0.0880942
	speed: 0.0385s/iter; left time: 758.9252s
	iters: 1100, epoch: 2 | loss: 0.1347112
	speed: 0.0374s/iter; left time: 732.2237s
	iters: 1200, epoch: 2 | loss: 0.0698019
	speed: 0.0367s/iter; left time: 715.8988s
	iters: 1300, epoch: 2 | loss: 0.2801591
	speed: 0.0364s/iter; left time: 705.2547s
	iters: 1400, epoch: 2 | loss: 0.1180158
	speed: 0.0380s/iter; left time: 732.8861s
	iters: 1500, epoch: 2 | loss: 0.0689287
	speed: 0.0372s/iter; left time: 714.7290s
	iters: 1600, epoch: 2 | loss: 0.0751958
	speed: 0.0366s/iter; left time: 698.4320s
	iters: 1700, epoch: 2 | loss: 0.0932816
	speed: 0.0369s/iter; left time: 700.7681s
	iters: 1800, epoch: 2 | loss: 0.0964065
	speed: 0.0373s/iter; left time: 705.5922s
	iters: 1900, epoch: 2 | loss: 0.0980985
	speed: 0.0370s/iter; left time: 694.7166s
	iters: 2000, epoch: 2 | loss: 0.0619263
	speed: 0.0369s/iter; left time: 690.2937s
	iters: 2100, epoch: 2 | loss: 0.0585503
	speed: 0.0372s/iter; left time: 691.7628s
	iters: 2200, epoch: 2 | loss: 0.0503536
	speed: 0.0363s/iter; left time: 671.6364s
Epoch: 2 cost time: 85.8473391532898
Epoch: 2, Steps: 2299 | Train Loss: 0.1563140 Vali Loss: 0.0818061 Test Loss: 0.0326132
Validation loss decreased (0.034394 --> 0.032613).  Saving model ...
Updating learning rate to 0.000999999992705759
	iters: 100, epoch: 3 | loss: 0.0609554
	speed: 0.2008s/iter; left time: 3673.0227s
	iters: 200, epoch: 3 | loss: 0.1222689
	speed: 0.0375s/iter; left time: 682.5577s
	iters: 300, epoch: 3 | loss: 0.0769014
	speed: 0.0368s/iter; left time: 666.4196s
	iters: 400, epoch: 3 | loss: 0.1446160
	speed: 0.0379s/iter; left time: 681.1005s
	iters: 500, epoch: 3 | loss: 0.1178673
	speed: 0.0371s/iter; left time: 664.5617s
	iters: 600, epoch: 3 | loss: 0.0940438
	speed: 0.0367s/iter; left time: 653.2476s
	iters: 700, epoch: 3 | loss: 0.2278301
	speed: 0.0368s/iter; left time: 651.1208s
	iters: 800, epoch: 3 | loss: 0.0670180
	speed: 0.0375s/iter; left time: 659.2794s
	iters: 900, epoch: 3 | loss: 0.1530272
	speed: 0.0391s/iter; left time: 683.8892s
	iters: 1000, epoch: 3 | loss: 0.1077049
	speed: 0.0383s/iter; left time: 665.3619s
	iters: 1100, epoch: 3 | loss: 0.1405284
	speed: 0.0394s/iter; left time: 681.0366s
	iters: 1200, epoch: 3 | loss: 0.0500065
	speed: 0.0379s/iter; left time: 650.9397s
	iters: 1300, epoch: 3 | loss: 0.0529415
	speed: 0.0383s/iter; left time: 655.1605s
	iters: 1400, epoch: 3 | loss: 0.1019972
	speed: 0.0401s/iter; left time: 681.1075s
	iters: 1500, epoch: 3 | loss: 0.0605662
	speed: 0.0375s/iter; left time: 633.3086s
	iters: 1600, epoch: 3 | loss: 0.0884738
	speed: 0.0377s/iter; left time: 633.9192s
	iters: 1700, epoch: 3 | loss: 0.0563575
	speed: 0.0367s/iter; left time: 612.2385s
	iters: 1800, epoch: 3 | loss: 0.0650736
	speed: 0.0378s/iter; left time: 626.4078s
	iters: 1900, epoch: 3 | loss: 0.2134602
	speed: 0.0388s/iter; left time: 640.7107s
	iters: 2000, epoch: 3 | loss: 0.0516070
	speed: 0.0394s/iter; left time: 645.8773s
	iters: 2100, epoch: 3 | loss: 1.0554916
	speed: 0.0380s/iter; left time: 619.8559s
	iters: 2200, epoch: 3 | loss: 0.1504085
	speed: 0.0376s/iter; left time: 608.6707s
Epoch: 3 cost time: 87.03258109092712
Epoch: 3, Steps: 2299 | Train Loss: 0.1608739 Vali Loss: 0.0866101 Test Loss: 0.0324981
Validation loss decreased (0.032613 --> 0.032498).  Saving model ...
Updating learning rate to 0.0009619072282363468
	iters: 100, epoch: 4 | loss: 0.0460804
	speed: 0.1973s/iter; left time: 3155.7120s
	iters: 200, epoch: 4 | loss: 0.0423186
	speed: 0.0371s/iter; left time: 590.1598s
	iters: 300, epoch: 4 | loss: 0.0600359
	speed: 0.0418s/iter; left time: 660.8866s
	iters: 400, epoch: 4 | loss: 0.5225025
	speed: 0.0372s/iter; left time: 584.5807s
	iters: 500, epoch: 4 | loss: 0.0854677
	speed: 0.0379s/iter; left time: 591.1619s
	iters: 600, epoch: 4 | loss: 0.0713911
	speed: 0.0374s/iter; left time: 579.2971s
	iters: 700, epoch: 4 | loss: 0.0970386
	speed: 0.0372s/iter; left time: 572.6412s
	iters: 800, epoch: 4 | loss: 0.0742173
	speed: 0.0372s/iter; left time: 568.2100s
	iters: 900, epoch: 4 | loss: 0.0594177
	speed: 0.0378s/iter; left time: 573.6710s
	iters: 1000, epoch: 4 | loss: 0.0657182
	speed: 0.0398s/iter; left time: 601.1624s
	iters: 1100, epoch: 4 | loss: 0.0884234
	speed: 0.0396s/iter; left time: 594.0120s
	iters: 1200, epoch: 4 | loss: 0.0703525
	speed: 0.0405s/iter; left time: 603.8456s
	iters: 1300, epoch: 4 | loss: 0.0563527
	speed: 0.0375s/iter; left time: 554.2539s
	iters: 1400, epoch: 4 | loss: 0.2429346
	speed: 0.0387s/iter; left time: 568.0775s
	iters: 1500, epoch: 4 | loss: 0.1114934
	speed: 0.0364s/iter; left time: 530.5076s
	iters: 1600, epoch: 4 | loss: 0.1285607
	speed: 0.0378s/iter; left time: 548.1699s
	iters: 1700, epoch: 4 | loss: 0.1521723
	speed: 0.0374s/iter; left time: 538.8775s
	iters: 1800, epoch: 4 | loss: 0.2939790
	speed: 0.0387s/iter; left time: 553.2696s
	iters: 1900, epoch: 4 | loss: 0.0734933
	speed: 0.0386s/iter; left time: 547.7482s
	iters: 2000, epoch: 4 | loss: 0.3714417
	speed: 0.0369s/iter; left time: 520.5188s
	iters: 2100, epoch: 4 | loss: 0.0641979
	speed: 0.0382s/iter; left time: 535.2267s
	iters: 2200, epoch: 4 | loss: 0.0872764
	speed: 0.0369s/iter; left time: 512.6966s
Epoch: 4 cost time: 87.65742874145508
Epoch: 4, Steps: 2299 | Train Loss: 0.1555954 Vali Loss: 0.0804968 Test Loss: 0.0317384
Validation loss decreased (0.032498 --> 0.031738).  Saving model ...
Updating learning rate to 0.0008534935799492716
	iters: 100, epoch: 5 | loss: 0.0825091
	speed: 0.2027s/iter; left time: 2776.5807s
	iters: 200, epoch: 5 | loss: 0.0743683
	speed: 0.0393s/iter; left time: 533.7640s
	iters: 300, epoch: 5 | loss: 0.0782798
	speed: 0.0356s/iter; left time: 479.8230s
	iters: 400, epoch: 5 | loss: 0.1438920
	speed: 0.0393s/iter; left time: 526.9351s
	iters: 500, epoch: 5 | loss: 0.1759303
	speed: 0.0377s/iter; left time: 501.3566s
	iters: 600, epoch: 5 | loss: 0.0816458
	speed: 0.0381s/iter; left time: 502.1142s
	iters: 700, epoch: 5 | loss: 0.1876453
	speed: 0.0395s/iter; left time: 517.2937s
	iters: 800, epoch: 5 | loss: 0.0594844
	speed: 0.0422s/iter; left time: 548.4447s
	iters: 900, epoch: 5 | loss: 0.1204569
	speed: 0.0387s/iter; left time: 498.6947s
	iters: 1000, epoch: 5 | loss: 0.1673375
	speed: 0.0390s/iter; left time: 498.7517s
	iters: 1100, epoch: 5 | loss: 0.0837554
	speed: 0.0389s/iter; left time: 493.7446s
	iters: 1200, epoch: 5 | loss: 0.1036232
	speed: 0.0377s/iter; left time: 474.3936s
	iters: 1300, epoch: 5 | loss: 0.0965380
	speed: 0.0373s/iter; left time: 466.6644s
	iters: 1400, epoch: 5 | loss: 0.1128930
	speed: 0.0401s/iter; left time: 497.2148s
	iters: 1500, epoch: 5 | loss: 0.0813038
	speed: 0.0381s/iter; left time: 468.7905s
	iters: 1600, epoch: 5 | loss: 0.1066618
	speed: 0.0417s/iter; left time: 508.0271s
	iters: 1700, epoch: 5 | loss: 0.0934766
	speed: 0.0385s/iter; left time: 465.4793s
	iters: 1800, epoch: 5 | loss: 0.0968807
	speed: 0.0397s/iter; left time: 476.3928s
	iters: 1900, epoch: 5 | loss: 0.0486874
	speed: 0.0380s/iter; left time: 451.5180s
	iters: 2000, epoch: 5 | loss: 0.0588669
	speed: 0.0375s/iter; left time: 442.2387s
	iters: 2100, epoch: 5 | loss: 0.0863511
	speed: 0.0384s/iter; left time: 449.0220s
	iters: 2200, epoch: 5 | loss: 0.0550471
	speed: 0.0385s/iter; left time: 446.6230s
Epoch: 5 cost time: 88.89825320243835
Epoch: 5, Steps: 2299 | Train Loss: 0.1380369 Vali Loss: 0.0767699 Test Loss: 0.0316070
Validation loss decreased (0.031738 --> 0.031607).  Saving model ...
Updating learning rate to 0.0006912640430240716
	iters: 100, epoch: 6 | loss: 0.0518007
	speed: 0.2053s/iter; left time: 2339.1013s
	iters: 200, epoch: 6 | loss: 0.0963598
	speed: 0.0381s/iter; left time: 429.8721s
	iters: 300, epoch: 6 | loss: 0.1317623
	speed: 0.0380s/iter; left time: 425.1573s
	iters: 400, epoch: 6 | loss: 0.0915202
	speed: 0.0393s/iter; left time: 435.9212s
	iters: 500, epoch: 6 | loss: 0.0464450
	speed: 0.0396s/iter; left time: 435.7866s
	iters: 600, epoch: 6 | loss: 0.0942770
	speed: 0.0377s/iter; left time: 410.8053s
	iters: 700, epoch: 6 | loss: 0.6653891
	speed: 0.0380s/iter; left time: 410.4784s
	iters: 800, epoch: 6 | loss: 0.0910859
	speed: 0.0387s/iter; left time: 413.5297s
	iters: 900, epoch: 6 | loss: 0.1385867
	speed: 0.0376s/iter; left time: 398.5811s
	iters: 1000, epoch: 6 | loss: 0.0640468
	speed: 0.0391s/iter; left time: 410.6481s
	iters: 1100, epoch: 6 | loss: 0.1700453
	speed: 0.0454s/iter; left time: 472.0494s
	iters: 1200, epoch: 6 | loss: 0.0550501
	speed: 0.0385s/iter; left time: 396.0726s
	iters: 1300, epoch: 6 | loss: 0.0756426
	speed: 0.0410s/iter; left time: 417.8726s
	iters: 1400, epoch: 6 | loss: 0.1358126
	speed: 0.0387s/iter; left time: 391.1448s
	iters: 1500, epoch: 6 | loss: 0.1134201
	speed: 0.0383s/iter; left time: 382.5512s
	iters: 1600, epoch: 6 | loss: 0.1261967
	speed: 0.0384s/iter; left time: 380.4872s
	iters: 1700, epoch: 6 | loss: 0.1265389
	speed: 0.0381s/iter; left time: 373.5223s
	iters: 1800, epoch: 6 | loss: 0.1070333
	speed: 0.0383s/iter; left time: 371.3038s
	iters: 1900, epoch: 6 | loss: 0.0415425
	speed: 0.0386s/iter; left time: 369.9604s
	iters: 2000, epoch: 6 | loss: 0.0461604
	speed: 0.0385s/iter; left time: 366.0096s
	iters: 2100, epoch: 6 | loss: 0.1922541
	speed: 0.0380s/iter; left time: 357.4515s
	iters: 2200, epoch: 6 | loss: 0.0589442
	speed: 0.0389s/iter; left time: 361.7917s
Epoch: 6 cost time: 89.36108541488647
Epoch: 6, Steps: 2299 | Train Loss: 0.1614253 Vali Loss: 0.0793300 Test Loss: 0.0309959
Validation loss decreased (0.031607 --> 0.030996).  Saving model ...
Updating learning rate to 0.0004999165938431942
	iters: 100, epoch: 7 | loss: 0.0952706
	speed: 0.2062s/iter; left time: 1875.9630s
	iters: 200, epoch: 7 | loss: 0.0416964
	speed: 0.0423s/iter; left time: 380.7175s
	iters: 300, epoch: 7 | loss: 0.0518007
	speed: 0.0395s/iter; left time: 351.0879s
	iters: 400, epoch: 7 | loss: 0.0387365
	speed: 0.0398s/iter; left time: 350.1644s
	iters: 500, epoch: 7 | loss: 0.1132447
	speed: 0.0391s/iter; left time: 340.4750s
	iters: 600, epoch: 7 | loss: 0.0570257
	speed: 0.0380s/iter; left time: 326.4443s
	iters: 700, epoch: 7 | loss: 0.0527094
	speed: 0.0382s/iter; left time: 324.2098s
	iters: 800, epoch: 7 | loss: 0.0822078
	speed: 0.0400s/iter; left time: 336.0671s
	iters: 900, epoch: 7 | loss: 0.0472539
	speed: 0.0387s/iter; left time: 320.7892s
	iters: 1000, epoch: 7 | loss: 0.1488082
	speed: 0.0380s/iter; left time: 311.8386s
	iters: 1100, epoch: 7 | loss: 4.6972766
	speed: 0.0370s/iter; left time: 299.4378s
	iters: 1200, epoch: 7 | loss: 0.0512291
	speed: 0.0401s/iter; left time: 321.0091s
	iters: 1300, epoch: 7 | loss: 0.1145476
	speed: 0.0390s/iter; left time: 308.0036s
	iters: 1400, epoch: 7 | loss: 0.0665232
	speed: 0.0378s/iter; left time: 294.9821s
	iters: 1500, epoch: 7 | loss: 0.0903220
	speed: 0.0406s/iter; left time: 312.2187s
	iters: 1600, epoch: 7 | loss: 0.0516269
	speed: 0.0391s/iter; left time: 296.9581s
	iters: 1700, epoch: 7 | loss: 0.0527125
	speed: 0.0430s/iter; left time: 322.2409s
	iters: 1800, epoch: 7 | loss: 0.1684172
	speed: 0.0380s/iter; left time: 281.3939s
	iters: 1900, epoch: 7 | loss: 0.1063716
	speed: 0.0380s/iter; left time: 277.2548s
	iters: 2000, epoch: 7 | loss: 0.0496131
	speed: 0.0387s/iter; left time: 278.8580s
	iters: 2100, epoch: 7 | loss: 0.1295163
	speed: 0.0375s/iter; left time: 266.2886s
	iters: 2200, epoch: 7 | loss: 0.0341543
	speed: 0.0392s/iter; left time: 274.5485s
Epoch: 7 cost time: 89.79720997810364
Epoch: 7, Steps: 2299 | Train Loss: 0.1457251 Vali Loss: 0.0719973 Test Loss: 0.0303729
Validation loss decreased (0.030996 --> 0.030373).  Saving model ...
Updating learning rate to 0.00030858214697548176
	iters: 100, epoch: 8 | loss: 0.1158839
	speed: 0.2112s/iter; left time: 1435.8737s
	iters: 200, epoch: 8 | loss: 0.0428206
	speed: 0.0403s/iter; left time: 270.1774s
	iters: 300, epoch: 8 | loss: 0.1251137
	speed: 0.0404s/iter; left time: 266.8540s
	iters: 400, epoch: 8 | loss: 0.0585843
	speed: 0.0392s/iter; left time: 254.5094s
	iters: 500, epoch: 8 | loss: 0.0655413
	speed: 0.0389s/iter; left time: 248.6902s
	iters: 600, epoch: 8 | loss: 0.0879488
	speed: 0.0446s/iter; left time: 280.9868s
	iters: 700, epoch: 8 | loss: 0.0338397
	speed: 0.0394s/iter; left time: 244.1925s
	iters: 800, epoch: 8 | loss: 0.0615647
	speed: 0.0389s/iter; left time: 237.4194s
	iters: 900, epoch: 8 | loss: 0.0641442
	speed: 0.0387s/iter; left time: 231.9700s
	iters: 1000, epoch: 8 | loss: 0.0531223
	speed: 0.0414s/iter; left time: 244.4472s
	iters: 1100, epoch: 8 | loss: 0.0481466
	speed: 0.0396s/iter; left time: 229.7483s
	iters: 1200, epoch: 8 | loss: 0.0884966
	speed: 0.0414s/iter; left time: 235.9393s
	iters: 1300, epoch: 8 | loss: 0.0375408
	speed: 0.0384s/iter; left time: 214.8907s
	iters: 1400, epoch: 8 | loss: 0.1187898
	speed: 0.0388s/iter; left time: 213.4567s
	iters: 1500, epoch: 8 | loss: 0.0576993
	speed: 0.0392s/iter; left time: 211.6223s
	iters: 1600, epoch: 8 | loss: 0.1550968
	speed: 0.0389s/iter; left time: 206.2659s
	iters: 1700, epoch: 8 | loss: 0.1495988
	speed: 0.0381s/iter; left time: 198.2084s
	iters: 1800, epoch: 8 | loss: 0.0567054
	speed: 0.0382s/iter; left time: 194.7916s
	iters: 1900, epoch: 8 | loss: 0.0710387
	speed: 0.0472s/iter; left time: 235.8005s
	iters: 2000, epoch: 8 | loss: 0.0978100
	speed: 0.0396s/iter; left time: 193.8166s
	iters: 2100, epoch: 8 | loss: 0.1276263
	speed: 0.0441s/iter; left time: 211.6648s
	iters: 2200, epoch: 8 | loss: 0.0675813
	speed: 0.0393s/iter; left time: 184.7307s
Epoch: 8 cost time: 92.56122732162476
Epoch: 8, Steps: 2299 | Train Loss: 0.1317985 Vali Loss: 0.0720176 Test Loss: 0.0302046
Validation loss decreased (0.030373 --> 0.030205).  Saving model ...
Updating learning rate to 0.00014638963750546335
	iters: 100, epoch: 9 | loss: 0.0620948
	speed: 0.2050s/iter; left time: 922.2874s
	iters: 200, epoch: 9 | loss: 0.0726446
	speed: 0.0393s/iter; left time: 173.0427s
	iters: 300, epoch: 9 | loss: 0.0776190
	speed: 0.0390s/iter; left time: 167.6599s
	iters: 400, epoch: 9 | loss: 0.0952321
	speed: 0.0423s/iter; left time: 177.7292s
	iters: 500, epoch: 9 | loss: 0.0508777
	speed: 0.0378s/iter; left time: 154.8957s
	iters: 600, epoch: 9 | loss: 0.0943903
	speed: 0.0386s/iter; left time: 154.5435s
	iters: 700, epoch: 9 | loss: 0.0559793
	speed: 0.0374s/iter; left time: 145.7268s
	iters: 800, epoch: 9 | loss: 0.1149998
	speed: 0.0420s/iter; left time: 159.5744s
	iters: 900, epoch: 9 | loss: 0.0902837
	speed: 0.0374s/iter; left time: 138.2644s
	iters: 1000, epoch: 9 | loss: 0.3059080
	speed: 0.0408s/iter; left time: 146.8748s
	iters: 1100, epoch: 9 | loss: 0.0433076
	speed: 0.0391s/iter; left time: 136.7852s
	iters: 1200, epoch: 9 | loss: 0.0645481
	speed: 0.0384s/iter; left time: 130.5230s
	iters: 1300, epoch: 9 | loss: 0.0288618
	speed: 0.0385s/iter; left time: 126.8904s
	iters: 1400, epoch: 9 | loss: 0.0577541
	speed: 0.0397s/iter; left time: 126.8883s
	iters: 1500, epoch: 9 | loss: 0.0448019
	speed: 0.0399s/iter; left time: 123.6994s
	iters: 1600, epoch: 9 | loss: 0.0590282
	speed: 0.0379s/iter; left time: 113.5327s
	iters: 1700, epoch: 9 | loss: 0.0660308
	speed: 0.0393s/iter; left time: 114.0370s
	iters: 1800, epoch: 9 | loss: 0.0724905
	speed: 0.0375s/iter; left time: 104.9182s
	iters: 1900, epoch: 9 | loss: 0.1026773
	speed: 0.0371s/iter; left time: 100.0924s
	iters: 2000, epoch: 9 | loss: 0.0663746
	speed: 0.0400s/iter; left time: 103.8512s
	iters: 2100, epoch: 9 | loss: 0.0902015
	speed: 0.0380s/iter; left time: 94.8408s
	iters: 2200, epoch: 9 | loss: 0.1018856
	speed: 0.0424s/iter; left time: 101.6971s
Epoch: 9 cost time: 90.41290140151978
Epoch: 9, Steps: 2299 | Train Loss: 0.1361391 Vali Loss: 0.0764701 Test Loss: 0.0303261
EarlyStopping counter: 1 out of 15
Updating learning rate to 3.803140472118991e-05
	iters: 100, epoch: 10 | loss: 0.1372401
	speed: 0.2144s/iter; left time: 471.6221s
	iters: 200, epoch: 10 | loss: 0.0609666
	speed: 0.0380s/iter; left time: 79.8481s
	iters: 300, epoch: 10 | loss: 0.2156889
	speed: 0.0397s/iter; left time: 79.4621s
	iters: 400, epoch: 10 | loss: 0.0788649
	speed: 0.0384s/iter; left time: 72.9773s
	iters: 500, epoch: 10 | loss: 0.0649864
	speed: 0.0428s/iter; left time: 76.9696s
	iters: 600, epoch: 10 | loss: 0.1171756
	speed: 0.0392s/iter; left time: 66.6016s
	iters: 700, epoch: 10 | loss: 0.0978637
	speed: 0.0405s/iter; left time: 64.7480s
	iters: 800, epoch: 10 | loss: 0.1074508
	speed: 0.0409s/iter; left time: 61.2979s
	iters: 900, epoch: 10 | loss: 0.0531576
	speed: 0.0381s/iter; left time: 53.3663s
	iters: 1000, epoch: 10 | loss: 0.2044601
	speed: 0.0398s/iter; left time: 51.7575s
	iters: 1100, epoch: 10 | loss: 0.0397183
	speed: 0.0395s/iter; left time: 47.4436s
	iters: 1200, epoch: 10 | loss: 0.0545774
	speed: 0.0401s/iter; left time: 44.1459s
	iters: 1300, epoch: 10 | loss: 0.0410698
	speed: 0.0399s/iter; left time: 39.9356s
	iters: 1400, epoch: 10 | loss: 0.0426314
	speed: 0.0384s/iter; left time: 34.6032s
	iters: 1500, epoch: 10 | loss: 0.0768245
	speed: 0.0394s/iter; left time: 31.5438s
	iters: 1600, epoch: 10 | loss: 0.0828160
	speed: 0.0391s/iter; left time: 27.3755s
	iters: 1700, epoch: 10 | loss: 0.0572003
	speed: 0.0390s/iter; left time: 23.3916s
	iters: 1800, epoch: 10 | loss: 0.1016433
	speed: 0.0378s/iter; left time: 18.8863s
	iters: 1900, epoch: 10 | loss: 0.1034053
	speed: 0.0389s/iter; left time: 15.5413s
	iters: 2000, epoch: 10 | loss: 0.0441533
	speed: 0.0411s/iter; left time: 12.3221s
	iters: 2100, epoch: 10 | loss: 0.0632333
	speed: 0.0393s/iter; left time: 7.8621s
	iters: 2200, epoch: 10 | loss: 0.1513770
	speed: 0.0399s/iter; left time: 3.9855s
Epoch: 10 cost time: 90.86094975471497
Epoch: 10, Steps: 2299 | Train Loss: 0.1427146 Vali Loss: 0.0667886 Test Loss: 0.0301069
Validation loss decreased (0.030205 --> 0.030107).  Saving model ...
Updating learning rate to 4.00729424084425e-09
>>>>>>>testing : imputation_IMP_TimeMixer_Weather_mask0.25_none_TimeMixer_custom_sl96_pl0_dm16_nh8_el2_dl1_df32_fc1_ebtimeF_dtTrue_Imp_0<<<<<<<<<<<<<<<<<<<<<<<<<<<<<<<<<
test 10540
test shape: (10528, 96, 21) (10528, 96, 21)
mse:0.030070479959249496, mae:0.04710574075579643
