Args in experiment:
Namespace(activation='gelu', anomaly_ratio=0.25, batch_size=16, c_out=7, channel_independence=1, checkpoints='./checkpoints/', comment='none', d_ff=32, d_layers=1, d_model=16, data='ETTh1', data_path='ETTh1.csv', dec_in=7, decomp_method='moving_avg', des='Imp', devices='0,1', distil=True, down_sampling_layers=3, down_sampling_method='avg', down_sampling_window=2, drop_last=True, dropout=0.1, e_layers=2, embed='timeF', emissions_file='emissions.csv', emissions_output_dir='.', enc_in=7, factor=1, features='M', freq='h', gpu=0, inverse=False, is_training=1, itr=1, label_len=0, learning_rate=0.001, loss='MSE', lradj='TST', mask_rate=0.375, model='TimeMixer', model_id='IMP_TimeMixer_ETTh1_mask0.375', model_type='linear', moving_avg=25, n_heads=8, num_kernels=6, num_workers=0, output_attention=False, p_hidden_dims=[128, 128], p_hidden_layers=2, patience=15, pct_start=0.2, period_len=24, pred_len=0, root_path='<workspace>\\dataset\\ETT-small', seasonal_patterns='Monthly', seq_len=96, target='OT', task_name='imputation', top_k=5, track_emissions=0, train_epochs=10, use_amp=False, use_future_temporal_feature=0, use_gpu=True, use_multi_gpu=False, use_norm=1)
Use GPU: cuda:0
>>>>>>>start training : imputation_IMP_TimeMixer_ETTh1_mask0.375_none_TimeMixer_ETTh1_sl96_pl0_dm16_nh8_el2_dl1_df32_fc1_ebtimeF_dtTrue_Imp_0>>>>>>>>>>>>>>>>>>>>>>>>>>
train 8545
val 2881
test 2881
	iters: 100, epoch: 1 | loss: 0.5926851
	speed: 0.0626s/iter; left time: 328.0924s
	iters: 200, epoch: 1 | loss: 0.3778597
	speed: 0.0359s/iter; left time: 184.7978s
	iters: 300, epoch: 1 | loss: 0.1840085
	speed: 0.0344s/iter; left time: 173.2921s
	iters: 400, epoch: 1 | loss: 0.1875392
	speed: 0.0321s/iter; left time: 158.5490s
	iters: 500, epoch: 1 | loss: 0.1670409
	speed: 0.0352s/iter; left time: 170.1947s
Epoch: 1 cost time: 21.11903691291809
Epoch: 1, Steps: 534 | Train Loss: 0.3540025 Vali Loss: 0.1979083 Test Loss: 0.1955844
Validation loss decreased (inf --> 0.195584).  Saving model ...
Updating learning rate to 0.0005207066372675873
	iters: 100, epoch: 2 | loss: 0.1304338
	speed: 0.0890s/iter; left time: 418.9894s
	iters: 200, epoch: 2 | loss: 0.1349690
	speed: 0.0401s/iter; left time: 184.7329s
	iters: 300, epoch: 2 | loss: 0.1365412
	speed: 0.0350s/iter; left time: 157.8547s
	iters: 400, epoch: 2 | loss: 0.1417004
	speed: 0.0361s/iter; left time: 158.9616s
	iters: 500, epoch: 2 | loss: 0.1286557
	speed: 0.0346s/iter; left time: 149.0609s
Epoch: 2 cost time: 19.723982095718384
Epoch: 2, Steps: 534 | Train Loss: 0.1385337 Vali Loss: 0.1677267 Test Loss: 0.1575902
Validation loss decreased (0.195584 --> 0.157590).  Saving model ...
Updating learning rate to 0.0009999998648003681
	iters: 100, epoch: 3 | loss: 0.1460494
	speed: 0.1068s/iter; left time: 445.6115s
	iters: 200, epoch: 3 | loss: 0.1224824
	speed: 0.0376s/iter; left time: 153.0078s
	iters: 300, epoch: 3 | loss: 0.1123570
	speed: 0.0394s/iter; left time: 156.4399s
	iters: 400, epoch: 3 | loss: 0.1165780
	speed: 0.0388s/iter; left time: 150.2676s
	iters: 500, epoch: 3 | loss: 0.1174883
	speed: 0.0375s/iter; left time: 141.6503s
Epoch: 3 cost time: 20.56863522529602
Epoch: 3, Steps: 534 | Train Loss: 0.1259001 Vali Loss: 0.1553107 Test Loss: 0.1481302
Validation loss decreased (0.157590 --> 0.148130).  Saving model ...
Updating learning rate to 0.0009617990830848397
	iters: 100, epoch: 4 | loss: 0.1273624
	speed: 0.0966s/iter; left time: 351.3725s
	iters: 200, epoch: 4 | loss: 0.1272585
	speed: 0.0388s/iter; left time: 137.3344s
	iters: 300, epoch: 4 | loss: 0.1189033
	speed: 0.0459s/iter; left time: 157.6888s
	iters: 400, epoch: 4 | loss: 0.1132936
	speed: 0.0344s/iter; left time: 114.8266s
	iters: 500, epoch: 4 | loss: 0.0947059
	speed: 0.0369s/iter; left time: 119.5806s
Epoch: 4 cost time: 20.494733810424805
Epoch: 4, Steps: 534 | Train Loss: 0.1210446 Vali Loss: 0.1488759 Test Loss: 0.1418115
Validation loss decreased (0.148130 --> 0.141811).  Saving model ...
Updating learning rate to 0.0008532938816706273
	iters: 100, epoch: 5 | loss: 0.1080486
	speed: 0.1002s/iter; left time: 311.1427s
	iters: 200, epoch: 5 | loss: 0.1245724
	speed: 0.0447s/iter; left time: 134.3197s
	iters: 300, epoch: 5 | loss: 0.1195093
	speed: 0.0445s/iter; left time: 129.2194s
	iters: 400, epoch: 5 | loss: 0.1053815
	speed: 0.0372s/iter; left time: 104.4173s
	iters: 500, epoch: 5 | loss: 0.1171946
	speed: 0.0325s/iter; left time: 87.8470s
Epoch: 5 cost time: 20.90276074409485
Epoch: 5, Steps: 534 | Train Loss: 0.1175323 Vali Loss: 0.1481002 Test Loss: 0.1364920
Validation loss decreased (0.141811 --> 0.136492).  Saving model ...
Updating learning rate to 0.0006910031938709443
	iters: 100, epoch: 6 | loss: 0.1084308
	speed: 0.0831s/iter; left time: 213.6225s
	iters: 200, epoch: 6 | loss: 0.1047622
	speed: 0.0322s/iter; left time: 79.5235s
	iters: 300, epoch: 6 | loss: 0.1139632
	speed: 0.0331s/iter; left time: 78.4545s
	iters: 400, epoch: 6 | loss: 0.1230334
	speed: 0.0333s/iter; left time: 75.6251s
	iters: 500, epoch: 6 | loss: 0.1098083
	speed: 0.0332s/iter; left time: 72.1835s
Epoch: 6 cost time: 17.652814626693726
Epoch: 6, Steps: 534 | Train Loss: 0.1138089 Vali Loss: 0.1421098 Test Loss: 0.1327238
Validation loss decreased (0.136492 --> 0.132724).  Saving model ...
Updating learning rate to 0.0004996343057345438
	iters: 100, epoch: 7 | loss: 0.0995017
	speed: 0.0869s/iter; left time: 176.9209s
	iters: 200, epoch: 7 | loss: 0.1154565
	speed: 0.0321s/iter; left time: 62.1013s
	iters: 300, epoch: 7 | loss: 0.1217937
	speed: 0.0324s/iter; left time: 59.5815s
	iters: 400, epoch: 7 | loss: 0.1202287
	speed: 0.0320s/iter; left time: 55.5789s
	iters: 500, epoch: 7 | loss: 0.1117202
	speed: 0.0323s/iter; left time: 52.9103s
Epoch: 7 cost time: 17.347000122070312
Epoch: 7, Steps: 534 | Train Loss: 0.1114852 Vali Loss: 0.1395453 Test Loss: 0.1278476
Validation loss decreased (0.132724 --> 0.127848).  Saving model ...
Updating learning rate to 0.0003083213957169024
	iters: 100, epoch: 8 | loss: 0.1229440
	speed: 0.0809s/iter; left time: 121.5216s
	iters: 200, epoch: 8 | loss: 0.1074863
	speed: 0.0334s/iter; left time: 46.8938s
	iters: 300, epoch: 8 | loss: 0.1100930
	speed: 0.0327s/iter; left time: 42.6681s
	iters: 400, epoch: 8 | loss: 0.0947144
	speed: 0.0326s/iter; left time: 39.2402s
	iters: 500, epoch: 8 | loss: 0.0930884
	speed: 0.0327s/iter; left time: 36.0355s
Epoch: 8 cost time: 17.394206047058105
Epoch: 8, Steps: 534 | Train Loss: 0.1095224 Vali Loss: 0.1379911 Test Loss: 0.1262406
Validation loss decreased (0.127848 --> 0.126241).  Saving model ...
Updating learning rate to 0.00014619012011235773
	iters: 100, epoch: 9 | loss: 0.1103560
	speed: 0.0828s/iter; left time: 80.1962s
	iters: 200, epoch: 9 | loss: 0.1117395
	speed: 0.0329s/iter; left time: 28.6095s
	iters: 300, epoch: 9 | loss: 0.0978780
	speed: 0.0331s/iter; left time: 25.4804s
	iters: 400, epoch: 9 | loss: 0.1215956
	speed: 0.0323s/iter; left time: 21.6254s
	iters: 500, epoch: 9 | loss: 0.0831643
	speed: 0.0341s/iter; left time: 19.3800s
Epoch: 9 cost time: 17.712493896484375
Epoch: 9, Steps: 534 | Train Loss: 0.1091421 Vali Loss: 0.1359167 Test Loss: 0.1245855
Validation loss decreased (0.126241 --> 0.124586).  Saving model ...
Updating learning rate to 3.792349590802869e-05
	iters: 100, epoch: 10 | loss: 0.1015205
	speed: 0.0827s/iter; left time: 35.9598s
	iters: 200, epoch: 10 | loss: 0.1139180
	speed: 0.0353s/iter; left time: 11.8411s
	iters: 300, epoch: 10 | loss: 0.0972603
	speed: 0.0316s/iter; left time: 7.4209s
	iters: 400, epoch: 10 | loss: 0.1052806
	speed: 0.0340s/iter; left time: 4.5870s
	iters: 500, epoch: 10 | loss: 0.0995756
	speed: 0.0331s/iter; left time: 1.1594s
Epoch: 10 cost time: 17.77112340927124
Epoch: 10, Steps: 534 | Train Loss: 0.1080474 Vali Loss: 0.1348985 Test Loss: 0.1237260
Validation loss decreased (0.124586 --> 0.123726).  Saving model ...
Updating learning rate to 4.1351996319232575e-09
>>>>>>>testing : imputation_IMP_TimeMixer_ETTh1_mask0.375_none_TimeMixer_ETTh1_sl96_pl0_dm16_nh8_el2_dl1_df32_fc1_ebtimeF_dtTrue_Imp_0<<<<<<<<<<<<<<<<<<<<<<<<<<<<<<<<<
test 2881
test shape: (2880, 96, 7) (2880, 96, 7)
mse:0.12534675002098083, mae:0.2323276847600937
