Args in experiment:
Namespace(activation='gelu', anomaly_ratio=0.25, batch_size=16, c_out=7, channel_independence=1, checkpoints='./checkpoints/', comment='none', d_ff=32, d_layers=1, d_model=16, data='ETTm1', data_path='ETTm1.csv', dec_in=7, decomp_method='moving_avg', des='Imp', devices='0,1', distil=True, down_sampling_layers=3, down_sampling_method='avg', down_sampling_window=2, drop_last=True, dropout=0.1, e_layers=2, embed='timeF', emissions_file='emissions.csv', emissions_output_dir='.', enc_in=7, factor=1, features='M', freq='h', gpu=0, inverse=False, is_training=1, itr=1, label_len=0, learning_rate=0.001, loss='MSE', lradj='TST', mask_rate=0.125, model='TimeMixer', model_id='IMP_TimeMixer_ETTm1_mask0.125', model_type='linear', moving_avg=25, n_heads=8, num_kernels=6, num_workers=0, output_attention=False, p_hidden_dims=[128, 128], p_hidden_layers=2, patience=15, pct_start=0.2, period_len=4, pred_len=0, root_path='C:\\Users\\bbbal\\OneDrive\\Masaüstü\\timemixer\\dataset\\ETT-small', seasonal_patterns='Monthly', seq_len=96, target='OT', task_name='imputation', top_k=5, track_emissions=0, train_epochs=10, use_amp=False, use_future_temporal_feature=0, use_gpu=True, use_multi_gpu=False, use_norm=1)
Use GPU: cuda:0
>>>>>>>start training : imputation_IMP_TimeMixer_ETTm1_mask0.125_none_TimeMixer_ETTm1_sl96_pl0_dm16_nh8_el2_dl1_df32_fc1_ebtimeF_dtTrue_Imp_0>>>>>>>>>>>>>>>>>>>>>>>>>>
train 34465
val 11521
test 11521
	iters: 100, epoch: 1 | loss: 0.5131130
	speed: 0.1025s/iter; left time: 2198.0443s
	iters: 200, epoch: 1 | loss: 0.4172605
	speed: 0.0558s/iter; left time: 1190.4555s
	iters: 300, epoch: 1 | loss: 0.2905765
	speed: 0.0572s/iter; left time: 1214.8583s
	iters: 400, epoch: 1 | loss: 0.1069262
	speed: 0.0548s/iter; left time: 1158.4700s
	iters: 500, epoch: 1 | loss: 0.0665262
	speed: 0.0552s/iter; left time: 1162.0638s
	iters: 600, epoch: 1 | loss: 0.0913766
	speed: 0.0614s/iter; left time: 1286.7011s
	iters: 700, epoch: 1 | loss: 0.0536588
	speed: 0.0556s/iter; left time: 1158.7359s
	iters: 800, epoch: 1 | loss: 0.0469131
	speed: 0.0486s/iter; left time: 1007.8880s
	iters: 900, epoch: 1 | loss: 0.0526825
	speed: 0.0475s/iter; left time: 980.4359s
	iters: 1000, epoch: 1 | loss: 0.0507754
	speed: 0.0493s/iter; left time: 1013.4788s
	iters: 1100, epoch: 1 | loss: 0.0574979
	speed: 0.0456s/iter; left time: 931.1277s
	iters: 1200, epoch: 1 | loss: 0.0476803
	speed: 0.0457s/iter; left time: 929.1846s
	iters: 1300, epoch: 1 | loss: 0.0530330
	speed: 0.0447s/iter; left time: 903.7688s
	iters: 1400, epoch: 1 | loss: 0.0520108
	speed: 0.0454s/iter; left time: 913.8891s
	iters: 1500, epoch: 1 | loss: 0.0384817
	speed: 0.0439s/iter; left time: 879.2200s
	iters: 1600, epoch: 1 | loss: 0.0537014
	speed: 0.0441s/iter; left time: 878.7949s
	iters: 1700, epoch: 1 | loss: 0.0596974
	speed: 0.0453s/iter; left time: 898.6995s
	iters: 1800, epoch: 1 | loss: 0.0361884
	speed: 0.0472s/iter; left time: 931.7968s
	iters: 1900, epoch: 1 | loss: 0.0477201
	speed: 0.0483s/iter; left time: 949.1211s
	iters: 2000, epoch: 1 | loss: 0.0482657
	speed: 0.0437s/iter; left time: 853.0756s
	iters: 2100, epoch: 1 | loss: 0.0380737
	speed: 0.0454s/iter; left time: 882.1627s
Epoch: 1 cost time: 111.76235723495483
Epoch: 1, Steps: 2154 | Train Loss: 0.1332049 Vali Loss: 0.0551999 Test Loss: 0.0521330
Validation loss decreased (inf --> 0.052133).  Saving model ...
Updating learning rate to 0.0005201750597214178
	iters: 100, epoch: 2 | loss: 0.0321651
	speed: 0.2905s/iter; left time: 5602.2657s
	iters: 200, epoch: 2 | loss: 0.0389931
	speed: 0.0525s/iter; left time: 1007.0125s
	iters: 300, epoch: 2 | loss: 0.0357596
	speed: 0.0363s/iter; left time: 692.0375s
	iters: 400, epoch: 2 | loss: 0.0329440
	speed: 0.0343s/iter; left time: 651.0224s
	iters: 500, epoch: 2 | loss: 0.0335497
	speed: 0.0396s/iter; left time: 746.9872s
	iters: 600, epoch: 2 | loss: 0.0416954
	speed: 0.0427s/iter; left time: 802.9438s
	iters: 700, epoch: 2 | loss: 0.0344011
	speed: 0.0422s/iter; left time: 788.2308s
	iters: 800, epoch: 2 | loss: 0.0370457
	speed: 0.0335s/iter; left time: 622.0967s
	iters: 900, epoch: 2 | loss: 0.0417097
	speed: 0.0354s/iter; left time: 653.8323s
	iters: 1000, epoch: 2 | loss: 0.0426326
	speed: 0.0482s/iter; left time: 885.3557s
	iters: 1100, epoch: 2 | loss: 0.0427400
	speed: 0.0343s/iter; left time: 627.8859s
	iters: 1200, epoch: 2 | loss: 0.0373836
	speed: 0.0337s/iter; left time: 612.0183s
	iters: 1300, epoch: 2 | loss: 0.0445491
	speed: 0.0329s/iter; left time: 594.6214s
	iters: 1400, epoch: 2 | loss: 0.0478785
	speed: 0.0335s/iter; left time: 602.6887s
	iters: 1500, epoch: 2 | loss: 0.0464687
	speed: 0.0384s/iter; left time: 687.4334s
	iters: 1600, epoch: 2 | loss: 0.0334475
	speed: 0.0429s/iter; left time: 762.8594s
	iters: 1700, epoch: 2 | loss: 0.0385641
	speed: 0.0391s/iter; left time: 692.0328s
	iters: 1800, epoch: 2 | loss: 0.0410318
	speed: 0.0426s/iter; left time: 749.0519s
	iters: 1900, epoch: 2 | loss: 0.0539974
	speed: 0.0456s/iter; left time: 797.5612s
	iters: 2000, epoch: 2 | loss: 0.0303969
	speed: 0.0428s/iter; left time: 744.8754s
	iters: 2100, epoch: 2 | loss: 0.0329692
	speed: 0.0480s/iter; left time: 829.9612s
Epoch: 2 cost time: 87.5214672088623
Epoch: 2, Steps: 2154 | Train Loss: 0.0402025 Vali Loss: 0.0498621 Test Loss: 0.0447306
Validation loss decreased (0.052133 --> 0.044731).  Saving model ...
Updating learning rate to 0.0009999999916906579
	iters: 100, epoch: 3 | loss: 0.0387160
	speed: 0.2575s/iter; left time: 4411.4445s
	iters: 200, epoch: 3 | loss: 0.0320331
	speed: 0.0493s/iter; left time: 840.1348s
	iters: 300, epoch: 3 | loss: 0.0305021
	speed: 0.0442s/iter; left time: 748.8230s
	iters: 400, epoch: 3 | loss: 0.0434035
	speed: 0.0462s/iter; left time: 777.7343s
	iters: 500, epoch: 3 | loss: 0.0463837
	speed: 0.0453s/iter; left time: 757.3812s
	iters: 600, epoch: 3 | loss: 0.0408082
	speed: 0.0380s/iter; left time: 632.5513s
	iters: 700, epoch: 3 | loss: 0.0376694
	speed: 0.0454s/iter; left time: 750.3838s
	iters: 800, epoch: 3 | loss: 0.0328202
	speed: 0.0408s/iter; left time: 671.2428s
	iters: 900, epoch: 3 | loss: 0.0312453
	speed: 0.0359s/iter; left time: 586.8826s
	iters: 1000, epoch: 3 | loss: 0.0468443
	speed: 0.0357s/iter; left time: 579.7126s
	iters: 1100, epoch: 3 | loss: 0.0361211
	speed: 0.0438s/iter; left time: 706.6221s
	iters: 1200, epoch: 3 | loss: 0.0387814
	speed: 0.0458s/iter; left time: 734.6094s
	iters: 1300, epoch: 3 | loss: 0.0317944
	speed: 0.0427s/iter; left time: 680.9377s
	iters: 1400, epoch: 3 | loss: 0.0394590
	speed: 0.0517s/iter; left time: 817.9648s
	iters: 1500, epoch: 3 | loss: 0.0341641
	speed: 0.0428s/iter; left time: 673.5161s
	iters: 1600, epoch: 3 | loss: 0.0563358
	speed: 0.0442s/iter; left time: 691.1683s
	iters: 1700, epoch: 3 | loss: 0.0481714
	speed: 0.0399s/iter; left time: 620.2352s
	iters: 1800, epoch: 3 | loss: 0.0294196
	speed: 0.0511s/iter; left time: 789.1453s
	iters: 1900, epoch: 3 | loss: 0.0274255
	speed: 0.0372s/iter; left time: 570.0219s
	iters: 2000, epoch: 3 | loss: 0.0391435
	speed: 0.0362s/iter; left time: 551.6092s
	iters: 2100, epoch: 3 | loss: 0.0280112
	speed: 0.0455s/iter; left time: 688.1471s
Epoch: 3 cost time: 92.8320541381836
Epoch: 3, Steps: 2154 | Train Loss: 0.0374426 Vali Loss: 0.0496478 Test Loss: 0.0441773
Validation loss decreased (0.044731 --> 0.044177).  Saving model ...
Updating learning rate to 0.0009619050271543523
	iters: 100, epoch: 4 | loss: 0.0238872
	speed: 0.2765s/iter; left time: 4141.7170s
	iters: 200, epoch: 4 | loss: 0.0329748
	speed: 0.0394s/iter; left time: 586.6670s
	iters: 300, epoch: 4 | loss: 0.0311200
	speed: 0.0351s/iter; left time: 518.3250s
	iters: 400, epoch: 4 | loss: 0.0339458
	speed: 0.0379s/iter; left time: 556.6846s
	iters: 500, epoch: 4 | loss: 0.0298444
	speed: 0.0402s/iter; left time: 586.1691s
	iters: 600, epoch: 4 | loss: 0.0392562
	speed: 0.0413s/iter; left time: 598.3915s
	iters: 700, epoch: 4 | loss: 0.0445033
	speed: 0.0374s/iter; left time: 537.9184s
	iters: 800, epoch: 4 | loss: 0.0362319
	speed: 0.0394s/iter; left time: 562.1086s
	iters: 900, epoch: 4 | loss: 0.0277482
	speed: 0.0379s/iter; left time: 537.9370s
	iters: 1000, epoch: 4 | loss: 0.0273341
	speed: 0.0341s/iter; left time: 480.0816s
	iters: 1100, epoch: 4 | loss: 0.0370144
	speed: 0.0475s/iter; left time: 663.9089s
	iters: 1200, epoch: 4 | loss: 0.0296703
	speed: 0.0461s/iter; left time: 640.1294s
	iters: 1300, epoch: 4 | loss: 0.0401472
	speed: 0.0479s/iter; left time: 660.1516s
	iters: 1400, epoch: 4 | loss: 0.0291442
	speed: 0.0506s/iter; left time: 691.9006s
	iters: 1500, epoch: 4 | loss: 0.0346039
	speed: 0.0539s/iter; left time: 731.7858s
	iters: 1600, epoch: 4 | loss: 0.0423867
	speed: 0.0465s/iter; left time: 626.1078s
	iters: 1700, epoch: 4 | loss: 0.0308178
	speed: 0.0449s/iter; left time: 600.5620s
	iters: 1800, epoch: 4 | loss: 0.0284947
	speed: 0.0457s/iter; left time: 607.1149s
	iters: 1900, epoch: 4 | loss: 0.0410608
	speed: 0.0471s/iter; left time: 620.5827s
	iters: 2000, epoch: 4 | loss: 0.0356346
	speed: 0.0494s/iter; left time: 645.9773s
	iters: 2100, epoch: 4 | loss: 0.0348083
	speed: 0.0453s/iter; left time: 587.6456s
Epoch: 4 cost time: 93.74950885772705
Epoch: 4, Steps: 2154 | Train Loss: 0.0357452 Vali Loss: 0.0475893 Test Loss: 0.0426570
Validation loss decreased (0.044177 --> 0.042657).  Saving model ...
Updating learning rate to 0.0008534895138951646
	iters: 100, epoch: 5 | loss: 0.0310764
	speed: 0.3160s/iter; left time: 4052.8762s
	iters: 200, epoch: 5 | loss: 0.0295143
	speed: 0.0685s/iter; left time: 871.7682s
	iters: 300, epoch: 5 | loss: 0.0386709
	speed: 0.0560s/iter; left time: 707.1092s
	iters: 400, epoch: 5 | loss: 0.0359891
	speed: 0.0558s/iter; left time: 699.4316s
	iters: 500, epoch: 5 | loss: 0.0365643
	speed: 0.0663s/iter; left time: 823.6716s
	iters: 600, epoch: 5 | loss: 0.0370989
	speed: 0.0582s/iter; left time: 717.5327s
	iters: 700, epoch: 5 | loss: 0.0344788
	speed: 0.0500s/iter; left time: 610.8441s
	iters: 800, epoch: 5 | loss: 0.0276894
	speed: 0.0468s/iter; left time: 566.8496s
	iters: 900, epoch: 5 | loss: 0.0375358
	speed: 0.0547s/iter; left time: 657.2711s
	iters: 1000, epoch: 5 | loss: 0.0347461
	speed: 0.0550s/iter; left time: 655.5863s
	iters: 1100, epoch: 5 | loss: 0.0355828
	speed: 0.0540s/iter; left time: 638.8184s
	iters: 1200, epoch: 5 | loss: 0.0333453
	speed: 0.0566s/iter; left time: 664.1942s
	iters: 1300, epoch: 5 | loss: 0.0353973
	speed: 0.0569s/iter; left time: 661.4069s
	iters: 1400, epoch: 5 | loss: 0.0349272
	speed: 0.0572s/iter; left time: 658.8634s
	iters: 1500, epoch: 5 | loss: 0.0340384
	speed: 0.0403s/iter; left time: 460.4325s
	iters: 1600, epoch: 5 | loss: 0.0339644
	speed: 0.0324s/iter; left time: 367.0244s
	iters: 1700, epoch: 5 | loss: 0.0251006
	speed: 0.0332s/iter; left time: 372.7183s
	iters: 1800, epoch: 5 | loss: 0.0402481
	speed: 0.0328s/iter; left time: 364.8569s
	iters: 1900, epoch: 5 | loss: 0.0305592
	speed: 0.0326s/iter; left time: 358.9452s
	iters: 2000, epoch: 5 | loss: 0.0231396
	speed: 0.0319s/iter; left time: 348.6181s
	iters: 2100, epoch: 5 | loss: 0.0506978
	speed: 0.0338s/iter; left time: 365.4123s
Epoch: 5 cost time: 104.65805554389954
Epoch: 5, Steps: 2154 | Train Loss: 0.0347030 Vali Loss: 0.0470514 Test Loss: 0.0421349
Validation loss decreased (0.042657 --> 0.042135).  Saving model ...
Updating learning rate to 0.0006912587310177311
	iters: 100, epoch: 6 | loss: 0.0373711
	speed: 0.2054s/iter; left time: 2191.9772s
	iters: 200, epoch: 6 | loss: 0.0359705
	speed: 0.0328s/iter; left time: 346.5071s
	iters: 300, epoch: 6 | loss: 0.0366967
	speed: 0.0323s/iter; left time: 338.0229s
	iters: 400, epoch: 6 | loss: 0.0499647
	speed: 0.0320s/iter; left time: 331.8277s
	iters: 500, epoch: 6 | loss: 0.0317913
	speed: 0.0329s/iter; left time: 337.5647s
	iters: 600, epoch: 6 | loss: 0.0299871
	speed: 0.0325s/iter; left time: 331.0012s
	iters: 700, epoch: 6 | loss: 0.0395016
	speed: 0.0331s/iter; left time: 333.6868s
	iters: 800, epoch: 6 | loss: 0.0337421
	speed: 0.0324s/iter; left time: 322.7107s
	iters: 900, epoch: 6 | loss: 0.0315471
	speed: 0.0325s/iter; left time: 320.4412s
	iters: 1000, epoch: 6 | loss: 0.0445064
	speed: 0.0318s/iter; left time: 310.5399s
	iters: 1100, epoch: 6 | loss: 0.0307669
	speed: 0.0323s/iter; left time: 312.1253s
	iters: 1200, epoch: 6 | loss: 0.0296293
	speed: 0.0321s/iter; left time: 306.7899s
	iters: 1300, epoch: 6 | loss: 0.0343565
	speed: 0.0328s/iter; left time: 310.3748s
	iters: 1400, epoch: 6 | loss: 0.0311325
	speed: 0.0332s/iter; left time: 311.3364s
	iters: 1500, epoch: 6 | loss: 0.0319199
	speed: 0.0323s/iter; left time: 299.5991s
	iters: 1600, epoch: 6 | loss: 0.0258330
	speed: 0.0343s/iter; left time: 315.0153s
	iters: 1700, epoch: 6 | loss: 0.0346844
	speed: 0.0325s/iter; left time: 294.8107s
	iters: 1800, epoch: 6 | loss: 0.0362789
	speed: 0.0325s/iter; left time: 291.3698s
	iters: 1900, epoch: 6 | loss: 0.0257770
	speed: 0.0321s/iter; left time: 284.3911s
	iters: 2000, epoch: 6 | loss: 0.0374837
	speed: 0.0330s/iter; left time: 289.0432s
	iters: 2100, epoch: 6 | loss: 0.0323201
	speed: 0.0332s/iter; left time: 287.4437s
Epoch: 6 cost time: 70.43449378013611
Epoch: 6, Steps: 2154 | Train Loss: 0.0337901 Vali Loss: 0.0454408 Test Loss: 0.0398829
Validation loss decreased (0.042135 --> 0.039883).  Saving model ...
Updating learning rate to 0.0004999108445894319
	iters: 100, epoch: 7 | loss: 0.0324669
	speed: 0.2066s/iter; left time: 1759.9314s
	iters: 200, epoch: 7 | loss: 0.0379980
	speed: 0.0323s/iter; left time: 271.7678s
	iters: 300, epoch: 7 | loss: 0.0286699
	speed: 0.0321s/iter; left time: 266.7817s
	iters: 400, epoch: 7 | loss: 0.0313509
	speed: 0.0323s/iter; left time: 265.6978s
	iters: 500, epoch: 7 | loss: 0.0252356
	speed: 0.0325s/iter; left time: 263.8641s
	iters: 600, epoch: 7 | loss: 0.0262858
	speed: 0.0327s/iter; left time: 262.3370s
	iters: 700, epoch: 7 | loss: 0.0278077
	speed: 0.0325s/iter; left time: 257.6170s
	iters: 800, epoch: 7 | loss: 0.0316109
	speed: 0.0330s/iter; left time: 257.7470s
	iters: 900, epoch: 7 | loss: 0.0380199
	speed: 0.0326s/iter; left time: 251.2278s
	iters: 1000, epoch: 7 | loss: 0.0246554
	speed: 0.0326s/iter; left time: 248.4833s
	iters: 1100, epoch: 7 | loss: 0.0423888
	speed: 0.0341s/iter; left time: 256.0778s
	iters: 1200, epoch: 7 | loss: 0.0345100
	speed: 0.0343s/iter; left time: 254.6899s
	iters: 1300, epoch: 7 | loss: 0.0317109
	speed: 0.0327s/iter; left time: 239.4061s
	iters: 1400, epoch: 7 | loss: 0.0349131
	speed: 0.0329s/iter; left time: 237.2870s
	iters: 1500, epoch: 7 | loss: 0.0342085
	speed: 0.0332s/iter; left time: 236.5451s
	iters: 1600, epoch: 7 | loss: 0.0256776
	speed: 0.0321s/iter; left time: 225.5185s
	iters: 1700, epoch: 7 | loss: 0.0328539
	speed: 0.0320s/iter; left time: 221.6792s
	iters: 1800, epoch: 7 | loss: 0.0353733
	speed: 0.0336s/iter; left time: 228.9353s
	iters: 1900, epoch: 7 | loss: 0.0297227
	speed: 0.0328s/iter; left time: 219.9952s
	iters: 2000, epoch: 7 | loss: 0.0352571
	speed: 0.0327s/iter; left time: 216.2959s
	iters: 2100, epoch: 7 | loss: 0.0321478
	speed: 0.0321s/iter; left time: 208.9608s
Epoch: 7 cost time: 70.53552913665771
Epoch: 7, Steps: 2154 | Train Loss: 0.0332377 Vali Loss: 0.0451157 Test Loss: 0.0400474
EarlyStopping counter: 1 out of 15
Updating learning rate to 0.00030857683574606596
	iters: 100, epoch: 8 | loss: 0.0318387
	speed: 0.2040s/iter; left time: 1298.3553s
	iters: 200, epoch: 8 | loss: 0.0277452
	speed: 0.0319s/iter; left time: 199.5818s
	iters: 300, epoch: 8 | loss: 0.0293662
	speed: 0.0320s/iter; left time: 196.9254s
	iters: 400, epoch: 8 | loss: 0.0253261
	speed: 0.0325s/iter; left time: 197.2458s
	iters: 500, epoch: 8 | loss: 0.0306609
	speed: 0.0329s/iter; left time: 196.4495s
	iters: 600, epoch: 8 | loss: 0.0301319
	speed: 0.0324s/iter; left time: 189.8751s
	iters: 700, epoch: 8 | loss: 0.0254561
	speed: 0.0321s/iter; left time: 185.0738s
	iters: 800, epoch: 8 | loss: 0.0353832
	speed: 0.0330s/iter; left time: 187.0292s
	iters: 900, epoch: 8 | loss: 0.0334530
	speed: 0.0340s/iter; left time: 189.2803s
	iters: 1000, epoch: 8 | loss: 0.0273087
	speed: 0.0351s/iter; left time: 191.6258s
	iters: 1100, epoch: 8 | loss: 0.0340800
	speed: 0.0341s/iter; left time: 182.6616s
	iters: 1200, epoch: 8 | loss: 0.0299012
	speed: 0.0342s/iter; left time: 180.2165s
	iters: 1300, epoch: 8 | loss: 0.0355369
	speed: 0.0323s/iter; left time: 166.6832s
	iters: 1400, epoch: 8 | loss: 0.0274750
	speed: 0.0321s/iter; left time: 162.5435s
	iters: 1500, epoch: 8 | loss: 0.0374288
	speed: 0.0331s/iter; left time: 164.0817s
	iters: 1600, epoch: 8 | loss: 0.0274880
	speed: 0.0327s/iter; left time: 159.0599s
	iters: 1700, epoch: 8 | loss: 0.0232679
	speed: 0.0329s/iter; left time: 156.9059s
	iters: 1800, epoch: 8 | loss: 0.0317767
	speed: 0.0319s/iter; left time: 148.7095s
	iters: 1900, epoch: 8 | loss: 0.0217114
	speed: 0.0322s/iter; left time: 147.1202s
	iters: 2000, epoch: 8 | loss: 0.0356493
	speed: 0.0338s/iter; left time: 150.9284s
	iters: 2100, epoch: 8 | loss: 0.0285632
	speed: 0.0322s/iter; left time: 140.6331s
Epoch: 8 cost time: 70.8345320224762
Epoch: 8, Steps: 2154 | Train Loss: 0.0326041 Vali Loss: 0.0439615 Test Loss: 0.0389744
Validation loss decreased (0.039883 --> 0.038974).  Saving model ...
Updating learning rate to 0.00014638557288692642
	iters: 100, epoch: 9 | loss: 0.0287921
	speed: 0.2059s/iter; left time: 866.6462s
	iters: 200, epoch: 9 | loss: 0.0359141
	speed: 0.0334s/iter; left time: 137.2505s
	iters: 300, epoch: 9 | loss: 0.0331122
	speed: 0.0330s/iter; left time: 132.3561s
	iters: 400, epoch: 9 | loss: 0.0369362
	speed: 0.0326s/iter; left time: 127.5414s
	iters: 500, epoch: 9 | loss: 0.0335576
	speed: 0.0327s/iter; left time: 124.4607s
	iters: 600, epoch: 9 | loss: 0.0383446
	speed: 0.0354s/iter; left time: 131.4281s
	iters: 700, epoch: 9 | loss: 0.0261264
	speed: 0.0345s/iter; left time: 124.5027s
	iters: 800, epoch: 9 | loss: 0.0358396
	speed: 0.0326s/iter; left time: 114.4783s
	iters: 900, epoch: 9 | loss: 0.0282501
	speed: 0.0334s/iter; left time: 113.8782s
	iters: 1000, epoch: 9 | loss: 0.0326665
	speed: 0.0328s/iter; left time: 108.5814s
	iters: 1100, epoch: 9 | loss: 0.0218016
	speed: 0.0322s/iter; left time: 103.1731s
	iters: 1200, epoch: 9 | loss: 0.0332652
	speed: 0.0324s/iter; left time: 100.8800s
	iters: 1300, epoch: 9 | loss: 0.0237027
	speed: 0.0336s/iter; left time: 101.0411s
	iters: 1400, epoch: 9 | loss: 0.0368107
	speed: 0.0332s/iter; left time: 96.6557s
	iters: 1500, epoch: 9 | loss: 0.0435206
	speed: 0.0336s/iter; left time: 94.3077s
	iters: 1600, epoch: 9 | loss: 0.0344308
	speed: 0.0329s/iter; left time: 89.1498s
	iters: 1700, epoch: 9 | loss: 0.0361422
	speed: 0.0325s/iter; left time: 84.8339s
	iters: 1800, epoch: 9 | loss: 0.0281572
	speed: 0.0336s/iter; left time: 84.3405s
	iters: 1900, epoch: 9 | loss: 0.0307254
	speed: 0.0331s/iter; left time: 79.7487s
	iters: 2000, epoch: 9 | loss: 0.0357132
	speed: 0.0335s/iter; left time: 77.4274s
	iters: 2100, epoch: 9 | loss: 0.0422388
	speed: 0.0331s/iter; left time: 73.0813s
Epoch: 9 cost time: 71.57209038734436
Epoch: 9, Steps: 2154 | Train Loss: 0.0322138 Vali Loss: 0.0442334 Test Loss: 0.0387470
Validation loss decreased (0.038974 --> 0.038747).  Saving model ...
Updating learning rate to 3.802920551485804e-05
	iters: 100, epoch: 10 | loss: 0.0359265
	speed: 0.2096s/iter; left time: 430.6420s
	iters: 200, epoch: 10 | loss: 0.0418431
	speed: 0.0338s/iter; left time: 66.1232s
	iters: 300, epoch: 10 | loss: 0.0318840
	speed: 0.0328s/iter; left time: 60.8256s
	iters: 400, epoch: 10 | loss: 0.0315922
	speed: 0.0324s/iter; left time: 56.9080s
	iters: 500, epoch: 10 | loss: 0.0304579
	speed: 0.0338s/iter; left time: 55.9875s
	iters: 600, epoch: 10 | loss: 0.0266859
	speed: 0.0325s/iter; left time: 50.5839s
	iters: 700, epoch: 10 | loss: 0.0327417
	speed: 0.0330s/iter; left time: 47.9592s
	iters: 800, epoch: 10 | loss: 0.0345762
	speed: 0.0327s/iter; left time: 44.2818s
	iters: 900, epoch: 10 | loss: 0.0275972
	speed: 0.0328s/iter; left time: 41.2033s
	iters: 1000, epoch: 10 | loss: 0.0373932
	speed: 0.0330s/iter; left time: 38.0684s
	iters: 1100, epoch: 10 | loss: 0.0454394
	speed: 0.0329s/iter; left time: 34.6802s
	iters: 1200, epoch: 10 | loss: 0.0389700
	speed: 0.0331s/iter; left time: 31.6576s
	iters: 1300, epoch: 10 | loss: 0.0321257
	speed: 0.0330s/iter; left time: 28.2052s
	iters: 1400, epoch: 10 | loss: 0.0471257
	speed: 0.0336s/iter; left time: 25.3404s
	iters: 1500, epoch: 10 | loss: 0.0337490
	speed: 0.0342s/iter; left time: 22.4078s
	iters: 1600, epoch: 10 | loss: 0.0373490
	speed: 0.0333s/iter; left time: 18.4594s
	iters: 1700, epoch: 10 | loss: 0.0301283
	speed: 0.0332s/iter; left time: 15.0953s
	iters: 1800, epoch: 10 | loss: 0.0344562
	speed: 0.0382s/iter; left time: 13.5466s
	iters: 1900, epoch: 10 | loss: 0.0286424
	speed: 0.0340s/iter; left time: 8.6751s
	iters: 2000, epoch: 10 | loss: 0.0318380
	speed: 0.0330s/iter; left time: 5.1130s
	iters: 2100, epoch: 10 | loss: 0.0359715
	speed: 0.0334s/iter; left time: 1.8347s
Epoch: 10 cost time: 72.14473748207092
Epoch: 10, Steps: 2154 | Train Loss: 0.0322001 Vali Loss: 0.0439483 Test Loss: 0.0387963
EarlyStopping counter: 1 out of 15
Updating learning rate to 4.008309342172464e-09
>>>>>>>testing : imputation_IMP_TimeMixer_ETTm1_mask0.125_none_TimeMixer_ETTm1_sl96_pl0_dm16_nh8_el2_dl1_df32_fc1_ebtimeF_dtTrue_Imp_0<<<<<<<<<<<<<<<<<<<<<<<<<<<<<<<<<
test 11521
test shape: (11520, 96, 7) (11520, 96, 7)
mse:0.03907081484794617, mae:0.12516100704669952
