Args in experiment:
Namespace(activation='gelu', anomaly_ratio=0.25, batch_size=16, c_out=7, channel_independence=1, checkpoints='./checkpoints/', comment='none', d_ff=32, d_layers=1, d_model=16, data='ETTm1', data_path='ETTm1.csv', dec_in=7, decomp_method='moving_avg', des='Imp', devices='0,1', distil=True, down_sampling_layers=3, down_sampling_method='avg', down_sampling_window=2, drop_last=True, dropout=0.1, e_layers=2, embed='timeF', emissions_file='emissions.csv', emissions_output_dir='.', enc_in=7, factor=1, features='M', freq='h', gpu=0, inverse=False, is_training=1, itr=1, label_len=0, learning_rate=0.001, loss='MSE', lradj='TST', mask_rate=0.5, model='TimeMixer', model_id='IMP_TimeMixer_ETTm1_mask0.5', model_type='linear', moving_avg=25, n_heads=8, num_kernels=6, num_workers=0, output_attention=False, p_hidden_dims=[128, 128], p_hidden_layers=2, patience=15, pct_start=0.2, period_len=4, pred_len=0, root_path='<workspace>\\dataset\\ETT-small', seasonal_patterns='Monthly', seq_len=96, target='OT', task_name='imputation', top_k=5, track_emissions=0, train_epochs=10, use_amp=False, use_future_temporal_feature=0, use_gpu=True, use_multi_gpu=False, use_norm=1)
Use GPU: cuda:0
>>>>>>>start training : imputation_IMP_TimeMixer_ETTm1_mask0.5_none_TimeMixer_ETTm1_sl96_pl0_dm16_nh8_el2_dl1_df32_fc1_ebtimeF_dtTrue_Imp_0>>>>>>>>>>>>>>>>>>>>>>>>>>
train 34465
val 11521
test 11521
	iters: 100, epoch: 1 | loss: 0.4091318
	speed: 0.0622s/iter; left time: 1332.6577s
	iters: 200, epoch: 1 | loss: 0.3347516
	speed: 0.0328s/iter; left time: 699.6410s
	iters: 300, epoch: 1 | loss: 0.3051417
	speed: 0.0326s/iter; left time: 693.0168s
	iters: 400, epoch: 1 | loss: 0.1410684
	speed: 0.0318s/iter; left time: 673.2230s
	iters: 500, epoch: 1 | loss: 0.1217500
	speed: 0.0322s/iter; left time: 678.2945s
	iters: 600, epoch: 1 | loss: 0.1174662
	speed: 0.0324s/iter; left time: 679.2154s
	iters: 700, epoch: 1 | loss: 0.1093948
	speed: 0.0324s/iter; left time: 676.2321s
	iters: 800, epoch: 1 | loss: 0.1052428
	speed: 0.0332s/iter; left time: 688.5758s
	iters: 900, epoch: 1 | loss: 0.0931567
	speed: 0.0328s/iter; left time: 676.4913s
	iters: 1000, epoch: 1 | loss: 0.0955195
	speed: 0.0323s/iter; left time: 663.7334s
	iters: 1100, epoch: 1 | loss: 0.0985924
	speed: 0.0326s/iter; left time: 667.1011s
	iters: 1200, epoch: 1 | loss: 0.0869088
	speed: 0.0333s/iter; left time: 677.5887s
	iters: 1300, epoch: 1 | loss: 0.0878936
	speed: 0.0329s/iter; left time: 666.8660s
	iters: 1400, epoch: 1 | loss: 0.0849893
	speed: 0.0323s/iter; left time: 649.8293s
	iters: 1500, epoch: 1 | loss: 0.0796261
	speed: 0.0322s/iter; left time: 646.0354s
	iters: 1600, epoch: 1 | loss: 0.0956492
	speed: 0.0328s/iter; left time: 653.1759s
	iters: 1700, epoch: 1 | loss: 0.0752778
	speed: 0.0322s/iter; left time: 639.2570s
	iters: 1800, epoch: 1 | loss: 0.0591804
	speed: 0.0336s/iter; left time: 664.2390s
	iters: 1900, epoch: 1 | loss: 0.0738039
	speed: 0.0320s/iter; left time: 628.1467s
	iters: 2000, epoch: 1 | loss: 0.0809402
	speed: 0.0322s/iter; left time: 629.6728s
	iters: 2100, epoch: 1 | loss: 0.0656721
	speed: 0.0320s/iter; left time: 622.3481s
Epoch: 1 cost time: 73.05613207817078
Epoch: 1, Steps: 2154 | Train Loss: 0.1494756 Vali Loss: 0.0896295 Test Loss: 0.0893536
Validation loss decreased (inf --> 0.089354).  Saving model ...
Updating learning rate to 0.0005201750597214178
	iters: 100, epoch: 2 | loss: 0.0483489
	speed: 0.2036s/iter; left time: 3925.8705s
	iters: 200, epoch: 2 | loss: 0.0649189
	speed: 0.0324s/iter; left time: 621.9448s
	iters: 300, epoch: 2 | loss: 0.0675146
	speed: 0.0329s/iter; left time: 627.0985s
	iters: 400, epoch: 2 | loss: 0.0635678
	speed: 0.0334s/iter; left time: 634.3264s
	iters: 500, epoch: 2 | loss: 0.0474439
	speed: 0.0327s/iter; left time: 616.8584s
	iters: 600, epoch: 2 | loss: 0.0718555
	speed: 0.0331s/iter; left time: 622.1762s
	iters: 700, epoch: 2 | loss: 0.0595656
	speed: 0.0320s/iter; left time: 598.1146s
	iters: 800, epoch: 2 | loss: 0.0689601
	speed: 0.0326s/iter; left time: 606.5329s
	iters: 900, epoch: 2 | loss: 0.0764580
	speed: 0.0323s/iter; left time: 596.5762s
	iters: 1000, epoch: 2 | loss: 0.0543217
	speed: 0.0325s/iter; left time: 597.3434s
	iters: 1100, epoch: 2 | loss: 0.0612201
	speed: 0.0329s/iter; left time: 602.4995s
	iters: 1200, epoch: 2 | loss: 0.0531126
	speed: 0.0335s/iter; left time: 609.4654s
	iters: 1300, epoch: 2 | loss: 0.0557012
	speed: 0.0322s/iter; left time: 582.6520s
	iters: 1400, epoch: 2 | loss: 0.0576320
	speed: 0.0330s/iter; left time: 593.1240s
	iters: 1500, epoch: 2 | loss: 0.0679633
	speed: 0.0323s/iter; left time: 577.3679s
	iters: 1600, epoch: 2 | loss: 0.0567476
	speed: 0.0323s/iter; left time: 574.5966s
	iters: 1700, epoch: 2 | loss: 0.0639452
	speed: 0.0324s/iter; left time: 573.8711s
	iters: 1800, epoch: 2 | loss: 0.0643084
	speed: 0.0335s/iter; left time: 589.2173s
	iters: 1900, epoch: 2 | loss: 0.0672126
	speed: 0.0325s/iter; left time: 568.6745s
	iters: 2000, epoch: 2 | loss: 0.0527670
	speed: 0.0333s/iter; left time: 579.6366s
	iters: 2100, epoch: 2 | loss: 0.0545099
	speed: 0.0331s/iter; left time: 572.1675s
Epoch: 2 cost time: 70.56964325904846
Epoch: 2, Steps: 2154 | Train Loss: 0.0620616 Vali Loss: 0.0755582 Test Loss: 0.0721513
Validation loss decreased (0.089354 --> 0.072151).  Saving model ...
Updating learning rate to 0.0009999999916906579
	iters: 100, epoch: 3 | loss: 0.0568510
	speed: 0.1998s/iter; left time: 3423.1051s
	iters: 200, epoch: 3 | loss: 0.0525390
	speed: 0.0320s/iter; left time: 544.2216s
	iters: 300, epoch: 3 | loss: 0.0448585
	speed: 0.0323s/iter; left time: 546.3531s
	iters: 400, epoch: 3 | loss: 0.0543547
	speed: 0.0325s/iter; left time: 546.2805s
	iters: 500, epoch: 3 | loss: 0.0708928
	speed: 0.0324s/iter; left time: 541.7750s
	iters: 600, epoch: 3 | loss: 0.0538997
	speed: 0.0331s/iter; left time: 550.8677s
	iters: 700, epoch: 3 | loss: 0.0547458
	speed: 0.0322s/iter; left time: 531.9897s
	iters: 800, epoch: 3 | loss: 0.0552116
	speed: 0.0325s/iter; left time: 534.0942s
	iters: 900, epoch: 3 | loss: 0.0587712
	speed: 0.0329s/iter; left time: 537.4548s
	iters: 1000, epoch: 3 | loss: 0.0657726
	speed: 0.0322s/iter; left time: 522.8417s
	iters: 1100, epoch: 3 | loss: 0.0490760
	speed: 0.0325s/iter; left time: 523.7765s
	iters: 1200, epoch: 3 | loss: 0.0634145
	speed: 0.0320s/iter; left time: 513.2853s
	iters: 1300, epoch: 3 | loss: 0.0466597
	speed: 0.0320s/iter; left time: 509.6249s
	iters: 1400, epoch: 3 | loss: 0.0698071
	speed: 0.0362s/iter; left time: 572.4780s
	iters: 1500, epoch: 3 | loss: 0.0440892
	speed: 0.0327s/iter; left time: 514.7855s
	iters: 1600, epoch: 3 | loss: 0.0639905
	speed: 0.0325s/iter; left time: 507.7143s
	iters: 1700, epoch: 3 | loss: 0.0650289
	speed: 0.0331s/iter; left time: 514.4639s
	iters: 1800, epoch: 3 | loss: 0.0537494
	speed: 0.0322s/iter; left time: 497.6295s
	iters: 1900, epoch: 3 | loss: 0.0476482
	speed: 0.0348s/iter; left time: 532.9945s
	iters: 2000, epoch: 3 | loss: 0.0587943
	speed: 0.0340s/iter; left time: 518.2595s
	iters: 2100, epoch: 3 | loss: 0.0456589
	speed: 0.0330s/iter; left time: 499.7445s
Epoch: 3 cost time: 70.75068497657776
Epoch: 3, Steps: 2154 | Train Loss: 0.0551849 Vali Loss: 0.0690792 Test Loss: 0.0636481
Validation loss decreased (0.072151 --> 0.063648).  Saving model ...
Updating learning rate to 0.0009619050271543523
	iters: 100, epoch: 4 | loss: 0.0469150
	speed: 0.2057s/iter; left time: 3081.2243s
	iters: 200, epoch: 4 | loss: 0.0484566
	speed: 0.0328s/iter; left time: 488.1589s
	iters: 300, epoch: 4 | loss: 0.0508199
	speed: 0.0327s/iter; left time: 482.8300s
	iters: 400, epoch: 4 | loss: 0.0497573
	speed: 0.0325s/iter; left time: 477.4458s
	iters: 500, epoch: 4 | loss: 0.0510641
	speed: 0.0320s/iter; left time: 466.5662s
	iters: 600, epoch: 4 | loss: 0.0538805
	speed: 0.0334s/iter; left time: 483.8884s
	iters: 700, epoch: 4 | loss: 0.0513540
	speed: 0.0323s/iter; left time: 465.0092s
	iters: 800, epoch: 4 | loss: 0.0688908
	speed: 0.0326s/iter; left time: 464.8341s
	iters: 900, epoch: 4 | loss: 0.0510783
	speed: 0.0326s/iter; left time: 462.1366s
	iters: 1000, epoch: 4 | loss: 0.0351275
	speed: 0.0323s/iter; left time: 454.1782s
	iters: 1100, epoch: 4 | loss: 0.0498529
	speed: 0.0318s/iter; left time: 443.9480s
	iters: 1200, epoch: 4 | loss: 0.0588332
	speed: 0.0324s/iter; left time: 449.2415s
	iters: 1300, epoch: 4 | loss: 0.0554612
	speed: 0.0335s/iter; left time: 461.6211s
	iters: 1400, epoch: 4 | loss: 0.0444068
	speed: 0.0321s/iter; left time: 438.7692s
	iters: 1500, epoch: 4 | loss: 0.0440992
	speed: 0.0335s/iter; left time: 455.4015s
	iters: 1600, epoch: 4 | loss: 0.0471975
	speed: 0.0318s/iter; left time: 428.1214s
	iters: 1700, epoch: 4 | loss: 0.0426249
	speed: 0.0321s/iter; left time: 428.8600s
	iters: 1800, epoch: 4 | loss: 0.0481550
	speed: 0.0332s/iter; left time: 441.2082s
	iters: 1900, epoch: 4 | loss: 0.0516237
	speed: 0.0327s/iter; left time: 431.4602s
	iters: 2000, epoch: 4 | loss: 0.0532087
	speed: 0.0345s/iter; left time: 451.7026s
	iters: 2100, epoch: 4 | loss: 0.0532886
	speed: 0.0342s/iter; left time: 443.7987s
Epoch: 4 cost time: 70.67410969734192
Epoch: 4, Steps: 2154 | Train Loss: 0.0520491 Vali Loss: 0.0673627 Test Loss: 0.0623172
Validation loss decreased (0.063648 --> 0.062317).  Saving model ...
Updating learning rate to 0.0008534895138951646
	iters: 100, epoch: 5 | loss: 0.0436100
	speed: 0.2064s/iter; left time: 2647.2164s
	iters: 200, epoch: 5 | loss: 0.0443442
	speed: 0.0321s/iter; left time: 408.0948s
	iters: 300, epoch: 5 | loss: 0.0582705
	speed: 0.0326s/iter; left time: 411.7693s
	iters: 400, epoch: 5 | loss: 0.0465368
	speed: 0.0336s/iter; left time: 421.4531s
	iters: 500, epoch: 5 | loss: 0.0552411
	speed: 0.0333s/iter; left time: 414.0890s
	iters: 600, epoch: 5 | loss: 0.0516687
	speed: 0.0318s/iter; left time: 392.4398s
	iters: 700, epoch: 5 | loss: 0.0434309
	speed: 0.0328s/iter; left time: 400.9491s
	iters: 800, epoch: 5 | loss: 0.0393662
	speed: 0.0325s/iter; left time: 393.9137s
	iters: 900, epoch: 5 | loss: 0.0566884
	speed: 0.0329s/iter; left time: 395.7441s
	iters: 1000, epoch: 5 | loss: 0.0448646
	speed: 0.0337s/iter; left time: 401.3930s
	iters: 1100, epoch: 5 | loss: 0.0498727
	speed: 0.0331s/iter; left time: 390.9995s
	iters: 1200, epoch: 5 | loss: 0.0437525
	speed: 0.0323s/iter; left time: 378.8024s
	iters: 1300, epoch: 5 | loss: 0.0514415
	speed: 0.0326s/iter; left time: 378.5359s
	iters: 1400, epoch: 5 | loss: 0.0471437
	speed: 0.0328s/iter; left time: 378.2610s
	iters: 1500, epoch: 5 | loss: 0.0524028
	speed: 0.0330s/iter; left time: 377.1124s
	iters: 1600, epoch: 5 | loss: 0.0493241
	speed: 0.0326s/iter; left time: 368.6626s
	iters: 1700, epoch: 5 | loss: 0.0392423
	speed: 0.0328s/iter; left time: 368.5827s
	iters: 1800, epoch: 5 | loss: 0.0522987
	speed: 0.0325s/iter; left time: 361.7647s
	iters: 1900, epoch: 5 | loss: 0.0394259
	speed: 0.0331s/iter; left time: 364.5150s
	iters: 2000, epoch: 5 | loss: 0.0441499
	speed: 0.0322s/iter; left time: 351.7562s
	iters: 2100, epoch: 5 | loss: 0.0694573
	speed: 0.0335s/iter; left time: 363.1144s
Epoch: 5 cost time: 70.62373352050781
Epoch: 5, Steps: 2154 | Train Loss: 0.0503378 Vali Loss: 0.0665440 Test Loss: 0.0607748
Validation loss decreased (0.062317 --> 0.060775).  Saving model ...
Updating learning rate to 0.0006912587310177311
	iters: 100, epoch: 6 | loss: 0.0556176
	speed: 0.2074s/iter; left time: 2212.7138s
	iters: 200, epoch: 6 | loss: 0.0484870
	speed: 0.0328s/iter; left time: 346.5736s
	iters: 300, epoch: 6 | loss: 0.0510527
	speed: 0.0326s/iter; left time: 340.8781s
	iters: 400, epoch: 6 | loss: 0.0614359
	speed: 0.0321s/iter; left time: 332.6209s
	iters: 500, epoch: 6 | loss: 0.0556066
	speed: 0.0329s/iter; left time: 338.3629s
	iters: 600, epoch: 6 | loss: 0.0466829
	speed: 0.0326s/iter; left time: 331.8951s
	iters: 700, epoch: 6 | loss: 0.0571412
	speed: 0.0322s/iter; left time: 324.6918s
	iters: 800, epoch: 6 | loss: 0.0400926
	speed: 0.0331s/iter; left time: 330.3224s
	iters: 900, epoch: 6 | loss: 0.0488107
	speed: 0.0335s/iter; left time: 331.1241s
	iters: 1000, epoch: 6 | loss: 0.0482397
	speed: 0.0333s/iter; left time: 324.9548s
	iters: 1100, epoch: 6 | loss: 0.0460640
	speed: 0.0319s/iter; left time: 308.6824s
	iters: 1200, epoch: 6 | loss: 0.0471120
	speed: 0.0321s/iter; left time: 306.9645s
	iters: 1300, epoch: 6 | loss: 0.0552079
	speed: 0.0325s/iter; left time: 307.9222s
	iters: 1400, epoch: 6 | loss: 0.0501270
	speed: 0.0324s/iter; left time: 303.7260s
	iters: 1500, epoch: 6 | loss: 0.0493378
	speed: 0.0330s/iter; left time: 305.8244s
	iters: 1600, epoch: 6 | loss: 0.0426687
	speed: 0.0321s/iter; left time: 294.2867s
	iters: 1700, epoch: 6 | loss: 0.0572424
	speed: 0.0322s/iter; left time: 292.1682s
	iters: 1800, epoch: 6 | loss: 0.0605793
	speed: 0.0328s/iter; left time: 293.8183s
	iters: 1900, epoch: 6 | loss: 0.0472842
	speed: 0.0322s/iter; left time: 285.2637s
	iters: 2000, epoch: 6 | loss: 0.0485596
	speed: 0.0320s/iter; left time: 280.9610s
	iters: 2100, epoch: 6 | loss: 0.0414980
	speed: 0.0326s/iter; left time: 282.5757s
Epoch: 6 cost time: 70.23003101348877
Epoch: 6, Steps: 2154 | Train Loss: 0.0491546 Vali Loss: 0.0665882 Test Loss: 0.0622390
EarlyStopping counter: 1 out of 15
Updating learning rate to 0.0004999108445894319
	iters: 100, epoch: 7 | loss: 0.0450771
	speed: 0.2072s/iter; left time: 1765.0201s
	iters: 200, epoch: 7 | loss: 0.0484955
	speed: 0.0334s/iter; left time: 281.5203s
	iters: 300, epoch: 7 | loss: 0.0392179
	speed: 0.0336s/iter; left time: 279.4848s
	iters: 400, epoch: 7 | loss: 0.0493594
	speed: 0.0331s/iter; left time: 271.6021s
	iters: 500, epoch: 7 | loss: 0.0470024
	speed: 0.0328s/iter; left time: 265.9644s
	iters: 600, epoch: 7 | loss: 0.0411642
	speed: 0.0316s/iter; left time: 253.1146s
	iters: 700, epoch: 7 | loss: 0.0511085
	speed: 0.0329s/iter; left time: 260.2703s
	iters: 800, epoch: 7 | loss: 0.0405067
	speed: 0.0325s/iter; left time: 253.8011s
	iters: 900, epoch: 7 | loss: 0.0430591
	speed: 0.0343s/iter; left time: 264.8556s
	iters: 1000, epoch: 7 | loss: 0.0341763
	speed: 0.0325s/iter; left time: 247.8118s
	iters: 1100, epoch: 7 | loss: 0.0640632
	speed: 0.0331s/iter; left time: 249.1615s
	iters: 1200, epoch: 7 | loss: 0.0453936
	speed: 0.0326s/iter; left time: 241.7590s
	iters: 1300, epoch: 7 | loss: 0.0501605
	speed: 0.0323s/iter; left time: 236.1482s
	iters: 1400, epoch: 7 | loss: 0.0509667
	speed: 0.0327s/iter; left time: 235.7822s
	iters: 1500, epoch: 7 | loss: 0.0464229
	speed: 0.0325s/iter; left time: 231.2913s
	iters: 1600, epoch: 7 | loss: 0.0417336
	speed: 0.0331s/iter; left time: 232.3905s
	iters: 1700, epoch: 7 | loss: 0.0539755
	speed: 0.0324s/iter; left time: 224.0081s
	iters: 1800, epoch: 7 | loss: 0.0518938
	speed: 0.0332s/iter; left time: 226.2966s
	iters: 1900, epoch: 7 | loss: 0.0455330
	speed: 0.0323s/iter; left time: 216.9819s
	iters: 2000, epoch: 7 | loss: 0.0559951
	speed: 0.0324s/iter; left time: 214.1251s
	iters: 2100, epoch: 7 | loss: 0.0517828
	speed: 0.0323s/iter; left time: 210.7434s
Epoch: 7 cost time: 70.63505721092224
Epoch: 7, Steps: 2154 | Train Loss: 0.0484626 Vali Loss: 0.0664146 Test Loss: 0.0609685
EarlyStopping counter: 2 out of 15
Updating learning rate to 0.00030857683574606596
	iters: 100, epoch: 8 | loss: 0.0469178
	speed: 0.2041s/iter; left time: 1298.4414s
	iters: 200, epoch: 8 | loss: 0.0420793
	speed: 0.0328s/iter; left time: 205.6387s
	iters: 300, epoch: 8 | loss: 0.0442485
	speed: 0.0331s/iter; left time: 203.7542s
	iters: 400, epoch: 8 | loss: 0.0396442
	speed: 0.0319s/iter; left time: 193.6386s
	iters: 500, epoch: 8 | loss: 0.0440242
	speed: 0.0325s/iter; left time: 193.8779s
	iters: 600, epoch: 8 | loss: 0.0515130
	speed: 0.0318s/iter; left time: 186.3777s
	iters: 700, epoch: 8 | loss: 0.0426094
	speed: 0.0327s/iter; left time: 188.2244s
	iters: 800, epoch: 8 | loss: 0.0511502
	speed: 0.0319s/iter; left time: 180.5403s
	iters: 900, epoch: 8 | loss: 0.0460694
	speed: 0.0331s/iter; left time: 184.1887s
	iters: 1000, epoch: 8 | loss: 0.0422565
	speed: 0.0320s/iter; left time: 175.0866s
	iters: 1100, epoch: 8 | loss: 0.0487395
	speed: 0.0328s/iter; left time: 176.1335s
	iters: 1200, epoch: 8 | loss: 0.0435510
	speed: 0.0320s/iter; left time: 168.4438s
	iters: 1300, epoch: 8 | loss: 0.0460675
	speed: 0.0323s/iter; left time: 166.5714s
	iters: 1400, epoch: 8 | loss: 0.0404934
	speed: 0.0317s/iter; left time: 160.5492s
	iters: 1500, epoch: 8 | loss: 0.0528901
	speed: 0.0335s/iter; left time: 166.4562s
	iters: 1600, epoch: 8 | loss: 0.0411092
	speed: 0.0337s/iter; left time: 164.0244s
	iters: 1700, epoch: 8 | loss: 0.0318182
	speed: 0.0331s/iter; left time: 157.4255s
	iters: 1800, epoch: 8 | loss: 0.0535900
	speed: 0.0333s/iter; left time: 155.1733s
	iters: 1900, epoch: 8 | loss: 0.0365747
	speed: 0.0324s/iter; left time: 147.8995s
	iters: 2000, epoch: 8 | loss: 0.0599929
	speed: 0.0320s/iter; left time: 142.9418s
	iters: 2100, epoch: 8 | loss: 0.0383487
	speed: 0.0325s/iter; left time: 141.7448s
Epoch: 8 cost time: 70.03838300704956
Epoch: 8, Steps: 2154 | Train Loss: 0.0477321 Vali Loss: 0.0645247 Test Loss: 0.0589522
Validation loss decreased (0.060775 --> 0.058952).  Saving model ...
Updating learning rate to 0.00014638557288692642
	iters: 100, epoch: 9 | loss: 0.0454498
	speed: 0.2056s/iter; left time: 865.1939s
	iters: 200, epoch: 9 | loss: 0.0530869
	speed: 0.0338s/iter; left time: 139.0242s
	iters: 300, epoch: 9 | loss: 0.0452299
	speed: 0.0338s/iter; left time: 135.3153s
	iters: 400, epoch: 9 | loss: 0.0505994
	speed: 0.0324s/iter; left time: 126.5867s
	iters: 500, epoch: 9 | loss: 0.0372576
	speed: 0.0329s/iter; left time: 125.1365s
	iters: 600, epoch: 9 | loss: 0.0441686
	speed: 0.0319s/iter; left time: 118.4363s
	iters: 700, epoch: 9 | loss: 0.0466636
	speed: 0.0322s/iter; left time: 116.1932s
	iters: 800, epoch: 9 | loss: 0.0451089
	speed: 0.0323s/iter; left time: 113.2295s
	iters: 900, epoch: 9 | loss: 0.0412304
	speed: 0.0322s/iter; left time: 109.6841s
	iters: 1000, epoch: 9 | loss: 0.0473001
	speed: 0.0334s/iter; left time: 110.5980s
	iters: 1100, epoch: 9 | loss: 0.0371418
	speed: 0.0329s/iter; left time: 105.4945s
	iters: 1200, epoch: 9 | loss: 0.0461519
	speed: 0.0316s/iter; left time: 98.3393s
	iters: 1300, epoch: 9 | loss: 0.0391963
	speed: 0.0320s/iter; left time: 96.2919s
	iters: 1400, epoch: 9 | loss: 0.0437012
	speed: 0.0324s/iter; left time: 94.1675s
	iters: 1500, epoch: 9 | loss: 0.0500209
	speed: 0.0323s/iter; left time: 90.6022s
	iters: 1600, epoch: 9 | loss: 0.0453917
	speed: 0.0319s/iter; left time: 86.4896s
	iters: 1700, epoch: 9 | loss: 0.0538507
	speed: 0.0320s/iter; left time: 83.5919s
	iters: 1800, epoch: 9 | loss: 0.0397107
	speed: 0.0325s/iter; left time: 81.4653s
	iters: 1900, epoch: 9 | loss: 0.0451553
	speed: 0.0320s/iter; left time: 77.1258s
	iters: 2000, epoch: 9 | loss: 0.0459476
	speed: 0.0337s/iter; left time: 77.7398s
	iters: 2100, epoch: 9 | loss: 0.0632200
	speed: 0.0331s/iter; left time: 73.0580s
Epoch: 9 cost time: 70.12226581573486
Epoch: 9, Steps: 2154 | Train Loss: 0.0473377 Vali Loss: 0.0642167 Test Loss: 0.0585091
Validation loss decreased (0.058952 --> 0.058509).  Saving model ...
Updating learning rate to 3.802920551485804e-05
	iters: 100, epoch: 10 | loss: 0.0496467
	speed: 0.2029s/iter; left time: 416.8632s
	iters: 200, epoch: 10 | loss: 0.0455247
	speed: 0.0327s/iter; left time: 63.9241s
	iters: 300, epoch: 10 | loss: 0.0423049
	speed: 0.0319s/iter; left time: 59.2548s
	iters: 400, epoch: 10 | loss: 0.0438652
	speed: 0.0329s/iter; left time: 57.8209s
	iters: 500, epoch: 10 | loss: 0.0393973
	speed: 0.0326s/iter; left time: 53.9387s
	iters: 600, epoch: 10 | loss: 0.0439331
	speed: 0.0332s/iter; left time: 51.5517s
	iters: 700, epoch: 10 | loss: 0.0522442
	speed: 0.0328s/iter; left time: 47.7543s
	iters: 800, epoch: 10 | loss: 0.0441717
	speed: 0.0324s/iter; left time: 43.8794s
	iters: 900, epoch: 10 | loss: 0.0431190
	speed: 0.0327s/iter; left time: 41.0745s
	iters: 1000, epoch: 10 | loss: 0.0513208
	speed: 0.0324s/iter; left time: 37.4712s
	iters: 1100, epoch: 10 | loss: 0.0470096
	speed: 0.0323s/iter; left time: 34.0725s
	iters: 1200, epoch: 10 | loss: 0.0559149
	speed: 0.0325s/iter; left time: 30.9940s
	iters: 1300, epoch: 10 | loss: 0.0473889
	speed: 0.0333s/iter; left time: 28.4510s
	iters: 1400, epoch: 10 | loss: 0.0566790
	speed: 0.0321s/iter; left time: 24.2093s
	iters: 1500, epoch: 10 | loss: 0.0488002
	speed: 0.0324s/iter; left time: 21.2304s
	iters: 1600, epoch: 10 | loss: 0.0531633
	speed: 0.0327s/iter; left time: 18.1527s
	iters: 1700, epoch: 10 | loss: 0.0446124
	speed: 0.0317s/iter; left time: 14.4179s
	iters: 1800, epoch: 10 | loss: 0.0495532
	speed: 0.0323s/iter; left time: 11.4765s
	iters: 1900, epoch: 10 | loss: 0.0478916
	speed: 0.0326s/iter; left time: 8.3039s
	iters: 2000, epoch: 10 | loss: 0.0477104
	speed: 0.0320s/iter; left time: 4.9631s
	iters: 2100, epoch: 10 | loss: 0.0460865
	speed: 0.0329s/iter; left time: 1.8096s
Epoch: 10 cost time: 70.10419201850891
Epoch: 10, Steps: 2154 | Train Loss: 0.0472110 Vali Loss: 0.0637041 Test Loss: 0.0580924
Validation loss decreased (0.058509 --> 0.058092).  Saving model ...
Updating learning rate to 4.008309342172464e-09
>>>>>>>testing : imputation_IMP_TimeMixer_ETTm1_mask0.5_none_TimeMixer_ETTm1_sl96_pl0_dm16_nh8_el2_dl1_df32_fc1_ebtimeF_dtTrue_Imp_0<<<<<<<<<<<<<<<<<<<<<<<<<<<<<<<<<
test 11521
test shape: (11520, 96, 7) (11520, 96, 7)
mse:0.05814296379685402, mae:0.15110385417938232
