Args in experiment:
Namespace(activation='gelu', anomaly_ratio=0.25, batch_size=16, c_out=7, channel_independence=1, checkpoints='./checkpoints/', comment='none', d_ff=32, d_layers=1, d_model=32, data='ETTm2', data_path='ETTm2.csv', dec_in=7, decomp_method='moving_avg', des='Imp', devices='0,1', distil=True, down_sampling_layers=3, down_sampling_method='avg', down_sampling_window=2, drop_last=True, dropout=0.1, e_layers=2, embed='timeF', emissions_file='emissions.csv', emissions_output_dir='.', enc_in=7, factor=1, features='M', freq='h', gpu=0, inverse=False, is_training=1, itr=1, label_len=0, learning_rate=0.001, loss='MSE', lradj='TST', mask_rate=0.5, model='TimeMixer', model_id='IMP_TimeMixer_ETTm2_mask0.5', model_type='linear', moving_avg=25, n_heads=8, num_kernels=6, num_workers=0, output_attention=False, p_hidden_dims=[128, 128], p_hidden_layers=2, patience=15, pct_start=0.2, period_len=4, pred_len=0, root_path='<workspace>\\dataset\\ETT-small', seasonal_patterns='Monthly', seq_len=96, target='OT', task_name='imputation', top_k=5, track_emissions=0, train_epochs=10, use_amp=False, use_future_temporal_feature=0, use_gpu=True, use_multi_gpu=False, use_norm=1)
Use GPU: cuda:0
>>>>>>>start training : imputation_IMP_TimeMixer_ETTm2_mask0.5_none_TimeMixer_ETTm2_sl96_pl0_dm32_nh8_el2_dl1_df32_fc1_ebtimeF_dtTrue_Imp_0>>>>>>>>>>>>>>>>>>>>>>>>>>
train 34465
val 11521
test 11521
	iters: 100, epoch: 1 | loss: 0.2429337
	speed: 0.0614s/iter; left time: 1317.4087s
	iters: 200, epoch: 1 | loss: 0.0918119
	speed: 0.0319s/iter; left time: 680.7576s
	iters: 300, epoch: 1 | loss: 0.0902996
	speed: 0.0338s/iter; left time: 718.9049s
	iters: 400, epoch: 1 | loss: 0.0465514
	speed: 0.0340s/iter; left time: 719.3328s
	iters: 500, epoch: 1 | loss: 0.1449713
	speed: 0.0337s/iter; left time: 709.0919s
	iters: 600, epoch: 1 | loss: 0.0406194
	speed: 0.0350s/iter; left time: 732.9423s
	iters: 700, epoch: 1 | loss: 0.0406803
	speed: 0.0355s/iter; left time: 739.1363s
	iters: 800, epoch: 1 | loss: 0.0392214
	speed: 0.0329s/iter; left time: 682.2351s
	iters: 900, epoch: 1 | loss: 0.0395676
	speed: 0.0326s/iter; left time: 672.8349s
	iters: 1000, epoch: 1 | loss: 0.0437388
	speed: 0.0355s/iter; left time: 729.7350s
	iters: 1100, epoch: 1 | loss: 0.0401134
	speed: 0.0334s/iter; left time: 681.9524s
	iters: 1200, epoch: 1 | loss: 0.0373833
	speed: 0.0333s/iter; left time: 677.5520s
	iters: 1300, epoch: 1 | loss: 0.0440223
	speed: 0.0361s/iter; left time: 730.3862s
	iters: 1400, epoch: 1 | loss: 0.0483449
	speed: 0.0331s/iter; left time: 666.5982s
	iters: 1500, epoch: 1 | loss: 0.0438835
	speed: 0.0348s/iter; left time: 696.6275s
	iters: 1600, epoch: 1 | loss: 0.0360173
	speed: 0.0344s/iter; left time: 685.1713s
	iters: 1700, epoch: 1 | loss: 0.0507027
	speed: 0.0365s/iter; left time: 724.8846s
	iters: 1800, epoch: 1 | loss: 0.0337274
	speed: 0.0329s/iter; left time: 649.3294s
	iters: 1900, epoch: 1 | loss: 0.0332711
	speed: 0.0330s/iter; left time: 647.2087s
	iters: 2000, epoch: 1 | loss: 0.0453505
	speed: 0.0339s/iter; left time: 662.3691s
	iters: 2100, epoch: 1 | loss: 0.0413062
	speed: 0.0330s/iter; left time: 642.3120s
Epoch: 1 cost time: 76.09753799438477
Epoch: 1, Steps: 2154 | Train Loss: 0.0656424 Vali Loss: 0.0362242 Test Loss: 0.0398581
Validation loss decreased (inf --> 0.039858).  Saving model ...
Updating learning rate to 0.0005201750597214178
	iters: 100, epoch: 2 | loss: 0.0351046
	speed: 0.2205s/iter; left time: 4253.3988s
	iters: 200, epoch: 2 | loss: 0.0417739
	speed: 0.0330s/iter; left time: 633.1178s
	iters: 300, epoch: 2 | loss: 0.0344664
	speed: 0.0326s/iter; left time: 622.7384s
	iters: 400, epoch: 2 | loss: 0.0356163
	speed: 0.0332s/iter; left time: 631.0082s
	iters: 500, epoch: 2 | loss: 0.0487445
	speed: 0.0383s/iter; left time: 723.6175s
	iters: 600, epoch: 2 | loss: 0.0379732
	speed: 0.0335s/iter; left time: 628.5250s
	iters: 700, epoch: 2 | loss: 0.0394827
	speed: 0.0348s/iter; left time: 650.5301s
	iters: 800, epoch: 2 | loss: 0.0345449
	speed: 0.0354s/iter; left time: 658.4785s
	iters: 900, epoch: 2 | loss: 0.0396274
	speed: 0.0334s/iter; left time: 617.5487s
	iters: 1000, epoch: 2 | loss: 0.0394754
	speed: 0.0344s/iter; left time: 631.6194s
	iters: 1100, epoch: 2 | loss: 0.0347961
	speed: 0.0329s/iter; left time: 600.9566s
	iters: 1200, epoch: 2 | loss: 0.0484468
	speed: 0.0364s/iter; left time: 661.5356s
	iters: 1300, epoch: 2 | loss: 0.0313201
	speed: 0.0325s/iter; left time: 587.4694s
	iters: 1400, epoch: 2 | loss: 0.0332618
	speed: 0.0350s/iter; left time: 629.0592s
	iters: 1500, epoch: 2 | loss: 0.0346661
	speed: 0.0396s/iter; left time: 708.6752s
	iters: 1600, epoch: 2 | loss: 0.0363284
	speed: 0.0333s/iter; left time: 591.5940s
	iters: 1700, epoch: 2 | loss: 0.0291667
	speed: 0.0327s/iter; left time: 578.6183s
	iters: 1800, epoch: 2 | loss: 0.0336720
	speed: 0.0347s/iter; left time: 610.8969s
	iters: 1900, epoch: 2 | loss: 0.0457776
	speed: 0.0330s/iter; left time: 576.9301s
	iters: 2000, epoch: 2 | loss: 0.0305694
	speed: 0.0320s/iter; left time: 557.1172s
	iters: 2100, epoch: 2 | loss: 0.0384957
	speed: 0.0325s/iter; left time: 562.3553s
Epoch: 2 cost time: 73.617928981781
Epoch: 2, Steps: 2154 | Train Loss: 0.0367261 Vali Loss: 0.0332670 Test Loss: 0.0356443
Validation loss decreased (0.039858 --> 0.035644).  Saving model ...
Updating learning rate to 0.0009999999916906579
	iters: 100, epoch: 3 | loss: 0.0425992
	speed: 0.2106s/iter; left time: 3607.3865s
	iters: 200, epoch: 3 | loss: 0.0320300
	speed: 0.0336s/iter; left time: 572.7073s
	iters: 300, epoch: 3 | loss: 0.0296806
	speed: 0.0327s/iter; left time: 553.8769s
	iters: 400, epoch: 3 | loss: 0.0289910
	speed: 0.0331s/iter; left time: 556.9129s
	iters: 500, epoch: 3 | loss: 0.0308781
	speed: 0.0331s/iter; left time: 554.6537s
	iters: 600, epoch: 3 | loss: 0.0357690
	speed: 0.0328s/iter; left time: 546.1768s
	iters: 700, epoch: 3 | loss: 0.0293892
	speed: 0.0400s/iter; left time: 661.3412s
	iters: 800, epoch: 3 | loss: 0.0257322
	speed: 0.0352s/iter; left time: 578.6722s
	iters: 900, epoch: 3 | loss: 0.0609679
	speed: 0.0331s/iter; left time: 539.8639s
	iters: 1000, epoch: 3 | loss: 0.0339852
	speed: 0.0366s/iter; left time: 594.9202s
	iters: 1100, epoch: 3 | loss: 0.0352872
	speed: 0.0327s/iter; left time: 527.5069s
	iters: 1200, epoch: 3 | loss: 0.0352643
	speed: 0.0372s/iter; left time: 595.8118s
	iters: 1300, epoch: 3 | loss: 0.0341485
	speed: 0.0343s/iter; left time: 546.7530s
	iters: 1400, epoch: 3 | loss: 0.0297860
	speed: 0.0381s/iter; left time: 602.5533s
	iters: 1500, epoch: 3 | loss: 0.0357592
	speed: 0.0336s/iter; left time: 528.8396s
	iters: 1600, epoch: 3 | loss: 0.0306462
	speed: 0.0332s/iter; left time: 519.3349s
	iters: 1700, epoch: 3 | loss: 0.0359583
	speed: 0.0361s/iter; left time: 561.2734s
	iters: 1800, epoch: 3 | loss: 0.0400391
	speed: 0.0329s/iter; left time: 507.7129s
	iters: 1900, epoch: 3 | loss: 0.0294709
	speed: 0.0332s/iter; left time: 508.6010s
	iters: 2000, epoch: 3 | loss: 0.0288798
	speed: 0.0326s/iter; left time: 496.0363s
	iters: 2100, epoch: 3 | loss: 0.0407875
	speed: 0.0377s/iter; left time: 570.2808s
Epoch: 3 cost time: 74.32649159431458
Epoch: 3, Steps: 2154 | Train Loss: 0.0336821 Vali Loss: 0.0324353 Test Loss: 0.0348479
Validation loss decreased (0.035644 --> 0.034848).  Saving model ...
Updating learning rate to 0.0009619050271543523
	iters: 100, epoch: 4 | loss: 0.0298717
	speed: 0.2205s/iter; left time: 3302.3027s
	iters: 200, epoch: 4 | loss: 0.0309300
	speed: 0.0348s/iter; left time: 517.1278s
	iters: 300, epoch: 4 | loss: 0.0298456
	speed: 0.0324s/iter; left time: 479.5525s
	iters: 400, epoch: 4 | loss: 0.0292668
	speed: 0.0357s/iter; left time: 524.2285s
	iters: 500, epoch: 4 | loss: 0.0304320
	speed: 0.0334s/iter; left time: 487.5988s
	iters: 600, epoch: 4 | loss: 0.0315901
	speed: 0.0380s/iter; left time: 550.1117s
	iters: 700, epoch: 4 | loss: 0.0290263
	speed: 0.0332s/iter; left time: 477.2205s
	iters: 800, epoch: 4 | loss: 0.0294363
	speed: 0.0380s/iter; left time: 541.9422s
	iters: 900, epoch: 4 | loss: 0.0302740
	speed: 0.0385s/iter; left time: 546.2551s
	iters: 1000, epoch: 4 | loss: 0.0359804
	speed: 0.0320s/iter; left time: 451.1677s
	iters: 1100, epoch: 4 | loss: 0.0321497
	speed: 0.0361s/iter; left time: 504.8335s
	iters: 1200, epoch: 4 | loss: 0.0394084
	speed: 0.0347s/iter; left time: 480.9666s
	iters: 1300, epoch: 4 | loss: 0.0328213
	speed: 0.0323s/iter; left time: 445.0051s
	iters: 1400, epoch: 4 | loss: 0.0252337
	speed: 0.0341s/iter; left time: 466.9810s
	iters: 1500, epoch: 4 | loss: 0.0372175
	speed: 0.0383s/iter; left time: 519.6610s
	iters: 1600, epoch: 4 | loss: 0.0309086
	speed: 0.0333s/iter; left time: 448.6382s
	iters: 1700, epoch: 4 | loss: 0.0247963
	speed: 0.0336s/iter; left time: 449.5702s
	iters: 1800, epoch: 4 | loss: 0.0303600
	speed: 0.0347s/iter; left time: 460.7631s
	iters: 1900, epoch: 4 | loss: 0.0290450
	speed: 0.0327s/iter; left time: 430.7001s
	iters: 2000, epoch: 4 | loss: 0.0459853
	speed: 0.0327s/iter; left time: 428.2878s
	iters: 2100, epoch: 4 | loss: 0.0281191
	speed: 0.0320s/iter; left time: 415.9379s
Epoch: 4 cost time: 74.47442626953125
Epoch: 4, Steps: 2154 | Train Loss: 0.0325955 Vali Loss: 0.0318887 Test Loss: 0.0336380
Validation loss decreased (0.034848 --> 0.033638).  Saving model ...
Updating learning rate to 0.0008534895138951646
	iters: 100, epoch: 5 | loss: 0.0320801
	speed: 0.2091s/iter; left time: 2681.4304s
	iters: 200, epoch: 5 | loss: 0.0301374
	speed: 0.0323s/iter; left time: 410.5214s
	iters: 300, epoch: 5 | loss: 0.0341322
	speed: 0.0322s/iter; left time: 406.7448s
	iters: 400, epoch: 5 | loss: 0.0317481
	speed: 0.0332s/iter; left time: 415.7119s
	iters: 500, epoch: 5 | loss: 0.0363143
	speed: 0.0346s/iter; left time: 429.8639s
	iters: 600, epoch: 5 | loss: 0.0310093
	speed: 0.0341s/iter; left time: 420.8062s
	iters: 700, epoch: 5 | loss: 0.0324179
	speed: 0.0338s/iter; left time: 412.8451s
	iters: 800, epoch: 5 | loss: 0.0335655
	speed: 0.0321s/iter; left time: 388.9274s
	iters: 900, epoch: 5 | loss: 0.0387501
	speed: 0.0324s/iter; left time: 389.0133s
	iters: 1000, epoch: 5 | loss: 0.0345211
	speed: 0.0322s/iter; left time: 384.3910s
	iters: 1100, epoch: 5 | loss: 0.0359549
	speed: 0.0335s/iter; left time: 396.0755s
	iters: 1200, epoch: 5 | loss: 0.0333989
	speed: 0.0324s/iter; left time: 379.3719s
	iters: 1300, epoch: 5 | loss: 0.0302048
	speed: 0.0322s/iter; left time: 373.7991s
	iters: 1400, epoch: 5 | loss: 0.0293320
	speed: 0.0332s/iter; left time: 382.7087s
	iters: 1500, epoch: 5 | loss: 0.0275307
	speed: 0.0323s/iter; left time: 369.2253s
	iters: 1600, epoch: 5 | loss: 0.0379333
	speed: 0.0326s/iter; left time: 369.0133s
	iters: 1700, epoch: 5 | loss: 0.0261929
	speed: 0.0323s/iter; left time: 362.5068s
	iters: 1800, epoch: 5 | loss: 0.0281098
	speed: 0.0323s/iter; left time: 358.9085s
	iters: 1900, epoch: 5 | loss: 0.0325273
	speed: 0.0323s/iter; left time: 356.5741s
	iters: 2000, epoch: 5 | loss: 0.0318367
	speed: 0.0326s/iter; left time: 356.6851s
	iters: 2100, epoch: 5 | loss: 0.0291923
	speed: 0.0316s/iter; left time: 341.8250s
Epoch: 5 cost time: 70.51154279708862
Epoch: 5, Steps: 2154 | Train Loss: 0.0318799 Vali Loss: 0.0316430 Test Loss: 0.0335415
Validation loss decreased (0.033638 --> 0.033542).  Saving model ...
Updating learning rate to 0.0006912587310177311
	iters: 100, epoch: 6 | loss: 0.0280510
	speed: 0.2063s/iter; left time: 2200.9183s
	iters: 200, epoch: 6 | loss: 0.0290392
	speed: 0.0323s/iter; left time: 341.6201s
	iters: 300, epoch: 6 | loss: 0.0297460
	speed: 0.0321s/iter; left time: 336.6388s
	iters: 400, epoch: 6 | loss: 0.0285761
	speed: 0.0323s/iter; left time: 334.9851s
	iters: 500, epoch: 6 | loss: 0.0268859
	speed: 0.0323s/iter; left time: 331.7065s
	iters: 600, epoch: 6 | loss: 0.0548363
	speed: 0.0332s/iter; left time: 337.2219s
	iters: 700, epoch: 6 | loss: 0.0334736
	speed: 0.0320s/iter; left time: 322.0756s
	iters: 800, epoch: 6 | loss: 0.0237118
	speed: 0.0315s/iter; left time: 313.8541s
	iters: 900, epoch: 6 | loss: 0.0284088
	speed: 0.0334s/iter; left time: 329.5476s
	iters: 1000, epoch: 6 | loss: 0.0311027
	speed: 0.0321s/iter; left time: 313.5897s
	iters: 1100, epoch: 6 | loss: 0.0251346
	speed: 0.0326s/iter; left time: 315.0055s
	iters: 1200, epoch: 6 | loss: 0.0493260
	speed: 0.0322s/iter; left time: 307.9974s
	iters: 1300, epoch: 6 | loss: 0.0426117
	speed: 0.0325s/iter; left time: 308.1234s
	iters: 1400, epoch: 6 | loss: 0.0304664
	speed: 0.0337s/iter; left time: 315.4240s
	iters: 1500, epoch: 6 | loss: 0.0257960
	speed: 0.0320s/iter; left time: 297.0740s
	iters: 1600, epoch: 6 | loss: 0.0264211
	speed: 0.0328s/iter; left time: 301.0349s
	iters: 1700, epoch: 6 | loss: 0.0241682
	speed: 0.0346s/iter; left time: 313.9428s
	iters: 1800, epoch: 6 | loss: 0.0309682
	speed: 0.0327s/iter; left time: 293.0662s
	iters: 1900, epoch: 6 | loss: 0.0271179
	speed: 0.0337s/iter; left time: 298.7471s
	iters: 2000, epoch: 6 | loss: 0.0310103
	speed: 0.0330s/iter; left time: 289.1387s
	iters: 2100, epoch: 6 | loss: 0.0305241
	speed: 0.0323s/iter; left time: 280.1221s
Epoch: 6 cost time: 70.3692672252655
Epoch: 6, Steps: 2154 | Train Loss: 0.0314725 Vali Loss: 0.0312984 Test Loss: 0.0330279
Validation loss decreased (0.033542 --> 0.033028).  Saving model ...
Updating learning rate to 0.0004999108445894319
	iters: 100, epoch: 7 | loss: 0.0255544
	speed: 0.2058s/iter; left time: 1752.7839s
	iters: 200, epoch: 7 | loss: 0.0332335
	speed: 0.0321s/iter; left time: 269.8453s
	iters: 300, epoch: 7 | loss: 0.0253990
	speed: 0.0328s/iter; left time: 272.9533s
	iters: 400, epoch: 7 | loss: 0.0395964
	speed: 0.0327s/iter; left time: 268.6570s
	iters: 500, epoch: 7 | loss: 0.0267168
	speed: 0.0329s/iter; left time: 266.7879s
	iters: 600, epoch: 7 | loss: 0.0305174
	speed: 0.0324s/iter; left time: 260.1497s
	iters: 700, epoch: 7 | loss: 0.0294191
	speed: 0.0327s/iter; left time: 259.0078s
	iters: 800, epoch: 7 | loss: 0.0319462
	speed: 0.0343s/iter; left time: 268.4467s
	iters: 900, epoch: 7 | loss: 0.0360421
	speed: 0.0360s/iter; left time: 277.5424s
	iters: 1000, epoch: 7 | loss: 0.0258008
	speed: 0.0327s/iter; left time: 249.3153s
	iters: 1100, epoch: 7 | loss: 0.0358169
	speed: 0.0319s/iter; left time: 239.9953s
	iters: 1200, epoch: 7 | loss: 0.0369514
	speed: 0.0323s/iter; left time: 239.3520s
	iters: 1300, epoch: 7 | loss: 0.0292929
	speed: 0.0340s/iter; left time: 249.1132s
	iters: 1400, epoch: 7 | loss: 0.0301688
	speed: 0.0326s/iter; left time: 235.2496s
	iters: 1500, epoch: 7 | loss: 0.0309462
	speed: 0.0327s/iter; left time: 232.9168s
	iters: 1600, epoch: 7 | loss: 0.0306817
	speed: 0.0333s/iter; left time: 233.7165s
	iters: 1700, epoch: 7 | loss: 0.0308723
	speed: 0.0325s/iter; left time: 224.8945s
	iters: 1800, epoch: 7 | loss: 0.0281288
	speed: 0.0332s/iter; left time: 226.3871s
	iters: 1900, epoch: 7 | loss: 0.0294070
	speed: 0.0333s/iter; left time: 223.8194s
	iters: 2000, epoch: 7 | loss: 0.0374713
	speed: 0.0327s/iter; left time: 216.2638s
	iters: 2100, epoch: 7 | loss: 0.0536148
	speed: 0.0327s/iter; left time: 213.1928s
Epoch: 7 cost time: 70.97398948669434
Epoch: 7, Steps: 2154 | Train Loss: 0.0312005 Vali Loss: 0.0310640 Test Loss: 0.0325456
Validation loss decreased (0.033028 --> 0.032546).  Saving model ...
Updating learning rate to 0.00030857683574606596
	iters: 100, epoch: 8 | loss: 0.0352162
	speed: 0.2140s/iter; left time: 1361.5892s
	iters: 200, epoch: 8 | loss: 0.0509985
	speed: 0.0331s/iter; left time: 207.3389s
	iters: 300, epoch: 8 | loss: 0.0294417
	speed: 0.0324s/iter; left time: 199.4921s
	iters: 400, epoch: 8 | loss: 0.0304094
	speed: 0.0325s/iter; left time: 196.7897s
	iters: 500, epoch: 8 | loss: 0.0287800
	speed: 0.0323s/iter; left time: 192.6618s
	iters: 600, epoch: 8 | loss: 0.0312412
	speed: 0.0328s/iter; left time: 192.0865s
	iters: 700, epoch: 8 | loss: 0.0336931
	speed: 0.0334s/iter; left time: 192.7594s
	iters: 800, epoch: 8 | loss: 0.0370056
	speed: 0.0349s/iter; left time: 197.5860s
	iters: 900, epoch: 8 | loss: 0.0280191
	speed: 0.0330s/iter; left time: 183.3108s
	iters: 1000, epoch: 8 | loss: 0.0294132
	speed: 0.0330s/iter; left time: 180.0703s
	iters: 1100, epoch: 8 | loss: 0.0405473
	speed: 0.0326s/iter; left time: 174.9386s
	iters: 1200, epoch: 8 | loss: 0.0306527
	speed: 0.0326s/iter; left time: 171.3932s
	iters: 1300, epoch: 8 | loss: 0.0326641
	speed: 0.0324s/iter; left time: 167.2532s
	iters: 1400, epoch: 8 | loss: 0.0357467
	speed: 0.0319s/iter; left time: 161.5378s
	iters: 1500, epoch: 8 | loss: 0.0317447
	speed: 0.0322s/iter; left time: 159.8732s
	iters: 1600, epoch: 8 | loss: 0.0332397
	speed: 0.0336s/iter; left time: 163.1915s
	iters: 1700, epoch: 8 | loss: 0.0386665
	speed: 0.0341s/iter; left time: 162.5675s
	iters: 1800, epoch: 8 | loss: 0.0591510
	speed: 0.0329s/iter; left time: 153.5487s
	iters: 1900, epoch: 8 | loss: 0.0271962
	speed: 0.0332s/iter; left time: 151.4220s
	iters: 2000, epoch: 8 | loss: 0.0246099
	speed: 0.0325s/iter; left time: 145.2163s
	iters: 2100, epoch: 8 | loss: 0.0258343
	speed: 0.0323s/iter; left time: 141.0402s
Epoch: 8 cost time: 71.25374460220337
Epoch: 8, Steps: 2154 | Train Loss: 0.0308105 Vali Loss: 0.0308822 Test Loss: 0.0325317
Validation loss decreased (0.032546 --> 0.032532).  Saving model ...
Updating learning rate to 0.00014638557288692642
	iters: 100, epoch: 9 | loss: 0.0296221
	speed: 0.2081s/iter; left time: 875.6949s
	iters: 200, epoch: 9 | loss: 0.0278267
	speed: 0.0333s/iter; left time: 136.7536s
	iters: 300, epoch: 9 | loss: 0.0306364
	speed: 0.0340s/iter; left time: 136.1542s
	iters: 400, epoch: 9 | loss: 0.0311312
	speed: 0.0333s/iter; left time: 130.3436s
	iters: 500, epoch: 9 | loss: 0.0287991
	speed: 0.0330s/iter; left time: 125.5592s
	iters: 600, epoch: 9 | loss: 0.0276593
	speed: 0.0322s/iter; left time: 119.4813s
	iters: 700, epoch: 9 | loss: 0.0278585
	speed: 0.0321s/iter; left time: 115.7052s
	iters: 800, epoch: 9 | loss: 0.0265576
	speed: 0.0323s/iter; left time: 113.3149s
	iters: 900, epoch: 9 | loss: 0.0272091
	speed: 0.0321s/iter; left time: 109.5908s
	iters: 1000, epoch: 9 | loss: 0.0325425
	speed: 0.0327s/iter; left time: 108.0650s
	iters: 1100, epoch: 9 | loss: 0.0312535
	speed: 0.0379s/iter; left time: 121.7217s
	iters: 1200, epoch: 9 | loss: 0.0252022
	speed: 0.0325s/iter; left time: 100.9621s
	iters: 1300, epoch: 9 | loss: 0.0348472
	speed: 0.0330s/iter; left time: 99.3227s
	iters: 1400, epoch: 9 | loss: 0.0243936
	speed: 0.0327s/iter; left time: 95.2598s
	iters: 1500, epoch: 9 | loss: 0.0249510
	speed: 0.0318s/iter; left time: 89.3328s
	iters: 1600, epoch: 9 | loss: 0.0283984
	speed: 0.0328s/iter; left time: 88.7328s
	iters: 1700, epoch: 9 | loss: 0.0307115
	speed: 0.0326s/iter; left time: 85.1572s
	iters: 1800, epoch: 9 | loss: 0.0298052
	speed: 0.0334s/iter; left time: 83.8515s
	iters: 1900, epoch: 9 | loss: 0.0445859
	speed: 0.0321s/iter; left time: 77.2808s
	iters: 2000, epoch: 9 | loss: 0.0264251
	speed: 0.0333s/iter; left time: 76.7819s
	iters: 2100, epoch: 9 | loss: 0.0283183
	speed: 0.0327s/iter; left time: 72.1728s
Epoch: 9 cost time: 71.07882237434387
Epoch: 9, Steps: 2154 | Train Loss: 0.0304742 Vali Loss: 0.0306849 Test Loss: 0.0323091
Validation loss decreased (0.032532 --> 0.032309).  Saving model ...
Updating learning rate to 3.802920551485804e-05
	iters: 100, epoch: 10 | loss: 0.0263310
	speed: 0.2080s/iter; left time: 427.3960s
	iters: 200, epoch: 10 | loss: 0.0314180
	speed: 0.0325s/iter; left time: 63.5524s
	iters: 300, epoch: 10 | loss: 0.0288020
	speed: 0.0351s/iter; left time: 65.1989s
	iters: 400, epoch: 10 | loss: 0.0388906
	speed: 0.0332s/iter; left time: 58.2557s
	iters: 500, epoch: 10 | loss: 0.0297072
	speed: 0.0324s/iter; left time: 53.5395s
	iters: 600, epoch: 10 | loss: 0.0293267
	speed: 0.0324s/iter; left time: 50.3224s
	iters: 700, epoch: 10 | loss: 0.0288282
	speed: 0.0323s/iter; left time: 46.9460s
	iters: 800, epoch: 10 | loss: 0.0386403
	speed: 0.0326s/iter; left time: 44.1850s
	iters: 900, epoch: 10 | loss: 0.0301101
	speed: 0.0330s/iter; left time: 41.4238s
	iters: 1000, epoch: 10 | loss: 0.0276358
	speed: 0.0338s/iter; left time: 39.0364s
	iters: 1100, epoch: 10 | loss: 0.0276972
	speed: 0.0327s/iter; left time: 34.5049s
	iters: 1200, epoch: 10 | loss: 0.0371105
	speed: 0.0329s/iter; left time: 31.4508s
	iters: 1300, epoch: 10 | loss: 0.0380993
	speed: 0.0325s/iter; left time: 27.7753s
	iters: 1400, epoch: 10 | loss: 0.0270883
	speed: 0.0332s/iter; left time: 25.0294s
	iters: 1500, epoch: 10 | loss: 0.0410037
	speed: 0.0327s/iter; left time: 21.4197s
	iters: 1600, epoch: 10 | loss: 0.0288648
	speed: 0.0326s/iter; left time: 18.0826s
	iters: 1700, epoch: 10 | loss: 0.0235998
	speed: 0.0319s/iter; left time: 14.4996s
	iters: 1800, epoch: 10 | loss: 0.0267618
	speed: 0.0327s/iter; left time: 11.6115s
	iters: 1900, epoch: 10 | loss: 0.0344500
	speed: 0.0330s/iter; left time: 8.4026s
	iters: 2000, epoch: 10 | loss: 0.0287938
	speed: 0.0321s/iter; left time: 4.9716s
	iters: 2100, epoch: 10 | loss: 0.0405326
	speed: 0.0354s/iter; left time: 1.9450s
Epoch: 10 cost time: 71.00900483131409
Epoch: 10, Steps: 2154 | Train Loss: 0.0304716 Vali Loss: 0.0307772 Test Loss: 0.0323588
EarlyStopping counter: 1 out of 15
Updating learning rate to 4.008309342172464e-09
>>>>>>>testing : imputation_IMP_TimeMixer_ETTm2_mask0.5_none_TimeMixer_ETTm2_sl96_pl0_dm32_nh8_el2_dl1_df32_fc1_ebtimeF_dtTrue_Imp_0<<<<<<<<<<<<<<<<<<<<<<<<<<<<<<<<<
test 11521
test shape: (11520, 96, 7) (11520, 96, 7)
mse:0.032386817038059235, mae:0.10233981162309647
