Args in experiment:
Namespace(activation='gelu', anomaly_ratio=0.25, batch_size=16, c_out=7, channel_independence=1, checkpoints='./checkpoints/', comment='none', d_ff=32, d_layers=1, d_model=32, data='ETTm2', data_path='ETTm2.csv', dec_in=7, decomp_method='moving_avg', des='Imp', devices='0,1', distil=True, down_sampling_layers=3, down_sampling_method='avg', down_sampling_window=2, drop_last=True, dropout=0.1, e_layers=2, embed='timeF', emissions_file='emissions.csv', emissions_output_dir='.', enc_in=7, factor=1, features='M', freq='h', gpu=0, inverse=False, is_training=1, itr=1, label_len=0, learning_rate=0.001, loss='MSE', lradj='TST', mask_rate=0.25, model='TimeMixer', model_id='IMP_TimeMixer_ETTm2_mask0.25', model_type='linear', moving_avg=25, n_heads=8, num_kernels=6, num_workers=0, output_attention=False, p_hidden_dims=[128, 128], p_hidden_layers=2, patience=15, pct_start=0.2, period_len=4, pred_len=0, root_path='C:\\Users\\bbbal\\OneDrive\\Masaüstü\\timemixer\\dataset\\ETT-small', seasonal_patterns='Monthly', seq_len=96, target='OT', task_name='imputation', top_k=5, track_emissions=0, train_epochs=10, use_amp=False, use_future_temporal_feature=0, use_gpu=True, use_multi_gpu=False, use_norm=1)
Use GPU: cuda:0
>>>>>>>start training : imputation_IMP_TimeMixer_ETTm2_mask0.25_none_TimeMixer_ETTm2_sl96_pl0_dm32_nh8_el2_dl1_df32_fc1_ebtimeF_dtTrue_Imp_0>>>>>>>>>>>>>>>>>>>>>>>>>>
train 34465
val 11521
test 11521
	iters: 100, epoch: 1 | loss: 0.2892966
	speed: 0.0695s/iter; left time: 1489.4212s
	iters: 200, epoch: 1 | loss: 0.0915911
	speed: 0.0346s/iter; left time: 738.1566s
	iters: 300, epoch: 1 | loss: 0.0793417
	speed: 0.0344s/iter; left time: 729.7829s
	iters: 400, epoch: 1 | loss: 0.0355500
	speed: 0.0337s/iter; left time: 712.9266s
	iters: 500, epoch: 1 | loss: 0.0701290
	speed: 0.0340s/iter; left time: 716.3746s
	iters: 600, epoch: 1 | loss: 0.0314757
	speed: 0.0339s/iter; left time: 710.1113s
	iters: 700, epoch: 1 | loss: 0.0317549
	speed: 0.0346s/iter; left time: 722.1236s
	iters: 800, epoch: 1 | loss: 0.0323974
	speed: 0.0339s/iter; left time: 702.4322s
	iters: 900, epoch: 1 | loss: 0.0297637
	speed: 0.0340s/iter; left time: 702.3711s
	iters: 1000, epoch: 1 | loss: 0.0342438
	speed: 0.0337s/iter; left time: 691.8034s
	iters: 1100, epoch: 1 | loss: 0.0285194
	speed: 0.0341s/iter; left time: 697.3821s
	iters: 1200, epoch: 1 | loss: 0.0280023
	speed: 0.0353s/iter; left time: 717.0286s
	iters: 1300, epoch: 1 | loss: 0.0328749
	speed: 0.0328s/iter; left time: 663.2316s
	iters: 1400, epoch: 1 | loss: 0.0387090
	speed: 0.0342s/iter; left time: 688.7786s
	iters: 1500, epoch: 1 | loss: 0.0315520
	speed: 0.0336s/iter; left time: 673.6043s
	iters: 1600, epoch: 1 | loss: 0.0275321
	speed: 0.0339s/iter; left time: 675.0948s
	iters: 1700, epoch: 1 | loss: 0.0435565
	speed: 0.0336s/iter; left time: 667.3034s
	iters: 1800, epoch: 1 | loss: 0.0236266
	speed: 0.0339s/iter; left time: 670.0569s
	iters: 1900, epoch: 1 | loss: 0.0236997
	speed: 0.0336s/iter; left time: 660.3888s
	iters: 2000, epoch: 1 | loss: 0.0342584
	speed: 0.0340s/iter; left time: 663.4789s
	iters: 2100, epoch: 1 | loss: 0.0279402
	speed: 0.0336s/iter; left time: 652.3180s
Epoch: 1 cost time: 76.74816799163818
Epoch: 1, Steps: 2154 | Train Loss: 0.0576676 Vali Loss: 0.0285259 Test Loss: 0.0311263
Validation loss decreased (inf --> 0.031126).  Saving model ...
Updating learning rate to 0.0005201750597214178
	iters: 100, epoch: 2 | loss: 0.0242175
	speed: 0.2118s/iter; left time: 4085.8996s
	iters: 200, epoch: 2 | loss: 0.0263553
	speed: 0.0333s/iter; left time: 639.1366s
	iters: 300, epoch: 2 | loss: 0.0253399
	speed: 0.0333s/iter; left time: 634.7436s
	iters: 400, epoch: 2 | loss: 0.0256189
	speed: 0.0351s/iter; left time: 665.6693s
	iters: 500, epoch: 2 | loss: 0.0356164
	speed: 0.0350s/iter; left time: 660.7282s
	iters: 600, epoch: 2 | loss: 0.0266461
	speed: 0.0339s/iter; left time: 636.0784s
	iters: 700, epoch: 2 | loss: 0.0277813
	speed: 0.0342s/iter; left time: 639.6044s
	iters: 800, epoch: 2 | loss: 0.0262691
	speed: 0.0348s/iter; left time: 646.8286s
	iters: 900, epoch: 2 | loss: 0.0277910
	speed: 0.0373s/iter; left time: 689.6203s
	iters: 1000, epoch: 2 | loss: 0.0282084
	speed: 0.0338s/iter; left time: 621.1481s
	iters: 1100, epoch: 2 | loss: 0.0275658
	speed: 0.0336s/iter; left time: 614.3162s
	iters: 1200, epoch: 2 | loss: 0.0309514
	speed: 0.0339s/iter; left time: 617.0497s
	iters: 1300, epoch: 2 | loss: 0.0248738
	speed: 0.0337s/iter; left time: 608.9433s
	iters: 1400, epoch: 2 | loss: 0.0219810
	speed: 0.0336s/iter; left time: 604.6501s
	iters: 1500, epoch: 2 | loss: 0.0250742
	speed: 0.0342s/iter; left time: 611.2168s
	iters: 1600, epoch: 2 | loss: 0.0275767
	speed: 0.0341s/iter; left time: 606.2672s
	iters: 1700, epoch: 2 | loss: 0.0210559
	speed: 0.0348s/iter; left time: 615.9270s
	iters: 1800, epoch: 2 | loss: 0.0263654
	speed: 0.0348s/iter; left time: 612.3555s
	iters: 1900, epoch: 2 | loss: 0.0397969
	speed: 0.0337s/iter; left time: 589.5629s
	iters: 2000, epoch: 2 | loss: 0.0234635
	speed: 0.0344s/iter; left time: 598.3395s
	iters: 2100, epoch: 2 | loss: 0.0287791
	speed: 0.0337s/iter; left time: 582.1882s
Epoch: 2 cost time: 73.71450686454773
Epoch: 2, Steps: 2154 | Train Loss: 0.0281983 Vali Loss: 0.0271640 Test Loss: 0.0288348
Validation loss decreased (0.031126 --> 0.028835).  Saving model ...
Updating learning rate to 0.0009999999916906579
	iters: 100, epoch: 3 | loss: 0.0322430
	speed: 0.2176s/iter; left time: 3727.7809s
	iters: 200, epoch: 3 | loss: 0.0241396
	speed: 0.0348s/iter; left time: 592.3330s
	iters: 300, epoch: 3 | loss: 0.0232399
	speed: 0.0345s/iter; left time: 583.3915s
	iters: 400, epoch: 3 | loss: 0.0216511
	speed: 0.0348s/iter; left time: 586.2422s
	iters: 500, epoch: 3 | loss: 0.0231704
	speed: 0.0338s/iter; left time: 566.0225s
	iters: 600, epoch: 3 | loss: 0.0299365
	speed: 0.0337s/iter; left time: 560.0741s
	iters: 700, epoch: 3 | loss: 0.0228680
	speed: 0.0347s/iter; left time: 573.5938s
	iters: 800, epoch: 3 | loss: 0.0198530
	speed: 0.0354s/iter; left time: 581.4975s
	iters: 900, epoch: 3 | loss: 0.0429587
	speed: 0.0361s/iter; left time: 589.3114s
	iters: 1000, epoch: 3 | loss: 0.0264787
	speed: 0.0350s/iter; left time: 568.1508s
	iters: 1100, epoch: 3 | loss: 0.0248078
	speed: 0.0347s/iter; left time: 559.1461s
	iters: 1200, epoch: 3 | loss: 0.0262003
	speed: 0.0331s/iter; left time: 531.3305s
	iters: 1300, epoch: 3 | loss: 0.0263334
	speed: 0.0336s/iter; left time: 535.6305s
	iters: 1400, epoch: 3 | loss: 0.0225928
	speed: 0.0338s/iter; left time: 534.6769s
	iters: 1500, epoch: 3 | loss: 0.0250580
	speed: 0.0351s/iter; left time: 552.5722s
	iters: 1600, epoch: 3 | loss: 0.0238666
	speed: 0.0347s/iter; left time: 542.5054s
	iters: 1700, epoch: 3 | loss: 0.0257971
	speed: 0.0340s/iter; left time: 528.8504s
	iters: 1800, epoch: 3 | loss: 0.0317980
	speed: 0.0353s/iter; left time: 544.2110s
	iters: 1900, epoch: 3 | loss: 0.0210759
	speed: 0.0367s/iter; left time: 563.2724s
	iters: 2000, epoch: 3 | loss: 0.0228337
	speed: 0.0352s/iter; left time: 536.2753s
	iters: 2100, epoch: 3 | loss: 0.0295293
	speed: 0.0351s/iter; left time: 531.7426s
Epoch: 3 cost time: 75.0873589515686
Epoch: 3, Steps: 2154 | Train Loss: 0.0261715 Vali Loss: 0.0262194 Test Loss: 0.0275937
Validation loss decreased (0.028835 --> 0.027594).  Saving model ...
Updating learning rate to 0.0009619050271543523
	iters: 100, epoch: 4 | loss: 0.0218401
	speed: 0.2183s/iter; left time: 3269.9738s
	iters: 200, epoch: 4 | loss: 0.0254866
	speed: 0.0353s/iter; left time: 525.7224s
	iters: 300, epoch: 4 | loss: 0.0242894
	speed: 0.0341s/iter; left time: 503.4889s
	iters: 400, epoch: 4 | loss: 0.0217215
	speed: 0.0338s/iter; left time: 495.5761s
	iters: 500, epoch: 4 | loss: 0.0248731
	speed: 0.0335s/iter; left time: 487.9852s
	iters: 600, epoch: 4 | loss: 0.0262430
	speed: 0.0340s/iter; left time: 492.1722s
	iters: 700, epoch: 4 | loss: 0.0241203
	speed: 0.0355s/iter; left time: 510.3211s
	iters: 800, epoch: 4 | loss: 0.0234861
	speed: 0.0339s/iter; left time: 484.3772s
	iters: 900, epoch: 4 | loss: 0.0248104
	speed: 0.0348s/iter; left time: 494.1204s
	iters: 1000, epoch: 4 | loss: 0.0311376
	speed: 0.0336s/iter; left time: 473.0000s
	iters: 1100, epoch: 4 | loss: 0.0260261
	speed: 0.0349s/iter; left time: 487.6458s
	iters: 1200, epoch: 4 | loss: 0.0266505
	speed: 0.0348s/iter; left time: 483.0608s
	iters: 1300, epoch: 4 | loss: 0.0275775
	speed: 0.0348s/iter; left time: 479.7583s
	iters: 1400, epoch: 4 | loss: 0.0200639
	speed: 0.0350s/iter; left time: 479.1787s
	iters: 1500, epoch: 4 | loss: 0.0276523
	speed: 0.0355s/iter; left time: 482.2387s
	iters: 1600, epoch: 4 | loss: 0.0213869
	speed: 0.0348s/iter; left time: 468.6110s
	iters: 1700, epoch: 4 | loss: 0.0207471
	speed: 0.0350s/iter; left time: 467.9352s
	iters: 1800, epoch: 4 | loss: 0.0222372
	speed: 0.0339s/iter; left time: 450.3066s
	iters: 1900, epoch: 4 | loss: 0.0227926
	speed: 0.0355s/iter; left time: 467.8358s
	iters: 2000, epoch: 4 | loss: 0.0375394
	speed: 0.0351s/iter; left time: 459.5559s
	iters: 2100, epoch: 4 | loss: 0.0217348
	speed: 0.0342s/iter; left time: 443.3311s
Epoch: 4 cost time: 74.4471664428711
Epoch: 4, Steps: 2154 | Train Loss: 0.0250439 Vali Loss: 0.0254910 Test Loss: 0.0265750
Validation loss decreased (0.027594 --> 0.026575).  Saving model ...
Updating learning rate to 0.0008534895138951646
	iters: 100, epoch: 5 | loss: 0.0280724
	speed: 0.2194s/iter; left time: 2813.3731s
	iters: 200, epoch: 5 | loss: 0.0217986
	speed: 0.0382s/iter; left time: 486.5646s
	iters: 300, epoch: 5 | loss: 0.0226630
	speed: 0.0368s/iter; left time: 464.3777s
	iters: 400, epoch: 5 | loss: 0.0226744
	speed: 0.0340s/iter; left time: 425.6320s
	iters: 500, epoch: 5 | loss: 0.0250845
	speed: 0.0343s/iter; left time: 425.7459s
	iters: 600, epoch: 5 | loss: 0.0245948
	speed: 0.0357s/iter; left time: 440.4599s
	iters: 700, epoch: 5 | loss: 0.0260842
	speed: 0.0364s/iter; left time: 445.1088s
	iters: 800, epoch: 5 | loss: 0.0276794
	speed: 0.0346s/iter; left time: 419.5362s
	iters: 900, epoch: 5 | loss: 0.0287100
	speed: 0.0344s/iter; left time: 414.1309s
	iters: 1000, epoch: 5 | loss: 0.0263309
	speed: 0.0336s/iter; left time: 400.6360s
	iters: 1100, epoch: 5 | loss: 0.0265804
	speed: 0.0336s/iter; left time: 397.1423s
	iters: 1200, epoch: 5 | loss: 0.0229750
	speed: 0.0346s/iter; left time: 405.4854s
	iters: 1300, epoch: 5 | loss: 0.0251339
	speed: 0.0344s/iter; left time: 400.1034s
	iters: 1400, epoch: 5 | loss: 0.0216735
	speed: 0.0366s/iter; left time: 421.5558s
	iters: 1500, epoch: 5 | loss: 0.0198952
	speed: 0.0387s/iter; left time: 441.9966s
	iters: 1600, epoch: 5 | loss: 0.0297720
	speed: 0.0349s/iter; left time: 395.4802s
	iters: 1700, epoch: 5 | loss: 0.0191851
	speed: 0.0343s/iter; left time: 384.9614s
	iters: 1800, epoch: 5 | loss: 0.0193504
	speed: 0.0338s/iter; left time: 376.4528s
	iters: 1900, epoch: 5 | loss: 0.0219986
	speed: 0.0351s/iter; left time: 386.9080s
	iters: 2000, epoch: 5 | loss: 0.0245755
	speed: 0.0341s/iter; left time: 372.9879s
	iters: 2100, epoch: 5 | loss: 0.0227696
	speed: 0.0342s/iter; left time: 370.3847s
Epoch: 5 cost time: 75.61996078491211
Epoch: 5, Steps: 2154 | Train Loss: 0.0245531 Vali Loss: 0.0253389 Test Loss: 0.0266729
EarlyStopping counter: 1 out of 15
Updating learning rate to 0.0006912587310177311
	iters: 100, epoch: 6 | loss: 0.0215505
	speed: 0.2185s/iter; left time: 2331.2185s
	iters: 200, epoch: 6 | loss: 0.0227750
	speed: 0.0343s/iter; left time: 362.6559s
	iters: 300, epoch: 6 | loss: 0.0197084
	speed: 0.0338s/iter; left time: 353.5630s
	iters: 400, epoch: 6 | loss: 0.0216228
	speed: 0.0355s/iter; left time: 368.2482s
	iters: 500, epoch: 6 | loss: 0.0208120
	speed: 0.0348s/iter; left time: 357.1435s
	iters: 600, epoch: 6 | loss: 0.0410684
	speed: 0.0341s/iter; left time: 346.5009s
	iters: 700, epoch: 6 | loss: 0.0218579
	speed: 0.0344s/iter; left time: 346.6750s
	iters: 800, epoch: 6 | loss: 0.0185540
	speed: 0.0368s/iter; left time: 367.2514s
	iters: 900, epoch: 6 | loss: 0.0224737
	speed: 0.0345s/iter; left time: 340.9840s
	iters: 1000, epoch: 6 | loss: 0.0246167
	speed: 0.0349s/iter; left time: 340.9797s
	iters: 1100, epoch: 6 | loss: 0.0198693
	speed: 0.0357s/iter; left time: 345.4262s
	iters: 1200, epoch: 6 | loss: 0.0397297
	speed: 0.0339s/iter; left time: 324.0213s
	iters: 1300, epoch: 6 | loss: 0.0285858
	speed: 0.0340s/iter; left time: 321.7691s
	iters: 1400, epoch: 6 | loss: 0.0264078
	speed: 0.0343s/iter; left time: 321.0776s
	iters: 1500, epoch: 6 | loss: 0.0223513
	speed: 0.0352s/iter; left time: 326.7366s
	iters: 1600, epoch: 6 | loss: 0.0208472
	speed: 0.0353s/iter; left time: 324.1282s
	iters: 1700, epoch: 6 | loss: 0.0197773
	speed: 0.0374s/iter; left time: 338.8716s
	iters: 1800, epoch: 6 | loss: 0.0219492
	speed: 0.0362s/iter; left time: 324.9926s
	iters: 1900, epoch: 6 | loss: 0.0205400
	speed: 0.0349s/iter; left time: 309.3668s
	iters: 2000, epoch: 6 | loss: 0.0233004
	speed: 0.0362s/iter; left time: 317.5419s
	iters: 2100, epoch: 6 | loss: 0.0248787
	speed: 0.0348s/iter; left time: 301.7563s
Epoch: 6 cost time: 75.60517072677612
Epoch: 6, Steps: 2154 | Train Loss: 0.0241021 Vali Loss: 0.0251397 Test Loss: 0.0262906
Validation loss decreased (0.026575 --> 0.026291).  Saving model ...
Updating learning rate to 0.0004999108445894319
	iters: 100, epoch: 7 | loss: 0.0207721
	speed: 0.2382s/iter; left time: 2028.8866s
	iters: 200, epoch: 7 | loss: 0.0256486
	speed: 0.0355s/iter; left time: 298.9526s
	iters: 300, epoch: 7 | loss: 0.0180929
	speed: 0.0362s/iter; left time: 301.1415s
	iters: 400, epoch: 7 | loss: 0.0215594
	speed: 0.0358s/iter; left time: 293.9653s
	iters: 500, epoch: 7 | loss: 0.0220697
	speed: 0.0375s/iter; left time: 304.5875s
	iters: 600, epoch: 7 | loss: 0.0219506
	speed: 0.0361s/iter; left time: 289.6003s
	iters: 700, epoch: 7 | loss: 0.0243836
	speed: 0.0363s/iter; left time: 287.0609s
	iters: 800, epoch: 7 | loss: 0.0298615
	speed: 0.0358s/iter; left time: 279.7124s
	iters: 900, epoch: 7 | loss: 0.0302015
	speed: 0.0358s/iter; left time: 276.1257s
	iters: 1000, epoch: 7 | loss: 0.0213872
	speed: 0.0354s/iter; left time: 269.8164s
	iters: 1100, epoch: 7 | loss: 0.0270448
	speed: 0.0365s/iter; left time: 274.0843s
	iters: 1200, epoch: 7 | loss: 0.0300788
	speed: 0.0361s/iter; left time: 267.5030s
	iters: 1300, epoch: 7 | loss: 0.0271547
	speed: 0.0354s/iter; left time: 258.8468s
	iters: 1400, epoch: 7 | loss: 0.0228375
	speed: 0.0352s/iter; left time: 253.8813s
	iters: 1500, epoch: 7 | loss: 0.0233875
	speed: 0.0357s/iter; left time: 254.2650s
	iters: 1600, epoch: 7 | loss: 0.0221773
	speed: 0.0347s/iter; left time: 243.4084s
	iters: 1700, epoch: 7 | loss: 0.0211012
	speed: 0.0358s/iter; left time: 247.8538s
	iters: 1800, epoch: 7 | loss: 0.0210958
	speed: 0.0356s/iter; left time: 242.7676s
	iters: 1900, epoch: 7 | loss: 0.0213736
	speed: 0.0351s/iter; left time: 236.0889s
	iters: 2000, epoch: 7 | loss: 0.0249494
	speed: 0.0354s/iter; left time: 234.4784s
	iters: 2100, epoch: 7 | loss: 0.0493125
	speed: 0.0369s/iter; left time: 240.2165s
Epoch: 7 cost time: 77.57799482345581
Epoch: 7, Steps: 2154 | Train Loss: 0.0238845 Vali Loss: 0.0249569 Test Loss: 0.0260300
Validation loss decreased (0.026291 --> 0.026030).  Saving model ...
Updating learning rate to 0.00030857683574606596
	iters: 100, epoch: 8 | loss: 0.0206159
	speed: 0.2275s/iter; left time: 1447.4688s
	iters: 200, epoch: 8 | loss: 0.0278152
	speed: 0.0358s/iter; left time: 224.2668s
	iters: 300, epoch: 8 | loss: 0.0233873
	speed: 0.0368s/iter; left time: 226.7544s
	iters: 400, epoch: 8 | loss: 0.0233295
	speed: 0.0355s/iter; left time: 215.3106s
	iters: 500, epoch: 8 | loss: 0.0216677
	speed: 0.0361s/iter; left time: 215.0019s
	iters: 600, epoch: 8 | loss: 0.0274764
	speed: 0.0369s/iter; left time: 216.5049s
	iters: 700, epoch: 8 | loss: 0.0234700
	speed: 0.0359s/iter; left time: 206.7613s
	iters: 800, epoch: 8 | loss: 0.0310015
	speed: 0.0355s/iter; left time: 201.1254s
	iters: 900, epoch: 8 | loss: 0.0227420
	speed: 0.0357s/iter; left time: 198.8195s
	iters: 1000, epoch: 8 | loss: 0.0210511
	speed: 0.0351s/iter; left time: 191.6757s
	iters: 1100, epoch: 8 | loss: 0.0284087
	speed: 0.0358s/iter; left time: 192.2500s
	iters: 1200, epoch: 8 | loss: 0.0286827
	speed: 0.0370s/iter; left time: 194.8571s
	iters: 1300, epoch: 8 | loss: 0.0276919
	speed: 0.0349s/iter; left time: 180.4056s
	iters: 1400, epoch: 8 | loss: 0.0255327
	speed: 0.0356s/iter; left time: 180.4149s
	iters: 1500, epoch: 8 | loss: 0.0221133
	speed: 0.0349s/iter; left time: 173.0753s
	iters: 1600, epoch: 8 | loss: 0.0285090
	speed: 0.0352s/iter; left time: 171.0633s
	iters: 1700, epoch: 8 | loss: 0.0308709
	speed: 0.0376s/iter; left time: 179.0764s
	iters: 1800, epoch: 8 | loss: 0.0420271
	speed: 0.0368s/iter; left time: 171.8276s
	iters: 1900, epoch: 8 | loss: 0.0231324
	speed: 0.0377s/iter; left time: 172.0217s
	iters: 2000, epoch: 8 | loss: 0.0191702
	speed: 0.0363s/iter; left time: 162.1090s
	iters: 2100, epoch: 8 | loss: 0.0179164
	speed: 0.0362s/iter; left time: 157.7237s
Epoch: 8 cost time: 77.77694940567017
Epoch: 8, Steps: 2154 | Train Loss: 0.0236091 Vali Loss: 0.0250028 Test Loss: 0.0260795
EarlyStopping counter: 1 out of 15
Updating learning rate to 0.00014638557288692642
	iters: 100, epoch: 9 | loss: 0.0219083
	speed: 0.2273s/iter; left time: 956.5391s
	iters: 200, epoch: 9 | loss: 0.0219394
	speed: 0.0358s/iter; left time: 146.9283s
	iters: 300, epoch: 9 | loss: 0.0237897
	speed: 0.0368s/iter; left time: 147.4786s
	iters: 400, epoch: 9 | loss: 0.0243650
	speed: 0.0357s/iter; left time: 139.5894s
	iters: 500, epoch: 9 | loss: 0.0205743
	speed: 0.0352s/iter; left time: 134.2215s
	iters: 600, epoch: 9 | loss: 0.0228604
	speed: 0.0353s/iter; left time: 130.7634s
	iters: 700, epoch: 9 | loss: 0.0213472
	speed: 0.0355s/iter; left time: 128.2878s
	iters: 800, epoch: 9 | loss: 0.0211546
	speed: 0.0368s/iter; left time: 128.9780s
	iters: 900, epoch: 9 | loss: 0.0227329
	speed: 0.0350s/iter; left time: 119.3219s
	iters: 1000, epoch: 9 | loss: 0.0252278
	speed: 0.0362s/iter; left time: 119.6602s
	iters: 1100, epoch: 9 | loss: 0.0227725
	speed: 0.0363s/iter; left time: 116.4113s
	iters: 1200, epoch: 9 | loss: 0.0201361
	speed: 0.0382s/iter; left time: 118.7592s
	iters: 1300, epoch: 9 | loss: 0.0317073
	speed: 0.0370s/iter; left time: 111.2023s
	iters: 1400, epoch: 9 | loss: 0.0210290
	speed: 0.0351s/iter; left time: 102.0453s
	iters: 1500, epoch: 9 | loss: 0.0195019
	speed: 0.0369s/iter; left time: 103.7793s
	iters: 1600, epoch: 9 | loss: 0.0204203
	speed: 0.0349s/iter; left time: 94.6281s
	iters: 1700, epoch: 9 | loss: 0.0230033
	speed: 0.0359s/iter; left time: 93.7707s
	iters: 1800, epoch: 9 | loss: 0.0232676
	speed: 0.0361s/iter; left time: 90.5531s
	iters: 1900, epoch: 9 | loss: 0.0270730
	speed: 0.0360s/iter; left time: 86.7389s
	iters: 2000, epoch: 9 | loss: 0.0205251
	speed: 0.0433s/iter; left time: 99.9311s
	iters: 2100, epoch: 9 | loss: 0.0232643
	speed: 0.0431s/iter; left time: 95.2553s
Epoch: 9 cost time: 79.19254946708679
Epoch: 9, Steps: 2154 | Train Loss: 0.0234269 Vali Loss: 0.0248403 Test Loss: 0.0259066
Validation loss decreased (0.026030 --> 0.025907).  Saving model ...
Updating learning rate to 3.802920551485804e-05
	iters: 100, epoch: 10 | loss: 0.0215709
	speed: 0.2328s/iter; left time: 478.3996s
	iters: 200, epoch: 10 | loss: 0.0238731
	speed: 0.0372s/iter; left time: 72.6702s
	iters: 300, epoch: 10 | loss: 0.0237955
	speed: 0.0377s/iter; left time: 69.8708s
	iters: 400, epoch: 10 | loss: 0.0259488
	speed: 0.0361s/iter; left time: 63.2791s
	iters: 500, epoch: 10 | loss: 0.0245842
	speed: 0.0394s/iter; left time: 65.1756s
	iters: 600, epoch: 10 | loss: 0.0212663
	speed: 0.0359s/iter; left time: 55.8467s
	iters: 700, epoch: 10 | loss: 0.0204252
	speed: 0.0352s/iter; left time: 51.1472s
	iters: 800, epoch: 10 | loss: 0.0377170
	speed: 0.0360s/iter; left time: 48.7849s
	iters: 900, epoch: 10 | loss: 0.0248802
	speed: 0.0368s/iter; left time: 46.1416s
	iters: 1000, epoch: 10 | loss: 0.0226289
	speed: 0.0346s/iter; left time: 39.9829s
	iters: 1100, epoch: 10 | loss: 0.0226525
	speed: 0.0358s/iter; left time: 37.7738s
	iters: 1200, epoch: 10 | loss: 0.0259785
	speed: 0.0359s/iter; left time: 34.3313s
	iters: 1300, epoch: 10 | loss: 0.0199282
	speed: 0.0353s/iter; left time: 30.1869s
	iters: 1400, epoch: 10 | loss: 0.0188647
	speed: 0.0360s/iter; left time: 27.1484s
	iters: 1500, epoch: 10 | loss: 0.0323148
	speed: 0.0359s/iter; left time: 23.5020s
	iters: 1600, epoch: 10 | loss: 0.0215025
	speed: 0.0363s/iter; left time: 20.1251s
	iters: 1700, epoch: 10 | loss: 0.0168668
	speed: 0.0356s/iter; left time: 16.2122s
	iters: 1800, epoch: 10 | loss: 0.0201755
	speed: 0.0359s/iter; left time: 12.7504s
	iters: 1900, epoch: 10 | loss: 0.0288422
	speed: 0.0385s/iter; left time: 9.8067s
	iters: 2000, epoch: 10 | loss: 0.0235365
	speed: 0.0352s/iter; left time: 5.4606s
	iters: 2100, epoch: 10 | loss: 0.0315820
	speed: 0.0382s/iter; left time: 2.1001s
Epoch: 10 cost time: 78.51152753829956
Epoch: 10, Steps: 2154 | Train Loss: 0.0233601 Vali Loss: 0.0247571 Test Loss: 0.0259056
Validation loss decreased (0.025907 --> 0.025906).  Saving model ...
Updating learning rate to 4.008309342172464e-09
>>>>>>>testing : imputation_IMP_TimeMixer_ETTm2_mask0.25_none_TimeMixer_ETTm2_sl96_pl0_dm32_nh8_el2_dl1_df32_fc1_ebtimeF_dtTrue_Imp_0<<<<<<<<<<<<<<<<<<<<<<<<<<<<<<<<<
test 11521
test shape: (11520, 96, 7) (11520, 96, 7)
mse:0.025991618633270264, mae:0.09022358059883118
