Args in experiment:
Namespace(activation='gelu', anomaly_ratio=0.25, batch_size=16, c_out=7, channel_independence=1, checkpoints='./checkpoints/', comment='none', d_ff=32, d_layers=1, d_model=32, data='ETTm2', data_path='ETTm2.csv', dec_in=7, decomp_method='moving_avg', des='Imp', devices='0,1', distil=True, down_sampling_layers=3, down_sampling_method='avg', down_sampling_window=2, drop_last=True, dropout=0.1, e_layers=2, embed='timeF', emissions_file='emissions.csv', emissions_output_dir='.', enc_in=7, factor=1, features='M', freq='h', gpu=0, inverse=False, is_training=1, itr=1, label_len=0, learning_rate=0.001, loss='MSE', lradj='TST', mask_rate=0.375, model='TimeMixer', model_id='IMP_TimeMixer_ETTm2_mask0.375', model_type='linear', moving_avg=25, n_heads=8, num_kernels=6, num_workers=0, output_attention=False, p_hidden_dims=[128, 128], p_hidden_layers=2, patience=15, pct_start=0.2, period_len=4, pred_len=0, root_path='<workspace>\\dataset\\ETT-small', seasonal_patterns='Monthly', seq_len=96, target='OT', task_name='imputation', top_k=5, track_emissions=0, train_epochs=10, use_amp=False, use_future_temporal_feature=0, use_gpu=True, use_multi_gpu=False, use_norm=1)
Use GPU: cuda:0
>>>>>>>start training : imputation_IMP_TimeMixer_ETTm2_mask0.375_none_TimeMixer_ETTm2_sl96_pl0_dm32_nh8_el2_dl1_df32_fc1_ebtimeF_dtTrue_Imp_0>>>>>>>>>>>>>>>>>>>>>>>>>>
train 34465
val 11521
test 11521
	iters: 100, epoch: 1 | loss: 0.2674544
	speed: 0.0715s/iter; left time: 1532.3598s
	iters: 200, epoch: 1 | loss: 0.0911447
	speed: 0.0379s/iter; left time: 809.6833s
	iters: 300, epoch: 1 | loss: 0.0845890
	speed: 0.0380s/iter; left time: 807.5773s
	iters: 400, epoch: 1 | loss: 0.0403807
	speed: 0.0367s/iter; left time: 776.0100s
	iters: 500, epoch: 1 | loss: 0.1180930
	speed: 0.0371s/iter; left time: 781.0160s
	iters: 600, epoch: 1 | loss: 0.0368741
	speed: 0.0375s/iter; left time: 785.3511s
	iters: 700, epoch: 1 | loss: 0.0356602
	speed: 0.0384s/iter; left time: 799.5387s
	iters: 800, epoch: 1 | loss: 0.0367025
	speed: 0.0374s/iter; left time: 775.5450s
	iters: 900, epoch: 1 | loss: 0.0355579
	speed: 0.0360s/iter; left time: 742.9433s
	iters: 1000, epoch: 1 | loss: 0.0391553
	speed: 0.0379s/iter; left time: 779.2417s
	iters: 1100, epoch: 1 | loss: 0.0336236
	speed: 0.0396s/iter; left time: 810.3396s
	iters: 1200, epoch: 1 | loss: 0.0322182
	speed: 0.0363s/iter; left time: 738.3862s
	iters: 1300, epoch: 1 | loss: 0.0373168
	speed: 0.0377s/iter; left time: 762.9225s
	iters: 1400, epoch: 1 | loss: 0.0424493
	speed: 0.0372s/iter; left time: 750.1961s
	iters: 1500, epoch: 1 | loss: 0.0354583
	speed: 0.0368s/iter; left time: 737.3396s
	iters: 1600, epoch: 1 | loss: 0.0302152
	speed: 0.0379s/iter; left time: 754.7815s
	iters: 1700, epoch: 1 | loss: 0.0512833
	speed: 0.0370s/iter; left time: 734.5204s
	iters: 1800, epoch: 1 | loss: 0.0293287
	speed: 0.0390s/iter; left time: 769.0544s
	iters: 1900, epoch: 1 | loss: 0.0275203
	speed: 0.0378s/iter; left time: 742.2226s
	iters: 2000, epoch: 1 | loss: 0.0438919
	speed: 0.0381s/iter; left time: 744.9053s
	iters: 2100, epoch: 1 | loss: 0.0372336
	speed: 0.0395s/iter; left time: 766.9570s
Epoch: 1 cost time: 84.59060382843018
Epoch: 1, Steps: 2154 | Train Loss: 0.0614889 Vali Loss: 0.0325094 Test Loss: 0.0357395
Validation loss decreased (inf --> 0.035740).  Saving model ...
Updating learning rate to 0.0005201750597214178
	iters: 100, epoch: 2 | loss: 0.0305453
	speed: 0.2383s/iter; left time: 4596.8685s
	iters: 200, epoch: 2 | loss: 0.0324259
	speed: 0.0368s/iter; left time: 705.5745s
	iters: 300, epoch: 2 | loss: 0.0320769
	speed: 0.0370s/iter; left time: 707.0099s
	iters: 400, epoch: 2 | loss: 0.0301514
	speed: 0.0397s/iter; left time: 753.1253s
	iters: 500, epoch: 2 | loss: 0.0413010
	speed: 0.0384s/iter; left time: 725.9158s
	iters: 600, epoch: 2 | loss: 0.0312858
	speed: 0.0374s/iter; left time: 702.9947s
	iters: 700, epoch: 2 | loss: 0.0320522
	speed: 0.0373s/iter; left time: 697.5753s
	iters: 800, epoch: 2 | loss: 0.0291068
	speed: 0.0385s/iter; left time: 714.8709s
	iters: 900, epoch: 2 | loss: 0.0345390
	speed: 0.0389s/iter; left time: 719.4998s
	iters: 1000, epoch: 2 | loss: 0.0355617
	speed: 0.0387s/iter; left time: 711.9484s
	iters: 1100, epoch: 2 | loss: 0.0325057
	speed: 0.0385s/iter; left time: 704.6005s
	iters: 1200, epoch: 2 | loss: 0.0467762
	speed: 0.0366s/iter; left time: 666.0244s
	iters: 1300, epoch: 2 | loss: 0.0272719
	speed: 0.0376s/iter; left time: 679.8011s
	iters: 1400, epoch: 2 | loss: 0.0290713
	speed: 0.0388s/iter; left time: 697.2012s
	iters: 1500, epoch: 2 | loss: 0.0308662
	speed: 0.0379s/iter; left time: 677.5058s
	iters: 1600, epoch: 2 | loss: 0.0320035
	speed: 0.0390s/iter; left time: 694.0677s
	iters: 1700, epoch: 2 | loss: 0.0256732
	speed: 0.0369s/iter; left time: 653.0515s
	iters: 1800, epoch: 2 | loss: 0.0288337
	speed: 0.0391s/iter; left time: 687.4191s
	iters: 1900, epoch: 2 | loss: 0.0391393
	speed: 0.0393s/iter; left time: 687.0453s
	iters: 2000, epoch: 2 | loss: 0.0262413
	speed: 0.0387s/iter; left time: 673.6214s
	iters: 2100, epoch: 2 | loss: 0.0345184
	speed: 0.0381s/iter; left time: 658.9879s
Epoch: 2 cost time: 82.16733407974243
Epoch: 2, Steps: 2154 | Train Loss: 0.0320304 Vali Loss: 0.0294851 Test Loss: 0.0314482
Validation loss decreased (0.035740 --> 0.031448).  Saving model ...
Updating learning rate to 0.0009999999916906579
	iters: 100, epoch: 3 | loss: 0.0362111
	speed: 0.2421s/iter; left time: 4147.2632s
	iters: 200, epoch: 3 | loss: 0.0288483
	speed: 0.0370s/iter; left time: 629.9936s
	iters: 300, epoch: 3 | loss: 0.0240669
	speed: 0.0378s/iter; left time: 640.2735s
	iters: 400, epoch: 3 | loss: 0.0241266
	speed: 0.0381s/iter; left time: 641.8957s
	iters: 500, epoch: 3 | loss: 0.0259538
	speed: 0.0373s/iter; left time: 623.5351s
	iters: 600, epoch: 3 | loss: 0.0305200
	speed: 0.0379s/iter; left time: 629.8964s
	iters: 700, epoch: 3 | loss: 0.0246049
	speed: 0.0394s/iter; left time: 650.8344s
	iters: 800, epoch: 3 | loss: 0.0218793
	speed: 0.0387s/iter; left time: 636.1628s
	iters: 900, epoch: 3 | loss: 0.0463632
	speed: 0.0403s/iter; left time: 658.2892s
	iters: 1000, epoch: 3 | loss: 0.0285435
	speed: 0.0374s/iter; left time: 607.6884s
	iters: 1100, epoch: 3 | loss: 0.0277779
	speed: 0.0381s/iter; left time: 614.4374s
	iters: 1200, epoch: 3 | loss: 0.0312512
	speed: 0.0390s/iter; left time: 624.5041s
	iters: 1300, epoch: 3 | loss: 0.0285535
	speed: 0.0408s/iter; left time: 650.7570s
	iters: 1400, epoch: 3 | loss: 0.0256182
	speed: 0.0374s/iter; left time: 592.5532s
	iters: 1500, epoch: 3 | loss: 0.0269771
	speed: 0.0423s/iter; left time: 666.0298s
	iters: 1600, epoch: 3 | loss: 0.0255678
	speed: 0.0394s/iter; left time: 616.6558s
	iters: 1700, epoch: 3 | loss: 0.0321835
	speed: 0.0395s/iter; left time: 613.6576s
	iters: 1800, epoch: 3 | loss: 0.0390483
	speed: 0.0401s/iter; left time: 619.5056s
	iters: 1900, epoch: 3 | loss: 0.0248730
	speed: 0.0404s/iter; left time: 618.8439s
	iters: 2000, epoch: 3 | loss: 0.0269990
	speed: 0.0386s/iter; left time: 588.0316s
	iters: 2100, epoch: 3 | loss: 0.0326890
	speed: 0.0380s/iter; left time: 575.5363s
Epoch: 3 cost time: 83.64971256256104
Epoch: 3, Steps: 2154 | Train Loss: 0.0292728 Vali Loss: 0.0293946 Test Loss: 0.0311885
Validation loss decreased (0.031448 --> 0.031188).  Saving model ...
Updating learning rate to 0.0009619050271543523
	iters: 100, epoch: 4 | loss: 0.0251410
	speed: 0.2437s/iter; left time: 3649.9490s
	iters: 200, epoch: 4 | loss: 0.0271001
	speed: 0.0381s/iter; left time: 567.4156s
	iters: 300, epoch: 4 | loss: 0.0252636
	speed: 0.0383s/iter; left time: 566.2332s
	iters: 400, epoch: 4 | loss: 0.0235573
	speed: 0.0386s/iter; left time: 566.2064s
	iters: 500, epoch: 4 | loss: 0.0291201
	speed: 0.0380s/iter; left time: 554.2523s
	iters: 600, epoch: 4 | loss: 0.0285609
	speed: 0.0373s/iter; left time: 540.5355s
	iters: 700, epoch: 4 | loss: 0.0269603
	speed: 0.0405s/iter; left time: 582.9520s
	iters: 800, epoch: 4 | loss: 0.0249064
	speed: 0.0376s/iter; left time: 536.5731s
	iters: 900, epoch: 4 | loss: 0.0261435
	speed: 0.0398s/iter; left time: 564.7201s
	iters: 1000, epoch: 4 | loss: 0.0332949
	speed: 0.0380s/iter; left time: 534.9885s
	iters: 1100, epoch: 4 | loss: 0.0290515
	speed: 0.0402s/iter; left time: 562.1267s
	iters: 1200, epoch: 4 | loss: 0.0337774
	speed: 0.0389s/iter; left time: 540.4209s
	iters: 1300, epoch: 4 | loss: 0.0281722
	speed: 0.0387s/iter; left time: 533.0293s
	iters: 1400, epoch: 4 | loss: 0.0223895
	speed: 0.0399s/iter; left time: 545.9241s
	iters: 1500, epoch: 4 | loss: 0.0306683
	speed: 0.0397s/iter; left time: 539.4722s
	iters: 1600, epoch: 4 | loss: 0.0264812
	speed: 0.0397s/iter; left time: 534.5293s
	iters: 1700, epoch: 4 | loss: 0.0218978
	speed: 0.0379s/iter; left time: 506.9031s
	iters: 1800, epoch: 4 | loss: 0.0268105
	speed: 0.0393s/iter; left time: 521.4354s
	iters: 1900, epoch: 4 | loss: 0.0253942
	speed: 0.0395s/iter; left time: 520.2991s
	iters: 2000, epoch: 4 | loss: 0.0398671
	speed: 0.0397s/iter; left time: 518.8939s
	iters: 2100, epoch: 4 | loss: 0.0244669
	speed: 0.0376s/iter; left time: 487.6413s
Epoch: 4 cost time: 83.6665198802948
Epoch: 4, Steps: 2154 | Train Loss: 0.0281813 Vali Loss: 0.0282201 Test Loss: 0.0294606
Validation loss decreased (0.031188 --> 0.029461).  Saving model ...
Updating learning rate to 0.0008534895138951646
	iters: 100, epoch: 5 | loss: 0.0279832
	speed: 0.2416s/iter; left time: 3098.2125s
	iters: 200, epoch: 5 | loss: 0.0261918
	speed: 0.0413s/iter; left time: 525.3266s
	iters: 300, epoch: 5 | loss: 0.0263406
	speed: 0.0415s/iter; left time: 524.0440s
	iters: 400, epoch: 5 | loss: 0.0269071
	speed: 0.0376s/iter; left time: 470.7320s
	iters: 500, epoch: 5 | loss: 0.0320541
	speed: 0.0395s/iter; left time: 490.2076s
	iters: 600, epoch: 5 | loss: 0.0263049
	speed: 0.0403s/iter; left time: 496.1665s
	iters: 700, epoch: 5 | loss: 0.0278264
	speed: 0.0378s/iter; left time: 461.8863s
	iters: 800, epoch: 5 | loss: 0.0336147
	speed: 0.0482s/iter; left time: 584.9322s
	iters: 900, epoch: 5 | loss: 0.0389544
	speed: 0.0425s/iter; left time: 511.0944s
	iters: 1000, epoch: 5 | loss: 0.0278604
	speed: 0.0371s/iter; left time: 442.6227s
	iters: 1100, epoch: 5 | loss: 0.0298287
	speed: 0.0417s/iter; left time: 492.7478s
	iters: 1200, epoch: 5 | loss: 0.0243547
	speed: 0.0378s/iter; left time: 443.0083s
	iters: 1300, epoch: 5 | loss: 0.0260353
	speed: 0.0393s/iter; left time: 457.0464s
	iters: 1400, epoch: 5 | loss: 0.0247224
	speed: 0.0404s/iter; left time: 466.0060s
	iters: 1500, epoch: 5 | loss: 0.0233135
	speed: 0.0415s/iter; left time: 473.8717s
	iters: 1600, epoch: 5 | loss: 0.0297328
	speed: 0.0343s/iter; left time: 388.6704s
	iters: 1700, epoch: 5 | loss: 0.0215790
	speed: 0.0350s/iter; left time: 392.8527s
	iters: 1800, epoch: 5 | loss: 0.0238180
	speed: 0.0325s/iter; left time: 361.9262s
	iters: 1900, epoch: 5 | loss: 0.0245522
	speed: 0.0328s/iter; left time: 361.5999s
	iters: 2000, epoch: 5 | loss: 0.0256733
	speed: 0.0335s/iter; left time: 366.0643s
	iters: 2100, epoch: 5 | loss: 0.0247329
	speed: 0.0334s/iter; left time: 361.3120s
Epoch: 5 cost time: 82.85018610954285
Epoch: 5, Steps: 2154 | Train Loss: 0.0276139 Vali Loss: 0.0280627 Test Loss: 0.0295123
EarlyStopping counter: 1 out of 15
Updating learning rate to 0.0006912587310177311
	iters: 100, epoch: 6 | loss: 0.0248205
	speed: 0.2108s/iter; left time: 2249.5953s
	iters: 200, epoch: 6 | loss: 0.0259881
	speed: 0.0335s/iter; left time: 354.2232s
	iters: 300, epoch: 6 | loss: 0.0268434
	speed: 0.0332s/iter; left time: 347.6063s
	iters: 400, epoch: 6 | loss: 0.0232716
	speed: 0.0329s/iter; left time: 341.3056s
	iters: 500, epoch: 6 | loss: 0.0235274
	speed: 0.0333s/iter; left time: 341.5466s
	iters: 600, epoch: 6 | loss: 0.0391449
	speed: 0.0338s/iter; left time: 343.9633s
	iters: 700, epoch: 6 | loss: 0.0285758
	speed: 0.0331s/iter; left time: 333.5807s
	iters: 800, epoch: 6 | loss: 0.0194192
	speed: 0.0332s/iter; left time: 330.5971s
	iters: 900, epoch: 6 | loss: 0.0262802
	speed: 0.0334s/iter; left time: 329.6406s
	iters: 1000, epoch: 6 | loss: 0.0271833
	speed: 0.0354s/iter; left time: 345.5165s
	iters: 1100, epoch: 6 | loss: 0.0215723
	speed: 0.0337s/iter; left time: 325.7916s
	iters: 1200, epoch: 6 | loss: 0.0383953
	speed: 0.0335s/iter; left time: 320.7552s
	iters: 1300, epoch: 6 | loss: 0.0436455
	speed: 0.0333s/iter; left time: 315.5148s
	iters: 1400, epoch: 6 | loss: 0.0278686
	speed: 0.0342s/iter; left time: 320.7540s
	iters: 1500, epoch: 6 | loss: 0.0239139
	speed: 0.0336s/iter; left time: 311.0844s
	iters: 1600, epoch: 6 | loss: 0.0234575
	speed: 0.0334s/iter; left time: 305.9076s
	iters: 1700, epoch: 6 | loss: 0.0217527
	speed: 0.0341s/iter; left time: 309.2105s
	iters: 1800, epoch: 6 | loss: 0.0242275
	speed: 0.0333s/iter; left time: 298.9916s
	iters: 1900, epoch: 6 | loss: 0.0232767
	speed: 0.0333s/iter; left time: 295.6854s
	iters: 2000, epoch: 6 | loss: 0.0269341
	speed: 0.0377s/iter; left time: 331.0334s
	iters: 2100, epoch: 6 | loss: 0.0277814
	speed: 0.0325s/iter; left time: 281.6447s
Epoch: 6 cost time: 72.55798101425171
Epoch: 6, Steps: 2154 | Train Loss: 0.0272435 Vali Loss: 0.0276848 Test Loss: 0.0289521
Validation loss decreased (0.029461 --> 0.028952).  Saving model ...
Updating learning rate to 0.0004999108445894319
	iters: 100, epoch: 7 | loss: 0.0234276
	speed: 0.2101s/iter; left time: 1789.8432s
	iters: 200, epoch: 7 | loss: 0.0318762
	speed: 0.0341s/iter; left time: 286.6169s
	iters: 300, epoch: 7 | loss: 0.0201644
	speed: 0.0338s/iter; left time: 281.1402s
	iters: 400, epoch: 7 | loss: 0.0370007
	speed: 0.0351s/iter; left time: 288.3136s
	iters: 500, epoch: 7 | loss: 0.0236515
	speed: 0.0328s/iter; left time: 266.3940s
	iters: 600, epoch: 7 | loss: 0.0251594
	speed: 0.0332s/iter; left time: 265.8617s
	iters: 700, epoch: 7 | loss: 0.0259125
	speed: 0.0323s/iter; left time: 255.6454s
	iters: 800, epoch: 7 | loss: 0.0282534
	speed: 0.0356s/iter; left time: 278.3115s
	iters: 900, epoch: 7 | loss: 0.0327501
	speed: 0.0363s/iter; left time: 280.2418s
	iters: 1000, epoch: 7 | loss: 0.0224220
	speed: 0.0349s/iter; left time: 266.0786s
	iters: 1100, epoch: 7 | loss: 0.0346889
	speed: 0.0346s/iter; left time: 260.2699s
	iters: 1200, epoch: 7 | loss: 0.0343764
	speed: 0.0353s/iter; left time: 261.5135s
	iters: 1300, epoch: 7 | loss: 0.0269494
	speed: 0.0350s/iter; left time: 256.2783s
	iters: 1400, epoch: 7 | loss: 0.0251663
	speed: 0.0343s/iter; left time: 247.8689s
	iters: 1500, epoch: 7 | loss: 0.0261290
	speed: 0.0335s/iter; left time: 238.5788s
	iters: 1600, epoch: 7 | loss: 0.0263547
	speed: 0.0357s/iter; left time: 250.4389s
	iters: 1700, epoch: 7 | loss: 0.0247638
	speed: 0.0360s/iter; left time: 249.1971s
	iters: 1800, epoch: 7 | loss: 0.0240384
	speed: 0.0391s/iter; left time: 266.4135s
	iters: 1900, epoch: 7 | loss: 0.0259986
	speed: 0.0368s/iter; left time: 247.0023s
	iters: 2000, epoch: 7 | loss: 0.0347878
	speed: 0.0342s/iter; left time: 226.6207s
	iters: 2100, epoch: 7 | loss: 0.0522076
	speed: 0.0346s/iter; left time: 225.5049s
Epoch: 7 cost time: 75.03022027015686
Epoch: 7, Steps: 2154 | Train Loss: 0.0269964 Vali Loss: 0.0276071 Test Loss: 0.0287582
Validation loss decreased (0.028952 --> 0.028758).  Saving model ...
Updating learning rate to 0.00030857683574606596
	iters: 100, epoch: 8 | loss: 0.0250331
	speed: 0.2205s/iter; left time: 1402.9797s
	iters: 200, epoch: 8 | loss: 0.0329922
	speed: 0.0351s/iter; left time: 219.8948s
	iters: 300, epoch: 8 | loss: 0.0256214
	speed: 0.0344s/iter; left time: 211.9994s
	iters: 400, epoch: 8 | loss: 0.0277725
	speed: 0.0349s/iter; left time: 211.4960s
	iters: 500, epoch: 8 | loss: 0.0250858
	speed: 0.0340s/iter; left time: 202.9074s
	iters: 600, epoch: 8 | loss: 0.0268927
	speed: 0.0341s/iter; left time: 200.2033s
	iters: 700, epoch: 8 | loss: 0.0287131
	speed: 0.0404s/iter; left time: 232.9319s
	iters: 800, epoch: 8 | loss: 0.0407096
	speed: 0.0348s/iter; left time: 197.3270s
	iters: 900, epoch: 8 | loss: 0.0259434
	speed: 0.0349s/iter; left time: 194.0975s
	iters: 1000, epoch: 8 | loss: 0.0248484
	speed: 0.0342s/iter; left time: 186.9386s
	iters: 1100, epoch: 8 | loss: 0.0331485
	speed: 0.0345s/iter; left time: 185.0677s
	iters: 1200, epoch: 8 | loss: 0.0291895
	speed: 0.0332s/iter; left time: 174.9220s
	iters: 1300, epoch: 8 | loss: 0.0279883
	speed: 0.0354s/iter; left time: 182.6054s
	iters: 1400, epoch: 8 | loss: 0.0324080
	speed: 0.0378s/iter; left time: 191.2445s
	iters: 1500, epoch: 8 | loss: 0.0260611
	speed: 0.0356s/iter; left time: 176.6784s
	iters: 1600, epoch: 8 | loss: 0.0285661
	speed: 0.0361s/iter; left time: 175.6053s
	iters: 1700, epoch: 8 | loss: 0.0337765
	speed: 0.0349s/iter; left time: 166.4007s
	iters: 1800, epoch: 8 | loss: 0.0459970
	speed: 0.0334s/iter; left time: 155.8792s
	iters: 1900, epoch: 8 | loss: 0.0247489
	speed: 0.0337s/iter; left time: 153.9816s
	iters: 2000, epoch: 8 | loss: 0.0222791
	speed: 0.0362s/iter; left time: 161.7376s
	iters: 2100, epoch: 8 | loss: 0.0211714
	speed: 0.0381s/iter; left time: 166.2615s
Epoch: 8 cost time: 75.98254251480103
Epoch: 8, Steps: 2154 | Train Loss: 0.0266359 Vali Loss: 0.0275137 Test Loss: 0.0287989
EarlyStopping counter: 1 out of 15
Updating learning rate to 0.00014638557288692642
	iters: 100, epoch: 9 | loss: 0.0249219
	speed: 0.2326s/iter; left time: 978.8805s
	iters: 200, epoch: 9 | loss: 0.0242824
	speed: 0.0360s/iter; left time: 147.9188s
	iters: 300, epoch: 9 | loss: 0.0264068
	speed: 0.0360s/iter; left time: 144.4403s
	iters: 400, epoch: 9 | loss: 0.0282593
	speed: 0.0365s/iter; left time: 142.7201s
	iters: 500, epoch: 9 | loss: 0.0242187
	speed: 0.0346s/iter; left time: 131.8832s
	iters: 600, epoch: 9 | loss: 0.0253349
	speed: 0.0337s/iter; left time: 125.1482s
	iters: 700, epoch: 9 | loss: 0.0240356
	speed: 0.0367s/iter; left time: 132.5018s
	iters: 800, epoch: 9 | loss: 0.0233265
	speed: 0.0371s/iter; left time: 130.3204s
	iters: 900, epoch: 9 | loss: 0.0240843
	speed: 0.0348s/iter; left time: 118.5239s
	iters: 1000, epoch: 9 | loss: 0.0310572
	speed: 0.0357s/iter; left time: 118.2014s
	iters: 1100, epoch: 9 | loss: 0.0257471
	speed: 0.0335s/iter; left time: 107.5270s
	iters: 1200, epoch: 9 | loss: 0.0241245
	speed: 0.0337s/iter; left time: 104.6559s
	iters: 1300, epoch: 9 | loss: 0.0304435
	speed: 0.0341s/iter; left time: 102.5517s
	iters: 1400, epoch: 9 | loss: 0.0223948
	speed: 0.0397s/iter; left time: 115.5476s
	iters: 1500, epoch: 9 | loss: 0.0209420
	speed: 0.0345s/iter; left time: 97.0461s
	iters: 1600, epoch: 9 | loss: 0.0249608
	speed: 0.0339s/iter; left time: 91.8459s
	iters: 1700, epoch: 9 | loss: 0.0272010
	speed: 0.0397s/iter; left time: 103.6546s
	iters: 1800, epoch: 9 | loss: 0.0251395
	speed: 0.0330s/iter; left time: 82.8902s
	iters: 1900, epoch: 9 | loss: 0.0401326
	speed: 0.0349s/iter; left time: 84.0936s
	iters: 2000, epoch: 9 | loss: 0.0242252
	speed: 0.0337s/iter; left time: 77.7790s
	iters: 2100, epoch: 9 | loss: 0.0242125
	speed: 0.0385s/iter; left time: 85.0566s
Epoch: 9 cost time: 77.23299050331116
Epoch: 9, Steps: 2154 | Train Loss: 0.0263854 Vali Loss: 0.0273777 Test Loss: 0.0286651
Validation loss decreased (0.028758 --> 0.028665).  Saving model ...
Updating learning rate to 3.802920551485804e-05
	iters: 100, epoch: 10 | loss: 0.0238053
	speed: 0.2164s/iter; left time: 444.7106s
	iters: 200, epoch: 10 | loss: 0.0301210
	speed: 0.0368s/iter; left time: 71.9285s
	iters: 300, epoch: 10 | loss: 0.0231954
	speed: 0.0343s/iter; left time: 63.6908s
	iters: 400, epoch: 10 | loss: 0.0278165
	speed: 0.0351s/iter; left time: 61.5436s
	iters: 500, epoch: 10 | loss: 0.0252721
	speed: 0.0358s/iter; left time: 59.1839s
	iters: 600, epoch: 10 | loss: 0.0258260
	speed: 0.0343s/iter; left time: 53.2823s
	iters: 700, epoch: 10 | loss: 0.0231576
	speed: 0.0357s/iter; left time: 51.9875s
	iters: 800, epoch: 10 | loss: 0.0388270
	speed: 0.0396s/iter; left time: 53.6557s
	iters: 900, epoch: 10 | loss: 0.0272179
	speed: 0.0351s/iter; left time: 43.9951s
	iters: 1000, epoch: 10 | loss: 0.0250223
	speed: 0.0334s/iter; left time: 38.5233s
	iters: 1100, epoch: 10 | loss: 0.0241121
	speed: 0.0351s/iter; left time: 37.0734s
	iters: 1200, epoch: 10 | loss: 0.0280974
	speed: 0.0349s/iter; left time: 33.3229s
	iters: 1300, epoch: 10 | loss: 0.0371511
	speed: 0.0333s/iter; left time: 28.4990s
	iters: 1400, epoch: 10 | loss: 0.0240491
	speed: 0.0343s/iter; left time: 25.8928s
	iters: 1500, epoch: 10 | loss: 0.0342971
	speed: 0.0378s/iter; left time: 24.7736s
	iters: 1600, epoch: 10 | loss: 0.0243799
	speed: 0.0344s/iter; left time: 19.1079s
	iters: 1700, epoch: 10 | loss: 0.0195411
	speed: 0.0327s/iter; left time: 14.8924s
	iters: 1800, epoch: 10 | loss: 0.0242967
	speed: 0.0371s/iter; left time: 13.1808s
	iters: 1900, epoch: 10 | loss: 0.0305367
	speed: 0.0345s/iter; left time: 8.8065s
	iters: 2000, epoch: 10 | loss: 0.0254079
	speed: 0.0333s/iter; left time: 5.1647s
	iters: 2100, epoch: 10 | loss: 0.0369144
	speed: 0.0331s/iter; left time: 1.8187s
Epoch: 10 cost time: 75.56793785095215
Epoch: 10, Steps: 2154 | Train Loss: 0.0264171 Vali Loss: 0.0273260 Test Loss: 0.0286166
Validation loss decreased (0.028665 --> 0.028617).  Saving model ...
Updating learning rate to 4.008309342172464e-09
>>>>>>>testing : imputation_IMP_TimeMixer_ETTm2_mask0.375_none_TimeMixer_ETTm2_sl96_pl0_dm32_nh8_el2_dl1_df32_fc1_ebtimeF_dtTrue_Imp_0<<<<<<<<<<<<<<<<<<<<<<<<<<<<<<<<<
test 11521
test shape: (11520, 96, 7) (11520, 96, 7)
mse:0.028633341193199158, mae:0.09534486383199692
