Args in experiment:
Namespace(activation='gelu', anomaly_ratio=0.25, batch_size=16, c_out=21, channel_independence=1, checkpoints='./checkpoints/', comment='none', d_ff=32, d_layers=1, d_model=16, data='custom', data_path='weather.csv', dec_in=21, decomp_method='moving_avg', des='Imp', devices='0,1', distil=True, down_sampling_layers=3, down_sampling_method='avg', down_sampling_window=2, drop_last=True, dropout=0.1, e_layers=2, embed='timeF', emissions_file='emissions.csv', emissions_output_dir='.', enc_in=21, factor=1, features='M', freq='h', gpu=0, inverse=False, is_training=1, itr=1, label_len=0, learning_rate=0.001, loss='MSE', lradj='TST', mask_rate=0.5, model='TimeMixer', model_id='IMP_TimeMixer_Weather_mask0.5', model_type='linear', moving_avg=25, n_heads=8, num_kernels=6, num_workers=0, output_attention=False, p_hidden_dims=[128, 128], p_hidden_layers=2, patience=15, pct_start=0.2, period_len=4, pred_len=0, root_path='<workspace>\\dataset\\weather', seasonal_patterns='Monthly', seq_len=96, target='OT', task_name='imputation', top_k=5, track_emissions=0, train_epochs=10, use_amp=False, use_future_temporal_feature=0, use_gpu=True, use_multi_gpu=False, use_norm=1)
Use GPU: cuda:0
>>>>>>>start training : imputation_IMP_TimeMixer_Weather_mask0.5_none_TimeMixer_custom_sl96_pl0_dm16_nh8_el2_dl1_df32_fc1_ebtimeF_dtTrue_Imp_0>>>>>>>>>>>>>>>>>>>>>>>>>>
train 36792
val 5271
test 10540
	iters: 100, epoch: 1 | loss: 0.4622810
	speed: 0.0604s/iter; left time: 1382.1225s
	iters: 200, epoch: 1 | loss: 0.5414945
	speed: 0.0344s/iter; left time: 782.9393s
	iters: 300, epoch: 1 | loss: 0.1813300
	speed: 0.0331s/iter; left time: 750.4298s
	iters: 400, epoch: 1 | loss: 0.2598643
	speed: 0.0350s/iter; left time: 790.7514s
	iters: 500, epoch: 1 | loss: 0.1800606
	speed: 0.0339s/iter; left time: 762.6060s
	iters: 600, epoch: 1 | loss: 0.1172454
	speed: 0.0337s/iter; left time: 753.6826s
	iters: 700, epoch: 1 | loss: 0.1276648
	speed: 0.0331s/iter; left time: 738.3582s
	iters: 800, epoch: 1 | loss: 0.0786040
	speed: 0.0324s/iter; left time: 718.8363s
	iters: 900, epoch: 1 | loss: 0.0858469
	speed: 0.0333s/iter; left time: 734.8075s
	iters: 1000, epoch: 1 | loss: 0.1796176
	speed: 0.0331s/iter; left time: 727.5578s
	iters: 1100, epoch: 1 | loss: 0.1240647
	speed: 0.0329s/iter; left time: 720.4091s
	iters: 1200, epoch: 1 | loss: 0.1785132
	speed: 0.0335s/iter; left time: 730.4699s
	iters: 1300, epoch: 1 | loss: 0.2101010
	speed: 0.0340s/iter; left time: 738.4864s
	iters: 1400, epoch: 1 | loss: 0.0614744
	speed: 0.0329s/iter; left time: 710.4267s
	iters: 1500, epoch: 1 | loss: 0.0845983
	speed: 0.0328s/iter; left time: 704.8881s
	iters: 1600, epoch: 1 | loss: 0.2778672
	speed: 0.0332s/iter; left time: 709.6565s
	iters: 1700, epoch: 1 | loss: 0.1412787
	speed: 0.0330s/iter; left time: 702.6040s
	iters: 1800, epoch: 1 | loss: 2.5342419
	speed: 0.0327s/iter; left time: 692.5112s
	iters: 1900, epoch: 1 | loss: 0.2456755
	speed: 0.0335s/iter; left time: 706.3714s
	iters: 2000, epoch: 1 | loss: 0.0940723
	speed: 0.0332s/iter; left time: 696.0402s
	iters: 2100, epoch: 1 | loss: 0.0797652
	speed: 0.0337s/iter; left time: 704.2037s
	iters: 2200, epoch: 1 | loss: 0.2766902
	speed: 0.0330s/iter; left time: 686.0240s
Epoch: 1 cost time: 79.38501143455505
Epoch: 1, Steps: 2299 | Train Loss: 0.2543573 Vali Loss: 0.1220390 Test Loss: 0.0438117
Validation loss decreased (inf --> 0.043812).  Saving model ...
Updating learning rate to 0.0005201640161457883
	iters: 100, epoch: 2 | loss: 0.1175978
	speed: 0.1753s/iter; left time: 3608.8212s
	iters: 200, epoch: 2 | loss: 0.1564725
	speed: 0.0327s/iter; left time: 670.3718s
	iters: 300, epoch: 2 | loss: 0.1089241
	speed: 0.0337s/iter; left time: 686.4437s
	iters: 400, epoch: 2 | loss: 0.4426100
	speed: 0.0334s/iter; left time: 677.9773s
	iters: 500, epoch: 2 | loss: 0.0958918
	speed: 0.0327s/iter; left time: 659.5746s
	iters: 600, epoch: 2 | loss: 0.0939236
	speed: 0.0337s/iter; left time: 676.7126s
	iters: 700, epoch: 2 | loss: 0.1213975
	speed: 0.0333s/iter; left time: 664.8288s
	iters: 800, epoch: 2 | loss: 0.0896736
	speed: 0.0325s/iter; left time: 647.4461s
	iters: 900, epoch: 2 | loss: 0.1437744
	speed: 0.0341s/iter; left time: 675.7641s
	iters: 1000, epoch: 2 | loss: 0.1045958
	speed: 0.0329s/iter; left time: 648.2160s
	iters: 1100, epoch: 2 | loss: 0.1063883
	speed: 0.0324s/iter; left time: 635.4979s
	iters: 1200, epoch: 2 | loss: 0.1025729
	speed: 0.0328s/iter; left time: 639.8034s
	iters: 1300, epoch: 2 | loss: 0.2137752
	speed: 0.0330s/iter; left time: 639.8648s
	iters: 1400, epoch: 2 | loss: 0.1475120
	speed: 0.0347s/iter; left time: 670.1527s
	iters: 1500, epoch: 2 | loss: 0.1239934
	speed: 0.0325s/iter; left time: 624.5357s
	iters: 1600, epoch: 2 | loss: 0.1008940
	speed: 0.0335s/iter; left time: 639.9641s
	iters: 1700, epoch: 2 | loss: 0.0962434
	speed: 0.0350s/iter; left time: 665.2964s
	iters: 1800, epoch: 2 | loss: 0.0979684
	speed: 0.0335s/iter; left time: 633.0488s
	iters: 1900, epoch: 2 | loss: 0.1256656
	speed: 0.0338s/iter; left time: 635.5579s
	iters: 2000, epoch: 2 | loss: 0.0864293
	speed: 0.0326s/iter; left time: 609.9730s
	iters: 2100, epoch: 2 | loss: 0.0608875
	speed: 0.0338s/iter; left time: 629.0360s
	iters: 2200, epoch: 2 | loss: 0.0825415
	speed: 0.0326s/iter; left time: 603.6734s
Epoch: 2 cost time: 76.51312112808228
Epoch: 2, Steps: 2299 | Train Loss: 0.1877962 Vali Loss: 0.1101395 Test Loss: 0.0405935
Validation loss decreased (0.043812 --> 0.040594).  Saving model ...
Updating learning rate to 0.000999999992705759
	iters: 100, epoch: 3 | loss: 0.0851927
	speed: 0.1757s/iter; left time: 3214.8596s
	iters: 200, epoch: 3 | loss: 0.1683283
	speed: 0.0336s/iter; left time: 611.4519s
	iters: 300, epoch: 3 | loss: 0.1046072
	speed: 0.0344s/iter; left time: 622.9946s
	iters: 400, epoch: 3 | loss: 0.1559091
	speed: 0.0340s/iter; left time: 611.9094s
	iters: 500, epoch: 3 | loss: 0.1289510
	speed: 0.0328s/iter; left time: 586.5873s
	iters: 600, epoch: 3 | loss: 0.1142342
	speed: 0.0348s/iter; left time: 618.9196s
	iters: 700, epoch: 3 | loss: 0.4449115
	speed: 0.0335s/iter; left time: 592.6523s
	iters: 800, epoch: 3 | loss: 0.0723434
	speed: 0.0333s/iter; left time: 585.4085s
	iters: 900, epoch: 3 | loss: 0.1379282
	speed: 0.0330s/iter; left time: 577.1263s
	iters: 1000, epoch: 3 | loss: 0.1329448
	speed: 0.0330s/iter; left time: 574.2643s
	iters: 1100, epoch: 3 | loss: 0.1082926
	speed: 0.0331s/iter; left time: 572.6081s
	iters: 1200, epoch: 3 | loss: 0.0618814
	speed: 0.0338s/iter; left time: 581.4170s
	iters: 1300, epoch: 3 | loss: 0.0994401
	speed: 0.0339s/iter; left time: 579.9172s
	iters: 1400, epoch: 3 | loss: 0.0843625
	speed: 0.0339s/iter; left time: 576.2502s
	iters: 1500, epoch: 3 | loss: 0.0946452
	speed: 0.0333s/iter; left time: 562.8943s
	iters: 1600, epoch: 3 | loss: 0.0820564
	speed: 0.0328s/iter; left time: 550.9518s
	iters: 1700, epoch: 3 | loss: 0.0788428
	speed: 0.0328s/iter; left time: 547.4213s
	iters: 1800, epoch: 3 | loss: 0.0807380
	speed: 0.0340s/iter; left time: 564.6432s
	iters: 1900, epoch: 3 | loss: 0.2061207
	speed: 0.0334s/iter; left time: 551.6836s
	iters: 2000, epoch: 3 | loss: 0.0781834
	speed: 0.0336s/iter; left time: 551.2605s
	iters: 2100, epoch: 3 | loss: 3.0027664
	speed: 0.0339s/iter; left time: 551.6090s
	iters: 2200, epoch: 3 | loss: 0.1090783
	speed: 0.0358s/iter; left time: 580.2775s
Epoch: 3 cost time: 77.82682490348816
Epoch: 3, Steps: 2299 | Train Loss: 0.1789776 Vali Loss: 0.1130355 Test Loss: 0.0406940
EarlyStopping counter: 1 out of 15
Updating learning rate to 0.0009619072282363468
	iters: 100, epoch: 4 | loss: 0.0937399
	speed: 0.1834s/iter; left time: 2932.5663s
	iters: 200, epoch: 4 | loss: 0.0523095
	speed: 0.0331s/iter; left time: 526.5726s
	iters: 300, epoch: 4 | loss: 0.0668358
	speed: 0.0327s/iter; left time: 515.9986s
	iters: 400, epoch: 4 | loss: 0.3154134
	speed: 0.0336s/iter; left time: 527.5988s
	iters: 500, epoch: 4 | loss: 0.1397566
	speed: 0.0335s/iter; left time: 522.5564s
	iters: 600, epoch: 4 | loss: 0.0921344
	speed: 0.0330s/iter; left time: 511.0306s
	iters: 700, epoch: 4 | loss: 0.1155962
	speed: 0.0328s/iter; left time: 504.4554s
	iters: 800, epoch: 4 | loss: 0.0940671
	speed: 0.0327s/iter; left time: 500.4932s
	iters: 900, epoch: 4 | loss: 0.1587249
	speed: 0.0329s/iter; left time: 500.0775s
	iters: 1000, epoch: 4 | loss: 0.0771210
	speed: 0.0355s/iter; left time: 536.4474s
	iters: 1100, epoch: 4 | loss: 0.1095653
	speed: 0.0332s/iter; left time: 497.8701s
	iters: 1200, epoch: 4 | loss: 0.0885300
	speed: 0.0330s/iter; left time: 490.7631s
	iters: 1300, epoch: 4 | loss: 0.0641355
	speed: 0.0335s/iter; left time: 495.6515s
	iters: 1400, epoch: 4 | loss: 0.5210641
	speed: 0.0347s/iter; left time: 510.0182s
	iters: 1500, epoch: 4 | loss: 0.1093212
	speed: 0.0341s/iter; left time: 497.9278s
	iters: 1600, epoch: 4 | loss: 0.1618959
	speed: 0.0339s/iter; left time: 491.7848s
	iters: 1700, epoch: 4 | loss: 0.1876384
	speed: 0.0340s/iter; left time: 489.1080s
	iters: 1800, epoch: 4 | loss: 0.2911184
	speed: 0.0330s/iter; left time: 471.7178s
	iters: 1900, epoch: 4 | loss: 0.0886879
	speed: 0.0332s/iter; left time: 470.9408s
	iters: 2000, epoch: 4 | loss: 0.4470848
	speed: 0.0330s/iter; left time: 465.2308s
	iters: 2100, epoch: 4 | loss: 0.1075404
	speed: 0.0327s/iter; left time: 458.1081s
	iters: 2200, epoch: 4 | loss: 0.0920585
	speed: 0.0339s/iter; left time: 470.3854s
Epoch: 4 cost time: 76.8573830127716
Epoch: 4, Steps: 2299 | Train Loss: 0.1758901 Vali Loss: 0.0990687 Test Loss: 0.0385096
Validation loss decreased (0.040594 --> 0.038510).  Saving model ...
Updating learning rate to 0.0008534935799492716
	iters: 100, epoch: 5 | loss: 0.0958050
	speed: 0.1776s/iter; left time: 2432.6827s
	iters: 200, epoch: 5 | loss: 0.0598027
	speed: 0.0328s/iter; left time: 445.9177s
	iters: 300, epoch: 5 | loss: 0.0859725
	speed: 0.0332s/iter; left time: 448.3827s
	iters: 400, epoch: 5 | loss: 0.1664678
	speed: 0.0333s/iter; left time: 446.0945s
	iters: 500, epoch: 5 | loss: 0.1206978
	speed: 0.0330s/iter; left time: 438.5820s
	iters: 600, epoch: 5 | loss: 0.1157003
	speed: 0.0332s/iter; left time: 438.2033s
	iters: 700, epoch: 5 | loss: 0.1914716
	speed: 0.0357s/iter; left time: 467.7884s
	iters: 800, epoch: 5 | loss: 0.0569365
	speed: 0.0339s/iter; left time: 440.3753s
	iters: 900, epoch: 5 | loss: 0.1374071
	speed: 0.0335s/iter; left time: 431.4247s
	iters: 1000, epoch: 5 | loss: 0.1925762
	speed: 0.0336s/iter; left time: 429.5661s
	iters: 1100, epoch: 5 | loss: 0.0811642
	speed: 0.0331s/iter; left time: 420.3908s
	iters: 1200, epoch: 5 | loss: 0.1311100
	speed: 0.0340s/iter; left time: 428.1167s
	iters: 1300, epoch: 5 | loss: 0.1000423
	speed: 0.0327s/iter; left time: 408.7496s
	iters: 1400, epoch: 5 | loss: 0.1012080
	speed: 0.0340s/iter; left time: 421.4518s
	iters: 1500, epoch: 5 | loss: 0.0954179
	speed: 0.0336s/iter; left time: 413.1154s
	iters: 1600, epoch: 5 | loss: 0.0936764
	speed: 0.0332s/iter; left time: 405.4657s
	iters: 1700, epoch: 5 | loss: 0.0968013
	speed: 0.0327s/iter; left time: 396.0034s
	iters: 1800, epoch: 5 | loss: 0.0875788
	speed: 0.0335s/iter; left time: 401.5974s
	iters: 1900, epoch: 5 | loss: 0.0632302
	speed: 0.0334s/iter; left time: 397.4917s
	iters: 2000, epoch: 5 | loss: 0.0697943
	speed: 0.0334s/iter; left time: 393.7426s
	iters: 2100, epoch: 5 | loss: 0.1036651
	speed: 0.0337s/iter; left time: 393.8585s
	iters: 2200, epoch: 5 | loss: 0.0681899
	speed: 0.0335s/iter; left time: 388.2775s
Epoch: 5 cost time: 77.04696607589722
Epoch: 5, Steps: 2299 | Train Loss: 0.1610580 Vali Loss: 0.0996399 Test Loss: 0.0383055
Validation loss decreased (0.038510 --> 0.038306).  Saving model ...
Updating learning rate to 0.0006912640430240716
	iters: 100, epoch: 6 | loss: 0.0628528
	speed: 0.1783s/iter; left time: 2032.4192s
	iters: 200, epoch: 6 | loss: 0.0914274
	speed: 0.0333s/iter; left time: 376.6148s
	iters: 300, epoch: 6 | loss: 0.2265700
	speed: 0.0339s/iter; left time: 379.2234s
	iters: 400, epoch: 6 | loss: 0.1034199
	speed: 0.0334s/iter; left time: 370.6998s
	iters: 500, epoch: 6 | loss: 0.0785497
	speed: 0.0340s/iter; left time: 374.2406s
	iters: 600, epoch: 6 | loss: 0.1242278
	speed: 0.0334s/iter; left time: 363.4241s
	iters: 700, epoch: 6 | loss: 0.5141296
	speed: 0.0328s/iter; left time: 354.0855s
	iters: 800, epoch: 6 | loss: 0.1390110
	speed: 0.0327s/iter; left time: 349.9385s
	iters: 900, epoch: 6 | loss: 0.1205432
	speed: 0.0330s/iter; left time: 349.5599s
	iters: 1000, epoch: 6 | loss: 0.1132422
	speed: 0.0338s/iter; left time: 354.2814s
	iters: 1100, epoch: 6 | loss: 0.1501576
	speed: 0.0325s/iter; left time: 338.0052s
	iters: 1200, epoch: 6 | loss: 0.0629064
	speed: 0.0327s/iter; left time: 336.4727s
	iters: 1300, epoch: 6 | loss: 0.1340859
	speed: 0.0332s/iter; left time: 338.6357s
	iters: 1400, epoch: 6 | loss: 0.1649422
	speed: 0.0329s/iter; left time: 332.6395s
	iters: 1500, epoch: 6 | loss: 0.0932767
	speed: 0.0328s/iter; left time: 327.5788s
	iters: 1600, epoch: 6 | loss: 0.1043773
	speed: 0.0374s/iter; left time: 370.4284s
	iters: 1700, epoch: 6 | loss: 0.1175972
	speed: 0.0332s/iter; left time: 325.3778s
	iters: 1800, epoch: 6 | loss: 0.1852461
	speed: 0.0341s/iter; left time: 330.5906s
	iters: 1900, epoch: 6 | loss: 0.0687742
	speed: 0.0330s/iter; left time: 316.5846s
	iters: 2000, epoch: 6 | loss: 0.0527302
	speed: 0.0328s/iter; left time: 311.1475s
	iters: 2100, epoch: 6 | loss: 0.1442802
	speed: 0.0321s/iter; left time: 301.7999s
	iters: 2200, epoch: 6 | loss: 0.1026732
	speed: 0.0345s/iter; left time: 320.8147s
Epoch: 6 cost time: 76.99032759666443
Epoch: 6, Steps: 2299 | Train Loss: 0.1728246 Vali Loss: 0.1013771 Test Loss: 0.0373385
Validation loss decreased (0.038306 --> 0.037339).  Saving model ...
Updating learning rate to 0.0004999165938431942
	iters: 100, epoch: 7 | loss: 0.0947159
	speed: 0.1809s/iter; left time: 1645.7496s
	iters: 200, epoch: 7 | loss: 0.0613824
	speed: 0.0332s/iter; left time: 298.5875s
	iters: 300, epoch: 7 | loss: 0.0579214
	speed: 0.0326s/iter; left time: 289.8873s
	iters: 400, epoch: 7 | loss: 0.0546424
	speed: 0.0331s/iter; left time: 291.5169s
	iters: 500, epoch: 7 | loss: 0.1174146
	speed: 0.0332s/iter; left time: 288.9340s
	iters: 600, epoch: 7 | loss: 0.0583990
	speed: 0.0324s/iter; left time: 278.2682s
	iters: 700, epoch: 7 | loss: 0.0662428
	speed: 0.0326s/iter; left time: 276.9959s
	iters: 800, epoch: 7 | loss: 0.3641128
	speed: 0.0349s/iter; left time: 293.4242s
	iters: 900, epoch: 7 | loss: 0.0606106
	speed: 0.0329s/iter; left time: 273.1952s
	iters: 1000, epoch: 7 | loss: 0.1517746
	speed: 0.0339s/iter; left time: 278.1438s
	iters: 1100, epoch: 7 | loss: 2.3892398
	speed: 0.0330s/iter; left time: 267.0081s
	iters: 1200, epoch: 7 | loss: 0.0744323
	speed: 0.0327s/iter; left time: 261.4327s
	iters: 1300, epoch: 7 | loss: 0.0996214
	speed: 0.0366s/iter; left time: 288.7984s
	iters: 1400, epoch: 7 | loss: 0.1161541
	speed: 0.0350s/iter; left time: 272.9296s
	iters: 1500, epoch: 7 | loss: 2.3804171
	speed: 0.0343s/iter; left time: 264.1962s
	iters: 1600, epoch: 7 | loss: 0.0615291
	speed: 0.0351s/iter; left time: 266.6499s
	iters: 1700, epoch: 7 | loss: 0.0592262
	speed: 0.0340s/iter; left time: 255.0335s
	iters: 1800, epoch: 7 | loss: 0.1546871
	speed: 0.0334s/iter; left time: 247.0664s
	iters: 1900, epoch: 7 | loss: 0.1092833
	speed: 0.0336s/iter; left time: 245.2638s
	iters: 2000, epoch: 7 | loss: 0.0545636
	speed: 0.0346s/iter; left time: 249.3699s
	iters: 2100, epoch: 7 | loss: 0.1296814
	speed: 0.0339s/iter; left time: 240.6480s
	iters: 2200, epoch: 7 | loss: 0.0515336
	speed: 0.0341s/iter; left time: 238.3984s
Epoch: 7 cost time: 77.73716402053833
Epoch: 7, Steps: 2299 | Train Loss: 0.1566681 Vali Loss: 0.0990035 Test Loss: 0.0372144
Validation loss decreased (0.037339 --> 0.037214).  Saving model ...
Updating learning rate to 0.00030858214697548176
	iters: 100, epoch: 8 | loss: 0.1074079
	speed: 0.1792s/iter; left time: 1218.4453s
	iters: 200, epoch: 8 | loss: 0.0480127
	speed: 0.0342s/iter; left time: 229.2991s
	iters: 300, epoch: 8 | loss: 0.1336531
	speed: 0.0337s/iter; left time: 222.0843s
	iters: 400, epoch: 8 | loss: 0.1306542
	speed: 0.0332s/iter; left time: 215.7332s
	iters: 500, epoch: 8 | loss: 0.0855513
	speed: 0.0337s/iter; left time: 215.2950s
	iters: 600, epoch: 8 | loss: 0.3099930
	speed: 0.0344s/iter; left time: 216.6653s
	iters: 700, epoch: 8 | loss: 0.0499600
	speed: 0.0348s/iter; left time: 215.6846s
	iters: 800, epoch: 8 | loss: 0.0707843
	speed: 0.0338s/iter; left time: 206.3691s
	iters: 900, epoch: 8 | loss: 0.0904192
	speed: 0.0340s/iter; left time: 204.1603s
	iters: 1000, epoch: 8 | loss: 0.0743735
	speed: 0.0353s/iter; left time: 208.2150s
	iters: 1100, epoch: 8 | loss: 0.0715550
	speed: 0.0346s/iter; left time: 200.6058s
	iters: 1200, epoch: 8 | loss: 0.1419244
	speed: 0.0343s/iter; left time: 195.6003s
	iters: 1300, epoch: 8 | loss: 0.0529429
	speed: 0.0373s/iter; left time: 208.7944s
	iters: 1400, epoch: 8 | loss: 0.1127513
	speed: 0.0359s/iter; left time: 197.2222s
	iters: 1500, epoch: 8 | loss: 0.0739123
	speed: 0.0351s/iter; left time: 189.2643s
	iters: 1600, epoch: 8 | loss: 0.1342430
	speed: 0.0342s/iter; left time: 181.2162s
	iters: 1700, epoch: 8 | loss: 0.1277457
	speed: 0.0342s/iter; left time: 177.5682s
	iters: 1800, epoch: 8 | loss: 0.0706319
	speed: 0.0334s/iter; left time: 170.4277s
	iters: 1900, epoch: 8 | loss: 0.0957115
	speed: 0.0335s/iter; left time: 167.3894s
	iters: 2000, epoch: 8 | loss: 0.1643774
	speed: 0.0341s/iter; left time: 166.9745s
	iters: 2100, epoch: 8 | loss: 0.1424048
	speed: 0.0340s/iter; left time: 163.0282s
	iters: 2200, epoch: 8 | loss: 0.0667253
	speed: 0.0335s/iter; left time: 157.1984s
Epoch: 8 cost time: 78.8786346912384
Epoch: 8, Steps: 2299 | Train Loss: 0.1538908 Vali Loss: 0.0960825 Test Loss: 0.0367097
Validation loss decreased (0.037214 --> 0.036710).  Saving model ...
Updating learning rate to 0.00014638963750546335
	iters: 100, epoch: 9 | loss: 0.1407141
	speed: 0.1813s/iter; left time: 815.7055s
	iters: 200, epoch: 9 | loss: 0.1110123
	speed: 0.0349s/iter; left time: 153.5386s
	iters: 300, epoch: 9 | loss: 0.0825213
	speed: 0.0346s/iter; left time: 148.9326s
	iters: 400, epoch: 9 | loss: 0.0892338
	speed: 0.0336s/iter; left time: 141.1760s
	iters: 500, epoch: 9 | loss: 0.0612249
	speed: 0.0345s/iter; left time: 141.5173s
	iters: 600, epoch: 9 | loss: 0.1167800
	speed: 0.0338s/iter; left time: 135.2784s
	iters: 700, epoch: 9 | loss: 0.0763447
	speed: 0.0341s/iter; left time: 132.8356s
	iters: 800, epoch: 9 | loss: 0.1081202
	speed: 0.0359s/iter; left time: 136.2098s
	iters: 900, epoch: 9 | loss: 0.1002402
	speed: 0.0346s/iter; left time: 128.0608s
	iters: 1000, epoch: 9 | loss: 0.2332918
	speed: 0.0343s/iter; left time: 123.4152s
	iters: 1100, epoch: 9 | loss: 0.0588823
	speed: 0.0348s/iter; left time: 121.6397s
	iters: 1200, epoch: 9 | loss: 0.0786887
	speed: 0.0340s/iter; left time: 115.4849s
	iters: 1300, epoch: 9 | loss: 0.0616380
	speed: 0.0343s/iter; left time: 113.1803s
	iters: 1400, epoch: 9 | loss: 0.0673614
	speed: 0.0353s/iter; left time: 113.0568s
	iters: 1500, epoch: 9 | loss: 0.0549579
	speed: 0.0356s/iter; left time: 110.2499s
	iters: 1600, epoch: 9 | loss: 0.0758032
	speed: 0.0343s/iter; left time: 102.7781s
	iters: 1700, epoch: 9 | loss: 0.0967410
	speed: 0.0342s/iter; left time: 99.2117s
	iters: 1800, epoch: 9 | loss: 0.0886611
	speed: 0.0341s/iter; left time: 95.5714s
	iters: 1900, epoch: 9 | loss: 0.3087859
	speed: 0.0335s/iter; left time: 90.4377s
	iters: 2000, epoch: 9 | loss: 0.1411368
	speed: 0.0339s/iter; left time: 88.0957s
	iters: 2100, epoch: 9 | loss: 0.0989068
	speed: 0.0349s/iter; left time: 87.1343s
	iters: 2200, epoch: 9 | loss: 0.7086524
	speed: 0.0353s/iter; left time: 84.7023s
Epoch: 9 cost time: 79.16199851036072
Epoch: 9, Steps: 2299 | Train Loss: 0.1560255 Vali Loss: 0.0931733 Test Loss: 0.0367793
EarlyStopping counter: 1 out of 15
Updating learning rate to 3.803140472118991e-05
	iters: 100, epoch: 10 | loss: 0.4148634
	speed: 0.1832s/iter; left time: 402.9639s
	iters: 200, epoch: 10 | loss: 0.0630604
	speed: 0.0338s/iter; left time: 70.9323s
	iters: 300, epoch: 10 | loss: 0.1953321
	speed: 0.0336s/iter; left time: 67.1669s
	iters: 400, epoch: 10 | loss: 0.1172694
	speed: 0.0334s/iter; left time: 63.4854s
	iters: 500, epoch: 10 | loss: 0.0710919
	speed: 0.0335s/iter; left time: 60.2369s
	iters: 600, epoch: 10 | loss: 0.1407975
	speed: 0.0346s/iter; left time: 58.8381s
	iters: 700, epoch: 10 | loss: 0.1047513
	speed: 0.0346s/iter; left time: 55.4391s
	iters: 800, epoch: 10 | loss: 0.0973401
	speed: 0.0339s/iter; left time: 50.8062s
	iters: 900, epoch: 10 | loss: 0.0636754
	speed: 0.0339s/iter; left time: 47.4622s
	iters: 1000, epoch: 10 | loss: 0.1391483
	speed: 0.0336s/iter; left time: 43.6541s
	iters: 1100, epoch: 10 | loss: 0.0723285
	speed: 0.0341s/iter; left time: 40.9614s
	iters: 1200, epoch: 10 | loss: 0.0596495
	speed: 0.0343s/iter; left time: 37.7254s
	iters: 1300, epoch: 10 | loss: 0.0853722
	speed: 0.0342s/iter; left time: 34.2034s
	iters: 1400, epoch: 10 | loss: 0.0540974
	speed: 0.0374s/iter; left time: 33.6299s
	iters: 1500, epoch: 10 | loss: 0.0910055
	speed: 0.0343s/iter; left time: 27.4152s
	iters: 1600, epoch: 10 | loss: 0.1041372
	speed: 0.0352s/iter; left time: 24.6384s
	iters: 1700, epoch: 10 | loss: 0.1097789
	speed: 0.0362s/iter; left time: 21.7232s
	iters: 1800, epoch: 10 | loss: 0.1149156
	speed: 0.0341s/iter; left time: 17.0474s
	iters: 1900, epoch: 10 | loss: 0.1714880
	speed: 0.0335s/iter; left time: 13.4178s
	iters: 2000, epoch: 10 | loss: 0.0556104
	speed: 0.0343s/iter; left time: 10.2800s
	iters: 2100, epoch: 10 | loss: 0.2133614
	speed: 0.0343s/iter; left time: 6.8649s
	iters: 2200, epoch: 10 | loss: 0.1070537
	speed: 0.0334s/iter; left time: 3.3446s
Epoch: 10 cost time: 78.83185529708862
Epoch: 10, Steps: 2299 | Train Loss: 0.1529106 Vali Loss: 0.0959896 Test Loss: 0.0366021
Validation loss decreased (0.036710 --> 0.036602).  Saving model ...
Updating learning rate to 4.00729424084425e-09
>>>>>>>testing : imputation_IMP_TimeMixer_Weather_mask0.5_none_TimeMixer_custom_sl96_pl0_dm16_nh8_el2_dl1_df32_fc1_ebtimeF_dtTrue_Imp_0<<<<<<<<<<<<<<<<<<<<<<<<<<<<<<<<<
test 10540
test shape: (10528, 96, 21) (10528, 96, 21)
mse:0.03632261976599693, mae:0.05662859231233597
