Args in experiment:
Namespace(activation='gelu', anomaly_ratio=0.25, batch_size=16, c_out=7, channel_independence=1, checkpoints='./checkpoints/', comment='none', d_ff=32, d_layers=1, d_model=16, data='ETTh2', data_path='ETTh2.csv', dec_in=7, decomp_method='moving_avg', des='Imp', devices='0,1', distil=True, down_sampling_layers=3, down_sampling_method='avg', down_sampling_window=2, drop_last=True, dropout=0.1, e_layers=2, embed='timeF', emissions_file='emissions.csv', emissions_output_dir='.', enc_in=7, factor=1, features='M', freq='h', gpu=0, inverse=False, is_training=1, itr=1, label_len=0, learning_rate=0.001, loss='MSE', lradj='TST', mask_rate=0.5, model='TimeMixer', model_id='IMP_TimeMixer_ETTh2_mask0.5', model_type='linear', moving_avg=25, n_heads=8, num_kernels=6, num_workers=0, output_attention=False, p_hidden_dims=[128, 128], p_hidden_layers=2, patience=15, pct_start=0.2, period_len=24, pred_len=0, root_path='C:\\Users\\bbbal\\OneDrive\\Masaüstü\\timemixer\\dataset\\ETT-small', seasonal_patterns='Monthly', seq_len=96, target='OT', task_name='imputation', top_k=5, track_emissions=0, train_epochs=10, use_amp=False, use_future_temporal_feature=0, use_gpu=True, use_multi_gpu=False, use_norm=1)
Use GPU: cuda:0
>>>>>>>start training : imputation_IMP_TimeMixer_ETTh2_mask0.5_none_TimeMixer_ETTh2_sl96_pl0_dm16_nh8_el2_dl1_df32_fc1_ebtimeF_dtTrue_Imp_0>>>>>>>>>>>>>>>>>>>>>>>>>>
train 8545
val 2881
test 2881
	iters: 100, epoch: 1 | loss: 0.3593499
	speed: 0.0615s/iter; left time: 322.5833s
	iters: 200, epoch: 1 | loss: 0.2026113
	speed: 0.0352s/iter; left time: 180.9996s
	iters: 300, epoch: 1 | loss: 0.1420651
	speed: 0.0341s/iter; left time: 171.9655s
	iters: 400, epoch: 1 | loss: 0.1479554
	speed: 0.0323s/iter; left time: 159.6597s
	iters: 500, epoch: 1 | loss: 0.1544785
	speed: 0.0335s/iter; left time: 162.1601s
Epoch: 1 cost time: 20.78664231300354
Epoch: 1, Steps: 534 | Train Loss: 0.2037638 Vali Loss: 0.0722961 Test Loss: 0.0894728
Validation loss decreased (inf --> 0.089473).  Saving model ...
Updating learning rate to 0.0005207066372675873
	iters: 100, epoch: 2 | loss: 0.0852892
	speed: 0.1085s/iter; left time: 510.4840s
	iters: 200, epoch: 2 | loss: 0.0661250
	speed: 0.0479s/iter; left time: 220.6905s
	iters: 300, epoch: 2 | loss: 0.0780897
	speed: 0.0424s/iter; left time: 190.9002s
	iters: 400, epoch: 2 | loss: 0.0737744
	speed: 0.0375s/iter; left time: 165.3362s
	iters: 500, epoch: 2 | loss: 0.0901291
	speed: 0.0372s/iter; left time: 160.4029s
Epoch: 2 cost time: 22.859517812728882
Epoch: 2, Steps: 534 | Train Loss: 0.0956899 Vali Loss: 0.0669819 Test Loss: 0.0804500
Validation loss decreased (0.089473 --> 0.080450).  Saving model ...
Updating learning rate to 0.0009999998648003681
	iters: 100, epoch: 3 | loss: 0.1065304
	speed: 0.1136s/iter; left time: 474.1889s
	iters: 200, epoch: 3 | loss: 0.0721325
	speed: 0.0442s/iter; left time: 179.9267s
	iters: 300, epoch: 3 | loss: 0.0644722
	speed: 0.0329s/iter; left time: 130.5164s
	iters: 400, epoch: 3 | loss: 0.0866635
	speed: 0.0343s/iter; left time: 132.8992s
	iters: 500, epoch: 3 | loss: 0.0820273
	speed: 0.0328s/iter; left time: 123.7023s
Epoch: 3 cost time: 20.218703031539917
Epoch: 3, Steps: 534 | Train Loss: 0.0855343 Vali Loss: 0.0661711 Test Loss: 0.0798525
Validation loss decreased (0.080450 --> 0.079852).  Saving model ...
Updating learning rate to 0.0009617990830848397
	iters: 100, epoch: 4 | loss: 0.0984488
	speed: 0.0866s/iter; left time: 315.0065s
	iters: 200, epoch: 4 | loss: 0.1150025
	speed: 0.0355s/iter; left time: 125.6717s
	iters: 300, epoch: 4 | loss: 0.0668328
	speed: 0.0353s/iter; left time: 121.5483s
	iters: 400, epoch: 4 | loss: 0.0699162
	speed: 0.0381s/iter; left time: 127.0849s
	iters: 500, epoch: 4 | loss: 0.0751527
	speed: 0.0364s/iter; left time: 117.7777s
Epoch: 4 cost time: 19.38494896888733
Epoch: 4, Steps: 534 | Train Loss: 0.0834402 Vali Loss: 0.0656504 Test Loss: 0.0781186
Validation loss decreased (0.079852 --> 0.078119).  Saving model ...
Updating learning rate to 0.0008532938816706273
	iters: 100, epoch: 5 | loss: 0.0712771
	speed: 0.0973s/iter; left time: 302.2705s
	iters: 200, epoch: 5 | loss: 0.0741423
	speed: 0.0410s/iter; left time: 123.3314s
	iters: 300, epoch: 5 | loss: 0.0729441
	speed: 0.0358s/iter; left time: 104.1244s
	iters: 400, epoch: 5 | loss: 0.0732522
	speed: 0.0387s/iter; left time: 108.6486s
	iters: 500, epoch: 5 | loss: 0.1117444
	speed: 0.0436s/iter; left time: 117.8886s
Epoch: 5 cost time: 21.960691213607788
Epoch: 5, Steps: 534 | Train Loss: 0.0813651 Vali Loss: 0.0644585 Test Loss: 0.0770016
Validation loss decreased (0.078119 --> 0.077002).  Saving model ...
Updating learning rate to 0.0006910031938709443
	iters: 100, epoch: 6 | loss: 0.0614045
	speed: 0.1122s/iter; left time: 288.5661s
	iters: 200, epoch: 6 | loss: 0.0619846
	speed: 0.0348s/iter; left time: 86.0894s
	iters: 300, epoch: 6 | loss: 0.0669669
	speed: 0.0413s/iter; left time: 97.9891s
	iters: 400, epoch: 6 | loss: 0.1015664
	speed: 0.0322s/iter; left time: 73.1632s
	iters: 500, epoch: 6 | loss: 0.0731802
	speed: 0.0330s/iter; left time: 71.5896s
Epoch: 6 cost time: 19.52610206604004
Epoch: 6, Steps: 534 | Train Loss: 0.0801491 Vali Loss: 0.0642607 Test Loss: 0.0764020
Validation loss decreased (0.077002 --> 0.076402).  Saving model ...
Updating learning rate to 0.0004996343057345438
	iters: 100, epoch: 7 | loss: 0.0624179
	speed: 0.0918s/iter; left time: 187.0664s
	iters: 200, epoch: 7 | loss: 0.0980223
	speed: 0.0370s/iter; left time: 71.6708s
	iters: 300, epoch: 7 | loss: 0.0989718
	speed: 0.0426s/iter; left time: 78.2676s
	iters: 400, epoch: 7 | loss: 0.1008729
	speed: 0.0368s/iter; left time: 63.8477s
	iters: 500, epoch: 7 | loss: 0.0603337
	speed: 0.0435s/iter; left time: 71.2638s
Epoch: 7 cost time: 20.913018941879272
Epoch: 7, Steps: 534 | Train Loss: 0.0788356 Vali Loss: 0.0639694 Test Loss: 0.0756118
Validation loss decreased (0.076402 --> 0.075612).  Saving model ...
Updating learning rate to 0.0003083213957169024
	iters: 100, epoch: 8 | loss: 0.0920516
	speed: 0.0955s/iter; left time: 143.4626s
	iters: 200, epoch: 8 | loss: 0.0903878
	speed: 0.0452s/iter; left time: 63.3629s
	iters: 300, epoch: 8 | loss: 0.0789154
	speed: 0.0465s/iter; left time: 60.6064s
	iters: 400, epoch: 8 | loss: 0.0691026
	speed: 0.0444s/iter; left time: 53.3721s
	iters: 500, epoch: 8 | loss: 0.0716405
	speed: 0.0367s/iter; left time: 40.4820s
Epoch: 8 cost time: 22.0492947101593
Epoch: 8, Steps: 534 | Train Loss: 0.0783332 Vali Loss: 0.0636013 Test Loss: 0.0750349
Validation loss decreased (0.075612 --> 0.075035).  Saving model ...
Updating learning rate to 0.00014619012011235773
	iters: 100, epoch: 9 | loss: 0.0675879
	speed: 0.0863s/iter; left time: 83.6610s
	iters: 200, epoch: 9 | loss: 0.0838434
	speed: 0.0423s/iter; left time: 36.7544s
	iters: 300, epoch: 9 | loss: 0.0631426
	speed: 0.0527s/iter; left time: 40.5221s
	iters: 400, epoch: 9 | loss: 0.0665531
	speed: 0.0609s/iter; left time: 40.7569s
	iters: 500, epoch: 9 | loss: 0.0614962
	speed: 0.0531s/iter; left time: 30.2323s
Epoch: 9 cost time: 26.16987919807434
Epoch: 9, Steps: 534 | Train Loss: 0.0772034 Vali Loss: 0.0635028 Test Loss: 0.0745916
Validation loss decreased (0.075035 --> 0.074592).  Saving model ...
Updating learning rate to 3.792349590802869e-05
	iters: 100, epoch: 10 | loss: 0.0762329
	speed: 0.1443s/iter; left time: 62.7714s
	iters: 200, epoch: 10 | loss: 0.1192563
	speed: 0.0558s/iter; left time: 18.7079s
	iters: 300, epoch: 10 | loss: 0.0800181
	speed: 0.0531s/iter; left time: 12.4890s
	iters: 400, epoch: 10 | loss: 0.0643806
	speed: 0.0546s/iter; left time: 7.3693s
	iters: 500, epoch: 10 | loss: 0.0622956
	speed: 0.0514s/iter; left time: 1.8003s
Epoch: 10 cost time: 28.573304176330566
Epoch: 10, Steps: 534 | Train Loss: 0.0769494 Vali Loss: 0.0633798 Test Loss: 0.0749715
EarlyStopping counter: 1 out of 15
Updating learning rate to 4.1351996319232575e-09
>>>>>>>testing : imputation_IMP_TimeMixer_ETTh2_mask0.5_none_TimeMixer_ETTh2_sl96_pl0_dm16_nh8_el2_dl1_df32_fc1_ebtimeF_dtTrue_Imp_0<<<<<<<<<<<<<<<<<<<<<<<<<<<<<<<<<
test 2881
test shape: (2880, 96, 7) (2880, 96, 7)
mse:0.07492555677890778, mae:0.1756255179643631
