Args in experiment:
Namespace(activation='gelu', anomaly_ratio=0.25, batch_size=16, c_out=7, channel_independence=1, checkpoints='./checkpoints/', comment='none', d_ff=32, d_layers=1, d_model=16, data='ETTh1', data_path='ETTh1.csv', dec_in=7, decomp_method='moving_avg', des='Imp', devices='0,1', distil=True, down_sampling_layers=3, down_sampling_method='avg', down_sampling_window=2, drop_last=True, dropout=0.1, e_layers=2, embed='timeF', emissions_file='emissions.csv', emissions_output_dir='.', enc_in=7, factor=1, features='M', freq='h', gpu=0, inverse=False, is_training=1, itr=1, label_len=0, learning_rate=0.001, loss='MSE', lradj='TST', mask_rate=0.25, model='TimeMixer', model_id='IMP_TimeMixer_ETTh1_mask0.25', model_type='linear', moving_avg=25, n_heads=8, num_kernels=6, num_workers=0, output_attention=False, p_hidden_dims=[128, 128], p_hidden_layers=2, patience=15, pct_start=0.2, period_len=24, pred_len=0, root_path='<workspace>\\dataset\\ETT-small', seasonal_patterns='Monthly', seq_len=96, target='OT', task_name='imputation', top_k=5, track_emissions=0, train_epochs=10, use_amp=False, use_future_temporal_feature=0, use_gpu=True, use_multi_gpu=False, use_norm=1)
Use GPU: cuda:0
>>>>>>>start training : imputation_IMP_TimeMixer_ETTh1_mask0.25_none_TimeMixer_ETTh1_sl96_pl0_dm16_nh8_el2_dl1_df32_fc1_ebtimeF_dtTrue_Imp_0>>>>>>>>>>>>>>>>>>>>>>>>>>
train 8545
val 2881
test 2881
	iters: 100, epoch: 1 | loss: 0.6508102
	speed: 0.0605s/iter; left time: 317.2670s
	iters: 200, epoch: 1 | loss: 0.3890986
	speed: 0.0330s/iter; left time: 169.5478s
	iters: 300, epoch: 1 | loss: 0.1614050
	speed: 0.0394s/iter; left time: 198.6484s
	iters: 400, epoch: 1 | loss: 0.1550173
	speed: 0.0343s/iter; left time: 169.7150s
	iters: 500, epoch: 1 | loss: 0.1453389
	speed: 0.0322s/iter; left time: 156.1093s
Epoch: 1 cost time: 21.09338879585266
Epoch: 1, Steps: 534 | Train Loss: 0.3557873 Vali Loss: 0.1663253 Test Loss: 0.1582014
Validation loss decreased (inf --> 0.158201).  Saving model ...
Updating learning rate to 0.0005207066372675873
	iters: 100, epoch: 2 | loss: 0.1189996
	speed: 0.0834s/iter; left time: 392.7199s
	iters: 200, epoch: 2 | loss: 0.1143561
	speed: 0.0342s/iter; left time: 157.5329s
	iters: 300, epoch: 2 | loss: 0.1012346
	speed: 0.0371s/iter; left time: 167.2858s
	iters: 400, epoch: 2 | loss: 0.1220260
	speed: 0.0347s/iter; left time: 152.8917s
	iters: 500, epoch: 2 | loss: 0.1002428
	speed: 0.0353s/iter; left time: 151.9578s
Epoch: 2 cost time: 18.56587862968445
Epoch: 2, Steps: 534 | Train Loss: 0.1195002 Vali Loss: 0.1448270 Test Loss: 0.1343734
Validation loss decreased (0.158201 --> 0.134373).  Saving model ...
Updating learning rate to 0.0009999998648003681
	iters: 100, epoch: 3 | loss: 0.1415118
	speed: 0.1004s/iter; left time: 418.9603s
	iters: 200, epoch: 3 | loss: 0.1039039
	speed: 0.0361s/iter; left time: 146.8939s
	iters: 300, epoch: 3 | loss: 0.0948537
	speed: 0.0365s/iter; left time: 145.0870s
	iters: 400, epoch: 3 | loss: 0.1042211
	speed: 0.0389s/iter; left time: 150.7178s
	iters: 500, epoch: 3 | loss: 0.1017345
	speed: 0.0367s/iter; left time: 138.6168s
Epoch: 3 cost time: 20.37656307220459
Epoch: 3, Steps: 534 | Train Loss: 0.1099904 Vali Loss: 0.1344551 Test Loss: 0.1281179
Validation loss decreased (0.134373 --> 0.128118).  Saving model ...
Updating learning rate to 0.0009617990830848397
	iters: 100, epoch: 4 | loss: 0.1156404
	speed: 0.0862s/iter; left time: 313.6111s
	iters: 200, epoch: 4 | loss: 0.1088882
	speed: 0.0351s/iter; left time: 124.1039s
	iters: 300, epoch: 4 | loss: 0.0968020
	speed: 0.0388s/iter; left time: 133.3455s
	iters: 400, epoch: 4 | loss: 0.1082434
	speed: 0.0328s/iter; left time: 109.4641s
	iters: 500, epoch: 4 | loss: 0.0771803
	speed: 0.0331s/iter; left time: 107.0636s
Epoch: 4 cost time: 18.575490713119507
Epoch: 4, Steps: 534 | Train Loss: 0.1059550 Vali Loss: 0.1313966 Test Loss: 0.1224000
Validation loss decreased (0.128118 --> 0.122400).  Saving model ...
Updating learning rate to 0.0008532938816706273
	iters: 100, epoch: 5 | loss: 0.1064745
	speed: 0.1027s/iter; left time: 318.8965s
	iters: 200, epoch: 5 | loss: 0.1108261
	speed: 0.0335s/iter; left time: 100.7648s
	iters: 300, epoch: 5 | loss: 0.0978534
	speed: 0.0387s/iter; left time: 112.3687s
	iters: 400, epoch: 5 | loss: 0.0964393
	speed: 0.0357s/iter; left time: 100.0051s
	iters: 500, epoch: 5 | loss: 0.1064498
	speed: 0.0398s/iter; left time: 107.5419s
Epoch: 5 cost time: 19.726577758789062
Epoch: 5, Steps: 534 | Train Loss: 0.1039227 Vali Loss: 0.1299575 Test Loss: 0.1189378
Validation loss decreased (0.122400 --> 0.118938).  Saving model ...
Updating learning rate to 0.0006910031938709443
	iters: 100, epoch: 6 | loss: 0.1065370
	speed: 0.1303s/iter; left time: 335.1125s
	iters: 200, epoch: 6 | loss: 0.0911863
	speed: 0.0457s/iter; left time: 112.9083s
	iters: 300, epoch: 6 | loss: 0.0981778
	speed: 0.0535s/iter; left time: 126.7306s
	iters: 400, epoch: 6 | loss: 0.1062971
	speed: 0.0440s/iter; left time: 99.9592s
	iters: 500, epoch: 6 | loss: 0.1019183
	speed: 0.0399s/iter; left time: 86.5463s
Epoch: 6 cost time: 24.579419136047363
Epoch: 6, Steps: 534 | Train Loss: 0.1015465 Vali Loss: 0.1266145 Test Loss: 0.1165018
Validation loss decreased (0.118938 --> 0.116502).  Saving model ...
Updating learning rate to 0.0004996343057345438
	iters: 100, epoch: 7 | loss: 0.0958270
	speed: 0.0982s/iter; left time: 200.0047s
	iters: 200, epoch: 7 | loss: 0.1009170
	speed: 0.0401s/iter; left time: 77.6833s
	iters: 300, epoch: 7 | loss: 0.1077932
	speed: 0.0368s/iter; left time: 67.6494s
	iters: 400, epoch: 7 | loss: 0.1078301
	speed: 0.0393s/iter; left time: 68.3214s
	iters: 500, epoch: 7 | loss: 0.1082235
	speed: 0.0420s/iter; left time: 68.8064s
Epoch: 7 cost time: 21.24369525909424
Epoch: 7, Steps: 534 | Train Loss: 0.0998581 Vali Loss: 0.1241501 Test Loss: 0.1127170
Validation loss decreased (0.116502 --> 0.112717).  Saving model ...
Updating learning rate to 0.0003083213957169024
	iters: 100, epoch: 8 | loss: 0.1093436
	speed: 0.0925s/iter; left time: 139.0856s
	iters: 200, epoch: 8 | loss: 0.1040143
	speed: 0.0371s/iter; left time: 52.0381s
	iters: 300, epoch: 8 | loss: 0.1039409
	speed: 0.0380s/iter; left time: 49.5332s
	iters: 400, epoch: 8 | loss: 0.0885314
	speed: 0.0455s/iter; left time: 54.6797s
	iters: 500, epoch: 8 | loss: 0.0806612
	speed: 0.0366s/iter; left time: 40.3615s
Epoch: 8 cost time: 20.551353693008423
Epoch: 8, Steps: 534 | Train Loss: 0.0986206 Vali Loss: 0.1236510 Test Loss: 0.1129296
EarlyStopping counter: 1 out of 15
Updating learning rate to 0.00014619012011235773
	iters: 100, epoch: 9 | loss: 0.0997178
	speed: 0.0884s/iter; left time: 85.6407s
	iters: 200, epoch: 9 | loss: 0.0995724
	speed: 0.0362s/iter; left time: 31.4801s
	iters: 300, epoch: 9 | loss: 0.0943883
	speed: 0.0331s/iter; left time: 25.4196s
	iters: 400, epoch: 9 | loss: 0.1154587
	speed: 0.0355s/iter; left time: 23.7488s
	iters: 500, epoch: 9 | loss: 0.0760732
	speed: 0.0345s/iter; left time: 19.6134s
Epoch: 9 cost time: 18.506445169448853
Epoch: 9, Steps: 534 | Train Loss: 0.0982097 Vali Loss: 0.1227682 Test Loss: 0.1115541
Validation loss decreased (0.112717 --> 0.111554).  Saving model ...
Updating learning rate to 3.792349590802869e-05
	iters: 100, epoch: 10 | loss: 0.0934433
	speed: 0.0844s/iter; left time: 36.7259s
	iters: 200, epoch: 10 | loss: 0.1001367
	speed: 0.0482s/iter; left time: 16.1465s
	iters: 300, epoch: 10 | loss: 0.0918697
	speed: 0.0398s/iter; left time: 9.3569s
	iters: 400, epoch: 10 | loss: 0.1009416
	speed: 0.0381s/iter; left time: 5.1407s
	iters: 500, epoch: 10 | loss: 0.0962439
	speed: 0.0339s/iter; left time: 1.1872s
Epoch: 10 cost time: 20.548707962036133
Epoch: 10, Steps: 534 | Train Loss: 0.0976084 Vali Loss: 0.1220732 Test Loss: 0.1100300
Validation loss decreased (0.111554 --> 0.110030).  Saving model ...
Updating learning rate to 4.1351996319232575e-09
>>>>>>>testing : imputation_IMP_TimeMixer_ETTh1_mask0.25_none_TimeMixer_ETTh1_sl96_pl0_dm16_nh8_el2_dl1_df32_fc1_ebtimeF_dtTrue_Imp_0<<<<<<<<<<<<<<<<<<<<<<<<<<<<<<<<<
test 2881
test shape: (2880, 96, 7) (2880, 96, 7)
mse:0.11170689761638641, mae:0.2186889797449112
