Args in experiment:
Namespace(activation='gelu', anomaly_ratio=0.25, batch_size=16, c_out=7, channel_independence=1, checkpoints='./checkpoints/', comment='none', d_ff=32, d_layers=1, d_model=16, data='ETTm1', data_path='ETTm1.csv', dec_in=7, decomp_method='moving_avg', des='ImpP', devices='0,1', distil=True, down_sampling_layers=0, down_sampling_method='avg', down_sampling_window=1, drop_last=True, dropout=0.1, e_layers=2, embed='timeF', emissions_file='emissions.csv', emissions_output_dir='.', enc_in=7, factor=1, features='M', freq='h', gpu=0, inverse=False, is_training=1, itr=1, label_len=0, learning_rate=0.001, loss='MSE', lradj='TST', mask_rate=0.125, model='SparseTSFPlus', model_id='IMPP_ETTm1_u5', model_type='linear', moving_avg=25, n_heads=8, num_kernels=6, num_workers=0, output_attention=False, p_hidden_dims=[128, 128], p_hidden_layers=2, patience=15, pct_start=0.2, percent=100, period_len=4, pred_len=0, root_path='<workspace>\\dataset\\ETT-small', seasonal_patterns='Monthly', seq_len=96, stsf_cls_head='flat', stsf_decomp='off', stsf_decomp_kernel=25, stsf_diag_mask=0, stsf_impute_passes=2, stsf_linear_bias=0, stsf_mask_conv=1, stsf_pad_fold=0, stsf_periods='', stsf_phase_kernel=3, stsf_phase_mix='off', stsf_phase_rank=0, stsf_revin=0, stsf_revin_affine=0, target='OT', task_name='imputation', top_k=5, track_emissions=0, train_epochs=10, use_amp=False, use_future_temporal_feature=0, use_gpu=True, use_multi_gpu=False, use_norm=1)
Use GPU: cuda:0
trainable_params:581
units:mask_conv=1,impute_passes=2
>>>>>>>start training : imputation_IMPP_ETTm1_u5_none_SparseTSFPlus_ETTm1_sl96_pl0_dm16_nh8_el2_dl1_df32_fc1_ebtimeF_dtTrue_ImpP_0>>>>>>>>>>>>>>>>>>>>>>>>>>
train 34465
val 11521
test 11521
	iters: 100, epoch: 1 | loss: 0.4870670
	speed: 0.0277s/iter; left time: 592.9460s
	iters: 200, epoch: 1 | loss: 0.3055436
	speed: 0.0062s/iter; left time: 132.9666s
	iters: 300, epoch: 1 | loss: 0.4832826
	speed: 0.0059s/iter; left time: 125.8997s
	iters: 400, epoch: 1 | loss: 0.4103136
	speed: 0.0062s/iter; left time: 131.9960s
	iters: 500, epoch: 1 | loss: 0.3916814
	speed: 0.0066s/iter; left time: 138.1115s
	iters: 600, epoch: 1 | loss: 0.3712222
	speed: 0.0069s/iter; left time: 144.3989s
	iters: 700, epoch: 1 | loss: 0.3145742
	speed: 0.0075s/iter; left time: 156.4736s
	iters: 800, epoch: 1 | loss: 0.3560077
	speed: 0.0063s/iter; left time: 131.4727s
	iters: 900, epoch: 1 | loss: 0.2390674
	speed: 0.0059s/iter; left time: 122.4153s
	iters: 1000, epoch: 1 | loss: 0.2312335
	speed: 0.0062s/iter; left time: 127.7113s
	iters: 1100, epoch: 1 | loss: 0.2017051
	speed: 0.0064s/iter; left time: 130.7952s
	iters: 1200, epoch: 1 | loss: 0.2121796
	speed: 0.0065s/iter; left time: 132.4238s
	iters: 1300, epoch: 1 | loss: 0.1531655
	speed: 0.0064s/iter; left time: 130.2593s
	iters: 1400, epoch: 1 | loss: 0.1414983
	speed: 0.0060s/iter; left time: 121.6614s
	iters: 1500, epoch: 1 | loss: 0.1449787
	speed: 0.0059s/iter; left time: 118.1480s
	iters: 1600, epoch: 1 | loss: 0.1221126
	speed: 0.0070s/iter; left time: 138.8810s
	iters: 1700, epoch: 1 | loss: 0.1129450
	speed: 0.0068s/iter; left time: 135.6249s
	iters: 1800, epoch: 1 | loss: 0.1034243
	speed: 0.0066s/iter; left time: 130.7529s
	iters: 1900, epoch: 1 | loss: 0.0938020
	speed: 0.0074s/iter; left time: 145.5454s
	iters: 2000, epoch: 1 | loss: 0.1439527
	speed: 0.0069s/iter; left time: 135.7626s
	iters: 2100, epoch: 1 | loss: 0.0852579
	speed: 0.0068s/iter; left time: 132.2205s
Epoch: 1 cost time: 16.172166347503662
Epoch: 1, Steps: 2154 | Train Loss: 0.2640928 Vali Loss: 0.1084468 Test Loss: 0.1176801
Validation loss decreased (inf --> 0.117680).  Saving model ...
Updating learning rate to 0.0005201750597214178
	iters: 100, epoch: 2 | loss: 0.1044196
	speed: 0.0620s/iter; left time: 1194.9337s
	iters: 200, epoch: 2 | loss: 0.1103521
	speed: 0.0070s/iter; left time: 133.6899s
	iters: 300, epoch: 2 | loss: 0.0840637
	speed: 0.0068s/iter; left time: 130.2237s
	iters: 400, epoch: 2 | loss: 0.0982749
	speed: 0.0067s/iter; left time: 127.2703s
	iters: 500, epoch: 2 | loss: 0.0770710
	speed: 0.0067s/iter; left time: 126.9622s
	iters: 600, epoch: 2 | loss: 0.0710627
	speed: 0.0061s/iter; left time: 115.3568s
	iters: 700, epoch: 2 | loss: 0.0474035
	speed: 0.0060s/iter; left time: 111.3739s
	iters: 800, epoch: 2 | loss: 0.0708203
	speed: 0.0071s/iter; left time: 132.7581s
	iters: 900, epoch: 2 | loss: 0.0551488
	speed: 0.0077s/iter; left time: 142.1613s
	iters: 1000, epoch: 2 | loss: 0.0556738
	speed: 0.0068s/iter; left time: 125.6558s
	iters: 1100, epoch: 2 | loss: 0.0619894
	speed: 0.0071s/iter; left time: 129.0491s
	iters: 1200, epoch: 2 | loss: 0.0647514
	speed: 0.0072s/iter; left time: 130.0882s
	iters: 1300, epoch: 2 | loss: 0.0493025
	speed: 0.0070s/iter; left time: 125.9589s
	iters: 1400, epoch: 2 | loss: 0.0560434
	speed: 0.0059s/iter; left time: 105.4889s
	iters: 1500, epoch: 2 | loss: 0.0538847
	speed: 0.0069s/iter; left time: 123.4794s
	iters: 1600, epoch: 2 | loss: 0.0438403
	speed: 0.0062s/iter; left time: 110.3506s
	iters: 1700, epoch: 2 | loss: 0.0350865
	speed: 0.0070s/iter; left time: 124.5417s
	iters: 1800, epoch: 2 | loss: 0.0545922
	speed: 0.0072s/iter; left time: 127.0819s
	iters: 1900, epoch: 2 | loss: 0.0459738
	speed: 0.0074s/iter; left time: 129.2459s
	iters: 2000, epoch: 2 | loss: 0.0386194
	speed: 0.0070s/iter; left time: 121.3437s
	iters: 2100, epoch: 2 | loss: 0.0385279
	speed: 0.0072s/iter; left time: 124.3322s
Epoch: 2 cost time: 14.79098653793335
Epoch: 2, Steps: 2154 | Train Loss: 0.0612453 Vali Loss: 0.0480070 Test Loss: 0.0414843
Validation loss decreased (0.117680 --> 0.041484).  Saving model ...
Updating learning rate to 0.0009999999916906579
	iters: 100, epoch: 3 | loss: 0.0356329
	speed: 0.0617s/iter; left time: 1056.8601s
	iters: 200, epoch: 3 | loss: 0.0472759
	speed: 0.0065s/iter; left time: 110.9918s
	iters: 300, epoch: 3 | loss: 0.0284576
	speed: 0.0067s/iter; left time: 113.8284s
	iters: 400, epoch: 3 | loss: 0.0254586
	speed: 0.0071s/iter; left time: 118.8490s
	iters: 500, epoch: 3 | loss: 0.0450034
	speed: 0.0069s/iter; left time: 115.3522s
	iters: 600, epoch: 3 | loss: 0.0273920
	speed: 0.0071s/iter; left time: 117.6025s
	iters: 700, epoch: 3 | loss: 0.0349108
	speed: 0.0069s/iter; left time: 114.6123s
	iters: 800, epoch: 3 | loss: 0.0228238
	speed: 0.0070s/iter; left time: 114.8518s
	iters: 900, epoch: 3 | loss: 0.0414319
	speed: 0.0072s/iter; left time: 117.7492s
	iters: 1000, epoch: 3 | loss: 0.0562005
	speed: 0.0063s/iter; left time: 102.0677s
	iters: 1100, epoch: 3 | loss: 0.0300642
	speed: 0.0063s/iter; left time: 101.2975s
	iters: 1200, epoch: 3 | loss: 0.0277186
	speed: 0.0062s/iter; left time: 100.0554s
	iters: 1300, epoch: 3 | loss: 0.0317181
	speed: 0.0066s/iter; left time: 105.7682s
	iters: 1400, epoch: 3 | loss: 0.0319960
	speed: 0.0071s/iter; left time: 112.6956s
	iters: 1500, epoch: 3 | loss: 0.0309556
	speed: 0.0071s/iter; left time: 111.0321s
	iters: 1600, epoch: 3 | loss: 0.0277597
	speed: 0.0070s/iter; left time: 110.0882s
	iters: 1700, epoch: 3 | loss: 0.0405382
	speed: 0.0071s/iter; left time: 109.9945s
	iters: 1800, epoch: 3 | loss: 0.0393849
	speed: 0.0067s/iter; left time: 104.0608s
	iters: 1900, epoch: 3 | loss: 0.0346434
	speed: 0.0064s/iter; left time: 97.7382s
	iters: 2000, epoch: 3 | loss: 0.0431010
	speed: 0.0065s/iter; left time: 99.6686s
	iters: 2100, epoch: 3 | loss: 0.0243187
	speed: 0.0061s/iter; left time: 92.7732s
Epoch: 3 cost time: 14.500897407531738
Epoch: 3, Steps: 2154 | Train Loss: 0.0327593 Vali Loss: 0.0411324 Test Loss: 0.0354924
Validation loss decreased (0.041484 --> 0.035492).  Saving model ...
Updating learning rate to 0.0009619050271543523
	iters: 100, epoch: 4 | loss: 0.0242206
	speed: 0.0628s/iter; left time: 940.8148s
	iters: 200, epoch: 4 | loss: 0.0346532
	speed: 0.0072s/iter; left time: 107.0977s
	iters: 300, epoch: 4 | loss: 0.0290811
	speed: 0.0068s/iter; left time: 99.8741s
	iters: 400, epoch: 4 | loss: 0.0323678
	speed: 0.0076s/iter; left time: 111.3787s
	iters: 500, epoch: 4 | loss: 0.0258172
	speed: 0.0074s/iter; left time: 107.4148s
	iters: 600, epoch: 4 | loss: 0.0272901
	speed: 0.0075s/iter; left time: 108.5868s
	iters: 700, epoch: 4 | loss: 0.0300906
	speed: 0.0074s/iter; left time: 106.5952s
	iters: 800, epoch: 4 | loss: 0.0436666
	speed: 0.0073s/iter; left time: 104.2648s
	iters: 900, epoch: 4 | loss: 0.0344463
	speed: 0.0068s/iter; left time: 96.8758s
	iters: 1000, epoch: 4 | loss: 0.0252854
	speed: 0.0058s/iter; left time: 81.6483s
	iters: 1100, epoch: 4 | loss: 0.0306239
	speed: 0.0062s/iter; left time: 86.3751s
	iters: 1200, epoch: 4 | loss: 0.0354681
	speed: 0.0064s/iter; left time: 88.5519s
	iters: 1300, epoch: 4 | loss: 0.0349026
	speed: 0.0070s/iter; left time: 96.1253s
	iters: 1400, epoch: 4 | loss: 0.0289688
	speed: 0.0072s/iter; left time: 98.7700s
	iters: 1500, epoch: 4 | loss: 0.0273057
	speed: 0.0073s/iter; left time: 99.5473s
	iters: 1600, epoch: 4 | loss: 0.0359686
	speed: 0.0068s/iter; left time: 91.6928s
	iters: 1700, epoch: 4 | loss: 0.0531571
	speed: 0.0071s/iter; left time: 95.2450s
	iters: 1800, epoch: 4 | loss: 0.0288417
	speed: 0.0070s/iter; left time: 93.1273s
	iters: 1900, epoch: 4 | loss: 0.0325314
	speed: 0.0071s/iter; left time: 93.1156s
	iters: 2000, epoch: 4 | loss: 0.0444137
	speed: 0.0070s/iter; left time: 91.2034s
	iters: 2100, epoch: 4 | loss: 0.0277864
	speed: 0.0073s/iter; left time: 94.6302s
Epoch: 4 cost time: 15.141215324401855
Epoch: 4, Steps: 2154 | Train Loss: 0.0308058 Vali Loss: 0.0405469 Test Loss: 0.0351616
Validation loss decreased (0.035492 --> 0.035162).  Saving model ...
Updating learning rate to 0.0008534895138951646
	iters: 100, epoch: 5 | loss: 0.0211642
	speed: 0.0616s/iter; left time: 789.6535s
	iters: 200, epoch: 5 | loss: 0.0420373
	speed: 0.0065s/iter; left time: 82.4406s
	iters: 300, epoch: 5 | loss: 0.0307159
	speed: 0.0068s/iter; left time: 86.2553s
	iters: 400, epoch: 5 | loss: 0.0304107
	speed: 0.0070s/iter; left time: 88.0222s
	iters: 500, epoch: 5 | loss: 0.0285705
	speed: 0.0070s/iter; left time: 86.4333s
	iters: 600, epoch: 5 | loss: 0.0349018
	speed: 0.0073s/iter; left time: 90.3462s
	iters: 700, epoch: 5 | loss: 0.0415518
	speed: 0.0071s/iter; left time: 86.8010s
	iters: 800, epoch: 5 | loss: 0.0342217
	speed: 0.0072s/iter; left time: 87.8087s
	iters: 900, epoch: 5 | loss: 0.0230077
	speed: 0.0075s/iter; left time: 90.2485s
	iters: 1000, epoch: 5 | loss: 0.0369817
	speed: 0.0067s/iter; left time: 80.3618s
	iters: 1100, epoch: 5 | loss: 0.0315482
	speed: 0.0065s/iter; left time: 76.7981s
	iters: 1200, epoch: 5 | loss: 0.0198889
	speed: 0.0063s/iter; left time: 73.7442s
	iters: 1300, epoch: 5 | loss: 0.0313720
	speed: 0.0066s/iter; left time: 76.3699s
	iters: 1400, epoch: 5 | loss: 0.0347829
	speed: 0.0074s/iter; left time: 85.1829s
	iters: 1500, epoch: 5 | loss: 0.0254585
	speed: 0.0072s/iter; left time: 82.2297s
	iters: 1600, epoch: 5 | loss: 0.0250191
	speed: 0.0073s/iter; left time: 82.2376s
	iters: 1700, epoch: 5 | loss: 0.0287316
	speed: 0.0072s/iter; left time: 80.9985s
	iters: 1800, epoch: 5 | loss: 0.0278530
	speed: 0.0072s/iter; left time: 80.5046s
	iters: 1900, epoch: 5 | loss: 0.0292207
	speed: 0.0071s/iter; left time: 78.5862s
	iters: 2000, epoch: 5 | loss: 0.0330559
	speed: 0.0071s/iter; left time: 77.7559s
	iters: 2100, epoch: 5 | loss: 0.0281215
	speed: 0.0070s/iter; left time: 76.2382s
Epoch: 5 cost time: 15.043002605438232
Epoch: 5, Steps: 2154 | Train Loss: 0.0304972 Vali Loss: 0.0402769 Test Loss: 0.0347952
Validation loss decreased (0.035162 --> 0.034795).  Saving model ...
Updating learning rate to 0.0006912587310177311
	iters: 100, epoch: 6 | loss: 0.0311546
	speed: 0.0612s/iter; left time: 652.8023s
	iters: 200, epoch: 6 | loss: 0.0269167
	speed: 0.0069s/iter; left time: 72.9065s
	iters: 300, epoch: 6 | loss: 0.0287765
	speed: 0.0067s/iter; left time: 69.8350s
	iters: 400, epoch: 6 | loss: 0.0285702
	speed: 0.0062s/iter; left time: 64.7709s
	iters: 500, epoch: 6 | loss: 0.0415720
	speed: 0.0064s/iter; left time: 65.7971s
	iters: 600, epoch: 6 | loss: 0.0272569
	speed: 0.0070s/iter; left time: 70.7471s
	iters: 700, epoch: 6 | loss: 0.0526985
	speed: 0.0074s/iter; left time: 74.4555s
	iters: 800, epoch: 6 | loss: 0.0300367
	speed: 0.0071s/iter; left time: 71.1628s
	iters: 900, epoch: 6 | loss: 0.0341132
	speed: 0.0073s/iter; left time: 72.0626s
	iters: 1000, epoch: 6 | loss: 0.0302619
	speed: 0.0063s/iter; left time: 61.8594s
	iters: 1100, epoch: 6 | loss: 0.0303333
	speed: 0.0062s/iter; left time: 60.2394s
	iters: 1200, epoch: 6 | loss: 0.0299279
	speed: 0.0068s/iter; left time: 65.2249s
	iters: 1300, epoch: 6 | loss: 0.0341310
	speed: 0.0072s/iter; left time: 67.8913s
	iters: 1400, epoch: 6 | loss: 0.0235351
	speed: 0.0070s/iter; left time: 65.6491s
	iters: 1500, epoch: 6 | loss: 0.0329600
	speed: 0.0075s/iter; left time: 69.9566s
	iters: 1600, epoch: 6 | loss: 0.0264415
	speed: 0.0070s/iter; left time: 64.0615s
	iters: 1700, epoch: 6 | loss: 0.0362465
	speed: 0.0068s/iter; left time: 61.9482s
	iters: 1800, epoch: 6 | loss: 0.0240280
	speed: 0.0072s/iter; left time: 65.0151s
	iters: 1900, epoch: 6 | loss: 0.0369430
	speed: 0.0070s/iter; left time: 61.8895s
	iters: 2000, epoch: 6 | loss: 0.0334534
	speed: 0.0067s/iter; left time: 58.4846s
	iters: 2100, epoch: 6 | loss: 0.0219316
	speed: 0.0074s/iter; left time: 63.8502s
Epoch: 6 cost time: 14.867936849594116
Epoch: 6, Steps: 2154 | Train Loss: 0.0305397 Vali Loss: 0.0403625 Test Loss: 0.0347781
Validation loss decreased (0.034795 --> 0.034778).  Saving model ...
Updating learning rate to 0.0004999108445894319
	iters: 100, epoch: 7 | loss: 0.0183352
	speed: 0.0602s/iter; left time: 513.1444s
	iters: 200, epoch: 7 | loss: 0.0232763
	speed: 0.0068s/iter; left time: 57.3886s
	iters: 300, epoch: 7 | loss: 0.0379483
	speed: 0.0072s/iter; left time: 59.5408s
	iters: 400, epoch: 7 | loss: 0.0283203
	speed: 0.0075s/iter; left time: 61.5112s
	iters: 500, epoch: 7 | loss: 0.0241060
	speed: 0.0069s/iter; left time: 56.2080s
	iters: 600, epoch: 7 | loss: 0.0259677
	speed: 0.0070s/iter; left time: 56.3764s
	iters: 700, epoch: 7 | loss: 0.0454435
	speed: 0.0065s/iter; left time: 51.1695s
	iters: 800, epoch: 7 | loss: 0.0269188
	speed: 0.0062s/iter; left time: 48.5168s
	iters: 900, epoch: 7 | loss: 0.0294204
	speed: 0.0059s/iter; left time: 45.5121s
	iters: 1000, epoch: 7 | loss: 0.0279084
	speed: 0.0068s/iter; left time: 51.5600s
	iters: 1100, epoch: 7 | loss: 0.0338838
	speed: 0.0068s/iter; left time: 50.7716s
	iters: 1200, epoch: 7 | loss: 0.0312034
	speed: 0.0078s/iter; left time: 57.6744s
	iters: 1300, epoch: 7 | loss: 0.0254251
	speed: 0.0077s/iter; left time: 56.2030s
	iters: 1400, epoch: 7 | loss: 0.0319857
	speed: 0.0071s/iter; left time: 51.2215s
	iters: 1500, epoch: 7 | loss: 0.0327646
	speed: 0.0072s/iter; left time: 51.3166s
	iters: 1600, epoch: 7 | loss: 0.0201310
	speed: 0.0061s/iter; left time: 42.6086s
	iters: 1700, epoch: 7 | loss: 0.0271533
	speed: 0.0069s/iter; left time: 47.6234s
	iters: 1800, epoch: 7 | loss: 0.0314790
	speed: 0.0066s/iter; left time: 45.3203s
	iters: 1900, epoch: 7 | loss: 0.0395245
	speed: 0.0070s/iter; left time: 46.8652s
	iters: 2000, epoch: 7 | loss: 0.0484059
	speed: 0.0072s/iter; left time: 47.6008s
	iters: 2100, epoch: 7 | loss: 0.0330804
	speed: 0.0071s/iter; left time: 46.0592s
Epoch: 7 cost time: 14.917847394943237
Epoch: 7, Steps: 2154 | Train Loss: 0.0303438 Vali Loss: 0.0398428 Test Loss: 0.0344856
Validation loss decreased (0.034778 --> 0.034486).  Saving model ...
Updating learning rate to 0.00030857683574606596
	iters: 100, epoch: 8 | loss: 0.0182336
	speed: 0.0623s/iter; left time: 396.1336s
	iters: 200, epoch: 8 | loss: 0.0222135
	speed: 0.0074s/iter; left time: 46.4497s
	iters: 300, epoch: 8 | loss: 0.0282748
	speed: 0.0070s/iter; left time: 43.1840s
	iters: 400, epoch: 8 | loss: 0.0299182
	speed: 0.0076s/iter; left time: 45.9791s
	iters: 500, epoch: 8 | loss: 0.0305217
	speed: 0.0073s/iter; left time: 43.8022s
	iters: 600, epoch: 8 | loss: 0.0369735
	speed: 0.0077s/iter; left time: 44.9903s
	iters: 700, epoch: 8 | loss: 0.0280733
	speed: 0.0070s/iter; left time: 40.2819s
	iters: 800, epoch: 8 | loss: 0.0336247
	speed: 0.0068s/iter; left time: 38.3612s
	iters: 900, epoch: 8 | loss: 0.0301270
	speed: 0.0065s/iter; left time: 36.1873s
	iters: 1000, epoch: 8 | loss: 0.0297974
	speed: 0.0071s/iter; left time: 38.5949s
	iters: 1100, epoch: 8 | loss: 0.0281957
	speed: 0.0073s/iter; left time: 38.9772s
	iters: 1200, epoch: 8 | loss: 0.0318209
	speed: 0.0072s/iter; left time: 37.9549s
	iters: 1300, epoch: 8 | loss: 0.0301294
	speed: 0.0076s/iter; left time: 39.0836s
	iters: 1400, epoch: 8 | loss: 0.0256044
	speed: 0.0074s/iter; left time: 37.5446s
	iters: 1500, epoch: 8 | loss: 0.0373708
	speed: 0.0073s/iter; left time: 36.0792s
	iters: 1600, epoch: 8 | loss: 0.0259884
	speed: 0.0065s/iter; left time: 31.7291s
	iters: 1700, epoch: 8 | loss: 0.0312195
	speed: 0.0063s/iter; left time: 30.0953s
	iters: 1800, epoch: 8 | loss: 0.0393228
	speed: 0.0065s/iter; left time: 30.5253s
	iters: 1900, epoch: 8 | loss: 0.0244261
	speed: 0.0077s/iter; left time: 35.1889s
	iters: 2000, epoch: 8 | loss: 0.0248023
	speed: 0.0070s/iter; left time: 31.0928s
	iters: 2100, epoch: 8 | loss: 0.0297408
	speed: 0.0067s/iter; left time: 29.3581s
Epoch: 8 cost time: 15.234654903411865
Epoch: 8, Steps: 2154 | Train Loss: 0.0304513 Vali Loss: 0.0397024 Test Loss: 0.0343033
Validation loss decreased (0.034486 --> 0.034303).  Saving model ...
Updating learning rate to 0.00014638557288692642
	iters: 100, epoch: 9 | loss: 0.0268452
	speed: 0.0626s/iter; left time: 263.2775s
	iters: 200, epoch: 9 | loss: 0.0260643
	speed: 0.0066s/iter; left time: 27.1588s
	iters: 300, epoch: 9 | loss: 0.0465628
	speed: 0.0063s/iter; left time: 25.2906s
	iters: 400, epoch: 9 | loss: 0.0278843
	speed: 0.0061s/iter; left time: 23.6872s
	iters: 500, epoch: 9 | loss: 0.0359751
	speed: 0.0070s/iter; left time: 26.6437s
	iters: 600, epoch: 9 | loss: 0.0353454
	speed: 0.0070s/iter; left time: 25.8094s
	iters: 700, epoch: 9 | loss: 0.0314097
	speed: 0.0084s/iter; left time: 30.2885s
	iters: 800, epoch: 9 | loss: 0.0317243
	speed: 0.0085s/iter; left time: 29.9068s
	iters: 900, epoch: 9 | loss: 0.0394661
	speed: 0.0079s/iter; left time: 26.9433s
	iters: 1000, epoch: 9 | loss: 0.0282246
	speed: 0.0076s/iter; left time: 25.0616s
	iters: 1100, epoch: 9 | loss: 0.0274803
	speed: 0.0075s/iter; left time: 24.1857s
	iters: 1200, epoch: 9 | loss: 0.0262832
	speed: 0.0072s/iter; left time: 22.4619s
	iters: 1300, epoch: 9 | loss: 0.0410154
	speed: 0.0072s/iter; left time: 21.5753s
	iters: 1400, epoch: 9 | loss: 0.0306907
	speed: 0.0068s/iter; left time: 19.8833s
	iters: 1500, epoch: 9 | loss: 0.0278810
	speed: 0.0066s/iter; left time: 18.4483s
	iters: 1600, epoch: 9 | loss: 0.0306770
	speed: 0.0066s/iter; left time: 17.8749s
	iters: 1700, epoch: 9 | loss: 0.0380542
	speed: 0.0066s/iter; left time: 17.1183s
	iters: 1800, epoch: 9 | loss: 0.0357615
	speed: 0.0072s/iter; left time: 18.1738s
	iters: 1900, epoch: 9 | loss: 0.0300622
	speed: 0.0068s/iter; left time: 16.4709s
	iters: 2000, epoch: 9 | loss: 0.0263004
	speed: 0.0066s/iter; left time: 15.2586s
	iters: 2100, epoch: 9 | loss: 0.0345958
	speed: 0.0064s/iter; left time: 14.0534s
Epoch: 9 cost time: 15.207249879837036
Epoch: 9, Steps: 2154 | Train Loss: 0.0303624 Vali Loss: 0.0399236 Test Loss: 0.0345015
EarlyStopping counter: 1 out of 15
Updating learning rate to 3.802920551485804e-05
	iters: 100, epoch: 10 | loss: 0.0236516
	speed: 0.0626s/iter; left time: 128.5876s
	iters: 200, epoch: 10 | loss: 0.0265092
	speed: 0.0069s/iter; left time: 13.5519s
	iters: 300, epoch: 10 | loss: 0.0332717
	speed: 0.0070s/iter; left time: 12.9558s
	iters: 400, epoch: 10 | loss: 0.0359157
	speed: 0.0077s/iter; left time: 13.4548s
	iters: 500, epoch: 10 | loss: 0.0310901
	speed: 0.0070s/iter; left time: 11.6167s
	iters: 600, epoch: 10 | loss: 0.0325049
	speed: 0.0066s/iter; left time: 10.2607s
	iters: 700, epoch: 10 | loss: 0.0308887
	speed: 0.0074s/iter; left time: 10.6948s
	iters: 800, epoch: 10 | loss: 0.0282964
	speed: 0.0070s/iter; left time: 9.5250s
	iters: 900, epoch: 10 | loss: 0.0338552
	speed: 0.0070s/iter; left time: 8.8038s
	iters: 1000, epoch: 10 | loss: 0.0382388
	speed: 0.0068s/iter; left time: 7.8184s
	iters: 1100, epoch: 10 | loss: 0.0389435
	speed: 0.0077s/iter; left time: 8.1094s
	iters: 1200, epoch: 10 | loss: 0.0239735
	speed: 0.0074s/iter; left time: 7.0397s
	iters: 1300, epoch: 10 | loss: 0.0319475
	speed: 0.0070s/iter; left time: 5.9440s
	iters: 1400, epoch: 10 | loss: 0.0315690
	speed: 0.0070s/iter; left time: 5.3211s
	iters: 1500, epoch: 10 | loss: 0.0414897
	speed: 0.0072s/iter; left time: 4.6953s
	iters: 1600, epoch: 10 | loss: 0.0312133
	speed: 0.0068s/iter; left time: 3.7635s
	iters: 1700, epoch: 10 | loss: 0.0330575
	speed: 0.0067s/iter; left time: 3.0317s
	iters: 1800, epoch: 10 | loss: 0.0274450
	speed: 0.0069s/iter; left time: 2.4394s
	iters: 1900, epoch: 10 | loss: 0.0255213
	speed: 0.0059s/iter; left time: 1.5055s
	iters: 2000, epoch: 10 | loss: 0.0295981
	speed: 0.0067s/iter; left time: 1.0324s
	iters: 2100, epoch: 10 | loss: 0.0383540
	speed: 0.0075s/iter; left time: 0.4144s
Epoch: 10 cost time: 15.149536848068237
Epoch: 10, Steps: 2154 | Train Loss: 0.0301030 Vali Loss: 0.0397576 Test Loss: 0.0343113
EarlyStopping counter: 2 out of 15
Updating learning rate to 4.008309342172464e-09
>>>>>>>testing : imputation_IMPP_ETTm1_u5_none_SparseTSFPlus_ETTm1_sl96_pl0_dm16_nh8_el2_dl1_df32_fc1_ebtimeF_dtTrue_ImpP_0<<<<<<<<<<<<<<<<<<<<<<<<<<<<<<<<<
test 11521
test shape: (11520, 96, 7) (11520, 96, 7)
mse:0.034451790153980255, mae:0.11326724290847778
