Args in experiment:
Namespace(activation='gelu', anomaly_ratio=0.25, batch_size=16, c_out=7, channel_independence=1, checkpoints='./checkpoints/', comment='none', d_ff=32, d_layers=1, d_model=16, data='ETTm1', data_path='ETTm1.csv', dec_in=7, decomp_method='moving_avg', des='ImpP', devices='0,1', distil=True, down_sampling_layers=0, down_sampling_method='avg', down_sampling_window=1, drop_last=True, dropout=0.1, e_layers=2, embed='timeF', emissions_file='emissions.csv', emissions_output_dir='.', enc_in=7, factor=1, features='M', freq='h', gpu=0, inverse=False, is_training=1, itr=1, label_len=0, learning_rate=0.001, loss='MSE', lradj='TST', mask_rate=0.25, model='SparseTSFPlus', model_id='IMPP_ETTm1_passes2', model_type='linear', moving_avg=25, n_heads=8, num_kernels=6, num_workers=0, output_attention=False, p_hidden_dims=[128, 128], p_hidden_layers=2, patience=15, pct_start=0.2, percent=100, period_len=4, pred_len=0, root_path='<workspace>\\dataset\\ETT-small', seasonal_patterns='Monthly', seq_len=96, stsf_cls_head='flat', stsf_decomp='off', stsf_decomp_kernel=25, stsf_diag_mask=0, stsf_impute_passes=2, stsf_linear_bias=0, stsf_mask_conv=0, stsf_pad_fold=0, stsf_periods='', stsf_phase_kernel=3, stsf_phase_mix='off', stsf_phase_rank=0, stsf_revin=0, stsf_revin_affine=0, target='OT', task_name='imputation', top_k=5, track_emissions=0, train_epochs=10, use_amp=False, use_future_temporal_feature=0, use_gpu=True, use_multi_gpu=False, use_norm=1)
Use GPU: cuda:0
trainable_params:581
units:impute_passes=2
>>>>>>>start training : imputation_IMPP_ETTm1_passes2_none_SparseTSFPlus_ETTm1_sl96_pl0_dm16_nh8_el2_dl1_df32_fc1_ebtimeF_dtTrue_ImpP_0>>>>>>>>>>>>>>>>>>>>>>>>>>
train 34465
val 11521
test 11521
	iters: 100, epoch: 1 | loss: 0.4687532
	speed: 0.0291s/iter; left time: 623.8761s
	iters: 200, epoch: 1 | loss: 0.3105585
	speed: 0.0060s/iter; left time: 128.9833s
	iters: 300, epoch: 1 | loss: 0.4922159
	speed: 0.0057s/iter; left time: 120.7868s
	iters: 400, epoch: 1 | loss: 0.3914120
	speed: 0.0061s/iter; left time: 128.4481s
	iters: 500, epoch: 1 | loss: 0.3856316
	speed: 0.0057s/iter; left time: 120.5219s
	iters: 600, epoch: 1 | loss: 0.3363175
	speed: 0.0059s/iter; left time: 124.1327s
	iters: 700, epoch: 1 | loss: 0.3323039
	speed: 0.0060s/iter; left time: 124.3999s
	iters: 800, epoch: 1 | loss: 0.3363092
	speed: 0.0056s/iter; left time: 115.9852s
	iters: 900, epoch: 1 | loss: 0.2244450
	speed: 0.0058s/iter; left time: 118.7196s
	iters: 1000, epoch: 1 | loss: 0.2237978
	speed: 0.0066s/iter; left time: 135.2995s
	iters: 1100, epoch: 1 | loss: 0.1951814
	speed: 0.0065s/iter; left time: 132.2248s
	iters: 1200, epoch: 1 | loss: 0.2275112
	speed: 0.0062s/iter; left time: 126.7918s
	iters: 1300, epoch: 1 | loss: 0.1520803
	speed: 0.0058s/iter; left time: 116.7623s
	iters: 1400, epoch: 1 | loss: 0.1330254
	speed: 0.0064s/iter; left time: 128.4113s
	iters: 1500, epoch: 1 | loss: 0.1459557
	speed: 0.0070s/iter; left time: 139.8265s
	iters: 1600, epoch: 1 | loss: 0.1159079
	speed: 0.0067s/iter; left time: 133.0040s
	iters: 1700, epoch: 1 | loss: 0.1133967
	speed: 0.0062s/iter; left time: 122.6107s
	iters: 1800, epoch: 1 | loss: 0.1049149
	speed: 0.0064s/iter; left time: 125.3778s
	iters: 1900, epoch: 1 | loss: 0.1002701
	speed: 0.0058s/iter; left time: 112.9757s
	iters: 2000, epoch: 1 | loss: 0.1392632
	speed: 0.0072s/iter; left time: 141.0132s
	iters: 2100, epoch: 1 | loss: 0.0862015
	speed: 0.0076s/iter; left time: 147.7668s
Epoch: 1 cost time: 15.778446674346924
Epoch: 1, Steps: 2154 | Train Loss: 0.2599606 Vali Loss: 0.1069756 Test Loss: 0.1156072
Validation loss decreased (inf --> 0.115607).  Saving model ...
Updating learning rate to 0.0005201750597214178
	iters: 100, epoch: 2 | loss: 0.0976257
	speed: 0.0893s/iter; left time: 1721.9932s
	iters: 200, epoch: 2 | loss: 0.1027281
	speed: 0.0061s/iter; left time: 117.2225s
	iters: 300, epoch: 2 | loss: 0.0827316
	speed: 0.0067s/iter; left time: 127.5654s
	iters: 400, epoch: 2 | loss: 0.0898472
	speed: 0.0078s/iter; left time: 148.3353s
	iters: 500, epoch: 2 | loss: 0.0723474
	speed: 0.0076s/iter; left time: 143.3953s
	iters: 600, epoch: 2 | loss: 0.0690509
	speed: 0.0071s/iter; left time: 132.4847s
	iters: 700, epoch: 2 | loss: 0.0473775
	speed: 0.0070s/iter; left time: 130.0249s
	iters: 800, epoch: 2 | loss: 0.0733948
	speed: 0.0074s/iter; left time: 137.1628s
	iters: 900, epoch: 2 | loss: 0.0513021
	speed: 0.0070s/iter; left time: 128.5516s
	iters: 1000, epoch: 2 | loss: 0.0548499
	speed: 0.0067s/iter; left time: 123.9567s
	iters: 1100, epoch: 2 | loss: 0.0576614
	speed: 0.0082s/iter; left time: 149.2275s
	iters: 1200, epoch: 2 | loss: 0.0606521
	speed: 0.0067s/iter; left time: 121.4242s
	iters: 1300, epoch: 2 | loss: 0.0479536
	speed: 0.0074s/iter; left time: 134.1817s
	iters: 1400, epoch: 2 | loss: 0.0577426
	speed: 0.0068s/iter; left time: 122.3823s
	iters: 1500, epoch: 2 | loss: 0.0510549
	speed: 0.0059s/iter; left time: 104.6684s
	iters: 1600, epoch: 2 | loss: 0.0471069
	speed: 0.0070s/iter; left time: 125.2662s
	iters: 1700, epoch: 2 | loss: 0.0364024
	speed: 0.0074s/iter; left time: 130.1105s
	iters: 1800, epoch: 2 | loss: 0.0550540
	speed: 0.0061s/iter; left time: 107.9782s
	iters: 1900, epoch: 2 | loss: 0.0516829
	speed: 0.0063s/iter; left time: 110.5480s
	iters: 2000, epoch: 2 | loss: 0.0494368
	speed: 0.0072s/iter; left time: 124.5956s
	iters: 2100, epoch: 2 | loss: 0.0449390
	speed: 0.0071s/iter; left time: 122.0583s
Epoch: 2 cost time: 14.882021188735962
Epoch: 2, Steps: 2154 | Train Loss: 0.0615761 Vali Loss: 0.0568340 Test Loss: 0.0506508
Validation loss decreased (0.115607 --> 0.050651).  Saving model ...
Updating learning rate to 0.0009999999916906579
	iters: 100, epoch: 3 | loss: 0.0395961
	speed: 0.0676s/iter; left time: 1158.3377s
	iters: 200, epoch: 3 | loss: 0.0535469
	speed: 0.0074s/iter; left time: 126.3469s
	iters: 300, epoch: 3 | loss: 0.0315623
	speed: 0.0070s/iter; left time: 118.9316s
	iters: 400, epoch: 3 | loss: 0.0347599
	speed: 0.0068s/iter; left time: 115.1022s
	iters: 500, epoch: 3 | loss: 0.0603838
	speed: 0.0079s/iter; left time: 131.6847s
	iters: 600, epoch: 3 | loss: 0.0361040
	speed: 0.0080s/iter; left time: 132.2355s
	iters: 700, epoch: 3 | loss: 0.0382517
	speed: 0.0078s/iter; left time: 128.9434s
	iters: 800, epoch: 3 | loss: 0.0293941
	speed: 0.0085s/iter; left time: 140.3755s
	iters: 900, epoch: 3 | loss: 0.0452866
	speed: 0.0128s/iter; left time: 209.4978s
	iters: 1000, epoch: 3 | loss: 0.0627811
	speed: 0.0104s/iter; left time: 168.1769s
	iters: 1100, epoch: 3 | loss: 0.0476990
	speed: 0.0108s/iter; left time: 173.9905s
	iters: 1200, epoch: 3 | loss: 0.0371270
	speed: 0.0072s/iter; left time: 116.0139s
	iters: 1300, epoch: 3 | loss: 0.0419300
	speed: 0.0090s/iter; left time: 143.3296s
	iters: 1400, epoch: 3 | loss: 0.0335505
	speed: 0.0098s/iter; left time: 155.2810s
	iters: 1500, epoch: 3 | loss: 0.0460199
	speed: 0.0086s/iter; left time: 135.1299s
	iters: 1600, epoch: 3 | loss: 0.0393031
	speed: 0.0107s/iter; left time: 166.8189s
	iters: 1700, epoch: 3 | loss: 0.0480635
	speed: 0.0083s/iter; left time: 129.6906s
	iters: 1800, epoch: 3 | loss: 0.0460560
	speed: 0.0087s/iter; left time: 133.5942s
	iters: 1900, epoch: 3 | loss: 0.0359774
	speed: 0.0101s/iter; left time: 154.6112s
	iters: 2000, epoch: 3 | loss: 0.0419869
	speed: 0.0122s/iter; left time: 186.3701s
	iters: 2100, epoch: 3 | loss: 0.0276819
	speed: 0.0120s/iter; left time: 181.4849s
Epoch: 3 cost time: 19.940654754638672
Epoch: 3, Steps: 2154 | Train Loss: 0.0400426 Vali Loss: 0.0512502 Test Loss: 0.0460671
Validation loss decreased (0.050651 --> 0.046067).  Saving model ...
Updating learning rate to 0.0009619050271543523
	iters: 100, epoch: 4 | loss: 0.0307310
	speed: 0.0853s/iter; left time: 1277.9012s
	iters: 200, epoch: 4 | loss: 0.0424678
	speed: 0.0063s/iter; left time: 93.8552s
	iters: 300, epoch: 4 | loss: 0.0383383
	speed: 0.0077s/iter; left time: 114.1693s
	iters: 400, epoch: 4 | loss: 0.0382845
	speed: 0.0066s/iter; left time: 97.4298s
	iters: 500, epoch: 4 | loss: 0.0307259
	speed: 0.0069s/iter; left time: 101.1979s
	iters: 600, epoch: 4 | loss: 0.0341009
	speed: 0.0069s/iter; left time: 100.2409s
	iters: 700, epoch: 4 | loss: 0.0333951
	speed: 0.0066s/iter; left time: 94.6763s
	iters: 800, epoch: 4 | loss: 0.0450243
	speed: 0.0077s/iter; left time: 110.6458s
	iters: 900, epoch: 4 | loss: 0.0341180
	speed: 0.0081s/iter; left time: 114.9909s
	iters: 1000, epoch: 4 | loss: 0.0402684
	speed: 0.0068s/iter; left time: 96.3249s
	iters: 1100, epoch: 4 | loss: 0.0345202
	speed: 0.0069s/iter; left time: 96.3070s
	iters: 1200, epoch: 4 | loss: 0.0426741
	speed: 0.0077s/iter; left time: 106.4823s
	iters: 1300, epoch: 4 | loss: 0.0299621
	speed: 0.0075s/iter; left time: 103.5311s
	iters: 1400, epoch: 4 | loss: 0.0294502
	speed: 0.0067s/iter; left time: 91.0974s
	iters: 1500, epoch: 4 | loss: 0.0362123
	speed: 0.0077s/iter; left time: 105.0856s
	iters: 1600, epoch: 4 | loss: 0.0479292
	speed: 0.0071s/iter; left time: 95.9332s
	iters: 1700, epoch: 4 | loss: 0.0526797
	speed: 0.0069s/iter; left time: 92.9807s
	iters: 1800, epoch: 4 | loss: 0.0347035
	speed: 0.0066s/iter; left time: 87.7130s
	iters: 1900, epoch: 4 | loss: 0.0332589
	speed: 0.0067s/iter; left time: 88.8595s
	iters: 2000, epoch: 4 | loss: 0.0472530
	speed: 0.0063s/iter; left time: 82.5445s
	iters: 2100, epoch: 4 | loss: 0.0307079
	speed: 0.0073s/iter; left time: 95.0780s
Epoch: 4 cost time: 15.260690689086914
Epoch: 4, Steps: 2154 | Train Loss: 0.0369197 Vali Loss: 0.0481198 Test Loss: 0.0425803
Validation loss decreased (0.046067 --> 0.042580).  Saving model ...
Updating learning rate to 0.0008534895138951646
	iters: 100, epoch: 5 | loss: 0.0257512
	speed: 0.0623s/iter; left time: 798.7666s
	iters: 200, epoch: 5 | loss: 0.0482174
	speed: 0.0084s/iter; left time: 107.0448s
	iters: 300, epoch: 5 | loss: 0.0363520
	speed: 0.0086s/iter; left time: 108.2007s
	iters: 400, epoch: 5 | loss: 0.0330136
	speed: 0.0077s/iter; left time: 96.8444s
	iters: 500, epoch: 5 | loss: 0.0326890
	speed: 0.0079s/iter; left time: 98.7684s
	iters: 600, epoch: 5 | loss: 0.0378697
	speed: 0.0068s/iter; left time: 83.2433s
	iters: 700, epoch: 5 | loss: 0.0493329
	speed: 0.0077s/iter; left time: 94.0959s
	iters: 800, epoch: 5 | loss: 0.0357303
	speed: 0.0085s/iter; left time: 103.4048s
	iters: 900, epoch: 5 | loss: 0.0300789
	speed: 0.0076s/iter; left time: 91.1268s
	iters: 1000, epoch: 5 | loss: 0.0381954
	speed: 0.0068s/iter; left time: 81.6223s
	iters: 1100, epoch: 5 | loss: 0.0327507
	speed: 0.0075s/iter; left time: 88.7665s
	iters: 1200, epoch: 5 | loss: 0.0279465
	speed: 0.0068s/iter; left time: 79.7689s
	iters: 1300, epoch: 5 | loss: 0.0339795
	speed: 0.0084s/iter; left time: 97.9200s
	iters: 1400, epoch: 5 | loss: 0.0367990
	speed: 0.0075s/iter; left time: 86.6478s
	iters: 1500, epoch: 5 | loss: 0.0279736
	speed: 0.0078s/iter; left time: 89.5794s
	iters: 1600, epoch: 5 | loss: 0.0268155
	speed: 0.0063s/iter; left time: 70.9219s
	iters: 1700, epoch: 5 | loss: 0.0449738
	speed: 0.0068s/iter; left time: 76.8313s
	iters: 1800, epoch: 5 | loss: 0.0316603
	speed: 0.0056s/iter; left time: 61.9385s
	iters: 1900, epoch: 5 | loss: 0.0390418
	speed: 0.0055s/iter; left time: 60.5769s
	iters: 2000, epoch: 5 | loss: 0.0387923
	speed: 0.0055s/iter; left time: 60.0981s
	iters: 2100, epoch: 5 | loss: 0.0296000
	speed: 0.0060s/iter; left time: 65.1535s
Epoch: 5 cost time: 15.72344708442688
Epoch: 5, Steps: 2154 | Train Loss: 0.0356820 Vali Loss: 0.0475020 Test Loss: 0.0421340
Validation loss decreased (0.042580 --> 0.042134).  Saving model ...
Updating learning rate to 0.0006912587310177311
	iters: 100, epoch: 6 | loss: 0.0406155
	speed: 0.0570s/iter; left time: 608.1201s
	iters: 200, epoch: 6 | loss: 0.0266080
	speed: 0.0067s/iter; left time: 70.3001s
	iters: 300, epoch: 6 | loss: 0.0281293
	speed: 0.0076s/iter; left time: 79.6932s
	iters: 400, epoch: 6 | loss: 0.0356554
	speed: 0.0076s/iter; left time: 79.2362s
	iters: 500, epoch: 6 | loss: 0.0447857
	speed: 0.0086s/iter; left time: 88.3148s
	iters: 600, epoch: 6 | loss: 0.0317489
	speed: 0.0077s/iter; left time: 78.0431s
	iters: 700, epoch: 6 | loss: 0.0461928
	speed: 0.0073s/iter; left time: 73.6901s
	iters: 800, epoch: 6 | loss: 0.0326232
	speed: 0.0058s/iter; left time: 57.6309s
	iters: 900, epoch: 6 | loss: 0.0387531
	speed: 0.0059s/iter; left time: 58.4461s
	iters: 1000, epoch: 6 | loss: 0.0360556
	speed: 0.0076s/iter; left time: 74.2077s
	iters: 1100, epoch: 6 | loss: 0.0365835
	speed: 0.0064s/iter; left time: 61.5546s
	iters: 1200, epoch: 6 | loss: 0.0323317
	speed: 0.0058s/iter; left time: 55.8415s
	iters: 1300, epoch: 6 | loss: 0.0347471
	speed: 0.0066s/iter; left time: 62.6745s
	iters: 1400, epoch: 6 | loss: 0.0260228
	speed: 0.0066s/iter; left time: 62.1664s
	iters: 1500, epoch: 6 | loss: 0.0362182
	speed: 0.0063s/iter; left time: 58.0575s
	iters: 1600, epoch: 6 | loss: 0.0328189
	speed: 0.0096s/iter; left time: 88.2447s
	iters: 1700, epoch: 6 | loss: 0.0470083
	speed: 0.0066s/iter; left time: 60.0444s
	iters: 1800, epoch: 6 | loss: 0.0339127
	speed: 0.0112s/iter; left time: 100.4642s
	iters: 1900, epoch: 6 | loss: 0.0466362
	speed: 0.0109s/iter; left time: 97.0697s
	iters: 2000, epoch: 6 | loss: 0.0337740
	speed: 0.0070s/iter; left time: 60.9589s
	iters: 2100, epoch: 6 | loss: 0.0295326
	speed: 0.0064s/iter; left time: 55.8268s
Epoch: 6 cost time: 15.827935934066772
Epoch: 6, Steps: 2154 | Train Loss: 0.0355789 Vali Loss: 0.0473080 Test Loss: 0.0417169
Validation loss decreased (0.042134 --> 0.041717).  Saving model ...
Updating learning rate to 0.0004999108445894319
	iters: 100, epoch: 7 | loss: 0.0275645
	speed: 0.0583s/iter; left time: 496.4645s
	iters: 200, epoch: 7 | loss: 0.0267077
	speed: 0.0066s/iter; left time: 55.6379s
	iters: 300, epoch: 7 | loss: 0.0383052
	speed: 0.0069s/iter; left time: 57.7380s
	iters: 400, epoch: 7 | loss: 0.0331791
	speed: 0.0070s/iter; left time: 57.6139s
	iters: 500, epoch: 7 | loss: 0.0323502
	speed: 0.0073s/iter; left time: 59.3627s
	iters: 600, epoch: 7 | loss: 0.0339633
	speed: 0.0070s/iter; left time: 56.1300s
	iters: 700, epoch: 7 | loss: 0.0499653
	speed: 0.0066s/iter; left time: 51.9675s
	iters: 800, epoch: 7 | loss: 0.0382111
	speed: 0.0076s/iter; left time: 59.7606s
	iters: 900, epoch: 7 | loss: 0.0355374
	speed: 0.0063s/iter; left time: 48.4270s
	iters: 1000, epoch: 7 | loss: 0.0291542
	speed: 0.0065s/iter; left time: 49.1986s
	iters: 1100, epoch: 7 | loss: 0.0467141
	speed: 0.0080s/iter; left time: 59.8286s
	iters: 1200, epoch: 7 | loss: 0.0307373
	speed: 0.0080s/iter; left time: 59.2969s
	iters: 1300, epoch: 7 | loss: 0.0330314
	speed: 0.0079s/iter; left time: 57.6499s
	iters: 1400, epoch: 7 | loss: 0.0356199
	speed: 0.0068s/iter; left time: 49.3013s
	iters: 1500, epoch: 7 | loss: 0.0361670
	speed: 0.0079s/iter; left time: 55.9161s
	iters: 1600, epoch: 7 | loss: 0.0249729
	speed: 0.0073s/iter; left time: 51.2457s
	iters: 1700, epoch: 7 | loss: 0.0288435
	speed: 0.0074s/iter; left time: 51.1548s
	iters: 1800, epoch: 7 | loss: 0.0462361
	speed: 0.0066s/iter; left time: 44.9958s
	iters: 1900, epoch: 7 | loss: 0.0446990
	speed: 0.0071s/iter; left time: 47.7692s
	iters: 2000, epoch: 7 | loss: 0.0497765
	speed: 0.0067s/iter; left time: 44.3826s
	iters: 2100, epoch: 7 | loss: 0.0369089
	speed: 0.0062s/iter; left time: 40.7117s
Epoch: 7 cost time: 15.291033506393433
Epoch: 7, Steps: 2154 | Train Loss: 0.0354949 Vali Loss: 0.0471674 Test Loss: 0.0419871
EarlyStopping counter: 1 out of 15
Updating learning rate to 0.00030857683574606596
	iters: 100, epoch: 8 | loss: 0.0273859
	speed: 0.0646s/iter; left time: 411.3125s
	iters: 200, epoch: 8 | loss: 0.0306455
	speed: 0.0070s/iter; left time: 43.6472s
	iters: 300, epoch: 8 | loss: 0.0299053
	speed: 0.0071s/iter; left time: 43.5081s
	iters: 400, epoch: 8 | loss: 0.0336283
	speed: 0.0072s/iter; left time: 43.8841s
	iters: 500, epoch: 8 | loss: 0.0338120
	speed: 0.0074s/iter; left time: 43.9968s
	iters: 600, epoch: 8 | loss: 0.0380972
	speed: 0.0068s/iter; left time: 39.7362s
	iters: 700, epoch: 8 | loss: 0.0380953
	speed: 0.0078s/iter; left time: 44.7267s
	iters: 800, epoch: 8 | loss: 0.0392576
	speed: 0.0081s/iter; left time: 46.0251s
	iters: 900, epoch: 8 | loss: 0.0376497
	speed: 0.0071s/iter; left time: 39.3296s
	iters: 1000, epoch: 8 | loss: 0.0388874
	speed: 0.0064s/iter; left time: 34.9331s
	iters: 1100, epoch: 8 | loss: 0.0309349
	speed: 0.0079s/iter; left time: 42.2024s
	iters: 1200, epoch: 8 | loss: 0.0385604
	speed: 0.0077s/iter; left time: 40.4096s
	iters: 1300, epoch: 8 | loss: 0.0386275
	speed: 0.0080s/iter; left time: 41.3143s
	iters: 1400, epoch: 8 | loss: 0.0299970
	speed: 0.0075s/iter; left time: 38.1530s
	iters: 1500, epoch: 8 | loss: 0.0382065
	speed: 0.0084s/iter; left time: 41.8035s
	iters: 1600, epoch: 8 | loss: 0.0296568
	speed: 0.0076s/iter; left time: 36.7884s
	iters: 1700, epoch: 8 | loss: 0.0407577
	speed: 0.0076s/iter; left time: 36.4057s
	iters: 1800, epoch: 8 | loss: 0.0406955
	speed: 0.0073s/iter; left time: 34.2556s
	iters: 1900, epoch: 8 | loss: 0.0304178
	speed: 0.0080s/iter; left time: 36.3099s
	iters: 2000, epoch: 8 | loss: 0.0291424
	speed: 0.0079s/iter; left time: 35.2624s
	iters: 2100, epoch: 8 | loss: 0.0382940
	speed: 0.0073s/iter; left time: 31.7251s
Epoch: 8 cost time: 16.151671171188354
Epoch: 8, Steps: 2154 | Train Loss: 0.0355929 Vali Loss: 0.0473178 Test Loss: 0.0417808
EarlyStopping counter: 2 out of 15
Updating learning rate to 0.00014638557288692642
	iters: 100, epoch: 9 | loss: 0.0326900
	speed: 0.0621s/iter; left time: 261.4314s
	iters: 200, epoch: 9 | loss: 0.0288471
	speed: 0.0074s/iter; left time: 30.2286s
	iters: 300, epoch: 9 | loss: 0.0542930
	speed: 0.0065s/iter; left time: 25.9390s
	iters: 400, epoch: 9 | loss: 0.0335343
	speed: 0.0067s/iter; left time: 26.2679s
	iters: 500, epoch: 9 | loss: 0.0434308
	speed: 0.0074s/iter; left time: 28.2037s
	iters: 600, epoch: 9 | loss: 0.0390361
	speed: 0.0077s/iter; left time: 28.6936s
	iters: 700, epoch: 9 | loss: 0.0346678
	speed: 0.0074s/iter; left time: 26.6186s
	iters: 800, epoch: 9 | loss: 0.0357968
	speed: 0.0076s/iter; left time: 26.7630s
	iters: 900, epoch: 9 | loss: 0.0394030
	speed: 0.0068s/iter; left time: 23.0353s
	iters: 1000, epoch: 9 | loss: 0.0326779
	speed: 0.0070s/iter; left time: 23.0820s
	iters: 1100, epoch: 9 | loss: 0.0352428
	speed: 0.0078s/iter; left time: 25.0291s
	iters: 1200, epoch: 9 | loss: 0.0283001
	speed: 0.0077s/iter; left time: 23.8845s
	iters: 1300, epoch: 9 | loss: 0.0491300
	speed: 0.0075s/iter; left time: 22.5393s
	iters: 1400, epoch: 9 | loss: 0.0339564
	speed: 0.0070s/iter; left time: 20.3072s
	iters: 1500, epoch: 9 | loss: 0.0341248
	speed: 0.0082s/iter; left time: 22.9364s
	iters: 1600, epoch: 9 | loss: 0.0346052
	speed: 0.0073s/iter; left time: 19.8843s
	iters: 1700, epoch: 9 | loss: 0.0370612
	speed: 0.0079s/iter; left time: 20.5856s
	iters: 1800, epoch: 9 | loss: 0.0437289
	speed: 0.0073s/iter; left time: 18.4137s
	iters: 1900, epoch: 9 | loss: 0.0370329
	speed: 0.0077s/iter; left time: 18.5124s
	iters: 2000, epoch: 9 | loss: 0.0332005
	speed: 0.0065s/iter; left time: 14.9870s
	iters: 2100, epoch: 9 | loss: 0.0388212
	speed: 0.0075s/iter; left time: 16.5431s
Epoch: 9 cost time: 15.779968500137329
Epoch: 9, Steps: 2154 | Train Loss: 0.0356028 Vali Loss: 0.0473747 Test Loss: 0.0417563
EarlyStopping counter: 3 out of 15
Updating learning rate to 3.802920551485804e-05
	iters: 100, epoch: 10 | loss: 0.0316711
	speed: 0.0603s/iter; left time: 123.9726s
	iters: 200, epoch: 10 | loss: 0.0297012
	speed: 0.0067s/iter; left time: 13.1145s
	iters: 300, epoch: 10 | loss: 0.0356810
	speed: 0.0076s/iter; left time: 14.1516s
	iters: 400, epoch: 10 | loss: 0.0433505
	speed: 0.0070s/iter; left time: 12.3234s
	iters: 500, epoch: 10 | loss: 0.0395517
	speed: 0.0074s/iter; left time: 12.2479s
	iters: 600, epoch: 10 | loss: 0.0422440
	speed: 0.0068s/iter; left time: 10.6077s
	iters: 700, epoch: 10 | loss: 0.0303043
	speed: 0.0076s/iter; left time: 11.0141s
	iters: 800, epoch: 10 | loss: 0.0272913
	speed: 0.0070s/iter; left time: 9.5324s
	iters: 900, epoch: 10 | loss: 0.0473624
	speed: 0.0063s/iter; left time: 7.9085s
	iters: 1000, epoch: 10 | loss: 0.0408481
	speed: 0.0075s/iter; left time: 8.6797s
	iters: 1100, epoch: 10 | loss: 0.0475155
	speed: 0.0075s/iter; left time: 7.8599s
	iters: 1200, epoch: 10 | loss: 0.0300326
	speed: 0.0079s/iter; left time: 7.5687s
	iters: 1300, epoch: 10 | loss: 0.0426887
	speed: 0.0075s/iter; left time: 6.3746s
	iters: 1400, epoch: 10 | loss: 0.0356182
	speed: 0.0083s/iter; left time: 6.2955s
	iters: 1500, epoch: 10 | loss: 0.0422578
	speed: 0.0078s/iter; left time: 5.1244s
	iters: 1600, epoch: 10 | loss: 0.0362882
	speed: 0.0067s/iter; left time: 3.7033s
	iters: 1700, epoch: 10 | loss: 0.0327581
	speed: 0.0065s/iter; left time: 2.9364s
	iters: 1800, epoch: 10 | loss: 0.0336936
	speed: 0.0070s/iter; left time: 2.4873s
	iters: 1900, epoch: 10 | loss: 0.0315808
	speed: 0.0079s/iter; left time: 2.0137s
	iters: 2000, epoch: 10 | loss: 0.0393791
	speed: 0.0072s/iter; left time: 1.1229s
	iters: 2100, epoch: 10 | loss: 0.0394989
	speed: 0.0074s/iter; left time: 0.4048s
Epoch: 10 cost time: 15.814506769180298
Epoch: 10, Steps: 2154 | Train Loss: 0.0353356 Vali Loss: 0.0472449 Test Loss: 0.0416488
Validation loss decreased (0.041717 --> 0.041649).  Saving model ...
Updating learning rate to 4.008309342172464e-09
>>>>>>>testing : imputation_IMPP_ETTm1_passes2_none_SparseTSFPlus_ETTm1_sl96_pl0_dm16_nh8_el2_dl1_df32_fc1_ebtimeF_dtTrue_ImpP_0<<<<<<<<<<<<<<<<<<<<<<<<<<<<<<<<<
test 11521
test shape: (11520, 96, 7) (11520, 96, 7)
mse:0.04173516482114792, mae:0.12596169114112854
