Args in experiment:
Namespace(activation='gelu', anomaly_ratio=0.25, batch_size=16, c_out=7, channel_independence=1, checkpoints='./checkpoints/', comment='none', d_ff=32, d_layers=1, d_model=16, data='ETTm1', data_path='ETTm1.csv', dec_in=7, decomp_method='moving_avg', des='ImpP', devices='0,1', distil=True, down_sampling_layers=0, down_sampling_method='avg', down_sampling_window=1, drop_last=True, dropout=0.1, e_layers=2, embed='timeF', emissions_file='emissions.csv', emissions_output_dir='.', enc_in=7, factor=1, features='M', freq='h', gpu=0, inverse=False, is_training=1, itr=1, label_len=0, learning_rate=0.001, loss='MSE', lradj='TST', mask_rate=0.5, model='SparseTSFPlus', model_id='IMPP_ETTm1_phase', model_type='linear', moving_avg=25, n_heads=8, num_kernels=6, num_workers=0, output_attention=False, p_hidden_dims=[128, 128], p_hidden_layers=2, patience=15, pct_start=0.2, percent=100, period_len=4, pred_len=0, root_path='../dataset/ETT-small', seasonal_patterns='Monthly', seq_len=96, stsf_cls_head='flat', stsf_decomp='off', stsf_decomp_kernel=25, stsf_diag_mask=0, stsf_impute_passes=1, stsf_linear_bias=0, stsf_mask_conv=0, stsf_pad_fold=0, stsf_periods='', stsf_phase_kernel=3, stsf_phase_mix='linear', stsf_phase_rank=0, stsf_revin=0, stsf_revin_affine=0, target='OT', task_name='imputation', top_k=5, track_emissions=0, train_epochs=10, use_amp=False, use_future_temporal_feature=0, use_gpu=True, use_multi_gpu=False, use_norm=1)
Use GPU: cuda:0
trainable_params:597
units:phase_mix=linear
>>>>>>>start training : imputation_IMPP_ETTm1_phase_none_SparseTSFPlus_ETTm1_sl96_pl0_dm16_nh8_el2_dl1_df32_fc1_ebtimeF_dtTrue_ImpP_0>>>>>>>>>>>>>>>>>>>>>>>>>>
train 34465
val 11521
test 11521
	iters: 100, epoch: 1 | loss: 0.4452061
	speed: 0.0457s/iter; left time: 979.8166s
	iters: 200, epoch: 1 | loss: 0.4330799
	speed: 0.0069s/iter; left time: 146.5198s
	iters: 300, epoch: 1 | loss: 0.4476089
	speed: 0.0065s/iter; left time: 138.5101s
	iters: 400, epoch: 1 | loss: 0.4443252
	speed: 0.0085s/iter; left time: 179.5252s
	iters: 500, epoch: 1 | loss: 0.3859345
	speed: 0.0078s/iter; left time: 163.2515s
	iters: 600, epoch: 1 | loss: 0.3307378
	speed: 0.0061s/iter; left time: 127.3334s
	iters: 700, epoch: 1 | loss: 0.2850779
	speed: 0.0061s/iter; left time: 127.3088s
	iters: 800, epoch: 1 | loss: 0.3741535
	speed: 0.0060s/iter; left time: 123.5511s
	iters: 900, epoch: 1 | loss: 0.2747110
	speed: 0.0058s/iter; left time: 120.6694s
	iters: 1000, epoch: 1 | loss: 0.2231664
	speed: 0.0061s/iter; left time: 125.7437s
	iters: 1100, epoch: 1 | loss: 0.2558847
	speed: 0.0067s/iter; left time: 137.0583s
	iters: 1200, epoch: 1 | loss: 0.2450332
	speed: 0.0062s/iter; left time: 127.1038s
	iters: 1300, epoch: 1 | loss: 0.2290210
	speed: 0.0055s/iter; left time: 110.4998s
	iters: 1400, epoch: 1 | loss: 0.1781675
	speed: 0.0071s/iter; left time: 143.8317s
	iters: 1500, epoch: 1 | loss: 0.1656022
	speed: 0.0063s/iter; left time: 126.0700s
	iters: 1600, epoch: 1 | loss: 0.1367027
	speed: 0.0065s/iter; left time: 129.3104s
	iters: 1700, epoch: 1 | loss: 0.1446277
	speed: 0.0064s/iter; left time: 127.9174s
	iters: 1800, epoch: 1 | loss: 0.1239044
	speed: 0.0063s/iter; left time: 124.7217s
	iters: 1900, epoch: 1 | loss: 0.1030927
	speed: 0.0061s/iter; left time: 120.6566s
	iters: 2000, epoch: 1 | loss: 0.0980028
	speed: 0.0064s/iter; left time: 125.8803s
	iters: 2100, epoch: 1 | loss: 0.0921172
	speed: 0.0058s/iter; left time: 113.2993s
Epoch: 1 cost time: 17.79906153678894
Epoch: 1, Steps: 2154 | Train Loss: 0.2594904 Vali Loss: 0.1146208 Test Loss: 0.1166232
Validation loss decreased (inf --> 0.116623).  Saving model ...
Updating learning rate to 0.0005201750597214178
	iters: 100, epoch: 2 | loss: 0.0907105
	speed: 0.0668s/iter; left time: 1288.7682s
	iters: 200, epoch: 2 | loss: 0.0672127
	speed: 0.0073s/iter; left time: 140.9934s
	iters: 300, epoch: 2 | loss: 0.0999094
	speed: 0.0060s/iter; left time: 115.4101s
	iters: 400, epoch: 2 | loss: 0.0745858
	speed: 0.0057s/iter; left time: 107.7896s
	iters: 500, epoch: 2 | loss: 0.0838550
	speed: 0.0075s/iter; left time: 142.1613s
	iters: 600, epoch: 2 | loss: 0.0929129
	speed: 0.0089s/iter; left time: 167.5601s
	iters: 700, epoch: 2 | loss: 0.0858721
	speed: 0.0068s/iter; left time: 126.7418s
	iters: 800, epoch: 2 | loss: 0.0613550
	speed: 0.0090s/iter; left time: 167.5354s
	iters: 900, epoch: 2 | loss: 0.0803306
	speed: 0.0055s/iter; left time: 101.3744s
	iters: 1000, epoch: 2 | loss: 0.0709990
	speed: 0.0053s/iter; left time: 96.7954s
	iters: 1100, epoch: 2 | loss: 0.0649030
	speed: 0.0053s/iter; left time: 97.4829s
	iters: 1200, epoch: 2 | loss: 0.0614626
	speed: 0.0060s/iter; left time: 109.8924s
	iters: 1300, epoch: 2 | loss: 0.0643615
	speed: 0.0068s/iter; left time: 122.6647s
	iters: 1400, epoch: 2 | loss: 0.0831150
	speed: 0.0061s/iter; left time: 108.8458s
	iters: 1500, epoch: 2 | loss: 0.0684391
	speed: 0.0061s/iter; left time: 108.8579s
	iters: 1600, epoch: 2 | loss: 0.0720589
	speed: 0.0091s/iter; left time: 161.6021s
	iters: 1700, epoch: 2 | loss: 0.0504219
	speed: 0.0082s/iter; left time: 144.9405s
	iters: 1800, epoch: 2 | loss: 0.0887770
	speed: 0.0063s/iter; left time: 110.7424s
	iters: 1900, epoch: 2 | loss: 0.0566895
	speed: 0.0063s/iter; left time: 110.1286s
	iters: 2000, epoch: 2 | loss: 0.0827365
	speed: 0.0060s/iter; left time: 104.2373s
	iters: 2100, epoch: 2 | loss: 0.0742497
	speed: 0.0069s/iter; left time: 118.7697s
Epoch: 2 cost time: 14.922725915908813
Epoch: 2, Steps: 2154 | Train Loss: 0.0734285 Vali Loss: 0.0997000 Test Loss: 0.0977817
Validation loss decreased (0.116623 --> 0.097782).  Saving model ...
Updating learning rate to 0.0009999999916906579
	iters: 100, epoch: 3 | loss: 0.0671099
	speed: 0.0584s/iter; left time: 1000.2538s
	iters: 200, epoch: 3 | loss: 0.0671895
	speed: 0.0062s/iter; left time: 104.8386s
	iters: 300, epoch: 3 | loss: 0.0785308
	speed: 0.0059s/iter; left time: 100.4097s
	iters: 400, epoch: 3 | loss: 0.0644302
	speed: 0.0062s/iter; left time: 104.6721s
	iters: 500, epoch: 3 | loss: 0.0824255
	speed: 0.0063s/iter; left time: 104.7131s
	iters: 600, epoch: 3 | loss: 0.0680804
	speed: 0.0060s/iter; left time: 99.3841s
	iters: 700, epoch: 3 | loss: 0.0820137
	speed: 0.0061s/iter; left time: 100.3046s
	iters: 800, epoch: 3 | loss: 0.0688697
	speed: 0.0070s/iter; left time: 114.9767s
	iters: 900, epoch: 3 | loss: 0.0702323
	speed: 0.0065s/iter; left time: 106.7327s
	iters: 1000, epoch: 3 | loss: 0.0611957
	speed: 0.0062s/iter; left time: 100.4296s
	iters: 1100, epoch: 3 | loss: 0.0808380
	speed: 0.0059s/iter; left time: 95.0689s
	iters: 1200, epoch: 3 | loss: 0.0803428
	speed: 0.0070s/iter; left time: 112.4650s
	iters: 1300, epoch: 3 | loss: 0.0980562
	speed: 0.0073s/iter; left time: 115.5714s
	iters: 1400, epoch: 3 | loss: 0.0664312
	speed: 0.0088s/iter; left time: 140.0636s
	iters: 1500, epoch: 3 | loss: 0.0792072
	speed: 0.0092s/iter; left time: 144.8908s
	iters: 1600, epoch: 3 | loss: 0.0691515
	speed: 0.0071s/iter; left time: 110.6688s
	iters: 1700, epoch: 3 | loss: 0.0600069
	speed: 0.0063s/iter; left time: 97.3247s
	iters: 1800, epoch: 3 | loss: 0.0686415
	speed: 0.0061s/iter; left time: 94.0390s
	iters: 1900, epoch: 3 | loss: 0.0700365
	speed: 0.0062s/iter; left time: 94.6165s
	iters: 2000, epoch: 3 | loss: 0.0702109
	speed: 0.0063s/iter; left time: 96.6830s
	iters: 2100, epoch: 3 | loss: 0.0776693
	speed: 0.0084s/iter; left time: 126.6160s
Epoch: 3 cost time: 14.631251096725464
Epoch: 3, Steps: 2154 | Train Loss: 0.0705867 Vali Loss: 0.0992034 Test Loss: 0.0960521
Validation loss decreased (0.097782 --> 0.096052).  Saving model ...
Updating learning rate to 0.0009619050271543523
	iters: 100, epoch: 4 | loss: 0.0619166
	speed: 0.0704s/iter; left time: 1054.6984s
	iters: 200, epoch: 4 | loss: 0.0815343
	speed: 0.0069s/iter; left time: 102.8010s
	iters: 300, epoch: 4 | loss: 0.0607344
	speed: 0.0059s/iter; left time: 87.8358s
	iters: 400, epoch: 4 | loss: 0.0756701
	speed: 0.0071s/iter; left time: 104.8914s
	iters: 500, epoch: 4 | loss: 0.0744961
	speed: 0.0057s/iter; left time: 83.8195s
	iters: 600, epoch: 4 | loss: 0.0688123
	speed: 0.0057s/iter; left time: 82.5189s
	iters: 700, epoch: 4 | loss: 0.0668461
	speed: 0.0090s/iter; left time: 129.1203s
	iters: 800, epoch: 4 | loss: 0.0686560
	speed: 0.0088s/iter; left time: 125.2335s
	iters: 900, epoch: 4 | loss: 0.0746059
	speed: 0.0072s/iter; left time: 102.4236s
	iters: 1000, epoch: 4 | loss: 0.0635046
	speed: 0.0081s/iter; left time: 114.1022s
	iters: 1100, epoch: 4 | loss: 0.0632314
	speed: 0.0068s/iter; left time: 95.0008s
	iters: 1200, epoch: 4 | loss: 0.0748738
	speed: 0.0090s/iter; left time: 125.2493s
	iters: 1300, epoch: 4 | loss: 0.0691515
	speed: 0.0061s/iter; left time: 83.5600s
	iters: 1400, epoch: 4 | loss: 0.0503378
	speed: 0.0076s/iter; left time: 104.2608s
	iters: 1500, epoch: 4 | loss: 0.0703069
	speed: 0.0078s/iter; left time: 106.2641s
	iters: 1600, epoch: 4 | loss: 0.0576966
	speed: 0.0067s/iter; left time: 90.7179s
	iters: 1700, epoch: 4 | loss: 0.0705715
	speed: 0.0070s/iter; left time: 93.8637s
	iters: 1800, epoch: 4 | loss: 0.0562156
	speed: 0.0077s/iter; left time: 102.1596s
	iters: 1900, epoch: 4 | loss: 0.0674661
	speed: 0.0090s/iter; left time: 118.3545s
	iters: 2000, epoch: 4 | loss: 0.0735362
	speed: 0.0070s/iter; left time: 91.0706s
	iters: 2100, epoch: 4 | loss: 0.0728406
	speed: 0.0078s/iter; left time: 101.3486s
Epoch: 4 cost time: 16.13008141517639
Epoch: 4, Steps: 2154 | Train Loss: 0.0705596 Vali Loss: 0.0994279 Test Loss: 0.0961231
EarlyStopping counter: 1 out of 15
Updating learning rate to 0.0008534895138951646
	iters: 100, epoch: 5 | loss: 0.0649485
	speed: 0.0697s/iter; left time: 894.3988s
	iters: 200, epoch: 5 | loss: 0.0669862
	speed: 0.0068s/iter; left time: 85.9539s
	iters: 300, epoch: 5 | loss: 0.0604488
	speed: 0.0060s/iter; left time: 75.6994s
	iters: 400, epoch: 5 | loss: 0.0617965
	speed: 0.0072s/iter; left time: 89.8881s
	iters: 500, epoch: 5 | loss: 0.0704418
	speed: 0.0068s/iter; left time: 84.7337s
	iters: 600, epoch: 5 | loss: 0.0627608
	speed: 0.0075s/iter; left time: 92.8075s
	iters: 700, epoch: 5 | loss: 0.0691278
	speed: 0.0074s/iter; left time: 90.7220s
	iters: 800, epoch: 5 | loss: 0.0901315
	speed: 0.0067s/iter; left time: 81.5933s
	iters: 900, epoch: 5 | loss: 0.0737012
	speed: 0.0070s/iter; left time: 84.6541s
	iters: 1000, epoch: 5 | loss: 0.0825728
	speed: 0.0072s/iter; left time: 85.8423s
	iters: 1100, epoch: 5 | loss: 0.0678560
	speed: 0.0063s/iter; left time: 74.1240s
	iters: 1200, epoch: 5 | loss: 0.0753559
	speed: 0.0081s/iter; left time: 95.1880s
	iters: 1300, epoch: 5 | loss: 0.0694838
	speed: 0.0061s/iter; left time: 71.4446s
	iters: 1400, epoch: 5 | loss: 0.0779765
	speed: 0.0058s/iter; left time: 66.9345s
	iters: 1500, epoch: 5 | loss: 0.0721022
	speed: 0.0058s/iter; left time: 65.8912s
	iters: 1600, epoch: 5 | loss: 0.0987044
	speed: 0.0060s/iter; left time: 67.7570s
	iters: 1700, epoch: 5 | loss: 0.0752116
	speed: 0.0060s/iter; left time: 67.8185s
	iters: 1800, epoch: 5 | loss: 0.0853692
	speed: 0.0076s/iter; left time: 84.3527s
	iters: 1900, epoch: 5 | loss: 0.0727546
	speed: 0.0069s/iter; left time: 76.3005s
	iters: 2000, epoch: 5 | loss: 0.0762905
	speed: 0.0061s/iter; left time: 67.0598s
	iters: 2100, epoch: 5 | loss: 0.0649857
	speed: 0.0068s/iter; left time: 73.2822s
Epoch: 5 cost time: 14.500694513320923
Epoch: 5, Steps: 2154 | Train Loss: 0.0703450 Vali Loss: 0.0990271 Test Loss: 0.0961026
EarlyStopping counter: 2 out of 15
Updating learning rate to 0.0006912587310177311
	iters: 100, epoch: 6 | loss: 0.0565781
	speed: 0.0579s/iter; left time: 617.5642s
	iters: 200, epoch: 6 | loss: 0.0667054
	speed: 0.0061s/iter; left time: 64.5659s
	iters: 300, epoch: 6 | loss: 0.0723380
	speed: 0.0057s/iter; left time: 60.0991s
	iters: 400, epoch: 6 | loss: 0.0858418
	speed: 0.0061s/iter; left time: 63.7714s
	iters: 500, epoch: 6 | loss: 0.0815270
	speed: 0.0057s/iter; left time: 58.7537s
	iters: 600, epoch: 6 | loss: 0.0582924
	speed: 0.0063s/iter; left time: 64.5400s
	iters: 700, epoch: 6 | loss: 0.0760619
	speed: 0.0060s/iter; left time: 60.7955s
	iters: 800, epoch: 6 | loss: 0.0798405
	speed: 0.0061s/iter; left time: 61.1040s
	iters: 900, epoch: 6 | loss: 0.0767134
	speed: 0.0054s/iter; left time: 52.9912s
	iters: 1000, epoch: 6 | loss: 0.0690273
	speed: 0.0054s/iter; left time: 52.6774s
	iters: 1100, epoch: 6 | loss: 0.0778291
	speed: 0.0055s/iter; left time: 52.8205s
	iters: 1200, epoch: 6 | loss: 0.0695131
	speed: 0.0065s/iter; left time: 62.1461s
	iters: 1300, epoch: 6 | loss: 0.0715094
	speed: 0.0061s/iter; left time: 57.8615s
	iters: 1400, epoch: 6 | loss: 0.0694020
	speed: 0.0068s/iter; left time: 63.4008s
	iters: 1500, epoch: 6 | loss: 0.0701290
	speed: 0.0060s/iter; left time: 55.4694s
	iters: 1600, epoch: 6 | loss: 0.0738359
	speed: 0.0054s/iter; left time: 49.6328s
	iters: 1700, epoch: 6 | loss: 0.0566262
	speed: 0.0054s/iter; left time: 49.3568s
	iters: 1800, epoch: 6 | loss: 0.0502169
	speed: 0.0055s/iter; left time: 49.7661s
	iters: 1900, epoch: 6 | loss: 0.0899697
	speed: 0.0061s/iter; left time: 54.1004s
	iters: 2000, epoch: 6 | loss: 0.0767144
	speed: 0.0062s/iter; left time: 54.3207s
	iters: 2100, epoch: 6 | loss: 0.0736517
	speed: 0.0061s/iter; left time: 53.1265s
Epoch: 6 cost time: 12.958943843841553
Epoch: 6, Steps: 2154 | Train Loss: 0.0701618 Vali Loss: 0.0985451 Test Loss: 0.0962377
EarlyStopping counter: 3 out of 15
Updating learning rate to 0.0004999108445894319
	iters: 100, epoch: 7 | loss: 0.0640592
	speed: 0.0511s/iter; left time: 434.9911s
	iters: 200, epoch: 7 | loss: 0.0680126
	speed: 0.0061s/iter; left time: 51.6788s
	iters: 300, epoch: 7 | loss: 0.0664660
	speed: 0.0061s/iter; left time: 50.7373s
	iters: 400, epoch: 7 | loss: 0.0651018
	speed: 0.0061s/iter; left time: 50.5152s
	iters: 500, epoch: 7 | loss: 0.0753923
	speed: 0.0062s/iter; left time: 50.0104s
	iters: 600, epoch: 7 | loss: 0.0624557
	speed: 0.0052s/iter; left time: 41.8765s
	iters: 700, epoch: 7 | loss: 0.0813770
	speed: 0.0054s/iter; left time: 42.5851s
	iters: 800, epoch: 7 | loss: 0.0617697
	speed: 0.0054s/iter; left time: 42.3727s
	iters: 900, epoch: 7 | loss: 0.0628538
	speed: 0.0059s/iter; left time: 45.7935s
	iters: 1000, epoch: 7 | loss: 0.0627231
	speed: 0.0060s/iter; left time: 45.5267s
	iters: 1100, epoch: 7 | loss: 0.0836075
	speed: 0.0062s/iter; left time: 46.7353s
	iters: 1200, epoch: 7 | loss: 0.0911874
	speed: 0.0073s/iter; left time: 54.4778s
	iters: 1300, epoch: 7 | loss: 0.0641976
	speed: 0.0075s/iter; left time: 54.5938s
	iters: 1400, epoch: 7 | loss: 0.0836755
	speed: 0.0063s/iter; left time: 45.2356s
	iters: 1500, epoch: 7 | loss: 0.0644322
	speed: 0.0071s/iter; left time: 50.3923s
	iters: 1600, epoch: 7 | loss: 0.0616199
	speed: 0.0063s/iter; left time: 44.3931s
	iters: 1700, epoch: 7 | loss: 0.0583245
	speed: 0.0059s/iter; left time: 40.9327s
	iters: 1800, epoch: 7 | loss: 0.0615290
	speed: 0.0075s/iter; left time: 51.3993s
	iters: 1900, epoch: 7 | loss: 0.0648745
	speed: 0.0081s/iter; left time: 54.0932s
	iters: 2000, epoch: 7 | loss: 0.0696622
	speed: 0.0066s/iter; left time: 43.4289s
	iters: 2100, epoch: 7 | loss: 0.0706210
	speed: 0.0072s/iter; left time: 46.7593s
Epoch: 7 cost time: 13.957170724868774
Epoch: 7, Steps: 2154 | Train Loss: 0.0699897 Vali Loss: 0.0992153 Test Loss: 0.0963272
EarlyStopping counter: 4 out of 15
Updating learning rate to 0.00030857683574606596
	iters: 100, epoch: 8 | loss: 0.0519143
	speed: 0.0616s/iter; left time: 391.6818s
	iters: 200, epoch: 8 | loss: 0.0848090
	speed: 0.0058s/iter; left time: 36.4439s
	iters: 300, epoch: 8 | loss: 0.0936014
	speed: 0.0057s/iter; left time: 35.0989s
	iters: 400, epoch: 8 | loss: 0.0538591
	speed: 0.0057s/iter; left time: 34.8451s
	iters: 500, epoch: 8 | loss: 0.0833636
	speed: 0.0060s/iter; left time: 35.8779s
	iters: 600, epoch: 8 | loss: 0.0665318
	speed: 0.0059s/iter; left time: 34.8184s
	iters: 700, epoch: 8 | loss: 0.0560713
	speed: 0.0053s/iter; left time: 30.3447s
	iters: 800, epoch: 8 | loss: 0.0764979
	speed: 0.0054s/iter; left time: 30.4834s
	iters: 900, epoch: 8 | loss: 0.0649492
	speed: 0.0053s/iter; left time: 29.7442s
	iters: 1000, epoch: 8 | loss: 0.0555653
	speed: 0.0056s/iter; left time: 30.8306s
	iters: 1100, epoch: 8 | loss: 0.0694332
	speed: 0.0070s/iter; left time: 37.7361s
	iters: 1200, epoch: 8 | loss: 0.0670066
	speed: 0.0078s/iter; left time: 40.7967s
	iters: 1300, epoch: 8 | loss: 0.0518042
	speed: 0.0058s/iter; left time: 30.0127s
	iters: 1400, epoch: 8 | loss: 0.0885829
	speed: 0.0060s/iter; left time: 30.3267s
	iters: 1500, epoch: 8 | loss: 0.0593295
	speed: 0.0059s/iter; left time: 29.4794s
	iters: 1600, epoch: 8 | loss: 0.0689894
	speed: 0.0059s/iter; left time: 28.8031s
	iters: 1700, epoch: 8 | loss: 0.0931610
	speed: 0.0061s/iter; left time: 29.1661s
	iters: 1800, epoch: 8 | loss: 0.0739445
	speed: 0.0064s/iter; left time: 29.6908s
	iters: 1900, epoch: 8 | loss: 0.0643057
	speed: 0.0055s/iter; left time: 24.9553s
	iters: 2000, epoch: 8 | loss: 0.0545640
	speed: 0.0052s/iter; left time: 23.3194s
	iters: 2100, epoch: 8 | loss: 0.0780795
	speed: 0.0053s/iter; left time: 23.1011s
Epoch: 8 cost time: 12.840447187423706
Epoch: 8, Steps: 2154 | Train Loss: 0.0702266 Vali Loss: 0.0985256 Test Loss: 0.0954967
Validation loss decreased (0.096052 --> 0.095497).  Saving model ...
Updating learning rate to 0.00014638557288692642
	iters: 100, epoch: 9 | loss: 0.0627726
	speed: 0.0538s/iter; left time: 226.6438s
	iters: 200, epoch: 9 | loss: 0.0759800
	speed: 0.0061s/iter; left time: 25.2263s
	iters: 300, epoch: 9 | loss: 0.0620371
	speed: 0.0055s/iter; left time: 21.9748s
	iters: 400, epoch: 9 | loss: 0.0725006
	speed: 0.0056s/iter; left time: 21.7990s
	iters: 500, epoch: 9 | loss: 0.0793543
	speed: 0.0056s/iter; left time: 21.2478s
	iters: 600, epoch: 9 | loss: 0.0568067
	speed: 0.0068s/iter; left time: 25.0879s
	iters: 700, epoch: 9 | loss: 0.0803658
	speed: 0.0070s/iter; left time: 25.3705s
	iters: 800, epoch: 9 | loss: 0.0639525
	speed: 0.0062s/iter; left time: 21.8367s
	iters: 900, epoch: 9 | loss: 0.0568854
	speed: 0.0061s/iter; left time: 20.7249s
	iters: 1000, epoch: 9 | loss: 0.0509732
	speed: 0.0058s/iter; left time: 19.0609s
	iters: 1100, epoch: 9 | loss: 0.0827664
	speed: 0.0061s/iter; left time: 19.4998s
	iters: 1200, epoch: 9 | loss: 0.0776799
	speed: 0.0058s/iter; left time: 18.1810s
	iters: 1300, epoch: 9 | loss: 0.0703737
	speed: 0.0059s/iter; left time: 17.7843s
	iters: 1400, epoch: 9 | loss: 0.0573397
	speed: 0.0053s/iter; left time: 15.4570s
	iters: 1500, epoch: 9 | loss: 0.0650568
	speed: 0.0052s/iter; left time: 14.6300s
	iters: 1600, epoch: 9 | loss: 0.0680889
	speed: 0.0058s/iter; left time: 15.7932s
	iters: 1700, epoch: 9 | loss: 0.0676686
	speed: 0.0061s/iter; left time: 15.9121s
	iters: 1800, epoch: 9 | loss: 0.0815504
	speed: 0.0061s/iter; left time: 15.3023s
	iters: 1900, epoch: 9 | loss: 0.0578310
	speed: 0.0063s/iter; left time: 15.1525s
	iters: 2000, epoch: 9 | loss: 0.0691813
	speed: 0.0062s/iter; left time: 14.2893s
	iters: 2100, epoch: 9 | loss: 0.0656871
	speed: 0.0063s/iter; left time: 13.9427s
Epoch: 9 cost time: 12.944077253341675
Epoch: 9, Steps: 2154 | Train Loss: 0.0699152 Vali Loss: 0.0983118 Test Loss: 0.0959030
EarlyStopping counter: 1 out of 15
Updating learning rate to 3.802920551485804e-05
	iters: 100, epoch: 10 | loss: 0.0697441
	speed: 0.0532s/iter; left time: 109.3446s
	iters: 200, epoch: 10 | loss: 0.0666893
	speed: 0.0053s/iter; left time: 10.4541s
	iters: 300, epoch: 10 | loss: 0.0705182
	speed: 0.0056s/iter; left time: 10.4143s
	iters: 400, epoch: 10 | loss: 0.0697224
	speed: 0.0054s/iter; left time: 9.4765s
	iters: 500, epoch: 10 | loss: 0.0954122
	speed: 0.0062s/iter; left time: 10.3156s
	iters: 600, epoch: 10 | loss: 0.0820250
	speed: 0.0059s/iter; left time: 9.1779s
	iters: 700, epoch: 10 | loss: 0.0777811
	speed: 0.0058s/iter; left time: 8.5056s
	iters: 800, epoch: 10 | loss: 0.0798204
	speed: 0.0055s/iter; left time: 7.5176s
	iters: 900, epoch: 10 | loss: 0.0694971
	speed: 0.0056s/iter; left time: 7.0463s
	iters: 1000, epoch: 10 | loss: 0.0657102
	speed: 0.0058s/iter; left time: 6.6519s
	iters: 1100, epoch: 10 | loss: 0.0758175
	speed: 0.0053s/iter; left time: 5.5903s
	iters: 1200, epoch: 10 | loss: 0.0590450
	speed: 0.0053s/iter; left time: 5.0391s
	iters: 1300, epoch: 10 | loss: 0.0638265
	speed: 0.0052s/iter; left time: 4.4533s
	iters: 1400, epoch: 10 | loss: 0.0620519
	speed: 0.0062s/iter; left time: 4.7100s
	iters: 1500, epoch: 10 | loss: 0.0835141
	speed: 0.0055s/iter; left time: 3.6111s
	iters: 1600, epoch: 10 | loss: 0.0720920
	speed: 0.0055s/iter; left time: 3.0545s
	iters: 1700, epoch: 10 | loss: 0.0839225
	speed: 0.0053s/iter; left time: 2.4274s
	iters: 1800, epoch: 10 | loss: 0.0563546
	speed: 0.0060s/iter; left time: 2.1274s
	iters: 1900, epoch: 10 | loss: 0.0660471
	speed: 0.0063s/iter; left time: 1.6143s
	iters: 2000, epoch: 10 | loss: 0.0682392
	speed: 0.0065s/iter; left time: 1.0050s
	iters: 2100, epoch: 10 | loss: 0.0590355
	speed: 0.0055s/iter; left time: 0.3033s
Epoch: 10 cost time: 12.336403608322144
Epoch: 10, Steps: 2154 | Train Loss: 0.0701036 Vali Loss: 0.0985407 Test Loss: 0.0954587
Validation loss decreased (0.095497 --> 0.095459).  Saving model ...
Updating learning rate to 4.008309342172464e-09
>>>>>>>testing : imputation_IMPP_ETTm1_phase_none_SparseTSFPlus_ETTm1_sl96_pl0_dm16_nh8_el2_dl1_df32_fc1_ebtimeF_dtTrue_ImpP_0<<<<<<<<<<<<<<<<<<<<<<<<<<<<<<<<<
test 11521
test shape: (11520, 96, 7) (11520, 96, 7)
mse:0.09622946381568909, mae:0.19506515562534332
