Args in experiment:
Namespace(activation='gelu', anomaly_ratio=0.25, batch_size=16, c_out=7, channel_independence=1, checkpoints='./checkpoints/', comment='none', d_ff=32, d_layers=1, d_model=16, data='ETTm1', data_path='ETTm1.csv', dec_in=7, decomp_method='moving_avg', des='ImpP', devices='0,1', distil=True, down_sampling_layers=0, down_sampling_method='avg', down_sampling_window=1, drop_last=True, dropout=0.1, e_layers=2, embed='timeF', emissions_file='emissions.csv', emissions_output_dir='.', enc_in=7, factor=1, features='M', freq='h', gpu=0, inverse=False, is_training=1, itr=1, label_len=0, learning_rate=0.001, loss='MSE', lradj='TST', mask_rate=0.375, model='SparseTSFPlus', model_id='IMPP_ETTm1_u5', model_type='linear', moving_avg=25, n_heads=8, num_kernels=6, num_workers=0, output_attention=False, p_hidden_dims=[128, 128], p_hidden_layers=2, patience=15, pct_start=0.2, percent=100, period_len=4, pred_len=0, root_path='<workspace>\\dataset\\ETT-small', seasonal_patterns='Monthly', seq_len=96, stsf_cls_head='flat', stsf_decomp='off', stsf_decomp_kernel=25, stsf_diag_mask=0, stsf_impute_passes=2, stsf_linear_bias=0, stsf_mask_conv=1, stsf_pad_fold=0, stsf_periods='', stsf_phase_kernel=3, stsf_phase_mix='off', stsf_phase_rank=0, stsf_revin=0, stsf_revin_affine=0, target='OT', task_name='imputation', top_k=5, track_emissions=0, train_epochs=10, use_amp=False, use_future_temporal_feature=0, use_gpu=True, use_multi_gpu=False, use_norm=1)
Use GPU: cuda:0
trainable_params:581
units:mask_conv=1,impute_passes=2
>>>>>>>start training : imputation_IMPP_ETTm1_u5_none_SparseTSFPlus_ETTm1_sl96_pl0_dm16_nh8_el2_dl1_df32_fc1_ebtimeF_dtTrue_ImpP_0>>>>>>>>>>>>>>>>>>>>>>>>>>
train 34465
val 11521
test 11521
	iters: 100, epoch: 1 | loss: 0.4787543
	speed: 0.0289s/iter; left time: 619.5652s
	iters: 200, epoch: 1 | loss: 0.2968121
	speed: 0.0069s/iter; left time: 146.5281s
	iters: 300, epoch: 1 | loss: 0.4960849
	speed: 0.0067s/iter; left time: 141.7686s
	iters: 400, epoch: 1 | loss: 0.4180081
	speed: 0.0064s/iter; left time: 134.9626s
	iters: 500, epoch: 1 | loss: 0.3702034
	speed: 0.0061s/iter; left time: 128.9846s
	iters: 600, epoch: 1 | loss: 0.3417304
	speed: 0.0065s/iter; left time: 135.9247s
	iters: 700, epoch: 1 | loss: 0.3246026
	speed: 0.0069s/iter; left time: 144.1941s
	iters: 800, epoch: 1 | loss: 0.3602340
	speed: 0.0071s/iter; left time: 146.6664s
	iters: 900, epoch: 1 | loss: 0.2335543
	speed: 0.0063s/iter; left time: 129.8993s
	iters: 1000, epoch: 1 | loss: 0.2454977
	speed: 0.0070s/iter; left time: 142.8114s
	iters: 1100, epoch: 1 | loss: 0.1980584
	speed: 0.0061s/iter; left time: 124.0460s
	iters: 1200, epoch: 1 | loss: 0.2163024
	speed: 0.0063s/iter; left time: 127.6642s
	iters: 1300, epoch: 1 | loss: 0.1448121
	speed: 0.0068s/iter; left time: 138.0450s
	iters: 1400, epoch: 1 | loss: 0.1254886
	speed: 0.0063s/iter; left time: 126.5525s
	iters: 1500, epoch: 1 | loss: 0.1310608
	speed: 0.0062s/iter; left time: 123.6537s
	iters: 1600, epoch: 1 | loss: 0.1040557
	speed: 0.0073s/iter; left time: 145.9149s
	iters: 1700, epoch: 1 | loss: 0.1067408
	speed: 0.0064s/iter; left time: 126.9772s
	iters: 1800, epoch: 1 | loss: 0.0949558
	speed: 0.0064s/iter; left time: 125.8312s
	iters: 1900, epoch: 1 | loss: 0.0942803
	speed: 0.0068s/iter; left time: 133.8116s
	iters: 2000, epoch: 1 | loss: 0.1220770
	speed: 0.0067s/iter; left time: 131.4523s
	iters: 2100, epoch: 1 | loss: 0.0809229
	speed: 0.0068s/iter; left time: 133.0334s
Epoch: 1 cost time: 16.392061233520508
Epoch: 1, Steps: 2154 | Train Loss: 0.2583392 Vali Loss: 0.0999727 Test Loss: 0.1072041
Validation loss decreased (inf --> 0.107204).  Saving model ...
Updating learning rate to 0.0005201750597214178
	iters: 100, epoch: 2 | loss: 0.0942108
	speed: 0.0554s/iter; left time: 1068.1553s
	iters: 200, epoch: 2 | loss: 0.0988595
	speed: 0.0066s/iter; left time: 127.5838s
	iters: 300, epoch: 2 | loss: 0.0769408
	speed: 0.0070s/iter; left time: 133.3962s
	iters: 400, epoch: 2 | loss: 0.0819525
	speed: 0.0063s/iter; left time: 120.0414s
	iters: 500, epoch: 2 | loss: 0.0670267
	speed: 0.0067s/iter; left time: 127.3035s
	iters: 600, epoch: 2 | loss: 0.0660009
	speed: 0.0066s/iter; left time: 124.2940s
	iters: 700, epoch: 2 | loss: 0.0477689
	speed: 0.0063s/iter; left time: 116.8690s
	iters: 800, epoch: 2 | loss: 0.0699756
	speed: 0.0062s/iter; left time: 115.8739s
	iters: 900, epoch: 2 | loss: 0.0490914
	speed: 0.0070s/iter; left time: 129.1319s
	iters: 1000, epoch: 2 | loss: 0.0555832
	speed: 0.0065s/iter; left time: 119.7472s
	iters: 1100, epoch: 2 | loss: 0.0534137
	speed: 0.0063s/iter; left time: 115.4664s
	iters: 1200, epoch: 2 | loss: 0.0616382
	speed: 0.0068s/iter; left time: 122.9172s
	iters: 1300, epoch: 2 | loss: 0.0499775
	speed: 0.0066s/iter; left time: 118.5119s
	iters: 1400, epoch: 2 | loss: 0.0602332
	speed: 0.0066s/iter; left time: 118.6712s
	iters: 1500, epoch: 2 | loss: 0.0498330
	speed: 0.0066s/iter; left time: 117.6573s
	iters: 1600, epoch: 2 | loss: 0.0449363
	speed: 0.0067s/iter; left time: 119.2304s
	iters: 1700, epoch: 2 | loss: 0.0405253
	speed: 0.0064s/iter; left time: 113.1035s
	iters: 1800, epoch: 2 | loss: 0.0566691
	speed: 0.0067s/iter; left time: 117.2764s
	iters: 1900, epoch: 2 | loss: 0.0503332
	speed: 0.0071s/iter; left time: 124.9579s
	iters: 2000, epoch: 2 | loss: 0.0469605
	speed: 0.0072s/iter; left time: 124.4158s
	iters: 2100, epoch: 2 | loss: 0.0439285
	speed: 0.0074s/iter; left time: 127.9237s
Epoch: 2 cost time: 14.366515398025513
Epoch: 2, Steps: 2154 | Train Loss: 0.0593073 Vali Loss: 0.0569284 Test Loss: 0.0510170
Validation loss decreased (0.107204 --> 0.051017).  Saving model ...
Updating learning rate to 0.0009999999916906579
	iters: 100, epoch: 3 | loss: 0.0405563
	speed: 0.0576s/iter; left time: 986.6683s
	iters: 200, epoch: 3 | loss: 0.0566269
	speed: 0.0072s/iter; left time: 123.0292s
	iters: 300, epoch: 3 | loss: 0.0300603
	speed: 0.0067s/iter; left time: 113.0592s
	iters: 400, epoch: 3 | loss: 0.0347834
	speed: 0.0065s/iter; left time: 110.1931s
	iters: 500, epoch: 3 | loss: 0.0549574
	speed: 0.0072s/iter; left time: 119.6557s
	iters: 600, epoch: 3 | loss: 0.0427336
	speed: 0.0070s/iter; left time: 116.0687s
	iters: 700, epoch: 3 | loss: 0.0354286
	speed: 0.0068s/iter; left time: 113.1357s
	iters: 800, epoch: 3 | loss: 0.0309243
	speed: 0.0070s/iter; left time: 114.2295s
	iters: 900, epoch: 3 | loss: 0.0409200
	speed: 0.0064s/iter; left time: 103.8092s
	iters: 1000, epoch: 3 | loss: 0.0680065
	speed: 0.0072s/iter; left time: 117.4023s
	iters: 1100, epoch: 3 | loss: 0.0435782
	speed: 0.0066s/iter; left time: 105.7186s
	iters: 1200, epoch: 3 | loss: 0.0427203
	speed: 0.0064s/iter; left time: 102.5912s
	iters: 1300, epoch: 3 | loss: 0.0421719
	speed: 0.0071s/iter; left time: 113.1088s
	iters: 1400, epoch: 3 | loss: 0.0341957
	speed: 0.0066s/iter; left time: 104.3968s
	iters: 1500, epoch: 3 | loss: 0.0401666
	speed: 0.0068s/iter; left time: 106.7944s
	iters: 1600, epoch: 3 | loss: 0.0379046
	speed: 0.0073s/iter; left time: 114.8589s
	iters: 1700, epoch: 3 | loss: 0.0482957
	speed: 0.0064s/iter; left time: 100.1438s
	iters: 1800, epoch: 3 | loss: 0.0439663
	speed: 0.0064s/iter; left time: 99.1244s
	iters: 1900, epoch: 3 | loss: 0.0366248
	speed: 0.0064s/iter; left time: 98.8351s
	iters: 2000, epoch: 3 | loss: 0.0375958
	speed: 0.0064s/iter; left time: 96.9863s
	iters: 2100, epoch: 3 | loss: 0.0302495
	speed: 0.0068s/iter; left time: 103.1585s
Epoch: 3 cost time: 14.556094884872437
Epoch: 3, Steps: 2154 | Train Loss: 0.0404138 Vali Loss: 0.0500845 Test Loss: 0.0440128
Validation loss decreased (0.051017 --> 0.044013).  Saving model ...
Updating learning rate to 0.0009619050271543523
	iters: 100, epoch: 4 | loss: 0.0296895
	speed: 0.0589s/iter; left time: 881.6977s
	iters: 200, epoch: 4 | loss: 0.0404537
	speed: 0.0069s/iter; left time: 102.2188s
	iters: 300, epoch: 4 | loss: 0.0378938
	speed: 0.0069s/iter; left time: 102.1151s
	iters: 400, epoch: 4 | loss: 0.0379651
	speed: 0.0068s/iter; left time: 99.0837s
	iters: 500, epoch: 4 | loss: 0.0350313
	speed: 0.0073s/iter; left time: 105.8511s
	iters: 600, epoch: 4 | loss: 0.0339075
	speed: 0.0064s/iter; left time: 93.3612s
	iters: 700, epoch: 4 | loss: 0.0324188
	speed: 0.0068s/iter; left time: 97.9035s
	iters: 800, epoch: 4 | loss: 0.0423145
	speed: 0.0072s/iter; left time: 103.4256s
	iters: 900, epoch: 4 | loss: 0.0344852
	speed: 0.0066s/iter; left time: 93.7872s
	iters: 1000, epoch: 4 | loss: 0.0390524
	speed: 0.0064s/iter; left time: 90.3356s
	iters: 1100, epoch: 4 | loss: 0.0360443
	speed: 0.0072s/iter; left time: 100.1109s
	iters: 1200, epoch: 4 | loss: 0.0449352
	speed: 0.0063s/iter; left time: 87.3275s
	iters: 1300, epoch: 4 | loss: 0.0332330
	speed: 0.0067s/iter; left time: 92.8144s
	iters: 1400, epoch: 4 | loss: 0.0307662
	speed: 0.0070s/iter; left time: 95.8222s
	iters: 1500, epoch: 4 | loss: 0.0363760
	speed: 0.0062s/iter; left time: 84.8585s
	iters: 1600, epoch: 4 | loss: 0.0483915
	speed: 0.0068s/iter; left time: 91.5075s
	iters: 1700, epoch: 4 | loss: 0.0556530
	speed: 0.0070s/iter; left time: 93.5988s
	iters: 1800, epoch: 4 | loss: 0.0361889
	speed: 0.0067s/iter; left time: 88.8065s
	iters: 1900, epoch: 4 | loss: 0.0348837
	speed: 0.0069s/iter; left time: 90.4193s
	iters: 2000, epoch: 4 | loss: 0.0507695
	speed: 0.0070s/iter; left time: 92.0640s
	iters: 2100, epoch: 4 | loss: 0.0324578
	speed: 0.0063s/iter; left time: 81.6468s
Epoch: 4 cost time: 14.583533525466919
Epoch: 4, Steps: 2154 | Train Loss: 0.0377365 Vali Loss: 0.0492890 Test Loss: 0.0433095
Validation loss decreased (0.044013 --> 0.043310).  Saving model ...
Updating learning rate to 0.0008534895138951646
	iters: 100, epoch: 5 | loss: 0.0280484
	speed: 0.0581s/iter; left time: 744.5989s
	iters: 200, epoch: 5 | loss: 0.0485242
	speed: 0.0066s/iter; left time: 83.3923s
	iters: 300, epoch: 5 | loss: 0.0411917
	speed: 0.0066s/iter; left time: 83.5422s
	iters: 400, epoch: 5 | loss: 0.0333687
	speed: 0.0066s/iter; left time: 82.3137s
	iters: 500, epoch: 5 | loss: 0.0354651
	speed: 0.0065s/iter; left time: 81.0981s
	iters: 600, epoch: 5 | loss: 0.0408873
	speed: 0.0066s/iter; left time: 81.8366s
	iters: 700, epoch: 5 | loss: 0.0441191
	speed: 0.0069s/iter; left time: 83.8289s
	iters: 800, epoch: 5 | loss: 0.0385089
	speed: 0.0064s/iter; left time: 77.1394s
	iters: 900, epoch: 5 | loss: 0.0312075
	speed: 0.0069s/iter; left time: 82.6421s
	iters: 1000, epoch: 5 | loss: 0.0404474
	speed: 0.0069s/iter; left time: 82.7541s
	iters: 1100, epoch: 5 | loss: 0.0365535
	speed: 0.0066s/iter; left time: 77.8518s
	iters: 1200, epoch: 5 | loss: 0.0268491
	speed: 0.0077s/iter; left time: 90.5581s
	iters: 1300, epoch: 5 | loss: 0.0382888
	speed: 0.0069s/iter; left time: 79.7186s
	iters: 1400, epoch: 5 | loss: 0.0422126
	speed: 0.0070s/iter; left time: 80.1502s
	iters: 1500, epoch: 5 | loss: 0.0307038
	speed: 0.0069s/iter; left time: 79.2698s
	iters: 1600, epoch: 5 | loss: 0.0329770
	speed: 0.0064s/iter; left time: 72.5606s
	iters: 1700, epoch: 5 | loss: 0.0455933
	speed: 0.0064s/iter; left time: 72.0428s
	iters: 1800, epoch: 5 | loss: 0.0374596
	speed: 0.0069s/iter; left time: 76.8564s
	iters: 1900, epoch: 5 | loss: 0.0377776
	speed: 0.0067s/iter; left time: 74.0798s
	iters: 2000, epoch: 5 | loss: 0.0343037
	speed: 0.0067s/iter; left time: 73.2120s
	iters: 2100, epoch: 5 | loss: 0.0316277
	speed: 0.0069s/iter; left time: 74.8640s
Epoch: 5 cost time: 14.573501110076904
Epoch: 5, Steps: 2154 | Train Loss: 0.0373672 Vali Loss: 0.0492020 Test Loss: 0.0432187
Validation loss decreased (0.043310 --> 0.043219).  Saving model ...
Updating learning rate to 0.0006912587310177311
	iters: 100, epoch: 6 | loss: 0.0366002
	speed: 0.0591s/iter; left time: 630.4107s
	iters: 200, epoch: 6 | loss: 0.0299889
	speed: 0.0066s/iter; left time: 70.0048s
	iters: 300, epoch: 6 | loss: 0.0301372
	speed: 0.0066s/iter; left time: 69.5905s
	iters: 400, epoch: 6 | loss: 0.0364519
	speed: 0.0072s/iter; left time: 74.8073s
	iters: 500, epoch: 6 | loss: 0.0478612
	speed: 0.0065s/iter; left time: 66.2573s
	iters: 600, epoch: 6 | loss: 0.0338159
	speed: 0.0067s/iter; left time: 68.1441s
	iters: 700, epoch: 6 | loss: 0.0445192
	speed: 0.0071s/iter; left time: 71.6359s
	iters: 800, epoch: 6 | loss: 0.0350439
	speed: 0.0068s/iter; left time: 67.3230s
	iters: 900, epoch: 6 | loss: 0.0431380
	speed: 0.0067s/iter; left time: 66.5428s
	iters: 1000, epoch: 6 | loss: 0.0324350
	speed: 0.0075s/iter; left time: 73.0249s
	iters: 1100, epoch: 6 | loss: 0.0390730
	speed: 0.0069s/iter; left time: 66.3861s
	iters: 1200, epoch: 6 | loss: 0.0376502
	speed: 0.0063s/iter; left time: 60.3286s
	iters: 1300, epoch: 6 | loss: 0.0348813
	speed: 0.0067s/iter; left time: 63.0180s
	iters: 1400, epoch: 6 | loss: 0.0312631
	speed: 0.0064s/iter; left time: 59.8685s
	iters: 1500, epoch: 6 | loss: 0.0334197
	speed: 0.0062s/iter; left time: 57.2693s
	iters: 1600, epoch: 6 | loss: 0.0320740
	speed: 0.0069s/iter; left time: 63.0400s
	iters: 1700, epoch: 6 | loss: 0.0475018
	speed: 0.0063s/iter; left time: 57.2463s
	iters: 1800, epoch: 6 | loss: 0.0338988
	speed: 0.0068s/iter; left time: 61.0194s
	iters: 1900, epoch: 6 | loss: 0.0471195
	speed: 0.0069s/iter; left time: 61.4284s
	iters: 2000, epoch: 6 | loss: 0.0340187
	speed: 0.0066s/iter; left time: 57.8300s
	iters: 2100, epoch: 6 | loss: 0.0317270
	speed: 0.0064s/iter; left time: 55.1480s
Epoch: 6 cost time: 14.472296953201294
Epoch: 6, Steps: 2154 | Train Loss: 0.0373419 Vali Loss: 0.0489396 Test Loss: 0.0427300
Validation loss decreased (0.043219 --> 0.042730).  Saving model ...
Updating learning rate to 0.0004999108445894319
	iters: 100, epoch: 7 | loss: 0.0338487
	speed: 0.0590s/iter; left time: 502.4736s
	iters: 200, epoch: 7 | loss: 0.0279166
	speed: 0.0073s/iter; left time: 61.5229s
	iters: 300, epoch: 7 | loss: 0.0397305
	speed: 0.0064s/iter; left time: 53.2869s
	iters: 400, epoch: 7 | loss: 0.0341472
	speed: 0.0066s/iter; left time: 54.2815s
	iters: 500, epoch: 7 | loss: 0.0336200
	speed: 0.0071s/iter; left time: 57.6584s
	iters: 600, epoch: 7 | loss: 0.0377534
	speed: 0.0066s/iter; left time: 53.1022s
	iters: 700, epoch: 7 | loss: 0.0540405
	speed: 0.0069s/iter; left time: 54.7387s
	iters: 800, epoch: 7 | loss: 0.0375822
	speed: 0.0070s/iter; left time: 54.8057s
	iters: 900, epoch: 7 | loss: 0.0392030
	speed: 0.0066s/iter; left time: 51.0402s
	iters: 1000, epoch: 7 | loss: 0.0291116
	speed: 0.0069s/iter; left time: 52.3255s
	iters: 1100, epoch: 7 | loss: 0.0429312
	speed: 0.0073s/iter; left time: 54.9983s
	iters: 1200, epoch: 7 | loss: 0.0331882
	speed: 0.0067s/iter; left time: 49.4781s
	iters: 1300, epoch: 7 | loss: 0.0323186
	speed: 0.0066s/iter; left time: 48.1638s
	iters: 1400, epoch: 7 | loss: 0.0355319
	speed: 0.0069s/iter; left time: 50.0611s
	iters: 1500, epoch: 7 | loss: 0.0351374
	speed: 0.0064s/iter; left time: 45.3030s
	iters: 1600, epoch: 7 | loss: 0.0273727
	speed: 0.0066s/iter; left time: 46.2239s
	iters: 1700, epoch: 7 | loss: 0.0313168
	speed: 0.0068s/iter; left time: 47.0687s
	iters: 1800, epoch: 7 | loss: 0.0450259
	speed: 0.0066s/iter; left time: 45.2536s
	iters: 1900, epoch: 7 | loss: 0.0438425
	speed: 0.0065s/iter; left time: 43.7051s
	iters: 2000, epoch: 7 | loss: 0.0526444
	speed: 0.0070s/iter; left time: 46.2066s
	iters: 2100, epoch: 7 | loss: 0.0372563
	speed: 0.0066s/iter; left time: 43.2586s
Epoch: 7 cost time: 14.61726450920105
Epoch: 7, Steps: 2154 | Train Loss: 0.0373596 Vali Loss: 0.0488423 Test Loss: 0.0428760
EarlyStopping counter: 1 out of 15
Updating learning rate to 0.00030857683574606596
	iters: 100, epoch: 8 | loss: 0.0277632
	speed: 0.0576s/iter; left time: 366.2112s
	iters: 200, epoch: 8 | loss: 0.0338963
	speed: 0.0067s/iter; left time: 41.7627s
	iters: 300, epoch: 8 | loss: 0.0307793
	speed: 0.0066s/iter; left time: 40.5545s
	iters: 400, epoch: 8 | loss: 0.0373005
	speed: 0.0064s/iter; left time: 39.0810s
	iters: 500, epoch: 8 | loss: 0.0382920
	speed: 0.0066s/iter; left time: 39.2577s
	iters: 600, epoch: 8 | loss: 0.0384074
	speed: 0.0071s/iter; left time: 41.8158s
	iters: 700, epoch: 8 | loss: 0.0447163
	speed: 0.0068s/iter; left time: 39.4103s
	iters: 800, epoch: 8 | loss: 0.0442860
	speed: 0.0079s/iter; left time: 44.8648s
	iters: 900, epoch: 8 | loss: 0.0327173
	speed: 0.0081s/iter; left time: 44.8742s
	iters: 1000, epoch: 8 | loss: 0.0401554
	speed: 0.0069s/iter; left time: 37.4451s
	iters: 1100, epoch: 8 | loss: 0.0328631
	speed: 0.0070s/iter; left time: 37.5738s
	iters: 1200, epoch: 8 | loss: 0.0378099
	speed: 0.0072s/iter; left time: 38.1261s
	iters: 1300, epoch: 8 | loss: 0.0406617
	speed: 0.0064s/iter; left time: 33.1965s
	iters: 1400, epoch: 8 | loss: 0.0319846
	speed: 0.0066s/iter; left time: 33.5160s
	iters: 1500, epoch: 8 | loss: 0.0420113
	speed: 0.0073s/iter; left time: 36.1524s
	iters: 1600, epoch: 8 | loss: 0.0318741
	speed: 0.0071s/iter; left time: 34.5272s
	iters: 1700, epoch: 8 | loss: 0.0370674
	speed: 0.0068s/iter; left time: 32.2870s
	iters: 1800, epoch: 8 | loss: 0.0448101
	speed: 0.0074s/iter; left time: 34.3636s
	iters: 1900, epoch: 8 | loss: 0.0346984
	speed: 0.0064s/iter; left time: 29.0066s
	iters: 2000, epoch: 8 | loss: 0.0298872
	speed: 0.0064s/iter; left time: 28.6260s
	iters: 2100, epoch: 8 | loss: 0.0361295
	speed: 0.0067s/iter; left time: 29.0235s
Epoch: 8 cost time: 14.889122486114502
Epoch: 8, Steps: 2154 | Train Loss: 0.0373650 Vali Loss: 0.0488481 Test Loss: 0.0428337
EarlyStopping counter: 2 out of 15
Updating learning rate to 0.00014638557288692642
	iters: 100, epoch: 9 | loss: 0.0330142
	speed: 0.0575s/iter; left time: 242.1357s
	iters: 200, epoch: 9 | loss: 0.0289210
	speed: 0.0069s/iter; left time: 28.3499s
	iters: 300, epoch: 9 | loss: 0.0592814
	speed: 0.0074s/iter; left time: 29.5093s
	iters: 400, epoch: 9 | loss: 0.0324156
	speed: 0.0067s/iter; left time: 26.1993s
	iters: 500, epoch: 9 | loss: 0.0476669
	speed: 0.0066s/iter; left time: 25.0520s
	iters: 600, epoch: 9 | loss: 0.0403378
	speed: 0.0077s/iter; left time: 28.4184s
	iters: 700, epoch: 9 | loss: 0.0343021
	speed: 0.0075s/iter; left time: 27.0478s
	iters: 800, epoch: 9 | loss: 0.0367405
	speed: 0.0067s/iter; left time: 23.6588s
	iters: 900, epoch: 9 | loss: 0.0393367
	speed: 0.0063s/iter; left time: 21.5619s
	iters: 1000, epoch: 9 | loss: 0.0351844
	speed: 0.0071s/iter; left time: 23.4790s
	iters: 1100, epoch: 9 | loss: 0.0362087
	speed: 0.0069s/iter; left time: 22.0605s
	iters: 1200, epoch: 9 | loss: 0.0280552
	speed: 0.0064s/iter; left time: 19.7640s
	iters: 1300, epoch: 9 | loss: 0.0460680
	speed: 0.0071s/iter; left time: 21.4317s
	iters: 1400, epoch: 9 | loss: 0.0337713
	speed: 0.0067s/iter; left time: 19.5011s
	iters: 1500, epoch: 9 | loss: 0.0344105
	speed: 0.0064s/iter; left time: 18.0544s
	iters: 1600, epoch: 9 | loss: 0.0368411
	speed: 0.0070s/iter; left time: 18.9407s
	iters: 1700, epoch: 9 | loss: 0.0384516
	speed: 0.0063s/iter; left time: 16.4681s
	iters: 1800, epoch: 9 | loss: 0.0473056
	speed: 0.0065s/iter; left time: 16.2415s
	iters: 1900, epoch: 9 | loss: 0.0432740
	speed: 0.0071s/iter; left time: 17.0558s
	iters: 2000, epoch: 9 | loss: 0.0348399
	speed: 0.0064s/iter; left time: 14.8145s
	iters: 2100, epoch: 9 | loss: 0.0378519
	speed: 0.0065s/iter; left time: 14.4308s
Epoch: 9 cost time: 14.683746099472046
Epoch: 9, Steps: 2154 | Train Loss: 0.0373545 Vali Loss: 0.0489351 Test Loss: 0.0426117
Validation loss decreased (0.042730 --> 0.042612).  Saving model ...
Updating learning rate to 3.802920551485804e-05
	iters: 100, epoch: 10 | loss: 0.0357822
	speed: 0.0582s/iter; left time: 119.5755s
	iters: 200, epoch: 10 | loss: 0.0324593
	speed: 0.0067s/iter; left time: 13.0251s
	iters: 300, epoch: 10 | loss: 0.0348776
	speed: 0.0069s/iter; left time: 12.8383s
	iters: 400, epoch: 10 | loss: 0.0439070
	speed: 0.0062s/iter; left time: 10.8317s
	iters: 500, epoch: 10 | loss: 0.0377312
	speed: 0.0066s/iter; left time: 10.8820s
	iters: 600, epoch: 10 | loss: 0.0405438
	speed: 0.0069s/iter; left time: 10.7647s
	iters: 700, epoch: 10 | loss: 0.0318608
	speed: 0.0069s/iter; left time: 9.9953s
	iters: 800, epoch: 10 | loss: 0.0264411
	speed: 0.0062s/iter; left time: 8.4114s
	iters: 900, epoch: 10 | loss: 0.0464535
	speed: 0.0070s/iter; left time: 8.7697s
	iters: 1000, epoch: 10 | loss: 0.0395989
	speed: 0.0062s/iter; left time: 7.1938s
	iters: 1100, epoch: 10 | loss: 0.0496102
	speed: 0.0065s/iter; left time: 6.8356s
	iters: 1200, epoch: 10 | loss: 0.0352564
	speed: 0.0076s/iter; left time: 7.2736s
	iters: 1300, epoch: 10 | loss: 0.0432971
	speed: 0.0068s/iter; left time: 5.8064s
	iters: 1400, epoch: 10 | loss: 0.0359424
	speed: 0.0062s/iter; left time: 4.6538s
	iters: 1500, epoch: 10 | loss: 0.0410032
	speed: 0.0068s/iter; left time: 4.4221s
	iters: 1600, epoch: 10 | loss: 0.0392835
	speed: 0.0069s/iter; left time: 3.8108s
	iters: 1700, epoch: 10 | loss: 0.0340752
	speed: 0.0064s/iter; left time: 2.8899s
	iters: 1800, epoch: 10 | loss: 0.0354439
	speed: 0.0067s/iter; left time: 2.3901s
	iters: 1900, epoch: 10 | loss: 0.0312092
	speed: 0.0065s/iter; left time: 1.6643s
	iters: 2000, epoch: 10 | loss: 0.0391874
	speed: 0.0064s/iter; left time: 0.9976s
	iters: 2100, epoch: 10 | loss: 0.0411884
	speed: 0.0070s/iter; left time: 0.3870s
Epoch: 10 cost time: 14.427514791488647
Epoch: 10, Steps: 2154 | Train Loss: 0.0371181 Vali Loss: 0.0486130 Test Loss: 0.0425793
Validation loss decreased (0.042612 --> 0.042579).  Saving model ...
Updating learning rate to 4.008309342172464e-09
>>>>>>>testing : imputation_IMPP_ETTm1_u5_none_SparseTSFPlus_ETTm1_sl96_pl0_dm16_nh8_el2_dl1_df32_fc1_ebtimeF_dtTrue_ImpP_0<<<<<<<<<<<<<<<<<<<<<<<<<<<<<<<<<
test 11521
test shape: (11520, 96, 7) (11520, 96, 7)
mse:0.042976103723049164, mae:0.1259324997663498
