Args in experiment:
Namespace(activation='gelu', anomaly_ratio=0.25, batch_size=16, c_out=7, channel_independence=1, checkpoints='./checkpoints/', comment='none', d_ff=32, d_layers=1, d_model=16, data='ETTm1', data_path='ETTm1.csv', dec_in=7, decomp_method='moving_avg', des='ImpP', devices='0,1', distil=True, down_sampling_layers=0, down_sampling_method='avg', down_sampling_window=1, drop_last=True, dropout=0.1, e_layers=2, embed='timeF', emissions_file='emissions.csv', emissions_output_dir='.', enc_in=7, factor=1, features='M', freq='h', gpu=0, inverse=False, is_training=1, itr=1, label_len=0, learning_rate=0.001, loss='MSE', lradj='TST', mask_rate=0.375, model='SparseTSFPlus', model_id='IMPP_ETTm1_passes2', model_type='linear', moving_avg=25, n_heads=8, num_kernels=6, num_workers=0, output_attention=False, p_hidden_dims=[128, 128], p_hidden_layers=2, patience=15, pct_start=0.2, percent=100, period_len=4, pred_len=0, root_path='<workspace>\\dataset\\ETT-small', seasonal_patterns='Monthly', seq_len=96, stsf_cls_head='flat', stsf_decomp='off', stsf_decomp_kernel=25, stsf_diag_mask=0, stsf_impute_passes=2, stsf_linear_bias=0, stsf_mask_conv=0, stsf_pad_fold=0, stsf_periods='', stsf_phase_kernel=3, stsf_phase_mix='off', stsf_phase_rank=0, stsf_revin=0, stsf_revin_affine=0, target='OT', task_name='imputation', top_k=5, track_emissions=0, train_epochs=10, use_amp=False, use_future_temporal_feature=0, use_gpu=True, use_multi_gpu=False, use_norm=1)
Use GPU: cuda:0
trainable_params:581
units:impute_passes=2
>>>>>>>start training : imputation_IMPP_ETTm1_passes2_none_SparseTSFPlus_ETTm1_sl96_pl0_dm16_nh8_el2_dl1_df32_fc1_ebtimeF_dtTrue_ImpP_0>>>>>>>>>>>>>>>>>>>>>>>>>>
train 34465
val 11521
test 11521
	iters: 100, epoch: 1 | loss: 0.4688239
	speed: 0.0290s/iter; left time: 620.8614s
	iters: 200, epoch: 1 | loss: 0.2941923
	speed: 0.0063s/iter; left time: 134.4803s
	iters: 300, epoch: 1 | loss: 0.4861084
	speed: 0.0062s/iter; left time: 131.5449s
	iters: 400, epoch: 1 | loss: 0.4103393
	speed: 0.0064s/iter; left time: 134.9891s
	iters: 500, epoch: 1 | loss: 0.3645715
	speed: 0.0063s/iter; left time: 132.0202s
	iters: 600, epoch: 1 | loss: 0.3365892
	speed: 0.0061s/iter; left time: 127.8422s
	iters: 700, epoch: 1 | loss: 0.3200547
	speed: 0.0065s/iter; left time: 136.1564s
	iters: 800, epoch: 1 | loss: 0.3552875
	speed: 0.0062s/iter; left time: 128.8145s
	iters: 900, epoch: 1 | loss: 0.2300988
	speed: 0.0059s/iter; left time: 122.6740s
	iters: 1000, epoch: 1 | loss: 0.2429867
	speed: 0.0067s/iter; left time: 137.7440s
	iters: 1100, epoch: 1 | loss: 0.1989796
	speed: 0.0064s/iter; left time: 130.3021s
	iters: 1200, epoch: 1 | loss: 0.2185511
	speed: 0.0064s/iter; left time: 130.4818s
	iters: 1300, epoch: 1 | loss: 0.1484919
	speed: 0.0071s/iter; left time: 144.4466s
	iters: 1400, epoch: 1 | loss: 0.1287061
	speed: 0.0063s/iter; left time: 126.2452s
	iters: 1500, epoch: 1 | loss: 0.1364931
	speed: 0.0063s/iter; left time: 126.7964s
	iters: 1600, epoch: 1 | loss: 0.1079124
	speed: 0.0067s/iter; left time: 134.2581s
	iters: 1700, epoch: 1 | loss: 0.1119814
	speed: 0.0060s/iter; left time: 119.3815s
	iters: 1800, epoch: 1 | loss: 0.1009686
	speed: 0.0062s/iter; left time: 122.1676s
	iters: 1900, epoch: 1 | loss: 0.1037813
	speed: 0.0071s/iter; left time: 139.3240s
	iters: 2000, epoch: 1 | loss: 0.1306883
	speed: 0.0063s/iter; left time: 123.0888s
	iters: 2100, epoch: 1 | loss: 0.0880385
	speed: 0.0060s/iter; left time: 116.0291s
Epoch: 1 cost time: 15.977375268936157
Epoch: 1, Steps: 2154 | Train Loss: 0.2581033 Vali Loss: 0.1090251 Test Loss: 0.1179436
Validation loss decreased (inf --> 0.117944).  Saving model ...
Updating learning rate to 0.0005201750597214178
	iters: 100, epoch: 2 | loss: 0.1001229
	speed: 0.0552s/iter; left time: 1065.4249s
	iters: 200, epoch: 2 | loss: 0.1057181
	speed: 0.0078s/iter; left time: 149.8789s
	iters: 300, epoch: 2 | loss: 0.0830789
	speed: 0.0063s/iter; left time: 120.2436s
	iters: 400, epoch: 2 | loss: 0.0903687
	speed: 0.0062s/iter; left time: 117.5240s
	iters: 500, epoch: 2 | loss: 0.0722406
	speed: 0.0065s/iter; left time: 122.8685s
	iters: 600, epoch: 2 | loss: 0.0734535
	speed: 0.0068s/iter; left time: 127.0440s
	iters: 700, epoch: 2 | loss: 0.0536096
	speed: 0.0065s/iter; left time: 120.8573s
	iters: 800, epoch: 2 | loss: 0.0755860
	speed: 0.0066s/iter; left time: 122.8752s
	iters: 900, epoch: 2 | loss: 0.0547938
	speed: 0.0067s/iter; left time: 123.1753s
	iters: 1000, epoch: 2 | loss: 0.0644093
	speed: 0.0067s/iter; left time: 122.9063s
	iters: 1100, epoch: 2 | loss: 0.0578922
	speed: 0.0063s/iter; left time: 115.4359s
	iters: 1200, epoch: 2 | loss: 0.0652989
	speed: 0.0075s/iter; left time: 136.8374s
	iters: 1300, epoch: 2 | loss: 0.0530729
	speed: 0.0061s/iter; left time: 110.9087s
	iters: 1400, epoch: 2 | loss: 0.0636066
	speed: 0.0068s/iter; left time: 122.4000s
	iters: 1500, epoch: 2 | loss: 0.0526136
	speed: 0.0063s/iter; left time: 112.7462s
	iters: 1600, epoch: 2 | loss: 0.0525921
	speed: 0.0064s/iter; left time: 114.7172s
	iters: 1700, epoch: 2 | loss: 0.0444972
	speed: 0.0063s/iter; left time: 111.7894s
	iters: 1800, epoch: 2 | loss: 0.0595056
	speed: 0.0069s/iter; left time: 120.9275s
	iters: 1900, epoch: 2 | loss: 0.0552194
	speed: 0.0061s/iter; left time: 107.2881s
	iters: 2000, epoch: 2 | loss: 0.0518844
	speed: 0.0063s/iter; left time: 110.2876s
	iters: 2100, epoch: 2 | loss: 0.0525273
	speed: 0.0065s/iter; left time: 112.3118s
Epoch: 2 cost time: 14.196403980255127
Epoch: 2, Steps: 2154 | Train Loss: 0.0650078 Vali Loss: 0.0670895 Test Loss: 0.0618466
Validation loss decreased (0.117944 --> 0.061847).  Saving model ...
Updating learning rate to 0.0009999999916906579
	iters: 100, epoch: 3 | loss: 0.0459446
	speed: 0.0543s/iter; left time: 929.6065s
	iters: 200, epoch: 3 | loss: 0.0596210
	speed: 0.0072s/iter; left time: 122.8222s
	iters: 300, epoch: 3 | loss: 0.0363839
	speed: 0.0063s/iter; left time: 106.5091s
	iters: 400, epoch: 3 | loss: 0.0402958
	speed: 0.0060s/iter; left time: 101.1919s
	iters: 500, epoch: 3 | loss: 0.0636518
	speed: 0.0067s/iter; left time: 111.3535s
	iters: 600, epoch: 3 | loss: 0.0527102
	speed: 0.0064s/iter; left time: 107.0742s
	iters: 700, epoch: 3 | loss: 0.0419671
	speed: 0.0063s/iter; left time: 104.2202s
	iters: 800, epoch: 3 | loss: 0.0384297
	speed: 0.0067s/iter; left time: 109.5622s
	iters: 900, epoch: 3 | loss: 0.0490667
	speed: 0.0063s/iter; left time: 102.1506s
	iters: 1000, epoch: 3 | loss: 0.0744881
	speed: 0.0062s/iter; left time: 100.1757s
	iters: 1100, epoch: 3 | loss: 0.0562123
	speed: 0.0068s/iter; left time: 109.4649s
	iters: 1200, epoch: 3 | loss: 0.0492908
	speed: 0.0066s/iter; left time: 105.8955s
	iters: 1300, epoch: 3 | loss: 0.0482768
	speed: 0.0065s/iter; left time: 104.2090s
	iters: 1400, epoch: 3 | loss: 0.0406769
	speed: 0.0069s/iter; left time: 108.9771s
	iters: 1500, epoch: 3 | loss: 0.0499724
	speed: 0.0063s/iter; left time: 99.4032s
	iters: 1600, epoch: 3 | loss: 0.0475665
	speed: 0.0067s/iter; left time: 104.5068s
	iters: 1700, epoch: 3 | loss: 0.0579086
	speed: 0.0062s/iter; left time: 96.0819s
	iters: 1800, epoch: 3 | loss: 0.0527275
	speed: 0.0067s/iter; left time: 103.8095s
	iters: 1900, epoch: 3 | loss: 0.0445807
	speed: 0.0066s/iter; left time: 101.8045s
	iters: 2000, epoch: 3 | loss: 0.0445774
	speed: 0.0064s/iter; left time: 96.9500s
	iters: 2100, epoch: 3 | loss: 0.0370750
	speed: 0.0067s/iter; left time: 101.6567s
Epoch: 3 cost time: 14.017772197723389
Epoch: 3, Steps: 2154 | Train Loss: 0.0474225 Vali Loss: 0.0617971 Test Loss: 0.0567331
Validation loss decreased (0.061847 --> 0.056733).  Saving model ...
Updating learning rate to 0.0009619050271543523
	iters: 100, epoch: 4 | loss: 0.0350980
	speed: 0.0531s/iter; left time: 794.9473s
	iters: 200, epoch: 4 | loss: 0.0476959
	speed: 0.0067s/iter; left time: 99.8359s
	iters: 300, epoch: 4 | loss: 0.0452266
	speed: 0.0063s/iter; left time: 93.2103s
	iters: 400, epoch: 4 | loss: 0.0471401
	speed: 0.0063s/iter; left time: 93.1101s
	iters: 500, epoch: 4 | loss: 0.0419335
	speed: 0.0071s/iter; left time: 103.1418s
	iters: 600, epoch: 4 | loss: 0.0402961
	speed: 0.0065s/iter; left time: 94.0579s
	iters: 700, epoch: 4 | loss: 0.0379597
	speed: 0.0063s/iter; left time: 90.5034s
	iters: 800, epoch: 4 | loss: 0.0478027
	speed: 0.0073s/iter; left time: 103.5582s
	iters: 900, epoch: 4 | loss: 0.0373099
	speed: 0.0063s/iter; left time: 89.8905s
	iters: 1000, epoch: 4 | loss: 0.0447505
	speed: 0.0064s/iter; left time: 90.4976s
	iters: 1100, epoch: 4 | loss: 0.0438977
	speed: 0.0067s/iter; left time: 93.6821s
	iters: 1200, epoch: 4 | loss: 0.0498769
	speed: 0.0065s/iter; left time: 89.6791s
	iters: 1300, epoch: 4 | loss: 0.0374677
	speed: 0.0064s/iter; left time: 87.5723s
	iters: 1400, epoch: 4 | loss: 0.0356042
	speed: 0.0069s/iter; left time: 94.0402s
	iters: 1500, epoch: 4 | loss: 0.0403843
	speed: 0.0064s/iter; left time: 86.5121s
	iters: 1600, epoch: 4 | loss: 0.0600601
	speed: 0.0064s/iter; left time: 86.1192s
	iters: 1700, epoch: 4 | loss: 0.0608880
	speed: 0.0068s/iter; left time: 91.2405s
	iters: 1800, epoch: 4 | loss: 0.0433471
	speed: 0.0063s/iter; left time: 83.6359s
	iters: 1900, epoch: 4 | loss: 0.0383306
	speed: 0.0063s/iter; left time: 82.4179s
	iters: 2000, epoch: 4 | loss: 0.0565540
	speed: 0.0074s/iter; left time: 96.3764s
	iters: 2100, epoch: 4 | loss: 0.0407838
	speed: 0.0063s/iter; left time: 82.3550s
Epoch: 4 cost time: 14.146577835083008
Epoch: 4, Steps: 2154 | Train Loss: 0.0440244 Vali Loss: 0.0578751 Test Loss: 0.0525831
Validation loss decreased (0.056733 --> 0.052583).  Saving model ...
Updating learning rate to 0.0008534895138951646
	iters: 100, epoch: 5 | loss: 0.0321549
	speed: 0.0541s/iter; left time: 694.1368s
	iters: 200, epoch: 5 | loss: 0.0539769
	speed: 0.0062s/iter; left time: 79.0307s
	iters: 300, epoch: 5 | loss: 0.0463111
	speed: 0.0063s/iter; left time: 79.2721s
	iters: 400, epoch: 5 | loss: 0.0366821
	speed: 0.0064s/iter; left time: 80.6665s
	iters: 500, epoch: 5 | loss: 0.0413282
	speed: 0.0062s/iter; left time: 76.9279s
	iters: 600, epoch: 5 | loss: 0.0461319
	speed: 0.0062s/iter; left time: 76.6908s
	iters: 700, epoch: 5 | loss: 0.0505758
	speed: 0.0067s/iter; left time: 81.9661s
	iters: 800, epoch: 5 | loss: 0.0427976
	speed: 0.0064s/iter; left time: 77.1412s
	iters: 900, epoch: 5 | loss: 0.0358046
	speed: 0.0062s/iter; left time: 74.2038s
	iters: 1000, epoch: 5 | loss: 0.0445646
	speed: 0.0068s/iter; left time: 81.3756s
	iters: 1100, epoch: 5 | loss: 0.0419828
	speed: 0.0065s/iter; left time: 77.2190s
	iters: 1200, epoch: 5 | loss: 0.0318081
	speed: 0.0064s/iter; left time: 75.2777s
	iters: 1300, epoch: 5 | loss: 0.0438136
	speed: 0.0067s/iter; left time: 77.5489s
	iters: 1400, epoch: 5 | loss: 0.0465228
	speed: 0.0062s/iter; left time: 71.2585s
	iters: 1500, epoch: 5 | loss: 0.0359878
	speed: 0.0070s/iter; left time: 79.6050s
	iters: 1600, epoch: 5 | loss: 0.0372996
	speed: 0.0070s/iter; left time: 79.5699s
	iters: 1700, epoch: 5 | loss: 0.0514923
	speed: 0.0065s/iter; left time: 73.0359s
	iters: 1800, epoch: 5 | loss: 0.0421446
	speed: 0.0070s/iter; left time: 77.3279s
	iters: 1900, epoch: 5 | loss: 0.0433164
	speed: 0.0068s/iter; left time: 74.7166s
	iters: 2000, epoch: 5 | loss: 0.0408682
	speed: 0.0058s/iter; left time: 63.4806s
	iters: 2100, epoch: 5 | loss: 0.0367976
	speed: 0.0060s/iter; left time: 64.4768s
Epoch: 5 cost time: 13.887449741363525
Epoch: 5, Steps: 2154 | Train Loss: 0.0425875 Vali Loss: 0.0572210 Test Loss: 0.0521314
Validation loss decreased (0.052583 --> 0.052131).  Saving model ...
Updating learning rate to 0.0006912587310177311
	iters: 100, epoch: 6 | loss: 0.0437673
	speed: 0.0554s/iter; left time: 591.1343s
	iters: 200, epoch: 6 | loss: 0.0336710
	speed: 0.0062s/iter; left time: 65.8071s
	iters: 300, epoch: 6 | loss: 0.0347734
	speed: 0.0068s/iter; left time: 71.5828s
	iters: 400, epoch: 6 | loss: 0.0406284
	speed: 0.0062s/iter; left time: 64.2537s
	iters: 500, epoch: 6 | loss: 0.0532745
	speed: 0.0070s/iter; left time: 71.9067s
	iters: 600, epoch: 6 | loss: 0.0404600
	speed: 0.0072s/iter; left time: 73.6937s
	iters: 700, epoch: 6 | loss: 0.0484130
	speed: 0.0065s/iter; left time: 65.4355s
	iters: 800, epoch: 6 | loss: 0.0386169
	speed: 0.0064s/iter; left time: 63.3880s
	iters: 900, epoch: 6 | loss: 0.0512258
	speed: 0.0069s/iter; left time: 67.8392s
	iters: 1000, epoch: 6 | loss: 0.0373410
	speed: 0.0064s/iter; left time: 62.6771s
	iters: 1100, epoch: 6 | loss: 0.0444835
	speed: 0.0066s/iter; left time: 63.9170s
	iters: 1200, epoch: 6 | loss: 0.0420208
	speed: 0.0067s/iter; left time: 64.2563s
	iters: 1300, epoch: 6 | loss: 0.0404657
	speed: 0.0062s/iter; left time: 58.7364s
	iters: 1400, epoch: 6 | loss: 0.0349211
	speed: 0.0063s/iter; left time: 59.2967s
	iters: 1500, epoch: 6 | loss: 0.0375938
	speed: 0.0070s/iter; left time: 65.1778s
	iters: 1600, epoch: 6 | loss: 0.0381081
	speed: 0.0066s/iter; left time: 60.2737s
	iters: 1700, epoch: 6 | loss: 0.0525168
	speed: 0.0063s/iter; left time: 56.8280s
	iters: 1800, epoch: 6 | loss: 0.0391751
	speed: 0.0069s/iter; left time: 61.9195s
	iters: 1900, epoch: 6 | loss: 0.0560776
	speed: 0.0065s/iter; left time: 57.2754s
	iters: 2000, epoch: 6 | loss: 0.0379988
	speed: 0.0063s/iter; left time: 55.1471s
	iters: 2100, epoch: 6 | loss: 0.0385620
	speed: 0.0069s/iter; left time: 59.5326s
Epoch: 6 cost time: 14.17530870437622
Epoch: 6, Steps: 2154 | Train Loss: 0.0425221 Vali Loss: 0.0571593 Test Loss: 0.0518318
Validation loss decreased (0.052131 --> 0.051832).  Saving model ...
Updating learning rate to 0.0004999108445894319
	iters: 100, epoch: 7 | loss: 0.0382981
	speed: 0.0537s/iter; left time: 456.9911s
	iters: 200, epoch: 7 | loss: 0.0346791
	speed: 0.0061s/iter; left time: 51.4190s
	iters: 300, epoch: 7 | loss: 0.0433603
	speed: 0.0063s/iter; left time: 52.3262s
	iters: 400, epoch: 7 | loss: 0.0397603
	speed: 0.0062s/iter; left time: 51.1678s
	iters: 500, epoch: 7 | loss: 0.0400842
	speed: 0.0059s/iter; left time: 47.7194s
	iters: 600, epoch: 7 | loss: 0.0428549
	speed: 0.0057s/iter; left time: 45.8943s
	iters: 700, epoch: 7 | loss: 0.0573124
	speed: 0.0067s/iter; left time: 52.7547s
	iters: 800, epoch: 7 | loss: 0.0437334
	speed: 0.0060s/iter; left time: 46.7195s
	iters: 900, epoch: 7 | loss: 0.0445113
	speed: 0.0061s/iter; left time: 46.6927s
	iters: 1000, epoch: 7 | loss: 0.0322797
	speed: 0.0061s/iter; left time: 46.7891s
	iters: 1100, epoch: 7 | loss: 0.0492616
	speed: 0.0060s/iter; left time: 44.9507s
	iters: 1200, epoch: 7 | loss: 0.0382973
	speed: 0.0061s/iter; left time: 45.2625s
	iters: 1300, epoch: 7 | loss: 0.0360621
	speed: 0.0065s/iter; left time: 47.3113s
	iters: 1400, epoch: 7 | loss: 0.0385041
	speed: 0.0068s/iter; left time: 49.0162s
	iters: 1500, epoch: 7 | loss: 0.0399873
	speed: 0.0063s/iter; left time: 45.1368s
	iters: 1600, epoch: 7 | loss: 0.0322172
	speed: 0.0068s/iter; left time: 47.6748s
	iters: 1700, epoch: 7 | loss: 0.0353689
	speed: 0.0062s/iter; left time: 42.6161s
	iters: 1800, epoch: 7 | loss: 0.0541766
	speed: 0.0064s/iter; left time: 43.5454s
	iters: 1900, epoch: 7 | loss: 0.0494764
	speed: 0.0063s/iter; left time: 42.5800s
	iters: 2000, epoch: 7 | loss: 0.0568598
	speed: 0.0069s/iter; left time: 45.6379s
	iters: 2100, epoch: 7 | loss: 0.0450637
	speed: 0.0063s/iter; left time: 41.2066s
Epoch: 7 cost time: 13.563542127609253
Epoch: 7, Steps: 2154 | Train Loss: 0.0425071 Vali Loss: 0.0571848 Test Loss: 0.0521171
EarlyStopping counter: 1 out of 15
Updating learning rate to 0.00030857683574606596
	iters: 100, epoch: 8 | loss: 0.0317505
	speed: 0.0552s/iter; left time: 351.3260s
	iters: 200, epoch: 8 | loss: 0.0429573
	speed: 0.0061s/iter; left time: 37.9412s
	iters: 300, epoch: 8 | loss: 0.0340840
	speed: 0.0067s/iter; left time: 41.2013s
	iters: 400, epoch: 8 | loss: 0.0459532
	speed: 0.0067s/iter; left time: 40.8499s
	iters: 500, epoch: 8 | loss: 0.0425150
	speed: 0.0065s/iter; left time: 38.7678s
	iters: 600, epoch: 8 | loss: 0.0448173
	speed: 0.0069s/iter; left time: 40.3698s
	iters: 700, epoch: 8 | loss: 0.0557334
	speed: 0.0064s/iter; left time: 36.9352s
	iters: 800, epoch: 8 | loss: 0.0496946
	speed: 0.0064s/iter; left time: 36.2109s
	iters: 900, epoch: 8 | loss: 0.0360687
	speed: 0.0070s/iter; left time: 38.8371s
	iters: 1000, epoch: 8 | loss: 0.0471862
	speed: 0.0069s/iter; left time: 37.5624s
	iters: 1100, epoch: 8 | loss: 0.0395542
	speed: 0.0061s/iter; left time: 32.7935s
	iters: 1200, epoch: 8 | loss: 0.0445421
	speed: 0.0061s/iter; left time: 32.0649s
	iters: 1300, epoch: 8 | loss: 0.0452634
	speed: 0.0061s/iter; left time: 31.3548s
	iters: 1400, epoch: 8 | loss: 0.0398107
	speed: 0.0069s/iter; left time: 35.1698s
	iters: 1500, epoch: 8 | loss: 0.0486196
	speed: 0.0063s/iter; left time: 31.0693s
	iters: 1600, epoch: 8 | loss: 0.0361822
	speed: 0.0062s/iter; left time: 30.3640s
	iters: 1700, epoch: 8 | loss: 0.0423528
	speed: 0.0065s/iter; left time: 30.9145s
	iters: 1800, epoch: 8 | loss: 0.0497370
	speed: 0.0064s/iter; left time: 29.8410s
	iters: 1900, epoch: 8 | loss: 0.0411820
	speed: 0.0062s/iter; left time: 28.3162s
	iters: 2000, epoch: 8 | loss: 0.0347873
	speed: 0.0065s/iter; left time: 29.0794s
	iters: 2100, epoch: 8 | loss: 0.0419656
	speed: 0.0062s/iter; left time: 27.2260s
Epoch: 8 cost time: 13.91112995147705
Epoch: 8, Steps: 2154 | Train Loss: 0.0426429 Vali Loss: 0.0571799 Test Loss: 0.0519701
EarlyStopping counter: 2 out of 15
Updating learning rate to 0.00014638557288692642
	iters: 100, epoch: 9 | loss: 0.0371667
	speed: 0.0568s/iter; left time: 239.2608s
	iters: 200, epoch: 9 | loss: 0.0328143
	speed: 0.0066s/iter; left time: 27.1485s
	iters: 300, epoch: 9 | loss: 0.0622125
	speed: 0.0062s/iter; left time: 24.8187s
	iters: 400, epoch: 9 | loss: 0.0378935
	speed: 0.0066s/iter; left time: 25.7166s
	iters: 500, epoch: 9 | loss: 0.0507943
	speed: 0.0061s/iter; left time: 23.4032s
	iters: 600, epoch: 9 | loss: 0.0444279
	speed: 0.0066s/iter; left time: 24.4306s
	iters: 700, epoch: 9 | loss: 0.0404267
	speed: 0.0070s/iter; left time: 25.4229s
	iters: 800, epoch: 9 | loss: 0.0414719
	speed: 0.0062s/iter; left time: 21.7991s
	iters: 900, epoch: 9 | loss: 0.0440587
	speed: 0.0066s/iter; left time: 22.4343s
	iters: 1000, epoch: 9 | loss: 0.0428083
	speed: 0.0069s/iter; left time: 22.7276s
	iters: 1100, epoch: 9 | loss: 0.0414975
	speed: 0.0063s/iter; left time: 20.1450s
	iters: 1200, epoch: 9 | loss: 0.0326663
	speed: 0.0060s/iter; left time: 18.6324s
	iters: 1300, epoch: 9 | loss: 0.0491921
	speed: 0.0069s/iter; left time: 20.8351s
	iters: 1400, epoch: 9 | loss: 0.0396203
	speed: 0.0061s/iter; left time: 17.6603s
	iters: 1500, epoch: 9 | loss: 0.0386268
	speed: 0.0059s/iter; left time: 16.5543s
	iters: 1600, epoch: 9 | loss: 0.0415745
	speed: 0.0065s/iter; left time: 17.5302s
	iters: 1700, epoch: 9 | loss: 0.0443593
	speed: 0.0064s/iter; left time: 16.8174s
	iters: 1800, epoch: 9 | loss: 0.0522424
	speed: 0.0066s/iter; left time: 16.6389s
	iters: 1900, epoch: 9 | loss: 0.0458671
	speed: 0.0064s/iter; left time: 15.4117s
	iters: 2000, epoch: 9 | loss: 0.0405641
	speed: 0.0064s/iter; left time: 14.8579s
	iters: 2100, epoch: 9 | loss: 0.0423372
	speed: 0.0063s/iter; left time: 14.0027s
Epoch: 9 cost time: 13.932211875915527
Epoch: 9, Steps: 2154 | Train Loss: 0.0425927 Vali Loss: 0.0571911 Test Loss: 0.0518451
EarlyStopping counter: 3 out of 15
Updating learning rate to 3.802920551485804e-05
	iters: 100, epoch: 10 | loss: 0.0430017
	speed: 0.0542s/iter; left time: 111.4309s
	iters: 200, epoch: 10 | loss: 0.0373352
	speed: 0.0064s/iter; left time: 12.4753s
	iters: 300, epoch: 10 | loss: 0.0420069
	speed: 0.0063s/iter; left time: 11.6717s
	iters: 400, epoch: 10 | loss: 0.0493582
	speed: 0.0065s/iter; left time: 11.4493s
	iters: 500, epoch: 10 | loss: 0.0444250
	speed: 0.0062s/iter; left time: 10.2228s
	iters: 600, epoch: 10 | loss: 0.0486020
	speed: 0.0063s/iter; left time: 9.8407s
	iters: 700, epoch: 10 | loss: 0.0360773
	speed: 0.0065s/iter; left time: 9.4900s
	iters: 800, epoch: 10 | loss: 0.0296863
	speed: 0.0063s/iter; left time: 8.5229s
	iters: 900, epoch: 10 | loss: 0.0535060
	speed: 0.0060s/iter; left time: 7.5506s
	iters: 1000, epoch: 10 | loss: 0.0442068
	speed: 0.0066s/iter; left time: 7.6724s
	iters: 1100, epoch: 10 | loss: 0.0568602
	speed: 0.0067s/iter; left time: 7.0413s
	iters: 1200, epoch: 10 | loss: 0.0414724
	speed: 0.0063s/iter; left time: 5.9738s
	iters: 1300, epoch: 10 | loss: 0.0485711
	speed: 0.0061s/iter; left time: 5.2413s
	iters: 1400, epoch: 10 | loss: 0.0435860
	speed: 0.0066s/iter; left time: 4.9456s
	iters: 1500, epoch: 10 | loss: 0.0465183
	speed: 0.0061s/iter; left time: 3.9988s
	iters: 1600, epoch: 10 | loss: 0.0439306
	speed: 0.0058s/iter; left time: 3.2158s
	iters: 1700, epoch: 10 | loss: 0.0381864
	speed: 0.0063s/iter; left time: 2.8576s
	iters: 1800, epoch: 10 | loss: 0.0431102
	speed: 0.0059s/iter; left time: 2.1053s
	iters: 1900, epoch: 10 | loss: 0.0357019
	speed: 0.0062s/iter; left time: 1.5689s
	iters: 2000, epoch: 10 | loss: 0.0430222
	speed: 0.0064s/iter; left time: 0.9939s
	iters: 2100, epoch: 10 | loss: 0.0476956
	speed: 0.0065s/iter; left time: 0.3597s
Epoch: 10 cost time: 13.586579322814941
Epoch: 10, Steps: 2154 | Train Loss: 0.0423927 Vali Loss: 0.0570649 Test Loss: 0.0517717
Validation loss decreased (0.051832 --> 0.051772).  Saving model ...
Updating learning rate to 4.008309342172464e-09
>>>>>>>testing : imputation_IMPP_ETTm1_passes2_none_SparseTSFPlus_ETTm1_sl96_pl0_dm16_nh8_el2_dl1_df32_fc1_ebtimeF_dtTrue_ImpP_0<<<<<<<<<<<<<<<<<<<<<<<<<<<<<<<<<
test 11521
test shape: (11520, 96, 7) (11520, 96, 7)
mse:0.052247680723667145, mae:0.14163850247859955
