Args in experiment:
Namespace(activation='gelu', anomaly_ratio=0.25, batch_size=16, c_out=7, channel_independence=1, checkpoints='./checkpoints/', comment='none', d_ff=32, d_layers=1, d_model=16, data='ETTm1', data_path='ETTm1.csv', dec_in=7, decomp_method='moving_avg', des='ImpP', devices='0,1', distil=True, down_sampling_layers=0, down_sampling_method='avg', down_sampling_window=1, drop_last=True, dropout=0.1, e_layers=2, embed='timeF', emissions_file='emissions.csv', emissions_output_dir='.', enc_in=7, factor=1, features='M', freq='h', gpu=0, inverse=False, is_training=1, itr=1, label_len=0, learning_rate=0.001, loss='MSE', lradj='TST', mask_rate=0.5, model='SparseTSFPlus', model_id='IMPP_ETTm1_u5', model_type='linear', moving_avg=25, n_heads=8, num_kernels=6, num_workers=0, output_attention=False, p_hidden_dims=[128, 128], p_hidden_layers=2, patience=15, pct_start=0.2, percent=100, period_len=4, pred_len=0, root_path='../dataset/ETT-small', seasonal_patterns='Monthly', seq_len=96, stsf_cls_head='flat', stsf_decomp='off', stsf_decomp_kernel=25, stsf_diag_mask=0, stsf_impute_passes=2, stsf_linear_bias=0, stsf_mask_conv=1, stsf_pad_fold=0, stsf_periods='', stsf_phase_kernel=3, stsf_phase_mix='off', stsf_phase_rank=0, stsf_revin=0, stsf_revin_affine=0, target='OT', task_name='imputation', top_k=5, track_emissions=0, train_epochs=10, use_amp=False, use_future_temporal_feature=0, use_gpu=True, use_multi_gpu=False, use_norm=1)
Use GPU: cuda:0
trainable_params:581
units:mask_conv=1,impute_passes=2
>>>>>>>start training : imputation_IMPP_ETTm1_u5_none_SparseTSFPlus_ETTm1_sl96_pl0_dm16_nh8_el2_dl1_df32_fc1_ebtimeF_dtTrue_ImpP_0>>>>>>>>>>>>>>>>>>>>>>>>>>
train 34465
val 11521
test 11521
	iters: 100, epoch: 1 | loss: 0.4622125
	speed: 0.0267s/iter; left time: 572.9704s
	iters: 200, epoch: 1 | loss: 0.2949968
	speed: 0.0052s/iter; left time: 110.4852s
	iters: 300, epoch: 1 | loss: 0.4773463
	speed: 0.0054s/iter; left time: 115.5054s
	iters: 400, epoch: 1 | loss: 0.4013906
	speed: 0.0052s/iter; left time: 108.9343s
	iters: 500, epoch: 1 | loss: 0.3645598
	speed: 0.0054s/iter; left time: 114.5346s
	iters: 600, epoch: 1 | loss: 0.3504405
	speed: 0.0054s/iter; left time: 112.1726s
	iters: 700, epoch: 1 | loss: 0.3238208
	speed: 0.0058s/iter; left time: 120.0737s
	iters: 800, epoch: 1 | loss: 0.3690792
	speed: 0.0061s/iter; left time: 125.9857s
	iters: 900, epoch: 1 | loss: 0.2398223
	speed: 0.0056s/iter; left time: 115.0409s
	iters: 1000, epoch: 1 | loss: 0.2470603
	speed: 0.0055s/iter; left time: 113.4014s
	iters: 1100, epoch: 1 | loss: 0.2118129
	speed: 0.0055s/iter; left time: 112.4216s
	iters: 1200, epoch: 1 | loss: 0.2156755
	speed: 0.0068s/iter; left time: 138.3820s
	iters: 1300, epoch: 1 | loss: 0.1355729
	speed: 0.0069s/iter; left time: 140.5276s
	iters: 1400, epoch: 1 | loss: 0.1212356
	speed: 0.0061s/iter; left time: 122.3176s
	iters: 1500, epoch: 1 | loss: 0.1341192
	speed: 0.0057s/iter; left time: 113.4255s
	iters: 1600, epoch: 1 | loss: 0.0994202
	speed: 0.0057s/iter; left time: 113.0805s
	iters: 1700, epoch: 1 | loss: 0.1017657
	speed: 0.0058s/iter; left time: 114.2377s
	iters: 1800, epoch: 1 | loss: 0.0940313
	speed: 0.0064s/iter; left time: 127.1874s
	iters: 1900, epoch: 1 | loss: 0.0944760
	speed: 0.0057s/iter; left time: 112.1089s
	iters: 2000, epoch: 1 | loss: 0.1156972
	speed: 0.0055s/iter; left time: 108.2862s
	iters: 2100, epoch: 1 | loss: 0.0802719
	speed: 0.0054s/iter; left time: 105.3782s
Epoch: 1 cost time: 14.480163097381592
Epoch: 1, Steps: 2154 | Train Loss: 0.2564878 Vali Loss: 0.1011785 Test Loss: 0.1084400
Validation loss decreased (inf --> 0.108440).  Saving model ...
Updating learning rate to 0.0005201750597214178
	iters: 100, epoch: 2 | loss: 0.0977116
	speed: 0.0603s/iter; left time: 1163.4928s
	iters: 200, epoch: 2 | loss: 0.0946963
	speed: 0.0062s/iter; left time: 118.8420s
	iters: 300, epoch: 2 | loss: 0.0750210
	speed: 0.0058s/iter; left time: 110.8113s
	iters: 400, epoch: 2 | loss: 0.0835527
	speed: 0.0058s/iter; left time: 111.0360s
	iters: 500, epoch: 2 | loss: 0.0715364
	speed: 0.0066s/iter; left time: 125.5443s
	iters: 600, epoch: 2 | loss: 0.0694956
	speed: 0.0058s/iter; left time: 109.7281s
	iters: 700, epoch: 2 | loss: 0.0536168
	speed: 0.0060s/iter; left time: 111.8074s
	iters: 800, epoch: 2 | loss: 0.0738789
	speed: 0.0058s/iter; left time: 108.7244s
	iters: 900, epoch: 2 | loss: 0.0520757
	speed: 0.0063s/iter; left time: 117.2476s
	iters: 1000, epoch: 2 | loss: 0.0653641
	speed: 0.0064s/iter; left time: 116.7859s
	iters: 1100, epoch: 2 | loss: 0.0590719
	speed: 0.0068s/iter; left time: 123.7142s
	iters: 1200, epoch: 2 | loss: 0.0644319
	speed: 0.0057s/iter; left time: 103.2519s
	iters: 1300, epoch: 2 | loss: 0.0557982
	speed: 0.0054s/iter; left time: 98.4012s
	iters: 1400, epoch: 2 | loss: 0.0670677
	speed: 0.0059s/iter; left time: 106.1449s
	iters: 1500, epoch: 2 | loss: 0.0589574
	speed: 0.0061s/iter; left time: 109.0697s
	iters: 1600, epoch: 2 | loss: 0.0590386
	speed: 0.0067s/iter; left time: 119.3685s
	iters: 1700, epoch: 2 | loss: 0.0491790
	speed: 0.0063s/iter; left time: 110.8141s
	iters: 1800, epoch: 2 | loss: 0.0664008
	speed: 0.0062s/iter; left time: 109.5752s
	iters: 1900, epoch: 2 | loss: 0.0613128
	speed: 0.0057s/iter; left time: 100.4293s
	iters: 2000, epoch: 2 | loss: 0.0606034
	speed: 0.0065s/iter; left time: 112.3251s
	iters: 2100, epoch: 2 | loss: 0.0582675
	speed: 0.0058s/iter; left time: 99.6206s
Epoch: 2 cost time: 13.123279094696045
Epoch: 2, Steps: 2154 | Train Loss: 0.0650763 Vali Loss: 0.0711033 Test Loss: 0.0667994
Validation loss decreased (0.108440 --> 0.066799).  Saving model ...
Updating learning rate to 0.0009999999916906579
	iters: 100, epoch: 3 | loss: 0.0557258
	speed: 0.0607s/iter; left time: 1040.5926s
	iters: 200, epoch: 3 | loss: 0.0608335
	speed: 0.0064s/iter; left time: 108.7267s
	iters: 300, epoch: 3 | loss: 0.0430104
	speed: 0.0056s/iter; left time: 95.0903s
	iters: 400, epoch: 3 | loss: 0.0436575
	speed: 0.0067s/iter; left time: 112.6416s
	iters: 500, epoch: 3 | loss: 0.0659820
	speed: 0.0060s/iter; left time: 101.1244s
	iters: 600, epoch: 3 | loss: 0.0570261
	speed: 0.0070s/iter; left time: 116.4039s
	iters: 700, epoch: 3 | loss: 0.0457375
	speed: 0.0054s/iter; left time: 88.7266s
	iters: 800, epoch: 3 | loss: 0.0436965
	speed: 0.0054s/iter; left time: 89.2745s
	iters: 900, epoch: 3 | loss: 0.0523746
	speed: 0.0055s/iter; left time: 90.4057s
	iters: 1000, epoch: 3 | loss: 0.0798750
	speed: 0.0056s/iter; left time: 91.3247s
	iters: 1100, epoch: 3 | loss: 0.0643943
	speed: 0.0062s/iter; left time: 100.7167s
	iters: 1200, epoch: 3 | loss: 0.0540112
	speed: 0.0057s/iter; left time: 91.0944s
	iters: 1300, epoch: 3 | loss: 0.0536471
	speed: 0.0058s/iter; left time: 92.1000s
	iters: 1400, epoch: 3 | loss: 0.0502176
	speed: 0.0065s/iter; left time: 103.6034s
	iters: 1500, epoch: 3 | loss: 0.0529670
	speed: 0.0057s/iter; left time: 90.2955s
	iters: 1600, epoch: 3 | loss: 0.0449628
	speed: 0.0059s/iter; left time: 91.5445s
	iters: 1700, epoch: 3 | loss: 0.0633548
	speed: 0.0063s/iter; left time: 98.2013s
	iters: 1800, epoch: 3 | loss: 0.0520306
	speed: 0.0063s/iter; left time: 96.7566s
	iters: 1900, epoch: 3 | loss: 0.0484171
	speed: 0.0060s/iter; left time: 92.5434s
	iters: 2000, epoch: 3 | loss: 0.0485396
	speed: 0.0060s/iter; left time: 91.7523s
	iters: 2100, epoch: 3 | loss: 0.0401920
	speed: 0.0067s/iter; left time: 102.1148s
Epoch: 3 cost time: 13.03158950805664
Epoch: 3, Steps: 2154 | Train Loss: 0.0527949 Vali Loss: 0.0653724 Test Loss: 0.0603621
Validation loss decreased (0.066799 --> 0.060362).  Saving model ...
Updating learning rate to 0.0009619050271543523
	iters: 100, epoch: 4 | loss: 0.0410317
	speed: 0.0586s/iter; left time: 877.9794s
	iters: 200, epoch: 4 | loss: 0.0584126
	speed: 0.0058s/iter; left time: 86.8997s
	iters: 300, epoch: 4 | loss: 0.0515903
	speed: 0.0059s/iter; left time: 87.0887s
	iters: 400, epoch: 4 | loss: 0.0515931
	speed: 0.0077s/iter; left time: 112.3941s
	iters: 500, epoch: 4 | loss: 0.0429068
	speed: 0.0068s/iter; left time: 98.7351s
	iters: 600, epoch: 4 | loss: 0.0505935
	speed: 0.0070s/iter; left time: 102.0508s
	iters: 700, epoch: 4 | loss: 0.0437979
	speed: 0.0067s/iter; left time: 96.2808s
	iters: 800, epoch: 4 | loss: 0.0511855
	speed: 0.0060s/iter; left time: 86.1189s
	iters: 900, epoch: 4 | loss: 0.0441905
	speed: 0.0073s/iter; left time: 103.8508s
	iters: 1000, epoch: 4 | loss: 0.0514571
	speed: 0.0066s/iter; left time: 92.9941s
	iters: 1100, epoch: 4 | loss: 0.0475820
	speed: 0.0055s/iter; left time: 77.0384s
	iters: 1200, epoch: 4 | loss: 0.0531060
	speed: 0.0056s/iter; left time: 77.9174s
	iters: 1300, epoch: 4 | loss: 0.0447485
	speed: 0.0059s/iter; left time: 81.5576s
	iters: 1400, epoch: 4 | loss: 0.0401828
	speed: 0.0070s/iter; left time: 96.1125s
	iters: 1500, epoch: 4 | loss: 0.0431476
	speed: 0.0088s/iter; left time: 119.0662s
	iters: 1600, epoch: 4 | loss: 0.0694073
	speed: 0.0073s/iter; left time: 98.4467s
	iters: 1700, epoch: 4 | loss: 0.0621743
	speed: 0.0091s/iter; left time: 121.7677s
	iters: 1800, epoch: 4 | loss: 0.0450896
	speed: 0.0082s/iter; left time: 109.1432s
	iters: 1900, epoch: 4 | loss: 0.0477850
	speed: 0.0110s/iter; left time: 145.4751s
	iters: 2000, epoch: 4 | loss: 0.0653402
	speed: 0.0095s/iter; left time: 124.4105s
	iters: 2100, epoch: 4 | loss: 0.0414581
	speed: 0.0103s/iter; left time: 134.1768s
Epoch: 4 cost time: 15.82585597038269
Epoch: 4, Steps: 2154 | Train Loss: 0.0497556 Vali Loss: 0.0645684 Test Loss: 0.0594054
Validation loss decreased (0.060362 --> 0.059405).  Saving model ...
Updating learning rate to 0.0008534895138951646
	iters: 100, epoch: 5 | loss: 0.0408550
	speed: 0.0704s/iter; left time: 902.7555s
	iters: 200, epoch: 5 | loss: 0.0644476
	speed: 0.0083s/iter; left time: 106.2105s
	iters: 300, epoch: 5 | loss: 0.0498640
	speed: 0.0094s/iter; left time: 118.4778s
	iters: 400, epoch: 5 | loss: 0.0489445
	speed: 0.0091s/iter; left time: 114.1527s
	iters: 500, epoch: 5 | loss: 0.0450214
	speed: 0.0093s/iter; left time: 115.7843s
	iters: 600, epoch: 5 | loss: 0.0517943
	speed: 0.0098s/iter; left time: 121.3374s
	iters: 700, epoch: 5 | loss: 0.0572195
	speed: 0.0090s/iter; left time: 110.3700s
	iters: 800, epoch: 5 | loss: 0.0467138
	speed: 0.0096s/iter; left time: 115.8132s
	iters: 900, epoch: 5 | loss: 0.0443816
	speed: 0.0077s/iter; left time: 92.3641s
	iters: 1000, epoch: 5 | loss: 0.0556451
	speed: 0.0079s/iter; left time: 94.6310s
	iters: 1100, epoch: 5 | loss: 0.0486752
	speed: 0.0074s/iter; left time: 88.0166s
	iters: 1200, epoch: 5 | loss: 0.0322263
	speed: 0.0150s/iter; left time: 176.0310s
	iters: 1300, epoch: 5 | loss: 0.0500013
	speed: 0.0084s/iter; left time: 98.0655s
	iters: 1400, epoch: 5 | loss: 0.0509009
	speed: 0.0092s/iter; left time: 106.0863s
	iters: 1500, epoch: 5 | loss: 0.0411393
	speed: 0.0066s/iter; left time: 74.8405s
	iters: 1600, epoch: 5 | loss: 0.0415337
	speed: 0.0067s/iter; left time: 76.0511s
	iters: 1700, epoch: 5 | loss: 0.0568113
	speed: 0.0110s/iter; left time: 123.6200s
	iters: 1800, epoch: 5 | loss: 0.0469903
	speed: 0.0066s/iter; left time: 73.7209s
	iters: 1900, epoch: 5 | loss: 0.0506988
	speed: 0.0077s/iter; left time: 85.0655s
	iters: 2000, epoch: 5 | loss: 0.0450233
	speed: 0.0067s/iter; left time: 72.6558s
	iters: 2100, epoch: 5 | loss: 0.0385021
	speed: 0.0063s/iter; left time: 67.7427s
Epoch: 5 cost time: 18.235601663589478
Epoch: 5, Steps: 2154 | Train Loss: 0.0485937 Vali Loss: 0.0634311 Test Loss: 0.0582740
Validation loss decreased (0.059405 --> 0.058274).  Saving model ...
Updating learning rate to 0.0006912587310177311
	iters: 100, epoch: 6 | loss: 0.0475988
	speed: 0.0818s/iter; left time: 872.8668s
	iters: 200, epoch: 6 | loss: 0.0364260
	speed: 0.0186s/iter; left time: 196.1278s
	iters: 300, epoch: 6 | loss: 0.0375937
	speed: 0.0133s/iter; left time: 138.9320s
	iters: 400, epoch: 6 | loss: 0.0462717
	speed: 0.0153s/iter; left time: 158.3423s
	iters: 500, epoch: 6 | loss: 0.0593987
	speed: 0.0097s/iter; left time: 99.2815s
	iters: 600, epoch: 6 | loss: 0.0568177
	speed: 0.0117s/iter; left time: 118.9392s
	iters: 700, epoch: 6 | loss: 0.0573894
	speed: 0.0109s/iter; left time: 109.7040s
	iters: 800, epoch: 6 | loss: 0.0440442
	speed: 0.0099s/iter; left time: 98.7182s
	iters: 900, epoch: 6 | loss: 0.0517097
	speed: 0.0115s/iter; left time: 114.0036s
	iters: 1000, epoch: 6 | loss: 0.0454804
	speed: 0.0105s/iter; left time: 102.7831s
	iters: 1100, epoch: 6 | loss: 0.0489257
	speed: 0.0078s/iter; left time: 75.2255s
	iters: 1200, epoch: 6 | loss: 0.0439638
	speed: 0.0071s/iter; left time: 67.8392s
	iters: 1300, epoch: 6 | loss: 0.0479314
	speed: 0.0088s/iter; left time: 83.1244s
	iters: 1400, epoch: 6 | loss: 0.0435607
	speed: 0.0079s/iter; left time: 73.8119s
	iters: 1500, epoch: 6 | loss: 0.0428945
	speed: 0.0076s/iter; left time: 70.8255s
	iters: 1600, epoch: 6 | loss: 0.0436095
	speed: 0.0084s/iter; left time: 76.8090s
	iters: 1700, epoch: 6 | loss: 0.0558812
	speed: 0.0095s/iter; left time: 86.3594s
	iters: 1800, epoch: 6 | loss: 0.0449588
	speed: 0.0090s/iter; left time: 80.9260s
	iters: 1900, epoch: 6 | loss: 0.0727831
	speed: 0.0078s/iter; left time: 69.5223s
	iters: 2000, epoch: 6 | loss: 0.0391809
	speed: 0.0090s/iter; left time: 79.1017s
	iters: 2100, epoch: 6 | loss: 0.0414683
	speed: 0.0074s/iter; left time: 64.0727s
Epoch: 6 cost time: 21.566616773605347
Epoch: 6, Steps: 2154 | Train Loss: 0.0479218 Vali Loss: 0.0624812 Test Loss: 0.0570475
Validation loss decreased (0.058274 --> 0.057048).  Saving model ...
Updating learning rate to 0.0004999108445894319
	iters: 100, epoch: 7 | loss: 0.0377489
	speed: 0.0673s/iter; left time: 573.4305s
	iters: 200, epoch: 7 | loss: 0.0394880
	speed: 0.0082s/iter; left time: 69.3556s
	iters: 300, epoch: 7 | loss: 0.0469315
	speed: 0.0083s/iter; left time: 69.1747s
	iters: 400, epoch: 7 | loss: 0.0429747
	speed: 0.0076s/iter; left time: 62.8591s
	iters: 500, epoch: 7 | loss: 0.0458513
	speed: 0.0103s/iter; left time: 83.8213s
	iters: 600, epoch: 7 | loss: 0.0447027
	speed: 0.0180s/iter; left time: 144.0205s
	iters: 700, epoch: 7 | loss: 0.0630160
	speed: 0.0106s/iter; left time: 84.0876s
	iters: 800, epoch: 7 | loss: 0.0469916
	speed: 0.0157s/iter; left time: 122.9611s
	iters: 900, epoch: 7 | loss: 0.0486835
	speed: 0.0233s/iter; left time: 179.9927s
	iters: 1000, epoch: 7 | loss: 0.0353568
	speed: 0.0197s/iter; left time: 150.2327s
	iters: 1100, epoch: 7 | loss: 0.0498855
	speed: 0.0117s/iter; left time: 87.9956s
	iters: 1200, epoch: 7 | loss: 0.0419991
	speed: 0.0078s/iter; left time: 58.0671s
	iters: 1300, epoch: 7 | loss: 0.0389828
	speed: 0.0071s/iter; left time: 52.1285s
	iters: 1400, epoch: 7 | loss: 0.0438517
	speed: 0.0071s/iter; left time: 50.9407s
	iters: 1500, epoch: 7 | loss: 0.0457006
	speed: 0.0073s/iter; left time: 51.7059s
	iters: 1600, epoch: 7 | loss: 0.0364687
	speed: 0.0133s/iter; left time: 93.1624s
	iters: 1700, epoch: 7 | loss: 0.0408318
	speed: 0.0101s/iter; left time: 69.8387s
	iters: 1800, epoch: 7 | loss: 0.0521685
	speed: 0.0121s/iter; left time: 82.5728s
	iters: 1900, epoch: 7 | loss: 0.0553585
	speed: 0.0141s/iter; left time: 94.4712s
	iters: 2000, epoch: 7 | loss: 0.0629830
	speed: 0.0146s/iter; left time: 96.6358s
	iters: 2100, epoch: 7 | loss: 0.0508729
	speed: 0.0142s/iter; left time: 92.8649s
Epoch: 7 cost time: 25.751201152801514
Epoch: 7, Steps: 2154 | Train Loss: 0.0473933 Vali Loss: 0.0617352 Test Loss: 0.0568244
Validation loss decreased (0.057048 --> 0.056824).  Saving model ...
Updating learning rate to 0.00030857683574606596
	iters: 100, epoch: 8 | loss: 0.0351942
	speed: 0.1149s/iter; left time: 731.3403s
	iters: 200, epoch: 8 | loss: 0.0420721
	speed: 0.0080s/iter; left time: 50.1131s
	iters: 300, epoch: 8 | loss: 0.0398768
	speed: 0.0106s/iter; left time: 65.6244s
	iters: 400, epoch: 8 | loss: 0.0438955
	speed: 0.0107s/iter; left time: 65.0625s
	iters: 500, epoch: 8 | loss: 0.0453495
	speed: 0.0108s/iter; left time: 64.6471s
	iters: 600, epoch: 8 | loss: 0.0500280
	speed: 0.0076s/iter; left time: 44.7982s
	iters: 700, epoch: 8 | loss: 0.0645084
	speed: 0.0082s/iter; left time: 47.4838s
	iters: 800, epoch: 8 | loss: 0.0559428
	speed: 0.0106s/iter; left time: 59.8705s
	iters: 900, epoch: 8 | loss: 0.0397685
	speed: 0.0120s/iter; left time: 66.5029s
	iters: 1000, epoch: 8 | loss: 0.0537542
	speed: 0.0080s/iter; left time: 43.6525s
	iters: 1100, epoch: 8 | loss: 0.0399583
	speed: 0.0072s/iter; left time: 38.4331s
	iters: 1200, epoch: 8 | loss: 0.0527800
	speed: 0.0087s/iter; left time: 45.5890s
	iters: 1300, epoch: 8 | loss: 0.0460770
	speed: 0.0073s/iter; left time: 37.9022s
	iters: 1400, epoch: 8 | loss: 0.0404603
	speed: 0.0076s/iter; left time: 38.6442s
	iters: 1500, epoch: 8 | loss: 0.0557862
	speed: 0.0077s/iter; left time: 38.4042s
	iters: 1600, epoch: 8 | loss: 0.0447390
	speed: 0.0085s/iter; left time: 41.1737s
	iters: 1700, epoch: 8 | loss: 0.0444524
	speed: 0.0077s/iter; left time: 36.6673s
	iters: 1800, epoch: 8 | loss: 0.0553845
	speed: 0.0073s/iter; left time: 34.1139s
	iters: 1900, epoch: 8 | loss: 0.0483416
	speed: 0.0079s/iter; left time: 36.1477s
	iters: 2000, epoch: 8 | loss: 0.0383833
	speed: 0.0072s/iter; left time: 32.1028s
	iters: 2100, epoch: 8 | loss: 0.0429561
	speed: 0.0071s/iter; left time: 30.8427s
Epoch: 8 cost time: 18.2182195186615
Epoch: 8, Steps: 2154 | Train Loss: 0.0471690 Vali Loss: 0.0614418 Test Loss: 0.0563162
Validation loss decreased (0.056824 --> 0.056316).  Saving model ...
Updating learning rate to 0.00014638557288692642
	iters: 100, epoch: 9 | loss: 0.0438361
	speed: 0.0688s/iter; left time: 289.6229s
	iters: 200, epoch: 9 | loss: 0.0357812
	speed: 0.0072s/iter; left time: 29.4057s
	iters: 300, epoch: 9 | loss: 0.0730711
	speed: 0.0067s/iter; left time: 26.8955s
	iters: 400, epoch: 9 | loss: 0.0402041
	speed: 0.0069s/iter; left time: 27.1109s
	iters: 500, epoch: 9 | loss: 0.0539059
	speed: 0.0072s/iter; left time: 27.5528s
	iters: 600, epoch: 9 | loss: 0.0574431
	speed: 0.0074s/iter; left time: 27.3280s
	iters: 700, epoch: 9 | loss: 0.0470041
	speed: 0.0082s/iter; left time: 29.7573s
	iters: 800, epoch: 9 | loss: 0.0471119
	speed: 0.0082s/iter; left time: 28.9177s
	iters: 900, epoch: 9 | loss: 0.0478905
	speed: 0.0069s/iter; left time: 23.5592s
	iters: 1000, epoch: 9 | loss: 0.0464545
	speed: 0.0074s/iter; left time: 24.6503s
	iters: 1100, epoch: 9 | loss: 0.0451280
	speed: 0.0074s/iter; left time: 23.7728s
	iters: 1200, epoch: 9 | loss: 0.0401976
	speed: 0.0073s/iter; left time: 22.7681s
	iters: 1300, epoch: 9 | loss: 0.0548685
	speed: 0.0069s/iter; left time: 20.8195s
	iters: 1400, epoch: 9 | loss: 0.0475365
	speed: 0.0068s/iter; left time: 19.9051s
	iters: 1500, epoch: 9 | loss: 0.0436147
	speed: 0.0071s/iter; left time: 19.9619s
	iters: 1600, epoch: 9 | loss: 0.0453530
	speed: 0.0074s/iter; left time: 20.0435s
	iters: 1700, epoch: 9 | loss: 0.0482711
	speed: 0.0066s/iter; left time: 17.2706s
	iters: 1800, epoch: 9 | loss: 0.0559996
	speed: 0.0069s/iter; left time: 17.1907s
	iters: 1900, epoch: 9 | loss: 0.0499216
	speed: 0.0073s/iter; left time: 17.5316s
	iters: 2000, epoch: 9 | loss: 0.0444333
	speed: 0.0075s/iter; left time: 17.3810s
	iters: 2100, epoch: 9 | loss: 0.0467209
	speed: 0.0077s/iter; left time: 16.9967s
Epoch: 9 cost time: 16.01740789413452
Epoch: 9, Steps: 2154 | Train Loss: 0.0468881 Vali Loss: 0.0615303 Test Loss: 0.0556334
Validation loss decreased (0.056316 --> 0.055633).  Saving model ...
Updating learning rate to 3.802920551485804e-05
	iters: 100, epoch: 10 | loss: 0.0465903
	speed: 0.0770s/iter; left time: 158.2092s
	iters: 200, epoch: 10 | loss: 0.0430966
	speed: 0.0071s/iter; left time: 13.9277s
	iters: 300, epoch: 10 | loss: 0.0527685
	speed: 0.0067s/iter; left time: 12.4620s
	iters: 400, epoch: 10 | loss: 0.0537610
	speed: 0.0072s/iter; left time: 12.6585s
	iters: 500, epoch: 10 | loss: 0.0463993
	speed: 0.0086s/iter; left time: 14.2830s
	iters: 600, epoch: 10 | loss: 0.0502714
	speed: 0.0119s/iter; left time: 18.4781s
	iters: 700, epoch: 10 | loss: 0.0399940
	speed: 0.0081s/iter; left time: 11.7470s
	iters: 800, epoch: 10 | loss: 0.0360611
	speed: 0.0085s/iter; left time: 11.5293s
	iters: 900, epoch: 10 | loss: 0.0527519
	speed: 0.0067s/iter; left time: 8.3541s
	iters: 1000, epoch: 10 | loss: 0.0471209
	speed: 0.0087s/iter; left time: 10.0007s
	iters: 1100, epoch: 10 | loss: 0.0577618
	speed: 0.0113s/iter; left time: 11.9047s
	iters: 1200, epoch: 10 | loss: 0.0479974
	speed: 0.0157s/iter; left time: 14.9752s
	iters: 1300, epoch: 10 | loss: 0.0566537
	speed: 0.0150s/iter; left time: 12.8667s
	iters: 1400, epoch: 10 | loss: 0.0476684
	speed: 0.0174s/iter; left time: 13.1593s
	iters: 1500, epoch: 10 | loss: 0.0563690
	speed: 0.0131s/iter; left time: 8.5973s
	iters: 1600, epoch: 10 | loss: 0.0480454
	speed: 0.0136s/iter; left time: 7.5387s
	iters: 1700, epoch: 10 | loss: 0.0420874
	speed: 0.0150s/iter; left time: 6.8172s
	iters: 1800, epoch: 10 | loss: 0.0425710
	speed: 0.0123s/iter; left time: 4.3820s
	iters: 1900, epoch: 10 | loss: 0.0400099
	speed: 0.0124s/iter; left time: 3.1655s
	iters: 2000, epoch: 10 | loss: 0.0498373
	speed: 0.0130s/iter; left time: 2.0148s
	iters: 2100, epoch: 10 | loss: 0.0457634
	speed: 0.0117s/iter; left time: 0.6420s
Epoch: 10 cost time: 24.082844018936157
Epoch: 10, Steps: 2154 | Train Loss: 0.0465079 Vali Loss: 0.0611300 Test Loss: 0.0555826
Validation loss decreased (0.055633 --> 0.055583).  Saving model ...
Updating learning rate to 4.008309342172464e-09
>>>>>>>testing : imputation_IMPP_ETTm1_u5_none_SparseTSFPlus_ETTm1_sl96_pl0_dm16_nh8_el2_dl1_df32_fc1_ebtimeF_dtTrue_ImpP_0<<<<<<<<<<<<<<<<<<<<<<<<<<<<<<<<<
test 11521
test shape: (11520, 96, 7) (11520, 96, 7)
mse:0.05599825084209442, mae:0.1480589658021927
