Args in experiment:
Namespace(activation='gelu', anomaly_ratio=0.25, batch_size=16, c_out=7, channel_independence=1, checkpoints='./checkpoints/', comment='none', d_ff=32, d_layers=1, d_model=16, data='ETTm1', data_path='ETTm1.csv', dec_in=7, decomp_method='moving_avg', des='ImpP', devices='0,1', distil=True, down_sampling_layers=0, down_sampling_method='avg', down_sampling_window=1, drop_last=True, dropout=0.1, e_layers=2, embed='timeF', emissions_file='emissions.csv', emissions_output_dir='.', enc_in=7, factor=1, features='M', freq='h', gpu=0, inverse=False, is_training=1, itr=1, label_len=0, learning_rate=0.001, loss='MSE', lradj='TST', mask_rate=0.125, model='SparseTSFPlus', model_id='IMPP_ETTm1_passes2', model_type='linear', moving_avg=25, n_heads=8, num_kernels=6, num_workers=0, output_attention=False, p_hidden_dims=[128, 128], p_hidden_layers=2, patience=15, pct_start=0.2, percent=100, period_len=4, pred_len=0, root_path='<workspace>\\dataset\\ETT-small', seasonal_patterns='Monthly', seq_len=96, stsf_cls_head='flat', stsf_decomp='off', stsf_decomp_kernel=25, stsf_diag_mask=0, stsf_impute_passes=2, stsf_linear_bias=0, stsf_mask_conv=0, stsf_pad_fold=0, stsf_periods='', stsf_phase_kernel=3, stsf_phase_mix='off', stsf_phase_rank=0, stsf_revin=0, stsf_revin_affine=0, target='OT', task_name='imputation', top_k=5, track_emissions=0, train_epochs=10, use_amp=False, use_future_temporal_feature=0, use_gpu=True, use_multi_gpu=False, use_norm=1)
Use GPU: cuda:0
trainable_params:581
units:impute_passes=2
>>>>>>>start training : imputation_IMPP_ETTm1_passes2_none_SparseTSFPlus_ETTm1_sl96_pl0_dm16_nh8_el2_dl1_df32_fc1_ebtimeF_dtTrue_ImpP_0>>>>>>>>>>>>>>>>>>>>>>>>>>
train 34465
val 11521
test 11521
	iters: 100, epoch: 1 | loss: 0.4857777
	speed: 0.0308s/iter; left time: 660.4600s
	iters: 200, epoch: 1 | loss: 0.3055334
	speed: 0.0061s/iter; left time: 130.7298s
	iters: 300, epoch: 1 | loss: 0.4815888
	speed: 0.0056s/iter; left time: 119.3021s
	iters: 400, epoch: 1 | loss: 0.4105252
	speed: 0.0067s/iter; left time: 142.6714s
	iters: 500, epoch: 1 | loss: 0.3914168
	speed: 0.0069s/iter; left time: 145.6156s
	iters: 600, epoch: 1 | loss: 0.3706483
	speed: 0.0068s/iter; left time: 141.8301s
	iters: 700, epoch: 1 | loss: 0.3145243
	speed: 0.0062s/iter; left time: 129.9242s
	iters: 800, epoch: 1 | loss: 0.3548550
	speed: 0.0077s/iter; left time: 159.9575s
	iters: 900, epoch: 1 | loss: 0.2375418
	speed: 0.0067s/iter; left time: 138.7541s
	iters: 1000, epoch: 1 | loss: 0.2309616
	speed: 0.0066s/iter; left time: 135.2348s
	iters: 1100, epoch: 1 | loss: 0.2018808
	speed: 0.0082s/iter; left time: 168.4637s
	iters: 1200, epoch: 1 | loss: 0.2116454
	speed: 0.0079s/iter; left time: 160.2923s
	iters: 1300, epoch: 1 | loss: 0.1533426
	speed: 0.0073s/iter; left time: 147.0389s
	iters: 1400, epoch: 1 | loss: 0.1416904
	speed: 0.0066s/iter; left time: 133.3946s
	iters: 1500, epoch: 1 | loss: 0.1450483
	speed: 0.0068s/iter; left time: 137.1287s
	iters: 1600, epoch: 1 | loss: 0.1224142
	speed: 0.0082s/iter; left time: 163.8239s
	iters: 1700, epoch: 1 | loss: 0.1135050
	speed: 0.0089s/iter; left time: 177.2434s
	iters: 1800, epoch: 1 | loss: 0.1040275
	speed: 0.0084s/iter; left time: 166.6078s
	iters: 1900, epoch: 1 | loss: 0.0944567
	speed: 0.0064s/iter; left time: 124.7690s
	iters: 2000, epoch: 1 | loss: 0.1447455
	speed: 0.0065s/iter; left time: 126.9849s
	iters: 2100, epoch: 1 | loss: 0.0862205
	speed: 0.0058s/iter; left time: 112.6399s
Epoch: 1 cost time: 17.51280665397644
Epoch: 1, Steps: 2154 | Train Loss: 0.2640889 Vali Loss: 0.1096219 Test Loss: 0.1191768
Validation loss decreased (inf --> 0.119177).  Saving model ...
Updating learning rate to 0.0005201750597214178
	iters: 100, epoch: 2 | loss: 0.1052424
	speed: 0.0610s/iter; left time: 1176.9216s
	iters: 200, epoch: 2 | loss: 0.1120647
	speed: 0.0062s/iter; left time: 118.3876s
	iters: 300, epoch: 2 | loss: 0.0852616
	speed: 0.0073s/iter; left time: 139.6873s
	iters: 400, epoch: 2 | loss: 0.0998138
	speed: 0.0064s/iter; left time: 121.1104s
	iters: 500, epoch: 2 | loss: 0.0782401
	speed: 0.0061s/iter; left time: 116.0753s
	iters: 600, epoch: 2 | loss: 0.0725960
	speed: 0.0059s/iter; left time: 111.3222s
	iters: 700, epoch: 2 | loss: 0.0485410
	speed: 0.0058s/iter; left time: 107.5995s
	iters: 800, epoch: 2 | loss: 0.0723836
	speed: 0.0070s/iter; left time: 129.4172s
	iters: 900, epoch: 2 | loss: 0.0568035
	speed: 0.0061s/iter; left time: 113.6730s
	iters: 1000, epoch: 2 | loss: 0.0575161
	speed: 0.0061s/iter; left time: 112.1108s
	iters: 1100, epoch: 2 | loss: 0.0643730
	speed: 0.0066s/iter; left time: 119.9778s
	iters: 1200, epoch: 2 | loss: 0.0665328
	speed: 0.0059s/iter; left time: 107.7146s
	iters: 1300, epoch: 2 | loss: 0.0514489
	speed: 0.0071s/iter; left time: 129.2673s
	iters: 1400, epoch: 2 | loss: 0.0581369
	speed: 0.0076s/iter; left time: 137.2638s
	iters: 1500, epoch: 2 | loss: 0.0578847
	speed: 0.0055s/iter; left time: 98.6248s
	iters: 1600, epoch: 2 | loss: 0.0463778
	speed: 0.0061s/iter; left time: 108.8061s
	iters: 1700, epoch: 2 | loss: 0.0374802
	speed: 0.0063s/iter; left time: 111.5653s
	iters: 1800, epoch: 2 | loss: 0.0566861
	speed: 0.0075s/iter; left time: 131.9838s
	iters: 1900, epoch: 2 | loss: 0.0493024
	speed: 0.0071s/iter; left time: 123.6013s
	iters: 2000, epoch: 2 | loss: 0.0425742
	speed: 0.0065s/iter; left time: 112.6511s
	iters: 2100, epoch: 2 | loss: 0.0422362
	speed: 0.0055s/iter; left time: 94.9790s
Epoch: 2 cost time: 13.795520544052124
Epoch: 2, Steps: 2154 | Train Loss: 0.0631308 Vali Loss: 0.0519264 Test Loss: 0.0455163
Validation loss decreased (0.119177 --> 0.045516).  Saving model ...
Updating learning rate to 0.0009999999916906579
	iters: 100, epoch: 3 | loss: 0.0383931
	speed: 0.0742s/iter; left time: 1270.6837s
	iters: 200, epoch: 3 | loss: 0.0511742
	speed: 0.0108s/iter; left time: 183.1993s
	iters: 300, epoch: 3 | loss: 0.0302434
	speed: 0.0109s/iter; left time: 184.6706s
	iters: 400, epoch: 3 | loss: 0.0275035
	speed: 0.0078s/iter; left time: 130.9345s
	iters: 500, epoch: 3 | loss: 0.0495294
	speed: 0.0091s/iter; left time: 151.7246s
	iters: 600, epoch: 3 | loss: 0.0306404
	speed: 0.0064s/iter; left time: 106.5629s
	iters: 700, epoch: 3 | loss: 0.0385707
	speed: 0.0056s/iter; left time: 93.0151s
	iters: 800, epoch: 3 | loss: 0.0245165
	speed: 0.0056s/iter; left time: 92.4781s
	iters: 900, epoch: 3 | loss: 0.0440464
	speed: 0.0059s/iter; left time: 95.6989s
	iters: 1000, epoch: 3 | loss: 0.0591807
	speed: 0.0062s/iter; left time: 100.1289s
	iters: 1100, epoch: 3 | loss: 0.0340244
	speed: 0.0057s/iter; left time: 91.5444s
	iters: 1200, epoch: 3 | loss: 0.0302154
	speed: 0.0056s/iter; left time: 89.5677s
	iters: 1300, epoch: 3 | loss: 0.0353725
	speed: 0.0056s/iter; left time: 89.3150s
	iters: 1400, epoch: 3 | loss: 0.0340438
	speed: 0.0070s/iter; left time: 110.5816s
	iters: 1500, epoch: 3 | loss: 0.0334840
	speed: 0.0058s/iter; left time: 90.5346s
	iters: 1600, epoch: 3 | loss: 0.0321198
	speed: 0.0056s/iter; left time: 88.1176s
	iters: 1700, epoch: 3 | loss: 0.0447478
	speed: 0.0058s/iter; left time: 90.6796s
	iters: 1800, epoch: 3 | loss: 0.0428363
	speed: 0.0060s/iter; left time: 93.1659s
	iters: 1900, epoch: 3 | loss: 0.0374683
	speed: 0.0062s/iter; left time: 95.7502s
	iters: 2000, epoch: 3 | loss: 0.0470088
	speed: 0.0054s/iter; left time: 82.3015s
	iters: 2100, epoch: 3 | loss: 0.0265134
	speed: 0.0056s/iter; left time: 84.4417s
Epoch: 3 cost time: 14.495603322982788
Epoch: 3, Steps: 2154 | Train Loss: 0.0355378 Vali Loss: 0.0447166 Test Loss: 0.0391647
Validation loss decreased (0.045516 --> 0.039165).  Saving model ...
Updating learning rate to 0.0009619050271543523
	iters: 100, epoch: 4 | loss: 0.0260448
	speed: 0.0615s/iter; left time: 921.7665s
	iters: 200, epoch: 4 | loss: 0.0368065
	speed: 0.0086s/iter; left time: 128.1425s
	iters: 300, epoch: 4 | loss: 0.0318577
	speed: 0.0058s/iter; left time: 85.5424s
	iters: 400, epoch: 4 | loss: 0.0338658
	speed: 0.0087s/iter; left time: 127.6159s
	iters: 500, epoch: 4 | loss: 0.0266544
	speed: 0.0065s/iter; left time: 94.1316s
	iters: 600, epoch: 4 | loss: 0.0300494
	speed: 0.0071s/iter; left time: 102.1760s
	iters: 700, epoch: 4 | loss: 0.0313175
	speed: 0.0064s/iter; left time: 91.5767s
	iters: 800, epoch: 4 | loss: 0.0455554
	speed: 0.0065s/iter; left time: 92.2007s
	iters: 900, epoch: 4 | loss: 0.0345497
	speed: 0.0112s/iter; left time: 158.9874s
	iters: 1000, epoch: 4 | loss: 0.0265405
	speed: 0.0117s/iter; left time: 165.4121s
	iters: 1100, epoch: 4 | loss: 0.0331430
	speed: 0.0103s/iter; left time: 143.3688s
	iters: 1200, epoch: 4 | loss: 0.0365434
	speed: 0.0103s/iter; left time: 142.4742s
	iters: 1300, epoch: 4 | loss: 0.0357592
	speed: 0.0068s/iter; left time: 93.4518s
	iters: 1400, epoch: 4 | loss: 0.0290513
	speed: 0.0055s/iter; left time: 74.8599s
	iters: 1500, epoch: 4 | loss: 0.0281728
	speed: 0.0055s/iter; left time: 74.3046s
	iters: 1600, epoch: 4 | loss: 0.0404267
	speed: 0.0055s/iter; left time: 74.2278s
	iters: 1700, epoch: 4 | loss: 0.0558005
	speed: 0.0063s/iter; left time: 84.0998s
	iters: 1800, epoch: 4 | loss: 0.0311994
	speed: 0.0064s/iter; left time: 85.3597s
	iters: 1900, epoch: 4 | loss: 0.0337262
	speed: 0.0056s/iter; left time: 73.8124s
	iters: 2000, epoch: 4 | loss: 0.0449025
	speed: 0.0055s/iter; left time: 71.5189s
	iters: 2100, epoch: 4 | loss: 0.0284717
	speed: 0.0060s/iter; left time: 77.8325s
Epoch: 4 cost time: 15.659675598144531
Epoch: 4, Steps: 2154 | Train Loss: 0.0325837 Vali Loss: 0.0420356 Test Loss: 0.0366682
Validation loss decreased (0.039165 --> 0.036668).  Saving model ...
Updating learning rate to 0.0008534895138951646
	iters: 100, epoch: 5 | loss: 0.0217329
	speed: 0.0595s/iter; left time: 762.5386s
	iters: 200, epoch: 5 | loss: 0.0434540
	speed: 0.0063s/iter; left time: 80.0706s
	iters: 300, epoch: 5 | loss: 0.0318592
	speed: 0.0062s/iter; left time: 78.1817s
	iters: 400, epoch: 5 | loss: 0.0319324
	speed: 0.0055s/iter; left time: 68.6837s
	iters: 500, epoch: 5 | loss: 0.0289791
	speed: 0.0059s/iter; left time: 73.1697s
	iters: 600, epoch: 5 | loss: 0.0364154
	speed: 0.0062s/iter; left time: 75.8347s
	iters: 700, epoch: 5 | loss: 0.0421591
	speed: 0.0059s/iter; left time: 72.2034s
	iters: 800, epoch: 5 | loss: 0.0350706
	speed: 0.0061s/iter; left time: 74.2522s
	iters: 900, epoch: 5 | loss: 0.0234354
	speed: 0.0053s/iter; left time: 63.7438s
	iters: 1000, epoch: 5 | loss: 0.0381181
	speed: 0.0059s/iter; left time: 69.9835s
	iters: 1100, epoch: 5 | loss: 0.0328361
	speed: 0.0055s/iter; left time: 65.0141s
	iters: 1200, epoch: 5 | loss: 0.0221413
	speed: 0.0064s/iter; left time: 75.5642s
	iters: 1300, epoch: 5 | loss: 0.0319888
	speed: 0.0061s/iter; left time: 71.4864s
	iters: 1400, epoch: 5 | loss: 0.0351282
	speed: 0.0053s/iter; left time: 61.5667s
	iters: 1500, epoch: 5 | loss: 0.0264722
	speed: 0.0062s/iter; left time: 70.4886s
	iters: 1600, epoch: 5 | loss: 0.0253945
	speed: 0.0058s/iter; left time: 65.3207s
	iters: 1700, epoch: 5 | loss: 0.0293237
	speed: 0.0061s/iter; left time: 67.9641s
	iters: 1800, epoch: 5 | loss: 0.0281547
	speed: 0.0057s/iter; left time: 63.4959s
	iters: 1900, epoch: 5 | loss: 0.0302048
	speed: 0.0059s/iter; left time: 64.7643s
	iters: 2000, epoch: 5 | loss: 0.0335337
	speed: 0.0089s/iter; left time: 97.3519s
	iters: 2100, epoch: 5 | loss: 0.0286539
	speed: 0.0062s/iter; left time: 66.7645s
Epoch: 5 cost time: 13.126126289367676
Epoch: 5, Steps: 2154 | Train Loss: 0.0312944 Vali Loss: 0.0413485 Test Loss: 0.0359092
Validation loss decreased (0.036668 --> 0.035909).  Saving model ...
Updating learning rate to 0.0006912587310177311
	iters: 100, epoch: 6 | loss: 0.0323573
	speed: 0.0661s/iter; left time: 705.4255s
	iters: 200, epoch: 6 | loss: 0.0279796
	speed: 0.0159s/iter; left time: 168.1661s
	iters: 300, epoch: 6 | loss: 0.0301445
	speed: 0.0104s/iter; left time: 109.2409s
	iters: 400, epoch: 6 | loss: 0.0285614
	speed: 0.0098s/iter; left time: 102.0173s
	iters: 500, epoch: 6 | loss: 0.0424509
	speed: 0.0140s/iter; left time: 143.8726s
	iters: 600, epoch: 6 | loss: 0.0279191
	speed: 0.0098s/iter; left time: 99.6687s
	iters: 700, epoch: 6 | loss: 0.0534409
	speed: 0.0102s/iter; left time: 102.8143s
	iters: 800, epoch: 6 | loss: 0.0305360
	speed: 0.0106s/iter; left time: 105.2276s
	iters: 900, epoch: 6 | loss: 0.0343412
	speed: 0.0131s/iter; left time: 129.6942s
	iters: 1000, epoch: 6 | loss: 0.0326270
	speed: 0.0101s/iter; left time: 98.6522s
	iters: 1100, epoch: 6 | loss: 0.0311384
	speed: 0.0079s/iter; left time: 76.1645s
	iters: 1200, epoch: 6 | loss: 0.0304234
	speed: 0.0108s/iter; left time: 103.7624s
	iters: 1300, epoch: 6 | loss: 0.0358053
	speed: 0.0135s/iter; left time: 127.4911s
	iters: 1400, epoch: 6 | loss: 0.0238828
	speed: 0.0090s/iter; left time: 84.6026s
	iters: 1500, epoch: 6 | loss: 0.0331645
	speed: 0.0072s/iter; left time: 67.1522s
	iters: 1600, epoch: 6 | loss: 0.0266662
	speed: 0.0056s/iter; left time: 50.9169s
	iters: 1700, epoch: 6 | loss: 0.0367220
	speed: 0.0057s/iter; left time: 51.9517s
	iters: 1800, epoch: 6 | loss: 0.0251695
	speed: 0.0056s/iter; left time: 49.7991s
	iters: 1900, epoch: 6 | loss: 0.0369615
	speed: 0.0059s/iter; left time: 52.7067s
	iters: 2000, epoch: 6 | loss: 0.0340394
	speed: 0.0060s/iter; left time: 53.0054s
	iters: 2100, epoch: 6 | loss: 0.0225440
	speed: 0.0060s/iter; left time: 51.7009s
Epoch: 6 cost time: 19.903995513916016
Epoch: 6, Steps: 2154 | Train Loss: 0.0312078 Vali Loss: 0.0412626 Test Loss: 0.0359086
Validation loss decreased (0.035909 --> 0.035909).  Saving model ...
Updating learning rate to 0.0004999108445894319
	iters: 100, epoch: 7 | loss: 0.0194444
	speed: 0.0613s/iter; left time: 522.4681s
	iters: 200, epoch: 7 | loss: 0.0233096
	speed: 0.0066s/iter; left time: 55.3741s
	iters: 300, epoch: 7 | loss: 0.0389170
	speed: 0.0056s/iter; left time: 46.6420s
	iters: 400, epoch: 7 | loss: 0.0283839
	speed: 0.0082s/iter; left time: 67.5960s
	iters: 500, epoch: 7 | loss: 0.0248021
	speed: 0.0101s/iter; left time: 81.9531s
	iters: 600, epoch: 7 | loss: 0.0259272
	speed: 0.0063s/iter; left time: 50.3541s
	iters: 700, epoch: 7 | loss: 0.0451070
	speed: 0.0070s/iter; left time: 55.2935s
	iters: 800, epoch: 7 | loss: 0.0286760
	speed: 0.0073s/iter; left time: 56.9666s
	iters: 900, epoch: 7 | loss: 0.0311345
	speed: 0.0083s/iter; left time: 64.2929s
	iters: 1000, epoch: 7 | loss: 0.0284166
	speed: 0.0075s/iter; left time: 57.4098s
	iters: 1100, epoch: 7 | loss: 0.0340035
	speed: 0.0144s/iter; left time: 108.1385s
	iters: 1200, epoch: 7 | loss: 0.0312774
	speed: 0.0101s/iter; left time: 75.1044s
	iters: 1300, epoch: 7 | loss: 0.0259255
	speed: 0.0117s/iter; left time: 85.8190s
	iters: 1400, epoch: 7 | loss: 0.0322309
	speed: 0.0182s/iter; left time: 131.2928s
	iters: 1500, epoch: 7 | loss: 0.0334001
	speed: 0.0106s/iter; left time: 75.4359s
	iters: 1600, epoch: 7 | loss: 0.0206996
	speed: 0.0091s/iter; left time: 63.9985s
	iters: 1700, epoch: 7 | loss: 0.0282129
	speed: 0.0060s/iter; left time: 41.2651s
	iters: 1800, epoch: 7 | loss: 0.0320297
	speed: 0.0090s/iter; left time: 61.1007s
	iters: 1900, epoch: 7 | loss: 0.0398130
	speed: 0.0099s/iter; left time: 66.7294s
	iters: 2000, epoch: 7 | loss: 0.0478214
	speed: 0.0094s/iter; left time: 62.2070s
	iters: 2100, epoch: 7 | loss: 0.0333209
	speed: 0.0082s/iter; left time: 53.5429s
Epoch: 7 cost time: 19.388387441635132
Epoch: 7, Steps: 2154 | Train Loss: 0.0309804 Vali Loss: 0.0409379 Test Loss: 0.0358259
Validation loss decreased (0.035909 --> 0.035826).  Saving model ...
Updating learning rate to 0.00030857683574606596
	iters: 100, epoch: 8 | loss: 0.0185073
	speed: 0.0705s/iter; left time: 448.4642s
	iters: 200, epoch: 8 | loss: 0.0248440
	speed: 0.0068s/iter; left time: 42.8797s
	iters: 300, epoch: 8 | loss: 0.0285714
	speed: 0.0076s/iter; left time: 47.0165s
	iters: 400, epoch: 8 | loss: 0.0308095
	speed: 0.0067s/iter; left time: 40.3813s
	iters: 500, epoch: 8 | loss: 0.0319263
	speed: 0.0077s/iter; left time: 46.1240s
	iters: 600, epoch: 8 | loss: 0.0373438
	speed: 0.0068s/iter; left time: 39.5884s
	iters: 700, epoch: 8 | loss: 0.0278473
	speed: 0.0066s/iter; left time: 38.1892s
	iters: 800, epoch: 8 | loss: 0.0331367
	speed: 0.0066s/iter; left time: 37.5373s
	iters: 900, epoch: 8 | loss: 0.0307177
	speed: 0.0059s/iter; left time: 32.7613s
	iters: 1000, epoch: 8 | loss: 0.0304417
	speed: 0.0090s/iter; left time: 48.9466s
	iters: 1100, epoch: 8 | loss: 0.0292061
	speed: 0.0058s/iter; left time: 30.8408s
	iters: 1200, epoch: 8 | loss: 0.0322437
	speed: 0.0075s/iter; left time: 39.3307s
	iters: 1300, epoch: 8 | loss: 0.0306974
	speed: 0.0093s/iter; left time: 48.2448s
	iters: 1400, epoch: 8 | loss: 0.0266402
	speed: 0.0069s/iter; left time: 34.7410s
	iters: 1500, epoch: 8 | loss: 0.0377286
	speed: 0.0113s/iter; left time: 56.0871s
	iters: 1600, epoch: 8 | loss: 0.0263291
	speed: 0.0105s/iter; left time: 50.9127s
	iters: 1700, epoch: 8 | loss: 0.0322002
	speed: 0.0087s/iter; left time: 41.4742s
	iters: 1800, epoch: 8 | loss: 0.0392807
	speed: 0.0079s/iter; left time: 37.0137s
	iters: 1900, epoch: 8 | loss: 0.0245018
	speed: 0.0073s/iter; left time: 33.4021s
	iters: 2000, epoch: 8 | loss: 0.0252911
	speed: 0.0121s/iter; left time: 54.0413s
	iters: 2100, epoch: 8 | loss: 0.0316357
	speed: 0.0097s/iter; left time: 42.4279s
Epoch: 8 cost time: 17.422672510147095
Epoch: 8, Steps: 2154 | Train Loss: 0.0311238 Vali Loss: 0.0408517 Test Loss: 0.0357188
Validation loss decreased (0.035826 --> 0.035719).  Saving model ...
Updating learning rate to 0.00014638557288692642
	iters: 100, epoch: 9 | loss: 0.0273537
	speed: 0.0941s/iter; left time: 395.8912s
	iters: 200, epoch: 9 | loss: 0.0266214
	speed: 0.0059s/iter; left time: 24.3394s
	iters: 300, epoch: 9 | loss: 0.0480279
	speed: 0.0071s/iter; left time: 28.6497s
	iters: 400, epoch: 9 | loss: 0.0277743
	speed: 0.0125s/iter; left time: 48.9038s
	iters: 500, epoch: 9 | loss: 0.0356330
	speed: 0.0053s/iter; left time: 20.0132s
	iters: 600, epoch: 9 | loss: 0.0353897
	speed: 0.0076s/iter; left time: 28.3428s
	iters: 700, epoch: 9 | loss: 0.0317923
	speed: 0.0111s/iter; left time: 40.0786s
	iters: 800, epoch: 9 | loss: 0.0321124
	speed: 0.0081s/iter; left time: 28.3506s
	iters: 900, epoch: 9 | loss: 0.0398899
	speed: 0.0058s/iter; left time: 19.7605s
	iters: 1000, epoch: 9 | loss: 0.0289387
	speed: 0.0055s/iter; left time: 18.2504s
	iters: 1100, epoch: 9 | loss: 0.0282422
	speed: 0.0058s/iter; left time: 18.6721s
	iters: 1200, epoch: 9 | loss: 0.0281103
	speed: 0.0067s/iter; left time: 20.8236s
	iters: 1300, epoch: 9 | loss: 0.0421761
	speed: 0.0060s/iter; left time: 18.0833s
	iters: 1400, epoch: 9 | loss: 0.0316744
	speed: 0.0064s/iter; left time: 18.6777s
	iters: 1500, epoch: 9 | loss: 0.0297928
	speed: 0.0056s/iter; left time: 15.6753s
	iters: 1600, epoch: 9 | loss: 0.0307636
	speed: 0.0056s/iter; left time: 15.0484s
	iters: 1700, epoch: 9 | loss: 0.0385501
	speed: 0.0056s/iter; left time: 14.6177s
	iters: 1800, epoch: 9 | loss: 0.0354894
	speed: 0.0063s/iter; left time: 15.7890s
	iters: 1900, epoch: 9 | loss: 0.0300040
	speed: 0.0055s/iter; left time: 13.1484s
	iters: 2000, epoch: 9 | loss: 0.0263453
	speed: 0.0054s/iter; left time: 12.4787s
	iters: 2100, epoch: 9 | loss: 0.0350333
	speed: 0.0054s/iter; left time: 12.0008s
Epoch: 9 cost time: 14.459481716156006
Epoch: 9, Steps: 2154 | Train Loss: 0.0310344 Vali Loss: 0.0410656 Test Loss: 0.0358278
EarlyStopping counter: 1 out of 15
Updating learning rate to 3.802920551485804e-05
	iters: 100, epoch: 10 | loss: 0.0243113
	speed: 0.0576s/iter; left time: 118.3148s
	iters: 200, epoch: 10 | loss: 0.0270499
	speed: 0.0060s/iter; left time: 11.6890s
	iters: 300, epoch: 10 | loss: 0.0336585
	speed: 0.0055s/iter; left time: 10.1897s
	iters: 400, epoch: 10 | loss: 0.0362369
	speed: 0.0056s/iter; left time: 9.8213s
	iters: 500, epoch: 10 | loss: 0.0327032
	speed: 0.0062s/iter; left time: 10.2944s
	iters: 600, epoch: 10 | loss: 0.0343134
	speed: 0.0061s/iter; left time: 9.5475s
	iters: 700, epoch: 10 | loss: 0.0312383
	speed: 0.0057s/iter; left time: 8.3171s
	iters: 800, epoch: 10 | loss: 0.0281927
	speed: 0.0053s/iter; left time: 7.1219s
	iters: 900, epoch: 10 | loss: 0.0353221
	speed: 0.0056s/iter; left time: 7.0562s
	iters: 1000, epoch: 10 | loss: 0.0382864
	speed: 0.0057s/iter; left time: 6.5269s
	iters: 1100, epoch: 10 | loss: 0.0402955
	speed: 0.0062s/iter; left time: 6.4958s
	iters: 1200, epoch: 10 | loss: 0.0238123
	speed: 0.0059s/iter; left time: 5.6094s
	iters: 1300, epoch: 10 | loss: 0.0338631
	speed: 0.0057s/iter; left time: 4.8797s
	iters: 1400, epoch: 10 | loss: 0.0338119
	speed: 0.0055s/iter; left time: 4.1595s
	iters: 1500, epoch: 10 | loss: 0.0427761
	speed: 0.0054s/iter; left time: 3.5085s
	iters: 1600, epoch: 10 | loss: 0.0319815
	speed: 0.0063s/iter; left time: 3.5112s
	iters: 1700, epoch: 10 | loss: 0.0329316
	speed: 0.0060s/iter; left time: 2.7437s
	iters: 1800, epoch: 10 | loss: 0.0280745
	speed: 0.0056s/iter; left time: 1.9791s
	iters: 1900, epoch: 10 | loss: 0.0276597
	speed: 0.0055s/iter; left time: 1.4099s
	iters: 2000, epoch: 10 | loss: 0.0293019
	speed: 0.0055s/iter; left time: 0.8473s
	iters: 2100, epoch: 10 | loss: 0.0382000
	speed: 0.0061s/iter; left time: 0.3374s
Epoch: 10 cost time: 12.520512104034424
Epoch: 10, Steps: 2154 | Train Loss: 0.0308004 Vali Loss: 0.0409540 Test Loss: 0.0356064
Validation loss decreased (0.035719 --> 0.035606).  Saving model ...
Updating learning rate to 4.008309342172464e-09
>>>>>>>testing : imputation_IMPP_ETTm1_passes2_none_SparseTSFPlus_ETTm1_sl96_pl0_dm16_nh8_el2_dl1_df32_fc1_ebtimeF_dtTrue_ImpP_0<<<<<<<<<<<<<<<<<<<<<<<<<<<<<<<<<
test 11521
test shape: (11520, 96, 7) (11520, 96, 7)
mse:0.0357682965695858, mae:0.11475542932748795
