Args in experiment:
Namespace(activation='gelu', anomaly_ratio=0.25, batch_size=16, c_out=7, channel_independence=1, checkpoints='./checkpoints/', comment='none', d_ff=32, d_layers=1, d_model=16, data='ETTm1', data_path='ETTm1.csv', dec_in=7, decomp_method='moving_avg', des='ImpP', devices='0,1', distil=True, down_sampling_layers=0, down_sampling_method='avg', down_sampling_window=1, drop_last=True, dropout=0.1, e_layers=2, embed='timeF', emissions_file='emissions.csv', emissions_output_dir='.', enc_in=7, factor=1, features='M', freq='h', gpu=0, inverse=False, is_training=1, itr=1, label_len=0, learning_rate=0.001, loss='MSE', lradj='TST', mask_rate=0.5, model='SparseTSFPlus', model_id='IMPP_ETTm1_passes2', model_type='linear', moving_avg=25, n_heads=8, num_kernels=6, num_workers=0, output_attention=False, p_hidden_dims=[128, 128], p_hidden_layers=2, patience=15, pct_start=0.2, percent=100, period_len=4, pred_len=0, root_path='../dataset/ETT-small', seasonal_patterns='Monthly', seq_len=96, stsf_cls_head='flat', stsf_decomp='off', stsf_decomp_kernel=25, stsf_diag_mask=0, stsf_impute_passes=2, stsf_linear_bias=0, stsf_mask_conv=0, stsf_pad_fold=0, stsf_periods='', stsf_phase_kernel=3, stsf_phase_mix='off', stsf_phase_rank=0, stsf_revin=0, stsf_revin_affine=0, target='OT', task_name='imputation', top_k=5, track_emissions=0, train_epochs=10, use_amp=False, use_future_temporal_feature=0, use_gpu=True, use_multi_gpu=False, use_norm=1)
Use GPU: cuda:0
trainable_params:581
units:impute_passes=2
>>>>>>>start training : imputation_IMPP_ETTm1_passes2_none_SparseTSFPlus_ETTm1_sl96_pl0_dm16_nh8_el2_dl1_df32_fc1_ebtimeF_dtTrue_ImpP_0>>>>>>>>>>>>>>>>>>>>>>>>>>
train 34465
val 11521
test 11521
	iters: 100, epoch: 1 | loss: 0.4481178
	speed: 0.0278s/iter; left time: 596.6147s
	iters: 200, epoch: 1 | loss: 0.2871772
	speed: 0.0059s/iter; left time: 124.8815s
	iters: 300, epoch: 1 | loss: 0.4653829
	speed: 0.0059s/iter; left time: 124.9584s
	iters: 400, epoch: 1 | loss: 0.3886184
	speed: 0.0060s/iter; left time: 126.5768s
	iters: 500, epoch: 1 | loss: 0.3549720
	speed: 0.0059s/iter; left time: 124.9970s
	iters: 600, epoch: 1 | loss: 0.3405249
	speed: 0.0065s/iter; left time: 136.4333s
	iters: 700, epoch: 1 | loss: 0.3154789
	speed: 0.0067s/iter; left time: 140.5775s
	iters: 800, epoch: 1 | loss: 0.3634598
	speed: 0.0068s/iter; left time: 140.6128s
	iters: 900, epoch: 1 | loss: 0.2356024
	speed: 0.0058s/iter; left time: 119.9099s
	iters: 1000, epoch: 1 | loss: 0.2484384
	speed: 0.0059s/iter; left time: 121.1954s
	iters: 1100, epoch: 1 | loss: 0.2125612
	speed: 0.0059s/iter; left time: 121.0320s
	iters: 1200, epoch: 1 | loss: 0.2233129
	speed: 0.0067s/iter; left time: 137.1372s
	iters: 1300, epoch: 1 | loss: 0.1420117
	speed: 0.0074s/iter; left time: 150.5385s
	iters: 1400, epoch: 1 | loss: 0.1294892
	speed: 0.0071s/iter; left time: 142.5211s
	iters: 1500, epoch: 1 | loss: 0.1490543
	speed: 0.0067s/iter; left time: 134.0679s
	iters: 1600, epoch: 1 | loss: 0.1076222
	speed: 0.0070s/iter; left time: 138.7356s
	iters: 1700, epoch: 1 | loss: 0.1116829
	speed: 0.0060s/iter; left time: 118.7992s
	iters: 1800, epoch: 1 | loss: 0.1053293
	speed: 0.0060s/iter; left time: 118.0295s
	iters: 1900, epoch: 1 | loss: 0.1090052
	speed: 0.0060s/iter; left time: 117.9157s
	iters: 2000, epoch: 1 | loss: 0.1301054
	speed: 0.0066s/iter; left time: 129.8918s
	iters: 2100, epoch: 1 | loss: 0.0923074
	speed: 0.0070s/iter; left time: 137.0141s
Epoch: 1 cost time: 15.939979076385498
Epoch: 1, Steps: 2154 | Train Loss: 0.2566701 Vali Loss: 0.1166093 Test Loss: 0.1264171
Validation loss decreased (inf --> 0.126417).  Saving model ...
Updating learning rate to 0.0005201750597214178
	iters: 100, epoch: 2 | loss: 0.1115273
	speed: 0.0602s/iter; left time: 1161.4959s
	iters: 200, epoch: 2 | loss: 0.1061299
	speed: 0.0072s/iter; left time: 138.5421s
	iters: 300, epoch: 2 | loss: 0.0858609
	speed: 0.0059s/iter; left time: 112.9479s
	iters: 400, epoch: 2 | loss: 0.0968821
	speed: 0.0062s/iter; left time: 118.5367s
	iters: 500, epoch: 2 | loss: 0.0831275
	speed: 0.0059s/iter; left time: 111.6875s
	iters: 600, epoch: 2 | loss: 0.0804268
	speed: 0.0068s/iter; left time: 127.5081s
	iters: 700, epoch: 2 | loss: 0.0651231
	speed: 0.0070s/iter; left time: 130.5349s
	iters: 800, epoch: 2 | loss: 0.0860786
	speed: 0.0071s/iter; left time: 131.7700s
	iters: 900, epoch: 2 | loss: 0.0617108
	speed: 0.0070s/iter; left time: 129.3752s
	iters: 1000, epoch: 2 | loss: 0.0762963
	speed: 0.0067s/iter; left time: 123.1703s
	iters: 1100, epoch: 2 | loss: 0.0663826
	speed: 0.0064s/iter; left time: 117.2549s
	iters: 1200, epoch: 2 | loss: 0.0734672
	speed: 0.0065s/iter; left time: 118.2695s
	iters: 1300, epoch: 2 | loss: 0.0624304
	speed: 0.0066s/iter; left time: 120.1612s
	iters: 1400, epoch: 2 | loss: 0.0770041
	speed: 0.0065s/iter; left time: 116.3476s
	iters: 1500, epoch: 2 | loss: 0.0637784
	speed: 0.0057s/iter; left time: 101.1133s
	iters: 1600, epoch: 2 | loss: 0.0668265
	speed: 0.0057s/iter; left time: 100.7949s
	iters: 1700, epoch: 2 | loss: 0.0514491
	speed: 0.0067s/iter; left time: 119.2326s
	iters: 1800, epoch: 2 | loss: 0.0678073
	speed: 0.0067s/iter; left time: 117.4422s
	iters: 1900, epoch: 2 | loss: 0.0694842
	speed: 0.0070s/iter; left time: 121.9461s
	iters: 2000, epoch: 2 | loss: 0.0660890
	speed: 0.0077s/iter; left time: 133.1550s
	iters: 2100, epoch: 2 | loss: 0.0671943
	speed: 0.0062s/iter; left time: 106.8122s
Epoch: 2 cost time: 14.1613290309906
Epoch: 2, Steps: 2154 | Train Loss: 0.0738684 Vali Loss: 0.0832392 Test Loss: 0.0792559
Validation loss decreased (0.126417 --> 0.079256).  Saving model ...
Updating learning rate to 0.0009999999916906579
	iters: 100, epoch: 3 | loss: 0.0621337
	speed: 0.0582s/iter; left time: 997.7464s
	iters: 200, epoch: 3 | loss: 0.0736869
	speed: 0.0075s/iter; left time: 127.5613s
	iters: 300, epoch: 3 | loss: 0.0459754
	speed: 0.0066s/iter; left time: 112.3856s
	iters: 400, epoch: 3 | loss: 0.0483045
	speed: 0.0070s/iter; left time: 118.4087s
	iters: 500, epoch: 3 | loss: 0.0734778
	speed: 0.0065s/iter; left time: 108.0684s
	iters: 600, epoch: 3 | loss: 0.0664067
	speed: 0.0060s/iter; left time: 99.4480s
	iters: 700, epoch: 3 | loss: 0.0530146
	speed: 0.0059s/iter; left time: 97.4780s
	iters: 800, epoch: 3 | loss: 0.0481227
	speed: 0.0065s/iter; left time: 106.5130s
	iters: 900, epoch: 3 | loss: 0.0583595
	speed: 0.0069s/iter; left time: 112.3057s
	iters: 1000, epoch: 3 | loss: 0.0867748
	speed: 0.0070s/iter; left time: 113.1850s
	iters: 1100, epoch: 3 | loss: 0.0733908
	speed: 0.0071s/iter; left time: 114.5150s
	iters: 1200, epoch: 3 | loss: 0.0594271
	speed: 0.0070s/iter; left time: 112.0377s
	iters: 1300, epoch: 3 | loss: 0.0563424
	speed: 0.0073s/iter; left time: 115.9983s
	iters: 1400, epoch: 3 | loss: 0.0591108
	speed: 0.0073s/iter; left time: 115.6663s
	iters: 1500, epoch: 3 | loss: 0.0594757
	speed: 0.0071s/iter; left time: 111.5463s
	iters: 1600, epoch: 3 | loss: 0.0500194
	speed: 0.0072s/iter; left time: 112.6092s
	iters: 1700, epoch: 3 | loss: 0.0695696
	speed: 0.0069s/iter; left time: 107.8276s
	iters: 1800, epoch: 3 | loss: 0.0605303
	speed: 0.0074s/iter; left time: 113.5202s
	iters: 1900, epoch: 3 | loss: 0.0536173
	speed: 0.0068s/iter; left time: 104.5788s
	iters: 2000, epoch: 3 | loss: 0.0548279
	speed: 0.0069s/iter; left time: 105.5898s
	iters: 2100, epoch: 3 | loss: 0.0431541
	speed: 0.0070s/iter; left time: 105.4677s
Epoch: 3 cost time: 14.836739540100098
Epoch: 3, Steps: 2154 | Train Loss: 0.0589606 Vali Loss: 0.0776529 Test Loss: 0.0729370
Validation loss decreased (0.079256 --> 0.072937).  Saving model ...
Updating learning rate to 0.0009619050271543523
	iters: 100, epoch: 4 | loss: 0.0431788
	speed: 0.0588s/iter; left time: 880.6070s
	iters: 200, epoch: 4 | loss: 0.0648566
	speed: 0.0067s/iter; left time: 100.1880s
	iters: 300, epoch: 4 | loss: 0.0578687
	speed: 0.0066s/iter; left time: 96.9803s
	iters: 400, epoch: 4 | loss: 0.0574581
	speed: 0.0070s/iter; left time: 102.1932s
	iters: 500, epoch: 4 | loss: 0.0473227
	speed: 0.0066s/iter; left time: 96.1852s
	iters: 600, epoch: 4 | loss: 0.0532595
	speed: 0.0060s/iter; left time: 86.9223s
	iters: 700, epoch: 4 | loss: 0.0482509
	speed: 0.0061s/iter; left time: 87.9042s
	iters: 800, epoch: 4 | loss: 0.0544463
	speed: 0.0069s/iter; left time: 98.0548s
	iters: 900, epoch: 4 | loss: 0.0471370
	speed: 0.0070s/iter; left time: 99.3277s
	iters: 1000, epoch: 4 | loss: 0.0577468
	speed: 0.0068s/iter; left time: 96.1325s
	iters: 1100, epoch: 4 | loss: 0.0561974
	speed: 0.0068s/iter; left time: 95.5465s
	iters: 1200, epoch: 4 | loss: 0.0583170
	speed: 0.0068s/iter; left time: 94.9795s
	iters: 1300, epoch: 4 | loss: 0.0494558
	speed: 0.0070s/iter; left time: 97.0279s
	iters: 1400, epoch: 4 | loss: 0.0446889
	speed: 0.0066s/iter; left time: 90.6649s
	iters: 1500, epoch: 4 | loss: 0.0484583
	speed: 0.0062s/iter; left time: 83.7691s
	iters: 1600, epoch: 4 | loss: 0.0810059
	speed: 0.0060s/iter; left time: 81.2027s
	iters: 1700, epoch: 4 | loss: 0.0671864
	speed: 0.0058s/iter; left time: 77.4073s
	iters: 1800, epoch: 4 | loss: 0.0497048
	speed: 0.0066s/iter; left time: 87.1609s
	iters: 1900, epoch: 4 | loss: 0.0499798
	speed: 0.0069s/iter; left time: 91.2653s
	iters: 2000, epoch: 4 | loss: 0.0731063
	speed: 0.0070s/iter; left time: 91.7097s
	iters: 2100, epoch: 4 | loss: 0.0471459
	speed: 0.0070s/iter; left time: 91.2158s
Epoch: 4 cost time: 14.326994180679321
Epoch: 4, Steps: 2154 | Train Loss: 0.0551957 Vali Loss: 0.0739970 Test Loss: 0.0694689
Validation loss decreased (0.072937 --> 0.069469).  Saving model ...
Updating learning rate to 0.0008534895138951646
	iters: 100, epoch: 5 | loss: 0.0435828
	speed: 0.0568s/iter; left time: 728.4255s
	iters: 200, epoch: 5 | loss: 0.0694135
	speed: 0.0070s/iter; left time: 89.2134s
	iters: 300, epoch: 5 | loss: 0.0566910
	speed: 0.0068s/iter; left time: 86.1969s
	iters: 400, epoch: 5 | loss: 0.0511240
	speed: 0.0069s/iter; left time: 86.4121s
	iters: 500, epoch: 5 | loss: 0.0491069
	speed: 0.0070s/iter; left time: 87.1179s
	iters: 600, epoch: 5 | loss: 0.0551779
	speed: 0.0065s/iter; left time: 80.3769s
	iters: 700, epoch: 5 | loss: 0.0646940
	speed: 0.0067s/iter; left time: 82.0515s
	iters: 800, epoch: 5 | loss: 0.0515039
	speed: 0.0061s/iter; left time: 74.3088s
	iters: 900, epoch: 5 | loss: 0.0457343
	speed: 0.0066s/iter; left time: 79.5793s
	iters: 1000, epoch: 5 | loss: 0.0603267
	speed: 0.0062s/iter; left time: 74.0990s
	iters: 1100, epoch: 5 | loss: 0.0522496
	speed: 0.0067s/iter; left time: 79.1372s
	iters: 1200, epoch: 5 | loss: 0.0384929
	speed: 0.0073s/iter; left time: 85.0391s
	iters: 1300, epoch: 5 | loss: 0.0518258
	speed: 0.0065s/iter; left time: 75.7230s
	iters: 1400, epoch: 5 | loss: 0.0560562
	speed: 0.0071s/iter; left time: 81.7628s
	iters: 1500, epoch: 5 | loss: 0.0468323
	speed: 0.0068s/iter; left time: 77.5345s
	iters: 1600, epoch: 5 | loss: 0.0443286
	speed: 0.0068s/iter; left time: 76.5976s
	iters: 1700, epoch: 5 | loss: 0.0644584
	speed: 0.0067s/iter; left time: 75.2038s
	iters: 1800, epoch: 5 | loss: 0.0536948
	speed: 0.0058s/iter; left time: 64.5930s
	iters: 1900, epoch: 5 | loss: 0.0555930
	speed: 0.0060s/iter; left time: 65.6420s
	iters: 2000, epoch: 5 | loss: 0.0542145
	speed: 0.0066s/iter; left time: 72.3850s
	iters: 2100, epoch: 5 | loss: 0.0426305
	speed: 0.0066s/iter; left time: 71.3254s
Epoch: 5 cost time: 14.36838984489441
Epoch: 5, Steps: 2154 | Train Loss: 0.0535421 Vali Loss: 0.0733793 Test Loss: 0.0689637
Validation loss decreased (0.069469 --> 0.068964).  Saving model ...
Updating learning rate to 0.0006912587310177311
	iters: 100, epoch: 6 | loss: 0.0529738
	speed: 0.0545s/iter; left time: 581.2133s
	iters: 200, epoch: 6 | loss: 0.0445688
	speed: 0.0061s/iter; left time: 63.9945s
	iters: 300, epoch: 6 | loss: 0.0419041
	speed: 0.0069s/iter; left time: 71.7304s
	iters: 400, epoch: 6 | loss: 0.0534551
	speed: 0.0068s/iter; left time: 70.3544s
	iters: 500, epoch: 6 | loss: 0.0658014
	speed: 0.0072s/iter; left time: 73.6997s
	iters: 600, epoch: 6 | loss: 0.0637266
	speed: 0.0067s/iter; left time: 67.8777s
	iters: 700, epoch: 6 | loss: 0.0589975
	speed: 0.0068s/iter; left time: 68.2916s
	iters: 800, epoch: 6 | loss: 0.0498708
	speed: 0.0072s/iter; left time: 71.6455s
	iters: 900, epoch: 6 | loss: 0.0615458
	speed: 0.0067s/iter; left time: 65.9672s
	iters: 1000, epoch: 6 | loss: 0.0494102
	speed: 0.0068s/iter; left time: 66.7138s
	iters: 1100, epoch: 6 | loss: 0.0555907
	speed: 0.0068s/iter; left time: 65.3967s
	iters: 1200, epoch: 6 | loss: 0.0505004
	speed: 0.0058s/iter; left time: 55.2924s
	iters: 1300, epoch: 6 | loss: 0.0524596
	speed: 0.0064s/iter; left time: 60.9673s
	iters: 1400, epoch: 6 | loss: 0.0465914
	speed: 0.0059s/iter; left time: 55.1540s
	iters: 1500, epoch: 6 | loss: 0.0475595
	speed: 0.0068s/iter; left time: 63.1683s
	iters: 1600, epoch: 6 | loss: 0.0538341
	speed: 0.0067s/iter; left time: 61.6107s
	iters: 1700, epoch: 6 | loss: 0.0625145
	speed: 0.0063s/iter; left time: 57.2817s
	iters: 1800, epoch: 6 | loss: 0.0521500
	speed: 0.0062s/iter; left time: 55.3121s
	iters: 1900, epoch: 6 | loss: 0.0814019
	speed: 0.0058s/iter; left time: 51.5833s
	iters: 2000, epoch: 6 | loss: 0.0449785
	speed: 0.0064s/iter; left time: 55.8880s
	iters: 2100, epoch: 6 | loss: 0.0484286
	speed: 0.0070s/iter; left time: 60.9102s
Epoch: 6 cost time: 14.105629205703735
Epoch: 6, Steps: 2154 | Train Loss: 0.0533551 Vali Loss: 0.0731276 Test Loss: 0.0685615
Validation loss decreased (0.068964 --> 0.068562).  Saving model ...
Updating learning rate to 0.0004999108445894319
	iters: 100, epoch: 7 | loss: 0.0435418
	speed: 0.0553s/iter; left time: 470.7598s
	iters: 200, epoch: 7 | loss: 0.0438878
	speed: 0.0056s/iter; left time: 47.0809s
	iters: 300, epoch: 7 | loss: 0.0539953
	speed: 0.0058s/iter; left time: 47.8696s
	iters: 400, epoch: 7 | loss: 0.0476227
	speed: 0.0061s/iter; left time: 50.1977s
	iters: 500, epoch: 7 | loss: 0.0537888
	speed: 0.0069s/iter; left time: 56.0280s
	iters: 600, epoch: 7 | loss: 0.0508036
	speed: 0.0067s/iter; left time: 53.7899s
	iters: 700, epoch: 7 | loss: 0.0666350
	speed: 0.0073s/iter; left time: 57.5588s
	iters: 800, epoch: 7 | loss: 0.0555690
	speed: 0.0071s/iter; left time: 55.7856s
	iters: 900, epoch: 7 | loss: 0.0540468
	speed: 0.0070s/iter; left time: 53.6869s
	iters: 1000, epoch: 7 | loss: 0.0395199
	speed: 0.0070s/iter; left time: 53.0885s
	iters: 1100, epoch: 7 | loss: 0.0580170
	speed: 0.0067s/iter; left time: 50.4365s
	iters: 1200, epoch: 7 | loss: 0.0470523
	speed: 0.0057s/iter; left time: 42.4042s
	iters: 1300, epoch: 7 | loss: 0.0444826
	speed: 0.0058s/iter; left time: 42.1077s
	iters: 1400, epoch: 7 | loss: 0.0465844
	speed: 0.0061s/iter; left time: 44.3611s
	iters: 1500, epoch: 7 | loss: 0.0500005
	speed: 0.0067s/iter; left time: 47.8452s
	iters: 1600, epoch: 7 | loss: 0.0435732
	speed: 0.0068s/iter; left time: 47.8608s
	iters: 1700, epoch: 7 | loss: 0.0454279
	speed: 0.0071s/iter; left time: 49.0980s
	iters: 1800, epoch: 7 | loss: 0.0607727
	speed: 0.0057s/iter; left time: 39.1925s
	iters: 1900, epoch: 7 | loss: 0.0630478
	speed: 0.0057s/iter; left time: 38.3630s
	iters: 2000, epoch: 7 | loss: 0.0693697
	speed: 0.0062s/iter; left time: 40.8259s
	iters: 2100, epoch: 7 | loss: 0.0622362
	speed: 0.0067s/iter; left time: 43.6558s
Epoch: 7 cost time: 13.846017360687256
Epoch: 7, Steps: 2154 | Train Loss: 0.0532794 Vali Loss: 0.0727300 Test Loss: 0.0689091
EarlyStopping counter: 1 out of 15
Updating learning rate to 0.00030857683574606596
	iters: 100, epoch: 8 | loss: 0.0409139
	speed: 0.0593s/iter; left time: 377.3552s
	iters: 200, epoch: 8 | loss: 0.0492078
	speed: 0.0059s/iter; left time: 36.9869s
	iters: 300, epoch: 8 | loss: 0.0431805
	speed: 0.0059s/iter; left time: 36.2089s
	iters: 400, epoch: 8 | loss: 0.0525950
	speed: 0.0062s/iter; left time: 37.5281s
	iters: 500, epoch: 8 | loss: 0.0517245
	speed: 0.0066s/iter; left time: 39.5217s
	iters: 600, epoch: 8 | loss: 0.0571049
	speed: 0.0074s/iter; left time: 43.5107s
	iters: 700, epoch: 8 | loss: 0.0756767
	speed: 0.0076s/iter; left time: 43.8257s
	iters: 800, epoch: 8 | loss: 0.0624502
	speed: 0.0067s/iter; left time: 38.1170s
	iters: 900, epoch: 8 | loss: 0.0423935
	speed: 0.0069s/iter; left time: 38.5378s
	iters: 1000, epoch: 8 | loss: 0.0632553
	speed: 0.0069s/iter; left time: 37.7043s
	iters: 1100, epoch: 8 | loss: 0.0463285
	speed: 0.0068s/iter; left time: 36.2718s
	iters: 1200, epoch: 8 | loss: 0.0546159
	speed: 0.0058s/iter; left time: 30.5069s
	iters: 1300, epoch: 8 | loss: 0.0514458
	speed: 0.0056s/iter; left time: 28.9305s
	iters: 1400, epoch: 8 | loss: 0.0463355
	speed: 0.0063s/iter; left time: 32.0064s
	iters: 1500, epoch: 8 | loss: 0.0622429
	speed: 0.0064s/iter; left time: 31.6910s
	iters: 1600, epoch: 8 | loss: 0.0481237
	speed: 0.0069s/iter; left time: 33.7939s
	iters: 1700, epoch: 8 | loss: 0.0508039
	speed: 0.0064s/iter; left time: 30.4666s
	iters: 1800, epoch: 8 | loss: 0.0633365
	speed: 0.0058s/iter; left time: 26.8853s
	iters: 1900, epoch: 8 | loss: 0.0548570
	speed: 0.0060s/iter; left time: 27.2375s
	iters: 2000, epoch: 8 | loss: 0.0443486
	speed: 0.0057s/iter; left time: 25.3480s
	iters: 2100, epoch: 8 | loss: 0.0517847
	speed: 0.0069s/iter; left time: 30.0463s
Epoch: 8 cost time: 13.922155141830444
Epoch: 8, Steps: 2154 | Train Loss: 0.0534731 Vali Loss: 0.0727476 Test Loss: 0.0688466
EarlyStopping counter: 2 out of 15
Updating learning rate to 0.00014638557288692642
	iters: 100, epoch: 9 | loss: 0.0509230
	speed: 0.0562s/iter; left time: 236.5990s
	iters: 200, epoch: 9 | loss: 0.0416222
	speed: 0.0075s/iter; left time: 30.7464s
	iters: 300, epoch: 9 | loss: 0.0751927
	speed: 0.0060s/iter; left time: 24.2157s
	iters: 400, epoch: 9 | loss: 0.0464505
	speed: 0.0057s/iter; left time: 22.4316s
	iters: 500, epoch: 9 | loss: 0.0585924
	speed: 0.0059s/iter; left time: 22.3541s
	iters: 600, epoch: 9 | loss: 0.0622679
	speed: 0.0061s/iter; left time: 22.7665s
	iters: 700, epoch: 9 | loss: 0.0550411
	speed: 0.0071s/iter; left time: 25.5945s
	iters: 800, epoch: 9 | loss: 0.0539000
	speed: 0.0070s/iter; left time: 24.5309s
	iters: 900, epoch: 9 | loss: 0.0511436
	speed: 0.0069s/iter; left time: 23.4516s
	iters: 1000, epoch: 9 | loss: 0.0550821
	speed: 0.0067s/iter; left time: 22.2323s
	iters: 1100, epoch: 9 | loss: 0.0510179
	speed: 0.0061s/iter; left time: 19.4974s
	iters: 1200, epoch: 9 | loss: 0.0488971
	speed: 0.0057s/iter; left time: 17.8596s
	iters: 1300, epoch: 9 | loss: 0.0599946
	speed: 0.0063s/iter; left time: 18.8913s
	iters: 1400, epoch: 9 | loss: 0.0546901
	speed: 0.0067s/iter; left time: 19.5789s
	iters: 1500, epoch: 9 | loss: 0.0485780
	speed: 0.0071s/iter; left time: 19.9107s
	iters: 1600, epoch: 9 | loss: 0.0509237
	speed: 0.0069s/iter; left time: 18.8106s
	iters: 1700, epoch: 9 | loss: 0.0545244
	speed: 0.0071s/iter; left time: 18.5001s
	iters: 1800, epoch: 9 | loss: 0.0593647
	speed: 0.0070s/iter; left time: 17.5864s
	iters: 1900, epoch: 9 | loss: 0.0524842
	speed: 0.0067s/iter; left time: 16.0852s
	iters: 2000, epoch: 9 | loss: 0.0523018
	speed: 0.0069s/iter; left time: 15.8549s
	iters: 2100, epoch: 9 | loss: 0.0520200
	speed: 0.0067s/iter; left time: 14.8954s
Epoch: 9 cost time: 14.27007532119751
Epoch: 9, Steps: 2154 | Train Loss: 0.0533431 Vali Loss: 0.0731454 Test Loss: 0.0683697
Validation loss decreased (0.068562 --> 0.068370).  Saving model ...
Updating learning rate to 3.802920551485804e-05
	iters: 100, epoch: 10 | loss: 0.0545452
	speed: 0.0562s/iter; left time: 115.5008s
	iters: 200, epoch: 10 | loss: 0.0492841
	speed: 0.0066s/iter; left time: 12.8768s
	iters: 300, epoch: 10 | loss: 0.0635419
	speed: 0.0069s/iter; left time: 12.7842s
	iters: 400, epoch: 10 | loss: 0.0589671
	speed: 0.0068s/iter; left time: 11.9527s
	iters: 500, epoch: 10 | loss: 0.0546504
	speed: 0.0062s/iter; left time: 10.2235s
	iters: 600, epoch: 10 | loss: 0.0609803
	speed: 0.0056s/iter; left time: 8.6646s
	iters: 700, epoch: 10 | loss: 0.0462088
	speed: 0.0061s/iter; left time: 8.9398s
	iters: 800, epoch: 10 | loss: 0.0402555
	speed: 0.0060s/iter; left time: 8.0840s
	iters: 900, epoch: 10 | loss: 0.0614726
	speed: 0.0065s/iter; left time: 8.1623s
	iters: 1000, epoch: 10 | loss: 0.0536152
	speed: 0.0065s/iter; left time: 7.4838s
	iters: 1100, epoch: 10 | loss: 0.0630813
	speed: 0.0061s/iter; left time: 6.4518s
	iters: 1200, epoch: 10 | loss: 0.0563830
	speed: 0.0059s/iter; left time: 5.6284s
	iters: 1300, epoch: 10 | loss: 0.0637994
	speed: 0.0059s/iter; left time: 5.0738s
	iters: 1400, epoch: 10 | loss: 0.0549788
	speed: 0.0064s/iter; left time: 4.8051s
	iters: 1500, epoch: 10 | loss: 0.0649658
	speed: 0.0068s/iter; left time: 4.4841s
	iters: 1600, epoch: 10 | loss: 0.0534459
	speed: 0.0065s/iter; left time: 3.6127s
	iters: 1700, epoch: 10 | loss: 0.0467313
	speed: 0.0070s/iter; left time: 3.1731s
	iters: 1800, epoch: 10 | loss: 0.0499375
	speed: 0.0069s/iter; left time: 2.4554s
	iters: 1900, epoch: 10 | loss: 0.0459053
	speed: 0.0068s/iter; left time: 1.7403s
	iters: 2000, epoch: 10 | loss: 0.0521062
	speed: 0.0069s/iter; left time: 1.0661s
	iters: 2100, epoch: 10 | loss: 0.0526422
	speed: 0.0068s/iter; left time: 0.3714s
Epoch: 10 cost time: 14.01837420463562
Epoch: 10, Steps: 2154 | Train Loss: 0.0530663 Vali Loss: 0.0729921 Test Loss: 0.0682923
Validation loss decreased (0.068370 --> 0.068292).  Saving model ...
Updating learning rate to 4.008309342172464e-09
>>>>>>>testing : imputation_IMPP_ETTm1_passes2_none_SparseTSFPlus_ETTm1_sl96_pl0_dm16_nh8_el2_dl1_df32_fc1_ebtimeF_dtTrue_ImpP_0<<<<<<<<<<<<<<<<<<<<<<<<<<<<<<<<<
test 11521
test shape: (11520, 96, 7) (11520, 96, 7)
mse:0.06887400150299072, mae:0.16317301988601685
