Args in experiment:
Namespace(activation='gelu', anomaly_ratio=0.25, batch_size=16, c_out=7, channel_independence=1, checkpoints='./checkpoints/', comment='none', d_ff=32, d_layers=1, d_model=16, data='ETTm1', data_path='ETTm1.csv', dec_in=7, decomp_method='moving_avg', des='ImpP', devices='0,1', distil=True, down_sampling_layers=0, down_sampling_method='avg', down_sampling_window=1, drop_last=True, dropout=0.1, e_layers=2, embed='timeF', emissions_file='emissions.csv', emissions_output_dir='.', enc_in=7, factor=1, features='M', freq='h', gpu=0, inverse=False, is_training=1, itr=1, label_len=0, learning_rate=0.001, loss='MSE', lradj='TST', mask_rate=0.5, model='SparseTSFPlus', model_id='IMPP_ETTm1_all', model_type='linear', moving_avg=25, n_heads=8, num_kernels=6, num_workers=0, output_attention=False, p_hidden_dims=[128, 128], p_hidden_layers=2, patience=15, pct_start=0.2, percent=100, period_len=4, pred_len=0, root_path='../dataset/ETT-small', seasonal_patterns='Monthly', seq_len=96, stsf_cls_head='flat', stsf_decomp='off', stsf_decomp_kernel=25, stsf_diag_mask=0, stsf_impute_passes=2, stsf_linear_bias=0, stsf_mask_conv=1, stsf_pad_fold=0, stsf_periods='', stsf_phase_kernel=3, stsf_phase_mix='linear', stsf_phase_rank=0, stsf_revin=0, stsf_revin_affine=0, target='OT', task_name='imputation', top_k=5, track_emissions=0, train_epochs=10, use_amp=False, use_future_temporal_feature=0, use_gpu=True, use_multi_gpu=False, use_norm=1)
Use GPU: cuda:0
trainable_params:597
units:phase_mix=linear,mask_conv=1,impute_passes=2
>>>>>>>start training : imputation_IMPP_ETTm1_all_none_SparseTSFPlus_ETTm1_sl96_pl0_dm16_nh8_el2_dl1_df32_fc1_ebtimeF_dtTrue_ImpP_0>>>>>>>>>>>>>>>>>>>>>>>>>>
train 34465
val 11521
test 11521
	iters: 100, epoch: 1 | loss: 0.4749611
	speed: 0.0423s/iter; left time: 907.7230s
	iters: 200, epoch: 1 | loss: 0.4526491
	speed: 0.0103s/iter; left time: 220.0998s
	iters: 300, epoch: 1 | loss: 0.4728307
	speed: 0.0086s/iter; left time: 182.1677s
	iters: 400, epoch: 1 | loss: 0.4633684
	speed: 0.0096s/iter; left time: 202.7211s
	iters: 500, epoch: 1 | loss: 0.4112614
	speed: 0.0093s/iter; left time: 194.8012s
	iters: 600, epoch: 1 | loss: 0.3387131
	speed: 0.0091s/iter; left time: 189.5860s
	iters: 700, epoch: 1 | loss: 0.2885419
	speed: 0.0078s/iter; left time: 161.5471s
	iters: 800, epoch: 1 | loss: 0.3607763
	speed: 0.0082s/iter; left time: 170.0732s
	iters: 900, epoch: 1 | loss: 0.2638172
	speed: 0.0084s/iter; left time: 173.8229s
	iters: 1000, epoch: 1 | loss: 0.2047822
	speed: 0.0083s/iter; left time: 170.8042s
	iters: 1100, epoch: 1 | loss: 0.2052023
	speed: 0.0075s/iter; left time: 154.2196s
	iters: 1200, epoch: 1 | loss: 0.1818951
	speed: 0.0073s/iter; left time: 149.1189s
	iters: 1300, epoch: 1 | loss: 0.1705670
	speed: 0.0082s/iter; left time: 165.9149s
	iters: 1400, epoch: 1 | loss: 0.1437874
	speed: 0.0077s/iter; left time: 155.1323s
	iters: 1500, epoch: 1 | loss: 0.1318727
	speed: 0.0068s/iter; left time: 136.0708s
	iters: 1600, epoch: 1 | loss: 0.1172695
	speed: 0.0068s/iter; left time: 135.6107s
	iters: 1700, epoch: 1 | loss: 0.1253541
	speed: 0.0075s/iter; left time: 148.3040s
	iters: 1800, epoch: 1 | loss: 0.1114612
	speed: 0.0070s/iter; left time: 138.1912s
	iters: 1900, epoch: 1 | loss: 0.0991461
	speed: 0.0077s/iter; left time: 151.4983s
	iters: 2000, epoch: 1 | loss: 0.0941564
	speed: 0.0077s/iter; left time: 151.1085s
	iters: 2100, epoch: 1 | loss: 0.0801030
	speed: 0.0072s/iter; left time: 139.9472s
Epoch: 1 cost time: 20.709707736968994
Epoch: 1, Steps: 2154 | Train Loss: 0.2516285 Vali Loss: 0.0979076 Test Loss: 0.1028734
Validation loss decreased (inf --> 0.102873).  Saving model ...
Updating learning rate to 0.0005201750597214178
	iters: 100, epoch: 2 | loss: 0.0821018
	speed: 0.0692s/iter; left time: 1335.5631s
	iters: 200, epoch: 2 | loss: 0.0655069
	speed: 0.0092s/iter; left time: 176.3268s
	iters: 300, epoch: 2 | loss: 0.0994242
	speed: 0.0090s/iter; left time: 171.2530s
	iters: 400, epoch: 2 | loss: 0.0684125
	speed: 0.0092s/iter; left time: 175.0752s
	iters: 500, epoch: 2 | loss: 0.0731473
	speed: 0.0084s/iter; left time: 158.5800s
	iters: 600, epoch: 2 | loss: 0.0761330
	speed: 0.0087s/iter; left time: 163.5326s
	iters: 700, epoch: 2 | loss: 0.0761687
	speed: 0.0076s/iter; left time: 141.4389s
	iters: 800, epoch: 2 | loss: 0.0550192
	speed: 0.0078s/iter; left time: 145.7060s
	iters: 900, epoch: 2 | loss: 0.0751820
	speed: 0.0083s/iter; left time: 153.2006s
	iters: 1000, epoch: 2 | loss: 0.0557088
	speed: 0.0081s/iter; left time: 148.1844s
	iters: 1100, epoch: 2 | loss: 0.0518443
	speed: 0.0079s/iter; left time: 144.8265s
	iters: 1200, epoch: 2 | loss: 0.0569887
	speed: 0.0078s/iter; left time: 142.5793s
	iters: 1300, epoch: 2 | loss: 0.0507393
	speed: 0.0086s/iter; left time: 155.4537s
	iters: 1400, epoch: 2 | loss: 0.0704784
	speed: 0.0076s/iter; left time: 137.0412s
	iters: 1500, epoch: 2 | loss: 0.0572586
	speed: 0.0080s/iter; left time: 143.0654s
	iters: 1600, epoch: 2 | loss: 0.0564969
	speed: 0.0082s/iter; left time: 144.9726s
	iters: 1700, epoch: 2 | loss: 0.0477583
	speed: 0.0078s/iter; left time: 138.3876s
	iters: 1800, epoch: 2 | loss: 0.0686884
	speed: 0.0080s/iter; left time: 141.5451s
	iters: 1900, epoch: 2 | loss: 0.0467515
	speed: 0.0084s/iter; left time: 147.7227s
	iters: 2000, epoch: 2 | loss: 0.0657481
	speed: 0.0088s/iter; left time: 153.5639s
	iters: 2100, epoch: 2 | loss: 0.0573197
	speed: 0.0076s/iter; left time: 130.7949s
Epoch: 2 cost time: 18.017510175704956
Epoch: 2, Steps: 2154 | Train Loss: 0.0643573 Vali Loss: 0.0706629 Test Loss: 0.0672246
Validation loss decreased (0.102873 --> 0.067225).  Saving model ...
Updating learning rate to 0.0009999999916906579
	iters: 100, epoch: 3 | loss: 0.0504666
	speed: 0.0802s/iter; left time: 1373.5707s
	iters: 200, epoch: 3 | loss: 0.0528590
	speed: 0.0081s/iter; left time: 137.3637s
	iters: 300, epoch: 3 | loss: 0.0597495
	speed: 0.0112s/iter; left time: 190.0184s
	iters: 400, epoch: 3 | loss: 0.0515734
	speed: 0.0120s/iter; left time: 202.3521s
	iters: 500, epoch: 3 | loss: 0.0683705
	speed: 0.0105s/iter; left time: 175.1617s
	iters: 600, epoch: 3 | loss: 0.0511855
	speed: 0.0085s/iter; left time: 141.0013s
	iters: 700, epoch: 3 | loss: 0.0715526
	speed: 0.0099s/iter; left time: 163.7196s
	iters: 800, epoch: 3 | loss: 0.0539953
	speed: 0.0096s/iter; left time: 157.7769s
	iters: 900, epoch: 3 | loss: 0.0474753
	speed: 0.0094s/iter; left time: 153.3810s
	iters: 1000, epoch: 3 | loss: 0.0489439
	speed: 0.0095s/iter; left time: 154.3112s
	iters: 1100, epoch: 3 | loss: 0.0581949
	speed: 0.0082s/iter; left time: 132.1055s
	iters: 1200, epoch: 3 | loss: 0.0657581
	speed: 0.0079s/iter; left time: 126.8609s
	iters: 1300, epoch: 3 | loss: 0.0656825
	speed: 0.0078s/iter; left time: 124.8199s
	iters: 1400, epoch: 3 | loss: 0.0454144
	speed: 0.0081s/iter; left time: 128.6933s
	iters: 1500, epoch: 3 | loss: 0.0608262
	speed: 0.0084s/iter; left time: 131.8483s
	iters: 1600, epoch: 3 | loss: 0.0460956
	speed: 0.0074s/iter; left time: 115.2345s
	iters: 1700, epoch: 3 | loss: 0.0449125
	speed: 0.0074s/iter; left time: 115.5777s
	iters: 1800, epoch: 3 | loss: 0.0462790
	speed: 0.0081s/iter; left time: 124.4407s
	iters: 1900, epoch: 3 | loss: 0.0528003
	speed: 0.0086s/iter; left time: 132.1002s
	iters: 2000, epoch: 3 | loss: 0.0562073
	speed: 0.0079s/iter; left time: 119.7721s
	iters: 2100, epoch: 3 | loss: 0.0575008
	speed: 0.0080s/iter; left time: 121.1503s
Epoch: 3 cost time: 18.901771545410156
Epoch: 3, Steps: 2154 | Train Loss: 0.0532702 Vali Loss: 0.0652137 Test Loss: 0.0604141
Validation loss decreased (0.067225 --> 0.060414).  Saving model ...
Updating learning rate to 0.0009619050271543523
	iters: 100, epoch: 4 | loss: 0.0467125
	speed: 0.0822s/iter; left time: 1231.1553s
	iters: 200, epoch: 4 | loss: 0.0607569
	speed: 0.0109s/iter; left time: 162.4021s
	iters: 300, epoch: 4 | loss: 0.0427463
	speed: 0.0094s/iter; left time: 139.2558s
	iters: 400, epoch: 4 | loss: 0.0527215
	speed: 0.0086s/iter; left time: 126.4211s
	iters: 500, epoch: 4 | loss: 0.0546079
	speed: 0.0089s/iter; left time: 130.1860s
	iters: 600, epoch: 4 | loss: 0.0490339
	speed: 0.0110s/iter; left time: 159.3635s
	iters: 700, epoch: 4 | loss: 0.0446832
	speed: 0.0083s/iter; left time: 119.6401s
	iters: 800, epoch: 4 | loss: 0.0465458
	speed: 0.0076s/iter; left time: 108.7416s
	iters: 900, epoch: 4 | loss: 0.0495608
	speed: 0.0077s/iter; left time: 108.9567s
	iters: 1000, epoch: 4 | loss: 0.0462586
	speed: 0.0081s/iter; left time: 114.1536s
	iters: 1100, epoch: 4 | loss: 0.0472319
	speed: 0.0080s/iter; left time: 111.3581s
	iters: 1200, epoch: 4 | loss: 0.0639318
	speed: 0.0082s/iter; left time: 113.4399s
	iters: 1300, epoch: 4 | loss: 0.0421736
	speed: 0.0083s/iter; left time: 114.0174s
	iters: 1400, epoch: 4 | loss: 0.0355663
	speed: 0.0083s/iter; left time: 113.7411s
	iters: 1500, epoch: 4 | loss: 0.0512201
	speed: 0.0083s/iter; left time: 112.3219s
	iters: 1600, epoch: 4 | loss: 0.0396575
	speed: 0.0080s/iter; left time: 108.2394s
	iters: 1700, epoch: 4 | loss: 0.0417260
	speed: 0.0081s/iter; left time: 108.6151s
	iters: 1800, epoch: 4 | loss: 0.0404980
	speed: 0.0087s/iter; left time: 114.8891s
	iters: 1900, epoch: 4 | loss: 0.0458694
	speed: 0.0079s/iter; left time: 104.5915s
	iters: 2000, epoch: 4 | loss: 0.0494043
	speed: 0.0076s/iter; left time: 99.9493s
	iters: 2100, epoch: 4 | loss: 0.0465417
	speed: 0.0085s/iter; left time: 110.6624s
Epoch: 4 cost time: 18.348339080810547
Epoch: 4, Steps: 2154 | Train Loss: 0.0494613 Vali Loss: 0.0626764 Test Loss: 0.0574353
Validation loss decreased (0.060414 --> 0.057435).  Saving model ...
Updating learning rate to 0.0008534895138951646
	iters: 100, epoch: 5 | loss: 0.0463758
	speed: 0.0689s/iter; left time: 883.1543s
	iters: 200, epoch: 5 | loss: 0.0447108
	speed: 0.0087s/iter; left time: 110.2069s
	iters: 300, epoch: 5 | loss: 0.0451966
	speed: 0.0081s/iter; left time: 102.2231s
	iters: 400, epoch: 5 | loss: 0.0451837
	speed: 0.0077s/iter; left time: 96.5045s
	iters: 500, epoch: 5 | loss: 0.0424817
	speed: 0.0081s/iter; left time: 101.0208s
	iters: 600, epoch: 5 | loss: 0.0403990
	speed: 0.0081s/iter; left time: 100.3705s
	iters: 700, epoch: 5 | loss: 0.0500832
	speed: 0.0076s/iter; left time: 93.3921s
	iters: 800, epoch: 5 | loss: 0.0645925
	speed: 0.0080s/iter; left time: 97.3921s
	iters: 900, epoch: 5 | loss: 0.0518509
	speed: 0.0078s/iter; left time: 93.9840s
	iters: 1000, epoch: 5 | loss: 0.0551790
	speed: 0.0086s/iter; left time: 103.0391s
	iters: 1100, epoch: 5 | loss: 0.0503804
	speed: 0.0080s/iter; left time: 94.0613s
	iters: 1200, epoch: 5 | loss: 0.0482840
	speed: 0.0090s/iter; left time: 105.0944s
	iters: 1300, epoch: 5 | loss: 0.0478281
	speed: 0.0079s/iter; left time: 91.7933s
	iters: 1400, epoch: 5 | loss: 0.0532237
	speed: 0.0085s/iter; left time: 97.6432s
	iters: 1500, epoch: 5 | loss: 0.0445620
	speed: 0.0079s/iter; left time: 90.2212s
	iters: 1600, epoch: 5 | loss: 0.0617705
	speed: 0.0076s/iter; left time: 86.1989s
	iters: 1700, epoch: 5 | loss: 0.0557525
	speed: 0.0082s/iter; left time: 92.1786s
	iters: 1800, epoch: 5 | loss: 0.0479329
	speed: 0.0082s/iter; left time: 91.3452s
	iters: 1900, epoch: 5 | loss: 0.0482432
	speed: 0.0077s/iter; left time: 84.7755s
	iters: 2000, epoch: 5 | loss: 0.0561392
	speed: 0.0080s/iter; left time: 87.1371s
	iters: 2100, epoch: 5 | loss: 0.0429038
	speed: 0.0086s/iter; left time: 93.6073s
Epoch: 5 cost time: 17.551498651504517
Epoch: 5, Steps: 2154 | Train Loss: 0.0477108 Vali Loss: 0.0617353 Test Loss: 0.0563759
Validation loss decreased (0.057435 --> 0.056376).  Saving model ...
Updating learning rate to 0.0006912587310177311
	iters: 100, epoch: 6 | loss: 0.0403168
	speed: 0.0676s/iter; left time: 721.0518s
	iters: 200, epoch: 6 | loss: 0.0472548
	speed: 0.0082s/iter; left time: 86.5161s
	iters: 300, epoch: 6 | loss: 0.0473043
	speed: 0.0086s/iter; left time: 90.5731s
	iters: 400, epoch: 6 | loss: 0.0566702
	speed: 0.0076s/iter; left time: 79.0736s
	iters: 500, epoch: 6 | loss: 0.0551080
	speed: 0.0080s/iter; left time: 82.0447s
	iters: 600, epoch: 6 | loss: 0.0368868
	speed: 0.0089s/iter; left time: 91.0063s
	iters: 700, epoch: 6 | loss: 0.0530353
	speed: 0.0119s/iter; left time: 119.5719s
	iters: 800, epoch: 6 | loss: 0.0530609
	speed: 0.0108s/iter; left time: 107.3023s
	iters: 900, epoch: 6 | loss: 0.0596660
	speed: 0.0091s/iter; left time: 89.8014s
	iters: 1000, epoch: 6 | loss: 0.0471520
	speed: 0.0101s/iter; left time: 98.3942s
	iters: 1100, epoch: 6 | loss: 0.0482055
	speed: 0.0094s/iter; left time: 90.5752s
	iters: 1200, epoch: 6 | loss: 0.0429470
	speed: 0.0082s/iter; left time: 78.9083s
	iters: 1300, epoch: 6 | loss: 0.0528016
	speed: 0.0084s/iter; left time: 79.6492s
	iters: 1400, epoch: 6 | loss: 0.0488944
	speed: 0.0090s/iter; left time: 84.6060s
	iters: 1500, epoch: 6 | loss: 0.0424227
	speed: 0.0096s/iter; left time: 88.9927s
	iters: 1600, epoch: 6 | loss: 0.0446395
	speed: 0.0087s/iter; left time: 79.5271s
	iters: 1700, epoch: 6 | loss: 0.0420231
	speed: 0.0096s/iter; left time: 86.6904s
	iters: 1800, epoch: 6 | loss: 0.0363747
	speed: 0.0090s/iter; left time: 80.3778s
	iters: 1900, epoch: 6 | loss: 0.0623768
	speed: 0.0089s/iter; left time: 78.5828s
	iters: 2000, epoch: 6 | loss: 0.0505260
	speed: 0.0090s/iter; left time: 78.8882s
	iters: 2100, epoch: 6 | loss: 0.0469410
	speed: 0.0085s/iter; left time: 73.7805s
Epoch: 6 cost time: 19.491155862808228
Epoch: 6, Steps: 2154 | Train Loss: 0.0468449 Vali Loss: 0.0603187 Test Loss: 0.0556264
Validation loss decreased (0.056376 --> 0.055626).  Saving model ...
Updating learning rate to 0.0004999108445894319
	iters: 100, epoch: 7 | loss: 0.0426752
	speed: 0.0794s/iter; left time: 675.9307s
	iters: 200, epoch: 7 | loss: 0.0452785
	speed: 0.0088s/iter; left time: 74.3705s
	iters: 300, epoch: 7 | loss: 0.0468932
	speed: 0.0091s/iter; left time: 75.3852s
	iters: 400, epoch: 7 | loss: 0.0463215
	speed: 0.0087s/iter; left time: 71.7616s
	iters: 500, epoch: 7 | loss: 0.0486299
	speed: 0.0100s/iter; left time: 81.3818s
	iters: 600, epoch: 7 | loss: 0.0468495
	speed: 0.0116s/iter; left time: 92.6862s
	iters: 700, epoch: 7 | loss: 0.0545958
	speed: 0.0093s/iter; left time: 73.4777s
	iters: 800, epoch: 7 | loss: 0.0354282
	speed: 0.0096s/iter; left time: 75.3097s
	iters: 900, epoch: 7 | loss: 0.0407639
	speed: 0.0092s/iter; left time: 70.9552s
	iters: 1000, epoch: 7 | loss: 0.0459778
	speed: 0.0089s/iter; left time: 67.5809s
	iters: 1100, epoch: 7 | loss: 0.0585145
	speed: 0.0090s/iter; left time: 67.4193s
	iters: 1200, epoch: 7 | loss: 0.0614910
	speed: 0.0105s/iter; left time: 77.8334s
	iters: 1300, epoch: 7 | loss: 0.0441249
	speed: 0.0101s/iter; left time: 74.1510s
	iters: 1400, epoch: 7 | loss: 0.0563647
	speed: 0.0087s/iter; left time: 62.4387s
	iters: 1500, epoch: 7 | loss: 0.0389473
	speed: 0.0094s/iter; left time: 67.1867s
	iters: 1600, epoch: 7 | loss: 0.0419258
	speed: 0.0096s/iter; left time: 67.7047s
	iters: 1700, epoch: 7 | loss: 0.0413561
	speed: 0.0085s/iter; left time: 58.8809s
	iters: 1800, epoch: 7 | loss: 0.0434390
	speed: 0.0089s/iter; left time: 60.4588s
	iters: 1900, epoch: 7 | loss: 0.0442551
	speed: 0.0090s/iter; left time: 60.1482s
	iters: 2000, epoch: 7 | loss: 0.0451390
	speed: 0.0090s/iter; left time: 59.7185s
	iters: 2100, epoch: 7 | loss: 0.0422494
	speed: 0.0105s/iter; left time: 68.6673s
Epoch: 7 cost time: 20.169915199279785
Epoch: 7, Steps: 2154 | Train Loss: 0.0462629 Vali Loss: 0.0604823 Test Loss: 0.0552401
Validation loss decreased (0.055626 --> 0.055240).  Saving model ...
Updating learning rate to 0.00030857683574606596
	iters: 100, epoch: 8 | loss: 0.0358164
	speed: 0.0776s/iter; left time: 493.5831s
	iters: 200, epoch: 8 | loss: 0.0521203
	speed: 0.0088s/iter; left time: 55.3353s
	iters: 300, epoch: 8 | loss: 0.0602302
	speed: 0.0099s/iter; left time: 61.0060s
	iters: 400, epoch: 8 | loss: 0.0362893
	speed: 0.0094s/iter; left time: 57.1797s
	iters: 500, epoch: 8 | loss: 0.0472235
	speed: 0.0086s/iter; left time: 51.3402s
	iters: 600, epoch: 8 | loss: 0.0436494
	speed: 0.0091s/iter; left time: 53.1029s
	iters: 700, epoch: 8 | loss: 0.0371167
	speed: 0.0087s/iter; left time: 49.9781s
	iters: 800, epoch: 8 | loss: 0.0493280
	speed: 0.0088s/iter; left time: 50.0089s
	iters: 900, epoch: 8 | loss: 0.0498570
	speed: 0.0107s/iter; left time: 59.3100s
	iters: 1000, epoch: 8 | loss: 0.0364489
	speed: 0.0108s/iter; left time: 59.2470s
	iters: 1100, epoch: 8 | loss: 0.0444731
	speed: 0.0095s/iter; left time: 50.8812s
	iters: 1200, epoch: 8 | loss: 0.0404373
	speed: 0.0101s/iter; left time: 53.2775s
	iters: 1300, epoch: 8 | loss: 0.0353532
	speed: 0.0099s/iter; left time: 51.1337s
	iters: 1400, epoch: 8 | loss: 0.0676315
	speed: 0.0095s/iter; left time: 48.3240s
	iters: 1500, epoch: 8 | loss: 0.0368323
	speed: 0.0081s/iter; left time: 40.3001s
	iters: 1600, epoch: 8 | loss: 0.0470192
	speed: 0.0083s/iter; left time: 40.5662s
	iters: 1700, epoch: 8 | loss: 0.0540750
	speed: 0.0093s/iter; left time: 44.4529s
	iters: 1800, epoch: 8 | loss: 0.0475088
	speed: 0.0089s/iter; left time: 41.2695s
	iters: 1900, epoch: 8 | loss: 0.0416700
	speed: 0.0089s/iter; left time: 40.6552s
	iters: 2000, epoch: 8 | loss: 0.0374431
	speed: 0.0086s/iter; left time: 38.4002s
	iters: 2100, epoch: 8 | loss: 0.0422772
	speed: 0.0100s/iter; left time: 43.6922s
Epoch: 8 cost time: 20.098562717437744
Epoch: 8, Steps: 2154 | Train Loss: 0.0459496 Vali Loss: 0.0597792 Test Loss: 0.0545596
Validation loss decreased (0.055240 --> 0.054560).  Saving model ...
Updating learning rate to 0.00014638557288692642
	iters: 100, epoch: 9 | loss: 0.0434915
	speed: 0.0782s/iter; left time: 329.2449s
	iters: 200, epoch: 9 | loss: 0.0422298
	speed: 0.0089s/iter; left time: 36.6976s
	iters: 300, epoch: 9 | loss: 0.0389722
	speed: 0.0096s/iter; left time: 38.3772s
	iters: 400, epoch: 9 | loss: 0.0409553
	speed: 0.0092s/iter; left time: 35.9530s
	iters: 500, epoch: 9 | loss: 0.0493770
	speed: 0.0092s/iter; left time: 35.0040s
	iters: 600, epoch: 9 | loss: 0.0378013
	speed: 0.0087s/iter; left time: 32.0855s
	iters: 700, epoch: 9 | loss: 0.0524766
	speed: 0.0108s/iter; left time: 38.7971s
	iters: 800, epoch: 9 | loss: 0.0452072
	speed: 0.0115s/iter; left time: 40.5008s
	iters: 900, epoch: 9 | loss: 0.0377282
	speed: 0.0075s/iter; left time: 25.7061s
	iters: 1000, epoch: 9 | loss: 0.0356555
	speed: 0.0074s/iter; left time: 24.4968s
	iters: 1100, epoch: 9 | loss: 0.0570972
	speed: 0.0083s/iter; left time: 26.7449s
	iters: 1200, epoch: 9 | loss: 0.0458977
	speed: 0.0082s/iter; left time: 25.6425s
	iters: 1300, epoch: 9 | loss: 0.0402316
	speed: 0.0084s/iter; left time: 25.3789s
	iters: 1400, epoch: 9 | loss: 0.0404654
	speed: 0.0086s/iter; left time: 24.9071s
	iters: 1500, epoch: 9 | loss: 0.0367109
	speed: 0.0084s/iter; left time: 23.6188s
	iters: 1600, epoch: 9 | loss: 0.0457063
	speed: 0.0085s/iter; left time: 22.9098s
	iters: 1700, epoch: 9 | loss: 0.0463230
	speed: 0.0087s/iter; left time: 22.5757s
	iters: 1800, epoch: 9 | loss: 0.0515500
	speed: 0.0082s/iter; left time: 20.5500s
	iters: 1900, epoch: 9 | loss: 0.0416978
	speed: 0.0086s/iter; left time: 20.7018s
	iters: 2000, epoch: 9 | loss: 0.0411353
	speed: 0.0084s/iter; left time: 19.4077s
	iters: 2100, epoch: 9 | loss: 0.0440758
	speed: 0.0081s/iter; left time: 17.9259s
Epoch: 9 cost time: 18.88511085510254
Epoch: 9, Steps: 2154 | Train Loss: 0.0456669 Vali Loss: 0.0596182 Test Loss: 0.0543746
Validation loss decreased (0.054560 --> 0.054375).  Saving model ...
Updating learning rate to 3.802920551485804e-05
	iters: 100, epoch: 10 | loss: 0.0487493
	speed: 0.0681s/iter; left time: 140.0343s
	iters: 200, epoch: 10 | loss: 0.0399443
	speed: 0.0078s/iter; left time: 15.1662s
	iters: 300, epoch: 10 | loss: 0.0432649
	speed: 0.0083s/iter; left time: 15.3778s
	iters: 400, epoch: 10 | loss: 0.0470432
	speed: 0.0090s/iter; left time: 15.7587s
	iters: 500, epoch: 10 | loss: 0.0635651
	speed: 0.0077s/iter; left time: 12.8178s
	iters: 600, epoch: 10 | loss: 0.0524570
	speed: 0.0077s/iter; left time: 12.0426s
	iters: 700, epoch: 10 | loss: 0.0519446
	speed: 0.0092s/iter; left time: 13.3718s
	iters: 800, epoch: 10 | loss: 0.0504593
	speed: 0.0085s/iter; left time: 11.5812s
	iters: 900, epoch: 10 | loss: 0.0448235
	speed: 0.0081s/iter; left time: 10.1124s
	iters: 1000, epoch: 10 | loss: 0.0392163
	speed: 0.0083s/iter; left time: 9.5372s
	iters: 1100, epoch: 10 | loss: 0.0508331
	speed: 0.0089s/iter; left time: 9.4312s
	iters: 1200, epoch: 10 | loss: 0.0375659
	speed: 0.0078s/iter; left time: 7.4178s
	iters: 1300, epoch: 10 | loss: 0.0411223
	speed: 0.0083s/iter; left time: 7.0647s
	iters: 1400, epoch: 10 | loss: 0.0347182
	speed: 0.0082s/iter; left time: 6.2073s
	iters: 1500, epoch: 10 | loss: 0.0495357
	speed: 0.0084s/iter; left time: 5.5237s
	iters: 1600, epoch: 10 | loss: 0.0457948
	speed: 0.0078s/iter; left time: 4.3417s
	iters: 1700, epoch: 10 | loss: 0.0545992
	speed: 0.0082s/iter; left time: 3.7264s
	iters: 1800, epoch: 10 | loss: 0.0353596
	speed: 0.0090s/iter; left time: 3.1856s
	iters: 1900, epoch: 10 | loss: 0.0435594
	speed: 0.0077s/iter; left time: 1.9643s
	iters: 2000, epoch: 10 | loss: 0.0437017
	speed: 0.0083s/iter; left time: 1.2925s
	iters: 2100, epoch: 10 | loss: 0.0383792
	speed: 0.0097s/iter; left time: 0.5312s
Epoch: 10 cost time: 18.111555814743042
Epoch: 10, Steps: 2154 | Train Loss: 0.0457175 Vali Loss: 0.0594890 Test Loss: 0.0539981
Validation loss decreased (0.054375 --> 0.053998).  Saving model ...
Updating learning rate to 4.008309342172464e-09
>>>>>>>testing : imputation_IMPP_ETTm1_all_none_SparseTSFPlus_ETTm1_sl96_pl0_dm16_nh8_el2_dl1_df32_fc1_ebtimeF_dtTrue_ImpP_0<<<<<<<<<<<<<<<<<<<<<<<<<<<<<<<<<
test 11521
test shape: (11520, 96, 7) (11520, 96, 7)
mse:0.054591257125139236, mae:0.14603841304779053
