Args in experiment:
Namespace(activation='gelu', anomaly_ratio=0.25, batch_size=16, c_out=7, channel_independence=1, checkpoints='./checkpoints/', comment='none', d_ff=32, d_layers=1, d_model=16, data='ETTm1', data_path='ETTm1.csv', dec_in=7, decomp_method='moving_avg', des='ImpP', devices='0,1', distil=True, down_sampling_layers=0, down_sampling_method='avg', down_sampling_window=1, drop_last=True, dropout=0.1, e_layers=2, embed='timeF', emissions_file='emissions.csv', emissions_output_dir='.', enc_in=7, factor=1, features='M', freq='h', gpu=0, inverse=False, is_training=1, itr=1, label_len=0, learning_rate=0.001, loss='MSE', lradj='TST', mask_rate=0.5, model='SparseTSFPlus', model_id='IMPP_ETTm1_base', model_type='linear', moving_avg=25, n_heads=8, num_kernels=6, num_workers=0, output_attention=False, p_hidden_dims=[128, 128], p_hidden_layers=2, patience=15, pct_start=0.2, percent=100, period_len=4, pred_len=0, root_path='../dataset/ETT-small', seasonal_patterns='Monthly', seq_len=96, stsf_cls_head='flat', stsf_decomp='off', stsf_decomp_kernel=25, stsf_diag_mask=0, stsf_impute_passes=1, stsf_linear_bias=0, stsf_mask_conv=0, stsf_pad_fold=0, stsf_periods='', stsf_phase_kernel=3, stsf_phase_mix='off', stsf_phase_rank=0, stsf_revin=0, stsf_revin_affine=0, target='OT', task_name='imputation', top_k=5, track_emissions=0, train_epochs=10, use_amp=False, use_future_temporal_feature=0, use_gpu=True, use_multi_gpu=False, use_norm=1)
Use GPU: cuda:0
trainable_params:581
units:vanilla
>>>>>>>start training : imputation_IMPP_ETTm1_base_none_SparseTSFPlus_ETTm1_sl96_pl0_dm16_nh8_el2_dl1_df32_fc1_ebtimeF_dtTrue_ImpP_0>>>>>>>>>>>>>>>>>>>>>>>>>>
train 34465
val 11521
test 11521
	iters: 100, epoch: 1 | loss: 0.4277786
	speed: 0.0342s/iter; left time: 733.9854s
	iters: 200, epoch: 1 | loss: 0.2783131
	speed: 0.0050s/iter; left time: 106.7606s
	iters: 300, epoch: 1 | loss: 0.4489281
	speed: 0.0055s/iter; left time: 116.7642s
	iters: 400, epoch: 1 | loss: 0.3759815
	speed: 0.0055s/iter; left time: 117.0355s
	iters: 500, epoch: 1 | loss: 0.3481202
	speed: 0.0056s/iter; left time: 116.8576s
	iters: 600, epoch: 1 | loss: 0.3486654
	speed: 0.0059s/iter; left time: 124.0169s
	iters: 700, epoch: 1 | loss: 0.3221806
	speed: 0.0051s/iter; left time: 106.4569s
	iters: 800, epoch: 1 | loss: 0.3759815
	speed: 0.0058s/iter; left time: 119.5194s
	iters: 900, epoch: 1 | loss: 0.2500164
	speed: 0.0055s/iter; left time: 114.5509s
	iters: 1000, epoch: 1 | loss: 0.2774023
	speed: 0.0059s/iter; left time: 121.0791s
	iters: 1100, epoch: 1 | loss: 0.2438625
	speed: 0.0053s/iter; left time: 108.0438s
	iters: 1200, epoch: 1 | loss: 0.2773640
	speed: 0.0052s/iter; left time: 105.6197s
	iters: 1300, epoch: 1 | loss: 0.1742933
	speed: 0.0048s/iter; left time: 96.9305s
	iters: 1400, epoch: 1 | loss: 0.1559535
	speed: 0.0052s/iter; left time: 104.9317s
	iters: 1500, epoch: 1 | loss: 0.1770113
	speed: 0.0067s/iter; left time: 134.2436s
	iters: 1600, epoch: 1 | loss: 0.1230279
	speed: 0.0049s/iter; left time: 98.1152s
	iters: 1700, epoch: 1 | loss: 0.1263595
	speed: 0.0049s/iter; left time: 96.6208s
	iters: 1800, epoch: 1 | loss: 0.1179867
	speed: 0.0066s/iter; left time: 130.8684s
	iters: 1900, epoch: 1 | loss: 0.1157475
	speed: 0.0077s/iter; left time: 150.7001s
	iters: 2000, epoch: 1 | loss: 0.1203062
	speed: 0.0065s/iter; left time: 127.6555s
	iters: 2100, epoch: 1 | loss: 0.0890136
	speed: 0.0066s/iter; left time: 127.8317s
Epoch: 1 cost time: 15.161121368408203
Epoch: 1, Steps: 2154 | Train Loss: 0.2654385 Vali Loss: 0.1190617 Test Loss: 0.1233333
Validation loss decreased (inf --> 0.123333).  Saving model ...
Updating learning rate to 0.0005201750597214178
	iters: 100, epoch: 2 | loss: 0.1023582
	speed: 0.0561s/iter; left time: 1081.6063s
	iters: 200, epoch: 2 | loss: 0.0913042
	speed: 0.0059s/iter; left time: 112.8835s
	iters: 300, epoch: 2 | loss: 0.0763722
	speed: 0.0056s/iter; left time: 106.0801s
	iters: 400, epoch: 2 | loss: 0.0894490
	speed: 0.0055s/iter; left time: 105.2601s
	iters: 500, epoch: 2 | loss: 0.0788867
	speed: 0.0066s/iter; left time: 124.1995s
	iters: 600, epoch: 2 | loss: 0.0753808
	speed: 0.0064s/iter; left time: 120.4893s
	iters: 700, epoch: 2 | loss: 0.0649396
	speed: 0.0059s/iter; left time: 109.9135s
	iters: 800, epoch: 2 | loss: 0.0817138
	speed: 0.0055s/iter; left time: 101.9749s
	iters: 900, epoch: 2 | loss: 0.0622704
	speed: 0.0060s/iter; left time: 111.6602s
	iters: 1000, epoch: 2 | loss: 0.0827065
	speed: 0.0062s/iter; left time: 114.1349s
	iters: 1100, epoch: 2 | loss: 0.0634811
	speed: 0.0062s/iter; left time: 114.2890s
	iters: 1200, epoch: 2 | loss: 0.0770191
	speed: 0.0059s/iter; left time: 107.2302s
	iters: 1300, epoch: 2 | loss: 0.0615426
	speed: 0.0059s/iter; left time: 106.0665s
	iters: 1400, epoch: 2 | loss: 0.0787318
	speed: 0.0063s/iter; left time: 113.4977s
	iters: 1500, epoch: 2 | loss: 0.0661158
	speed: 0.0063s/iter; left time: 112.4257s
	iters: 1600, epoch: 2 | loss: 0.0773663
	speed: 0.0085s/iter; left time: 150.7765s
	iters: 1700, epoch: 2 | loss: 0.0558864
	speed: 0.0061s/iter; left time: 107.8550s
	iters: 1800, epoch: 2 | loss: 0.0725162
	speed: 0.0054s/iter; left time: 94.4651s
	iters: 1900, epoch: 2 | loss: 0.0765021
	speed: 0.0060s/iter; left time: 105.1624s
	iters: 2000, epoch: 2 | loss: 0.0740748
	speed: 0.0062s/iter; left time: 108.5778s
	iters: 2100, epoch: 2 | loss: 0.0814145
	speed: 0.0059s/iter; left time: 101.8165s
Epoch: 2 cost time: 13.16803765296936
Epoch: 2, Steps: 2154 | Train Loss: 0.0737033 Vali Loss: 0.0998361 Test Loss: 0.0968443
Validation loss decreased (0.123333 --> 0.096844).  Saving model ...
Updating learning rate to 0.0009999999916906579
	iters: 100, epoch: 3 | loss: 0.0703157
	speed: 0.0589s/iter; left time: 1008.9618s
	iters: 200, epoch: 3 | loss: 0.0801298
	speed: 0.0057s/iter; left time: 97.2888s
	iters: 300, epoch: 3 | loss: 0.0551226
	speed: 0.0052s/iter; left time: 88.8898s
	iters: 400, epoch: 3 | loss: 0.0570806
	speed: 0.0061s/iter; left time: 103.0067s
	iters: 500, epoch: 3 | loss: 0.0807705
	speed: 0.0067s/iter; left time: 112.6593s
	iters: 600, epoch: 3 | loss: 0.0821752
	speed: 0.0063s/iter; left time: 104.5903s
	iters: 700, epoch: 3 | loss: 0.0646956
	speed: 0.0056s/iter; left time: 92.5494s
	iters: 800, epoch: 3 | loss: 0.0602820
	speed: 0.0050s/iter; left time: 82.9686s
	iters: 900, epoch: 3 | loss: 0.0705099
	speed: 0.0058s/iter; left time: 94.5097s
	iters: 1000, epoch: 3 | loss: 0.0995423
	speed: 0.0068s/iter; left time: 110.4739s
	iters: 1100, epoch: 3 | loss: 0.0911112
	speed: 0.0068s/iter; left time: 109.6299s
	iters: 1200, epoch: 3 | loss: 0.0691896
	speed: 0.0058s/iter; left time: 92.3355s
	iters: 1300, epoch: 3 | loss: 0.0660732
	speed: 0.0056s/iter; left time: 88.5333s
	iters: 1400, epoch: 3 | loss: 0.0713665
	speed: 0.0056s/iter; left time: 88.3480s
	iters: 1500, epoch: 3 | loss: 0.0761032
	speed: 0.0065s/iter; left time: 102.3511s
	iters: 1600, epoch: 3 | loss: 0.0614484
	speed: 0.0066s/iter; left time: 102.4515s
	iters: 1700, epoch: 3 | loss: 0.0867118
	speed: 0.0058s/iter; left time: 89.9210s
	iters: 1800, epoch: 3 | loss: 0.0774996
	speed: 0.0053s/iter; left time: 81.1814s
	iters: 1900, epoch: 3 | loss: 0.0662296
	speed: 0.0060s/iter; left time: 91.5283s
	iters: 2000, epoch: 3 | loss: 0.0665154
	speed: 0.0066s/iter; left time: 100.4087s
	iters: 2100, epoch: 3 | loss: 0.0535988
	speed: 0.0065s/iter; left time: 97.6707s
Epoch: 3 cost time: 13.107818603515625
Epoch: 3, Steps: 2154 | Train Loss: 0.0707919 Vali Loss: 0.0995251 Test Loss: 0.0965775
Validation loss decreased (0.096844 --> 0.096578).  Saving model ...
Updating learning rate to 0.0009619050271543523
	iters: 100, epoch: 4 | loss: 0.0539991
	speed: 0.0620s/iter; left time: 928.0361s
	iters: 200, epoch: 4 | loss: 0.0810482
	speed: 0.0051s/iter; left time: 76.6248s
	iters: 300, epoch: 4 | loss: 0.0723600
	speed: 0.0058s/iter; left time: 86.2429s
	iters: 400, epoch: 4 | loss: 0.0742830
	speed: 0.0073s/iter; left time: 106.7670s
	iters: 500, epoch: 4 | loss: 0.0594356
	speed: 0.0114s/iter; left time: 165.9463s
	iters: 600, epoch: 4 | loss: 0.0639548
	speed: 0.0087s/iter; left time: 126.6497s
	iters: 700, epoch: 4 | loss: 0.0592685
	speed: 0.0071s/iter; left time: 102.7351s
	iters: 800, epoch: 4 | loss: 0.0687695
	speed: 0.0061s/iter; left time: 87.7526s
	iters: 900, epoch: 4 | loss: 0.0595826
	speed: 0.0066s/iter; left time: 93.7108s
	iters: 1000, epoch: 4 | loss: 0.0756876
	speed: 0.0057s/iter; left time: 80.2653s
	iters: 1100, epoch: 4 | loss: 0.0723455
	speed: 0.0052s/iter; left time: 72.0169s
	iters: 1200, epoch: 4 | loss: 0.0729677
	speed: 0.0069s/iter; left time: 96.4466s
	iters: 1300, epoch: 4 | loss: 0.0664509
	speed: 0.0065s/iter; left time: 88.9306s
	iters: 1400, epoch: 4 | loss: 0.0581958
	speed: 0.0065s/iter; left time: 89.5074s
	iters: 1500, epoch: 4 | loss: 0.0629531
	speed: 0.0057s/iter; left time: 77.0416s
	iters: 1600, epoch: 4 | loss: 0.1046171
	speed: 0.0055s/iter; left time: 74.0571s
	iters: 1700, epoch: 4 | loss: 0.0815654
	speed: 0.0065s/iter; left time: 86.4751s
	iters: 1800, epoch: 4 | loss: 0.0647552
	speed: 0.0065s/iter; left time: 86.5285s
	iters: 1900, epoch: 4 | loss: 0.0621892
	speed: 0.0069s/iter; left time: 90.3428s
	iters: 2000, epoch: 4 | loss: 0.0947792
	speed: 0.0090s/iter; left time: 117.7170s
	iters: 2100, epoch: 4 | loss: 0.0646469
	speed: 0.0064s/iter; left time: 83.5004s
Epoch: 4 cost time: 14.579547643661499
Epoch: 4, Steps: 2154 | Train Loss: 0.0706975 Vali Loss: 0.0996507 Test Loss: 0.0966678
EarlyStopping counter: 1 out of 15
Updating learning rate to 0.0008534895138951646
	iters: 100, epoch: 5 | loss: 0.0527413
	speed: 0.0639s/iter; left time: 818.9062s
	iters: 200, epoch: 5 | loss: 0.0893634
	speed: 0.0077s/iter; left time: 98.4509s
	iters: 300, epoch: 5 | loss: 0.0722718
	speed: 0.0068s/iter; left time: 85.7762s
	iters: 400, epoch: 5 | loss: 0.0652492
	speed: 0.0065s/iter; left time: 81.1661s
	iters: 500, epoch: 5 | loss: 0.0649368
	speed: 0.0071s/iter; left time: 87.9604s
	iters: 600, epoch: 5 | loss: 0.0729524
	speed: 0.0079s/iter; left time: 96.7846s
	iters: 700, epoch: 5 | loss: 0.0848080
	speed: 0.0080s/iter; left time: 98.1471s
	iters: 800, epoch: 5 | loss: 0.0675571
	speed: 0.0087s/iter; left time: 105.7408s
	iters: 900, epoch: 5 | loss: 0.0570142
	speed: 0.0066s/iter; left time: 79.3119s
	iters: 1000, epoch: 5 | loss: 0.0782226
	speed: 0.0064s/iter; left time: 76.6711s
	iters: 1100, epoch: 5 | loss: 0.0679292
	speed: 0.0062s/iter; left time: 72.9170s
	iters: 1200, epoch: 5 | loss: 0.0573810
	speed: 0.0066s/iter; left time: 77.5732s
	iters: 1300, epoch: 5 | loss: 0.0683867
	speed: 0.0065s/iter; left time: 75.5548s
	iters: 1400, epoch: 5 | loss: 0.0723668
	speed: 0.0064s/iter; left time: 73.8216s
	iters: 1500, epoch: 5 | loss: 0.0632715
	speed: 0.0063s/iter; left time: 72.1641s
	iters: 1600, epoch: 5 | loss: 0.0577775
	speed: 0.0065s/iter; left time: 73.6699s
	iters: 1700, epoch: 5 | loss: 0.0816275
	speed: 0.0066s/iter; left time: 74.2613s
	iters: 1800, epoch: 5 | loss: 0.0685035
	speed: 0.0069s/iter; left time: 76.5397s
	iters: 1900, epoch: 5 | loss: 0.0704926
	speed: 0.0072s/iter; left time: 79.5858s
	iters: 2000, epoch: 5 | loss: 0.0751810
	speed: 0.0062s/iter; left time: 68.2414s
	iters: 2100, epoch: 5 | loss: 0.0600994
	speed: 0.0063s/iter; left time: 67.9514s
Epoch: 5 cost time: 14.787263631820679
Epoch: 5, Steps: 2154 | Train Loss: 0.0703739 Vali Loss: 0.0991835 Test Loss: 0.0965693
Validation loss decreased (0.096578 --> 0.096569).  Saving model ...
Updating learning rate to 0.0006912587310177311
	iters: 100, epoch: 6 | loss: 0.0687034
	speed: 0.0646s/iter; left time: 689.5673s
	iters: 200, epoch: 6 | loss: 0.0645597
	speed: 0.0067s/iter; left time: 70.8866s
	iters: 300, epoch: 6 | loss: 0.0553998
	speed: 0.0082s/iter; left time: 86.2765s
	iters: 400, epoch: 6 | loss: 0.0729188
	speed: 0.0104s/iter; left time: 108.0596s
	iters: 500, epoch: 6 | loss: 0.0829923
	speed: 0.0092s/iter; left time: 94.8420s
	iters: 600, epoch: 6 | loss: 0.0867027
	speed: 0.0085s/iter; left time: 85.9854s
	iters: 700, epoch: 6 | loss: 0.0716921
	speed: 0.0066s/iter; left time: 66.8205s
	iters: 800, epoch: 6 | loss: 0.0650156
	speed: 0.0068s/iter; left time: 67.8723s
	iters: 900, epoch: 6 | loss: 0.0819210
	speed: 0.0064s/iter; left time: 63.5391s
	iters: 1000, epoch: 6 | loss: 0.0637581
	speed: 0.0062s/iter; left time: 60.6226s
	iters: 1100, epoch: 6 | loss: 0.0765032
	speed: 0.0061s/iter; left time: 59.0801s
	iters: 1200, epoch: 6 | loss: 0.0667808
	speed: 0.0066s/iter; left time: 62.7743s
	iters: 1300, epoch: 6 | loss: 0.0723896
	speed: 0.0063s/iter; left time: 59.7036s
	iters: 1400, epoch: 6 | loss: 0.0589781
	speed: 0.0070s/iter; left time: 65.6684s
	iters: 1500, epoch: 6 | loss: 0.0654716
	speed: 0.0067s/iter; left time: 62.3859s
	iters: 1600, epoch: 6 | loss: 0.0731502
	speed: 0.0074s/iter; left time: 68.1973s
	iters: 1700, epoch: 6 | loss: 0.0805429
	speed: 0.0065s/iter; left time: 59.1310s
	iters: 1800, epoch: 6 | loss: 0.0705889
	speed: 0.0073s/iter; left time: 65.0670s
	iters: 1900, epoch: 6 | loss: 0.1093608
	speed: 0.0068s/iter; left time: 59.9626s
	iters: 2000, epoch: 6 | loss: 0.0587542
	speed: 0.0068s/iter; left time: 59.9277s
	iters: 2100, epoch: 6 | loss: 0.0688709
	speed: 0.0062s/iter; left time: 53.3620s
Epoch: 6 cost time: 15.286954402923584
Epoch: 6, Steps: 2154 | Train Loss: 0.0703794 Vali Loss: 0.0993107 Test Loss: 0.0962341
Validation loss decreased (0.096569 --> 0.096234).  Saving model ...
Updating learning rate to 0.0004999108445894319
	iters: 100, epoch: 7 | loss: 0.0593815
	speed: 0.0629s/iter; left time: 535.9647s
	iters: 200, epoch: 7 | loss: 0.0585849
	speed: 0.0079s/iter; left time: 66.7083s
	iters: 300, epoch: 7 | loss: 0.0676095
	speed: 0.0074s/iter; left time: 61.2637s
	iters: 400, epoch: 7 | loss: 0.0641050
	speed: 0.0079s/iter; left time: 65.1737s
	iters: 500, epoch: 7 | loss: 0.0702673
	speed: 0.0089s/iter; left time: 72.5696s
	iters: 600, epoch: 7 | loss: 0.0681828
	speed: 0.0084s/iter; left time: 67.3253s
	iters: 700, epoch: 7 | loss: 0.0796161
	speed: 0.0069s/iter; left time: 54.4078s
	iters: 800, epoch: 7 | loss: 0.0758860
	speed: 0.0068s/iter; left time: 52.9337s
	iters: 900, epoch: 7 | loss: 0.0745146
	speed: 0.0070s/iter; left time: 53.7270s
	iters: 1000, epoch: 7 | loss: 0.0534118
	speed: 0.0068s/iter; left time: 51.8536s
	iters: 1100, epoch: 7 | loss: 0.0773262
	speed: 0.0073s/iter; left time: 54.9459s
	iters: 1200, epoch: 7 | loss: 0.0636643
	speed: 0.0063s/iter; left time: 47.0353s
	iters: 1300, epoch: 7 | loss: 0.0631379
	speed: 0.0056s/iter; left time: 41.1686s
	iters: 1400, epoch: 7 | loss: 0.0614994
	speed: 0.0056s/iter; left time: 40.4148s
	iters: 1500, epoch: 7 | loss: 0.0645455
	speed: 0.0051s/iter; left time: 36.0397s
	iters: 1600, epoch: 7 | loss: 0.0630009
	speed: 0.0059s/iter; left time: 41.3057s
	iters: 1700, epoch: 7 | loss: 0.0621227
	speed: 0.0054s/iter; left time: 37.3468s
	iters: 1800, epoch: 7 | loss: 0.0801379
	speed: 0.0055s/iter; left time: 37.6892s
	iters: 1900, epoch: 7 | loss: 0.0810274
	speed: 0.0060s/iter; left time: 40.4822s
	iters: 2000, epoch: 7 | loss: 0.0826173
	speed: 0.0058s/iter; left time: 38.0688s
	iters: 2100, epoch: 7 | loss: 0.0866277
	speed: 0.0058s/iter; left time: 37.6504s
Epoch: 7 cost time: 14.252714395523071
Epoch: 7, Steps: 2154 | Train Loss: 0.0703110 Vali Loss: 0.0988516 Test Loss: 0.0967498
EarlyStopping counter: 1 out of 15
Updating learning rate to 0.00030857683574606596
	iters: 100, epoch: 8 | loss: 0.0584586
	speed: 0.0574s/iter; left time: 365.4332s
	iters: 200, epoch: 8 | loss: 0.0661368
	speed: 0.0067s/iter; left time: 41.7527s
	iters: 300, epoch: 8 | loss: 0.0558640
	speed: 0.0064s/iter; left time: 39.1488s
	iters: 400, epoch: 8 | loss: 0.0694120
	speed: 0.0056s/iter; left time: 33.9110s
	iters: 500, epoch: 8 | loss: 0.0658712
	speed: 0.0054s/iter; left time: 32.3811s
	iters: 600, epoch: 8 | loss: 0.0774828
	speed: 0.0065s/iter; left time: 37.8963s
	iters: 700, epoch: 8 | loss: 0.0984971
	speed: 0.0055s/iter; left time: 31.9841s
	iters: 800, epoch: 8 | loss: 0.0839465
	speed: 0.0055s/iter; left time: 31.1661s
	iters: 900, epoch: 8 | loss: 0.0520452
	speed: 0.0056s/iter; left time: 31.0957s
	iters: 1000, epoch: 8 | loss: 0.0833312
	speed: 0.0063s/iter; left time: 34.3747s
	iters: 1100, epoch: 8 | loss: 0.0625795
	speed: 0.0056s/iter; left time: 29.8510s
	iters: 1200, epoch: 8 | loss: 0.0743161
	speed: 0.0061s/iter; left time: 32.2598s
	iters: 1300, epoch: 8 | loss: 0.0666142
	speed: 0.0062s/iter; left time: 32.1439s
	iters: 1400, epoch: 8 | loss: 0.0633040
	speed: 0.0056s/iter; left time: 28.5762s
	iters: 1500, epoch: 8 | loss: 0.0827118
	speed: 0.0055s/iter; left time: 27.3636s
	iters: 1600, epoch: 8 | loss: 0.0689695
	speed: 0.0052s/iter; left time: 25.4850s
	iters: 1700, epoch: 8 | loss: 0.0640104
	speed: 0.0064s/iter; left time: 30.4571s
	iters: 1800, epoch: 8 | loss: 0.0821296
	speed: 0.0055s/iter; left time: 25.5421s
	iters: 1900, epoch: 8 | loss: 0.0707025
	speed: 0.0061s/iter; left time: 27.9602s
	iters: 2000, epoch: 8 | loss: 0.0575062
	speed: 0.0068s/iter; left time: 30.4352s
	iters: 2100, epoch: 8 | loss: 0.0702907
	speed: 0.0080s/iter; left time: 34.9450s
Epoch: 8 cost time: 13.161269664764404
Epoch: 8, Steps: 2154 | Train Loss: 0.0705918 Vali Loss: 0.0985021 Test Loss: 0.0965531
EarlyStopping counter: 2 out of 15
Updating learning rate to 0.00014638557288692642
	iters: 100, epoch: 9 | loss: 0.0699040
	speed: 0.0688s/iter; left time: 289.6806s
	iters: 200, epoch: 9 | loss: 0.0573899
	speed: 0.0047s/iter; left time: 19.3558s
	iters: 300, epoch: 9 | loss: 0.0898778
	speed: 0.0047s/iter; left time: 19.0214s
	iters: 400, epoch: 9 | loss: 0.0660191
	speed: 0.0063s/iter; left time: 24.5242s
	iters: 500, epoch: 9 | loss: 0.0725523
	speed: 0.0060s/iter; left time: 22.8977s
	iters: 600, epoch: 9 | loss: 0.0780140
	speed: 0.0062s/iter; left time: 23.1700s
	iters: 700, epoch: 9 | loss: 0.0701185
	speed: 0.0056s/iter; left time: 20.3700s
	iters: 800, epoch: 9 | loss: 0.0744160
	speed: 0.0070s/iter; left time: 24.6100s
	iters: 900, epoch: 9 | loss: 0.0648504
	speed: 0.0061s/iter; left time: 20.8484s
	iters: 1000, epoch: 9 | loss: 0.0731520
	speed: 0.0052s/iter; left time: 17.2763s
	iters: 1100, epoch: 9 | loss: 0.0645244
	speed: 0.0054s/iter; left time: 17.3278s
	iters: 1200, epoch: 9 | loss: 0.0685283
	speed: 0.0059s/iter; left time: 18.4555s
	iters: 1300, epoch: 9 | loss: 0.0781670
	speed: 0.0056s/iter; left time: 16.8187s
	iters: 1400, epoch: 9 | loss: 0.0723111
	speed: 0.0050s/iter; left time: 14.6241s
	iters: 1500, epoch: 9 | loss: 0.0646138
	speed: 0.0052s/iter; left time: 14.7098s
	iters: 1600, epoch: 9 | loss: 0.0653497
	speed: 0.0062s/iter; left time: 16.7351s
	iters: 1700, epoch: 9 | loss: 0.0735934
	speed: 0.0061s/iter; left time: 15.8949s
	iters: 1800, epoch: 9 | loss: 0.0742147
	speed: 0.0049s/iter; left time: 12.2809s
	iters: 1900, epoch: 9 | loss: 0.0639088
	speed: 0.0062s/iter; left time: 14.9523s
	iters: 2000, epoch: 9 | loss: 0.0685877
	speed: 0.0056s/iter; left time: 13.0296s
	iters: 2100, epoch: 9 | loss: 0.0648680
	speed: 0.0055s/iter; left time: 12.0738s
Epoch: 9 cost time: 12.173966884613037
Epoch: 9, Steps: 2154 | Train Loss: 0.0704495 Vali Loss: 0.0991215 Test Loss: 0.0957312
Validation loss decreased (0.096234 --> 0.095731).  Saving model ...
Updating learning rate to 3.802920551485804e-05
	iters: 100, epoch: 10 | loss: 0.0733510
	speed: 0.0514s/iter; left time: 105.5584s
	iters: 200, epoch: 10 | loss: 0.0638129
	speed: 0.0050s/iter; left time: 9.7433s
	iters: 300, epoch: 10 | loss: 0.0833642
	speed: 0.0050s/iter; left time: 9.2816s
	iters: 400, epoch: 10 | loss: 0.0750230
	speed: 0.0057s/iter; left time: 10.0518s
	iters: 500, epoch: 10 | loss: 0.0748179
	speed: 0.0059s/iter; left time: 9.8008s
	iters: 600, epoch: 10 | loss: 0.0811099
	speed: 0.0057s/iter; left time: 8.9403s
	iters: 700, epoch: 10 | loss: 0.0659225
	speed: 0.0065s/iter; left time: 9.3966s
	iters: 800, epoch: 10 | loss: 0.0521574
	speed: 0.0048s/iter; left time: 6.5527s
	iters: 900, epoch: 10 | loss: 0.0805331
	speed: 0.0049s/iter; left time: 6.1573s
	iters: 1000, epoch: 10 | loss: 0.0710946
	speed: 0.0059s/iter; left time: 6.7733s
	iters: 1100, epoch: 10 | loss: 0.0838333
	speed: 0.0050s/iter; left time: 5.2614s
	iters: 1200, epoch: 10 | loss: 0.0765030
	speed: 0.0048s/iter; left time: 4.5724s
	iters: 1300, epoch: 10 | loss: 0.0815602
	speed: 0.0058s/iter; left time: 4.9482s
	iters: 1400, epoch: 10 | loss: 0.0769746
	speed: 0.0050s/iter; left time: 3.8120s
	iters: 1500, epoch: 10 | loss: 0.0871923
	speed: 0.0050s/iter; left time: 3.2834s
	iters: 1600, epoch: 10 | loss: 0.0690761
	speed: 0.0048s/iter; left time: 2.6463s
	iters: 1700, epoch: 10 | loss: 0.0632068
	speed: 0.0056s/iter; left time: 2.5278s
	iters: 1800, epoch: 10 | loss: 0.0675672
	speed: 0.0061s/iter; left time: 2.1621s
	iters: 1900, epoch: 10 | loss: 0.0635690
	speed: 0.0048s/iter; left time: 1.2189s
	iters: 2000, epoch: 10 | loss: 0.0657607
	speed: 0.0054s/iter; left time: 0.8368s
	iters: 2100, epoch: 10 | loss: 0.0717463
	speed: 0.0068s/iter; left time: 0.3760s
Epoch: 10 cost time: 11.700811386108398
Epoch: 10, Steps: 2154 | Train Loss: 0.0701870 Vali Loss: 0.0990390 Test Loss: 0.0958136
EarlyStopping counter: 1 out of 15
Updating learning rate to 4.008309342172464e-09
>>>>>>>testing : imputation_IMPP_ETTm1_base_none_SparseTSFPlus_ETTm1_sl96_pl0_dm16_nh8_el2_dl1_df32_fc1_ebtimeF_dtTrue_ImpP_0<<<<<<<<<<<<<<<<<<<<<<<<<<<<<<<<<
test 11521
test shape: (11520, 96, 7) (11520, 96, 7)
mse:0.09654366970062256, mae:0.1953422576189041
