Args in experiment:
Namespace(activation='gelu', anomaly_ratio=0.25, batch_size=16, c_out=7, channel_independence=1, checkpoints='./checkpoints/', comment='none', d_ff=32, d_layers=1, d_model=16, data='ETTm1', data_path='ETTm1.csv', dec_in=7, decomp_method='moving_avg', des='ImpP', devices='0,1', distil=True, down_sampling_layers=0, down_sampling_method='avg', down_sampling_window=1, drop_last=True, dropout=0.1, e_layers=2, embed='timeF', emissions_file='emissions.csv', emissions_output_dir='.', enc_in=7, factor=1, features='M', freq='h', gpu=0, inverse=False, is_training=1, itr=1, label_len=0, learning_rate=0.001, loss='MSE', lradj='TST', mask_rate=0.25, model='SparseTSFPlus', model_id='IMPP_ETTm1_u5', model_type='linear', moving_avg=25, n_heads=8, num_kernels=6, num_workers=0, output_attention=False, p_hidden_dims=[128, 128], p_hidden_layers=2, patience=15, pct_start=0.2, percent=100, period_len=4, pred_len=0, root_path='<workspace>\\dataset\\ETT-small', seasonal_patterns='Monthly', seq_len=96, stsf_cls_head='flat', stsf_decomp='off', stsf_decomp_kernel=25, stsf_diag_mask=0, stsf_impute_passes=2, stsf_linear_bias=0, stsf_mask_conv=1, stsf_pad_fold=0, stsf_periods='', stsf_phase_kernel=3, stsf_phase_mix='off', stsf_phase_rank=0, stsf_revin=0, stsf_revin_affine=0, target='OT', task_name='imputation', top_k=5, track_emissions=0, train_epochs=10, use_amp=False, use_future_temporal_feature=0, use_gpu=True, use_multi_gpu=False, use_norm=1)
Use GPU: cuda:0
trainable_params:581
units:mask_conv=1,impute_passes=2
>>>>>>>start training : imputation_IMPP_ETTm1_u5_none_SparseTSFPlus_ETTm1_sl96_pl0_dm16_nh8_el2_dl1_df32_fc1_ebtimeF_dtTrue_ImpP_0>>>>>>>>>>>>>>>>>>>>>>>>>>
train 34465
val 11521
test 11521
	iters: 100, epoch: 1 | loss: 0.4747270
	speed: 0.0328s/iter; left time: 702.6927s
	iters: 200, epoch: 1 | loss: 0.3104292
	speed: 0.0062s/iter; left time: 131.6423s
	iters: 300, epoch: 1 | loss: 0.4966159
	speed: 0.0067s/iter; left time: 143.0390s
	iters: 400, epoch: 1 | loss: 0.3933327
	speed: 0.0065s/iter; left time: 136.5975s
	iters: 500, epoch: 1 | loss: 0.3881603
	speed: 0.0067s/iter; left time: 140.7284s
	iters: 600, epoch: 1 | loss: 0.3381345
	speed: 0.0070s/iter; left time: 147.2110s
	iters: 700, epoch: 1 | loss: 0.3338180
	speed: 0.0064s/iter; left time: 133.7828s
	iters: 800, epoch: 1 | loss: 0.3382141
	speed: 0.0073s/iter; left time: 152.3147s
	iters: 900, epoch: 1 | loss: 0.2266896
	speed: 0.0075s/iter; left time: 154.6486s
	iters: 1000, epoch: 1 | loss: 0.2246852
	speed: 0.0073s/iter; left time: 148.9954s
	iters: 1100, epoch: 1 | loss: 0.1958381
	speed: 0.0068s/iter; left time: 138.2384s
	iters: 1200, epoch: 1 | loss: 0.2263453
	speed: 0.0075s/iter; left time: 153.4352s
	iters: 1300, epoch: 1 | loss: 0.1506522
	speed: 0.0069s/iter; left time: 139.7087s
	iters: 1400, epoch: 1 | loss: 0.1317958
	speed: 0.0069s/iter; left time: 139.6059s
	iters: 1500, epoch: 1 | loss: 0.1434909
	speed: 0.0085s/iter; left time: 169.8038s
	iters: 1600, epoch: 1 | loss: 0.1146384
	speed: 0.0075s/iter; left time: 149.2785s
	iters: 1700, epoch: 1 | loss: 0.1110502
	speed: 0.0067s/iter; left time: 133.7624s
	iters: 1800, epoch: 1 | loss: 0.1018446
	speed: 0.0072s/iter; left time: 141.6394s
	iters: 1900, epoch: 1 | loss: 0.0961006
	speed: 0.0073s/iter; left time: 143.2534s
	iters: 2000, epoch: 1 | loss: 0.1346371
	speed: 0.0068s/iter; left time: 133.1939s
	iters: 2100, epoch: 1 | loss: 0.0834802
	speed: 0.0064s/iter; left time: 123.9553s
Epoch: 1 cost time: 17.80326223373413
Epoch: 1, Steps: 2154 | Train Loss: 0.2601527 Vali Loss: 0.1027915 Test Loss: 0.1105455
Validation loss decreased (inf --> 0.110546).  Saving model ...
Updating learning rate to 0.0005201750597214178
	iters: 100, epoch: 2 | loss: 0.0949619
	speed: 0.0700s/iter; left time: 1349.5142s
	iters: 200, epoch: 2 | loss: 0.0993180
	speed: 0.0094s/iter; left time: 179.4590s
	iters: 300, epoch: 2 | loss: 0.0797201
	speed: 0.0080s/iter; left time: 151.8512s
	iters: 400, epoch: 2 | loss: 0.0854612
	speed: 0.0080s/iter; left time: 151.0729s
	iters: 500, epoch: 2 | loss: 0.0691703
	speed: 0.0092s/iter; left time: 173.6559s
	iters: 600, epoch: 2 | loss: 0.0649992
	speed: 0.0117s/iter; left time: 219.3117s
	iters: 700, epoch: 2 | loss: 0.0441889
	speed: 0.0099s/iter; left time: 184.8372s
	iters: 800, epoch: 2 | loss: 0.0693716
	speed: 0.0174s/iter; left time: 322.7434s
	iters: 900, epoch: 2 | loss: 0.0474948
	speed: 0.0159s/iter; left time: 294.2553s
	iters: 1000, epoch: 2 | loss: 0.0506883
	speed: 0.0150s/iter; left time: 276.2903s
	iters: 1100, epoch: 2 | loss: 0.0536778
	speed: 0.0159s/iter; left time: 290.1752s
	iters: 1200, epoch: 2 | loss: 0.0573374
	speed: 0.0175s/iter; left time: 319.1402s
	iters: 1300, epoch: 2 | loss: 0.0444179
	speed: 0.0161s/iter; left time: 291.3661s
	iters: 1400, epoch: 2 | loss: 0.0531891
	speed: 0.0145s/iter; left time: 260.1117s
	iters: 1500, epoch: 2 | loss: 0.0459067
	speed: 0.0149s/iter; left time: 265.8321s
	iters: 1600, epoch: 2 | loss: 0.0412910
	speed: 0.0141s/iter; left time: 250.4899s
	iters: 1700, epoch: 2 | loss: 0.0327937
	speed: 0.0089s/iter; left time: 157.8966s
	iters: 1800, epoch: 2 | loss: 0.0515046
	speed: 0.0175s/iter; left time: 307.2181s
	iters: 1900, epoch: 2 | loss: 0.0448693
	speed: 0.0159s/iter; left time: 278.8091s
	iters: 2000, epoch: 2 | loss: 0.0438322
	speed: 0.0150s/iter; left time: 260.9547s
	iters: 2100, epoch: 2 | loss: 0.0384489
	speed: 0.0144s/iter; left time: 248.3745s
Epoch: 2 cost time: 28.69562792778015
Epoch: 2, Steps: 2154 | Train Loss: 0.0572401 Vali Loss: 0.0488134 Test Loss: 0.0421009
Validation loss decreased (0.110546 --> 0.042101).  Saving model ...
Updating learning rate to 0.0009999999916906579
	iters: 100, epoch: 3 | loss: 0.0354351
	speed: 0.1223s/iter; left time: 2094.5304s
	iters: 200, epoch: 3 | loss: 0.0467895
	speed: 0.0085s/iter; left time: 143.9987s
	iters: 300, epoch: 3 | loss: 0.0269381
	speed: 0.0085s/iter; left time: 143.4383s
	iters: 400, epoch: 3 | loss: 0.0293377
	speed: 0.0076s/iter; left time: 128.0950s
	iters: 500, epoch: 3 | loss: 0.0533554
	speed: 0.0064s/iter; left time: 106.2662s
	iters: 600, epoch: 3 | loss: 0.0306275
	speed: 0.0066s/iter; left time: 110.2926s
	iters: 700, epoch: 3 | loss: 0.0322752
	speed: 0.0093s/iter; left time: 153.6716s
	iters: 800, epoch: 3 | loss: 0.0253338
	speed: 0.0146s/iter; left time: 240.1017s
	iters: 900, epoch: 3 | loss: 0.0385561
	speed: 0.0181s/iter; left time: 296.2314s
	iters: 1000, epoch: 3 | loss: 0.0568185
	speed: 0.0146s/iter; left time: 236.8575s
	iters: 1100, epoch: 3 | loss: 0.0383768
	speed: 0.0112s/iter; left time: 181.0576s
	iters: 1200, epoch: 3 | loss: 0.0320423
	speed: 0.0080s/iter; left time: 127.6881s
	iters: 1300, epoch: 3 | loss: 0.0383831
	speed: 0.0125s/iter; left time: 199.8914s
	iters: 1400, epoch: 3 | loss: 0.0298337
	speed: 0.0097s/iter; left time: 154.1793s
	iters: 1500, epoch: 3 | loss: 0.0395060
	speed: 0.0076s/iter; left time: 120.2514s
	iters: 1600, epoch: 3 | loss: 0.0331735
	speed: 0.0063s/iter; left time: 97.9187s
	iters: 1700, epoch: 3 | loss: 0.0415107
	speed: 0.0076s/iter; left time: 117.7897s
	iters: 1800, epoch: 3 | loss: 0.0383288
	speed: 0.0067s/iter; left time: 103.2707s
	iters: 1900, epoch: 3 | loss: 0.0312095
	speed: 0.0065s/iter; left time: 99.4122s
	iters: 2000, epoch: 3 | loss: 0.0365165
	speed: 0.0074s/iter; left time: 112.4284s
	iters: 2100, epoch: 3 | loss: 0.0242106
	speed: 0.0068s/iter; left time: 103.6368s
Epoch: 3 cost time: 20.338051080703735
Epoch: 3, Steps: 2154 | Train Loss: 0.0345540 Vali Loss: 0.0437524 Test Loss: 0.0381058
Validation loss decreased (0.042101 --> 0.038106).  Saving model ...
Updating learning rate to 0.0009619050271543523
	iters: 100, epoch: 4 | loss: 0.0259798
	speed: 0.0820s/iter; left time: 1227.9722s
	iters: 200, epoch: 4 | loss: 0.0374723
	speed: 0.0110s/iter; left time: 164.3590s
	iters: 300, epoch: 4 | loss: 0.0333721
	speed: 0.0106s/iter; left time: 157.1855s
	iters: 400, epoch: 4 | loss: 0.0360047
	speed: 0.0108s/iter; left time: 158.8106s
	iters: 500, epoch: 4 | loss: 0.0284921
	speed: 0.0120s/iter; left time: 175.2201s
	iters: 600, epoch: 4 | loss: 0.0290337
	speed: 0.0201s/iter; left time: 291.2417s
	iters: 700, epoch: 4 | loss: 0.0300633
	speed: 0.0111s/iter; left time: 159.1845s
	iters: 800, epoch: 4 | loss: 0.0424452
	speed: 0.0086s/iter; left time: 122.0894s
	iters: 900, epoch: 4 | loss: 0.0326068
	speed: 0.0111s/iter; left time: 157.9714s
	iters: 1000, epoch: 4 | loss: 0.0364339
	speed: 0.0153s/iter; left time: 215.7968s
	iters: 1100, epoch: 4 | loss: 0.0305018
	speed: 0.0128s/iter; left time: 179.0171s
	iters: 1200, epoch: 4 | loss: 0.0399000
	speed: 0.0159s/iter; left time: 220.7534s
	iters: 1300, epoch: 4 | loss: 0.0292506
	speed: 0.0101s/iter; left time: 139.6504s
	iters: 1400, epoch: 4 | loss: 0.0271366
	speed: 0.0080s/iter; left time: 110.0076s
	iters: 1500, epoch: 4 | loss: 0.0344084
	speed: 0.0073s/iter; left time: 98.8853s
	iters: 1600, epoch: 4 | loss: 0.0405770
	speed: 0.0070s/iter; left time: 94.9441s
	iters: 1700, epoch: 4 | loss: 0.0500890
	speed: 0.0105s/iter; left time: 141.0830s
	iters: 1800, epoch: 4 | loss: 0.0322077
	speed: 0.0106s/iter; left time: 140.2974s
	iters: 1900, epoch: 4 | loss: 0.0330206
	speed: 0.0084s/iter; left time: 110.3460s
	iters: 2000, epoch: 4 | loss: 0.0463676
	speed: 0.0123s/iter; left time: 160.6267s
	iters: 2100, epoch: 4 | loss: 0.0276976
	speed: 0.0140s/iter; left time: 181.8702s
Epoch: 4 cost time: 24.39241337776184
Epoch: 4, Steps: 2154 | Train Loss: 0.0332560 Vali Loss: 0.0437806 Test Loss: 0.0379361
Validation loss decreased (0.038106 --> 0.037936).  Saving model ...
Updating learning rate to 0.0008534895138951646
	iters: 100, epoch: 5 | loss: 0.0238176
	speed: 0.0816s/iter; left time: 1047.0885s
	iters: 200, epoch: 5 | loss: 0.0456100
	speed: 0.0076s/iter; left time: 97.3061s
	iters: 300, epoch: 5 | loss: 0.0336682
	speed: 0.0072s/iter; left time: 90.2731s
	iters: 400, epoch: 5 | loss: 0.0310157
	speed: 0.0138s/iter; left time: 172.9991s
	iters: 500, epoch: 5 | loss: 0.0296016
	speed: 0.0168s/iter; left time: 209.3216s
	iters: 600, epoch: 5 | loss: 0.0360872
	speed: 0.0126s/iter; left time: 154.6974s
	iters: 700, epoch: 5 | loss: 0.0454618
	speed: 0.0102s/iter; left time: 124.2675s
	iters: 800, epoch: 5 | loss: 0.0329973
	speed: 0.0080s/iter; left time: 96.5038s
	iters: 900, epoch: 5 | loss: 0.0281821
	speed: 0.0078s/iter; left time: 93.7313s
	iters: 1000, epoch: 5 | loss: 0.0361310
	speed: 0.0076s/iter; left time: 90.7154s
	iters: 1100, epoch: 5 | loss: 0.0304233
	speed: 0.0080s/iter; left time: 94.8827s
	iters: 1200, epoch: 5 | loss: 0.0241708
	speed: 0.0065s/iter; left time: 75.9045s
	iters: 1300, epoch: 5 | loss: 0.0325777
	speed: 0.0066s/iter; left time: 76.8342s
	iters: 1400, epoch: 5 | loss: 0.0340125
	speed: 0.0092s/iter; left time: 106.1154s
	iters: 1500, epoch: 5 | loss: 0.0258517
	speed: 0.0067s/iter; left time: 76.9966s
	iters: 1600, epoch: 5 | loss: 0.0245759
	speed: 0.0061s/iter; left time: 69.1030s
	iters: 1700, epoch: 5 | loss: 0.0436126
	speed: 0.0075s/iter; left time: 83.7082s
	iters: 1800, epoch: 5 | loss: 0.0299492
	speed: 0.0088s/iter; left time: 98.3000s
	iters: 1900, epoch: 5 | loss: 0.0348698
	speed: 0.0127s/iter; left time: 140.4463s
	iters: 2000, epoch: 5 | loss: 0.0352243
	speed: 0.0129s/iter; left time: 140.4271s
	iters: 2100, epoch: 5 | loss: 0.0277027
	speed: 0.0136s/iter; left time: 146.7591s
Epoch: 5 cost time: 20.638930797576904
Epoch: 5, Steps: 2154 | Train Loss: 0.0330799 Vali Loss: 0.0436038 Test Loss: 0.0377935
Validation loss decreased (0.037936 --> 0.037794).  Saving model ...
Updating learning rate to 0.0006912587310177311
	iters: 100, epoch: 6 | loss: 0.0340128
	speed: 0.1037s/iter; left time: 1106.0893s
	iters: 200, epoch: 6 | loss: 0.0242444
	speed: 0.0082s/iter; left time: 87.0884s
	iters: 300, epoch: 6 | loss: 0.0279766
	speed: 0.0077s/iter; left time: 80.9502s
	iters: 400, epoch: 6 | loss: 0.0337417
	speed: 0.0069s/iter; left time: 71.2426s
	iters: 500, epoch: 6 | loss: 0.0441891
	speed: 0.0063s/iter; left time: 64.6741s
	iters: 600, epoch: 6 | loss: 0.0289610
	speed: 0.0069s/iter; left time: 70.5920s
	iters: 700, epoch: 6 | loss: 0.0449677
	speed: 0.0073s/iter; left time: 73.5931s
	iters: 800, epoch: 6 | loss: 0.0299808
	speed: 0.0081s/iter; left time: 81.0825s
	iters: 900, epoch: 6 | loss: 0.0358074
	speed: 0.0060s/iter; left time: 59.5157s
	iters: 1000, epoch: 6 | loss: 0.0327193
	speed: 0.0080s/iter; left time: 78.4329s
	iters: 1100, epoch: 6 | loss: 0.0333120
	speed: 0.0090s/iter; left time: 86.7341s
	iters: 1200, epoch: 6 | loss: 0.0300160
	speed: 0.0068s/iter; left time: 64.8410s
	iters: 1300, epoch: 6 | loss: 0.0321101
	speed: 0.0088s/iter; left time: 83.4341s
	iters: 1400, epoch: 6 | loss: 0.0250519
	speed: 0.0087s/iter; left time: 81.3319s
	iters: 1500, epoch: 6 | loss: 0.0337552
	speed: 0.0081s/iter; left time: 74.8400s
	iters: 1600, epoch: 6 | loss: 0.0290137
	speed: 0.0061s/iter; left time: 55.6915s
	iters: 1700, epoch: 6 | loss: 0.0430515
	speed: 0.0073s/iter; left time: 66.0379s
	iters: 1800, epoch: 6 | loss: 0.0312483
	speed: 0.0104s/iter; left time: 93.3948s
	iters: 1900, epoch: 6 | loss: 0.0442247
	speed: 0.0098s/iter; left time: 86.5185s
	iters: 2000, epoch: 6 | loss: 0.0318482
	speed: 0.0093s/iter; left time: 81.8870s
	iters: 2100, epoch: 6 | loss: 0.0258302
	speed: 0.0089s/iter; left time: 76.9432s
Epoch: 6 cost time: 17.143543004989624
Epoch: 6, Steps: 2154 | Train Loss: 0.0330640 Vali Loss: 0.0431801 Test Loss: 0.0372023
Validation loss decreased (0.037794 --> 0.037202).  Saving model ...
Updating learning rate to 0.0004999108445894319
	iters: 100, epoch: 7 | loss: 0.0259458
	speed: 0.0733s/iter; left time: 624.1480s
	iters: 200, epoch: 7 | loss: 0.0243411
	speed: 0.0063s/iter; left time: 52.6529s
	iters: 300, epoch: 7 | loss: 0.0355029
	speed: 0.0070s/iter; left time: 58.0336s
	iters: 400, epoch: 7 | loss: 0.0310460
	speed: 0.0112s/iter; left time: 91.7891s
	iters: 500, epoch: 7 | loss: 0.0296570
	speed: 0.0110s/iter; left time: 88.9912s
	iters: 600, epoch: 7 | loss: 0.0317127
	speed: 0.0100s/iter; left time: 80.1869s
	iters: 700, epoch: 7 | loss: 0.0512773
	speed: 0.0074s/iter; left time: 58.2347s
	iters: 800, epoch: 7 | loss: 0.0340416
	speed: 0.0061s/iter; left time: 47.9124s
	iters: 900, epoch: 7 | loss: 0.0325087
	speed: 0.0064s/iter; left time: 49.3839s
	iters: 1000, epoch: 7 | loss: 0.0278512
	speed: 0.0057s/iter; left time: 43.7786s
	iters: 1100, epoch: 7 | loss: 0.0440568
	speed: 0.0062s/iter; left time: 46.6658s
	iters: 1200, epoch: 7 | loss: 0.0288142
	speed: 0.0067s/iter; left time: 49.9741s
	iters: 1300, epoch: 7 | loss: 0.0301090
	speed: 0.0060s/iter; left time: 43.6832s
	iters: 1400, epoch: 7 | loss: 0.0345960
	speed: 0.0066s/iter; left time: 47.3702s
	iters: 1500, epoch: 7 | loss: 0.0345818
	speed: 0.0078s/iter; left time: 55.2818s
	iters: 1600, epoch: 7 | loss: 0.0236370
	speed: 0.0115s/iter; left time: 80.8519s
	iters: 1700, epoch: 7 | loss: 0.0278526
	speed: 0.0132s/iter; left time: 91.4289s
	iters: 1800, epoch: 7 | loss: 0.0407839
	speed: 0.0091s/iter; left time: 62.3350s
	iters: 1900, epoch: 7 | loss: 0.0407085
	speed: 0.0070s/iter; left time: 47.1243s
	iters: 2000, epoch: 7 | loss: 0.0488531
	speed: 0.0068s/iter; left time: 45.2200s
	iters: 2100, epoch: 7 | loss: 0.0327389
	speed: 0.0084s/iter; left time: 54.5923s
Epoch: 7 cost time: 17.67547082901001
Epoch: 7, Steps: 2154 | Train Loss: 0.0329612 Vali Loss: 0.0430039 Test Loss: 0.0373249
EarlyStopping counter: 1 out of 15
Updating learning rate to 0.00030857683574606596
	iters: 100, epoch: 8 | loss: 0.0239831
	speed: 0.0665s/iter; left time: 422.9839s
	iters: 200, epoch: 8 | loss: 0.0277786
	speed: 0.0069s/iter; left time: 43.2248s
	iters: 300, epoch: 8 | loss: 0.0282316
	speed: 0.0064s/iter; left time: 39.6362s
	iters: 400, epoch: 8 | loss: 0.0295557
	speed: 0.0068s/iter; left time: 41.4966s
	iters: 500, epoch: 8 | loss: 0.0325212
	speed: 0.0077s/iter; left time: 45.6842s
	iters: 600, epoch: 8 | loss: 0.0359067
	speed: 0.0069s/iter; left time: 40.3412s
	iters: 700, epoch: 8 | loss: 0.0334213
	speed: 0.0081s/iter; left time: 46.7577s
	iters: 800, epoch: 8 | loss: 0.0393310
	speed: 0.0072s/iter; left time: 41.0501s
	iters: 900, epoch: 8 | loss: 0.0348919
	speed: 0.0062s/iter; left time: 34.6853s
	iters: 1000, epoch: 8 | loss: 0.0350212
	speed: 0.0077s/iter; left time: 42.2698s
	iters: 1100, epoch: 8 | loss: 0.0281933
	speed: 0.0082s/iter; left time: 43.8488s
	iters: 1200, epoch: 8 | loss: 0.0351105
	speed: 0.0063s/iter; left time: 33.2524s
	iters: 1300, epoch: 8 | loss: 0.0354861
	speed: 0.0064s/iter; left time: 32.8647s
	iters: 1400, epoch: 8 | loss: 0.0266218
	speed: 0.0063s/iter; left time: 31.6442s
	iters: 1500, epoch: 8 | loss: 0.0346861
	speed: 0.0063s/iter; left time: 31.2896s
	iters: 1600, epoch: 8 | loss: 0.0278100
	speed: 0.0066s/iter; left time: 32.1829s
	iters: 1700, epoch: 8 | loss: 0.0370693
	speed: 0.0066s/iter; left time: 31.6467s
	iters: 1800, epoch: 8 | loss: 0.0375888
	speed: 0.0067s/iter; left time: 31.2941s
	iters: 1900, epoch: 8 | loss: 0.0284804
	speed: 0.0083s/iter; left time: 37.9848s
	iters: 2000, epoch: 8 | loss: 0.0270202
	speed: 0.0077s/iter; left time: 34.1638s
	iters: 2100, epoch: 8 | loss: 0.0341786
	speed: 0.0063s/iter; left time: 27.3829s
Epoch: 8 cost time: 15.143045663833618
Epoch: 8, Steps: 2154 | Train Loss: 0.0330045 Vali Loss: 0.0431362 Test Loss: 0.0371486
Validation loss decreased (0.037202 --> 0.037149).  Saving model ...
Updating learning rate to 0.00014638557288692642
	iters: 100, epoch: 9 | loss: 0.0298478
	speed: 0.0650s/iter; left time: 273.5164s
	iters: 200, epoch: 9 | loss: 0.0268182
	speed: 0.0065s/iter; left time: 26.8094s
	iters: 300, epoch: 9 | loss: 0.0530048
	speed: 0.0063s/iter; left time: 25.3123s
	iters: 400, epoch: 9 | loss: 0.0300794
	speed: 0.0068s/iter; left time: 26.3877s
	iters: 500, epoch: 9 | loss: 0.0419215
	speed: 0.0063s/iter; left time: 23.8400s
	iters: 600, epoch: 9 | loss: 0.0372943
	speed: 0.0059s/iter; left time: 21.8582s
	iters: 700, epoch: 9 | loss: 0.0324250
	speed: 0.0056s/iter; left time: 20.2332s
	iters: 800, epoch: 9 | loss: 0.0342966
	speed: 0.0068s/iter; left time: 23.7351s
	iters: 900, epoch: 9 | loss: 0.0368283
	speed: 0.0056s/iter; left time: 19.1434s
	iters: 1000, epoch: 9 | loss: 0.0300952
	speed: 0.0056s/iter; left time: 18.5033s
	iters: 1100, epoch: 9 | loss: 0.0319179
	speed: 0.0056s/iter; left time: 18.0030s
	iters: 1200, epoch: 9 | loss: 0.0251001
	speed: 0.0060s/iter; left time: 18.6670s
	iters: 1300, epoch: 9 | loss: 0.0475630
	speed: 0.0063s/iter; left time: 19.0682s
	iters: 1400, epoch: 9 | loss: 0.0307739
	speed: 0.0059s/iter; left time: 17.1518s
	iters: 1500, epoch: 9 | loss: 0.0321889
	speed: 0.0057s/iter; left time: 15.9002s
	iters: 1600, epoch: 9 | loss: 0.0326424
	speed: 0.0059s/iter; left time: 16.0924s
	iters: 1700, epoch: 9 | loss: 0.0344719
	speed: 0.0064s/iter; left time: 16.7078s
	iters: 1800, epoch: 9 | loss: 0.0417374
	speed: 0.0058s/iter; left time: 14.6077s
	iters: 1900, epoch: 9 | loss: 0.0357158
	speed: 0.0058s/iter; left time: 14.0331s
	iters: 2000, epoch: 9 | loss: 0.0298766
	speed: 0.0062s/iter; left time: 14.3189s
	iters: 2100, epoch: 9 | loss: 0.0360823
	speed: 0.0060s/iter; left time: 13.2566s
Epoch: 9 cost time: 13.071564197540283
Epoch: 9, Steps: 2154 | Train Loss: 0.0330553 Vali Loss: 0.0431561 Test Loss: 0.0371095
Validation loss decreased (0.037149 --> 0.037109).  Saving model ...
Updating learning rate to 3.802920551485804e-05
	iters: 100, epoch: 10 | loss: 0.0298099
	speed: 0.0572s/iter; left time: 117.5222s
	iters: 200, epoch: 10 | loss: 0.0276790
	speed: 0.0062s/iter; left time: 12.0315s
	iters: 300, epoch: 10 | loss: 0.0308972
	speed: 0.0058s/iter; left time: 10.6868s
	iters: 400, epoch: 10 | loss: 0.0409953
	speed: 0.0064s/iter; left time: 11.1709s
	iters: 500, epoch: 10 | loss: 0.0360876
	speed: 0.0057s/iter; left time: 9.3522s
	iters: 600, epoch: 10 | loss: 0.0395326
	speed: 0.0058s/iter; left time: 9.0334s
	iters: 700, epoch: 10 | loss: 0.0287257
	speed: 0.0059s/iter; left time: 8.6508s
	iters: 800, epoch: 10 | loss: 0.0266403
	speed: 0.0059s/iter; left time: 7.9430s
	iters: 900, epoch: 10 | loss: 0.0428440
	speed: 0.0057s/iter; left time: 7.1710s
	iters: 1000, epoch: 10 | loss: 0.0384133
	speed: 0.0059s/iter; left time: 6.8388s
	iters: 1100, epoch: 10 | loss: 0.0445508
	speed: 0.0062s/iter; left time: 6.5367s
	iters: 1200, epoch: 10 | loss: 0.0280373
	speed: 0.0058s/iter; left time: 5.5749s
	iters: 1300, epoch: 10 | loss: 0.0399618
	speed: 0.0061s/iter; left time: 5.2531s
	iters: 1400, epoch: 10 | loss: 0.0304736
	speed: 0.0067s/iter; left time: 5.0694s
	iters: 1500, epoch: 10 | loss: 0.0399141
	speed: 0.0060s/iter; left time: 3.9220s
	iters: 1600, epoch: 10 | loss: 0.0336909
	speed: 0.0057s/iter; left time: 3.1506s
	iters: 1700, epoch: 10 | loss: 0.0299149
	speed: 0.0060s/iter; left time: 2.7378s
	iters: 1800, epoch: 10 | loss: 0.0305187
	speed: 0.0061s/iter; left time: 2.1796s
	iters: 1900, epoch: 10 | loss: 0.0296794
	speed: 0.0060s/iter; left time: 1.5203s
	iters: 2000, epoch: 10 | loss: 0.0362630
	speed: 0.0057s/iter; left time: 0.8893s
	iters: 2100, epoch: 10 | loss: 0.0368248
	speed: 0.0063s/iter; left time: 0.3461s
Epoch: 10 cost time: 12.990153789520264
Epoch: 10, Steps: 2154 | Train Loss: 0.0327500 Vali Loss: 0.0429475 Test Loss: 0.0370645
Validation loss decreased (0.037109 --> 0.037064).  Saving model ...
Updating learning rate to 4.008309342172464e-09
>>>>>>>testing : imputation_IMPP_ETTm1_u5_none_SparseTSFPlus_ETTm1_sl96_pl0_dm16_nh8_el2_dl1_df32_fc1_ebtimeF_dtTrue_ImpP_0<<<<<<<<<<<<<<<<<<<<<<<<<<<<<<<<<
test 11521
test shape: (11520, 96, 7) (11520, 96, 7)
mse:0.037048161029815674, mae:0.117508664727211
