Args in experiment:
Namespace(activation='gelu', anomaly_ratio=0.25, batch_size=16, c_out=7, channel_independence=1, checkpoints='./checkpoints/', comment='none', d_ff=32, d_layers=1, d_model=16, data='UEA', data_path='ETTh1.csv', dec_in=7, decomp_method='moving_avg', des='ClsP', devices='0,1', distil=True, down_sampling_layers=0, down_sampling_method='avg', down_sampling_window=1, drop_last=True, dropout=0.1, e_layers=2, embed='timeF', emissions_file='emissions.csv', emissions_output_dir='.', enc_in=1, factor=1, features='M', freq='h', gpu=0, inverse=False, is_training=1, itr=1, label_len=48, learning_rate=0.001, loss='MSE', lradj='TST', mask_rate=0.125, model='SparseTSFPlus', model_id='CLSP_EthanolConcentration_stats', model_type='linear', moving_avg=25, n_heads=8, num_kernels=6, num_workers=0, output_attention=False, p_hidden_dims=[128, 128], p_hidden_layers=2, patience=10, pct_start=0.2, percent=100, period_len=1, pred_len=0, root_path='<workspace>\\dataset\\EthanolConcentration', seasonal_patterns='Monthly', seq_len=96, stsf_cls_head='stats', stsf_decomp='off', stsf_decomp_kernel=25, stsf_diag_mask=0, stsf_impute_passes=1, stsf_linear_bias=0, stsf_mask_conv=0, stsf_pad_fold=0, stsf_periods='', stsf_phase_kernel=3, stsf_phase_mix='off', stsf_phase_rank=0, stsf_revin=0, stsf_revin_affine=0, target='OT', task_name='classification', top_k=5, track_emissions=0, train_epochs=30, use_amp=False, use_future_temporal_feature=0, use_gpu=True, use_multi_gpu=False, use_norm=1)
Use GPU: cuda:0
261
TRAIN 261
263
TEST 263
trainable_params:41
units:cls_head=stats
>>>>>>>start training : classification_CLSP_EthanolConcentration_stats_none_SparseTSFPlus_UEA_sl96_pl0_dm16_nh8_el2_dl1_df32_fc1_ebtimeF_dtTrue_ClsP_0>>>>>>>>>>>>>>>>>>>>>>>>>>
261
TRAIN 261
263
TEST 263
263
TEST 263
Epoch: 1 cost time: 3.825157403945923
Epoch: 1, Steps: 17 | Train Loss: 4.212 Vali Loss: 3.741 Vali Acc: 0.247 Test Loss: 3.822 Test Acc: 0.247
Validation loss decreased (inf --> -0.247148).  Saving model ...
Epoch: 2 cost time: 0.448627233505249
Epoch: 2, Steps: 17 | Train Loss: 4.712 Vali Loss: 3.969 Vali Acc: 0.247 Test Loss: 3.761 Test Acc: 0.247
Validation loss decreased (-0.247148 --> -0.247148).  Saving model ...
Epoch: 3 cost time: 0.3202791213989258
Epoch: 3, Steps: 17 | Train Loss: 4.042 Vali Loss: 3.599 Vali Acc: 0.247 Test Loss: 3.739 Test Acc: 0.247
Validation loss decreased (-0.247148 --> -0.247148).  Saving model ...
Epoch: 4 cost time: 0.4594767093658447
Epoch: 4, Steps: 17 | Train Loss: 3.960 Vali Loss: 3.742 Vali Acc: 0.247 Test Loss: 3.655 Test Acc: 0.247
Validation loss decreased (-0.247148 --> -0.247148).  Saving model ...
Epoch: 5 cost time: 0.3627951145172119
Epoch: 5, Steps: 17 | Train Loss: 3.957 Vali Loss: 3.601 Vali Acc: 0.247 Test Loss: 3.670 Test Acc: 0.247
Validation loss decreased (-0.247148 --> -0.247148).  Saving model ...
Epoch: 6 cost time: 0.3654184341430664
Epoch: 6, Steps: 17 | Train Loss: 3.970 Vali Loss: 3.549 Vali Acc: 0.247 Test Loss: 3.481 Test Acc: 0.247
Validation loss decreased (-0.247148 --> -0.247148).  Saving model ...
Epoch: 7 cost time: 0.4830813407897949
Epoch: 7, Steps: 17 | Train Loss: 4.182 Vali Loss: 3.444 Vali Acc: 0.247 Test Loss: 3.626 Test Acc: 0.247
Validation loss decreased (-0.247148 --> -0.247148).  Saving model ...
Epoch: 8 cost time: 0.4739985466003418
Epoch: 8, Steps: 17 | Train Loss: 3.826 Vali Loss: 3.419 Vali Acc: 0.247 Test Loss: 3.523 Test Acc: 0.247
Validation loss decreased (-0.247148 --> -0.247148).  Saving model ...
Epoch: 9 cost time: 0.3158438205718994
Epoch: 9, Steps: 17 | Train Loss: 3.721 Vali Loss: 3.368 Vali Acc: 0.247 Test Loss: 3.381 Test Acc: 0.247
Validation loss decreased (-0.247148 --> -0.247148).  Saving model ...
Epoch: 10 cost time: 0.35720086097717285
Epoch: 10, Steps: 17 | Train Loss: 4.005 Vali Loss: 3.337 Vali Acc: 0.247 Test Loss: 3.412 Test Acc: 0.247
Validation loss decreased (-0.247148 --> -0.247148).  Saving model ...
Epoch: 11 cost time: 0.3368864059448242
Epoch: 11, Steps: 17 | Train Loss: 3.718 Vali Loss: 3.418 Vali Acc: 0.247 Test Loss: 3.292 Test Acc: 0.247
Validation loss decreased (-0.247148 --> -0.247148).  Saving model ...
Epoch: 12 cost time: 0.3168916702270508
Epoch: 12, Steps: 17 | Train Loss: 3.720 Vali Loss: 3.273 Vali Acc: 0.247 Test Loss: 3.282 Test Acc: 0.247
Validation loss decreased (-0.247148 --> -0.247148).  Saving model ...
Epoch: 13 cost time: 0.3316352367401123
Epoch: 13, Steps: 17 | Train Loss: 3.642 Vali Loss: 3.194 Vali Acc: 0.247 Test Loss: 3.221 Test Acc: 0.247
Validation loss decreased (-0.247148 --> -0.247148).  Saving model ...
Epoch: 14 cost time: 0.3309199810028076
Epoch: 14, Steps: 17 | Train Loss: 3.663 Vali Loss: 3.341 Vali Acc: 0.243 Test Loss: 3.177 Test Acc: 0.243
EarlyStopping counter: 1 out of 10
Epoch: 15 cost time: 0.3554553985595703
Epoch: 15, Steps: 17 | Train Loss: 3.498 Vali Loss: 3.158 Vali Acc: 0.243 Test Loss: 3.228 Test Acc: 0.243
EarlyStopping counter: 2 out of 10
Epoch: 16 cost time: 0.37482571601867676
Epoch: 16, Steps: 17 | Train Loss: 3.398 Vali Loss: 3.125 Vali Acc: 0.243 Test Loss: 3.113 Test Acc: 0.243
EarlyStopping counter: 3 out of 10
Epoch: 17 cost time: 0.47054100036621094
Epoch: 17, Steps: 17 | Train Loss: 3.341 Vali Loss: 3.064 Vali Acc: 0.243 Test Loss: 3.089 Test Acc: 0.243
EarlyStopping counter: 4 out of 10
Epoch: 18 cost time: 0.36072778701782227
Epoch: 18, Steps: 17 | Train Loss: 3.254 Vali Loss: 3.042 Vali Acc: 0.243 Test Loss: 3.083 Test Acc: 0.243
EarlyStopping counter: 5 out of 10
Epoch: 19 cost time: 0.3269155025482178
Epoch: 19, Steps: 17 | Train Loss: 3.336 Vali Loss: 3.028 Vali Acc: 0.240 Test Loss: 3.029 Test Acc: 0.240
EarlyStopping counter: 6 out of 10
Epoch: 20 cost time: 0.40297937393188477
Epoch: 20, Steps: 17 | Train Loss: 3.441 Vali Loss: 2.986 Vali Acc: 0.240 Test Loss: 2.956 Test Acc: 0.240
EarlyStopping counter: 7 out of 10
Epoch: 21 cost time: 0.27881884574890137
Epoch: 21, Steps: 17 | Train Loss: 3.273 Vali Loss: 3.048 Vali Acc: 0.240 Test Loss: 3.006 Test Acc: 0.240
EarlyStopping counter: 8 out of 10
Epoch: 22 cost time: 0.318986177444458
Epoch: 22, Steps: 17 | Train Loss: 3.146 Vali Loss: 2.920 Vali Acc: 0.240 Test Loss: 2.892 Test Acc: 0.240
EarlyStopping counter: 9 out of 10
Epoch: 23 cost time: 0.29207611083984375
Epoch: 23, Steps: 17 | Train Loss: 3.101 Vali Loss: 2.852 Vali Acc: 0.240 Test Loss: 2.891 Test Acc: 0.240
EarlyStopping counter: 10 out of 10
Early stopping
>>>>>>>testing : classification_CLSP_EthanolConcentration_stats_none_SparseTSFPlus_UEA_sl96_pl0_dm16_nh8_el2_dl1_df32_fc1_ebtimeF_dtTrue_ClsP_0<<<<<<<<<<<<<<<<<<<<<<<<<<<<<<<<<
263
TEST 263
test shape: torch.Size([263, 4]) torch.Size([263, 1])
accuracy:0.24714828897338403
