Args in experiment:
Namespace(activation='gelu', anomaly_ratio=0.25, batch_size=16, c_out=7, channel_independence=1, checkpoints='./checkpoints/', comment='none', d_ff=32, d_layers=1, d_model=16, data='UEA', data_path='ETTh1.csv', dec_in=7, decomp_method='moving_avg', des='ClsP', devices='0,1', distil=True, down_sampling_layers=0, down_sampling_method='avg', down_sampling_window=1, drop_last=True, dropout=0.1, e_layers=2, embed='timeF', emissions_file='emissions.csv', emissions_output_dir='.', enc_in=1, factor=1, features='M', freq='h', gpu=0, inverse=False, is_training=1, itr=1, label_len=48, learning_rate=0.001, loss='MSE', lradj='TST', mask_rate=0.125, model='SparseTSFPlus', model_id='CLSP_EthanolConcentration_flat', model_type='linear', moving_avg=25, n_heads=8, num_kernels=6, num_workers=0, output_attention=False, p_hidden_dims=[128, 128], p_hidden_layers=2, patience=10, pct_start=0.2, percent=100, period_len=1, pred_len=0, root_path='<workspace>\\dataset\\EthanolConcentration', seasonal_patterns='Monthly', seq_len=96, stsf_cls_head='flat', stsf_decomp='off', stsf_decomp_kernel=25, stsf_diag_mask=0, stsf_impute_passes=1, stsf_linear_bias=0, stsf_mask_conv=0, stsf_pad_fold=0, stsf_periods='', stsf_phase_kernel=3, stsf_phase_mix='off', stsf_phase_rank=0, stsf_revin=0, stsf_revin_affine=0, target='OT', task_name='classification', top_k=5, track_emissions=0, train_epochs=30, use_amp=False, use_future_temporal_feature=0, use_gpu=True, use_multi_gpu=False, use_norm=1)
Use GPU: cuda:0
261
TRAIN 261
263
TEST 263
trainable_params:21017
units:vanilla
>>>>>>>start training : classification_CLSP_EthanolConcentration_flat_none_SparseTSFPlus_UEA_sl96_pl0_dm16_nh8_el2_dl1_df32_fc1_ebtimeF_dtTrue_ClsP_0>>>>>>>>>>>>>>>>>>>>>>>>>>
261
TRAIN 261
263
TEST 263
263
TEST 263
Epoch: 1 cost time: 4.57853627204895
Epoch: 1, Steps: 17 | Train Loss: 2.053 Vali Loss: 1.784 Vali Acc: 0.278 Test Loss: 1.807 Test Acc: 0.278
Validation loss decreased (inf --> -0.277567).  Saving model ...
Epoch: 2 cost time: 0.3565335273742676
Epoch: 2, Steps: 17 | Train Loss: 1.796 Vali Loss: 1.774 Vali Acc: 0.293 Test Loss: 1.709 Test Acc: 0.293
Validation loss decreased (-0.277567 --> -0.292776).  Saving model ...
Epoch: 3 cost time: 0.3082313537597656
Epoch: 3, Steps: 17 | Train Loss: 1.725 Vali Loss: 1.710 Vali Acc: 0.247 Test Loss: 1.697 Test Acc: 0.247
EarlyStopping counter: 1 out of 10
Epoch: 4 cost time: 0.3762199878692627
Epoch: 4, Steps: 17 | Train Loss: 1.642 Vali Loss: 1.672 Vali Acc: 0.243 Test Loss: 1.666 Test Acc: 0.243
EarlyStopping counter: 2 out of 10
Epoch: 5 cost time: 0.36898159980773926
Epoch: 5, Steps: 17 | Train Loss: 1.519 Vali Loss: 1.650 Vali Acc: 0.293 Test Loss: 1.660 Test Acc: 0.293
Validation loss decreased (-0.292776 --> -0.292776).  Saving model ...
Epoch: 6 cost time: 0.2987978458404541
Epoch: 6, Steps: 17 | Train Loss: 1.499 Vali Loss: 1.667 Vali Acc: 0.270 Test Loss: 1.657 Test Acc: 0.270
EarlyStopping counter: 1 out of 10
Epoch: 7 cost time: 0.34590744972229004
Epoch: 7, Steps: 17 | Train Loss: 1.491 Vali Loss: 1.647 Vali Acc: 0.259 Test Loss: 1.646 Test Acc: 0.259
EarlyStopping counter: 2 out of 10
Epoch: 8 cost time: 0.38163137435913086
Epoch: 8, Steps: 17 | Train Loss: 1.385 Vali Loss: 1.680 Vali Acc: 0.259 Test Loss: 1.658 Test Acc: 0.259
EarlyStopping counter: 3 out of 10
Epoch: 9 cost time: 0.3368508815765381
Epoch: 9, Steps: 17 | Train Loss: 1.369 Vali Loss: 1.727 Vali Acc: 0.262 Test Loss: 1.672 Test Acc: 0.262
EarlyStopping counter: 4 out of 10
Epoch: 10 cost time: 0.4160947799682617
Epoch: 10, Steps: 17 | Train Loss: 1.356 Vali Loss: 1.675 Vali Acc: 0.259 Test Loss: 1.663 Test Acc: 0.259
EarlyStopping counter: 5 out of 10
Epoch: 11 cost time: 0.3621792793273926
Epoch: 11, Steps: 17 | Train Loss: 1.341 Vali Loss: 1.683 Vali Acc: 0.270 Test Loss: 1.667 Test Acc: 0.270
EarlyStopping counter: 6 out of 10
Epoch: 12 cost time: 0.3710784912109375
Epoch: 12, Steps: 17 | Train Loss: 1.309 Vali Loss: 1.713 Vali Acc: 0.247 Test Loss: 1.703 Test Acc: 0.247
EarlyStopping counter: 7 out of 10
Epoch: 13 cost time: 0.31514787673950195
Epoch: 13, Steps: 17 | Train Loss: 1.415 Vali Loss: 1.690 Vali Acc: 0.251 Test Loss: 1.696 Test Acc: 0.251
EarlyStopping counter: 8 out of 10
Epoch: 14 cost time: 0.36524438858032227
Epoch: 14, Steps: 17 | Train Loss: 1.297 Vali Loss: 1.707 Vali Acc: 0.259 Test Loss: 1.706 Test Acc: 0.259
EarlyStopping counter: 9 out of 10
Epoch: 15 cost time: 0.3861045837402344
Epoch: 15, Steps: 17 | Train Loss: 1.282 Vali Loss: 1.748 Vali Acc: 0.262 Test Loss: 1.723 Test Acc: 0.262
EarlyStopping counter: 10 out of 10
Early stopping
>>>>>>>testing : classification_CLSP_EthanolConcentration_flat_none_SparseTSFPlus_UEA_sl96_pl0_dm16_nh8_el2_dl1_df32_fc1_ebtimeF_dtTrue_ClsP_0<<<<<<<<<<<<<<<<<<<<<<<<<<<<<<<<<
263
TEST 263
test shape: torch.Size([263, 4]) torch.Size([263, 1])
accuracy:0.29277566539923955
