Args in experiment:
Namespace(activation='gelu', anomaly_ratio=0.25, batch_size=16, c_out=7, channel_independence=1, checkpoints='./checkpoints/', comment='none', d_ff=32, d_layers=1, d_model=16, data='UEA', data_path='ETTh1.csv', dec_in=7, decomp_method='moving_avg', des='ClsP', devices='0,1', distil=True, down_sampling_layers=0, down_sampling_method='avg', down_sampling_window=1, drop_last=True, dropout=0.1, e_layers=2, embed='timeF', emissions_file='emissions.csv', emissions_output_dir='.', enc_in=1, factor=1, features='M', freq='h', gpu=0, inverse=False, is_training=1, itr=1, label_len=48, learning_rate=0.001, loss='MSE', lradj='TST', mask_rate=0.125, model='SparseTSFPlus', model_id='CLSP_FaceDetection_stats_p25', model_type='linear', moving_avg=25, n_heads=8, num_kernels=6, num_workers=0, output_attention=False, p_hidden_dims=[128, 128], p_hidden_layers=2, patience=10, pct_start=0.2, percent=100, period_len=25, pred_len=0, root_path='<workspace>\\dataset\\FaceDetection', seasonal_patterns='Monthly', seq_len=96, stsf_cls_head='stats', stsf_cls_segments=8, stsf_decomp='off', stsf_decomp_kernel=25, stsf_diag_mask=0, stsf_impute_passes=1, stsf_linear_bias=0, stsf_mask_conv=0, stsf_pad_fold=0, stsf_periods='', stsf_phase_kernel=3, stsf_phase_mix='off', stsf_phase_rank=0, stsf_revin=0, stsf_revin_affine=0, target='OT', task_name='classification', top_k=5, track_emissions=0, train_epochs=30, use_amp=False, use_future_temporal_feature=0, use_gpu=True, use_multi_gpu=False, use_norm=1)
Use GPU: cuda:0
5890
TRAIN 5890
3524
TEST 3524
trainable_params:891
units:cls_head=stats
>>>>>>>start training : classification_CLSP_FaceDetection_stats_p25_none_SparseTSFPlus_UEA_sl96_pl0_dm16_nh8_el2_dl1_df32_fc1_ebtimeF_dtTrue_ClsP_0>>>>>>>>>>>>>>>>>>>>>>>>>>
5890
TRAIN 5890
3524
TEST 3524
3524
TEST 3524
	iters: 100, epoch: 1 | loss: 0.6660023
	speed: 0.0324s/iter; left time: 355.7689s
	iters: 200, epoch: 1 | loss: 0.7184356
	speed: 0.0069s/iter; left time: 74.4698s
	iters: 300, epoch: 1 | loss: 0.7430788
	speed: 0.0067s/iter; left time: 72.3002s
Epoch: 1 cost time: 5.139925718307495
Epoch: 1, Steps: 369 | Train Loss: 0.709 Vali Loss: 0.701 Vali Acc: 0.490 Test Loss: 0.702 Test Acc: 0.490
Validation loss decreased (inf --> -0.489501).  Saving model ...
	iters: 100, epoch: 2 | loss: 0.6406658
	speed: 0.0284s/iter; left time: 300.7727s
	iters: 200, epoch: 2 | loss: 0.7071131
	speed: 0.0076s/iter; left time: 79.6760s
	iters: 300, epoch: 2 | loss: 0.7120093
	speed: 0.0073s/iter; left time: 75.4943s
Epoch: 2 cost time: 2.799020290374756
Epoch: 2, Steps: 369 | Train Loss: 0.704 Vali Loss: 0.702 Vali Acc: 0.502 Test Loss: 0.703 Test Acc: 0.502
Validation loss decreased (-0.489501 --> -0.501986).  Saving model ...
	iters: 100, epoch: 3 | loss: 0.7064329
	speed: 0.0284s/iter; left time: 290.6218s
	iters: 200, epoch: 3 | loss: 0.7022584
	speed: 0.0075s/iter; left time: 76.3192s
	iters: 300, epoch: 3 | loss: 0.6185403
	speed: 0.0073s/iter; left time: 72.8145s
Epoch: 3 cost time: 2.820075273513794
Epoch: 3, Steps: 369 | Train Loss: 0.702 Vali Loss: 0.701 Vali Acc: 0.491 Test Loss: 0.701 Test Acc: 0.491
EarlyStopping counter: 1 out of 10
	iters: 100, epoch: 4 | loss: 0.7030864
	speed: 0.0280s/iter; left time: 276.6685s
	iters: 200, epoch: 4 | loss: 0.7208071
	speed: 0.0073s/iter; left time: 71.1108s
	iters: 300, epoch: 4 | loss: 0.6762171
	speed: 0.0077s/iter; left time: 74.8339s
Epoch: 4 cost time: 2.8196768760681152
Epoch: 4, Steps: 369 | Train Loss: 0.703 Vali Loss: 0.707 Vali Acc: 0.488 Test Loss: 0.706 Test Acc: 0.488
EarlyStopping counter: 2 out of 10
	iters: 100, epoch: 5 | loss: 0.7262845
	speed: 0.0301s/iter; left time: 285.6336s
	iters: 200, epoch: 5 | loss: 0.7007995
	speed: 0.0072s/iter; left time: 67.8564s
	iters: 300, epoch: 5 | loss: 0.6826121
	speed: 0.0075s/iter; left time: 69.7214s
Epoch: 5 cost time: 2.8441503047943115
Epoch: 5, Steps: 369 | Train Loss: 0.700 Vali Loss: 0.702 Vali Acc: 0.499 Test Loss: 0.701 Test Acc: 0.499
EarlyStopping counter: 3 out of 10
	iters: 100, epoch: 6 | loss: 0.7016941
	speed: 0.0289s/iter; left time: 264.0115s
	iters: 200, epoch: 6 | loss: 0.7140638
	speed: 0.0074s/iter; left time: 67.1589s
	iters: 300, epoch: 6 | loss: 0.7115869
	speed: 0.0074s/iter; left time: 65.7381s
Epoch: 6 cost time: 2.818685531616211
Epoch: 6, Steps: 369 | Train Loss: 0.699 Vali Loss: 0.701 Vali Acc: 0.491 Test Loss: 0.701 Test Acc: 0.491
EarlyStopping counter: 4 out of 10
	iters: 100, epoch: 7 | loss: 0.6830640
	speed: 0.0281s/iter; left time: 246.3051s
	iters: 200, epoch: 7 | loss: 0.7065061
	speed: 0.0074s/iter; left time: 64.4317s
	iters: 300, epoch: 7 | loss: 0.7189626
	speed: 0.0074s/iter; left time: 62.9609s
Epoch: 7 cost time: 2.800499677658081
Epoch: 7, Steps: 369 | Train Loss: 0.701 Vali Loss: 0.701 Vali Acc: 0.491 Test Loss: 0.701 Test Acc: 0.491
EarlyStopping counter: 5 out of 10
	iters: 100, epoch: 8 | loss: 0.6925712
	speed: 0.0286s/iter; left time: 240.2404s
	iters: 200, epoch: 8 | loss: 0.7023744
	speed: 0.0071s/iter; left time: 58.8829s
	iters: 300, epoch: 8 | loss: 0.6884636
	speed: 0.0071s/iter; left time: 58.2744s
Epoch: 8 cost time: 2.7453019618988037
Epoch: 8, Steps: 369 | Train Loss: 0.698 Vali Loss: 0.701 Vali Acc: 0.492 Test Loss: 0.701 Test Acc: 0.492
EarlyStopping counter: 6 out of 10
	iters: 100, epoch: 9 | loss: 0.7152364
	speed: 0.0287s/iter; left time: 230.2901s
	iters: 200, epoch: 9 | loss: 0.6310371
	speed: 0.0075s/iter; left time: 59.4375s
	iters: 300, epoch: 9 | loss: 0.6789668
	speed: 0.0076s/iter; left time: 59.4882s
Epoch: 9 cost time: 2.829989194869995
Epoch: 9, Steps: 369 | Train Loss: 0.698 Vali Loss: 0.702 Vali Acc: 0.491 Test Loss: 0.703 Test Acc: 0.491
EarlyStopping counter: 7 out of 10
	iters: 100, epoch: 10 | loss: 0.6817067
	speed: 0.0277s/iter; left time: 212.2371s
	iters: 200, epoch: 10 | loss: 0.6865623
	speed: 0.0073s/iter; left time: 55.0373s
	iters: 300, epoch: 10 | loss: 0.7125329
	speed: 0.0074s/iter; left time: 54.8024s
Epoch: 10 cost time: 2.78387713432312
Epoch: 10, Steps: 369 | Train Loss: 0.696 Vali Loss: 0.702 Vali Acc: 0.493 Test Loss: 0.702 Test Acc: 0.493
EarlyStopping counter: 8 out of 10
	iters: 100, epoch: 11 | loss: 0.6838325
	speed: 0.0274s/iter; left time: 199.4483s
	iters: 200, epoch: 11 | loss: 0.7314826
	speed: 0.0075s/iter; left time: 53.8092s
	iters: 300, epoch: 11 | loss: 0.7009273
	speed: 0.0074s/iter; left time: 52.3583s
Epoch: 11 cost time: 2.754539966583252
Epoch: 11, Steps: 369 | Train Loss: 0.697 Vali Loss: 0.701 Vali Acc: 0.494 Test Loss: 0.701 Test Acc: 0.494
EarlyStopping counter: 9 out of 10
	iters: 100, epoch: 12 | loss: 0.7169093
	speed: 0.0291s/iter; left time: 200.9602s
	iters: 200, epoch: 12 | loss: 0.6544295
	speed: 0.0076s/iter; left time: 51.5647s
	iters: 300, epoch: 12 | loss: 0.7074322
	speed: 0.0074s/iter; left time: 49.8936s
Epoch: 12 cost time: 2.873162031173706
Epoch: 12, Steps: 369 | Train Loss: 0.696 Vali Loss: 0.703 Vali Acc: 0.496 Test Loss: 0.704 Test Acc: 0.496
EarlyStopping counter: 10 out of 10
Early stopping
>>>>>>>testing : classification_CLSP_FaceDetection_stats_p25_none_SparseTSFPlus_UEA_sl96_pl0_dm16_nh8_el2_dl1_df32_fc1_ebtimeF_dtTrue_ClsP_0<<<<<<<<<<<<<<<<<<<<<<<<<<<<<<<<<
3524
TEST 3524
test shape: torch.Size([3524, 2]) torch.Size([3524, 1])
accuracy:0.5019863791146425
