Args in experiment:
Namespace(activation='gelu', anomaly_ratio=0.25, batch_size=16, c_out=7, channel_independence=1, checkpoints='./checkpoints/', comment='none', d_ff=32, d_layers=1, d_model=16, data='UEA', data_path='ETTh1.csv', dec_in=7, decomp_method='moving_avg', des='ClsP', devices='0,1', distil=True, down_sampling_layers=0, down_sampling_method='avg', down_sampling_window=1, drop_last=True, dropout=0.1, e_layers=2, embed='timeF', emissions_file='emissions.csv', emissions_output_dir='.', enc_in=1, factor=1, features='M', freq='h', gpu=0, inverse=False, is_training=1, itr=1, label_len=48, learning_rate=0.001, loss='MSE', lradj='TST', mask_rate=0.125, model='SparseTSFPlus', model_id='CLSP_Handwriting_segpool', model_type='linear', moving_avg=25, n_heads=8, num_kernels=6, num_workers=0, output_attention=False, p_hidden_dims=[128, 128], p_hidden_layers=2, patience=10, pct_start=0.2, percent=100, period_len=1, pred_len=0, root_path='<workspace>\\dataset\\Handwriting', seasonal_patterns='Monthly', seq_len=96, stsf_cls_head='segpool', stsf_cls_segments=8, stsf_decomp='off', stsf_decomp_kernel=25, stsf_diag_mask=0, stsf_impute_passes=1, stsf_linear_bias=0, stsf_mask_conv=0, stsf_pad_fold=0, stsf_periods='', stsf_phase_kernel=3, stsf_phase_mix='off', stsf_phase_rank=0, stsf_revin=0, stsf_revin_affine=0, target='OT', task_name='classification', top_k=5, track_emissions=0, train_epochs=30, use_amp=False, use_future_temporal_feature=0, use_gpu=True, use_multi_gpu=False, use_norm=1)
Use GPU: cuda:0
150
TRAIN 150
850
TEST 850
trainable_params:651
units:cls_head=segpool
>>>>>>>start training : classification_CLSP_Handwriting_segpool_none_SparseTSFPlus_UEA_sl96_pl0_dm16_nh8_el2_dl1_df32_fc1_ebtimeF_dtTrue_ClsP_0>>>>>>>>>>>>>>>>>>>>>>>>>>
150
TRAIN 150
850
TEST 850
850
TEST 850
Epoch: 1 cost time: 2.099179744720459
Epoch: 1, Steps: 10 | Train Loss: 3.272 Vali Loss: 3.264 Vali Acc: 0.044 Test Loss: 3.266 Test Acc: 0.044
Validation loss decreased (inf --> -0.043529).  Saving model ...
Epoch: 2 cost time: 0.04315018653869629
Epoch: 2, Steps: 10 | Train Loss: 3.265 Vali Loss: 3.267 Vali Acc: 0.044 Test Loss: 3.266 Test Acc: 0.044
Validation loss decreased (-0.043529 --> -0.043529).  Saving model ...
Epoch: 3 cost time: 0.038132667541503906
Epoch: 3, Steps: 10 | Train Loss: 3.258 Vali Loss: 3.267 Vali Acc: 0.044 Test Loss: 3.267 Test Acc: 0.044
Validation loss decreased (-0.043529 --> -0.043529).  Saving model ...
Epoch: 4 cost time: 0.04129505157470703
Epoch: 4, Steps: 10 | Train Loss: 3.263 Vali Loss: 3.266 Vali Acc: 0.044 Test Loss: 3.266 Test Acc: 0.044
Validation loss decreased (-0.043529 --> -0.043529).  Saving model ...
Epoch: 5 cost time: 0.04113936424255371
Epoch: 5, Steps: 10 | Train Loss: 3.263 Vali Loss: 3.266 Vali Acc: 0.044 Test Loss: 3.265 Test Acc: 0.044
Validation loss decreased (-0.043529 --> -0.043529).  Saving model ...
Epoch: 6 cost time: 0.039986371994018555
Epoch: 6, Steps: 10 | Train Loss: 3.270 Vali Loss: 3.264 Vali Acc: 0.042 Test Loss: 3.264 Test Acc: 0.042
EarlyStopping counter: 1 out of 10
Epoch: 7 cost time: 0.03938150405883789
Epoch: 7, Steps: 10 | Train Loss: 3.268 Vali Loss: 3.267 Vali Acc: 0.044 Test Loss: 3.267 Test Acc: 0.044
Validation loss decreased (-0.043529 --> -0.043529).  Saving model ...
Epoch: 8 cost time: 0.04077768325805664
Epoch: 8, Steps: 10 | Train Loss: 3.261 Vali Loss: 3.265 Vali Acc: 0.044 Test Loss: 3.267 Test Acc: 0.044
Validation loss decreased (-0.043529 --> -0.043529).  Saving model ...
Epoch: 9 cost time: 0.03954601287841797
Epoch: 9, Steps: 10 | Train Loss: 3.263 Vali Loss: 3.265 Vali Acc: 0.044 Test Loss: 3.268 Test Acc: 0.044
Validation loss decreased (-0.043529 --> -0.043529).  Saving model ...
Epoch: 10 cost time: 0.0421445369720459
Epoch: 10, Steps: 10 | Train Loss: 3.263 Vali Loss: 3.266 Vali Acc: 0.044 Test Loss: 3.265 Test Acc: 0.044
Validation loss decreased (-0.043529 --> -0.043529).  Saving model ...
Epoch: 11 cost time: 0.03833436965942383
Epoch: 11, Steps: 10 | Train Loss: 3.267 Vali Loss: 3.267 Vali Acc: 0.044 Test Loss: 3.265 Test Acc: 0.044
Validation loss decreased (-0.043529 --> -0.043529).  Saving model ...
Epoch: 12 cost time: 0.043939828872680664
Epoch: 12, Steps: 10 | Train Loss: 3.265 Vali Loss: 3.267 Vali Acc: 0.045 Test Loss: 3.265 Test Acc: 0.045
Validation loss decreased (-0.043529 --> -0.044706).  Saving model ...
Epoch: 13 cost time: 0.04512643814086914
Epoch: 13, Steps: 10 | Train Loss: 3.264 Vali Loss: 3.265 Vali Acc: 0.045 Test Loss: 3.266 Test Acc: 0.045
Validation loss decreased (-0.044706 --> -0.044706).  Saving model ...
Epoch: 14 cost time: 0.03979754447937012
Epoch: 14, Steps: 10 | Train Loss: 3.260 Vali Loss: 3.266 Vali Acc: 0.044 Test Loss: 3.267 Test Acc: 0.044
EarlyStopping counter: 1 out of 10
Epoch: 15 cost time: 0.04107856750488281
Epoch: 15, Steps: 10 | Train Loss: 3.261 Vali Loss: 3.266 Vali Acc: 0.045 Test Loss: 3.266 Test Acc: 0.045
Validation loss decreased (-0.044706 --> -0.044706).  Saving model ...
Epoch: 16 cost time: 0.03870582580566406
Epoch: 16, Steps: 10 | Train Loss: 3.258 Vali Loss: 3.266 Vali Acc: 0.045 Test Loss: 3.265 Test Acc: 0.045
Validation loss decreased (-0.044706 --> -0.044706).  Saving model ...
Epoch: 17 cost time: 0.04582095146179199
Epoch: 17, Steps: 10 | Train Loss: 3.262 Vali Loss: 3.266 Vali Acc: 0.045 Test Loss: 3.266 Test Acc: 0.045
Validation loss decreased (-0.044706 --> -0.044706).  Saving model ...
Epoch: 18 cost time: 0.0390477180480957
Epoch: 18, Steps: 10 | Train Loss: 3.262 Vali Loss: 3.266 Vali Acc: 0.045 Test Loss: 3.265 Test Acc: 0.045
Validation loss decreased (-0.044706 --> -0.044706).  Saving model ...
Epoch: 19 cost time: 0.04241609573364258
Epoch: 19, Steps: 10 | Train Loss: 3.264 Vali Loss: 3.265 Vali Acc: 0.045 Test Loss: 3.262 Test Acc: 0.045
Validation loss decreased (-0.044706 --> -0.044706).  Saving model ...
Epoch: 20 cost time: 0.040595293045043945
Epoch: 20, Steps: 10 | Train Loss: 3.263 Vali Loss: 3.268 Vali Acc: 0.045 Test Loss: 3.266 Test Acc: 0.045
Validation loss decreased (-0.044706 --> -0.044706).  Saving model ...
Epoch: 21 cost time: 0.0402681827545166
Epoch: 21, Steps: 10 | Train Loss: 3.261 Vali Loss: 3.268 Vali Acc: 0.045 Test Loss: 3.264 Test Acc: 0.045
Validation loss decreased (-0.044706 --> -0.044706).  Saving model ...
Epoch: 22 cost time: 0.044600486755371094
Epoch: 22, Steps: 10 | Train Loss: 3.265 Vali Loss: 3.267 Vali Acc: 0.045 Test Loss: 3.266 Test Acc: 0.045
Validation loss decreased (-0.044706 --> -0.044706).  Saving model ...
Epoch: 23 cost time: 0.03983426094055176
Epoch: 23, Steps: 10 | Train Loss: 3.260 Vali Loss: 3.265 Vali Acc: 0.046 Test Loss: 3.267 Test Acc: 0.046
Validation loss decreased (-0.044706 --> -0.045882).  Saving model ...
Epoch: 24 cost time: 0.040750741958618164
Epoch: 24, Steps: 10 | Train Loss: 3.259 Vali Loss: 3.265 Vali Acc: 0.046 Test Loss: 3.266 Test Acc: 0.046
Validation loss decreased (-0.045882 --> -0.045882).  Saving model ...
Epoch: 25 cost time: 0.04155254364013672
Epoch: 25, Steps: 10 | Train Loss: 3.261 Vali Loss: 3.267 Vali Acc: 0.047 Test Loss: 3.264 Test Acc: 0.047
Validation loss decreased (-0.045882 --> -0.047059).  Saving model ...
Epoch: 26 cost time: 0.04454803466796875
Epoch: 26, Steps: 10 | Train Loss: 3.258 Vali Loss: 3.265 Vali Acc: 0.047 Test Loss: 3.267 Test Acc: 0.047
Validation loss decreased (-0.047059 --> -0.047059).  Saving model ...
Epoch: 27 cost time: 0.04517793655395508
Epoch: 27, Steps: 10 | Train Loss: 3.262 Vali Loss: 3.263 Vali Acc: 0.047 Test Loss: 3.265 Test Acc: 0.047
Validation loss decreased (-0.047059 --> -0.047059).  Saving model ...
Epoch: 28 cost time: 0.038031578063964844
Epoch: 28, Steps: 10 | Train Loss: 3.261 Vali Loss: 3.265 Vali Acc: 0.047 Test Loss: 3.267 Test Acc: 0.047
Validation loss decreased (-0.047059 --> -0.047059).  Saving model ...
Epoch: 29 cost time: 0.03961014747619629
Epoch: 29, Steps: 10 | Train Loss: 3.261 Vali Loss: 3.265 Vali Acc: 0.047 Test Loss: 3.264 Test Acc: 0.047
Validation loss decreased (-0.047059 --> -0.047059).  Saving model ...
Epoch: 30 cost time: 0.03837871551513672
Epoch: 30, Steps: 10 | Train Loss: 3.259 Vali Loss: 3.262 Vali Acc: 0.047 Test Loss: 3.264 Test Acc: 0.047
Validation loss decreased (-0.047059 --> -0.047059).  Saving model ...
>>>>>>>testing : classification_CLSP_Handwriting_segpool_none_SparseTSFPlus_UEA_sl96_pl0_dm16_nh8_el2_dl1_df32_fc1_ebtimeF_dtTrue_ClsP_0<<<<<<<<<<<<<<<<<<<<<<<<<<<<<<<<<
850
TEST 850
test shape: torch.Size([850, 26]) torch.Size([850, 1])
accuracy:0.047058823529411764
