Args in experiment:
Namespace(activation='gelu', anomaly_ratio=0.25, batch_size=16, c_out=7, channel_independence=1, checkpoints='./checkpoints/', comment='none', d_ff=32, d_layers=1, d_model=16, data='UEA', data_path='ETTh1.csv', dec_in=7, decomp_method='moving_avg', des='ClsP', devices='0,1', distil=True, down_sampling_layers=0, down_sampling_method='avg', down_sampling_window=1, drop_last=True, dropout=0.1, e_layers=2, embed='timeF', emissions_file='emissions.csv', emissions_output_dir='.', enc_in=1, factor=1, features='M', freq='h', gpu=0, inverse=False, is_training=1, itr=1, label_len=48, learning_rate=0.001, loss='MSE', lradj='TST', mask_rate=0.125, model='SparseTSFPlus', model_id='CLSP_JapaneseVowels_flat', model_type='linear', moving_avg=25, n_heads=8, num_kernels=6, num_workers=0, output_attention=False, p_hidden_dims=[128, 128], p_hidden_layers=2, patience=10, pct_start=0.2, percent=100, period_len=1, pred_len=0, root_path='<workspace>\\dataset\\JapaneseVowels', seasonal_patterns='Monthly', seq_len=96, stsf_cls_head='flat', stsf_cls_segments=8, stsf_decomp='off', stsf_decomp_kernel=25, stsf_diag_mask=0, stsf_impute_passes=1, stsf_linear_bias=0, stsf_mask_conv=0, stsf_pad_fold=0, stsf_periods='', stsf_phase_kernel=3, stsf_phase_mix='off', stsf_phase_rank=0, stsf_revin=0, stsf_revin_affine=0, target='OT', task_name='classification', top_k=5, track_emissions=0, train_epochs=30, use_amp=False, use_future_temporal_feature=0, use_gpu=True, use_multi_gpu=False, use_norm=1)
Use GPU: cuda:0
270
TRAIN 270
370
TEST 370
trainable_params:3142
units:vanilla
>>>>>>>start training : classification_CLSP_JapaneseVowels_flat_none_SparseTSFPlus_UEA_sl96_pl0_dm16_nh8_el2_dl1_df32_fc1_ebtimeF_dtTrue_ClsP_0>>>>>>>>>>>>>>>>>>>>>>>>>>
270
TRAIN 270
370
TEST 370
370
TEST 370
Epoch: 1 cost time: 1.9660639762878418
Epoch: 1, Steps: 17 | Train Loss: 2.202 Vali Loss: 2.188 Vali Acc: 0.265 Test Loss: 2.193 Test Acc: 0.265
Validation loss decreased (inf --> -0.264865).  Saving model ...
Epoch: 2 cost time: 0.05624556541442871
Epoch: 2, Steps: 17 | Train Loss: 2.198 Vali Loss: 2.186 Vali Acc: 0.284 Test Loss: 2.186 Test Acc: 0.284
Validation loss decreased (-0.264865 --> -0.283784).  Saving model ...
Epoch: 3 cost time: 0.06897306442260742
Epoch: 3, Steps: 17 | Train Loss: 2.194 Vali Loss: 2.184 Vali Acc: 0.314 Test Loss: 2.186 Test Acc: 0.314
Validation loss decreased (-0.283784 --> -0.313514).  Saving model ...
Epoch: 4 cost time: 0.0679178237915039
Epoch: 4, Steps: 17 | Train Loss: 2.192 Vali Loss: 2.182 Vali Acc: 0.346 Test Loss: 2.180 Test Acc: 0.346
Validation loss decreased (-0.313514 --> -0.345946).  Saving model ...
Epoch: 5 cost time: 0.06663322448730469
Epoch: 5, Steps: 17 | Train Loss: 2.187 Vali Loss: 2.175 Vali Acc: 0.373 Test Loss: 2.175 Test Acc: 0.373
Validation loss decreased (-0.345946 --> -0.372973).  Saving model ...
Epoch: 6 cost time: 0.06556248664855957
Epoch: 6, Steps: 17 | Train Loss: 2.185 Vali Loss: 2.177 Vali Acc: 0.395 Test Loss: 2.175 Test Acc: 0.395
Validation loss decreased (-0.372973 --> -0.394595).  Saving model ...
Epoch: 7 cost time: 0.06449484825134277
Epoch: 7, Steps: 17 | Train Loss: 2.181 Vali Loss: 2.171 Vali Acc: 0.403 Test Loss: 2.172 Test Acc: 0.403
Validation loss decreased (-0.394595 --> -0.402703).  Saving model ...
Epoch: 8 cost time: 0.07056713104248047
Epoch: 8, Steps: 17 | Train Loss: 2.177 Vali Loss: 2.168 Vali Acc: 0.411 Test Loss: 2.165 Test Acc: 0.411
Validation loss decreased (-0.402703 --> -0.410811).  Saving model ...
Epoch: 9 cost time: 0.06293249130249023
Epoch: 9, Steps: 17 | Train Loss: 2.173 Vali Loss: 2.163 Vali Acc: 0.419 Test Loss: 2.161 Test Acc: 0.419
Validation loss decreased (-0.410811 --> -0.418919).  Saving model ...
Epoch: 10 cost time: 0.06271028518676758
Epoch: 10, Steps: 17 | Train Loss: 2.171 Vali Loss: 2.157 Vali Acc: 0.424 Test Loss: 2.161 Test Acc: 0.424
Validation loss decreased (-0.418919 --> -0.424324).  Saving model ...
Epoch: 11 cost time: 0.0680837631225586
Epoch: 11, Steps: 17 | Train Loss: 2.166 Vali Loss: 2.155 Vali Acc: 0.446 Test Loss: 2.154 Test Acc: 0.446
Validation loss decreased (-0.424324 --> -0.445946).  Saving model ...
Epoch: 12 cost time: 0.06644725799560547
Epoch: 12, Steps: 17 | Train Loss: 2.163 Vali Loss: 2.150 Vali Acc: 0.451 Test Loss: 2.154 Test Acc: 0.451
Validation loss decreased (-0.445946 --> -0.451351).  Saving model ...
Epoch: 13 cost time: 0.06813836097717285
Epoch: 13, Steps: 17 | Train Loss: 2.158 Vali Loss: 2.147 Vali Acc: 0.468 Test Loss: 2.148 Test Acc: 0.468
Validation loss decreased (-0.451351 --> -0.467568).  Saving model ...
Epoch: 14 cost time: 0.06341862678527832
Epoch: 14, Steps: 17 | Train Loss: 2.156 Vali Loss: 2.148 Vali Acc: 0.489 Test Loss: 2.144 Test Acc: 0.489
Validation loss decreased (-0.467568 --> -0.489189).  Saving model ...
Epoch: 15 cost time: 0.06794214248657227
Epoch: 15, Steps: 17 | Train Loss: 2.152 Vali Loss: 2.140 Vali Acc: 0.500 Test Loss: 2.141 Test Acc: 0.500
Validation loss decreased (-0.489189 --> -0.500000).  Saving model ...
Epoch: 16 cost time: 0.07091665267944336
Epoch: 16, Steps: 17 | Train Loss: 2.146 Vali Loss: 2.138 Vali Acc: 0.511 Test Loss: 2.141 Test Acc: 0.511
Validation loss decreased (-0.500000 --> -0.510811).  Saving model ...
Epoch: 17 cost time: 0.0662391185760498
Epoch: 17, Steps: 17 | Train Loss: 2.144 Vali Loss: 2.138 Vali Acc: 0.522 Test Loss: 2.133 Test Acc: 0.522
Validation loss decreased (-0.510811 --> -0.521622).  Saving model ...
Epoch: 18 cost time: 0.0680398941040039
Epoch: 18, Steps: 17 | Train Loss: 2.138 Vali Loss: 2.134 Vali Acc: 0.541 Test Loss: 2.128 Test Acc: 0.541
Validation loss decreased (-0.521622 --> -0.540541).  Saving model ...
Epoch: 19 cost time: 0.06494784355163574
Epoch: 19, Steps: 17 | Train Loss: 2.136 Vali Loss: 2.126 Vali Acc: 0.549 Test Loss: 2.127 Test Acc: 0.549
Validation loss decreased (-0.540541 --> -0.548649).  Saving model ...
Epoch: 20 cost time: 0.06499624252319336
Epoch: 20, Steps: 17 | Train Loss: 2.133 Vali Loss: 2.121 Vali Acc: 0.554 Test Loss: 2.125 Test Acc: 0.554
Validation loss decreased (-0.548649 --> -0.554054).  Saving model ...
Epoch: 21 cost time: 0.0648798942565918
Epoch: 21, Steps: 17 | Train Loss: 2.129 Vali Loss: 2.122 Vali Acc: 0.565 Test Loss: 2.121 Test Acc: 0.565
Validation loss decreased (-0.554054 --> -0.564865).  Saving model ...
Epoch: 22 cost time: 0.06910920143127441
Epoch: 22, Steps: 17 | Train Loss: 2.125 Vali Loss: 2.113 Vali Acc: 0.568 Test Loss: 2.117 Test Acc: 0.568
Validation loss decreased (-0.564865 --> -0.567568).  Saving model ...
Epoch: 23 cost time: 0.06613874435424805
Epoch: 23, Steps: 17 | Train Loss: 2.120 Vali Loss: 2.107 Vali Acc: 0.576 Test Loss: 2.111 Test Acc: 0.576
Validation loss decreased (-0.567568 --> -0.575676).  Saving model ...
Epoch: 24 cost time: 0.06606626510620117
Epoch: 24, Steps: 17 | Train Loss: 2.117 Vali Loss: 2.107 Vali Acc: 0.581 Test Loss: 2.108 Test Acc: 0.581
Validation loss decreased (-0.575676 --> -0.581081).  Saving model ...
Epoch: 25 cost time: 0.06569981575012207
Epoch: 25, Steps: 17 | Train Loss: 2.111 Vali Loss: 2.105 Vali Acc: 0.581 Test Loss: 2.107 Test Acc: 0.581
Validation loss decreased (-0.581081 --> -0.581081).  Saving model ...
Epoch: 26 cost time: 0.06393623352050781
Epoch: 26, Steps: 17 | Train Loss: 2.108 Vali Loss: 2.105 Vali Acc: 0.595 Test Loss: 2.098 Test Acc: 0.595
Validation loss decreased (-0.581081 --> -0.594595).  Saving model ...
Epoch: 27 cost time: 0.06897878646850586
Epoch: 27, Steps: 17 | Train Loss: 2.105 Vali Loss: 2.096 Vali Acc: 0.592 Test Loss: 2.095 Test Acc: 0.592
EarlyStopping counter: 1 out of 10
Epoch: 28 cost time: 0.06389093399047852
Epoch: 28, Steps: 17 | Train Loss: 2.100 Vali Loss: 2.090 Vali Acc: 0.600 Test Loss: 2.096 Test Acc: 0.600
Validation loss decreased (-0.594595 --> -0.600000).  Saving model ...
Epoch: 29 cost time: 0.06309008598327637
Epoch: 29, Steps: 17 | Train Loss: 2.096 Vali Loss: 2.085 Vali Acc: 0.608 Test Loss: 2.089 Test Acc: 0.608
Validation loss decreased (-0.600000 --> -0.608108).  Saving model ...
Epoch: 30 cost time: 0.06960558891296387
Epoch: 30, Steps: 17 | Train Loss: 2.093 Vali Loss: 2.086 Vali Acc: 0.616 Test Loss: 2.086 Test Acc: 0.616
Validation loss decreased (-0.608108 --> -0.616216).  Saving model ...
>>>>>>>testing : classification_CLSP_JapaneseVowels_flat_none_SparseTSFPlus_UEA_sl96_pl0_dm16_nh8_el2_dl1_df32_fc1_ebtimeF_dtTrue_ClsP_0<<<<<<<<<<<<<<<<<<<<<<<<<<<<<<<<<
370
TEST 370
test shape: torch.Size([370, 9]) torch.Size([370, 1])
accuracy:0.6162162162162163
