Args in experiment:
Namespace(activation='gelu', anomaly_ratio=0.25, batch_size=16, c_out=7, channel_independence=1, checkpoints='./checkpoints/', comment='none', d_ff=32, d_layers=1, d_model=16, data='UEA', data_path='ETTh1.csv', dec_in=7, decomp_method='moving_avg', des='ClsP', devices='0,1', distil=True, down_sampling_layers=0, down_sampling_method='avg', down_sampling_window=1, drop_last=True, dropout=0.1, e_layers=2, embed='timeF', emissions_file='emissions.csv', emissions_output_dir='.', enc_in=1, factor=1, features='M', freq='h', gpu=0, inverse=False, is_training=1, itr=1, label_len=48, learning_rate=0.001, loss='MSE', lradj='TST', mask_rate=0.125, model='SparseTSFPlus', model_id='CLSP_JapaneseVowels_stats_p25', model_type='linear', moving_avg=25, n_heads=8, num_kernels=6, num_workers=0, output_attention=False, p_hidden_dims=[128, 128], p_hidden_layers=2, patience=10, pct_start=0.2, percent=100, period_len=25, pred_len=0, root_path='<workspace>\\dataset\\JapaneseVowels', seasonal_patterns='Monthly', seq_len=96, stsf_cls_head='stats', stsf_cls_segments=8, stsf_decomp='off', stsf_decomp_kernel=25, stsf_diag_mask=0, stsf_impute_passes=1, stsf_linear_bias=0, stsf_mask_conv=0, stsf_pad_fold=0, stsf_periods='', stsf_phase_kernel=3, stsf_phase_mix='off', stsf_phase_rank=0, stsf_revin=0, stsf_revin_affine=0, target='OT', task_name='classification', top_k=5, track_emissions=0, train_epochs=30, use_amp=False, use_future_temporal_feature=0, use_gpu=True, use_multi_gpu=False, use_norm=1)
Use GPU: cuda:0
270
TRAIN 270
370
TEST 370
trainable_params:358
units:cls_head=stats
>>>>>>>start training : classification_CLSP_JapaneseVowels_stats_p25_none_SparseTSFPlus_UEA_sl96_pl0_dm16_nh8_el2_dl1_df32_fc1_ebtimeF_dtTrue_ClsP_0>>>>>>>>>>>>>>>>>>>>>>>>>>
270
TRAIN 270
370
TEST 370
370
TEST 370
Epoch: 1 cost time: 2.029031753540039
Epoch: 1, Steps: 17 | Train Loss: 2.287 Vali Loss: 2.362 Vali Acc: 0.065 Test Loss: 2.367 Test Acc: 0.065
Validation loss decreased (inf --> -0.064865).  Saving model ...
Epoch: 2 cost time: 0.07845449447631836
Epoch: 2, Steps: 17 | Train Loss: 2.284 Vali Loss: 2.353 Vali Acc: 0.065 Test Loss: 2.345 Test Acc: 0.065
Validation loss decreased (-0.064865 --> -0.064865).  Saving model ...
Epoch: 3 cost time: 0.0713496208190918
Epoch: 3, Steps: 17 | Train Loss: 2.278 Vali Loss: 2.352 Vali Acc: 0.065 Test Loss: 2.358 Test Acc: 0.065
Validation loss decreased (-0.064865 --> -0.064865).  Saving model ...
Epoch: 4 cost time: 0.07314658164978027
Epoch: 4, Steps: 17 | Train Loss: 2.283 Vali Loss: 2.355 Vali Acc: 0.065 Test Loss: 2.340 Test Acc: 0.065
Validation loss decreased (-0.064865 --> -0.064865).  Saving model ...
Epoch: 5 cost time: 0.07132577896118164
Epoch: 5, Steps: 17 | Train Loss: 2.277 Vali Loss: 2.327 Vali Acc: 0.065 Test Loss: 2.347 Test Acc: 0.065
Validation loss decreased (-0.064865 --> -0.064865).  Saving model ...
Epoch: 6 cost time: 0.0771031379699707
Epoch: 6, Steps: 17 | Train Loss: 2.271 Vali Loss: 2.336 Vali Acc: 0.065 Test Loss: 2.325 Test Acc: 0.065
Validation loss decreased (-0.064865 --> -0.064865).  Saving model ...
Epoch: 7 cost time: 0.07617402076721191
Epoch: 7, Steps: 17 | Train Loss: 2.274 Vali Loss: 2.336 Vali Acc: 0.065 Test Loss: 2.350 Test Acc: 0.065
Validation loss decreased (-0.064865 --> -0.064865).  Saving model ...
Epoch: 8 cost time: 0.07214760780334473
Epoch: 8, Steps: 17 | Train Loss: 2.266 Vali Loss: 2.341 Vali Acc: 0.065 Test Loss: 2.345 Test Acc: 0.065
Validation loss decreased (-0.064865 --> -0.064865).  Saving model ...
Epoch: 9 cost time: 0.07161355018615723
Epoch: 9, Steps: 17 | Train Loss: 2.267 Vali Loss: 2.335 Vali Acc: 0.065 Test Loss: 2.320 Test Acc: 0.065
Validation loss decreased (-0.064865 --> -0.064865).  Saving model ...
Epoch: 10 cost time: 0.07383370399475098
Epoch: 10, Steps: 17 | Train Loss: 2.260 Vali Loss: 2.327 Vali Acc: 0.065 Test Loss: 2.324 Test Acc: 0.065
Validation loss decreased (-0.064865 --> -0.064865).  Saving model ...
Epoch: 11 cost time: 0.07707500457763672
Epoch: 11, Steps: 17 | Train Loss: 2.260 Vali Loss: 2.336 Vali Acc: 0.065 Test Loss: 2.325 Test Acc: 0.065
Validation loss decreased (-0.064865 --> -0.064865).  Saving model ...
Epoch: 12 cost time: 0.0769052505493164
Epoch: 12, Steps: 17 | Train Loss: 2.261 Vali Loss: 2.336 Vali Acc: 0.065 Test Loss: 2.337 Test Acc: 0.065
Validation loss decreased (-0.064865 --> -0.064865).  Saving model ...
Epoch: 13 cost time: 0.07535982131958008
Epoch: 13, Steps: 17 | Train Loss: 2.257 Vali Loss: 2.325 Vali Acc: 0.065 Test Loss: 2.322 Test Acc: 0.065
Validation loss decreased (-0.064865 --> -0.064865).  Saving model ...
Epoch: 14 cost time: 0.07762026786804199
Epoch: 14, Steps: 17 | Train Loss: 2.258 Vali Loss: 2.323 Vali Acc: 0.065 Test Loss: 2.328 Test Acc: 0.065
Validation loss decreased (-0.064865 --> -0.064865).  Saving model ...
Epoch: 15 cost time: 0.0766592025756836
Epoch: 15, Steps: 17 | Train Loss: 2.254 Vali Loss: 2.324 Vali Acc: 0.065 Test Loss: 2.313 Test Acc: 0.065
Validation loss decreased (-0.064865 --> -0.064865).  Saving model ...
Epoch: 16 cost time: 0.07948184013366699
Epoch: 16, Steps: 17 | Train Loss: 2.255 Vali Loss: 2.317 Vali Acc: 0.065 Test Loss: 2.316 Test Acc: 0.065
Validation loss decreased (-0.064865 --> -0.064865).  Saving model ...
Epoch: 17 cost time: 0.07866454124450684
Epoch: 17, Steps: 17 | Train Loss: 2.248 Vali Loss: 2.310 Vali Acc: 0.065 Test Loss: 2.322 Test Acc: 0.065
Validation loss decreased (-0.064865 --> -0.064865).  Saving model ...
Epoch: 18 cost time: 0.07967567443847656
Epoch: 18, Steps: 17 | Train Loss: 2.250 Vali Loss: 2.324 Vali Acc: 0.065 Test Loss: 2.311 Test Acc: 0.065
Validation loss decreased (-0.064865 --> -0.064865).  Saving model ...
Epoch: 19 cost time: 0.07728695869445801
Epoch: 19, Steps: 17 | Train Loss: 2.244 Vali Loss: 2.304 Vali Acc: 0.068 Test Loss: 2.303 Test Acc: 0.068
Validation loss decreased (-0.064865 --> -0.067568).  Saving model ...
Epoch: 20 cost time: 0.08190655708312988
Epoch: 20, Steps: 17 | Train Loss: 2.243 Vali Loss: 2.306 Vali Acc: 0.068 Test Loss: 2.308 Test Acc: 0.068
Validation loss decreased (-0.067568 --> -0.067568).  Saving model ...
Epoch: 21 cost time: 0.07946991920471191
Epoch: 21, Steps: 17 | Train Loss: 2.239 Vali Loss: 2.309 Vali Acc: 0.068 Test Loss: 2.301 Test Acc: 0.068
Validation loss decreased (-0.067568 --> -0.067568).  Saving model ...
Epoch: 22 cost time: 0.07944393157958984
Epoch: 22, Steps: 17 | Train Loss: 2.244 Vali Loss: 2.310 Vali Acc: 0.068 Test Loss: 2.313 Test Acc: 0.068
Validation loss decreased (-0.067568 --> -0.067568).  Saving model ...
Epoch: 23 cost time: 0.07935237884521484
Epoch: 23, Steps: 17 | Train Loss: 2.239 Vali Loss: 2.300 Vali Acc: 0.070 Test Loss: 2.295 Test Acc: 0.070
Validation loss decreased (-0.067568 --> -0.070270).  Saving model ...
Epoch: 24 cost time: 0.0781702995300293
Epoch: 24, Steps: 17 | Train Loss: 2.238 Vali Loss: 2.308 Vali Acc: 0.070 Test Loss: 2.296 Test Acc: 0.070
Validation loss decreased (-0.070270 --> -0.070270).  Saving model ...
Epoch: 25 cost time: 0.07610058784484863
Epoch: 25, Steps: 17 | Train Loss: 2.237 Vali Loss: 2.292 Vali Acc: 0.070 Test Loss: 2.304 Test Acc: 0.070
Validation loss decreased (-0.070270 --> -0.070270).  Saving model ...
Epoch: 26 cost time: 0.07761836051940918
Epoch: 26, Steps: 17 | Train Loss: 2.234 Vali Loss: 2.278 Vali Acc: 0.070 Test Loss: 2.295 Test Acc: 0.070
Validation loss decreased (-0.070270 --> -0.070270).  Saving model ...
Epoch: 27 cost time: 0.07863044738769531
Epoch: 27, Steps: 17 | Train Loss: 2.236 Vali Loss: 2.296 Vali Acc: 0.070 Test Loss: 2.293 Test Acc: 0.070
Validation loss decreased (-0.070270 --> -0.070270).  Saving model ...
Epoch: 28 cost time: 0.07587647438049316
Epoch: 28, Steps: 17 | Train Loss: 2.227 Vali Loss: 2.298 Vali Acc: 0.073 Test Loss: 2.281 Test Acc: 0.073
Validation loss decreased (-0.070270 --> -0.072973).  Saving model ...
Epoch: 29 cost time: 0.07379627227783203
Epoch: 29, Steps: 17 | Train Loss: 2.232 Vali Loss: 2.280 Vali Acc: 0.076 Test Loss: 2.290 Test Acc: 0.076
Validation loss decreased (-0.072973 --> -0.075676).  Saving model ...
Epoch: 30 cost time: 0.07763981819152832
Epoch: 30, Steps: 17 | Train Loss: 2.231 Vali Loss: 2.274 Vali Acc: 0.076 Test Loss: 2.283 Test Acc: 0.076
Validation loss decreased (-0.075676 --> -0.075676).  Saving model ...
>>>>>>>testing : classification_CLSP_JapaneseVowels_stats_p25_none_SparseTSFPlus_UEA_sl96_pl0_dm16_nh8_el2_dl1_df32_fc1_ebtimeF_dtTrue_ClsP_0<<<<<<<<<<<<<<<<<<<<<<<<<<<<<<<<<
370
TEST 370
test shape: torch.Size([370, 9]) torch.Size([370, 1])
accuracy:0.07567567567567568
