Args in experiment:
Namespace(activation='gelu', anomaly_ratio=0.25, batch_size=16, c_out=7, channel_independence=1, checkpoints='./checkpoints/', comment='none', d_ff=32, d_layers=1, d_model=16, data='UEA', data_path='ETTh1.csv', dec_in=7, decomp_method='moving_avg', des='ClsP', devices='0,1', distil=True, down_sampling_layers=0, down_sampling_method='avg', down_sampling_window=1, drop_last=True, dropout=0.1, e_layers=2, embed='timeF', emissions_file='emissions.csv', emissions_output_dir='.', enc_in=1, factor=1, features='M', freq='h', gpu=0, inverse=False, is_training=1, itr=1, label_len=48, learning_rate=0.001, loss='MSE', lradj='TST', mask_rate=0.125, model='SparseTSFPlus', model_id='CLSP_JapaneseVowels_stats', model_type='linear', moving_avg=25, n_heads=8, num_kernels=6, num_workers=0, output_attention=False, p_hidden_dims=[128, 128], p_hidden_layers=2, patience=10, pct_start=0.2, percent=100, period_len=1, pred_len=0, root_path='<workspace>\\dataset\\JapaneseVowels', seasonal_patterns='Monthly', seq_len=96, stsf_cls_head='stats', stsf_cls_segments=8, stsf_decomp='off', stsf_decomp_kernel=25, stsf_diag_mask=0, stsf_impute_passes=1, stsf_linear_bias=0, stsf_mask_conv=0, stsf_pad_fold=0, stsf_periods='', stsf_phase_kernel=3, stsf_phase_mix='off', stsf_phase_rank=0, stsf_revin=0, stsf_revin_affine=0, target='OT', task_name='classification', top_k=5, track_emissions=0, train_epochs=30, use_amp=False, use_future_temporal_feature=0, use_gpu=True, use_multi_gpu=False, use_norm=1)
Use GPU: cuda:0
270
TRAIN 270
370
TEST 370
trainable_params:334
units:cls_head=stats
>>>>>>>start training : classification_CLSP_JapaneseVowels_stats_none_SparseTSFPlus_UEA_sl96_pl0_dm16_nh8_el2_dl1_df32_fc1_ebtimeF_dtTrue_ClsP_0>>>>>>>>>>>>>>>>>>>>>>>>>>
270
TRAIN 270
370
TEST 370
370
TEST 370
Epoch: 1 cost time: 1.9447989463806152
Epoch: 1, Steps: 17 | Train Loss: 2.214 Vali Loss: 2.189 Vali Acc: 0.132 Test Loss: 2.187 Test Acc: 0.132
Validation loss decreased (inf --> -0.132432).  Saving model ...
Epoch: 2 cost time: 0.08013701438903809
Epoch: 2, Steps: 17 | Train Loss: 2.214 Vali Loss: 2.185 Vali Acc: 0.135 Test Loss: 2.197 Test Acc: 0.135
Validation loss decreased (-0.132432 --> -0.135135).  Saving model ...
Epoch: 3 cost time: 0.07063984870910645
Epoch: 3, Steps: 17 | Train Loss: 2.212 Vali Loss: 2.189 Vali Acc: 0.135 Test Loss: 2.189 Test Acc: 0.135
Validation loss decreased (-0.135135 --> -0.135135).  Saving model ...
Epoch: 4 cost time: 0.07488799095153809
Epoch: 4, Steps: 17 | Train Loss: 2.212 Vali Loss: 2.194 Vali Acc: 0.135 Test Loss: 2.194 Test Acc: 0.135
Validation loss decreased (-0.135135 --> -0.135135).  Saving model ...
Epoch: 5 cost time: 0.07763266563415527
Epoch: 5, Steps: 17 | Train Loss: 2.213 Vali Loss: 2.197 Vali Acc: 0.135 Test Loss: 2.184 Test Acc: 0.135
Validation loss decreased (-0.135135 --> -0.135135).  Saving model ...
Epoch: 6 cost time: 0.07769370079040527
Epoch: 6, Steps: 17 | Train Loss: 2.212 Vali Loss: 2.192 Vali Acc: 0.138 Test Loss: 2.190 Test Acc: 0.138
Validation loss decreased (-0.135135 --> -0.137838).  Saving model ...
Epoch: 7 cost time: 0.07570600509643555
Epoch: 7, Steps: 17 | Train Loss: 2.212 Vali Loss: 2.191 Vali Acc: 0.138 Test Loss: 2.184 Test Acc: 0.138
Validation loss decreased (-0.137838 --> -0.137838).  Saving model ...
Epoch: 8 cost time: 0.07015037536621094
Epoch: 8, Steps: 17 | Train Loss: 2.212 Vali Loss: 2.193 Vali Acc: 0.138 Test Loss: 2.187 Test Acc: 0.138
Validation loss decreased (-0.137838 --> -0.137838).  Saving model ...
Epoch: 9 cost time: 0.07669973373413086
Epoch: 9, Steps: 17 | Train Loss: 2.212 Vali Loss: 2.192 Vali Acc: 0.141 Test Loss: 2.199 Test Acc: 0.141
Validation loss decreased (-0.137838 --> -0.140541).  Saving model ...
Epoch: 10 cost time: 0.07442593574523926
Epoch: 10, Steps: 17 | Train Loss: 2.211 Vali Loss: 2.187 Vali Acc: 0.141 Test Loss: 2.195 Test Acc: 0.141
Validation loss decreased (-0.140541 --> -0.140541).  Saving model ...
Epoch: 11 cost time: 0.07860350608825684
Epoch: 11, Steps: 17 | Train Loss: 2.211 Vali Loss: 2.188 Vali Acc: 0.143 Test Loss: 2.191 Test Acc: 0.143
Validation loss decreased (-0.140541 --> -0.143243).  Saving model ...
Epoch: 12 cost time: 0.07882308959960938
Epoch: 12, Steps: 17 | Train Loss: 2.211 Vali Loss: 2.183 Vali Acc: 0.143 Test Loss: 2.190 Test Acc: 0.143
Validation loss decreased (-0.143243 --> -0.143243).  Saving model ...
Epoch: 13 cost time: 0.07709288597106934
Epoch: 13, Steps: 17 | Train Loss: 2.210 Vali Loss: 2.187 Vali Acc: 0.143 Test Loss: 2.188 Test Acc: 0.143
Validation loss decreased (-0.143243 --> -0.143243).  Saving model ...
Epoch: 14 cost time: 0.07824063301086426
Epoch: 14, Steps: 17 | Train Loss: 2.210 Vali Loss: 2.195 Vali Acc: 0.146 Test Loss: 2.195 Test Acc: 0.146
Validation loss decreased (-0.143243 --> -0.145946).  Saving model ...
Epoch: 15 cost time: 0.08233761787414551
Epoch: 15, Steps: 17 | Train Loss: 2.209 Vali Loss: 2.184 Vali Acc: 0.146 Test Loss: 2.190 Test Acc: 0.146
Validation loss decreased (-0.145946 --> -0.145946).  Saving model ...
Epoch: 16 cost time: 0.07572364807128906
Epoch: 16, Steps: 17 | Train Loss: 2.209 Vali Loss: 2.189 Vali Acc: 0.149 Test Loss: 2.194 Test Acc: 0.149
Validation loss decreased (-0.145946 --> -0.148649).  Saving model ...
Epoch: 17 cost time: 0.07734084129333496
Epoch: 17, Steps: 17 | Train Loss: 2.209 Vali Loss: 2.190 Vali Acc: 0.151 Test Loss: 2.195 Test Acc: 0.151
Validation loss decreased (-0.148649 --> -0.151351).  Saving model ...
Epoch: 18 cost time: 0.07654380798339844
Epoch: 18, Steps: 17 | Train Loss: 2.210 Vali Loss: 2.192 Vali Acc: 0.151 Test Loss: 2.188 Test Acc: 0.151
Validation loss decreased (-0.151351 --> -0.151351).  Saving model ...
Epoch: 19 cost time: 0.07816886901855469
Epoch: 19, Steps: 17 | Train Loss: 2.208 Vali Loss: 2.193 Vali Acc: 0.154 Test Loss: 2.184 Test Acc: 0.154
Validation loss decreased (-0.151351 --> -0.154054).  Saving model ...
Epoch: 20 cost time: 0.07821321487426758
Epoch: 20, Steps: 17 | Train Loss: 2.208 Vali Loss: 2.182 Vali Acc: 0.154 Test Loss: 2.182 Test Acc: 0.154
Validation loss decreased (-0.154054 --> -0.154054).  Saving model ...
Epoch: 21 cost time: 0.08008956909179688
Epoch: 21, Steps: 17 | Train Loss: 2.208 Vali Loss: 2.190 Vali Acc: 0.154 Test Loss: 2.182 Test Acc: 0.154
Validation loss decreased (-0.154054 --> -0.154054).  Saving model ...
Epoch: 22 cost time: 0.07361292839050293
Epoch: 22, Steps: 17 | Train Loss: 2.208 Vali Loss: 2.187 Vali Acc: 0.154 Test Loss: 2.191 Test Acc: 0.154
Validation loss decreased (-0.154054 --> -0.154054).  Saving model ...
Epoch: 23 cost time: 0.07521581649780273
Epoch: 23, Steps: 17 | Train Loss: 2.208 Vali Loss: 2.190 Vali Acc: 0.154 Test Loss: 2.195 Test Acc: 0.154
Validation loss decreased (-0.154054 --> -0.154054).  Saving model ...
Epoch: 24 cost time: 0.08051085472106934
Epoch: 24, Steps: 17 | Train Loss: 2.207 Vali Loss: 2.197 Vali Acc: 0.154 Test Loss: 2.181 Test Acc: 0.154
Validation loss decreased (-0.154054 --> -0.154054).  Saving model ...
Epoch: 25 cost time: 0.07911825180053711
Epoch: 25, Steps: 17 | Train Loss: 2.207 Vali Loss: 2.181 Vali Acc: 0.154 Test Loss: 2.189 Test Acc: 0.154
Validation loss decreased (-0.154054 --> -0.154054).  Saving model ...
Epoch: 26 cost time: 0.08671760559082031
Epoch: 26, Steps: 17 | Train Loss: 2.207 Vali Loss: 2.188 Vali Acc: 0.154 Test Loss: 2.184 Test Acc: 0.154
Validation loss decreased (-0.154054 --> -0.154054).  Saving model ...
Epoch: 27 cost time: 0.07588934898376465
Epoch: 27, Steps: 17 | Train Loss: 2.206 Vali Loss: 2.181 Vali Acc: 0.154 Test Loss: 2.185 Test Acc: 0.154
Validation loss decreased (-0.154054 --> -0.154054).  Saving model ...
Epoch: 28 cost time: 0.07810735702514648
Epoch: 28, Steps: 17 | Train Loss: 2.206 Vali Loss: 2.187 Vali Acc: 0.154 Test Loss: 2.190 Test Acc: 0.154
Validation loss decreased (-0.154054 --> -0.154054).  Saving model ...
Epoch: 29 cost time: 0.07712078094482422
Epoch: 29, Steps: 17 | Train Loss: 2.206 Vali Loss: 2.181 Vali Acc: 0.159 Test Loss: 2.190 Test Acc: 0.159
Validation loss decreased (-0.154054 --> -0.159459).  Saving model ...
Epoch: 30 cost time: 0.0785832405090332
Epoch: 30, Steps: 17 | Train Loss: 2.206 Vali Loss: 2.188 Vali Acc: 0.159 Test Loss: 2.190 Test Acc: 0.159
Validation loss decreased (-0.159459 --> -0.159459).  Saving model ...
>>>>>>>testing : classification_CLSP_JapaneseVowels_stats_none_SparseTSFPlus_UEA_sl96_pl0_dm16_nh8_el2_dl1_df32_fc1_ebtimeF_dtTrue_ClsP_0<<<<<<<<<<<<<<<<<<<<<<<<<<<<<<<<<
370
TEST 370
test shape: torch.Size([370, 9]) torch.Size([370, 1])
accuracy:0.15945945945945947
