Args in experiment:
Namespace(activation='gelu', anomaly_ratio=0.25, batch_size=16, c_out=7, channel_independence=1, checkpoints='./checkpoints/', comment='none', d_ff=32, d_layers=1, d_model=16, data='UEA', data_path='ETTh1.csv', dec_in=7, decomp_method='moving_avg', des='ClsP', devices='0,1', distil=True, down_sampling_layers=0, down_sampling_method='avg', down_sampling_window=1, drop_last=True, dropout=0.1, e_layers=2, embed='timeF', emissions_file='emissions.csv', emissions_output_dir='.', enc_in=1, factor=1, features='M', freq='h', gpu=0, inverse=False, is_training=1, itr=1, label_len=48, learning_rate=0.001, loss='MSE', lradj='TST', mask_rate=0.125, model='SparseTSFPlus', model_id='CLSP_JapaneseVowels_segpool', model_type='linear', moving_avg=25, n_heads=8, num_kernels=6, num_workers=0, output_attention=False, p_hidden_dims=[128, 128], p_hidden_layers=2, patience=10, pct_start=0.2, percent=100, period_len=1, pred_len=0, root_path='<workspace>\\dataset\\JapaneseVowels', seasonal_patterns='Monthly', seq_len=96, stsf_cls_head='segpool', stsf_cls_segments=8, stsf_decomp='off', stsf_decomp_kernel=25, stsf_diag_mask=0, stsf_impute_passes=1, stsf_linear_bias=0, stsf_mask_conv=0, stsf_pad_fold=0, stsf_periods='', stsf_phase_kernel=3, stsf_phase_mix='off', stsf_phase_rank=0, stsf_revin=0, stsf_revin_affine=0, target='OT', task_name='classification', top_k=5, track_emissions=0, train_epochs=30, use_amp=False, use_future_temporal_feature=0, use_gpu=True, use_multi_gpu=False, use_norm=1)
Use GPU: cuda:0
270
TRAIN 270
370
TEST 370
trainable_params:874
units:cls_head=segpool
>>>>>>>start training : classification_CLSP_JapaneseVowels_segpool_none_SparseTSFPlus_UEA_sl96_pl0_dm16_nh8_el2_dl1_df32_fc1_ebtimeF_dtTrue_ClsP_0>>>>>>>>>>>>>>>>>>>>>>>>>>
270
TRAIN 270
370
TEST 370
370
TEST 370
Epoch: 1 cost time: 2.0737030506134033
Epoch: 1, Steps: 17 | Train Loss: 2.201 Vali Loss: 2.214 Vali Acc: 0.062 Test Loss: 2.216 Test Acc: 0.062
Validation loss decreased (inf --> -0.062162).  Saving model ...
Epoch: 2 cost time: 0.06691813468933105
Epoch: 2, Steps: 17 | Train Loss: 2.201 Vali Loss: 2.211 Vali Acc: 0.065 Test Loss: 2.213 Test Acc: 0.065
Validation loss decreased (-0.062162 --> -0.064865).  Saving model ...
Epoch: 3 cost time: 0.07364940643310547
Epoch: 3, Steps: 17 | Train Loss: 2.199 Vali Loss: 2.212 Vali Acc: 0.068 Test Loss: 2.211 Test Acc: 0.068
Validation loss decreased (-0.064865 --> -0.067568).  Saving model ...
Epoch: 4 cost time: 0.06872439384460449
Epoch: 4, Steps: 17 | Train Loss: 2.199 Vali Loss: 2.212 Vali Acc: 0.068 Test Loss: 2.211 Test Acc: 0.068
Validation loss decreased (-0.067568 --> -0.067568).  Saving model ...
Epoch: 5 cost time: 0.06611037254333496
Epoch: 5, Steps: 17 | Train Loss: 2.198 Vali Loss: 2.210 Vali Acc: 0.068 Test Loss: 2.209 Test Acc: 0.068
Validation loss decreased (-0.067568 --> -0.067568).  Saving model ...
Epoch: 6 cost time: 0.06984162330627441
Epoch: 6, Steps: 17 | Train Loss: 2.198 Vali Loss: 2.209 Vali Acc: 0.073 Test Loss: 2.209 Test Acc: 0.073
Validation loss decreased (-0.067568 --> -0.072973).  Saving model ...
Epoch: 7 cost time: 0.0692598819732666
Epoch: 7, Steps: 17 | Train Loss: 2.197 Vali Loss: 2.211 Vali Acc: 0.073 Test Loss: 2.208 Test Acc: 0.073
Validation loss decreased (-0.072973 --> -0.072973).  Saving model ...
Epoch: 8 cost time: 0.06876206398010254
Epoch: 8, Steps: 17 | Train Loss: 2.197 Vali Loss: 2.205 Vali Acc: 0.073 Test Loss: 2.208 Test Acc: 0.073
Validation loss decreased (-0.072973 --> -0.072973).  Saving model ...
Epoch: 9 cost time: 0.06793379783630371
Epoch: 9, Steps: 17 | Train Loss: 2.195 Vali Loss: 2.207 Vali Acc: 0.073 Test Loss: 2.208 Test Acc: 0.073
Validation loss decreased (-0.072973 --> -0.072973).  Saving model ...
Epoch: 10 cost time: 0.07231283187866211
Epoch: 10, Steps: 17 | Train Loss: 2.195 Vali Loss: 2.206 Vali Acc: 0.076 Test Loss: 2.206 Test Acc: 0.076
Validation loss decreased (-0.072973 --> -0.075676).  Saving model ...
Epoch: 11 cost time: 0.07373476028442383
Epoch: 11, Steps: 17 | Train Loss: 2.193 Vali Loss: 2.206 Vali Acc: 0.078 Test Loss: 2.202 Test Acc: 0.078
Validation loss decreased (-0.075676 --> -0.078378).  Saving model ...
Epoch: 12 cost time: 0.06672811508178711
Epoch: 12, Steps: 17 | Train Loss: 2.192 Vali Loss: 2.206 Vali Acc: 0.078 Test Loss: 2.205 Test Acc: 0.078
Validation loss decreased (-0.078378 --> -0.078378).  Saving model ...
Epoch: 13 cost time: 0.06847071647644043
Epoch: 13, Steps: 17 | Train Loss: 2.191 Vali Loss: 2.202 Vali Acc: 0.078 Test Loss: 2.204 Test Acc: 0.078
Validation loss decreased (-0.078378 --> -0.078378).  Saving model ...
Epoch: 14 cost time: 0.07151436805725098
Epoch: 14, Steps: 17 | Train Loss: 2.191 Vali Loss: 2.203 Vali Acc: 0.078 Test Loss: 2.204 Test Acc: 0.078
Validation loss decreased (-0.078378 --> -0.078378).  Saving model ...
Epoch: 15 cost time: 0.07132840156555176
Epoch: 15, Steps: 17 | Train Loss: 2.190 Vali Loss: 2.203 Vali Acc: 0.081 Test Loss: 2.203 Test Acc: 0.081
Validation loss decreased (-0.078378 --> -0.081081).  Saving model ...
Epoch: 16 cost time: 0.06486010551452637
Epoch: 16, Steps: 17 | Train Loss: 2.189 Vali Loss: 2.204 Vali Acc: 0.081 Test Loss: 2.201 Test Acc: 0.081
Validation loss decreased (-0.081081 --> -0.081081).  Saving model ...
Epoch: 17 cost time: 0.07176542282104492
Epoch: 17, Steps: 17 | Train Loss: 2.189 Vali Loss: 2.201 Vali Acc: 0.084 Test Loss: 2.202 Test Acc: 0.084
Validation loss decreased (-0.081081 --> -0.083784).  Saving model ...
Epoch: 18 cost time: 0.07763862609863281
Epoch: 18, Steps: 17 | Train Loss: 2.187 Vali Loss: 2.197 Vali Acc: 0.086 Test Loss: 2.198 Test Acc: 0.086
Validation loss decreased (-0.083784 --> -0.086486).  Saving model ...
Epoch: 19 cost time: 0.0704033374786377
Epoch: 19, Steps: 17 | Train Loss: 2.186 Vali Loss: 2.199 Vali Acc: 0.086 Test Loss: 2.200 Test Acc: 0.086
Validation loss decreased (-0.086486 --> -0.086486).  Saving model ...
Epoch: 20 cost time: 0.07620906829833984
Epoch: 20, Steps: 17 | Train Loss: 2.186 Vali Loss: 2.196 Vali Acc: 0.086 Test Loss: 2.198 Test Acc: 0.086
Validation loss decreased (-0.086486 --> -0.086486).  Saving model ...
Epoch: 21 cost time: 0.06748342514038086
Epoch: 21, Steps: 17 | Train Loss: 2.184 Vali Loss: 2.200 Vali Acc: 0.092 Test Loss: 2.195 Test Acc: 0.092
Validation loss decreased (-0.086486 --> -0.091892).  Saving model ...
Epoch: 22 cost time: 0.0691366195678711
Epoch: 22, Steps: 17 | Train Loss: 2.184 Vali Loss: 2.198 Vali Acc: 0.095 Test Loss: 2.195 Test Acc: 0.095
Validation loss decreased (-0.091892 --> -0.094595).  Saving model ...
Epoch: 23 cost time: 0.06932854652404785
Epoch: 23, Steps: 17 | Train Loss: 2.183 Vali Loss: 2.195 Vali Acc: 0.100 Test Loss: 2.197 Test Acc: 0.100
Validation loss decreased (-0.094595 --> -0.100000).  Saving model ...
Epoch: 24 cost time: 0.0692448616027832
Epoch: 24, Steps: 17 | Train Loss: 2.181 Vali Loss: 2.193 Vali Acc: 0.100 Test Loss: 2.192 Test Acc: 0.100
Validation loss decreased (-0.100000 --> -0.100000).  Saving model ...
Epoch: 25 cost time: 0.06659555435180664
Epoch: 25, Steps: 17 | Train Loss: 2.181 Vali Loss: 2.193 Vali Acc: 0.100 Test Loss: 2.197 Test Acc: 0.100
Validation loss decreased (-0.100000 --> -0.100000).  Saving model ...
Epoch: 26 cost time: 0.09678769111633301
Epoch: 26, Steps: 17 | Train Loss: 2.180 Vali Loss: 2.192 Vali Acc: 0.100 Test Loss: 2.190 Test Acc: 0.100
Validation loss decreased (-0.100000 --> -0.100000).  Saving model ...
Epoch: 27 cost time: 0.06809639930725098
Epoch: 27, Steps: 17 | Train Loss: 2.179 Vali Loss: 2.193 Vali Acc: 0.103 Test Loss: 2.194 Test Acc: 0.103
Validation loss decreased (-0.100000 --> -0.102703).  Saving model ...
Epoch: 28 cost time: 0.06712603569030762
Epoch: 28, Steps: 17 | Train Loss: 2.179 Vali Loss: 2.190 Vali Acc: 0.108 Test Loss: 2.192 Test Acc: 0.108
Validation loss decreased (-0.102703 --> -0.108108).  Saving model ...
Epoch: 29 cost time: 0.07321810722351074
Epoch: 29, Steps: 17 | Train Loss: 2.177 Vali Loss: 2.189 Vali Acc: 0.119 Test Loss: 2.190 Test Acc: 0.119
Validation loss decreased (-0.108108 --> -0.118919).  Saving model ...
Epoch: 30 cost time: 0.07085466384887695
Epoch: 30, Steps: 17 | Train Loss: 2.177 Vali Loss: 2.188 Vali Acc: 0.122 Test Loss: 2.188 Test Acc: 0.122
Validation loss decreased (-0.118919 --> -0.121622).  Saving model ...
>>>>>>>testing : classification_CLSP_JapaneseVowels_segpool_none_SparseTSFPlus_UEA_sl96_pl0_dm16_nh8_el2_dl1_df32_fc1_ebtimeF_dtTrue_ClsP_0<<<<<<<<<<<<<<<<<<<<<<<<<<<<<<<<<
370
TEST 370
test shape: torch.Size([370, 9]) torch.Size([370, 1])
accuracy:0.12162162162162163
