Args in experiment:
Namespace(activation='gelu', anomaly_ratio=0.25, batch_size=16, c_out=7, channel_independence=1, checkpoints='./checkpoints/', comment='none', d_ff=32, d_layers=1, d_model=16, data='UEA', data_path='ETTh1.csv', dec_in=7, decomp_method='moving_avg', des='ClsP', devices='0,1', distil=True, down_sampling_layers=0, down_sampling_method='avg', down_sampling_window=1, drop_last=True, dropout=0.1, e_layers=2, embed='timeF', emissions_file='emissions.csv', emissions_output_dir='.', enc_in=1, factor=1, features='M', freq='h', gpu=0, inverse=False, is_training=1, itr=1, label_len=48, learning_rate=0.001, loss='MSE', lradj='TST', mask_rate=0.125, model='SparseTSFPlus', model_id='CLSP_JapaneseVowels_flatfix', model_type='linear', moving_avg=25, n_heads=8, num_kernels=6, num_workers=0, output_attention=False, p_hidden_dims=[128, 128], p_hidden_layers=2, patience=10, pct_start=0.2, percent=100, period_len=1, pred_len=0, root_path='<workspace>\\dataset\\JapaneseVowels', seasonal_patterns='Monthly', seq_len=96, stsf_cls_head='flat_fixed', stsf_cls_segments=8, stsf_decomp='off', stsf_decomp_kernel=25, stsf_diag_mask=0, stsf_impute_passes=1, stsf_linear_bias=0, stsf_mask_conv=0, stsf_pad_fold=0, stsf_periods='', stsf_phase_kernel=3, stsf_phase_mix='off', stsf_phase_rank=0, stsf_revin=0, stsf_revin_affine=0, target='OT', task_name='classification', top_k=5, track_emissions=0, train_epochs=30, use_amp=False, use_future_temporal_feature=0, use_gpu=True, use_multi_gpu=False, use_norm=1)
Use GPU: cuda:0
270
TRAIN 270
370
TEST 370
trainable_params:3142
units:cls_head=flat_fixed
>>>>>>>start training : classification_CLSP_JapaneseVowels_flatfix_none_SparseTSFPlus_UEA_sl96_pl0_dm16_nh8_el2_dl1_df32_fc1_ebtimeF_dtTrue_ClsP_0>>>>>>>>>>>>>>>>>>>>>>>>>>
270
TRAIN 270
370
TEST 370
370
TEST 370
Epoch: 1 cost time: 1.9215490818023682
Epoch: 1, Steps: 17 | Train Loss: 2.196 Vali Loss: 2.188 Vali Acc: 0.192 Test Loss: 2.190 Test Acc: 0.192
Validation loss decreased (inf --> -0.191892).  Saving model ...
Epoch: 2 cost time: 0.056276559829711914
Epoch: 2, Steps: 17 | Train Loss: 2.193 Vali Loss: 2.186 Vali Acc: 0.208 Test Loss: 2.186 Test Acc: 0.208
Validation loss decreased (-0.191892 --> -0.208108).  Saving model ...
Epoch: 3 cost time: 0.06175422668457031
Epoch: 3, Steps: 17 | Train Loss: 2.190 Vali Loss: 2.184 Vali Acc: 0.246 Test Loss: 2.186 Test Acc: 0.246
Validation loss decreased (-0.208108 --> -0.245946).  Saving model ...
Epoch: 4 cost time: 0.059586524963378906
Epoch: 4, Steps: 17 | Train Loss: 2.188 Vali Loss: 2.183 Vali Acc: 0.278 Test Loss: 2.181 Test Acc: 0.278
Validation loss decreased (-0.245946 --> -0.278378).  Saving model ...
Epoch: 5 cost time: 0.05895733833312988
Epoch: 5, Steps: 17 | Train Loss: 2.185 Vali Loss: 2.178 Vali Acc: 0.289 Test Loss: 2.177 Test Acc: 0.289
Validation loss decreased (-0.278378 --> -0.289189).  Saving model ...
Epoch: 6 cost time: 0.05615663528442383
Epoch: 6, Steps: 17 | Train Loss: 2.183 Vali Loss: 2.179 Vali Acc: 0.300 Test Loss: 2.178 Test Acc: 0.300
Validation loss decreased (-0.289189 --> -0.300000).  Saving model ...
Epoch: 7 cost time: 0.059737205505371094
Epoch: 7, Steps: 17 | Train Loss: 2.180 Vali Loss: 2.175 Vali Acc: 0.319 Test Loss: 2.175 Test Acc: 0.319
Validation loss decreased (-0.300000 --> -0.318919).  Saving model ...
Epoch: 8 cost time: 0.05682563781738281
Epoch: 8, Steps: 17 | Train Loss: 2.178 Vali Loss: 2.174 Vali Acc: 0.327 Test Loss: 2.171 Test Acc: 0.327
Validation loss decreased (-0.318919 --> -0.327027).  Saving model ...
Epoch: 9 cost time: 0.06796598434448242
Epoch: 9, Steps: 17 | Train Loss: 2.175 Vali Loss: 2.170 Vali Acc: 0.351 Test Loss: 2.167 Test Acc: 0.351
Validation loss decreased (-0.327027 --> -0.351351).  Saving model ...
Epoch: 10 cost time: 0.06249523162841797
Epoch: 10, Steps: 17 | Train Loss: 2.173 Vali Loss: 2.165 Vali Acc: 0.357 Test Loss: 2.168 Test Acc: 0.357
Validation loss decreased (-0.351351 --> -0.356757).  Saving model ...
Epoch: 11 cost time: 0.060167789459228516
Epoch: 11, Steps: 17 | Train Loss: 2.170 Vali Loss: 2.163 Vali Acc: 0.359 Test Loss: 2.163 Test Acc: 0.359
Validation loss decreased (-0.356757 --> -0.359459).  Saving model ...
Epoch: 12 cost time: 0.06356978416442871
Epoch: 12, Steps: 17 | Train Loss: 2.168 Vali Loss: 2.160 Vali Acc: 0.381 Test Loss: 2.164 Test Acc: 0.381
Validation loss decreased (-0.359459 --> -0.381081).  Saving model ...
Epoch: 13 cost time: 0.059467315673828125
Epoch: 13, Steps: 17 | Train Loss: 2.165 Vali Loss: 2.158 Vali Acc: 0.384 Test Loss: 2.158 Test Acc: 0.384
Validation loss decreased (-0.381081 --> -0.383784).  Saving model ...
Epoch: 14 cost time: 0.061101675033569336
Epoch: 14, Steps: 17 | Train Loss: 2.162 Vali Loss: 2.159 Vali Acc: 0.395 Test Loss: 2.155 Test Acc: 0.395
Validation loss decreased (-0.383784 --> -0.394595).  Saving model ...
Epoch: 15 cost time: 0.06308221817016602
Epoch: 15, Steps: 17 | Train Loss: 2.160 Vali Loss: 2.154 Vali Acc: 0.408 Test Loss: 2.154 Test Acc: 0.408
Validation loss decreased (-0.394595 --> -0.408108).  Saving model ...
Epoch: 16 cost time: 0.06544899940490723
Epoch: 16, Steps: 17 | Train Loss: 2.155 Vali Loss: 2.152 Vali Acc: 0.416 Test Loss: 2.153 Test Acc: 0.416
Validation loss decreased (-0.408108 --> -0.416216).  Saving model ...
Epoch: 17 cost time: 0.06022477149963379
Epoch: 17, Steps: 17 | Train Loss: 2.154 Vali Loss: 2.152 Vali Acc: 0.414 Test Loss: 2.148 Test Acc: 0.414
EarlyStopping counter: 1 out of 10
Epoch: 18 cost time: 0.06375861167907715
Epoch: 18, Steps: 17 | Train Loss: 2.150 Vali Loss: 2.149 Vali Acc: 0.419 Test Loss: 2.144 Test Acc: 0.419
Validation loss decreased (-0.416216 --> -0.418919).  Saving model ...
Epoch: 19 cost time: 0.06270265579223633
Epoch: 19, Steps: 17 | Train Loss: 2.147 Vali Loss: 2.142 Vali Acc: 0.422 Test Loss: 2.144 Test Acc: 0.422
Validation loss decreased (-0.418919 --> -0.421622).  Saving model ...
Epoch: 20 cost time: 0.06413578987121582
Epoch: 20, Steps: 17 | Train Loss: 2.147 Vali Loss: 2.139 Vali Acc: 0.424 Test Loss: 2.143 Test Acc: 0.424
Validation loss decreased (-0.421622 --> -0.424324).  Saving model ...
Epoch: 21 cost time: 0.0671689510345459
Epoch: 21, Steps: 17 | Train Loss: 2.144 Vali Loss: 2.140 Vali Acc: 0.427 Test Loss: 2.139 Test Acc: 0.427
Validation loss decreased (-0.424324 --> -0.427027).  Saving model ...
Epoch: 22 cost time: 0.06111502647399902
Epoch: 22, Steps: 17 | Train Loss: 2.141 Vali Loss: 2.133 Vali Acc: 0.432 Test Loss: 2.137 Test Acc: 0.432
Validation loss decreased (-0.427027 --> -0.432432).  Saving model ...
Epoch: 23 cost time: 0.06110382080078125
Epoch: 23, Steps: 17 | Train Loss: 2.137 Vali Loss: 2.127 Vali Acc: 0.438 Test Loss: 2.132 Test Acc: 0.438
Validation loss decreased (-0.432432 --> -0.437838).  Saving model ...
Epoch: 24 cost time: 0.0635976791381836
Epoch: 24, Steps: 17 | Train Loss: 2.134 Vali Loss: 2.128 Vali Acc: 0.441 Test Loss: 2.131 Test Acc: 0.441
Validation loss decreased (-0.437838 --> -0.440541).  Saving model ...
Epoch: 25 cost time: 0.06579160690307617
Epoch: 25, Steps: 17 | Train Loss: 2.130 Vali Loss: 2.128 Vali Acc: 0.438 Test Loss: 2.130 Test Acc: 0.438
EarlyStopping counter: 1 out of 10
Epoch: 26 cost time: 0.06330609321594238
Epoch: 26, Steps: 17 | Train Loss: 2.129 Vali Loss: 2.128 Vali Acc: 0.438 Test Loss: 2.122 Test Acc: 0.438
EarlyStopping counter: 2 out of 10
Epoch: 27 cost time: 0.06201958656311035
Epoch: 27, Steps: 17 | Train Loss: 2.126 Vali Loss: 2.121 Vali Acc: 0.449 Test Loss: 2.121 Test Acc: 0.449
Validation loss decreased (-0.440541 --> -0.448649).  Saving model ...
Epoch: 28 cost time: 0.06614279747009277
Epoch: 28, Steps: 17 | Train Loss: 2.122 Vali Loss: 2.118 Vali Acc: 0.449 Test Loss: 2.121 Test Acc: 0.449
Validation loss decreased (-0.448649 --> -0.448649).  Saving model ...
Epoch: 29 cost time: 0.06101417541503906
Epoch: 29, Steps: 17 | Train Loss: 2.120 Vali Loss: 2.113 Vali Acc: 0.451 Test Loss: 2.117 Test Acc: 0.451
Validation loss decreased (-0.448649 --> -0.451351).  Saving model ...
Epoch: 30 cost time: 0.06232094764709473
Epoch: 30, Steps: 17 | Train Loss: 2.118 Vali Loss: 2.115 Vali Acc: 0.454 Test Loss: 2.114 Test Acc: 0.454
Validation loss decreased (-0.451351 --> -0.454054).  Saving model ...
>>>>>>>testing : classification_CLSP_JapaneseVowels_flatfix_none_SparseTSFPlus_UEA_sl96_pl0_dm16_nh8_el2_dl1_df32_fc1_ebtimeF_dtTrue_ClsP_0<<<<<<<<<<<<<<<<<<<<<<<<<<<<<<<<<
370
TEST 370
test shape: torch.Size([370, 9]) torch.Size([370, 1])
accuracy:0.4540540540540541
