Args in experiment:
Namespace(activation='gelu', anomaly_ratio=0.25, batch_size=16, c_out=7, channel_independence=1, checkpoints='./checkpoints/', comment='none', d_ff=32, d_layers=1, d_model=16, data='UEA', data_path='ETTh1.csv', dec_in=7, decomp_method='moving_avg', des='ClsP', devices='0,1', distil=True, down_sampling_layers=0, down_sampling_method='avg', down_sampling_window=1, drop_last=True, dropout=0.1, e_layers=2, embed='timeF', emissions_file='emissions.csv', emissions_output_dir='.', enc_in=1, factor=1, features='M', freq='h', gpu=0, inverse=False, is_training=1, itr=1, label_len=48, learning_rate=0.001, loss='MSE', lradj='TST', mask_rate=0.125, model='SparseTSFPlus', model_id='CLSP_JapaneseVowels_segpool_p25', model_type='linear', moving_avg=25, n_heads=8, num_kernels=6, num_workers=0, output_attention=False, p_hidden_dims=[128, 128], p_hidden_layers=2, patience=10, pct_start=0.2, percent=100, period_len=25, pred_len=0, root_path='<workspace>\\dataset\\JapaneseVowels', seasonal_patterns='Monthly', seq_len=96, stsf_cls_head='segpool', stsf_cls_segments=8, stsf_decomp='off', stsf_decomp_kernel=25, stsf_diag_mask=0, stsf_impute_passes=1, stsf_linear_bias=0, stsf_mask_conv=0, stsf_pad_fold=0, stsf_periods='', stsf_phase_kernel=3, stsf_phase_mix='off', stsf_phase_rank=0, stsf_revin=0, stsf_revin_affine=0, target='OT', task_name='classification', top_k=5, track_emissions=0, train_epochs=30, use_amp=False, use_future_temporal_feature=0, use_gpu=True, use_multi_gpu=False, use_norm=1)
Use GPU: cuda:0
270
TRAIN 270
370
TEST 370
trainable_params:898
units:cls_head=segpool
>>>>>>>start training : classification_CLSP_JapaneseVowels_segpool_p25_none_SparseTSFPlus_UEA_sl96_pl0_dm16_nh8_el2_dl1_df32_fc1_ebtimeF_dtTrue_ClsP_0>>>>>>>>>>>>>>>>>>>>>>>>>>
270
TRAIN 270
370
TEST 370
370
TEST 370
Epoch: 1 cost time: 2.12845516204834
Epoch: 1, Steps: 17 | Train Loss: 2.244 Vali Loss: 2.226 Vali Acc: 0.084 Test Loss: 2.227 Test Acc: 0.084
Validation loss decreased (inf --> -0.083784).  Saving model ...
Epoch: 2 cost time: 0.07328248023986816
Epoch: 2, Steps: 17 | Train Loss: 2.234 Vali Loss: 2.226 Vali Acc: 0.089 Test Loss: 2.228 Test Acc: 0.089
Validation loss decreased (-0.083784 --> -0.089189).  Saving model ...
Epoch: 3 cost time: 0.07123398780822754
Epoch: 3, Steps: 17 | Train Loss: 2.228 Vali Loss: 2.226 Vali Acc: 0.089 Test Loss: 2.230 Test Acc: 0.089
Validation loss decreased (-0.089189 --> -0.089189).  Saving model ...
Epoch: 4 cost time: 0.07883524894714355
Epoch: 4, Steps: 17 | Train Loss: 2.229 Vali Loss: 2.220 Vali Acc: 0.089 Test Loss: 2.225 Test Acc: 0.089
Validation loss decreased (-0.089189 --> -0.089189).  Saving model ...
Epoch: 5 cost time: 0.07671952247619629
Epoch: 5, Steps: 17 | Train Loss: 2.224 Vali Loss: 2.218 Vali Acc: 0.095 Test Loss: 2.218 Test Acc: 0.095
Validation loss decreased (-0.089189 --> -0.094595).  Saving model ...
Epoch: 6 cost time: 0.07436084747314453
Epoch: 6, Steps: 17 | Train Loss: 2.222 Vali Loss: 2.215 Vali Acc: 0.097 Test Loss: 2.220 Test Acc: 0.097
Validation loss decreased (-0.094595 --> -0.097297).  Saving model ...
Epoch: 7 cost time: 0.07586359977722168
Epoch: 7, Steps: 17 | Train Loss: 2.218 Vali Loss: 2.218 Vali Acc: 0.103 Test Loss: 2.215 Test Acc: 0.103
Validation loss decreased (-0.097297 --> -0.102703).  Saving model ...
Epoch: 8 cost time: 0.06477594375610352
Epoch: 8, Steps: 17 | Train Loss: 2.215 Vali Loss: 2.211 Vali Acc: 0.105 Test Loss: 2.211 Test Acc: 0.105
Validation loss decreased (-0.102703 --> -0.105405).  Saving model ...
Epoch: 9 cost time: 0.06823897361755371
Epoch: 9, Steps: 17 | Train Loss: 2.212 Vali Loss: 2.207 Vali Acc: 0.105 Test Loss: 2.203 Test Acc: 0.105
Validation loss decreased (-0.105405 --> -0.105405).  Saving model ...
Epoch: 10 cost time: 0.07039260864257812
Epoch: 10, Steps: 17 | Train Loss: 2.209 Vali Loss: 2.201 Vali Acc: 0.105 Test Loss: 2.205 Test Acc: 0.105
Validation loss decreased (-0.105405 --> -0.105405).  Saving model ...
Epoch: 11 cost time: 0.06655240058898926
Epoch: 11, Steps: 17 | Train Loss: 2.206 Vali Loss: 2.201 Vali Acc: 0.108 Test Loss: 2.209 Test Acc: 0.108
Validation loss decreased (-0.105405 --> -0.108108).  Saving model ...
Epoch: 12 cost time: 0.06390547752380371
Epoch: 12, Steps: 17 | Train Loss: 2.210 Vali Loss: 2.199 Vali Acc: 0.114 Test Loss: 2.196 Test Acc: 0.114
Validation loss decreased (-0.108108 --> -0.113514).  Saving model ...
Epoch: 13 cost time: 0.06286430358886719
Epoch: 13, Steps: 17 | Train Loss: 2.201 Vali Loss: 2.199 Vali Acc: 0.122 Test Loss: 2.199 Test Acc: 0.122
Validation loss decreased (-0.113514 --> -0.121622).  Saving model ...
Epoch: 14 cost time: 0.06763005256652832
Epoch: 14, Steps: 17 | Train Loss: 2.203 Vali Loss: 2.198 Vali Acc: 0.130 Test Loss: 2.197 Test Acc: 0.130
Validation loss decreased (-0.121622 --> -0.129730).  Saving model ...
Epoch: 15 cost time: 0.06955528259277344
Epoch: 15, Steps: 17 | Train Loss: 2.200 Vali Loss: 2.198 Vali Acc: 0.135 Test Loss: 2.193 Test Acc: 0.135
Validation loss decreased (-0.129730 --> -0.135135).  Saving model ...
Epoch: 16 cost time: 0.07355117797851562
Epoch: 16, Steps: 17 | Train Loss: 2.194 Vali Loss: 2.184 Vali Acc: 0.132 Test Loss: 2.193 Test Acc: 0.132
EarlyStopping counter: 1 out of 10
Epoch: 17 cost time: 0.07025384902954102
Epoch: 17, Steps: 17 | Train Loss: 2.194 Vali Loss: 2.189 Vali Acc: 0.135 Test Loss: 2.194 Test Acc: 0.135
Validation loss decreased (-0.135135 --> -0.135135).  Saving model ...
Epoch: 18 cost time: 0.07302618026733398
Epoch: 18, Steps: 17 | Train Loss: 2.192 Vali Loss: 2.189 Vali Acc: 0.138 Test Loss: 2.179 Test Acc: 0.138
Validation loss decreased (-0.135135 --> -0.137838).  Saving model ...
Epoch: 19 cost time: 0.06590747833251953
Epoch: 19, Steps: 17 | Train Loss: 2.190 Vali Loss: 2.190 Vali Acc: 0.143 Test Loss: 2.192 Test Acc: 0.143
Validation loss decreased (-0.137838 --> -0.143243).  Saving model ...
Epoch: 20 cost time: 0.07034873962402344
Epoch: 20, Steps: 17 | Train Loss: 2.185 Vali Loss: 2.184 Vali Acc: 0.151 Test Loss: 2.190 Test Acc: 0.151
Validation loss decreased (-0.143243 --> -0.151351).  Saving model ...
Epoch: 21 cost time: 0.07026410102844238
Epoch: 21, Steps: 17 | Train Loss: 2.183 Vali Loss: 2.172 Vali Acc: 0.154 Test Loss: 2.185 Test Acc: 0.154
Validation loss decreased (-0.151351 --> -0.154054).  Saving model ...
Epoch: 22 cost time: 0.06805753707885742
Epoch: 22, Steps: 17 | Train Loss: 2.183 Vali Loss: 2.173 Vali Acc: 0.159 Test Loss: 2.178 Test Acc: 0.159
Validation loss decreased (-0.154054 --> -0.159459).  Saving model ...
Epoch: 23 cost time: 0.06818175315856934
Epoch: 23, Steps: 17 | Train Loss: 2.178 Vali Loss: 2.171 Vali Acc: 0.165 Test Loss: 2.179 Test Acc: 0.165
Validation loss decreased (-0.159459 --> -0.164865).  Saving model ...
Epoch: 24 cost time: 0.06348061561584473
Epoch: 24, Steps: 17 | Train Loss: 2.179 Vali Loss: 2.174 Vali Acc: 0.168 Test Loss: 2.167 Test Acc: 0.168
Validation loss decreased (-0.164865 --> -0.167568).  Saving model ...
Epoch: 25 cost time: 0.06584405899047852
Epoch: 25, Steps: 17 | Train Loss: 2.173 Vali Loss: 2.172 Vali Acc: 0.173 Test Loss: 2.167 Test Acc: 0.173
Validation loss decreased (-0.167568 --> -0.172973).  Saving model ...
Epoch: 26 cost time: 0.06779813766479492
Epoch: 26, Steps: 17 | Train Loss: 2.174 Vali Loss: 2.171 Vali Acc: 0.176 Test Loss: 2.169 Test Acc: 0.176
Validation loss decreased (-0.172973 --> -0.175676).  Saving model ...
Epoch: 27 cost time: 0.07173871994018555
Epoch: 27, Steps: 17 | Train Loss: 2.173 Vali Loss: 2.167 Vali Acc: 0.178 Test Loss: 2.169 Test Acc: 0.178
Validation loss decreased (-0.175676 --> -0.178378).  Saving model ...
Epoch: 28 cost time: 0.07404923439025879
Epoch: 28, Steps: 17 | Train Loss: 2.167 Vali Loss: 2.169 Vali Acc: 0.181 Test Loss: 2.160 Test Acc: 0.181
Validation loss decreased (-0.178378 --> -0.181081).  Saving model ...
Epoch: 29 cost time: 0.07406210899353027
Epoch: 29, Steps: 17 | Train Loss: 2.169 Vali Loss: 2.158 Vali Acc: 0.184 Test Loss: 2.159 Test Acc: 0.184
Validation loss decreased (-0.181081 --> -0.183784).  Saving model ...
Epoch: 30 cost time: 0.06494498252868652
Epoch: 30, Steps: 17 | Train Loss: 2.166 Vali Loss: 2.167 Vali Acc: 0.189 Test Loss: 2.166 Test Acc: 0.189
Validation loss decreased (-0.183784 --> -0.189189).  Saving model ...
>>>>>>>testing : classification_CLSP_JapaneseVowels_segpool_p25_none_SparseTSFPlus_UEA_sl96_pl0_dm16_nh8_el2_dl1_df32_fc1_ebtimeF_dtTrue_ClsP_0<<<<<<<<<<<<<<<<<<<<<<<<<<<<<<<<<
370
TEST 370
test shape: torch.Size([370, 9]) torch.Size([370, 1])
accuracy:0.1891891891891892
