Args in experiment:
Namespace(activation='gelu', anomaly_ratio=0.25, batch_size=16, c_out=7, channel_independence=1, checkpoints='./checkpoints/', comment='none', d_ff=32, d_layers=1, d_model=16, data='UEA', data_path='ETTh1.csv', dec_in=7, decomp_method='moving_avg', des='ClsP', devices='0,1', distil=True, down_sampling_layers=0, down_sampling_method='avg', down_sampling_window=1, drop_last=True, dropout=0.1, e_layers=2, embed='timeF', emissions_file='emissions.csv', emissions_output_dir='.', enc_in=1, factor=1, features='M', freq='h', gpu=0, inverse=False, is_training=1, itr=1, label_len=48, learning_rate=0.001, loss='MSE', lradj='TST', mask_rate=0.125, model='SparseTSFPlus', model_id='CLSP_PEMS-SF_flatfix', model_type='linear', moving_avg=25, n_heads=8, num_kernels=6, num_workers=0, output_attention=False, p_hidden_dims=[128, 128], p_hidden_layers=2, patience=10, pct_start=0.2, percent=100, period_len=1, pred_len=0, root_path='<workspace>\\dataset\\PEMS-SF', seasonal_patterns='Monthly', seq_len=96, stsf_cls_head='flat_fixed', stsf_cls_segments=8, stsf_decomp='off', stsf_decomp_kernel=25, stsf_diag_mask=0, stsf_impute_passes=1, stsf_linear_bias=0, stsf_mask_conv=0, stsf_pad_fold=0, stsf_periods='', stsf_phase_kernel=3, stsf_phase_mix='off', stsf_phase_rank=0, stsf_revin=0, stsf_revin_affine=0, target='OT', task_name='classification', top_k=5, track_emissions=0, train_epochs=30, use_amp=False, use_future_temporal_feature=0, use_gpu=True, use_multi_gpu=False, use_norm=1)
Use GPU: cuda:0
267
TRAIN 267
173
TEST 173
trainable_params:970712
units:cls_head=flat_fixed
>>>>>>>start training : classification_CLSP_PEMS-SF_flatfix_none_SparseTSFPlus_UEA_sl96_pl0_dm16_nh8_el2_dl1_df32_fc1_ebtimeF_dtTrue_ClsP_0>>>>>>>>>>>>>>>>>>>>>>>>>>
267
TRAIN 267
173
TEST 173
173
TEST 173
Epoch: 1 cost time: 3.231783151626587
Epoch: 1, Steps: 17 | Train Loss: 1.720 Vali Loss: 1.535 Vali Acc: 0.283 Test Loss: 1.539 Test Acc: 0.283
Validation loss decreased (inf --> -0.283237).  Saving model ...
Epoch: 2 cost time: 0.577826738357544
Epoch: 2, Steps: 17 | Train Loss: 1.136 Vali Loss: 1.146 Vali Acc: 0.595 Test Loss: 1.142 Test Acc: 0.595
Validation loss decreased (-0.283237 --> -0.595376).  Saving model ...
Epoch: 3 cost time: 0.5805332660675049
Epoch: 3, Steps: 17 | Train Loss: 0.863 Vali Loss: 1.011 Vali Acc: 0.659 Test Loss: 1.011 Test Acc: 0.659
Validation loss decreased (-0.595376 --> -0.658960).  Saving model ...
Epoch: 4 cost time: 0.5835738182067871
Epoch: 4, Steps: 17 | Train Loss: 0.675 Vali Loss: 0.871 Vali Acc: 0.723 Test Loss: 0.878 Test Acc: 0.723
Validation loss decreased (-0.658960 --> -0.722543).  Saving model ...
Epoch: 5 cost time: 0.578174352645874
Epoch: 5, Steps: 17 | Train Loss: 0.533 Vali Loss: 0.779 Vali Acc: 0.786 Test Loss: 0.777 Test Acc: 0.786
Validation loss decreased (-0.722543 --> -0.786127).  Saving model ...
Epoch: 6 cost time: 0.5759525299072266
Epoch: 6, Steps: 17 | Train Loss: 0.404 Vali Loss: 0.705 Vali Acc: 0.786 Test Loss: 0.710 Test Acc: 0.786
Validation loss decreased (-0.786127 --> -0.786127).  Saving model ...
Epoch: 7 cost time: 0.5795586109161377
Epoch: 7, Steps: 17 | Train Loss: 0.315 Vali Loss: 0.651 Vali Acc: 0.821 Test Loss: 0.647 Test Acc: 0.821
Validation loss decreased (-0.786127 --> -0.820809).  Saving model ...
Epoch: 8 cost time: 0.5821566581726074
Epoch: 8, Steps: 17 | Train Loss: 0.244 Vali Loss: 0.596 Vali Acc: 0.815 Test Loss: 0.597 Test Acc: 0.815
EarlyStopping counter: 1 out of 10
Epoch: 9 cost time: 0.5762126445770264
Epoch: 9, Steps: 17 | Train Loss: 0.206 Vali Loss: 0.562 Vali Acc: 0.844 Test Loss: 0.556 Test Acc: 0.844
Validation loss decreased (-0.820809 --> -0.843931).  Saving model ...
Epoch: 10 cost time: 0.5766088962554932
Epoch: 10, Steps: 17 | Train Loss: 0.159 Vali Loss: 0.530 Vali Acc: 0.838 Test Loss: 0.537 Test Acc: 0.838
EarlyStopping counter: 1 out of 10
Epoch: 11 cost time: 0.5809051990509033
Epoch: 11, Steps: 17 | Train Loss: 0.125 Vali Loss: 0.511 Vali Acc: 0.815 Test Loss: 0.511 Test Acc: 0.815
EarlyStopping counter: 2 out of 10
Epoch: 12 cost time: 0.5814461708068848
Epoch: 12, Steps: 17 | Train Loss: 0.106 Vali Loss: 0.508 Vali Acc: 0.821 Test Loss: 0.508 Test Acc: 0.821
EarlyStopping counter: 3 out of 10
Epoch: 13 cost time: 0.5732424259185791
Epoch: 13, Steps: 17 | Train Loss: 0.088 Vali Loss: 0.483 Vali Acc: 0.827 Test Loss: 0.490 Test Acc: 0.827
EarlyStopping counter: 4 out of 10
Epoch: 14 cost time: 0.5757672786712646
Epoch: 14, Steps: 17 | Train Loss: 0.075 Vali Loss: 0.490 Vali Acc: 0.827 Test Loss: 0.488 Test Acc: 0.827
EarlyStopping counter: 5 out of 10
Epoch: 15 cost time: 0.5800397396087646
Epoch: 15, Steps: 17 | Train Loss: 0.064 Vali Loss: 0.461 Vali Acc: 0.844 Test Loss: 0.457 Test Acc: 0.844
Validation loss decreased (-0.843931 --> -0.843931).  Saving model ...
Epoch: 16 cost time: 0.5826354026794434
Epoch: 16, Steps: 17 | Train Loss: 0.055 Vali Loss: 0.463 Vali Acc: 0.821 Test Loss: 0.462 Test Acc: 0.821
EarlyStopping counter: 1 out of 10
Epoch: 17 cost time: 0.5787112712860107
Epoch: 17, Steps: 17 | Train Loss: 0.046 Vali Loss: 0.468 Vali Acc: 0.821 Test Loss: 0.457 Test Acc: 0.821
EarlyStopping counter: 2 out of 10
Epoch: 18 cost time: 0.5790388584136963
Epoch: 18, Steps: 17 | Train Loss: 0.041 Vali Loss: 0.460 Vali Acc: 0.815 Test Loss: 0.447 Test Acc: 0.815
EarlyStopping counter: 3 out of 10
Epoch: 19 cost time: 0.5730311870574951
Epoch: 19, Steps: 17 | Train Loss: 0.037 Vali Loss: 0.449 Vali Acc: 0.821 Test Loss: 0.443 Test Acc: 0.821
EarlyStopping counter: 4 out of 10
Epoch: 20 cost time: 0.5748100280761719
Epoch: 20, Steps: 17 | Train Loss: 0.034 Vali Loss: 0.441 Vali Acc: 0.821 Test Loss: 0.445 Test Acc: 0.821
EarlyStopping counter: 5 out of 10
Epoch: 21 cost time: 0.5749518871307373
Epoch: 21, Steps: 17 | Train Loss: 0.031 Vali Loss: 0.443 Vali Acc: 0.809 Test Loss: 0.446 Test Acc: 0.809
EarlyStopping counter: 6 out of 10
Epoch: 22 cost time: 0.5742120742797852
Epoch: 22, Steps: 17 | Train Loss: 0.028 Vali Loss: 0.441 Vali Acc: 0.815 Test Loss: 0.437 Test Acc: 0.815
EarlyStopping counter: 7 out of 10
Epoch: 23 cost time: 0.5770931243896484
Epoch: 23, Steps: 17 | Train Loss: 0.026 Vali Loss: 0.441 Vali Acc: 0.844 Test Loss: 0.437 Test Acc: 0.844
Validation loss decreased (-0.843931 --> -0.843931).  Saving model ...
Epoch: 24 cost time: 0.5836169719696045
Epoch: 24, Steps: 17 | Train Loss: 0.024 Vali Loss: 0.433 Vali Acc: 0.827 Test Loss: 0.438 Test Acc: 0.827
EarlyStopping counter: 1 out of 10
Epoch: 25 cost time: 0.5780258178710938
Epoch: 25, Steps: 17 | Train Loss: 0.022 Vali Loss: 0.427 Vali Acc: 0.815 Test Loss: 0.432 Test Acc: 0.815
EarlyStopping counter: 2 out of 10
Epoch: 26 cost time: 0.5760421752929688
Epoch: 26, Steps: 17 | Train Loss: 0.021 Vali Loss: 0.433 Vali Acc: 0.827 Test Loss: 0.429 Test Acc: 0.827
EarlyStopping counter: 3 out of 10
Epoch: 27 cost time: 0.5786800384521484
Epoch: 27, Steps: 17 | Train Loss: 0.020 Vali Loss: 0.428 Vali Acc: 0.803 Test Loss: 0.426 Test Acc: 0.803
EarlyStopping counter: 4 out of 10
Epoch: 28 cost time: 0.5710344314575195
Epoch: 28, Steps: 17 | Train Loss: 0.018 Vali Loss: 0.431 Vali Acc: 0.815 Test Loss: 0.426 Test Acc: 0.815
EarlyStopping counter: 5 out of 10
Epoch: 29 cost time: 0.5786097049713135
Epoch: 29, Steps: 17 | Train Loss: 0.017 Vali Loss: 0.431 Vali Acc: 0.803 Test Loss: 0.428 Test Acc: 0.803
EarlyStopping counter: 6 out of 10
Epoch: 30 cost time: 0.5764214992523193
Epoch: 30, Steps: 17 | Train Loss: 0.016 Vali Loss: 0.436 Vali Acc: 0.809 Test Loss: 0.431 Test Acc: 0.809
EarlyStopping counter: 7 out of 10
>>>>>>>testing : classification_CLSP_PEMS-SF_flatfix_none_SparseTSFPlus_UEA_sl96_pl0_dm16_nh8_el2_dl1_df32_fc1_ebtimeF_dtTrue_ClsP_0<<<<<<<<<<<<<<<<<<<<<<<<<<<<<<<<<
173
TEST 173
test shape: torch.Size([173, 7]) torch.Size([173, 1])
accuracy:0.8439306358381503
