Args in experiment:
Namespace(activation='gelu', anomaly_ratio=0.25, batch_size=16, c_out=7, channel_independence=1, checkpoints='./checkpoints/', comment='none', d_ff=32, d_layers=1, d_model=16, data='UEA', data_path='ETTh1.csv', dec_in=7, decomp_method='moving_avg', des='ClsP', devices='0,1', distil=True, down_sampling_layers=0, down_sampling_method='avg', down_sampling_window=1, drop_last=True, dropout=0.1, e_layers=2, embed='timeF', emissions_file='emissions.csv', emissions_output_dir='.', enc_in=1, factor=1, features='M', freq='h', gpu=0, inverse=False, is_training=1, itr=1, label_len=48, learning_rate=0.001, loss='MSE', lradj='TST', mask_rate=0.125, model='SparseTSFPlus', model_id='CLSP_SelfRegulationSCP2_stats_p25', model_type='linear', moving_avg=25, n_heads=8, num_kernels=6, num_workers=0, output_attention=False, p_hidden_dims=[128, 128], p_hidden_layers=2, patience=10, pct_start=0.2, percent=100, period_len=25, pred_len=0, root_path='<workspace>\\dataset\\SelfRegulationSCP2', seasonal_patterns='Monthly', seq_len=96, stsf_cls_head='stats', stsf_cls_segments=8, stsf_decomp='off', stsf_decomp_kernel=25, stsf_diag_mask=0, stsf_impute_passes=1, stsf_linear_bias=0, stsf_mask_conv=0, stsf_pad_fold=0, stsf_periods='', stsf_phase_kernel=3, stsf_phase_mix='off', stsf_phase_rank=0, stsf_revin=0, stsf_revin_affine=0, target='OT', task_name='classification', top_k=5, track_emissions=0, train_epochs=30, use_amp=False, use_future_temporal_feature=0, use_gpu=True, use_multi_gpu=False, use_norm=1)
Use GPU: cuda:0
200
TRAIN 200
180
TEST 180
trainable_params:69
units:cls_head=stats
>>>>>>>start training : classification_CLSP_SelfRegulationSCP2_stats_p25_none_SparseTSFPlus_UEA_sl96_pl0_dm16_nh8_el2_dl1_df32_fc1_ebtimeF_dtTrue_ClsP_0>>>>>>>>>>>>>>>>>>>>>>>>>>
200
TRAIN 200
180
TEST 180
180
TEST 180
Epoch: 1 cost time: 2.0351786613464355
Epoch: 1, Steps: 13 | Train Loss: 0.761 Vali Loss: 0.730 Vali Acc: 0.500 Test Loss: 0.746 Test Acc: 0.500
Validation loss decreased (inf --> -0.500000).  Saving model ...
Epoch: 2 cost time: 0.06812000274658203
Epoch: 2, Steps: 13 | Train Loss: 0.748 Vali Loss: 0.724 Vali Acc: 0.500 Test Loss: 0.724 Test Acc: 0.500
Validation loss decreased (-0.500000 --> -0.500000).  Saving model ...
Epoch: 3 cost time: 0.06708598136901855
Epoch: 3, Steps: 13 | Train Loss: 0.753 Vali Loss: 0.717 Vali Acc: 0.500 Test Loss: 0.716 Test Acc: 0.500
Validation loss decreased (-0.500000 --> -0.500000).  Saving model ...
Epoch: 4 cost time: 0.06305646896362305
Epoch: 4, Steps: 13 | Train Loss: 0.757 Vali Loss: 0.709 Vali Acc: 0.500 Test Loss: 0.722 Test Acc: 0.500
Validation loss decreased (-0.500000 --> -0.500000).  Saving model ...
Epoch: 5 cost time: 0.07994461059570312
Epoch: 5, Steps: 13 | Train Loss: 0.744 Vali Loss: 0.710 Vali Acc: 0.500 Test Loss: 0.723 Test Acc: 0.500
Validation loss decreased (-0.500000 --> -0.500000).  Saving model ...
Epoch: 6 cost time: 0.0825507640838623
Epoch: 6, Steps: 13 | Train Loss: 0.737 Vali Loss: 0.725 Vali Acc: 0.500 Test Loss: 0.734 Test Acc: 0.500
Validation loss decreased (-0.500000 --> -0.500000).  Saving model ...
Epoch: 7 cost time: 0.07913899421691895
Epoch: 7, Steps: 13 | Train Loss: 0.740 Vali Loss: 0.707 Vali Acc: 0.500 Test Loss: 0.725 Test Acc: 0.500
Validation loss decreased (-0.500000 --> -0.500000).  Saving model ...
Epoch: 8 cost time: 0.0787954330444336
Epoch: 8, Steps: 13 | Train Loss: 0.738 Vali Loss: 0.721 Vali Acc: 0.500 Test Loss: 0.710 Test Acc: 0.500
Validation loss decreased (-0.500000 --> -0.500000).  Saving model ...
Epoch: 9 cost time: 0.07974720001220703
Epoch: 9, Steps: 13 | Train Loss: 0.734 Vali Loss: 0.699 Vali Acc: 0.500 Test Loss: 0.719 Test Acc: 0.500
Validation loss decreased (-0.500000 --> -0.500000).  Saving model ...
Epoch: 10 cost time: 0.09583497047424316
Epoch: 10, Steps: 13 | Train Loss: 0.736 Vali Loss: 0.713 Vali Acc: 0.500 Test Loss: 0.722 Test Acc: 0.500
Validation loss decreased (-0.500000 --> -0.500000).  Saving model ...
Epoch: 11 cost time: 0.0891728401184082
Epoch: 11, Steps: 13 | Train Loss: 0.737 Vali Loss: 0.721 Vali Acc: 0.500 Test Loss: 0.715 Test Acc: 0.500
Validation loss decreased (-0.500000 --> -0.500000).  Saving model ...
Epoch: 12 cost time: 0.0932769775390625
Epoch: 12, Steps: 13 | Train Loss: 0.737 Vali Loss: 0.709 Vali Acc: 0.500 Test Loss: 0.713 Test Acc: 0.500
Validation loss decreased (-0.500000 --> -0.500000).  Saving model ...
Epoch: 13 cost time: 0.09886765480041504
Epoch: 13, Steps: 13 | Train Loss: 0.730 Vali Loss: 0.710 Vali Acc: 0.500 Test Loss: 0.712 Test Acc: 0.500
Validation loss decreased (-0.500000 --> -0.500000).  Saving model ...
Epoch: 14 cost time: 0.0852975845336914
Epoch: 14, Steps: 13 | Train Loss: 0.733 Vali Loss: 0.707 Vali Acc: 0.500 Test Loss: 0.716 Test Acc: 0.500
Validation loss decreased (-0.500000 --> -0.500000).  Saving model ...
Epoch: 15 cost time: 0.0895998477935791
Epoch: 15, Steps: 13 | Train Loss: 0.723 Vali Loss: 0.710 Vali Acc: 0.500 Test Loss: 0.706 Test Acc: 0.500
Validation loss decreased (-0.500000 --> -0.500000).  Saving model ...
Epoch: 16 cost time: 0.09494566917419434
Epoch: 16, Steps: 13 | Train Loss: 0.716 Vali Loss: 0.700 Vali Acc: 0.500 Test Loss: 0.709 Test Acc: 0.500
Validation loss decreased (-0.500000 --> -0.500000).  Saving model ...
Epoch: 17 cost time: 0.0870659351348877
Epoch: 17, Steps: 13 | Train Loss: 0.715 Vali Loss: 0.706 Vali Acc: 0.500 Test Loss: 0.698 Test Acc: 0.500
Validation loss decreased (-0.500000 --> -0.500000).  Saving model ...
Epoch: 18 cost time: 0.09364128112792969
Epoch: 18, Steps: 13 | Train Loss: 0.719 Vali Loss: 0.712 Vali Acc: 0.500 Test Loss: 0.700 Test Acc: 0.500
Validation loss decreased (-0.500000 --> -0.500000).  Saving model ...
Epoch: 19 cost time: 0.09271812438964844
Epoch: 19, Steps: 13 | Train Loss: 0.718 Vali Loss: 0.710 Vali Acc: 0.500 Test Loss: 0.707 Test Acc: 0.500
Validation loss decreased (-0.500000 --> -0.500000).  Saving model ...
Epoch: 20 cost time: 0.09210538864135742
Epoch: 20, Steps: 13 | Train Loss: 0.713 Vali Loss: 0.695 Vali Acc: 0.500 Test Loss: 0.699 Test Acc: 0.500
Validation loss decreased (-0.500000 --> -0.500000).  Saving model ...
Epoch: 21 cost time: 0.08564448356628418
Epoch: 21, Steps: 13 | Train Loss: 0.706 Vali Loss: 0.706 Vali Acc: 0.500 Test Loss: 0.707 Test Acc: 0.500
Validation loss decreased (-0.500000 --> -0.500000).  Saving model ...
Epoch: 22 cost time: 0.09064102172851562
Epoch: 22, Steps: 13 | Train Loss: 0.708 Vali Loss: 0.697 Vali Acc: 0.500 Test Loss: 0.698 Test Acc: 0.500
Validation loss decreased (-0.500000 --> -0.500000).  Saving model ...
Epoch: 23 cost time: 0.09106063842773438
Epoch: 23, Steps: 13 | Train Loss: 0.708 Vali Loss: 0.708 Vali Acc: 0.500 Test Loss: 0.700 Test Acc: 0.500
Validation loss decreased (-0.500000 --> -0.500000).  Saving model ...
Epoch: 24 cost time: 0.09456682205200195
Epoch: 24, Steps: 13 | Train Loss: 0.709 Vali Loss: 0.699 Vali Acc: 0.500 Test Loss: 0.706 Test Acc: 0.500
Validation loss decreased (-0.500000 --> -0.500000).  Saving model ...
Epoch: 25 cost time: 0.08976364135742188
Epoch: 25, Steps: 13 | Train Loss: 0.710 Vali Loss: 0.705 Vali Acc: 0.500 Test Loss: 0.696 Test Acc: 0.500
Validation loss decreased (-0.500000 --> -0.500000).  Saving model ...
Epoch: 26 cost time: 0.08981943130493164
Epoch: 26, Steps: 13 | Train Loss: 0.705 Vali Loss: 0.705 Vali Acc: 0.500 Test Loss: 0.703 Test Acc: 0.500
Validation loss decreased (-0.500000 --> -0.500000).  Saving model ...
Epoch: 27 cost time: 0.09232521057128906
Epoch: 27, Steps: 13 | Train Loss: 0.703 Vali Loss: 0.696 Vali Acc: 0.500 Test Loss: 0.707 Test Acc: 0.500
Validation loss decreased (-0.500000 --> -0.500000).  Saving model ...
Epoch: 28 cost time: 0.09639716148376465
Epoch: 28, Steps: 13 | Train Loss: 0.705 Vali Loss: 0.704 Vali Acc: 0.500 Test Loss: 0.701 Test Acc: 0.500
Validation loss decreased (-0.500000 --> -0.500000).  Saving model ...
Epoch: 29 cost time: 0.09175443649291992
Epoch: 29, Steps: 13 | Train Loss: 0.703 Vali Loss: 0.699 Vali Acc: 0.494 Test Loss: 0.697 Test Acc: 0.494
EarlyStopping counter: 1 out of 10
Epoch: 30 cost time: 0.09302043914794922
Epoch: 30, Steps: 13 | Train Loss: 0.701 Vali Loss: 0.703 Vali Acc: 0.494 Test Loss: 0.692 Test Acc: 0.494
EarlyStopping counter: 2 out of 10
>>>>>>>testing : classification_CLSP_SelfRegulationSCP2_stats_p25_none_SparseTSFPlus_UEA_sl96_pl0_dm16_nh8_el2_dl1_df32_fc1_ebtimeF_dtTrue_ClsP_0<<<<<<<<<<<<<<<<<<<<<<<<<<<<<<<<<
180
TEST 180
test shape: torch.Size([180, 2]) torch.Size([180, 1])
accuracy:0.5
