Args in experiment:
Namespace(activation='gelu', anomaly_ratio=0.25, batch_size=16, c_out=7, channel_independence=1, checkpoints='./checkpoints/', comment='none', d_ff=32, d_layers=1, d_model=16, data='UEA', data_path='ETTh1.csv', dec_in=7, decomp_method='moving_avg', des='ClsP', devices='0,1', distil=True, down_sampling_layers=0, down_sampling_method='avg', down_sampling_window=1, drop_last=True, dropout=0.1, e_layers=2, embed='timeF', emissions_file='emissions.csv', emissions_output_dir='.', enc_in=1, factor=1, features='M', freq='h', gpu=0, inverse=False, is_training=1, itr=1, label_len=48, learning_rate=0.001, loss='MSE', lradj='TST', mask_rate=0.125, model='SparseTSFPlus', model_id='CLSP_SpokenArabicDigits_stats', model_type='linear', moving_avg=25, n_heads=8, num_kernels=6, num_workers=0, output_attention=False, p_hidden_dims=[128, 128], p_hidden_layers=2, patience=10, pct_start=0.2, percent=100, period_len=1, pred_len=0, root_path='<workspace>\\dataset\\SpokenArabicDigits', seasonal_patterns='Monthly', seq_len=96, stsf_cls_head='stats', stsf_cls_segments=8, stsf_decomp='off', stsf_decomp_kernel=25, stsf_diag_mask=0, stsf_impute_passes=1, stsf_linear_bias=0, stsf_mask_conv=0, stsf_pad_fold=0, stsf_periods='', stsf_phase_kernel=3, stsf_phase_mix='off', stsf_phase_rank=0, stsf_revin=0, stsf_revin_affine=0, target='OT', task_name='classification', top_k=5, track_emissions=0, train_epochs=30, use_amp=False, use_future_temporal_feature=0, use_gpu=True, use_multi_gpu=False, use_norm=1)
Use GPU: cuda:0
6599
TRAIN 6599
2199
TEST 2199
trainable_params:401
units:cls_head=stats
>>>>>>>start training : classification_CLSP_SpokenArabicDigits_stats_none_SparseTSFPlus_UEA_sl96_pl0_dm16_nh8_el2_dl1_df32_fc1_ebtimeF_dtTrue_ClsP_0>>>>>>>>>>>>>>>>>>>>>>>>>>
6599
TRAIN 6599
2199
TEST 2199
2199
TEST 2199
	iters: 100, epoch: 1 | loss: 2.3051071
	speed: 0.0291s/iter; left time: 357.9495s
	iters: 200, epoch: 1 | loss: 2.3338313
	speed: 0.0060s/iter; left time: 72.6973s
	iters: 300, epoch: 1 | loss: 2.3476076
	speed: 0.0057s/iter; left time: 69.3009s
	iters: 400, epoch: 1 | loss: 2.2516506
	speed: 0.0057s/iter; left time: 68.0725s
Epoch: 1 cost time: 4.727146148681641
Epoch: 1, Steps: 413 | Train Loss: 2.319 Vali Loss: 2.317 Vali Acc: 0.060 Test Loss: 2.317 Test Acc: 0.060
Validation loss decreased (inf --> -0.060027).  Saving model ...
	iters: 100, epoch: 2 | loss: 2.2835538
	speed: 0.0145s/iter; left time: 171.6861s
	iters: 200, epoch: 2 | loss: 2.3381646
	speed: 0.0055s/iter; left time: 64.2055s
	iters: 300, epoch: 2 | loss: 2.2960491
	speed: 0.0057s/iter; left time: 66.9253s
	iters: 400, epoch: 2 | loss: 2.2675979
	speed: 0.0060s/iter; left time: 70.0335s
Epoch: 2 cost time: 2.336742877960205
Epoch: 2, Steps: 413 | Train Loss: 2.313 Vali Loss: 2.312 Vali Acc: 0.092 Test Loss: 2.312 Test Acc: 0.092
Validation loss decreased (-0.060027 --> -0.092315).  Saving model ...
	iters: 100, epoch: 3 | loss: 2.3240280
	speed: 0.0148s/iter; left time: 169.9311s
	iters: 200, epoch: 3 | loss: 2.2566519
	speed: 0.0052s/iter; left time: 59.2725s
	iters: 300, epoch: 3 | loss: 2.3088408
	speed: 0.0058s/iter; left time: 64.9582s
	iters: 400, epoch: 3 | loss: 2.2827029
	speed: 0.0057s/iter; left time: 63.7063s
Epoch: 3 cost time: 2.2525744438171387
Epoch: 3, Steps: 413 | Train Loss: 2.309 Vali Loss: 2.307 Vali Acc: 0.113 Test Loss: 2.308 Test Acc: 0.113
Validation loss decreased (-0.092315 --> -0.113233).  Saving model ...
	iters: 100, epoch: 4 | loss: 2.3261909
	speed: 0.0149s/iter; left time: 164.3452s
	iters: 200, epoch: 4 | loss: 2.2859056
	speed: 0.0054s/iter; left time: 59.6718s
	iters: 300, epoch: 4 | loss: 2.3095226
	speed: 0.0059s/iter; left time: 63.9587s
	iters: 400, epoch: 4 | loss: 2.3463719
	speed: 0.0058s/iter; left time: 62.4437s
Epoch: 4 cost time: 2.347837448120117
Epoch: 4, Steps: 413 | Train Loss: 2.305 Vali Loss: 2.304 Vali Acc: 0.129 Test Loss: 2.304 Test Acc: 0.129
Validation loss decreased (-0.113233 --> -0.128695).  Saving model ...
	iters: 100, epoch: 5 | loss: 2.3319819
	speed: 0.0142s/iter; left time: 151.2629s
	iters: 200, epoch: 5 | loss: 2.3041613
	speed: 0.0052s/iter; left time: 54.6688s
	iters: 300, epoch: 5 | loss: 2.3177695
	speed: 0.0058s/iter; left time: 60.4960s
	iters: 400, epoch: 5 | loss: 2.3218014
	speed: 0.0058s/iter; left time: 59.4812s
Epoch: 5 cost time: 2.262657880783081
Epoch: 5, Steps: 413 | Train Loss: 2.301 Vali Loss: 2.301 Vali Acc: 0.140 Test Loss: 2.301 Test Acc: 0.140
Validation loss decreased (-0.128695 --> -0.139609).  Saving model ...
	iters: 100, epoch: 6 | loss: 2.2993789
	speed: 0.0149s/iter; left time: 152.7994s
	iters: 200, epoch: 6 | loss: 2.2755532
	speed: 0.0053s/iter; left time: 53.6615s
	iters: 300, epoch: 6 | loss: 2.3244591
	speed: 0.0058s/iter; left time: 58.0253s
	iters: 400, epoch: 6 | loss: 2.2792594
	speed: 0.0056s/iter; left time: 56.0636s
Epoch: 6 cost time: 2.2747113704681396
Epoch: 6, Steps: 413 | Train Loss: 2.298 Vali Loss: 2.298 Vali Acc: 0.152 Test Loss: 2.298 Test Acc: 0.152
Validation loss decreased (-0.139609 --> -0.152342).  Saving model ...
	iters: 100, epoch: 7 | loss: 2.2971649
	speed: 0.0147s/iter; left time: 144.0659s
	iters: 200, epoch: 7 | loss: 2.3052142
	speed: 0.0054s/iter; left time: 52.7307s
	iters: 300, epoch: 7 | loss: 2.3092165
	speed: 0.0057s/iter; left time: 55.0299s
	iters: 400, epoch: 7 | loss: 2.3101764
	speed: 0.0058s/iter; left time: 55.0069s
Epoch: 7 cost time: 2.293090343475342
Epoch: 7, Steps: 413 | Train Loss: 2.294 Vali Loss: 2.294 Vali Acc: 0.161 Test Loss: 2.294 Test Acc: 0.161
Validation loss decreased (-0.152342 --> -0.161437).  Saving model ...
	iters: 100, epoch: 8 | loss: 2.3366337
	speed: 0.0148s/iter; left time: 138.8974s
	iters: 200, epoch: 8 | loss: 2.2961099
	speed: 0.0051s/iter; left time: 47.5342s
	iters: 300, epoch: 8 | loss: 2.2557955
	speed: 0.0056s/iter; left time: 51.0741s
	iters: 400, epoch: 8 | loss: 2.3042033
	speed: 0.0057s/iter; left time: 51.6989s
Epoch: 8 cost time: 2.2742369174957275
Epoch: 8, Steps: 413 | Train Loss: 2.291 Vali Loss: 2.290 Vali Acc: 0.178 Test Loss: 2.290 Test Acc: 0.178
Validation loss decreased (-0.161437 --> -0.177808).  Saving model ...
	iters: 100, epoch: 9 | loss: 2.3114243
	speed: 0.0147s/iter; left time: 131.9568s
	iters: 200, epoch: 9 | loss: 2.2833936
	speed: 0.0055s/iter; left time: 48.6678s
	iters: 300, epoch: 9 | loss: 2.3053141
	speed: 0.0058s/iter; left time: 50.9145s
	iters: 400, epoch: 9 | loss: 2.2875209
	speed: 0.0058s/iter; left time: 49.9584s
Epoch: 9 cost time: 2.329573631286621
Epoch: 9, Steps: 413 | Train Loss: 2.287 Vali Loss: 2.286 Vali Acc: 0.202 Test Loss: 2.286 Test Acc: 0.202
Validation loss decreased (-0.177808 --> -0.201910).  Saving model ...
	iters: 100, epoch: 10 | loss: 2.3123076
	speed: 0.0147s/iter; left time: 126.2927s
	iters: 200, epoch: 10 | loss: 2.2730002
	speed: 0.0054s/iter; left time: 45.4876s
	iters: 300, epoch: 10 | loss: 2.2634299
	speed: 0.0057s/iter; left time: 47.8034s
	iters: 400, epoch: 10 | loss: 2.2891269
	speed: 0.0057s/iter; left time: 46.7864s
Epoch: 10 cost time: 2.287890911102295
Epoch: 10, Steps: 413 | Train Loss: 2.283 Vali Loss: 2.282 Vali Acc: 0.225 Test Loss: 2.282 Test Acc: 0.225
Validation loss decreased (-0.201910 --> -0.224648).  Saving model ...
	iters: 100, epoch: 11 | loss: 2.2727766
	speed: 0.0151s/iter; left time: 123.0083s
	iters: 200, epoch: 11 | loss: 2.3046613
	speed: 0.0057s/iter; left time: 45.7753s
	iters: 300, epoch: 11 | loss: 2.2668471
	speed: 0.0058s/iter; left time: 45.8104s
	iters: 400, epoch: 11 | loss: 2.2822709
	speed: 0.0058s/iter; left time: 45.8348s
Epoch: 11 cost time: 2.3547122478485107
Epoch: 11, Steps: 413 | Train Loss: 2.278 Vali Loss: 2.277 Vali Acc: 0.231 Test Loss: 2.277 Test Acc: 0.231
Validation loss decreased (-0.224648 --> -0.231014).  Saving model ...
	iters: 100, epoch: 12 | loss: 2.2800894
	speed: 0.0152s/iter; left time: 118.1189s
	iters: 200, epoch: 12 | loss: 2.2827969
	speed: 0.0054s/iter; left time: 41.5421s
	iters: 300, epoch: 12 | loss: 2.2576947
	speed: 0.0057s/iter; left time: 43.2734s
	iters: 400, epoch: 12 | loss: 2.2668049
	speed: 0.0058s/iter; left time: 43.5206s
Epoch: 12 cost time: 2.3275866508483887
Epoch: 12, Steps: 413 | Train Loss: 2.273 Vali Loss: 2.272 Vali Acc: 0.228 Test Loss: 2.272 Test Acc: 0.228
EarlyStopping counter: 1 out of 10
	iters: 100, epoch: 13 | loss: 2.3380351
	speed: 0.0147s/iter; left time: 107.8567s
	iters: 200, epoch: 13 | loss: 2.2406018
	speed: 0.0057s/iter; left time: 41.1241s
	iters: 300, epoch: 13 | loss: 2.2832010
	speed: 0.0057s/iter; left time: 40.9242s
	iters: 400, epoch: 13 | loss: 2.2620189
	speed: 0.0057s/iter; left time: 40.3033s
Epoch: 13 cost time: 2.3281280994415283
Epoch: 13, Steps: 413 | Train Loss: 2.267 Vali Loss: 2.266 Vali Acc: 0.229 Test Loss: 2.266 Test Acc: 0.229
EarlyStopping counter: 2 out of 10
	iters: 100, epoch: 14 | loss: 2.3065519
	speed: 0.0146s/iter; left time: 101.0038s
	iters: 200, epoch: 14 | loss: 2.2757010
	speed: 0.0053s/iter; left time: 36.4668s
	iters: 300, epoch: 14 | loss: 2.2522256
	speed: 0.0057s/iter; left time: 38.0687s
	iters: 400, epoch: 14 | loss: 2.2741988
	speed: 0.0057s/iter; left time: 37.7923s
Epoch: 14 cost time: 2.2945024967193604
Epoch: 14, Steps: 413 | Train Loss: 2.260 Vali Loss: 2.260 Vali Acc: 0.229 Test Loss: 2.260 Test Acc: 0.229
EarlyStopping counter: 3 out of 10
	iters: 100, epoch: 15 | loss: 2.2943285
	speed: 0.0150s/iter; left time: 97.5926s
	iters: 200, epoch: 15 | loss: 2.2730191
	speed: 0.0054s/iter; left time: 34.6347s
	iters: 300, epoch: 15 | loss: 2.2362447
	speed: 0.0058s/iter; left time: 36.5098s
	iters: 400, epoch: 15 | loss: 2.2715399
	speed: 0.0059s/iter; left time: 36.5187s
Epoch: 15 cost time: 2.2965879440307617
Epoch: 15, Steps: 413 | Train Loss: 2.255 Vali Loss: 2.254 Vali Acc: 0.231 Test Loss: 2.254 Test Acc: 0.231
Validation loss decreased (-0.231014 --> -0.231014).  Saving model ...
	iters: 100, epoch: 16 | loss: 2.2527928
	speed: 0.0148s/iter; left time: 90.0238s
	iters: 200, epoch: 16 | loss: 2.2570999
	speed: 0.0056s/iter; left time: 33.8686s
	iters: 300, epoch: 16 | loss: 2.2511783
	speed: 0.0058s/iter; left time: 33.9795s
	iters: 400, epoch: 16 | loss: 2.2532363
	speed: 0.0058s/iter; left time: 33.5218s
Epoch: 16 cost time: 2.3285346031188965
Epoch: 16, Steps: 413 | Train Loss: 2.248 Vali Loss: 2.247 Vali Acc: 0.241 Test Loss: 2.247 Test Acc: 0.241
Validation loss decreased (-0.231014 --> -0.240564).  Saving model ...
	iters: 100, epoch: 17 | loss: 2.2723620
	speed: 0.0154s/iter; left time: 87.4938s
	iters: 200, epoch: 17 | loss: 2.2132311
	speed: 0.0056s/iter; left time: 31.3612s
	iters: 300, epoch: 17 | loss: 2.2327828
	speed: 0.0057s/iter; left time: 31.1399s
	iters: 400, epoch: 17 | loss: 2.2509558
	speed: 0.0055s/iter; left time: 29.8548s
Epoch: 17 cost time: 2.3083913326263428
Epoch: 17, Steps: 413 | Train Loss: 2.240 Vali Loss: 2.240 Vali Acc: 0.249 Test Loss: 2.240 Test Acc: 0.249
Validation loss decreased (-0.240564 --> -0.248749).  Saving model ...
	iters: 100, epoch: 18 | loss: 2.2091312
	speed: 0.0150s/iter; left time: 78.9667s
	iters: 200, epoch: 18 | loss: 2.2828445
	speed: 0.0058s/iter; left time: 29.9111s
	iters: 300, epoch: 18 | loss: 2.2490880
	speed: 0.0057s/iter; left time: 28.8705s
	iters: 400, epoch: 18 | loss: 2.1760707
	speed: 0.0058s/iter; left time: 28.9879s
Epoch: 18 cost time: 2.343444585800171
Epoch: 18, Steps: 413 | Train Loss: 2.233 Vali Loss: 2.232 Vali Acc: 0.257 Test Loss: 2.231 Test Acc: 0.257
Validation loss decreased (-0.248749 --> -0.257390).  Saving model ...
	iters: 100, epoch: 19 | loss: 2.2226794
	speed: 0.0143s/iter; left time: 69.5535s
	iters: 200, epoch: 19 | loss: 2.2368095
	speed: 0.0058s/iter; left time: 27.5692s
	iters: 300, epoch: 19 | loss: 2.2904358
	speed: 0.0059s/iter; left time: 27.2528s
	iters: 400, epoch: 19 | loss: 2.1989517
	speed: 0.0057s/iter; left time: 26.1722s
Epoch: 19 cost time: 2.350140333175659
Epoch: 19, Steps: 413 | Train Loss: 2.224 Vali Loss: 2.223 Vali Acc: 0.274 Test Loss: 2.223 Test Acc: 0.274
Validation loss decreased (-0.257390 --> -0.274216).  Saving model ...
	iters: 100, epoch: 20 | loss: 2.1974432
	speed: 0.0146s/iter; left time: 64.9552s
	iters: 200, epoch: 20 | loss: 2.2204707
	speed: 0.0057s/iter; left time: 24.8934s
	iters: 300, epoch: 20 | loss: 2.2007256
	speed: 0.0057s/iter; left time: 24.2721s
	iters: 400, epoch: 20 | loss: 2.2189984
	speed: 0.0059s/iter; left time: 24.3709s
Epoch: 20 cost time: 2.3139591217041016
Epoch: 20, Steps: 413 | Train Loss: 2.215 Vali Loss: 2.215 Vali Acc: 0.283 Test Loss: 2.215 Test Acc: 0.283
Validation loss decreased (-0.274216 --> -0.282856).  Saving model ...
	iters: 100, epoch: 21 | loss: 2.2081892
	speed: 0.0144s/iter; left time: 58.1714s
	iters: 200, epoch: 21 | loss: 2.2261090
	speed: 0.0054s/iter; left time: 21.3404s
	iters: 300, epoch: 21 | loss: 2.2341805
	speed: 0.0054s/iter; left time: 20.7250s
	iters: 400, epoch: 21 | loss: 2.2151799
	speed: 0.0058s/iter; left time: 21.6772s
Epoch: 21 cost time: 2.2638559341430664
Epoch: 21, Steps: 413 | Train Loss: 2.206 Vali Loss: 2.205 Vali Acc: 0.293 Test Loss: 2.205 Test Acc: 0.293
Validation loss decreased (-0.282856 --> -0.292860).  Saving model ...
	iters: 100, epoch: 22 | loss: 2.2163920
	speed: 0.0147s/iter; left time: 53.2286s
	iters: 200, epoch: 22 | loss: 2.2171078
	speed: 0.0055s/iter; left time: 19.3703s
	iters: 300, epoch: 22 | loss: 2.2247946
	speed: 0.0057s/iter; left time: 19.3451s
	iters: 400, epoch: 22 | loss: 2.1474633
	speed: 0.0058s/iter; left time: 19.2598s
Epoch: 22 cost time: 2.322141170501709
Epoch: 22, Steps: 413 | Train Loss: 2.196 Vali Loss: 2.196 Vali Acc: 0.309 Test Loss: 2.195 Test Acc: 0.309
Validation loss decreased (-0.292860 --> -0.308777).  Saving model ...
	iters: 100, epoch: 23 | loss: 2.1576958
	speed: 0.0152s/iter; left time: 48.8317s
	iters: 200, epoch: 23 | loss: 2.1587207
	speed: 0.0056s/iter; left time: 17.4266s
	iters: 300, epoch: 23 | loss: 2.1581635
	speed: 0.0058s/iter; left time: 17.5723s
	iters: 400, epoch: 23 | loss: 2.1460040
	speed: 0.0057s/iter; left time: 16.6645s
Epoch: 23 cost time: 2.357896566390991
Epoch: 23, Steps: 413 | Train Loss: 2.185 Vali Loss: 2.185 Vali Acc: 0.325 Test Loss: 2.185 Test Acc: 0.325
Validation loss decreased (-0.308777 --> -0.324693).  Saving model ...
	iters: 100, epoch: 24 | loss: 2.2416577
	speed: 0.0149s/iter; left time: 41.5458s
	iters: 200, epoch: 24 | loss: 2.1698527
	speed: 0.0053s/iter; left time: 14.2082s
	iters: 300, epoch: 24 | loss: 2.1617584
	speed: 0.0057s/iter; left time: 14.7641s
	iters: 400, epoch: 24 | loss: 2.2505007
	speed: 0.0057s/iter; left time: 14.2633s
Epoch: 24 cost time: 2.309143304824829
Epoch: 24, Steps: 413 | Train Loss: 2.175 Vali Loss: 2.174 Vali Acc: 0.347 Test Loss: 2.175 Test Acc: 0.347
Validation loss decreased (-0.324693 --> -0.346521).  Saving model ...
	iters: 100, epoch: 25 | loss: 2.2276440
	speed: 0.0153s/iter; left time: 36.4506s
	iters: 200, epoch: 25 | loss: 2.1243043
	speed: 0.0057s/iter; left time: 13.0520s
	iters: 300, epoch: 25 | loss: 2.2354124
	speed: 0.0057s/iter; left time: 12.5125s
	iters: 400, epoch: 25 | loss: 2.2377687
	speed: 0.0059s/iter; left time: 12.2170s
Epoch: 25 cost time: 2.3456344604492188
Epoch: 25, Steps: 413 | Train Loss: 2.164 Vali Loss: 2.164 Vali Acc: 0.357 Test Loss: 2.164 Test Acc: 0.357
Validation loss decreased (-0.346521 --> -0.356980).  Saving model ...
	iters: 100, epoch: 26 | loss: 2.1378720
	speed: 0.0145s/iter; left time: 28.4498s
	iters: 200, epoch: 26 | loss: 2.2032022
	speed: 0.0055s/iter; left time: 10.2463s
	iters: 300, epoch: 26 | loss: 2.1403992
	speed: 0.0058s/iter; left time: 10.2845s
	iters: 400, epoch: 26 | loss: 2.1607161
	speed: 0.0060s/iter; left time: 9.9278s
Epoch: 26 cost time: 2.3292105197906494
Epoch: 26, Steps: 413 | Train Loss: 2.153 Vali Loss: 2.153 Vali Acc: 0.376 Test Loss: 2.152 Test Acc: 0.376
Validation loss decreased (-0.356980 --> -0.375625).  Saving model ...
	iters: 100, epoch: 27 | loss: 2.1382654
	speed: 0.0144s/iter; left time: 22.2887s
	iters: 200, epoch: 27 | loss: 2.1982608
	speed: 0.0051s/iter; left time: 7.3985s
	iters: 300, epoch: 27 | loss: 2.1416035
	speed: 0.0056s/iter; left time: 7.6186s
	iters: 400, epoch: 27 | loss: 2.1611433
	speed: 0.0058s/iter; left time: 7.2911s
Epoch: 27 cost time: 2.251274824142456
Epoch: 27, Steps: 413 | Train Loss: 2.139 Vali Loss: 2.141 Vali Acc: 0.395 Test Loss: 2.141 Test Acc: 0.395
Validation loss decreased (-0.375625 --> -0.395180).  Saving model ...
	iters: 100, epoch: 28 | loss: 2.1368055
	speed: 0.0155s/iter; left time: 17.6345s
	iters: 200, epoch: 28 | loss: 2.1230552
	speed: 0.0053s/iter; left time: 5.4722s
	iters: 300, epoch: 28 | loss: 2.0984359
	speed: 0.0058s/iter; left time: 5.4654s
	iters: 400, epoch: 28 | loss: 2.1155996
	speed: 0.0058s/iter; left time: 4.8321s
Epoch: 28 cost time: 2.2799248695373535
Epoch: 28, Steps: 413 | Train Loss: 2.128 Vali Loss: 2.129 Vali Acc: 0.407 Test Loss: 2.129 Test Acc: 0.407
Validation loss decreased (-0.395180 --> -0.407003).  Saving model ...
	iters: 100, epoch: 29 | loss: 2.0459042
	speed: 0.0147s/iter; left time: 10.6713s
	iters: 200, epoch: 29 | loss: 2.0308921
	speed: 0.0056s/iter; left time: 3.5071s
	iters: 300, epoch: 29 | loss: 2.1559803
	speed: 0.0057s/iter; left time: 3.0038s
	iters: 400, epoch: 29 | loss: 2.1231933
	speed: 0.0059s/iter; left time: 2.5320s
Epoch: 29 cost time: 2.3249735832214355
Epoch: 29, Steps: 413 | Train Loss: 2.115 Vali Loss: 2.116 Vali Acc: 0.416 Test Loss: 2.116 Test Acc: 0.416
Validation loss decreased (-0.407003 --> -0.415643).  Saving model ...
	iters: 100, epoch: 30 | loss: 1.9877208
	speed: 0.0145s/iter; left time: 4.5602s
	iters: 200, epoch: 30 | loss: 2.0471892
	speed: 0.0057s/iter; left time: 1.2213s
	iters: 300, epoch: 30 | loss: 2.0947535
	speed: 0.0057s/iter; left time: 0.6482s
	iters: 400, epoch: 30 | loss: 2.0799270
	speed: 0.0057s/iter; left time: 0.0799s
Epoch: 30 cost time: 2.332331657409668
Epoch: 30, Steps: 413 | Train Loss: 2.102 Vali Loss: 2.104 Vali Acc: 0.429 Test Loss: 2.104 Test Acc: 0.429
Validation loss decreased (-0.415643 --> -0.428831).  Saving model ...
>>>>>>>testing : classification_CLSP_SpokenArabicDigits_stats_none_SparseTSFPlus_UEA_sl96_pl0_dm16_nh8_el2_dl1_df32_fc1_ebtimeF_dtTrue_ClsP_0<<<<<<<<<<<<<<<<<<<<<<<<<<<<<<<<<
2199
TEST 2199
test shape: torch.Size([2199, 10]) torch.Size([2199, 1])
accuracy:0.428831286948613
