Args in experiment:
Namespace(activation='gelu', anomaly_ratio=0.25, batch_size=16, c_out=7, channel_independence=1, checkpoints='./checkpoints/', comment='none', d_ff=32, d_layers=1, d_model=16, data='UEA', data_path='ETTh1.csv', dec_in=7, decomp_method='moving_avg', des='ClsP', devices='0,1', distil=True, down_sampling_layers=0, down_sampling_method='avg', down_sampling_window=1, drop_last=True, dropout=0.1, e_layers=2, embed='timeF', emissions_file='emissions.csv', emissions_output_dir='.', enc_in=1, factor=1, features='M', freq='h', gpu=0, inverse=False, is_training=1, itr=1, label_len=48, learning_rate=0.001, loss='MSE', lradj='TST', mask_rate=0.125, model='SparseTSFPlus', model_id='CLSP_UWaveGestureLibrary_stats_p25', model_type='linear', moving_avg=25, n_heads=8, num_kernels=6, num_workers=0, output_attention=False, p_hidden_dims=[128, 128], p_hidden_layers=2, patience=10, pct_start=0.2, percent=100, period_len=25, pred_len=0, root_path='<workspace>\\dataset\\UWaveGestureLibrary', seasonal_patterns='Monthly', seq_len=96, stsf_cls_head='stats', stsf_cls_segments=8, stsf_decomp='off', stsf_decomp_kernel=25, stsf_diag_mask=0, stsf_impute_passes=1, stsf_linear_bias=0, stsf_mask_conv=0, stsf_pad_fold=0, stsf_periods='', stsf_phase_kernel=3, stsf_phase_mix='off', stsf_phase_rank=0, stsf_revin=0, stsf_revin_affine=0, target='OT', task_name='classification', top_k=5, track_emissions=0, train_epochs=30, use_amp=False, use_future_temporal_feature=0, use_gpu=True, use_multi_gpu=False, use_norm=1)
Use GPU: cuda:0
120
TRAIN 120
320
TEST 320
trainable_params:105
units:cls_head=stats
>>>>>>>start training : classification_CLSP_UWaveGestureLibrary_stats_p25_none_SparseTSFPlus_UEA_sl96_pl0_dm16_nh8_el2_dl1_df32_fc1_ebtimeF_dtTrue_ClsP_0>>>>>>>>>>>>>>>>>>>>>>>>>>
120
TRAIN 120
320
TEST 320
320
TEST 320
Epoch: 1 cost time: 1.968909502029419
Epoch: 1, Steps: 8 | Train Loss: 2.172 Vali Loss: 2.187 Vali Acc: 0.125 Test Loss: 2.187 Test Acc: 0.125
Validation loss decreased (inf --> -0.125000).  Saving model ...
Epoch: 2 cost time: 0.03564047813415527
Epoch: 2, Steps: 8 | Train Loss: 2.215 Vali Loss: 2.185 Vali Acc: 0.125 Test Loss: 2.185 Test Acc: 0.125
Validation loss decreased (-0.125000 --> -0.125000).  Saving model ...
Epoch: 3 cost time: 0.034032583236694336
Epoch: 3, Steps: 8 | Train Loss: 2.197 Vali Loss: 2.183 Vali Acc: 0.125 Test Loss: 2.183 Test Acc: 0.125
Validation loss decreased (-0.125000 --> -0.125000).  Saving model ...
Epoch: 4 cost time: 0.032824039459228516
Epoch: 4, Steps: 8 | Train Loss: 2.188 Vali Loss: 2.181 Vali Acc: 0.125 Test Loss: 2.181 Test Acc: 0.125
Validation loss decreased (-0.125000 --> -0.125000).  Saving model ...
Epoch: 5 cost time: 0.03455471992492676
Epoch: 5, Steps: 8 | Train Loss: 2.203 Vali Loss: 2.179 Vali Acc: 0.125 Test Loss: 2.179 Test Acc: 0.125
Validation loss decreased (-0.125000 --> -0.125000).  Saving model ...
Epoch: 6 cost time: 0.033077239990234375
Epoch: 6, Steps: 8 | Train Loss: 2.210 Vali Loss: 2.176 Vali Acc: 0.125 Test Loss: 2.176 Test Acc: 0.125
Validation loss decreased (-0.125000 --> -0.125000).  Saving model ...
Epoch: 7 cost time: 0.04108715057373047
Epoch: 7, Steps: 8 | Train Loss: 2.197 Vali Loss: 2.174 Vali Acc: 0.125 Test Loss: 2.174 Test Acc: 0.125
Validation loss decreased (-0.125000 --> -0.125000).  Saving model ...
Epoch: 8 cost time: 0.033487796783447266
Epoch: 8, Steps: 8 | Train Loss: 2.172 Vali Loss: 2.172 Vali Acc: 0.125 Test Loss: 2.172 Test Acc: 0.125
Validation loss decreased (-0.125000 --> -0.125000).  Saving model ...
Epoch: 9 cost time: 0.03710031509399414
Epoch: 9, Steps: 8 | Train Loss: 2.200 Vali Loss: 2.170 Vali Acc: 0.125 Test Loss: 2.170 Test Acc: 0.125
Validation loss decreased (-0.125000 --> -0.125000).  Saving model ...
Epoch: 10 cost time: 0.03757357597351074
Epoch: 10, Steps: 8 | Train Loss: 2.180 Vali Loss: 2.168 Vali Acc: 0.125 Test Loss: 2.168 Test Acc: 0.125
Validation loss decreased (-0.125000 --> -0.125000).  Saving model ...
Epoch: 11 cost time: 0.03756403923034668
Epoch: 11, Steps: 8 | Train Loss: 2.167 Vali Loss: 2.166 Vali Acc: 0.125 Test Loss: 2.166 Test Acc: 0.125
Validation loss decreased (-0.125000 --> -0.125000).  Saving model ...
Epoch: 12 cost time: 0.03513479232788086
Epoch: 12, Steps: 8 | Train Loss: 2.174 Vali Loss: 2.164 Vali Acc: 0.125 Test Loss: 2.164 Test Acc: 0.125
Validation loss decreased (-0.125000 --> -0.125000).  Saving model ...
Epoch: 13 cost time: 0.03353571891784668
Epoch: 13, Steps: 8 | Train Loss: 2.166 Vali Loss: 2.162 Vali Acc: 0.125 Test Loss: 2.162 Test Acc: 0.125
Validation loss decreased (-0.125000 --> -0.125000).  Saving model ...
Epoch: 14 cost time: 0.036519765853881836
Epoch: 14, Steps: 8 | Train Loss: 2.190 Vali Loss: 2.160 Vali Acc: 0.125 Test Loss: 2.160 Test Acc: 0.125
Validation loss decreased (-0.125000 --> -0.125000).  Saving model ...
Epoch: 15 cost time: 0.03308606147766113
Epoch: 15, Steps: 8 | Train Loss: 2.171 Vali Loss: 2.158 Vali Acc: 0.125 Test Loss: 2.158 Test Acc: 0.125
Validation loss decreased (-0.125000 --> -0.125000).  Saving model ...
Epoch: 16 cost time: 0.035282135009765625
Epoch: 16, Steps: 8 | Train Loss: 2.192 Vali Loss: 2.156 Vali Acc: 0.125 Test Loss: 2.156 Test Acc: 0.125
Validation loss decreased (-0.125000 --> -0.125000).  Saving model ...
Epoch: 17 cost time: 0.0355525016784668
Epoch: 17, Steps: 8 | Train Loss: 2.177 Vali Loss: 2.154 Vali Acc: 0.125 Test Loss: 2.154 Test Acc: 0.125
Validation loss decreased (-0.125000 --> -0.125000).  Saving model ...
Epoch: 18 cost time: 0.035578012466430664
Epoch: 18, Steps: 8 | Train Loss: 2.161 Vali Loss: 2.153 Vali Acc: 0.125 Test Loss: 2.153 Test Acc: 0.125
Validation loss decreased (-0.125000 --> -0.125000).  Saving model ...
Epoch: 19 cost time: 0.03266453742980957
Epoch: 19, Steps: 8 | Train Loss: 2.145 Vali Loss: 2.151 Vali Acc: 0.125 Test Loss: 2.151 Test Acc: 0.125
Validation loss decreased (-0.125000 --> -0.125000).  Saving model ...
Epoch: 20 cost time: 0.0347905158996582
Epoch: 20, Steps: 8 | Train Loss: 2.141 Vali Loss: 2.149 Vali Acc: 0.125 Test Loss: 2.149 Test Acc: 0.125
Validation loss decreased (-0.125000 --> -0.125000).  Saving model ...
Epoch: 21 cost time: 0.03713250160217285
Epoch: 21, Steps: 8 | Train Loss: 2.145 Vali Loss: 2.148 Vali Acc: 0.125 Test Loss: 2.148 Test Acc: 0.125
Validation loss decreased (-0.125000 --> -0.125000).  Saving model ...
Epoch: 22 cost time: 0.034319400787353516
Epoch: 22, Steps: 8 | Train Loss: 2.161 Vali Loss: 2.146 Vali Acc: 0.125 Test Loss: 2.146 Test Acc: 0.125
Validation loss decreased (-0.125000 --> -0.125000).  Saving model ...
Epoch: 23 cost time: 0.04208993911743164
Epoch: 23, Steps: 8 | Train Loss: 2.148 Vali Loss: 2.145 Vali Acc: 0.125 Test Loss: 2.145 Test Acc: 0.125
Validation loss decreased (-0.125000 --> -0.125000).  Saving model ...
Epoch: 24 cost time: 0.034322261810302734
Epoch: 24, Steps: 8 | Train Loss: 2.135 Vali Loss: 2.143 Vali Acc: 0.125 Test Loss: 2.143 Test Acc: 0.125
Validation loss decreased (-0.125000 --> -0.125000).  Saving model ...
Epoch: 25 cost time: 0.03886222839355469
Epoch: 25, Steps: 8 | Train Loss: 2.141 Vali Loss: 2.142 Vali Acc: 0.125 Test Loss: 2.142 Test Acc: 0.125
Validation loss decreased (-0.125000 --> -0.125000).  Saving model ...
Epoch: 26 cost time: 0.03929257392883301
Epoch: 26, Steps: 8 | Train Loss: 2.164 Vali Loss: 2.141 Vali Acc: 0.125 Test Loss: 2.141 Test Acc: 0.125
Validation loss decreased (-0.125000 --> -0.125000).  Saving model ...
Epoch: 27 cost time: 0.03912472724914551
Epoch: 27, Steps: 8 | Train Loss: 2.137 Vali Loss: 2.139 Vali Acc: 0.125 Test Loss: 2.139 Test Acc: 0.125
Validation loss decreased (-0.125000 --> -0.125000).  Saving model ...
Epoch: 28 cost time: 0.04138779640197754
Epoch: 28, Steps: 8 | Train Loss: 2.134 Vali Loss: 2.138 Vali Acc: 0.125 Test Loss: 2.138 Test Acc: 0.125
Validation loss decreased (-0.125000 --> -0.125000).  Saving model ...
Epoch: 29 cost time: 0.0400853157043457
Epoch: 29, Steps: 8 | Train Loss: 2.155 Vali Loss: 2.137 Vali Acc: 0.125 Test Loss: 2.137 Test Acc: 0.125
Validation loss decreased (-0.125000 --> -0.125000).  Saving model ...
Epoch: 30 cost time: 0.039241790771484375
Epoch: 30, Steps: 8 | Train Loss: 2.143 Vali Loss: 2.135 Vali Acc: 0.125 Test Loss: 2.135 Test Acc: 0.125
Validation loss decreased (-0.125000 --> -0.125000).  Saving model ...
>>>>>>>testing : classification_CLSP_UWaveGestureLibrary_stats_p25_none_SparseTSFPlus_UEA_sl96_pl0_dm16_nh8_el2_dl1_df32_fc1_ebtimeF_dtTrue_ClsP_0<<<<<<<<<<<<<<<<<<<<<<<<<<<<<<<<<
320
TEST 320
test shape: torch.Size([320, 8]) torch.Size([320, 1])
accuracy:0.125
