Args in experiment:
Namespace(activation='gelu', anomaly_ratio=0.25, batch_size=16, c_out=7, channel_independence=1, checkpoints='./checkpoints/', comment='none', d_ff=32, d_layers=1, d_model=16, data='UEA', data_path='ETTh1.csv', dec_in=7, decomp_method='moving_avg', des='ClsP', devices='0,1', distil=True, down_sampling_layers=0, down_sampling_method='avg', down_sampling_window=1, drop_last=True, dropout=0.1, e_layers=2, embed='timeF', emissions_file='emissions.csv', emissions_output_dir='.', enc_in=1, factor=1, features='M', freq='h', gpu=0, inverse=False, is_training=1, itr=1, label_len=48, learning_rate=0.001, loss='MSE', lradj='TST', mask_rate=0.125, model='SparseTSFPlus', model_id='CLSP_UWaveGestureLibrary_segpool_p25', model_type='linear', moving_avg=25, n_heads=8, num_kernels=6, num_workers=0, output_attention=False, p_hidden_dims=[128, 128], p_hidden_layers=2, patience=10, pct_start=0.2, percent=100, period_len=25, pred_len=0, root_path='<workspace>\\dataset\\UWaveGestureLibrary', seasonal_patterns='Monthly', seq_len=96, stsf_cls_head='segpool', stsf_cls_segments=8, stsf_decomp='off', stsf_decomp_kernel=25, stsf_diag_mask=0, stsf_impute_passes=1, stsf_linear_bias=0, stsf_mask_conv=0, stsf_pad_fold=0, stsf_periods='', stsf_phase_kernel=3, stsf_phase_mix='off', stsf_phase_rank=0, stsf_revin=0, stsf_revin_affine=0, target='OT', task_name='classification', top_k=5, track_emissions=0, train_epochs=30, use_amp=False, use_future_temporal_feature=0, use_gpu=True, use_multi_gpu=False, use_norm=1)
Use GPU: cuda:0
120
TRAIN 120
320
TEST 320
trainable_params:225
units:cls_head=segpool
>>>>>>>start training : classification_CLSP_UWaveGestureLibrary_segpool_p25_none_SparseTSFPlus_UEA_sl96_pl0_dm16_nh8_el2_dl1_df32_fc1_ebtimeF_dtTrue_ClsP_0>>>>>>>>>>>>>>>>>>>>>>>>>>
120
TRAIN 120
320
TEST 320
320
TEST 320
Epoch: 1 cost time: 2.073784828186035
Epoch: 1, Steps: 8 | Train Loss: 2.166 Vali Loss: 2.159 Vali Acc: 0.087 Test Loss: 2.159 Test Acc: 0.087
Validation loss decreased (inf --> -0.087500).  Saving model ...
Epoch: 2 cost time: 0.0311129093170166
Epoch: 2, Steps: 8 | Train Loss: 2.150 Vali Loss: 2.157 Vali Acc: 0.087 Test Loss: 2.157 Test Acc: 0.087
Validation loss decreased (-0.087500 --> -0.087500).  Saving model ...
Epoch: 3 cost time: 0.034850120544433594
Epoch: 3, Steps: 8 | Train Loss: 2.152 Vali Loss: 2.155 Vali Acc: 0.087 Test Loss: 2.155 Test Acc: 0.087
Validation loss decreased (-0.087500 --> -0.087500).  Saving model ...
Epoch: 4 cost time: 0.031624555587768555
Epoch: 4, Steps: 8 | Train Loss: 2.145 Vali Loss: 2.153 Vali Acc: 0.091 Test Loss: 2.153 Test Acc: 0.091
Validation loss decreased (-0.087500 --> -0.090625).  Saving model ...
Epoch: 5 cost time: 0.03328394889831543
Epoch: 5, Steps: 8 | Train Loss: 2.139 Vali Loss: 2.152 Vali Acc: 0.094 Test Loss: 2.152 Test Acc: 0.094
Validation loss decreased (-0.090625 --> -0.093750).  Saving model ...
Epoch: 6 cost time: 0.031816959381103516
Epoch: 6, Steps: 8 | Train Loss: 2.135 Vali Loss: 2.150 Vali Acc: 0.097 Test Loss: 2.150 Test Acc: 0.097
Validation loss decreased (-0.093750 --> -0.096875).  Saving model ...
Epoch: 7 cost time: 0.03318381309509277
Epoch: 7, Steps: 8 | Train Loss: 2.145 Vali Loss: 2.148 Vali Acc: 0.097 Test Loss: 2.148 Test Acc: 0.097
Validation loss decreased (-0.096875 --> -0.096875).  Saving model ...
Epoch: 8 cost time: 0.033055782318115234
Epoch: 8, Steps: 8 | Train Loss: 2.142 Vali Loss: 2.146 Vali Acc: 0.097 Test Loss: 2.146 Test Acc: 0.097
Validation loss decreased (-0.096875 --> -0.096875).  Saving model ...
Epoch: 9 cost time: 0.03137469291687012
Epoch: 9, Steps: 8 | Train Loss: 2.121 Vali Loss: 2.144 Vali Acc: 0.097 Test Loss: 2.144 Test Acc: 0.097
Validation loss decreased (-0.096875 --> -0.096875).  Saving model ...
Epoch: 10 cost time: 0.03110504150390625
Epoch: 10, Steps: 8 | Train Loss: 2.125 Vali Loss: 2.143 Vali Acc: 0.100 Test Loss: 2.143 Test Acc: 0.100
Validation loss decreased (-0.096875 --> -0.100000).  Saving model ...
Epoch: 11 cost time: 0.030530691146850586
Epoch: 11, Steps: 8 | Train Loss: 2.130 Vali Loss: 2.141 Vali Acc: 0.100 Test Loss: 2.141 Test Acc: 0.100
Validation loss decreased (-0.100000 --> -0.100000).  Saving model ...
Epoch: 12 cost time: 0.029536962509155273
Epoch: 12, Steps: 8 | Train Loss: 2.137 Vali Loss: 2.139 Vali Acc: 0.103 Test Loss: 2.139 Test Acc: 0.103
Validation loss decreased (-0.100000 --> -0.103125).  Saving model ...
Epoch: 13 cost time: 0.03086686134338379
Epoch: 13, Steps: 8 | Train Loss: 2.125 Vali Loss: 2.138 Vali Acc: 0.103 Test Loss: 2.138 Test Acc: 0.103
Validation loss decreased (-0.103125 --> -0.103125).  Saving model ...
Epoch: 14 cost time: 0.03250432014465332
Epoch: 14, Steps: 8 | Train Loss: 2.133 Vali Loss: 2.136 Vali Acc: 0.103 Test Loss: 2.136 Test Acc: 0.103
Validation loss decreased (-0.103125 --> -0.103125).  Saving model ...
Epoch: 15 cost time: 0.03498220443725586
Epoch: 15, Steps: 8 | Train Loss: 2.131 Vali Loss: 2.134 Vali Acc: 0.103 Test Loss: 2.134 Test Acc: 0.103
Validation loss decreased (-0.103125 --> -0.103125).  Saving model ...
Epoch: 16 cost time: 0.03412294387817383
Epoch: 16, Steps: 8 | Train Loss: 2.122 Vali Loss: 2.133 Vali Acc: 0.103 Test Loss: 2.133 Test Acc: 0.103
Validation loss decreased (-0.103125 --> -0.103125).  Saving model ...
Epoch: 17 cost time: 0.03156447410583496
Epoch: 17, Steps: 8 | Train Loss: 2.131 Vali Loss: 2.131 Vali Acc: 0.106 Test Loss: 2.131 Test Acc: 0.106
Validation loss decreased (-0.103125 --> -0.106250).  Saving model ...
Epoch: 18 cost time: 0.030569076538085938
Epoch: 18, Steps: 8 | Train Loss: 2.114 Vali Loss: 2.130 Vali Acc: 0.106 Test Loss: 2.130 Test Acc: 0.106
Validation loss decreased (-0.106250 --> -0.106250).  Saving model ...
Epoch: 19 cost time: 0.031009435653686523
Epoch: 19, Steps: 8 | Train Loss: 2.115 Vali Loss: 2.128 Vali Acc: 0.106 Test Loss: 2.128 Test Acc: 0.106
Validation loss decreased (-0.106250 --> -0.106250).  Saving model ...
Epoch: 20 cost time: 0.03217887878417969
Epoch: 20, Steps: 8 | Train Loss: 2.118 Vali Loss: 2.127 Vali Acc: 0.106 Test Loss: 2.127 Test Acc: 0.106
Validation loss decreased (-0.106250 --> -0.106250).  Saving model ...
Epoch: 21 cost time: 0.030556201934814453
Epoch: 21, Steps: 8 | Train Loss: 2.123 Vali Loss: 2.125 Vali Acc: 0.106 Test Loss: 2.125 Test Acc: 0.106
Validation loss decreased (-0.106250 --> -0.106250).  Saving model ...
Epoch: 22 cost time: 0.037943124771118164
Epoch: 22, Steps: 8 | Train Loss: 2.111 Vali Loss: 2.124 Vali Acc: 0.106 Test Loss: 2.124 Test Acc: 0.106
Validation loss decreased (-0.106250 --> -0.106250).  Saving model ...
Epoch: 23 cost time: 0.03367805480957031
Epoch: 23, Steps: 8 | Train Loss: 2.108 Vali Loss: 2.123 Vali Acc: 0.106 Test Loss: 2.123 Test Acc: 0.106
Validation loss decreased (-0.106250 --> -0.106250).  Saving model ...
Epoch: 24 cost time: 0.03408074378967285
Epoch: 24, Steps: 8 | Train Loss: 2.120 Vali Loss: 2.121 Vali Acc: 0.106 Test Loss: 2.121 Test Acc: 0.106
Validation loss decreased (-0.106250 --> -0.106250).  Saving model ...
Epoch: 25 cost time: 0.03303813934326172
Epoch: 25, Steps: 8 | Train Loss: 2.105 Vali Loss: 2.120 Vali Acc: 0.106 Test Loss: 2.120 Test Acc: 0.106
Validation loss decreased (-0.106250 --> -0.106250).  Saving model ...
Epoch: 26 cost time: 0.03159666061401367
Epoch: 26, Steps: 8 | Train Loss: 2.105 Vali Loss: 2.118 Vali Acc: 0.106 Test Loss: 2.118 Test Acc: 0.106
Validation loss decreased (-0.106250 --> -0.106250).  Saving model ...
Epoch: 27 cost time: 0.03208160400390625
Epoch: 27, Steps: 8 | Train Loss: 2.109 Vali Loss: 2.117 Vali Acc: 0.106 Test Loss: 2.117 Test Acc: 0.106
Validation loss decreased (-0.106250 --> -0.106250).  Saving model ...
Epoch: 28 cost time: 0.031569480895996094
Epoch: 28, Steps: 8 | Train Loss: 2.115 Vali Loss: 2.116 Vali Acc: 0.106 Test Loss: 2.116 Test Acc: 0.106
Validation loss decreased (-0.106250 --> -0.106250).  Saving model ...
Epoch: 29 cost time: 0.037094831466674805
Epoch: 29, Steps: 8 | Train Loss: 2.118 Vali Loss: 2.115 Vali Acc: 0.106 Test Loss: 2.115 Test Acc: 0.106
Validation loss decreased (-0.106250 --> -0.106250).  Saving model ...
Epoch: 30 cost time: 0.03055858612060547
Epoch: 30, Steps: 8 | Train Loss: 2.103 Vali Loss: 2.113 Vali Acc: 0.106 Test Loss: 2.113 Test Acc: 0.106
Validation loss decreased (-0.106250 --> -0.106250).  Saving model ...
>>>>>>>testing : classification_CLSP_UWaveGestureLibrary_segpool_p25_none_SparseTSFPlus_UEA_sl96_pl0_dm16_nh8_el2_dl1_df32_fc1_ebtimeF_dtTrue_ClsP_0<<<<<<<<<<<<<<<<<<<<<<<<<<<<<<<<<
320
TEST 320
test shape: torch.Size([320, 8]) torch.Size([320, 1])
accuracy:0.10625
