Args in experiment:
Namespace(activation='gelu', anomaly_ratio=0.25, batch_size=16, c_out=7, channel_independence=1, checkpoints='./checkpoints/', comment='none', d_ff=32, d_layers=1, d_model=16, data='UEA', data_path='ETTh1.csv', dec_in=7, decomp_method='moving_avg', des='ClsP', devices='0,1', distil=True, down_sampling_layers=0, down_sampling_method='avg', down_sampling_window=1, drop_last=True, dropout=0.1, e_layers=2, embed='timeF', emissions_file='emissions.csv', emissions_output_dir='.', enc_in=1, factor=1, features='M', freq='h', gpu=0, inverse=False, is_training=1, itr=1, label_len=48, learning_rate=0.001, loss='MSE', lradj='TST', mask_rate=0.125, model='SparseTSFPlus', model_id='CLSP_UWaveGestureLibrary_segpool', model_type='linear', moving_avg=25, n_heads=8, num_kernels=6, num_workers=0, output_attention=False, p_hidden_dims=[128, 128], p_hidden_layers=2, patience=10, pct_start=0.2, percent=100, period_len=1, pred_len=0, root_path='<workspace>\\dataset\\UWaveGestureLibrary', seasonal_patterns='Monthly', seq_len=96, stsf_cls_head='segpool', stsf_cls_segments=8, stsf_decomp='off', stsf_decomp_kernel=25, stsf_diag_mask=0, stsf_impute_passes=1, stsf_linear_bias=0, stsf_mask_conv=0, stsf_pad_fold=0, stsf_periods='', stsf_phase_kernel=3, stsf_phase_mix='off', stsf_phase_rank=0, stsf_revin=0, stsf_revin_affine=0, target='OT', task_name='classification', top_k=5, track_emissions=0, train_epochs=30, use_amp=False, use_future_temporal_feature=0, use_gpu=True, use_multi_gpu=False, use_norm=1)
Use GPU: cuda:0
120
TRAIN 120
320
TEST 320
trainable_params:201
units:cls_head=segpool
>>>>>>>start training : classification_CLSP_UWaveGestureLibrary_segpool_none_SparseTSFPlus_UEA_sl96_pl0_dm16_nh8_el2_dl1_df32_fc1_ebtimeF_dtTrue_ClsP_0>>>>>>>>>>>>>>>>>>>>>>>>>>
120
TRAIN 120
320
TEST 320
320
TEST 320
Epoch: 1 cost time: 2.161492347717285
Epoch: 1, Steps: 8 | Train Loss: 2.113 Vali Loss: 2.112 Vali Acc: 0.113 Test Loss: 2.112 Test Acc: 0.113
Validation loss decreased (inf --> -0.112500).  Saving model ...
Epoch: 2 cost time: 0.032251596450805664
Epoch: 2, Steps: 8 | Train Loss: 2.113 Vali Loss: 2.111 Vali Acc: 0.109 Test Loss: 2.111 Test Acc: 0.109
EarlyStopping counter: 1 out of 10
Epoch: 3 cost time: 0.0307309627532959
Epoch: 3, Steps: 8 | Train Loss: 2.114 Vali Loss: 2.111 Vali Acc: 0.109 Test Loss: 2.111 Test Acc: 0.109
EarlyStopping counter: 2 out of 10
Epoch: 4 cost time: 0.03151082992553711
Epoch: 4, Steps: 8 | Train Loss: 2.117 Vali Loss: 2.111 Vali Acc: 0.109 Test Loss: 2.111 Test Acc: 0.109
EarlyStopping counter: 3 out of 10
Epoch: 5 cost time: 0.03169846534729004
Epoch: 5, Steps: 8 | Train Loss: 2.115 Vali Loss: 2.110 Vali Acc: 0.109 Test Loss: 2.110 Test Acc: 0.109
EarlyStopping counter: 4 out of 10
Epoch: 6 cost time: 0.034143686294555664
Epoch: 6, Steps: 8 | Train Loss: 2.115 Vali Loss: 2.110 Vali Acc: 0.109 Test Loss: 2.110 Test Acc: 0.109
EarlyStopping counter: 5 out of 10
Epoch: 7 cost time: 0.030999422073364258
Epoch: 7, Steps: 8 | Train Loss: 2.121 Vali Loss: 2.109 Vali Acc: 0.109 Test Loss: 2.109 Test Acc: 0.109
EarlyStopping counter: 6 out of 10
Epoch: 8 cost time: 0.036592960357666016
Epoch: 8, Steps: 8 | Train Loss: 2.112 Vali Loss: 2.109 Vali Acc: 0.113 Test Loss: 2.109 Test Acc: 0.113
Validation loss decreased (-0.112500 --> -0.112500).  Saving model ...
Epoch: 9 cost time: 0.029935598373413086
Epoch: 9, Steps: 8 | Train Loss: 2.109 Vali Loss: 2.109 Vali Acc: 0.113 Test Loss: 2.109 Test Acc: 0.113
Validation loss decreased (-0.112500 --> -0.112500).  Saving model ...
Epoch: 10 cost time: 0.029851675033569336
Epoch: 10, Steps: 8 | Train Loss: 2.116 Vali Loss: 2.108 Vali Acc: 0.113 Test Loss: 2.108 Test Acc: 0.113
Validation loss decreased (-0.112500 --> -0.112500).  Saving model ...
Epoch: 11 cost time: 0.03230428695678711
Epoch: 11, Steps: 8 | Train Loss: 2.112 Vali Loss: 2.108 Vali Acc: 0.113 Test Loss: 2.108 Test Acc: 0.113
Validation loss decreased (-0.112500 --> -0.112500).  Saving model ...
Epoch: 12 cost time: 0.03220868110656738
Epoch: 12, Steps: 8 | Train Loss: 2.113 Vali Loss: 2.108 Vali Acc: 0.113 Test Loss: 2.108 Test Acc: 0.113
Validation loss decreased (-0.112500 --> -0.112500).  Saving model ...
Epoch: 13 cost time: 0.031144142150878906
Epoch: 13, Steps: 8 | Train Loss: 2.116 Vali Loss: 2.107 Vali Acc: 0.113 Test Loss: 2.107 Test Acc: 0.113
Validation loss decreased (-0.112500 --> -0.112500).  Saving model ...
Epoch: 14 cost time: 0.033693552017211914
Epoch: 14, Steps: 8 | Train Loss: 2.112 Vali Loss: 2.107 Vali Acc: 0.113 Test Loss: 2.107 Test Acc: 0.113
Validation loss decreased (-0.112500 --> -0.112500).  Saving model ...
Epoch: 15 cost time: 0.032679080963134766
Epoch: 15, Steps: 8 | Train Loss: 2.112 Vali Loss: 2.106 Vali Acc: 0.113 Test Loss: 2.106 Test Acc: 0.113
Validation loss decreased (-0.112500 --> -0.112500).  Saving model ...
Epoch: 16 cost time: 0.03311467170715332
Epoch: 16, Steps: 8 | Train Loss: 2.110 Vali Loss: 2.106 Vali Acc: 0.116 Test Loss: 2.106 Test Acc: 0.116
Validation loss decreased (-0.112500 --> -0.115625).  Saving model ...
Epoch: 17 cost time: 0.036624908447265625
Epoch: 17, Steps: 8 | Train Loss: 2.107 Vali Loss: 2.106 Vali Acc: 0.116 Test Loss: 2.106 Test Acc: 0.116
Validation loss decreased (-0.115625 --> -0.115625).  Saving model ...
Epoch: 18 cost time: 0.04008150100708008
Epoch: 18, Steps: 8 | Train Loss: 2.112 Vali Loss: 2.105 Vali Acc: 0.116 Test Loss: 2.105 Test Acc: 0.116
Validation loss decreased (-0.115625 --> -0.115625).  Saving model ...
Epoch: 19 cost time: 0.040674448013305664
Epoch: 19, Steps: 8 | Train Loss: 2.112 Vali Loss: 2.105 Vali Acc: 0.119 Test Loss: 2.105 Test Acc: 0.119
Validation loss decreased (-0.115625 --> -0.118750).  Saving model ...
Epoch: 20 cost time: 0.03856372833251953
Epoch: 20, Steps: 8 | Train Loss: 2.104 Vali Loss: 2.105 Vali Acc: 0.119 Test Loss: 2.105 Test Acc: 0.119
Validation loss decreased (-0.118750 --> -0.118750).  Saving model ...
Epoch: 21 cost time: 0.035077571868896484
Epoch: 21, Steps: 8 | Train Loss: 2.107 Vali Loss: 2.104 Vali Acc: 0.122 Test Loss: 2.104 Test Acc: 0.122
Validation loss decreased (-0.118750 --> -0.121875).  Saving model ...
Epoch: 22 cost time: 0.03304338455200195
Epoch: 22, Steps: 8 | Train Loss: 2.108 Vali Loss: 2.104 Vali Acc: 0.122 Test Loss: 2.104 Test Acc: 0.122
Validation loss decreased (-0.121875 --> -0.121875).  Saving model ...
Epoch: 23 cost time: 0.03510165214538574
Epoch: 23, Steps: 8 | Train Loss: 2.107 Vali Loss: 2.104 Vali Acc: 0.122 Test Loss: 2.104 Test Acc: 0.122
Validation loss decreased (-0.121875 --> -0.121875).  Saving model ...
Epoch: 24 cost time: 0.032598018646240234
Epoch: 24, Steps: 8 | Train Loss: 2.107 Vali Loss: 2.103 Vali Acc: 0.122 Test Loss: 2.103 Test Acc: 0.122
Validation loss decreased (-0.121875 --> -0.121875).  Saving model ...
Epoch: 25 cost time: 0.033976078033447266
Epoch: 25, Steps: 8 | Train Loss: 2.108 Vali Loss: 2.103 Vali Acc: 0.122 Test Loss: 2.103 Test Acc: 0.122
Validation loss decreased (-0.121875 --> -0.121875).  Saving model ...
Epoch: 26 cost time: 0.03619790077209473
Epoch: 26, Steps: 8 | Train Loss: 2.108 Vali Loss: 2.102 Vali Acc: 0.122 Test Loss: 2.102 Test Acc: 0.122
Validation loss decreased (-0.121875 --> -0.121875).  Saving model ...
Epoch: 27 cost time: 0.03273153305053711
Epoch: 27, Steps: 8 | Train Loss: 2.106 Vali Loss: 2.102 Vali Acc: 0.122 Test Loss: 2.102 Test Acc: 0.122
Validation loss decreased (-0.121875 --> -0.121875).  Saving model ...
Epoch: 28 cost time: 0.0321812629699707
Epoch: 28, Steps: 8 | Train Loss: 2.104 Vali Loss: 2.102 Vali Acc: 0.122 Test Loss: 2.102 Test Acc: 0.122
Validation loss decreased (-0.121875 --> -0.121875).  Saving model ...
Epoch: 29 cost time: 0.03206372261047363
Epoch: 29, Steps: 8 | Train Loss: 2.101 Vali Loss: 2.101 Vali Acc: 0.122 Test Loss: 2.101 Test Acc: 0.122
Validation loss decreased (-0.121875 --> -0.121875).  Saving model ...
Epoch: 30 cost time: 0.03323173522949219
Epoch: 30, Steps: 8 | Train Loss: 2.110 Vali Loss: 2.101 Vali Acc: 0.122 Test Loss: 2.101 Test Acc: 0.122
Validation loss decreased (-0.121875 --> -0.121875).  Saving model ...
>>>>>>>testing : classification_CLSP_UWaveGestureLibrary_segpool_none_SparseTSFPlus_UEA_sl96_pl0_dm16_nh8_el2_dl1_df32_fc1_ebtimeF_dtTrue_ClsP_0<<<<<<<<<<<<<<<<<<<<<<<<<<<<<<<<<
320
TEST 320
test shape: torch.Size([320, 8]) torch.Size([320, 1])
accuracy:0.121875
