Args in experiment:
Namespace(activation='gelu', anomaly_ratio=0.25, batch_size=16, c_out=7, channel_independence=1, checkpoints='./checkpoints/', comment='none', d_ff=32, d_layers=1, d_model=16, data='UEA', data_path='ETTh1.csv', dec_in=7, decomp_method='moving_avg', des='ClsP', devices='0,1', distil=True, down_sampling_layers=0, down_sampling_method='avg', down_sampling_window=1, drop_last=True, dropout=0.1, e_layers=2, embed='timeF', emissions_file='emissions.csv', emissions_output_dir='.', enc_in=1, factor=1, features='M', freq='h', gpu=0, inverse=False, is_training=1, itr=1, label_len=48, learning_rate=0.001, loss='MSE', lradj='TST', mask_rate=0.125, model='SparseTSFPlus', model_id='CLSP_UWaveGestureLibrary_stats', model_type='linear', moving_avg=25, n_heads=8, num_kernels=6, num_workers=0, output_attention=False, p_hidden_dims=[128, 128], p_hidden_layers=2, patience=10, pct_start=0.2, percent=100, period_len=1, pred_len=0, root_path='<workspace>\\dataset\\UWaveGestureLibrary', seasonal_patterns='Monthly', seq_len=96, stsf_cls_head='stats', stsf_cls_segments=8, stsf_decomp='off', stsf_decomp_kernel=25, stsf_diag_mask=0, stsf_impute_passes=1, stsf_linear_bias=0, stsf_mask_conv=0, stsf_pad_fold=0, stsf_periods='', stsf_phase_kernel=3, stsf_phase_mix='off', stsf_phase_rank=0, stsf_revin=0, stsf_revin_affine=0, target='OT', task_name='classification', top_k=5, track_emissions=0, train_epochs=30, use_amp=False, use_future_temporal_feature=0, use_gpu=True, use_multi_gpu=False, use_norm=1)
Use GPU: cuda:0
120
TRAIN 120
320
TEST 320
trainable_params:81
units:cls_head=stats
>>>>>>>start training : classification_CLSP_UWaveGestureLibrary_stats_none_SparseTSFPlus_UEA_sl96_pl0_dm16_nh8_el2_dl1_df32_fc1_ebtimeF_dtTrue_ClsP_0>>>>>>>>>>>>>>>>>>>>>>>>>>
120
TRAIN 120
320
TEST 320
320
TEST 320
Epoch: 1 cost time: 2.0086405277252197
Epoch: 1, Steps: 8 | Train Loss: 2.119 Vali Loss: 2.124 Vali Acc: 0.094 Test Loss: 2.124 Test Acc: 0.094
Validation loss decreased (inf --> -0.093750).  Saving model ...
Epoch: 2 cost time: 0.034852027893066406
Epoch: 2, Steps: 8 | Train Loss: 2.115 Vali Loss: 2.124 Vali Acc: 0.094 Test Loss: 2.124 Test Acc: 0.094
Validation loss decreased (-0.093750 --> -0.093750).  Saving model ...
Epoch: 3 cost time: 0.037529706954956055
Epoch: 3, Steps: 8 | Train Loss: 2.123 Vali Loss: 2.123 Vali Acc: 0.094 Test Loss: 2.123 Test Acc: 0.094
Validation loss decreased (-0.093750 --> -0.093750).  Saving model ...
Epoch: 4 cost time: 0.03464245796203613
Epoch: 4, Steps: 8 | Train Loss: 2.125 Vali Loss: 2.123 Vali Acc: 0.094 Test Loss: 2.123 Test Acc: 0.094
Validation loss decreased (-0.093750 --> -0.093750).  Saving model ...
Epoch: 5 cost time: 0.032562971115112305
Epoch: 5, Steps: 8 | Train Loss: 2.119 Vali Loss: 2.123 Vali Acc: 0.094 Test Loss: 2.123 Test Acc: 0.094
Validation loss decreased (-0.093750 --> -0.093750).  Saving model ...
Epoch: 6 cost time: 0.03467249870300293
Epoch: 6, Steps: 8 | Train Loss: 2.128 Vali Loss: 2.123 Vali Acc: 0.094 Test Loss: 2.123 Test Acc: 0.094
Validation loss decreased (-0.093750 --> -0.093750).  Saving model ...
Epoch: 7 cost time: 0.03506207466125488
Epoch: 7, Steps: 8 | Train Loss: 2.118 Vali Loss: 2.123 Vali Acc: 0.094 Test Loss: 2.123 Test Acc: 0.094
Validation loss decreased (-0.093750 --> -0.093750).  Saving model ...
Epoch: 8 cost time: 0.034638166427612305
Epoch: 8, Steps: 8 | Train Loss: 2.125 Vali Loss: 2.123 Vali Acc: 0.094 Test Loss: 2.123 Test Acc: 0.094
Validation loss decreased (-0.093750 --> -0.093750).  Saving model ...
Epoch: 9 cost time: 0.03371691703796387
Epoch: 9, Steps: 8 | Train Loss: 2.108 Vali Loss: 2.123 Vali Acc: 0.094 Test Loss: 2.123 Test Acc: 0.094
Validation loss decreased (-0.093750 --> -0.093750).  Saving model ...
Epoch: 10 cost time: 0.03403949737548828
Epoch: 10, Steps: 8 | Train Loss: 2.114 Vali Loss: 2.122 Vali Acc: 0.094 Test Loss: 2.122 Test Acc: 0.094
Validation loss decreased (-0.093750 --> -0.093750).  Saving model ...
Epoch: 11 cost time: 0.03671717643737793
Epoch: 11, Steps: 8 | Train Loss: 2.115 Vali Loss: 2.122 Vali Acc: 0.094 Test Loss: 2.122 Test Acc: 0.094
Validation loss decreased (-0.093750 --> -0.093750).  Saving model ...
Epoch: 12 cost time: 0.03209877014160156
Epoch: 12, Steps: 8 | Train Loss: 2.123 Vali Loss: 2.122 Vali Acc: 0.094 Test Loss: 2.122 Test Acc: 0.094
Validation loss decreased (-0.093750 --> -0.093750).  Saving model ...
Epoch: 13 cost time: 0.03309154510498047
Epoch: 13, Steps: 8 | Train Loss: 2.126 Vali Loss: 2.122 Vali Acc: 0.094 Test Loss: 2.122 Test Acc: 0.094
Validation loss decreased (-0.093750 --> -0.093750).  Saving model ...
Epoch: 14 cost time: 0.03606009483337402
Epoch: 14, Steps: 8 | Train Loss: 2.114 Vali Loss: 2.122 Vali Acc: 0.091 Test Loss: 2.122 Test Acc: 0.091
EarlyStopping counter: 1 out of 10
Epoch: 15 cost time: 0.03366827964782715
Epoch: 15, Steps: 8 | Train Loss: 2.117 Vali Loss: 2.122 Vali Acc: 0.091 Test Loss: 2.122 Test Acc: 0.091
EarlyStopping counter: 2 out of 10
Epoch: 16 cost time: 0.03512072563171387
Epoch: 16, Steps: 8 | Train Loss: 2.124 Vali Loss: 2.122 Vali Acc: 0.091 Test Loss: 2.122 Test Acc: 0.091
EarlyStopping counter: 3 out of 10
Epoch: 17 cost time: 0.0355379581451416
Epoch: 17, Steps: 8 | Train Loss: 2.116 Vali Loss: 2.122 Vali Acc: 0.091 Test Loss: 2.122 Test Acc: 0.091
EarlyStopping counter: 4 out of 10
Epoch: 18 cost time: 0.03366827964782715
Epoch: 18, Steps: 8 | Train Loss: 2.117 Vali Loss: 2.121 Vali Acc: 0.091 Test Loss: 2.121 Test Acc: 0.091
EarlyStopping counter: 5 out of 10
Epoch: 19 cost time: 0.03514981269836426
Epoch: 19, Steps: 8 | Train Loss: 2.111 Vali Loss: 2.121 Vali Acc: 0.087 Test Loss: 2.121 Test Acc: 0.087
EarlyStopping counter: 6 out of 10
Epoch: 20 cost time: 0.03920578956604004
Epoch: 20, Steps: 8 | Train Loss: 2.116 Vali Loss: 2.121 Vali Acc: 0.087 Test Loss: 2.121 Test Acc: 0.087
EarlyStopping counter: 7 out of 10
Epoch: 21 cost time: 0.03482770919799805
Epoch: 21, Steps: 8 | Train Loss: 2.108 Vali Loss: 2.121 Vali Acc: 0.087 Test Loss: 2.121 Test Acc: 0.087
EarlyStopping counter: 8 out of 10
Epoch: 22 cost time: 0.03612709045410156
Epoch: 22, Steps: 8 | Train Loss: 2.114 Vali Loss: 2.121 Vali Acc: 0.087 Test Loss: 2.121 Test Acc: 0.087
EarlyStopping counter: 9 out of 10
Epoch: 23 cost time: 0.035050392150878906
Epoch: 23, Steps: 8 | Train Loss: 2.123 Vali Loss: 2.121 Vali Acc: 0.087 Test Loss: 2.121 Test Acc: 0.087
EarlyStopping counter: 10 out of 10
Early stopping
>>>>>>>testing : classification_CLSP_UWaveGestureLibrary_stats_none_SparseTSFPlus_UEA_sl96_pl0_dm16_nh8_el2_dl1_df32_fc1_ebtimeF_dtTrue_ClsP_0<<<<<<<<<<<<<<<<<<<<<<<<<<<<<<<<<
320
TEST 320
test shape: torch.Size([320, 8]) torch.Size([320, 1])
accuracy:0.09375
