Args in experiment:
Namespace(activation='gelu', anomaly_ratio=0.25, batch_size=16, c_out=7, channel_independence=1, checkpoints='./checkpoints/', comment='none', d_ff=32, d_layers=1, d_model=16, data='UEA', data_path='ETTh1.csv', dec_in=7, decomp_method='moving_avg', des='ClsP', devices='0,1', distil=True, down_sampling_layers=0, down_sampling_method='avg', down_sampling_window=1, drop_last=True, dropout=0.1, e_layers=2, embed='timeF', emissions_file='emissions.csv', emissions_output_dir='.', enc_in=1, factor=1, features='M', freq='h', gpu=0, inverse=False, is_training=1, itr=1, label_len=48, learning_rate=0.001, loss='MSE', lradj='TST', mask_rate=0.125, model='SparseTSFPlus', model_id='CLSP_UWaveGestureLibrary_flatfix', model_type='linear', moving_avg=25, n_heads=8, num_kernels=6, num_workers=0, output_attention=False, p_hidden_dims=[128, 128], p_hidden_layers=2, patience=10, pct_start=0.2, percent=100, period_len=1, pred_len=0, root_path='<workspace>\\dataset\\UWaveGestureLibrary', seasonal_patterns='Monthly', seq_len=96, stsf_cls_head='flat_fixed', stsf_cls_segments=8, stsf_decomp='off', stsf_decomp_kernel=25, stsf_diag_mask=0, stsf_impute_passes=1, stsf_linear_bias=0, stsf_mask_conv=0, stsf_pad_fold=0, stsf_periods='', stsf_phase_kernel=3, stsf_phase_mix='off', stsf_phase_rank=0, stsf_revin=0, stsf_revin_affine=0, target='OT', task_name='classification', top_k=5, track_emissions=0, train_epochs=30, use_amp=False, use_future_temporal_feature=0, use_gpu=True, use_multi_gpu=False, use_norm=1)
Use GPU: cuda:0
120
TRAIN 120
320
TEST 320
trainable_params:7569
units:cls_head=flat_fixed
>>>>>>>start training : classification_CLSP_UWaveGestureLibrary_flatfix_none_SparseTSFPlus_UEA_sl96_pl0_dm16_nh8_el2_dl1_df32_fc1_ebtimeF_dtTrue_ClsP_0>>>>>>>>>>>>>>>>>>>>>>>>>>
120
TRAIN 120
320
TEST 320
320
TEST 320
Epoch: 1 cost time: 1.9230446815490723
Epoch: 1, Steps: 8 | Train Loss: 2.052 Vali Loss: 2.044 Vali Acc: 0.188 Test Loss: 2.044 Test Acc: 0.188
Validation loss decreased (inf --> -0.187500).  Saving model ...
Epoch: 2 cost time: 0.03209376335144043
Epoch: 2, Steps: 8 | Train Loss: 2.038 Vali Loss: 2.030 Vali Acc: 0.241 Test Loss: 2.030 Test Acc: 0.241
Validation loss decreased (-0.187500 --> -0.240625).  Saving model ...
Epoch: 3 cost time: 0.026819229125976562
Epoch: 3, Steps: 8 | Train Loss: 2.022 Vali Loss: 2.016 Vali Acc: 0.287 Test Loss: 2.016 Test Acc: 0.287
Validation loss decreased (-0.240625 --> -0.287500).  Saving model ...
Epoch: 4 cost time: 0.02785778045654297
Epoch: 4, Steps: 8 | Train Loss: 2.004 Vali Loss: 2.003 Vali Acc: 0.328 Test Loss: 2.003 Test Acc: 0.328
Validation loss decreased (-0.287500 --> -0.328125).  Saving model ...
Epoch: 5 cost time: 0.03301715850830078
Epoch: 5, Steps: 8 | Train Loss: 1.997 Vali Loss: 1.990 Vali Acc: 0.356 Test Loss: 1.990 Test Acc: 0.356
Validation loss decreased (-0.328125 --> -0.356250).  Saving model ...
Epoch: 6 cost time: 0.03253316879272461
Epoch: 6, Steps: 8 | Train Loss: 1.980 Vali Loss: 1.976 Vali Acc: 0.403 Test Loss: 1.976 Test Acc: 0.403
Validation loss decreased (-0.356250 --> -0.403125).  Saving model ...
Epoch: 7 cost time: 0.03259849548339844
Epoch: 7, Steps: 8 | Train Loss: 1.962 Vali Loss: 1.964 Vali Acc: 0.450 Test Loss: 1.964 Test Acc: 0.450
Validation loss decreased (-0.403125 --> -0.450000).  Saving model ...
Epoch: 8 cost time: 0.03142690658569336
Epoch: 8, Steps: 8 | Train Loss: 1.953 Vali Loss: 1.951 Vali Acc: 0.491 Test Loss: 1.951 Test Acc: 0.491
Validation loss decreased (-0.450000 --> -0.490625).  Saving model ...
Epoch: 9 cost time: 0.03610634803771973
Epoch: 9, Steps: 8 | Train Loss: 1.941 Vali Loss: 1.938 Vali Acc: 0.534 Test Loss: 1.938 Test Acc: 0.534
Validation loss decreased (-0.490625 --> -0.534375).  Saving model ...
Epoch: 10 cost time: 0.03858518600463867
Epoch: 10, Steps: 8 | Train Loss: 1.931 Vali Loss: 1.925 Vali Acc: 0.562 Test Loss: 1.925 Test Acc: 0.562
Validation loss decreased (-0.534375 --> -0.562500).  Saving model ...
Epoch: 11 cost time: 0.03262495994567871
Epoch: 11, Steps: 8 | Train Loss: 1.919 Vali Loss: 1.912 Vali Acc: 0.591 Test Loss: 1.912 Test Acc: 0.591
Validation loss decreased (-0.562500 --> -0.590625).  Saving model ...
Epoch: 12 cost time: 0.031058549880981445
Epoch: 12, Steps: 8 | Train Loss: 1.903 Vali Loss: 1.899 Vali Acc: 0.600 Test Loss: 1.899 Test Acc: 0.600
Validation loss decreased (-0.590625 --> -0.600000).  Saving model ...
Epoch: 13 cost time: 0.031598567962646484
Epoch: 13, Steps: 8 | Train Loss: 1.885 Vali Loss: 1.887 Vali Acc: 0.616 Test Loss: 1.887 Test Acc: 0.616
Validation loss decreased (-0.600000 --> -0.615625).  Saving model ...
Epoch: 14 cost time: 0.03183746337890625
Epoch: 14, Steps: 8 | Train Loss: 1.869 Vali Loss: 1.874 Vali Acc: 0.631 Test Loss: 1.874 Test Acc: 0.631
Validation loss decreased (-0.615625 --> -0.631250).  Saving model ...
Epoch: 15 cost time: 0.03302431106567383
Epoch: 15, Steps: 8 | Train Loss: 1.856 Vali Loss: 1.862 Vali Acc: 0.637 Test Loss: 1.862 Test Acc: 0.637
Validation loss decreased (-0.631250 --> -0.637500).  Saving model ...
Epoch: 16 cost time: 0.03070068359375
Epoch: 16, Steps: 8 | Train Loss: 1.848 Vali Loss: 1.849 Vali Acc: 0.647 Test Loss: 1.849 Test Acc: 0.647
Validation loss decreased (-0.637500 --> -0.646875).  Saving model ...
Epoch: 17 cost time: 0.03362727165222168
Epoch: 17, Steps: 8 | Train Loss: 1.833 Vali Loss: 1.837 Vali Acc: 0.653 Test Loss: 1.837 Test Acc: 0.653
Validation loss decreased (-0.646875 --> -0.653125).  Saving model ...
Epoch: 18 cost time: 0.030161619186401367
Epoch: 18, Steps: 8 | Train Loss: 1.817 Vali Loss: 1.825 Vali Acc: 0.678 Test Loss: 1.825 Test Acc: 0.678
Validation loss decreased (-0.653125 --> -0.678125).  Saving model ...
Epoch: 19 cost time: 0.03409314155578613
Epoch: 19, Steps: 8 | Train Loss: 1.808 Vali Loss: 1.813 Vali Acc: 0.694 Test Loss: 1.813 Test Acc: 0.694
Validation loss decreased (-0.678125 --> -0.693750).  Saving model ...
Epoch: 20 cost time: 0.031566619873046875
Epoch: 20, Steps: 8 | Train Loss: 1.797 Vali Loss: 1.800 Vali Acc: 0.694 Test Loss: 1.800 Test Acc: 0.694
Validation loss decreased (-0.693750 --> -0.693750).  Saving model ...
Epoch: 21 cost time: 0.03222227096557617
Epoch: 21, Steps: 8 | Train Loss: 1.781 Vali Loss: 1.788 Vali Acc: 0.706 Test Loss: 1.788 Test Acc: 0.706
Validation loss decreased (-0.693750 --> -0.706250).  Saving model ...
Epoch: 22 cost time: 0.03102421760559082
Epoch: 22, Steps: 8 | Train Loss: 1.761 Vali Loss: 1.776 Vali Acc: 0.709 Test Loss: 1.776 Test Acc: 0.709
Validation loss decreased (-0.706250 --> -0.709375).  Saving model ...
Epoch: 23 cost time: 0.03398442268371582
Epoch: 23, Steps: 8 | Train Loss: 1.754 Vali Loss: 1.764 Vali Acc: 0.709 Test Loss: 1.764 Test Acc: 0.709
Validation loss decreased (-0.709375 --> -0.709375).  Saving model ...
Epoch: 24 cost time: 0.03299355506896973
Epoch: 24, Steps: 8 | Train Loss: 1.746 Vali Loss: 1.752 Vali Acc: 0.713 Test Loss: 1.752 Test Acc: 0.713
Validation loss decreased (-0.709375 --> -0.712500).  Saving model ...
Epoch: 25 cost time: 0.032947540283203125
Epoch: 25, Steps: 8 | Train Loss: 1.731 Vali Loss: 1.740 Vali Acc: 0.713 Test Loss: 1.740 Test Acc: 0.713
Validation loss decreased (-0.712500 --> -0.712500).  Saving model ...
Epoch: 26 cost time: 0.03493785858154297
Epoch: 26, Steps: 8 | Train Loss: 1.726 Vali Loss: 1.729 Vali Acc: 0.716 Test Loss: 1.729 Test Acc: 0.716
Validation loss decreased (-0.712500 --> -0.715625).  Saving model ...
Epoch: 27 cost time: 0.03361916542053223
Epoch: 27, Steps: 8 | Train Loss: 1.704 Vali Loss: 1.717 Vali Acc: 0.716 Test Loss: 1.717 Test Acc: 0.716
Validation loss decreased (-0.715625 --> -0.715625).  Saving model ...
Epoch: 28 cost time: 0.03252720832824707
Epoch: 28, Steps: 8 | Train Loss: 1.687 Vali Loss: 1.705 Vali Acc: 0.722 Test Loss: 1.705 Test Acc: 0.722
Validation loss decreased (-0.715625 --> -0.721875).  Saving model ...
Epoch: 29 cost time: 0.033921241760253906
Epoch: 29, Steps: 8 | Train Loss: 1.687 Vali Loss: 1.694 Vali Acc: 0.725 Test Loss: 1.694 Test Acc: 0.725
Validation loss decreased (-0.721875 --> -0.725000).  Saving model ...
Epoch: 30 cost time: 0.03567910194396973
Epoch: 30, Steps: 8 | Train Loss: 1.668 Vali Loss: 1.683 Vali Acc: 0.728 Test Loss: 1.683 Test Acc: 0.728
Validation loss decreased (-0.725000 --> -0.728125).  Saving model ...
>>>>>>>testing : classification_CLSP_UWaveGestureLibrary_flatfix_none_SparseTSFPlus_UEA_sl96_pl0_dm16_nh8_el2_dl1_df32_fc1_ebtimeF_dtTrue_ClsP_0<<<<<<<<<<<<<<<<<<<<<<<<<<<<<<<<<
320
TEST 320
test shape: torch.Size([320, 8]) torch.Size([320, 1])
accuracy:0.728125
