Args in experiment:
Namespace(activation='gelu', anomaly_ratio=0.25, batch_size=16, c_out=1, channel_independence=1, checkpoints='./checkpoints/', comment='none', d_ff=32, d_layers=1, d_model=16, data='m4', data_path='ETTh1.csv', dec_in=1, decomp_method='moving_avg', des='M4', devices='0,1', distil=True, down_sampling_layers=0, down_sampling_method='avg', down_sampling_window=1, drop_last=True, dropout=0.1, e_layers=2, embed='timeF', emissions_file='emissions.csv', emissions_output_dir='.', enc_in=1, factor=1, features='M', freq='h', gpu=0, inverse=False, is_training=1, itr=1, label_len=48, learning_rate=0.01, loss='SMAPE', lradj='TST', mask_rate=0.125, model='SparseTSF', model_id='M4_SparseTSF_Weekly', model_type='linear', moving_avg=25, n_heads=8, num_kernels=6, num_workers=0, output_attention=False, p_hidden_dims=[128, 128], p_hidden_layers=2, patience=5, pct_start=0.2, period_len=13, pred_len=96, root_path='<workspace>\\dataset\\m4', seasonal_patterns='Weekly', seq_len=96, target='OT', task_name='short_term_forecast', top_k=5, track_emissions=0, train_epochs=10, use_amp=False, use_future_temporal_feature=0, use_gpu=True, use_multi_gpu=False, use_norm=1)
Use GPU: cuda:0
>>>>>>>start training : short_term_forecast_M4_SparseTSF_Weekly_none_SparseTSF_m4_sl96_pl96_dm16_nh8_el2_dl1_df32_fc1_ebtimeF_dtTrue_M4_0>>>>>>>>>>>>>>>>>>>>>>>>>>
train 359
val 359
Epoch: 1 cost time: 3.852518081665039
Epoch: 1, Steps: 23 | Train Loss: 11.7687676 Vali Loss: 12.7835783 Test Loss: 12.7835783
Validation loss decreased (inf --> 12.783578).  Saving model ...
Updating learning rate to 0.005367517584172003
Epoch: 2 cost time: 0.13743352890014648
Epoch: 2, Steps: 23 | Train Loss: 10.3938623 Vali Loss: 12.2602957 Test Loss: 12.2602957
Validation loss decreased (12.783578 --> 12.260296).  Saving model ...
Updating learning rate to 0.009999271227761496
Epoch: 3 cost time: 0.12228131294250488
Epoch: 3, Steps: 23 | Train Loss: 11.6239234 Vali Loss: 12.5613808 Test Loss: 12.5613808
EarlyStopping counter: 1 out of 5
Updating learning rate to 0.009586058163301235
Epoch: 4 cost time: 0.13205838203430176
Epoch: 4, Steps: 23 | Train Loss: 10.4503378 Vali Loss: 12.1646584 Test Loss: 12.1646584
Validation loss decreased (12.260296 --> 12.164658).  Saving model ...
Updating learning rate to 0.008474662361017835
Epoch: 5 cost time: 0.12079858779907227
Epoch: 5, Steps: 23 | Train Loss: 11.0365003 Vali Loss: 12.0792065 Test Loss: 12.0792065
Validation loss decreased (12.164658 --> 12.079206).  Saving model ...
Updating learning rate to 0.006834283756980907
Epoch: 6 cost time: 0.10195589065551758
Epoch: 6, Steps: 23 | Train Loss: 10.6922198 Vali Loss: 11.9997380 Test Loss: 11.9997380
Validation loss decreased (12.079206 --> 11.999738).  Saving model ...
Updating learning rate to 0.004914655123585998
Epoch: 7 cost time: 0.09446501731872559
Epoch: 7, Steps: 23 | Train Loss: 10.0312318 Vali Loss: 11.9874674 Test Loss: 11.9874674
Validation loss decreased (11.999738 --> 11.987467).  Saving model ...
Updating learning rate to 0.00300802251879059
Epoch: 8 cost time: 0.10445451736450195
Epoch: 8, Steps: 23 | Train Loss: 10.2578047 Vali Loss: 11.9455147 Test Loss: 11.9455147
Validation loss decreased (11.987467 --> 11.945515).  Saving model ...
Updating learning rate to 0.0014046534730071801
Epoch: 9 cost time: 0.11922931671142578
Epoch: 9, Steps: 23 | Train Loss: 10.0614929 Vali Loss: 11.9565720 Test Loss: 11.9565720
EarlyStopping counter: 1 out of 5
Updating learning rate to 0.00034864638887970094
Epoch: 10 cost time: 0.09532546997070312
Epoch: 10, Steps: 23 | Train Loss: 10.4036056 Vali Loss: 11.9564650 Test Loss: 11.9564650
EarlyStopping counter: 2 out of 5
Updating learning rate to 7.687722385044181e-07
>>>>>>>testing : short_term_forecast_M4_SparseTSF_Weekly_none_SparseTSF_m4_sl96_pl96_dm16_nh8_el2_dl1_df32_fc1_ebtimeF_dtTrue_M4_0<<<<<<<<<<<<<<<<<<<<<<<<<<<<<<<<<
train 359
test 359
0
test shape: (359, 13, 1)
SparseTSF
After all 6 tasks are finished, you can calculate the averaged index
