Args in experiment:
Namespace(activation='gelu', anomaly_ratio=0.25, batch_size=16, c_out=1, channel_independence=1, checkpoints='./checkpoints/', comment='none', d_ff=32, d_layers=1, d_model=16, data='m4', data_path='ETTh1.csv', dec_in=1, decomp_method='moving_avg', des='M4', devices='0,1', distil=True, down_sampling_layers=0, down_sampling_method='avg', down_sampling_window=1, drop_last=True, dropout=0.1, e_layers=2, embed='timeF', emissions_file='emissions.csv', emissions_output_dir='.', enc_in=1, factor=1, features='M', freq='h', gpu=0, inverse=False, is_training=1, itr=1, label_len=48, learning_rate=0.01, loss='SMAPE', lradj='TST', mask_rate=0.125, model='SparseTSF', model_id='M4_SparseTSF_Yearly', model_type='linear', moving_avg=25, n_heads=8, num_kernels=6, num_workers=0, output_attention=False, p_hidden_dims=[128, 128], p_hidden_layers=2, patience=5, pct_start=0.2, period_len=2, pred_len=96, root_path='C:\\Users\\bbbal\\OneDrive\\Masaüstü\\timemixer\\dataset\\m4', seasonal_patterns='Yearly', seq_len=96, target='OT', task_name='short_term_forecast', top_k=5, track_emissions=0, train_epochs=10, use_amp=False, use_future_temporal_feature=0, use_gpu=True, use_multi_gpu=False, use_norm=1)
Use GPU: cuda:0
>>>>>>>start training : short_term_forecast_M4_SparseTSF_Yearly_none_SparseTSF_m4_sl96_pl96_dm16_nh8_el2_dl1_df32_fc1_ebtimeF_dtTrue_M4_0>>>>>>>>>>>>>>>>>>>>>>>>>>
train 23000
val 23000
	iters: 100, epoch: 1 | loss: 19.1026382
	speed: 0.0465s/iter; left time: 664.5858s
	iters: 200, epoch: 1 | loss: 16.6301346
	speed: 0.0065s/iter; left time: 92.4370s
	iters: 300, epoch: 1 | loss: 20.4090824
	speed: 0.0055s/iter; left time: 76.7921s
	iters: 400, epoch: 1 | loss: 17.8120117
	speed: 0.0051s/iter; left time: 71.8710s
	iters: 500, epoch: 1 | loss: 6.9595003
	speed: 0.0085s/iter; left time: 117.5996s
	iters: 600, epoch: 1 | loss: 16.0537128
	speed: 0.0082s/iter; left time: 113.6311s
	iters: 700, epoch: 1 | loss: 11.6123781
	speed: 0.0057s/iter; left time: 77.8864s
	iters: 800, epoch: 1 | loss: 16.4637966
	speed: 0.0059s/iter; left time: 79.9026s
	iters: 900, epoch: 1 | loss: 16.4745598
	speed: 0.0060s/iter; left time: 80.9702s
	iters: 1000, epoch: 1 | loss: 17.6879864
	speed: 0.0051s/iter; left time: 68.6736s
	iters: 1100, epoch: 1 | loss: 7.2856889
	speed: 0.0071s/iter; left time: 93.8922s
	iters: 1200, epoch: 1 | loss: 14.6299448
	speed: 0.0058s/iter; left time: 77.0364s
	iters: 1300, epoch: 1 | loss: 18.9936543
	speed: 0.0032s/iter; left time: 42.3679s
	iters: 1400, epoch: 1 | loss: 12.1734810
	speed: 0.0034s/iter; left time: 44.0315s
Epoch: 1 cost time: 12.379001140594482
Epoch: 1, Steps: 1438 | Train Loss: 15.4155829 Vali Loss: 15.6697187 Test Loss: 15.6697187
Validation loss decreased (inf --> 15.669719).  Saving model ...
Updating learning rate to 0.005202622546780345
	iters: 100, epoch: 2 | loss: 6.6643553
	speed: 0.0056s/iter; left time: 71.3685s
	iters: 200, epoch: 2 | loss: 9.7906647
	speed: 0.0033s/iter; left time: 41.6299s
	iters: 300, epoch: 2 | loss: 9.2983532
	speed: 0.0037s/iter; left time: 46.6109s
	iters: 400, epoch: 2 | loss: 11.2889309
	speed: 0.0032s/iter; left time: 39.5920s
	iters: 500, epoch: 2 | loss: 11.5857334
	speed: 0.0032s/iter; left time: 39.2503s
	iters: 600, epoch: 2 | loss: 4.4703274
	speed: 0.0032s/iter; left time: 38.9760s
	iters: 700, epoch: 2 | loss: 14.2672586
	speed: 0.0033s/iter; left time: 40.4066s
	iters: 800, epoch: 2 | loss: 17.1220951
	speed: 0.0031s/iter; left time: 38.1392s
	iters: 900, epoch: 2 | loss: 14.6310301
	speed: 0.0037s/iter; left time: 44.5148s
	iters: 1000, epoch: 2 | loss: 5.0726485
	speed: 0.0032s/iter; left time: 38.4871s
	iters: 1100, epoch: 2 | loss: 6.2220902
	speed: 0.0032s/iter; left time: 37.3837s
	iters: 1200, epoch: 2 | loss: 10.3987579
	speed: 0.0032s/iter; left time: 38.0507s
	iters: 1300, epoch: 2 | loss: 6.9359398
	speed: 0.0032s/iter; left time: 37.7707s
	iters: 1400, epoch: 2 | loss: 23.2366467
	speed: 0.0033s/iter; left time: 38.2116s
Epoch: 2 cost time: 4.751587152481079
Epoch: 2, Steps: 1438 | Train Loss: 11.3894848 Vali Loss: 16.1219161 Test Loss: 16.1219161
EarlyStopping counter: 1 out of 5
Updating learning rate to 0.009999999813559497
	iters: 100, epoch: 3 | loss: 7.1517458
	speed: 0.0055s/iter; left time: 62.3139s
	iters: 200, epoch: 3 | loss: 7.7384591
	speed: 0.0033s/iter; left time: 37.6881s
	iters: 300, epoch: 3 | loss: 15.3938770
	speed: 0.0031s/iter; left time: 35.1857s
	iters: 400, epoch: 3 | loss: 8.2997341
	speed: 0.0034s/iter; left time: 37.6734s
	iters: 500, epoch: 3 | loss: 10.2586050
	speed: 0.0032s/iter; left time: 35.0983s
	iters: 600, epoch: 3 | loss: 5.9399552
	speed: 0.0032s/iter; left time: 34.8925s
	iters: 700, epoch: 3 | loss: 17.5355835
	speed: 0.0034s/iter; left time: 36.7026s
	iters: 800, epoch: 3 | loss: 17.4620323
	speed: 0.0033s/iter; left time: 35.8397s
	iters: 900, epoch: 3 | loss: 16.7629566
	speed: 0.0031s/iter; left time: 32.9074s
	iters: 1000, epoch: 3 | loss: 10.0399923
	speed: 0.0037s/iter; left time: 39.2368s
	iters: 1100, epoch: 3 | loss: 8.9154873
	speed: 0.0032s/iter; left time: 32.7887s
	iters: 1200, epoch: 3 | loss: 12.5837307
	speed: 0.0032s/iter; left time: 33.2472s
	iters: 1300, epoch: 3 | loss: 11.1055565
	speed: 0.0033s/iter; left time: 33.8832s
	iters: 1400, epoch: 3 | loss: 7.5667262
	speed: 0.0036s/iter; left time: 36.0285s
Epoch: 3 cost time: 4.800595760345459
Epoch: 3, Steps: 1438 | Train Loss: 11.5168361 Vali Loss: 15.6558713 Test Loss: 15.6558713
Validation loss decreased (15.669719 --> 15.655871).  Saving model ...
Updating learning rate to 0.009618876485493694
	iters: 100, epoch: 4 | loss: 15.9197073
	speed: 0.0068s/iter; left time: 68.2120s
	iters: 200, epoch: 4 | loss: 8.9476271
	speed: 0.0031s/iter; left time: 30.6414s
	iters: 300, epoch: 4 | loss: 5.1763873
	speed: 0.0067s/iter; left time: 65.3898s
	iters: 400, epoch: 4 | loss: 13.6188269
	speed: 0.0043s/iter; left time: 41.3779s
	iters: 500, epoch: 4 | loss: 12.2097902
	speed: 0.0035s/iter; left time: 33.3546s
	iters: 600, epoch: 4 | loss: 10.9884977
	speed: 0.0040s/iter; left time: 37.9073s
	iters: 700, epoch: 4 | loss: 8.5474749
	speed: 0.0049s/iter; left time: 46.1548s
	iters: 800, epoch: 4 | loss: 21.5535812
	speed: 0.0065s/iter; left time: 60.2263s
	iters: 900, epoch: 4 | loss: 16.9058380
	speed: 0.0046s/iter; left time: 41.9878s
	iters: 1000, epoch: 4 | loss: 12.9408121
	speed: 0.0038s/iter; left time: 34.2030s
	iters: 1100, epoch: 4 | loss: 14.2605152
	speed: 0.0032s/iter; left time: 29.0815s
	iters: 1200, epoch: 4 | loss: 7.9544263
	speed: 0.0033s/iter; left time: 29.5692s
	iters: 1300, epoch: 4 | loss: 14.2204151
	speed: 0.0037s/iter; left time: 32.4043s
	iters: 1400, epoch: 4 | loss: 14.1966372
	speed: 0.0035s/iter; left time: 30.3897s
Epoch: 4 cost time: 6.146760702133179
Epoch: 4, Steps: 1438 | Train Loss: 11.5046305 Vali Loss: 15.9349238 Test Loss: 15.9349238
EarlyStopping counter: 1 out of 5
Updating learning rate to 0.008534574127549783
	iters: 100, epoch: 5 | loss: 7.0147238
	speed: 0.0076s/iter; left time: 64.9613s
	iters: 200, epoch: 5 | loss: 7.7443585
	speed: 0.0046s/iter; left time: 38.4924s
	iters: 300, epoch: 5 | loss: 10.7055712
	speed: 0.0054s/iter; left time: 45.2667s
	iters: 400, epoch: 5 | loss: 20.3113594
	speed: 0.0085s/iter; left time: 70.1461s
	iters: 500, epoch: 5 | loss: 15.5172195
	speed: 0.0097s/iter; left time: 78.6611s
	iters: 600, epoch: 5 | loss: 11.8755560
	speed: 0.0053s/iter; left time: 42.5038s
	iters: 700, epoch: 5 | loss: 10.1333227
	speed: 0.0062s/iter; left time: 49.0388s
	iters: 800, epoch: 5 | loss: 6.1076503
	speed: 0.0066s/iter; left time: 52.0077s
	iters: 900, epoch: 5 | loss: 14.4141006
	speed: 0.0058s/iter; left time: 44.4685s
	iters: 1000, epoch: 5 | loss: 11.3083172
	speed: 0.0051s/iter; left time: 38.9788s
	iters: 1100, epoch: 5 | loss: 9.9870644
	speed: 0.0043s/iter; left time: 32.1680s
	iters: 1200, epoch: 5 | loss: 9.1481113
	speed: 0.0036s/iter; left time: 26.3928s
	iters: 1300, epoch: 5 | loss: 7.0671916
	speed: 0.0046s/iter; left time: 33.9967s
	iters: 1400, epoch: 5 | loss: 9.9565315
	speed: 0.0036s/iter; left time: 26.1450s
Epoch: 5 cost time: 8.051307439804077
Epoch: 5, Steps: 1438 | Train Loss: 11.4486940 Vali Loss: 15.8490320 Test Loss: 15.8490320
EarlyStopping counter: 2 out of 5
Updating learning rate to 0.006912167944499369
	iters: 100, epoch: 6 | loss: 15.9694166
	speed: 0.0060s/iter; left time: 42.7459s
	iters: 200, epoch: 6 | loss: 10.8430233
	speed: 0.0036s/iter; left time: 25.2148s
	iters: 300, epoch: 6 | loss: 13.7030210
	speed: 0.0035s/iter; left time: 24.0949s
	iters: 400, epoch: 6 | loss: 9.0082512
	speed: 0.0034s/iter; left time: 23.0140s
	iters: 500, epoch: 6 | loss: 10.7072077
	speed: 0.0031s/iter; left time: 20.9020s
	iters: 600, epoch: 6 | loss: 5.8378859
	speed: 0.0037s/iter; left time: 24.1221s
	iters: 700, epoch: 6 | loss: 10.2802124
	speed: 0.0032s/iter; left time: 20.8054s
	iters: 800, epoch: 6 | loss: 10.0445433
	speed: 0.0034s/iter; left time: 21.5121s
	iters: 900, epoch: 6 | loss: 18.4173908
	speed: 0.0036s/iter; left time: 22.5445s
	iters: 1000, epoch: 6 | loss: 16.2543983
	speed: 0.0036s/iter; left time: 22.3904s
	iters: 1100, epoch: 6 | loss: 8.7219620
	speed: 0.0031s/iter; left time: 19.0544s
	iters: 1200, epoch: 6 | loss: 7.0033116
	speed: 0.0040s/iter; left time: 24.0837s
	iters: 1300, epoch: 6 | loss: 11.8501873
	speed: 0.0032s/iter; left time: 18.8759s
	iters: 1400, epoch: 6 | loss: 12.7867851
	speed: 0.0036s/iter; left time: 20.5995s
Epoch: 6 cost time: 5.022292613983154
Epoch: 6, Steps: 1438 | Train Loss: 11.3420984 Vali Loss: 15.9015229 Test Loss: 15.9015229
EarlyStopping counter: 3 out of 5
Updating learning rate to 0.004998654570563208
	iters: 100, epoch: 7 | loss: 14.2456770
	speed: 0.0053s/iter; left time: 30.0124s
	iters: 200, epoch: 7 | loss: 11.2112570
	speed: 0.0038s/iter; left time: 21.0039s
	iters: 300, epoch: 7 | loss: 14.7906284
	speed: 0.0043s/iter; left time: 23.3506s
	iters: 400, epoch: 7 | loss: 7.6737404
	speed: 0.0032s/iter; left time: 17.0005s
	iters: 500, epoch: 7 | loss: 10.2059288
	speed: 0.0037s/iter; left time: 19.2597s
	iters: 600, epoch: 7 | loss: 10.0883331
	speed: 0.0033s/iter; left time: 16.8527s
	iters: 700, epoch: 7 | loss: 5.5377593
	speed: 0.0031s/iter; left time: 15.6811s
	iters: 800, epoch: 7 | loss: 7.7161870
	speed: 0.0034s/iter; left time: 16.9882s
	iters: 900, epoch: 7 | loss: 10.6657505
	speed: 0.0035s/iter; left time: 17.1253s
	iters: 1000, epoch: 7 | loss: 18.5011597
	speed: 0.0033s/iter; left time: 15.5605s
	iters: 1100, epoch: 7 | loss: 8.6698341
	speed: 0.0052s/iter; left time: 24.2016s
	iters: 1200, epoch: 7 | loss: 7.5504704
	speed: 0.0067s/iter; left time: 30.7159s
	iters: 1300, epoch: 7 | loss: 9.0572577
	speed: 0.0068s/iter; left time: 30.3087s
	iters: 1400, epoch: 7 | loss: 8.7418613
	speed: 0.0091s/iter; left time: 39.6698s
Epoch: 7 cost time: 6.718727111816406
Epoch: 7, Steps: 1438 | Train Loss: 11.3570102 Vali Loss: 15.6519190 Test Loss: 15.6519190
Validation loss decreased (15.655871 --> 15.651919).  Saving model ...
Updating learning rate to 0.0030853490708811497
	iters: 100, epoch: 8 | loss: 8.7016726
	speed: 0.0121s/iter; left time: 51.0010s
	iters: 200, epoch: 8 | loss: 11.6224136
	speed: 0.0077s/iter; left time: 31.8837s
	iters: 300, epoch: 8 | loss: 13.5706186
	speed: 0.0049s/iter; left time: 19.7623s
	iters: 400, epoch: 8 | loss: 8.7627649
	speed: 0.0068s/iter; left time: 26.5019s
	iters: 500, epoch: 8 | loss: 9.2855139
	speed: 0.0073s/iter; left time: 27.9588s
	iters: 600, epoch: 8 | loss: 11.4723368
	speed: 0.0062s/iter; left time: 22.9280s
	iters: 700, epoch: 8 | loss: 13.3724060
	speed: 0.0062s/iter; left time: 22.4809s
	iters: 800, epoch: 8 | loss: 5.0561247
	speed: 0.0058s/iter; left time: 20.3747s
	iters: 900, epoch: 8 | loss: 5.4982848
	speed: 0.0067s/iter; left time: 22.7245s
	iters: 1000, epoch: 8 | loss: 9.7688313
	speed: 0.0060s/iter; left time: 19.9331s
	iters: 1100, epoch: 8 | loss: 8.5919561
	speed: 0.0063s/iter; left time: 20.2035s
	iters: 1200, epoch: 8 | loss: 16.0869503
	speed: 0.0115s/iter; left time: 35.7150s
	iters: 1300, epoch: 8 | loss: 20.9892502
	speed: 0.0062s/iter; left time: 18.6559s
	iters: 1400, epoch: 8 | loss: 19.5665874
	speed: 0.0065s/iter; left time: 18.9073s
Epoch: 8 cost time: 9.769653081893921
Epoch: 8, Steps: 1438 | Train Loss: 11.3933166 Vali Loss: 15.7947900 Test Loss: 15.7947900
EarlyStopping counter: 1 out of 5
Updating learning rate to 0.0014635348636222437
	iters: 100, epoch: 9 | loss: 10.0719423
	speed: 0.0142s/iter; left time: 39.5496s
	iters: 200, epoch: 9 | loss: 7.0044837
	speed: 0.0068s/iter; left time: 18.3213s
	iters: 300, epoch: 9 | loss: 11.7844868
	speed: 0.0053s/iter; left time: 13.5396s
	iters: 400, epoch: 9 | loss: 11.0123930
	speed: 0.0066s/iter; left time: 16.4197s
	iters: 500, epoch: 9 | loss: 7.9792681
	speed: 0.0063s/iter; left time: 14.8629s
	iters: 600, epoch: 9 | loss: 8.3384256
	speed: 0.0041s/iter; left time: 9.4224s
	iters: 700, epoch: 9 | loss: 19.4130173
	speed: 0.0063s/iter; left time: 13.8146s
	iters: 800, epoch: 9 | loss: 4.3794370
	speed: 0.0064s/iter; left time: 13.2079s
	iters: 900, epoch: 9 | loss: 9.9633083
	speed: 0.0089s/iter; left time: 17.5535s
	iters: 1000, epoch: 9 | loss: 16.0515556
	speed: 0.0071s/iter; left time: 13.2418s
	iters: 1100, epoch: 9 | loss: 8.1342955
	speed: 0.0051s/iter; left time: 9.0994s
	iters: 1200, epoch: 9 | loss: 8.6198530
	speed: 0.0040s/iter; left time: 6.7454s
	iters: 1300, epoch: 9 | loss: 8.7787476
	speed: 0.0031s/iter; left time: 4.8841s
	iters: 1400, epoch: 9 | loss: 12.2442322
	speed: 0.0031s/iter; left time: 4.6037s
Epoch: 9 cost time: 8.461175441741943
Epoch: 9, Steps: 1438 | Train Loss: 11.2939836 Vali Loss: 15.8573979 Test Loss: 15.8573979
EarlyStopping counter: 2 out of 5
Updating learning rate to 0.00038011846005925836
	iters: 100, epoch: 10 | loss: 9.6145573
	speed: 0.0068s/iter; left time: 9.0993s
	iters: 200, epoch: 10 | loss: 14.5053625
	speed: 0.0035s/iter; left time: 4.3430s
	iters: 300, epoch: 10 | loss: 6.8457289
	speed: 0.0033s/iter; left time: 3.8093s
	iters: 400, epoch: 10 | loss: 5.2523994
	speed: 0.0031s/iter; left time: 3.1695s
	iters: 500, epoch: 10 | loss: 11.7389565
	speed: 0.0035s/iter; left time: 3.2960s
	iters: 600, epoch: 10 | loss: 11.3230457
	speed: 0.0031s/iter; left time: 2.6203s
	iters: 700, epoch: 10 | loss: 7.5588136
	speed: 0.0048s/iter; left time: 3.5352s
	iters: 800, epoch: 10 | loss: 24.8015499
	speed: 0.0060s/iter; left time: 3.8066s
	iters: 900, epoch: 10 | loss: 9.0631828
	speed: 0.0033s/iter; left time: 1.7560s
	iters: 1000, epoch: 10 | loss: 5.8150821
	speed: 0.0035s/iter; left time: 1.5212s
	iters: 1100, epoch: 10 | loss: 7.0215554
	speed: 0.0034s/iter; left time: 1.1502s
	iters: 1200, epoch: 10 | loss: 6.8789644
	speed: 0.0031s/iter; left time: 0.7472s
	iters: 1300, epoch: 10 | loss: 11.0148811
	speed: 0.0033s/iter; left time: 0.4642s
	iters: 1400, epoch: 10 | loss: 8.7078352
	speed: 0.0035s/iter; left time: 0.1365s
Epoch: 10 cost time: 5.368821144104004
Epoch: 10, Steps: 1438 | Train Loss: 11.3961906 Vali Loss: 15.8325667 Test Loss: 15.8325667
EarlyStopping counter: 3 out of 5
Updating learning rate to 4.018644050389605e-08
>>>>>>>testing : short_term_forecast_M4_SparseTSF_Yearly_none_SparseTSF_m4_sl96_pl96_dm16_nh8_el2_dl1_df32_fc1_ebtimeF_dtTrue_M4_0<<<<<<<<<<<<<<<<<<<<<<<<<<<<<<<<<
train 23000
test 23000
0
1000
2000
3000
4000
5000
6000
7000
8000
9000
10000
11000
12000
13000
14000
15000
16000
17000
18000
19000
20000
21000
22000
test shape: (23000, 6, 1)
SparseTSF
After all 6 tasks are finished, you can calculate the averaged index
