Args in experiment:
Namespace(activation='gelu', anomaly_ratio=0.25, batch_size=16, c_out=1, channel_independence=1, checkpoints='./checkpoints/', comment='none', d_ff=32, d_layers=1, d_model=16, data='m4', data_path='ETTh1.csv', dec_in=1, decomp_method='moving_avg', des='M4', devices='0,1', distil=True, down_sampling_layers=0, down_sampling_method='avg', down_sampling_window=1, drop_last=True, dropout=0.1, e_layers=2, embed='timeF', emissions_file='emissions.csv', emissions_output_dir='.', enc_in=1, factor=1, features='M', freq='h', gpu=0, inverse=False, is_training=1, itr=1, label_len=48, learning_rate=0.01, loss='SMAPE', lradj='TST', mask_rate=0.125, model='SparseTSF', model_id='M4_SparseTSF_Daily', model_type='linear', moving_avg=25, n_heads=8, num_kernels=6, num_workers=0, output_attention=False, p_hidden_dims=[128, 128], p_hidden_layers=2, patience=5, pct_start=0.2, period_len=7, pred_len=96, root_path='C:\\Users\\bbbal\\OneDrive\\Masaüstü\\timemixer\\dataset\\m4', seasonal_patterns='Daily', seq_len=96, target='OT', task_name='short_term_forecast', top_k=5, track_emissions=0, train_epochs=10, use_amp=False, use_future_temporal_feature=0, use_gpu=True, use_multi_gpu=False, use_norm=1)
Use GPU: cuda:0
>>>>>>>start training : short_term_forecast_M4_SparseTSF_Daily_none_SparseTSF_m4_sl96_pl96_dm16_nh8_el2_dl1_df32_fc1_ebtimeF_dtTrue_M4_0>>>>>>>>>>>>>>>>>>>>>>>>>>
train 4227
val 4227
	iters: 100, epoch: 1 | loss: 3.6155727
	speed: 0.0405s/iter; left time: 103.3322s
	iters: 200, epoch: 1 | loss: 3.4601278
	speed: 0.0053s/iter; left time: 13.1083s
Epoch: 1 cost time: 4.908788204193115
Epoch: 1, Steps: 265 | Train Loss: 3.8961806 Vali Loss: 3.8720055 Test Loss: 3.8720055
Validation loss decreased (inf --> 3.872005).  Saving model ...
Updating learning rate to 0.00521425295139633
	iters: 100, epoch: 2 | loss: 2.2293625
	speed: 0.0099s/iter; left time: 22.6332s
	iters: 200, epoch: 2 | loss: 2.1740901
	speed: 0.0042s/iter; left time: 9.2745s
Epoch: 2 cost time: 1.421631097793579
Epoch: 2, Steps: 265 | Train Loss: 3.0852075 Vali Loss: 3.7156427 Test Loss: 3.7156427
Validation loss decreased (3.872005 --> 3.715643).  Saving model ...
Updating learning rate to 0.009999994510077477
	iters: 100, epoch: 3 | loss: 2.6602445
	speed: 0.0088s/iter; left time: 17.7198s
	iters: 200, epoch: 3 | loss: 3.5115030
	speed: 0.0058s/iter; left time: 11.0538s
Epoch: 3 cost time: 1.3381304740905762
Epoch: 3, Steps: 265 | Train Loss: 2.9865172 Vali Loss: 3.6509309 Test Loss: 3.6509309
Validation loss decreased (3.715643 --> 3.650931).  Saving model ...
Updating learning rate to 0.009616558664328317
	iters: 100, epoch: 4 | loss: 2.4879253
	speed: 0.0106s/iter; left time: 18.5963s
	iters: 200, epoch: 4 | loss: 2.4114196
	speed: 0.0051s/iter; left time: 8.4011s
Epoch: 4 cost time: 1.7152342796325684
Epoch: 4, Steps: 265 | Train Loss: 2.9671162 Vali Loss: 3.6499312 Test Loss: 3.6499312
Validation loss decreased (3.650931 --> 3.649931).  Saving model ...
Updating learning rate to 0.008530296655962374
	iters: 100, epoch: 5 | loss: 1.9409517
	speed: 0.0102s/iter; left time: 15.2202s
	iters: 200, epoch: 5 | loss: 3.1459966
	speed: 0.0057s/iter; left time: 7.9782s
Epoch: 5 cost time: 1.3701858520507812
Epoch: 5, Steps: 265 | Train Loss: 2.9526326 Vali Loss: 3.6313663 Test Loss: 3.6313663
Validation loss decreased (3.649931 --> 3.631366).  Saving model ...
Updating learning rate to 0.006906582028763737
	iters: 100, epoch: 6 | loss: 3.2929816
	speed: 0.0084s/iter; left time: 10.3581s
	iters: 200, epoch: 6 | loss: 2.3572993
	speed: 0.0045s/iter; left time: 5.0830s
Epoch: 6 cost time: 1.3439440727233887
Epoch: 6, Steps: 265 | Train Loss: 2.9030157 Vali Loss: 3.6957055 Test Loss: 3.6957055
EarlyStopping counter: 1 out of 5
Updating learning rate to 0.00499261061571365
	iters: 100, epoch: 7 | loss: 2.3780463
	speed: 0.0087s/iter; left time: 8.3808s
	iters: 200, epoch: 7 | loss: 2.5935714
	speed: 0.0054s/iter; left time: 4.6314s
Epoch: 7 cost time: 1.3881635665893555
Epoch: 7, Steps: 265 | Train Loss: 3.0132874 Vali Loss: 3.6368765 Test Loss: 3.6368765
EarlyStopping counter: 2 out of 5
Updating learning rate to 0.0030797672142549243
	iters: 100, epoch: 8 | loss: 2.6986401
	speed: 0.0088s/iter; left time: 6.1595s
	iters: 200, epoch: 8 | loss: 3.4377549
	speed: 0.0049s/iter; left time: 2.9245s
Epoch: 8 cost time: 1.3112280368804932
Epoch: 8, Steps: 265 | Train Loss: 2.9642009 Vali Loss: 3.6369718 Test Loss: 3.6369718
EarlyStopping counter: 3 out of 5
Updating learning rate to 0.0014592648922910354
	iters: 100, epoch: 9 | loss: 2.2194357
	speed: 0.0090s/iter; left time: 3.8870s
	iters: 200, epoch: 9 | loss: 2.7865040
	speed: 0.0048s/iter; left time: 1.6003s
Epoch: 9 cost time: 1.5933117866516113
Epoch: 9, Steps: 265 | Train Loss: 2.9439610 Vali Loss: 3.6347450 Test Loss: 3.6347450
EarlyStopping counter: 4 out of 5
Updating learning rate to 0.00037781043845085854
	iters: 100, epoch: 10 | loss: 3.3234906
	speed: 0.0112s/iter; left time: 1.8513s
	iters: 200, epoch: 10 | loss: 3.3680553
	speed: 0.0062s/iter; left time: 0.4065s
Epoch: 10 cost time: 1.5222446918487549
Epoch: 10, Steps: 265 | Train Loss: 2.8603593 Vali Loss: 3.6341220 Test Loss: 3.6341220
EarlyStopping counter: 5 out of 5
Early stopping
>>>>>>>testing : short_term_forecast_M4_SparseTSF_Daily_none_SparseTSF_m4_sl96_pl96_dm16_nh8_el2_dl1_df32_fc1_ebtimeF_dtTrue_M4_0<<<<<<<<<<<<<<<<<<<<<<<<<<<<<<<<<
train 4227
test 4227
0
1000
2000
3000
4000
test shape: (4227, 14, 1)
SparseTSF
After all 6 tasks are finished, you can calculate the averaged index
