Args in experiment:
Namespace(activation='gelu', anomaly_ratio=0.25, batch_size=16, c_out=1, channel_independence=1, checkpoints='./checkpoints/', comment='none', d_ff=32, d_layers=1, d_model=16, data='m4', data_path='ETTh1.csv', dec_in=1, decomp_method='moving_avg', des='M4', devices='0,1', distil=True, down_sampling_layers=0, down_sampling_method='avg', down_sampling_window=1, drop_last=True, dropout=0.1, e_layers=2, embed='timeF', emissions_file='emissions.csv', emissions_output_dir='.', enc_in=1, factor=1, features='M', freq='h', gpu=0, inverse=False, is_training=1, itr=1, label_len=48, learning_rate=0.01, loss='SMAPE', lradj='TST', mask_rate=0.125, model='SparseTSF', model_id='M4_SparseTSF_Monthly', model_type='linear', moving_avg=25, n_heads=8, num_kernels=6, num_workers=0, output_attention=False, p_hidden_dims=[128, 128], p_hidden_layers=2, patience=5, pct_start=0.2, period_len=6, pred_len=96, root_path='C:\\Users\\bbbal\\OneDrive\\Masaüstü\\timemixer\\dataset\\m4', seasonal_patterns='Monthly', seq_len=96, target='OT', task_name='short_term_forecast', top_k=5, track_emissions=0, train_epochs=10, use_amp=False, use_future_temporal_feature=0, use_gpu=True, use_multi_gpu=False, use_norm=1)
Use GPU: cuda:0
>>>>>>>start training : short_term_forecast_M4_SparseTSF_Monthly_none_SparseTSF_m4_sl96_pl96_dm16_nh8_el2_dl1_df32_fc1_ebtimeF_dtTrue_M4_0>>>>>>>>>>>>>>>>>>>>>>>>>>
train 48000
val 48000
	iters: 100, epoch: 1 | loss: 14.0351400
	speed: 0.0342s/iter; left time: 1022.0738s
	iters: 200, epoch: 1 | loss: 15.5027227
	speed: 0.0057s/iter; left time: 170.0790s
	iters: 300, epoch: 1 | loss: 10.1524410
	speed: 0.0058s/iter; left time: 173.1562s
	iters: 400, epoch: 1 | loss: 11.9048986
	speed: 0.0055s/iter; left time: 164.0586s
	iters: 500, epoch: 1 | loss: 9.4379835
	speed: 0.0056s/iter; left time: 165.3145s
	iters: 600, epoch: 1 | loss: 9.9495420
	speed: 0.0065s/iter; left time: 190.3819s
	iters: 700, epoch: 1 | loss: 15.2711020
	speed: 0.0067s/iter; left time: 195.5381s
	iters: 800, epoch: 1 | loss: 12.5915546
	speed: 0.0060s/iter; left time: 174.6356s
	iters: 900, epoch: 1 | loss: 8.9776230
	speed: 0.0066s/iter; left time: 190.8316s
	iters: 1000, epoch: 1 | loss: 8.9881535
	speed: 0.0063s/iter; left time: 184.0528s
	iters: 1100, epoch: 1 | loss: 10.7582855
	speed: 0.0076s/iter; left time: 218.3620s
	iters: 1200, epoch: 1 | loss: 5.6122813
	speed: 0.0078s/iter; left time: 224.4435s
	iters: 1300, epoch: 1 | loss: 6.1616712
	speed: 0.0075s/iter; left time: 215.3838s
	iters: 1400, epoch: 1 | loss: 6.8756342
	speed: 0.0059s/iter; left time: 168.0667s
	iters: 1500, epoch: 1 | loss: 11.2396431
	speed: 0.0059s/iter; left time: 167.5448s
	iters: 1600, epoch: 1 | loss: 19.4719486
	speed: 0.0061s/iter; left time: 172.4896s
	iters: 1700, epoch: 1 | loss: 16.3594913
	speed: 0.0059s/iter; left time: 166.2053s
	iters: 1800, epoch: 1 | loss: 9.6749783
	speed: 0.0069s/iter; left time: 194.0443s
	iters: 1900, epoch: 1 | loss: 10.0643053
	speed: 0.0072s/iter; left time: 201.1246s
	iters: 2000, epoch: 1 | loss: 10.5300970
	speed: 0.0084s/iter; left time: 236.2446s
	iters: 2100, epoch: 1 | loss: 10.0935221
	speed: 0.0059s/iter; left time: 164.9440s
	iters: 2200, epoch: 1 | loss: 9.1203108
	speed: 0.0073s/iter; left time: 202.9243s
	iters: 2300, epoch: 1 | loss: 15.9019423
	speed: 0.0061s/iter; left time: 168.3607s
	iters: 2400, epoch: 1 | loss: 9.5023956
	speed: 0.0059s/iter; left time: 163.1891s
	iters: 2500, epoch: 1 | loss: 4.4121847
	speed: 0.0068s/iter; left time: 187.3158s
	iters: 2600, epoch: 1 | loss: 8.0352907
	speed: 0.0067s/iter; left time: 184.7084s
	iters: 2700, epoch: 1 | loss: 11.6983509
	speed: 0.0065s/iter; left time: 178.4449s
	iters: 2800, epoch: 1 | loss: 5.2179155
	speed: 0.0070s/iter; left time: 189.5383s
	iters: 2900, epoch: 1 | loss: 5.5594134
	speed: 0.0056s/iter; left time: 152.4498s
	iters: 3000, epoch: 1 | loss: 6.8080335
	speed: 0.0068s/iter; left time: 184.1587s
Epoch: 1 cost time: 22.26857018470764
Epoch: 1, Steps: 3000 | Train Loss: 9.7291895 Vali Loss: 14.0780503 Test Loss: 14.0780503
Validation loss decreased (inf --> 14.078050).  Saving model ...
Updating learning rate to 0.005201256846521496
	iters: 100, epoch: 2 | loss: 12.6574192
	speed: 0.0103s/iter; left time: 277.7693s
	iters: 200, epoch: 2 | loss: 6.2033153
	speed: 0.0069s/iter; left time: 185.4736s
	iters: 300, epoch: 2 | loss: 9.7967129
	speed: 0.0053s/iter; left time: 142.7114s
	iters: 400, epoch: 2 | loss: 6.6530042
	speed: 0.0062s/iter; left time: 163.7823s
	iters: 500, epoch: 2 | loss: 6.3110933
	speed: 0.0056s/iter; left time: 147.4403s
	iters: 600, epoch: 2 | loss: 5.3028893
	speed: 0.0071s/iter; left time: 187.9770s
	iters: 700, epoch: 2 | loss: 10.8877201
	speed: 0.0066s/iter; left time: 173.3204s
	iters: 800, epoch: 2 | loss: 15.1853752
	speed: 0.0048s/iter; left time: 125.1727s
	iters: 900, epoch: 2 | loss: 8.8326616
	speed: 0.0082s/iter; left time: 213.8971s
	iters: 1000, epoch: 2 | loss: 6.6990266
	speed: 0.0068s/iter; left time: 175.9242s
	iters: 1100, epoch: 2 | loss: 11.0792589
	speed: 0.0045s/iter; left time: 117.2092s
	iters: 1200, epoch: 2 | loss: 7.4705563
	speed: 0.0071s/iter; left time: 183.7222s
	iters: 1300, epoch: 2 | loss: 11.5378466
	speed: 0.0066s/iter; left time: 169.4492s
	iters: 1400, epoch: 2 | loss: 10.5400410
	speed: 0.0052s/iter; left time: 133.5792s
	iters: 1500, epoch: 2 | loss: 7.9999843
	speed: 0.0063s/iter; left time: 160.2237s
	iters: 1600, epoch: 2 | loss: 11.9470272
	speed: 0.0050s/iter; left time: 127.7684s
	iters: 1700, epoch: 2 | loss: 6.9029627
	speed: 0.0068s/iter; left time: 172.0342s
	iters: 1800, epoch: 2 | loss: 15.1623917
	speed: 0.0057s/iter; left time: 144.8888s
	iters: 1900, epoch: 2 | loss: 8.4760246
	speed: 0.0052s/iter; left time: 130.9579s
	iters: 2000, epoch: 2 | loss: 15.7109814
	speed: 0.0067s/iter; left time: 168.7083s
	iters: 2100, epoch: 2 | loss: 11.9346466
	speed: 0.0051s/iter; left time: 128.0913s
	iters: 2200, epoch: 2 | loss: 10.1463537
	speed: 0.0059s/iter; left time: 146.0396s
	iters: 2300, epoch: 2 | loss: 8.2760925
	speed: 0.0052s/iter; left time: 128.7951s
	iters: 2400, epoch: 2 | loss: 10.0633106
	speed: 0.0061s/iter; left time: 149.1161s
	iters: 2500, epoch: 2 | loss: 4.2488112
	speed: 0.0083s/iter; left time: 204.2314s
	iters: 2600, epoch: 2 | loss: 8.7372198
	speed: 0.0060s/iter; left time: 145.8281s
	iters: 2700, epoch: 2 | loss: 10.9453239
	speed: 0.0084s/iter; left time: 203.8406s
	iters: 2800, epoch: 2 | loss: 8.9125767
	speed: 0.0069s/iter; left time: 167.7638s
	iters: 2900, epoch: 2 | loss: 6.5973706
	speed: 0.0046s/iter; left time: 109.9186s
	iters: 3000, epoch: 2 | loss: 13.2561769
	speed: 0.0036s/iter; left time: 85.2428s
Epoch: 2 cost time: 18.44497585296631
Epoch: 2, Steps: 3000 | Train Loss: 8.9092218 Vali Loss: 14.0234796 Test Loss: 14.0234796
Validation loss decreased (14.078050 --> 14.023480).  Saving model ...
Updating learning rate to 0.009999999957163346
	iters: 100, epoch: 3 | loss: 20.8641167
	speed: 0.0049s/iter; left time: 117.2335s
	iters: 200, epoch: 3 | loss: 10.7964735
	speed: 0.0054s/iter; left time: 128.7384s
	iters: 300, epoch: 3 | loss: 9.2512875
	speed: 0.0050s/iter; left time: 118.3849s
	iters: 400, epoch: 3 | loss: 5.8059802
	speed: 0.0039s/iter; left time: 91.7967s
	iters: 500, epoch: 3 | loss: 4.0172429
	speed: 0.0033s/iter; left time: 77.8640s
	iters: 600, epoch: 3 | loss: 10.2021322
	speed: 0.0045s/iter; left time: 106.1417s
	iters: 700, epoch: 3 | loss: 7.7194719
	speed: 0.0055s/iter; left time: 129.2397s
	iters: 800, epoch: 3 | loss: 7.6725893
	speed: 0.0068s/iter; left time: 157.1925s
	iters: 900, epoch: 3 | loss: 9.6558161
	speed: 0.0061s/iter; left time: 141.6744s
	iters: 1000, epoch: 3 | loss: 8.9645653
	speed: 0.0076s/iter; left time: 174.4768s
	iters: 1100, epoch: 3 | loss: 7.3677979
	speed: 0.0064s/iter; left time: 145.4427s
	iters: 1200, epoch: 3 | loss: 7.5689607
	speed: 0.0052s/iter; left time: 117.8041s
	iters: 1300, epoch: 3 | loss: 12.9437418
	speed: 0.0072s/iter; left time: 162.5860s
	iters: 1400, epoch: 3 | loss: 9.6522322
	speed: 0.0059s/iter; left time: 133.4025s
	iters: 1500, epoch: 3 | loss: 11.7705564
	speed: 0.0068s/iter; left time: 152.0938s
	iters: 1600, epoch: 3 | loss: 5.4581599
	speed: 0.0072s/iter; left time: 160.1846s
	iters: 1700, epoch: 3 | loss: 7.0197821
	speed: 0.0056s/iter; left time: 125.0838s
	iters: 1800, epoch: 3 | loss: 13.7958765
	speed: 0.0060s/iter; left time: 132.9901s
	iters: 1900, epoch: 3 | loss: 13.2608471
	speed: 0.0060s/iter; left time: 133.4936s
	iters: 2000, epoch: 3 | loss: 9.4854155
	speed: 0.0057s/iter; left time: 125.2146s
	iters: 2100, epoch: 3 | loss: 8.9436197
	speed: 0.0065s/iter; left time: 142.9417s
	iters: 2200, epoch: 3 | loss: 6.9177947
	speed: 0.0061s/iter; left time: 132.8110s
	iters: 2300, epoch: 3 | loss: 12.4062300
	speed: 0.0063s/iter; left time: 136.8209s
	iters: 2400, epoch: 3 | loss: 7.5620928
	speed: 0.0064s/iter; left time: 137.6603s
	iters: 2500, epoch: 3 | loss: 8.3542299
	speed: 0.0050s/iter; left time: 108.3125s
	iters: 2600, epoch: 3 | loss: 5.7824850
	speed: 0.0074s/iter; left time: 158.8379s
	iters: 2700, epoch: 3 | loss: 4.1979203
	speed: 0.0062s/iter; left time: 131.8574s
	iters: 2800, epoch: 3 | loss: 9.6050539
	speed: 0.0058s/iter; left time: 123.4842s
	iters: 2900, epoch: 3 | loss: 8.8012314
	speed: 0.0064s/iter; left time: 135.7627s
	iters: 3000, epoch: 3 | loss: 7.1821370
	speed: 0.0078s/iter; left time: 163.3116s
Epoch: 3 cost time: 17.744038343429565
Epoch: 3, Steps: 3000 | Train Loss: 8.9122413 Vali Loss: 14.2239552 Test Loss: 14.2239552
EarlyStopping counter: 1 out of 5
Updating learning rate to 0.00961914868067167
	iters: 100, epoch: 4 | loss: 12.1049061
	speed: 0.0121s/iter; left time: 252.6907s
	iters: 200, epoch: 4 | loss: 9.2833233
	speed: 0.0067s/iter; left time: 139.9853s
	iters: 300, epoch: 4 | loss: 13.5381594
	speed: 0.0069s/iter; left time: 143.0424s
	iters: 400, epoch: 4 | loss: 15.7781792
	speed: 0.0060s/iter; left time: 123.2033s
	iters: 500, epoch: 4 | loss: 9.0673122
	speed: 0.0053s/iter; left time: 108.5678s
	iters: 600, epoch: 4 | loss: 12.0479212
	speed: 0.0063s/iter; left time: 129.5299s
	iters: 700, epoch: 4 | loss: 19.0959206
	speed: 0.0058s/iter; left time: 117.0229s
	iters: 800, epoch: 4 | loss: 9.9057112
	speed: 0.0057s/iter; left time: 115.2174s
	iters: 900, epoch: 4 | loss: 10.6842632
	speed: 0.0066s/iter; left time: 131.9690s
	iters: 1000, epoch: 4 | loss: 9.0050468
	speed: 0.0052s/iter; left time: 103.6382s
	iters: 1100, epoch: 4 | loss: 7.6886072
	speed: 0.0056s/iter; left time: 112.3147s
	iters: 1200, epoch: 4 | loss: 11.0766029
	speed: 0.0048s/iter; left time: 94.7306s
	iters: 1300, epoch: 4 | loss: 8.8637657
	speed: 0.0059s/iter; left time: 115.4187s
	iters: 1400, epoch: 4 | loss: 9.8981009
	speed: 0.0048s/iter; left time: 93.5807s
	iters: 1500, epoch: 4 | loss: 10.1259775
	speed: 0.0049s/iter; left time: 95.6929s
	iters: 1600, epoch: 4 | loss: 8.6665707
	speed: 0.0053s/iter; left time: 103.4109s
	iters: 1700, epoch: 4 | loss: 12.3470287
	speed: 0.0049s/iter; left time: 93.6292s
	iters: 1800, epoch: 4 | loss: 16.5218658
	speed: 0.0050s/iter; left time: 96.6599s
	iters: 1900, epoch: 4 | loss: 10.5220118
	speed: 0.0051s/iter; left time: 97.5804s
	iters: 2000, epoch: 4 | loss: 7.9002008
	speed: 0.0048s/iter; left time: 91.5411s
	iters: 2100, epoch: 4 | loss: 11.7687807
	speed: 0.0050s/iter; left time: 94.4464s
	iters: 2200, epoch: 4 | loss: 3.3983040
	speed: 0.0046s/iter; left time: 86.1819s
	iters: 2300, epoch: 4 | loss: 5.5367632
	speed: 0.0049s/iter; left time: 90.9031s
	iters: 2400, epoch: 4 | loss: 6.9351516
	speed: 0.0048s/iter; left time: 89.1861s
	iters: 2500, epoch: 4 | loss: 12.3559980
	speed: 0.0048s/iter; left time: 89.3263s
	iters: 2600, epoch: 4 | loss: 4.8123913
	speed: 0.0055s/iter; left time: 100.8843s
	iters: 2700, epoch: 4 | loss: 9.3011751
	speed: 0.0060s/iter; left time: 109.6336s
	iters: 2800, epoch: 4 | loss: 12.0988159
	speed: 0.0046s/iter; left time: 83.1883s
	iters: 2900, epoch: 4 | loss: 7.8813567
	speed: 0.0055s/iter; left time: 100.2756s
	iters: 3000, epoch: 4 | loss: 7.2907901
	speed: 0.0066s/iter; left time: 118.9641s
Epoch: 4 cost time: 16.504323482513428
Epoch: 4, Steps: 3000 | Train Loss: 8.9429031 Vali Loss: 14.0803267 Test Loss: 14.0803267
EarlyStopping counter: 2 out of 5
Updating learning rate to 0.00853507693505349
	iters: 100, epoch: 5 | loss: 9.7396917
	speed: 0.0068s/iter; left time: 121.7878s
	iters: 200, epoch: 5 | loss: 9.4350195
	speed: 0.0055s/iter; left time: 98.7196s
	iters: 300, epoch: 5 | loss: 7.4978037
	speed: 0.0049s/iter; left time: 87.3627s
	iters: 400, epoch: 5 | loss: 13.8596535
	speed: 0.0055s/iter; left time: 97.4113s
	iters: 500, epoch: 5 | loss: 11.0810070
	speed: 0.0054s/iter; left time: 93.8641s
	iters: 600, epoch: 5 | loss: 11.2780199
	speed: 0.0055s/iter; left time: 95.3395s
	iters: 700, epoch: 5 | loss: 7.4000745
	speed: 0.0054s/iter; left time: 93.8253s
	iters: 800, epoch: 5 | loss: 8.8046913
	speed: 0.0054s/iter; left time: 92.1317s
	iters: 900, epoch: 5 | loss: 9.9710979
	speed: 0.0059s/iter; left time: 100.6033s
	iters: 1000, epoch: 5 | loss: 7.5899506
	speed: 0.0046s/iter; left time: 77.7511s
	iters: 1100, epoch: 5 | loss: 7.7754340
	speed: 0.0051s/iter; left time: 86.7461s
	iters: 1200, epoch: 5 | loss: 8.3900976
	speed: 0.0058s/iter; left time: 96.9277s
	iters: 1300, epoch: 5 | loss: 9.3810778
	speed: 0.0056s/iter; left time: 93.8425s
	iters: 1400, epoch: 5 | loss: 7.8982801
	speed: 0.0051s/iter; left time: 84.8070s
	iters: 1500, epoch: 5 | loss: 12.4375277
	speed: 0.0055s/iter; left time: 91.1589s
	iters: 1600, epoch: 5 | loss: 4.5431538
	speed: 0.0043s/iter; left time: 70.5417s
	iters: 1700, epoch: 5 | loss: 7.0712380
	speed: 0.0069s/iter; left time: 111.9381s
	iters: 1800, epoch: 5 | loss: 8.2495670
	speed: 0.0052s/iter; left time: 83.6906s
	iters: 1900, epoch: 5 | loss: 9.8694620
	speed: 0.0062s/iter; left time: 99.3072s
	iters: 2000, epoch: 5 | loss: 12.1372938
	speed: 0.0060s/iter; left time: 96.4112s
	iters: 2100, epoch: 5 | loss: 11.1736927
	speed: 0.0056s/iter; left time: 89.3683s
	iters: 2200, epoch: 5 | loss: 11.3164234
	speed: 0.0044s/iter; left time: 68.9905s
	iters: 2300, epoch: 5 | loss: 6.2140346
	speed: 0.0034s/iter; left time: 53.8875s
	iters: 2400, epoch: 5 | loss: 9.4445658
	speed: 0.0033s/iter; left time: 52.0484s
	iters: 2500, epoch: 5 | loss: 13.3292274
	speed: 0.0053s/iter; left time: 82.8457s
	iters: 2600, epoch: 5 | loss: 5.0930638
	speed: 0.0048s/iter; left time: 74.6486s
	iters: 2700, epoch: 5 | loss: 9.0370998
	speed: 0.0046s/iter; left time: 70.3489s
	iters: 2800, epoch: 5 | loss: 8.6862049
	speed: 0.0046s/iter; left time: 70.2020s
	iters: 2900, epoch: 5 | loss: 11.1750059
	speed: 0.0051s/iter; left time: 76.7888s
	iters: 3000, epoch: 5 | loss: 13.0239458
	speed: 0.0051s/iter; left time: 75.9176s
Epoch: 5 cost time: 15.486023426055908
Epoch: 5, Steps: 3000 | Train Loss: 8.9411051 Vali Loss: 14.3435454 Test Loss: 14.3435454
EarlyStopping counter: 3 out of 5
Updating learning rate to 0.006912824816444333
	iters: 100, epoch: 6 | loss: 6.0733504
	speed: 0.0080s/iter; left time: 118.9424s
	iters: 200, epoch: 6 | loss: 7.8187585
	speed: 0.0065s/iter; left time: 96.2165s
	iters: 300, epoch: 6 | loss: 8.4513645
	speed: 0.0046s/iter; left time: 68.1198s
	iters: 400, epoch: 6 | loss: 6.8946457
	speed: 0.0057s/iter; left time: 82.6818s
	iters: 500, epoch: 6 | loss: 6.8873100
	speed: 0.0051s/iter; left time: 73.8187s
	iters: 600, epoch: 6 | loss: 9.1745548
	speed: 0.0064s/iter; left time: 92.8529s
	iters: 700, epoch: 6 | loss: 14.3906965
	speed: 0.0055s/iter; left time: 78.7538s
	iters: 800, epoch: 6 | loss: 10.5722313
	speed: 0.0061s/iter; left time: 86.3157s
	iters: 900, epoch: 6 | loss: 10.7913475
	speed: 0.0062s/iter; left time: 88.0028s
	iters: 1000, epoch: 6 | loss: 2.6942201
	speed: 0.0051s/iter; left time: 71.5196s
	iters: 1100, epoch: 6 | loss: 3.1287372
	speed: 0.0068s/iter; left time: 94.5076s
	iters: 1200, epoch: 6 | loss: 16.9760532
	speed: 0.0052s/iter; left time: 72.3914s
	iters: 1300, epoch: 6 | loss: 7.1380138
	speed: 0.0059s/iter; left time: 81.5197s
	iters: 1400, epoch: 6 | loss: 11.6458006
	speed: 0.0048s/iter; left time: 65.2407s
	iters: 1500, epoch: 6 | loss: 4.9995770
	speed: 0.0048s/iter; left time: 64.1887s
	iters: 1600, epoch: 6 | loss: 11.2259960
	speed: 0.0047s/iter; left time: 63.0887s
	iters: 1700, epoch: 6 | loss: 11.9253531
	speed: 0.0066s/iter; left time: 88.0862s
	iters: 1800, epoch: 6 | loss: 14.8758440
	speed: 0.0055s/iter; left time: 72.3535s
	iters: 1900, epoch: 6 | loss: 8.5671310
	speed: 0.0052s/iter; left time: 68.4138s
	iters: 2000, epoch: 6 | loss: 6.2340746
	speed: 0.0060s/iter; left time: 78.1398s
	iters: 2100, epoch: 6 | loss: 8.5699844
	speed: 0.0047s/iter; left time: 61.2132s
	iters: 2200, epoch: 6 | loss: 5.3595748
	speed: 0.0057s/iter; left time: 72.7344s
	iters: 2300, epoch: 6 | loss: 8.9835796
	speed: 0.0046s/iter; left time: 58.6157s
	iters: 2400, epoch: 6 | loss: 6.6577859
	speed: 0.0054s/iter; left time: 67.8171s
	iters: 2500, epoch: 6 | loss: 10.1294031
	speed: 0.0048s/iter; left time: 59.7003s
	iters: 2600, epoch: 6 | loss: 5.8744907
	speed: 0.0057s/iter; left time: 70.6597s
	iters: 2700, epoch: 6 | loss: 11.0323429
	speed: 0.0047s/iter; left time: 57.7497s
	iters: 2800, epoch: 6 | loss: 17.0131550
	speed: 0.0058s/iter; left time: 70.6406s
	iters: 2900, epoch: 6 | loss: 14.4009352
	speed: 0.0050s/iter; left time: 60.9027s
	iters: 3000, epoch: 6 | loss: 10.3777637
	speed: 0.0056s/iter; left time: 67.4575s
Epoch: 6 cost time: 16.47889232635498
Epoch: 6, Steps: 3000 | Train Loss: 8.8539756 Vali Loss: 14.1556443 Test Loss: 14.1556443
EarlyStopping counter: 4 out of 5
Updating learning rate to 0.004999365504150364
	iters: 100, epoch: 7 | loss: 6.1251445
	speed: 0.0085s/iter; left time: 100.7217s
	iters: 200, epoch: 7 | loss: 14.4441948
	speed: 0.0052s/iter; left time: 61.0187s
	iters: 300, epoch: 7 | loss: 11.1432209
	speed: 0.0055s/iter; left time: 64.6691s
	iters: 400, epoch: 7 | loss: 5.1842995
	speed: 0.0046s/iter; left time: 53.0493s
	iters: 500, epoch: 7 | loss: 5.1519928
	speed: 0.0059s/iter; left time: 67.7010s
	iters: 600, epoch: 7 | loss: 8.4899387
	speed: 0.0053s/iter; left time: 60.3606s
	iters: 700, epoch: 7 | loss: 13.1945744
	speed: 0.0061s/iter; left time: 69.4144s
	iters: 800, epoch: 7 | loss: 3.1555750
	speed: 0.0055s/iter; left time: 61.1762s
	iters: 900, epoch: 7 | loss: 8.6707230
	speed: 0.0051s/iter; left time: 56.6225s
	iters: 1000, epoch: 7 | loss: 12.0634298
	speed: 0.0060s/iter; left time: 65.4678s
	iters: 1100, epoch: 7 | loss: 4.0711474
	speed: 0.0050s/iter; left time: 54.3109s
	iters: 1200, epoch: 7 | loss: 7.8750439
	speed: 0.0055s/iter; left time: 59.4006s
	iters: 1300, epoch: 7 | loss: 8.9771643
	speed: 0.0050s/iter; left time: 53.2810s
	iters: 1400, epoch: 7 | loss: 5.6409121
	speed: 0.0065s/iter; left time: 69.3952s
	iters: 1500, epoch: 7 | loss: 12.5709381
	speed: 0.0050s/iter; left time: 52.0812s
	iters: 1600, epoch: 7 | loss: 10.3580151
	speed: 0.0051s/iter; left time: 52.5810s
	iters: 1700, epoch: 7 | loss: 10.5962315
	speed: 0.0047s/iter; left time: 48.8444s
	iters: 1800, epoch: 7 | loss: 9.7518549
	speed: 0.0076s/iter; left time: 77.9334s
	iters: 1900, epoch: 7 | loss: 10.7173090
	speed: 0.0049s/iter; left time: 49.4817s
	iters: 2000, epoch: 7 | loss: 7.8824787
	speed: 0.0053s/iter; left time: 52.9041s
	iters: 2100, epoch: 7 | loss: 8.4363842
	speed: 0.0056s/iter; left time: 55.9095s
	iters: 2200, epoch: 7 | loss: 8.3930035
	speed: 0.0049s/iter; left time: 48.2594s
	iters: 2300, epoch: 7 | loss: 7.9577980
	speed: 0.0063s/iter; left time: 61.1019s
	iters: 2400, epoch: 7 | loss: 5.7962384
	speed: 0.0046s/iter; left time: 44.1889s
	iters: 2500, epoch: 7 | loss: 8.2097549
	speed: 0.0053s/iter; left time: 50.8120s
	iters: 2600, epoch: 7 | loss: 7.1278439
	speed: 0.0048s/iter; left time: 44.8259s
	iters: 2700, epoch: 7 | loss: 11.9780149
	speed: 0.0056s/iter; left time: 51.6807s
	iters: 2800, epoch: 7 | loss: 12.2203007
	speed: 0.0050s/iter; left time: 45.7902s
	iters: 2900, epoch: 7 | loss: 13.8920307
	speed: 0.0054s/iter; left time: 49.1298s
	iters: 3000, epoch: 7 | loss: 9.4045973
	speed: 0.0055s/iter; left time: 49.0940s
Epoch: 7 cost time: 16.30323600769043
Epoch: 7, Steps: 3000 | Train Loss: 8.8396148 Vali Loss: 14.0110907 Test Loss: 14.0110907
Validation loss decreased (14.023480 --> 14.011091).  Saving model ...
Updating learning rate to 0.0030860058329164847
	iters: 100, epoch: 8 | loss: 5.3642850
	speed: 0.0070s/iter; left time: 62.4377s
	iters: 200, epoch: 8 | loss: 4.1666770
	speed: 0.0052s/iter; left time: 45.4286s
	iters: 300, epoch: 8 | loss: 8.3223028
	speed: 0.0049s/iter; left time: 43.0689s
	iters: 400, epoch: 8 | loss: 6.3162870
	speed: 0.0057s/iter; left time: 49.2721s
	iters: 500, epoch: 8 | loss: 6.1871367
	speed: 0.0047s/iter; left time: 40.2200s
	iters: 600, epoch: 8 | loss: 6.0021715
	speed: 0.0055s/iter; left time: 45.9141s
	iters: 700, epoch: 8 | loss: 5.4666786
	speed: 0.0050s/iter; left time: 41.5576s
	iters: 800, epoch: 8 | loss: 12.2776899
	speed: 0.0059s/iter; left time: 48.6241s
	iters: 900, epoch: 8 | loss: 4.8076844
	speed: 0.0047s/iter; left time: 38.3752s
	iters: 1000, epoch: 8 | loss: 9.9137106
	speed: 0.0061s/iter; left time: 48.7046s
	iters: 1100, epoch: 8 | loss: 12.8014755
	speed: 0.0048s/iter; left time: 38.1249s
	iters: 1200, epoch: 8 | loss: 13.7379379
	speed: 0.0059s/iter; left time: 45.8756s
	iters: 1300, epoch: 8 | loss: 2.7833190
	speed: 0.0043s/iter; left time: 33.1138s
	iters: 1400, epoch: 8 | loss: 9.4361763
	speed: 0.0056s/iter; left time: 42.7108s
	iters: 1500, epoch: 8 | loss: 5.7757063
	speed: 0.0050s/iter; left time: 37.6783s
	iters: 1600, epoch: 8 | loss: 7.5906038
	speed: 0.0048s/iter; left time: 35.2136s
	iters: 1700, epoch: 8 | loss: 13.8657227
	speed: 0.0053s/iter; left time: 38.7328s
	iters: 1800, epoch: 8 | loss: 5.0151358
	speed: 0.0052s/iter; left time: 37.2353s
	iters: 1900, epoch: 8 | loss: 9.7239084
	speed: 0.0054s/iter; left time: 38.0339s
	iters: 2000, epoch: 8 | loss: 5.5188870
	speed: 0.0053s/iter; left time: 37.1660s
	iters: 2100, epoch: 8 | loss: 10.0422726
	speed: 0.0054s/iter; left time: 37.2662s
	iters: 2200, epoch: 8 | loss: 10.9340992
	speed: 0.0052s/iter; left time: 35.5211s
	iters: 2300, epoch: 8 | loss: 16.0902538
	speed: 0.0047s/iter; left time: 31.3964s
	iters: 2400, epoch: 8 | loss: 10.4463186
	speed: 0.0048s/iter; left time: 31.9870s
	iters: 2500, epoch: 8 | loss: 4.5929575
	speed: 0.0068s/iter; left time: 44.4501s
	iters: 2600, epoch: 8 | loss: 5.5639710
	speed: 0.0045s/iter; left time: 28.5454s
	iters: 2700, epoch: 8 | loss: 8.9600801
	speed: 0.0049s/iter; left time: 31.0432s
	iters: 2800, epoch: 8 | loss: 7.9988031
	speed: 0.0048s/iter; left time: 30.0569s
	iters: 2900, epoch: 8 | loss: 4.6944618
	speed: 0.0066s/iter; left time: 40.0696s
	iters: 3000, epoch: 8 | loss: 18.0681152
	speed: 0.0050s/iter; left time: 29.9396s
Epoch: 8 cost time: 15.688470602035522
Epoch: 8, Steps: 3000 | Train Loss: 8.8966460 Vali Loss: 13.9960054 Test Loss: 13.9960054
Validation loss decreased (14.011091 --> 13.996005).  Saving model ...
Updating learning rate to 0.0014640374680394382
	iters: 100, epoch: 9 | loss: 6.9403663
	speed: 0.0073s/iter; left time: 42.9452s
	iters: 200, epoch: 9 | loss: 9.2043829
	speed: 0.0055s/iter; left time: 31.9460s
	iters: 300, epoch: 9 | loss: 5.3750563
	speed: 0.0059s/iter; left time: 33.5482s
	iters: 400, epoch: 9 | loss: 12.1360216
	speed: 0.0059s/iter; left time: 33.0870s
	iters: 500, epoch: 9 | loss: 13.6349382
	speed: 0.0050s/iter; left time: 27.3572s
	iters: 600, epoch: 9 | loss: 6.4346881
	speed: 0.0062s/iter; left time: 33.2407s
	iters: 700, epoch: 9 | loss: 10.7763157
	speed: 0.0051s/iter; left time: 26.9906s
	iters: 800, epoch: 9 | loss: 7.9656997
	speed: 0.0052s/iter; left time: 26.9345s
	iters: 900, epoch: 9 | loss: 12.2086420
	speed: 0.0052s/iter; left time: 26.2969s
	iters: 1000, epoch: 9 | loss: 8.7959242
	speed: 0.0051s/iter; left time: 25.5077s
	iters: 1100, epoch: 9 | loss: 7.2528033
	speed: 0.0058s/iter; left time: 28.2698s
	iters: 1200, epoch: 9 | loss: 5.6650748
	speed: 0.0055s/iter; left time: 26.6441s
	iters: 1300, epoch: 9 | loss: 9.4525375
	speed: 0.0052s/iter; left time: 24.6474s
	iters: 1400, epoch: 9 | loss: 14.0734749
	speed: 0.0050s/iter; left time: 23.0291s
	iters: 1500, epoch: 9 | loss: 5.8007255
	speed: 0.0057s/iter; left time: 25.5029s
	iters: 1600, epoch: 9 | loss: 9.6362467
	speed: 0.0055s/iter; left time: 24.3654s
	iters: 1700, epoch: 9 | loss: 10.5823975
	speed: 0.0062s/iter; left time: 26.4749s
	iters: 1800, epoch: 9 | loss: 4.3250237
	speed: 0.0047s/iter; left time: 19.6984s
	iters: 1900, epoch: 9 | loss: 12.5614243
	speed: 0.0069s/iter; left time: 28.3754s
	iters: 2000, epoch: 9 | loss: 10.2905302
	speed: 0.0052s/iter; left time: 20.9102s
	iters: 2100, epoch: 9 | loss: 7.6823516
	speed: 0.0050s/iter; left time: 19.3236s
	iters: 2200, epoch: 9 | loss: 5.1823382
	speed: 0.0053s/iter; left time: 20.0878s
	iters: 2300, epoch: 9 | loss: 6.8891363
	speed: 0.0052s/iter; left time: 19.1311s
	iters: 2400, epoch: 9 | loss: 15.6232090
	speed: 0.0053s/iter; left time: 19.2205s
	iters: 2500, epoch: 9 | loss: 22.1454639
	speed: 0.0056s/iter; left time: 19.7039s
	iters: 2600, epoch: 9 | loss: 11.1589155
	speed: 0.0049s/iter; left time: 16.6451s
	iters: 2700, epoch: 9 | loss: 7.3037415
	speed: 0.0059s/iter; left time: 19.4777s
	iters: 2800, epoch: 9 | loss: 5.0744543
	speed: 0.0069s/iter; left time: 21.9446s
	iters: 2900, epoch: 9 | loss: 13.1603909
	speed: 0.0050s/iter; left time: 15.5857s
	iters: 3000, epoch: 9 | loss: 7.8869858
	speed: 0.0054s/iter; left time: 16.1198s
Epoch: 9 cost time: 16.405823707580566
Epoch: 9, Steps: 3000 | Train Loss: 8.7853043 Vali Loss: 14.0027565 Test Loss: 14.0027565
EarlyStopping counter: 1 out of 5
Updating learning rate to 0.0003803903898919166
	iters: 100, epoch: 10 | loss: 9.2325573
	speed: 0.0085s/iter; left time: 24.7641s
	iters: 200, epoch: 10 | loss: 6.1125731
	speed: 0.0052s/iter; left time: 14.5226s
	iters: 300, epoch: 10 | loss: 5.1357975
	speed: 0.0061s/iter; left time: 16.4838s
	iters: 400, epoch: 10 | loss: 14.0398712
	speed: 0.0049s/iter; left time: 12.6872s
	iters: 500, epoch: 10 | loss: 5.5000610
	speed: 0.0056s/iter; left time: 14.0758s
	iters: 600, epoch: 10 | loss: 5.9830894
	speed: 0.0051s/iter; left time: 12.2467s
	iters: 700, epoch: 10 | loss: 7.4545345
	speed: 0.0046s/iter; left time: 10.4858s
	iters: 800, epoch: 10 | loss: 10.2315521
	speed: 0.0050s/iter; left time: 11.0011s
	iters: 900, epoch: 10 | loss: 5.9193029
	speed: 0.0049s/iter; left time: 10.2692s
	iters: 1000, epoch: 10 | loss: 6.7601175
	speed: 0.0049s/iter; left time: 9.7717s
	iters: 1100, epoch: 10 | loss: 7.1227827
	speed: 0.0049s/iter; left time: 9.3901s
	iters: 1200, epoch: 10 | loss: 6.3349700
	speed: 0.0049s/iter; left time: 8.7947s
	iters: 1300, epoch: 10 | loss: 5.5432038
	speed: 0.0052s/iter; left time: 8.8327s
	iters: 1400, epoch: 10 | loss: 9.2652931
	speed: 0.0049s/iter; left time: 7.8395s
	iters: 1500, epoch: 10 | loss: 9.9590111
	speed: 0.0049s/iter; left time: 7.3408s
	iters: 1600, epoch: 10 | loss: 8.2414379
	speed: 0.0049s/iter; left time: 6.8886s
	iters: 1700, epoch: 10 | loss: 4.7655191
	speed: 0.0053s/iter; left time: 6.9334s
	iters: 1800, epoch: 10 | loss: 11.1669283
	speed: 0.0054s/iter; left time: 6.4676s
	iters: 1900, epoch: 10 | loss: 6.7205892
	speed: 0.0056s/iter; left time: 6.1699s
	iters: 2000, epoch: 10 | loss: 18.7842350
	speed: 0.0052s/iter; left time: 5.2534s
	iters: 2100, epoch: 10 | loss: 4.5787435
	speed: 0.0052s/iter; left time: 4.7010s
	iters: 2200, epoch: 10 | loss: 6.6380076
	speed: 0.0058s/iter; left time: 4.6562s
	iters: 2300, epoch: 10 | loss: 10.3483534
	speed: 0.0061s/iter; left time: 4.3086s
	iters: 2400, epoch: 10 | loss: 5.0734963
	speed: 0.0065s/iter; left time: 3.9169s
	iters: 2500, epoch: 10 | loss: 6.6396422
	speed: 0.0060s/iter; left time: 3.0133s
	iters: 2600, epoch: 10 | loss: 7.4520578
	speed: 0.0050s/iter; left time: 2.0014s
	iters: 2700, epoch: 10 | loss: 7.3712497
	speed: 0.0061s/iter; left time: 1.8323s
	iters: 2800, epoch: 10 | loss: 9.8150358
	speed: 0.0061s/iter; left time: 1.2236s
	iters: 2900, epoch: 10 | loss: 8.1230955
	speed: 0.0066s/iter; left time: 0.6645s
	iters: 3000, epoch: 10 | loss: 9.2818155
	speed: 0.0052s/iter; left time: 0.0052s
Epoch: 10 cost time: 16.269906997680664
Epoch: 10, Steps: 3000 | Train Loss: 8.8345930 Vali Loss: 14.0156961 Test Loss: 14.0156961
EarlyStopping counter: 2 out of 5
Updating learning rate to 4.004283665329571e-08
>>>>>>>testing : short_term_forecast_M4_SparseTSF_Monthly_none_SparseTSF_m4_sl96_pl96_dm16_nh8_el2_dl1_df32_fc1_ebtimeF_dtTrue_M4_0<<<<<<<<<<<<<<<<<<<<<<<<<<<<<<<<<
train 48000
test 48000
0
1000
2000
3000
4000
5000
6000
7000
8000
9000
10000
11000
12000
13000
14000
15000
16000
17000
18000
19000
20000
21000
22000
23000
24000
25000
26000
27000
28000
29000
30000
31000
32000
33000
34000
35000
36000
37000
38000
39000
40000
41000
42000
43000
44000
45000
46000
47000
test shape: (48000, 18, 1)
SparseTSF
After all 6 tasks are finished, you can calculate the averaged index
