Args in experiment:
Namespace(activation='gelu', anomaly_ratio=0.25, batch_size=16, c_out=1, channel_independence=1, checkpoints='./checkpoints/', comment='none', d_ff=32, d_layers=1, d_model=16, data='m4', data_path='ETTh1.csv', dec_in=1, decomp_method='moving_avg', des='M4', devices='0,1', distil=True, down_sampling_layers=0, down_sampling_method='avg', down_sampling_window=1, drop_last=True, dropout=0.1, e_layers=2, embed='timeF', emissions_file='emissions.csv', emissions_output_dir='.', enc_in=1, factor=1, features='M', freq='h', gpu=0, inverse=False, is_training=1, itr=1, label_len=48, learning_rate=0.01, loss='SMAPE', lradj='TST', mask_rate=0.125, model='SparseTSF', model_id='M4_SparseTSF_Quarterly', model_type='linear', moving_avg=25, n_heads=8, num_kernels=6, num_workers=0, output_attention=False, p_hidden_dims=[128, 128], p_hidden_layers=2, patience=5, pct_start=0.2, period_len=4, pred_len=96, root_path='C:\\Users\\bbbal\\OneDrive\\Masaüstü\\timemixer\\dataset\\m4', seasonal_patterns='Quarterly', seq_len=96, target='OT', task_name='short_term_forecast', top_k=5, track_emissions=0, train_epochs=10, use_amp=False, use_future_temporal_feature=0, use_gpu=True, use_multi_gpu=False, use_norm=1)
Use GPU: cuda:0
>>>>>>>start training : short_term_forecast_M4_SparseTSF_Quarterly_none_SparseTSF_m4_sl96_pl96_dm16_nh8_el2_dl1_df32_fc1_ebtimeF_dtTrue_M4_0>>>>>>>>>>>>>>>>>>>>>>>>>>
train 24000
val 24000
	iters: 100, epoch: 1 | loss: 17.9556141
	speed: 0.0324s/iter; left time: 482.8853s
	iters: 200, epoch: 1 | loss: 10.8890924
	speed: 0.0034s/iter; left time: 50.2445s
	iters: 300, epoch: 1 | loss: 10.6509771
	speed: 0.0033s/iter; left time: 48.4969s
	iters: 400, epoch: 1 | loss: 9.1047726
	speed: 0.0031s/iter; left time: 45.1654s
	iters: 500, epoch: 1 | loss: 10.3779955
	speed: 0.0034s/iter; left time: 48.7753s
	iters: 600, epoch: 1 | loss: 7.0744557
	speed: 0.0031s/iter; left time: 45.0272s
	iters: 700, epoch: 1 | loss: 11.3058414
	speed: 0.0032s/iter; left time: 45.6716s
	iters: 800, epoch: 1 | loss: 7.7257214
	speed: 0.0041s/iter; left time: 58.5736s
	iters: 900, epoch: 1 | loss: 8.4764566
	speed: 0.0032s/iter; left time: 45.8071s
	iters: 1000, epoch: 1 | loss: 6.2754073
	speed: 0.0031s/iter; left time: 42.8225s
	iters: 1100, epoch: 1 | loss: 3.8796830
	speed: 0.0033s/iter; left time: 45.6984s
	iters: 1200, epoch: 1 | loss: 11.7893066
	speed: 0.0033s/iter; left time: 46.1415s
	iters: 1300, epoch: 1 | loss: 5.2537360
	speed: 0.0033s/iter; left time: 44.9787s
	iters: 1400, epoch: 1 | loss: 9.0978575
	speed: 0.0036s/iter; left time: 48.9470s
	iters: 1500, epoch: 1 | loss: 18.5249424
	speed: 0.0031s/iter; left time: 41.8237s
Epoch: 1 cost time: 7.890403985977173
Epoch: 1, Steps: 1500 | Train Loss: 9.6991705 Vali Loss: 11.9190102 Test Loss: 11.9190102
Validation loss decreased (inf --> 11.919010).  Saving model ...
Updating learning rate to 0.0052025141120453046
	iters: 100, epoch: 2 | loss: 7.3402314
	speed: 0.0042s/iter; left time: 55.6209s
	iters: 200, epoch: 2 | loss: 3.1757171
	speed: 0.0035s/iter; left time: 46.5688s
	iters: 300, epoch: 2 | loss: 5.6511307
	speed: 0.0038s/iter; left time: 50.7228s
	iters: 400, epoch: 2 | loss: 8.3189697
	speed: 0.0040s/iter; left time: 51.9560s
	iters: 500, epoch: 2 | loss: 9.6454973
	speed: 0.0032s/iter; left time: 41.2757s
	iters: 600, epoch: 2 | loss: 6.5478458
	speed: 0.0031s/iter; left time: 40.3456s
	iters: 700, epoch: 2 | loss: 8.0163670
	speed: 0.0057s/iter; left time: 72.3676s
	iters: 800, epoch: 2 | loss: 9.7778645
	speed: 0.0042s/iter; left time: 53.9575s
	iters: 900, epoch: 2 | loss: 7.6878777
	speed: 0.0064s/iter; left time: 80.7557s
	iters: 1000, epoch: 2 | loss: 5.5261188
	speed: 0.0045s/iter; left time: 56.0042s
	iters: 1100, epoch: 2 | loss: 9.8902197
	speed: 0.0062s/iter; left time: 76.5288s
	iters: 1200, epoch: 2 | loss: 12.5341625
	speed: 0.0033s/iter; left time: 40.4811s
	iters: 1300, epoch: 2 | loss: 5.7021079
	speed: 0.0041s/iter; left time: 49.4584s
	iters: 1400, epoch: 2 | loss: 9.0466080
	speed: 0.0043s/iter; left time: 51.5924s
	iters: 1500, epoch: 2 | loss: 6.7649322
	speed: 0.0032s/iter; left time: 38.2876s
Epoch: 2 cost time: 6.283380031585693
Epoch: 2, Steps: 1500 | Train Loss: 8.3536818 Vali Loss: 11.9608048 Test Loss: 11.9608048
EarlyStopping counter: 1 out of 5
Updating learning rate to 0.009999999828653388
	iters: 100, epoch: 3 | loss: 8.7323895
	speed: 0.0047s/iter; left time: 56.4847s
	iters: 200, epoch: 3 | loss: 10.3748636
	speed: 0.0032s/iter; left time: 37.4869s
	iters: 300, epoch: 3 | loss: 8.7925148
	speed: 0.0034s/iter; left time: 39.8194s
	iters: 400, epoch: 3 | loss: 10.0398989
	speed: 0.0039s/iter; left time: 45.7656s
	iters: 500, epoch: 3 | loss: 5.0756345
	speed: 0.0038s/iter; left time: 44.0430s
	iters: 600, epoch: 3 | loss: 10.6468859
	speed: 0.0042s/iter; left time: 47.7372s
	iters: 700, epoch: 3 | loss: 6.6083283
	speed: 0.0031s/iter; left time: 35.4359s
	iters: 800, epoch: 3 | loss: 6.6554933
	speed: 0.0035s/iter; left time: 39.2367s
	iters: 900, epoch: 3 | loss: 14.0945282
	speed: 0.0036s/iter; left time: 39.7636s
	iters: 1000, epoch: 3 | loss: 8.2532988
	speed: 0.0033s/iter; left time: 35.8069s
	iters: 1100, epoch: 3 | loss: 5.5103097
	speed: 0.0031s/iter; left time: 34.2854s
	iters: 1200, epoch: 3 | loss: 7.6290512
	speed: 0.0034s/iter; left time: 37.0892s
	iters: 1300, epoch: 3 | loss: 8.0855560
	speed: 0.0047s/iter; left time: 49.8397s
	iters: 1400, epoch: 3 | loss: 15.1571865
	speed: 0.0034s/iter; left time: 35.6748s
	iters: 1500, epoch: 3 | loss: 6.1604810
	speed: 0.0034s/iter; left time: 36.0873s
Epoch: 3 cost time: 5.408419370651245
Epoch: 3, Steps: 1500 | Train Loss: 8.3734424 Vali Loss: 12.0818762 Test Loss: 12.0818762
EarlyStopping counter: 2 out of 5
Updating learning rate to 0.009618898097230034
	iters: 100, epoch: 4 | loss: 13.7914896
	speed: 0.0042s/iter; left time: 43.7939s
	iters: 200, epoch: 4 | loss: 6.2393756
	speed: 0.0039s/iter; left time: 40.5788s
	iters: 300, epoch: 4 | loss: 11.1531448
	speed: 0.0032s/iter; left time: 32.6370s
	iters: 400, epoch: 4 | loss: 8.3066483
	speed: 0.0042s/iter; left time: 41.9759s
	iters: 500, epoch: 4 | loss: 12.1236725
	speed: 0.0044s/iter; left time: 43.9349s
	iters: 600, epoch: 4 | loss: 5.0486879
	speed: 0.0041s/iter; left time: 40.2751s
	iters: 700, epoch: 4 | loss: 7.3531499
	speed: 0.0042s/iter; left time: 41.4636s
	iters: 800, epoch: 4 | loss: 8.2455139
	speed: 0.0066s/iter; left time: 63.6824s
	iters: 900, epoch: 4 | loss: 11.2610559
	speed: 0.0056s/iter; left time: 54.2096s
	iters: 1000, epoch: 4 | loss: 10.5587149
	speed: 0.0043s/iter; left time: 40.6846s
	iters: 1100, epoch: 4 | loss: 6.5719023
	speed: 0.0059s/iter; left time: 55.5676s
	iters: 1200, epoch: 4 | loss: 7.9927669
	speed: 0.0039s/iter; left time: 36.5564s
	iters: 1300, epoch: 4 | loss: 11.3224897
	speed: 0.0033s/iter; left time: 30.7934s
	iters: 1400, epoch: 4 | loss: 17.5612297
	speed: 0.0034s/iter; left time: 30.6178s
	iters: 1500, epoch: 4 | loss: 14.4389420
	speed: 0.0032s/iter; left time: 28.5718s
Epoch: 4 cost time: 6.372429847717285
Epoch: 4, Steps: 1500 | Train Loss: 8.3848464 Vali Loss: 11.9298397 Test Loss: 11.9298397
EarlyStopping counter: 3 out of 5
Updating learning rate to 0.008534614045737621
	iters: 100, epoch: 5 | loss: 11.5435963
	speed: 0.0043s/iter; left time: 38.4915s
	iters: 200, epoch: 5 | loss: 6.7145214
	speed: 0.0042s/iter; left time: 36.6427s
	iters: 300, epoch: 5 | loss: 7.8165607
	speed: 0.0058s/iter; left time: 50.5857s
	iters: 400, epoch: 5 | loss: 4.5898743
	speed: 0.0050s/iter; left time: 43.0361s
	iters: 500, epoch: 5 | loss: 4.6149197
	speed: 0.0048s/iter; left time: 41.0960s
	iters: 600, epoch: 5 | loss: 8.5286226
	speed: 0.0032s/iter; left time: 26.6012s
	iters: 700, epoch: 5 | loss: 5.0936899
	speed: 0.0041s/iter; left time: 33.9925s
	iters: 800, epoch: 5 | loss: 10.9430599
	speed: 0.0059s/iter; left time: 48.1606s
	iters: 900, epoch: 5 | loss: 11.1490755
	speed: 0.0030s/iter; left time: 24.2426s
	iters: 1000, epoch: 5 | loss: 11.6067047
	speed: 0.0037s/iter; left time: 29.9028s
	iters: 1100, epoch: 5 | loss: 6.7811146
	speed: 0.0039s/iter; left time: 30.5089s
	iters: 1200, epoch: 5 | loss: 3.8667188
	speed: 0.0054s/iter; left time: 42.5058s
	iters: 1300, epoch: 5 | loss: 12.8409100
	speed: 0.0034s/iter; left time: 26.2347s
	iters: 1400, epoch: 5 | loss: 7.3758512
	speed: 0.0039s/iter; left time: 29.3738s
	iters: 1500, epoch: 5 | loss: 10.0044909
	speed: 0.0045s/iter; left time: 33.5933s
Epoch: 5 cost time: 6.441130876541138
Epoch: 5, Steps: 1500 | Train Loss: 8.3478740 Vali Loss: 12.0228194 Test Loss: 12.0228194
EarlyStopping counter: 4 out of 5
Updating learning rate to 0.00691222009195647
	iters: 100, epoch: 6 | loss: 9.1153402
	speed: 0.0047s/iter; left time: 34.9858s
	iters: 200, epoch: 6 | loss: 16.2141018
	speed: 0.0064s/iter; left time: 46.4988s
	iters: 300, epoch: 6 | loss: 3.7807384
	speed: 0.0052s/iter; left time: 37.5861s
	iters: 400, epoch: 6 | loss: 10.5007915
	speed: 0.0050s/iter; left time: 35.5176s
	iters: 500, epoch: 6 | loss: 4.4022398
	speed: 0.0037s/iter; left time: 26.1405s
	iters: 600, epoch: 6 | loss: 7.7237606
	speed: 0.0053s/iter; left time: 36.4569s
	iters: 700, epoch: 6 | loss: 5.5755100
	speed: 0.0037s/iter; left time: 24.8356s
	iters: 800, epoch: 6 | loss: 10.9933434
	speed: 0.0041s/iter; left time: 27.1641s
	iters: 900, epoch: 6 | loss: 8.6829405
	speed: 0.0047s/iter; left time: 31.0950s
	iters: 1000, epoch: 6 | loss: 4.7090597
	speed: 0.0041s/iter; left time: 26.6009s
	iters: 1100, epoch: 6 | loss: 12.8849182
	speed: 0.0077s/iter; left time: 49.4383s
	iters: 1200, epoch: 6 | loss: 14.8126211
	speed: 0.0066s/iter; left time: 41.8818s
	iters: 1300, epoch: 6 | loss: 8.2576714
	speed: 0.0046s/iter; left time: 28.6747s
	iters: 1400, epoch: 6 | loss: 7.1105733
	speed: 0.0057s/iter; left time: 34.6712s
	iters: 1500, epoch: 6 | loss: 6.3334146
	speed: 0.0062s/iter; left time: 37.0486s
Epoch: 6 cost time: 7.706991910934448
Epoch: 6, Steps: 1500 | Train Loss: 8.3388851 Vali Loss: 12.0559230 Test Loss: 12.0559230
EarlyStopping counter: 5 out of 5
Early stopping
>>>>>>>testing : short_term_forecast_M4_SparseTSF_Quarterly_none_SparseTSF_m4_sl96_pl96_dm16_nh8_el2_dl1_df32_fc1_ebtimeF_dtTrue_M4_0<<<<<<<<<<<<<<<<<<<<<<<<<<<<<<<<<
train 24000
test 24000
0
1000
2000
3000
4000
5000
6000
7000
8000
9000
10000
11000
12000
13000
14000
15000
16000
17000
18000
19000
20000
21000
22000
23000
test shape: (24000, 8, 1)
SparseTSF
After all 6 tasks are finished, you can calculate the averaged index
