Args in experiment:
Namespace(activation='gelu', anomaly_ratio=0.25, batch_size=16, c_out=1, channel_independence=1, checkpoints='./checkpoints/', comment='none', d_ff=32, d_layers=1, d_model=16, data='m4', data_path='ETTh1.csv', dec_in=1, decomp_method='moving_avg', des='M4', devices='0,1', distil=True, down_sampling_layers=1, down_sampling_method='avg', down_sampling_window=2, drop_last=True, dropout=0.1, e_layers=2, embed='timeF', emissions_file='emissions.csv', emissions_output_dir='.', enc_in=1, factor=1, features='M', freq='h', gpu=0, inverse=False, is_training=1, itr=1, label_len=48, learning_rate=0.001, loss='SMAPE', lradj='TST', mask_rate=0.125, model='TimeMixer', model_id='M4_TimeMixer_Yearly', model_type='linear', moving_avg=25, n_heads=8, num_kernels=6, num_workers=0, output_attention=False, p_hidden_dims=[128, 128], p_hidden_layers=2, patience=5, pct_start=0.2, period_len=2, pred_len=96, root_path='<workspace>\\dataset\\m4', seasonal_patterns='Yearly', seq_len=96, target='OT', task_name='short_term_forecast', top_k=5, track_emissions=0, train_epochs=10, use_amp=False, use_future_temporal_feature=0, use_gpu=True, use_multi_gpu=False, use_norm=1)
Use GPU: cuda:0
>>>>>>>start training : short_term_forecast_M4_TimeMixer_Yearly_none_TimeMixer_m4_sl96_pl96_dm16_nh8_el2_dl1_df32_fc1_ebtimeF_dtTrue_M4_0>>>>>>>>>>>>>>>>>>>>>>>>>>
train 23000
val 23000
	iters: 100, epoch: 1 | loss: 38.1591988
	speed: 0.0652s/iter; left time: 931.7317s
	iters: 200, epoch: 1 | loss: 27.4313602
	speed: 0.0282s/iter; left time: 400.0029s
	iters: 300, epoch: 1 | loss: 28.7150269
	speed: 0.0335s/iter; left time: 472.1983s
	iters: 400, epoch: 1 | loss: 21.2062092
	speed: 0.0305s/iter; left time: 426.0174s
	iters: 500, epoch: 1 | loss: 10.3872623
	speed: 0.0296s/iter; left time: 410.2323s
	iters: 600, epoch: 1 | loss: 10.1523180
	speed: 0.0288s/iter; left time: 397.3191s
	iters: 700, epoch: 1 | loss: 20.7904186
	speed: 0.0290s/iter; left time: 396.3107s
	iters: 800, epoch: 1 | loss: 12.1995945
	speed: 0.0296s/iter; left time: 402.3625s
	iters: 900, epoch: 1 | loss: 15.8453789
	speed: 0.0291s/iter; left time: 392.9426s
	iters: 1000, epoch: 1 | loss: 9.3585072
	speed: 0.0312s/iter; left time: 417.0560s
	iters: 1100, epoch: 1 | loss: 6.8170300
	speed: 0.0303s/iter; left time: 401.9738s
	iters: 1200, epoch: 1 | loss: 9.9524727
	speed: 0.0352s/iter; left time: 463.3931s
	iters: 1300, epoch: 1 | loss: 9.9346685
	speed: 0.0288s/iter; left time: 376.4900s
	iters: 1400, epoch: 1 | loss: 10.1837044
	speed: 0.0318s/iter; left time: 412.3800s
Epoch: 1 cost time: 47.15445685386658
Epoch: 1, Steps: 1438 | Train Loss: 17.8644030 Vali Loss: 14.9107836 Test Loss: 14.9107836
Validation loss decreased (inf --> 14.910784).  Saving model ...
Updating learning rate to 0.0005202622546780345
	iters: 100, epoch: 2 | loss: 7.6149015
	speed: 0.0435s/iter; left time: 558.8544s
	iters: 200, epoch: 2 | loss: 6.9627838
	speed: 0.0288s/iter; left time: 367.4753s
	iters: 300, epoch: 2 | loss: 6.7024765
	speed: 0.0300s/iter; left time: 379.6335s
	iters: 400, epoch: 2 | loss: 6.9350257
	speed: 0.0352s/iter; left time: 441.2220s
	iters: 500, epoch: 2 | loss: 11.1776009
	speed: 0.0281s/iter; left time: 349.0873s
	iters: 600, epoch: 2 | loss: 4.8080454
	speed: 0.0303s/iter; left time: 373.8945s
	iters: 700, epoch: 2 | loss: 9.6950712
	speed: 0.0280s/iter; left time: 343.2004s
	iters: 800, epoch: 2 | loss: 6.4944410
	speed: 0.0310s/iter; left time: 376.9382s
	iters: 900, epoch: 2 | loss: 8.3849182
	speed: 0.0327s/iter; left time: 393.6280s
	iters: 1000, epoch: 2 | loss: 9.3547220
	speed: 0.0364s/iter; left time: 434.7581s
	iters: 1100, epoch: 2 | loss: 13.4723158
	speed: 0.0320s/iter; left time: 378.7658s
	iters: 1200, epoch: 2 | loss: 7.2354383
	speed: 0.0312s/iter; left time: 366.0825s
	iters: 1300, epoch: 2 | loss: 12.0815783
	speed: 0.0297s/iter; left time: 346.3489s
	iters: 1400, epoch: 2 | loss: 4.8826199
	speed: 0.0315s/iter; left time: 364.1610s
Epoch: 2 cost time: 44.5979061126709
Epoch: 2, Steps: 1438 | Train Loss: 10.4710131 Vali Loss: 13.8885942 Test Loss: 13.8885942
Validation loss decreased (14.910784 --> 13.888594).  Saving model ...
Updating learning rate to 0.0009999999813559497
	iters: 100, epoch: 3 | loss: 6.7998528
	speed: 0.0461s/iter; left time: 525.8816s
	iters: 200, epoch: 3 | loss: 15.5040846
	speed: 0.0312s/iter; left time: 352.9074s
	iters: 300, epoch: 3 | loss: 9.2978363
	speed: 0.0251s/iter; left time: 280.8181s
	iters: 400, epoch: 3 | loss: 7.7576823
	speed: 0.0229s/iter; left time: 254.4500s
	iters: 500, epoch: 3 | loss: 12.4896364
	speed: 0.0196s/iter; left time: 215.7011s
	iters: 600, epoch: 3 | loss: 7.2913675
	speed: 0.0203s/iter; left time: 220.9737s
	iters: 700, epoch: 3 | loss: 9.1601429
	speed: 0.0200s/iter; left time: 216.2052s
	iters: 800, epoch: 3 | loss: 13.1059990
	speed: 0.0198s/iter; left time: 211.9339s
	iters: 900, epoch: 3 | loss: 10.3937845
	speed: 0.0203s/iter; left time: 214.8477s
	iters: 1000, epoch: 3 | loss: 11.2757883
	speed: 0.0195s/iter; left time: 205.1619s
	iters: 1100, epoch: 3 | loss: 5.8232932
	speed: 0.0240s/iter; left time: 249.5590s
	iters: 1200, epoch: 3 | loss: 9.2025518
	speed: 0.0287s/iter; left time: 296.0436s
	iters: 1300, epoch: 3 | loss: 10.0920124
	speed: 0.0292s/iter; left time: 297.8830s
	iters: 1400, epoch: 3 | loss: 9.9057035
	speed: 0.0313s/iter; left time: 316.1371s
Epoch: 3 cost time: 35.4604389667511
Epoch: 3, Steps: 1438 | Train Loss: 9.8561820 Vali Loss: 14.1302834 Test Loss: 14.1302834
EarlyStopping counter: 1 out of 5
Updating learning rate to 0.0009618876485493693
	iters: 100, epoch: 4 | loss: 11.3803625
	speed: 0.0444s/iter; left time: 442.3572s
	iters: 200, epoch: 4 | loss: 11.9816484
	speed: 0.0255s/iter; left time: 251.7948s
	iters: 300, epoch: 4 | loss: 8.7701483
	speed: 0.0261s/iter; left time: 255.4016s
	iters: 400, epoch: 4 | loss: 14.3467169
	speed: 0.0265s/iter; left time: 256.1961s
	iters: 500, epoch: 4 | loss: 10.2158680
	speed: 0.0236s/iter; left time: 225.6212s
	iters: 600, epoch: 4 | loss: 4.0794230
	speed: 0.0240s/iter; left time: 226.8307s
	iters: 700, epoch: 4 | loss: 14.5215139
	speed: 0.0248s/iter; left time: 232.6665s
	iters: 800, epoch: 4 | loss: 9.5032673
	speed: 0.0262s/iter; left time: 242.4234s
	iters: 900, epoch: 4 | loss: 4.9534483
	speed: 0.0285s/iter; left time: 261.6553s
	iters: 1000, epoch: 4 | loss: 9.9197626
	speed: 0.0291s/iter; left time: 264.2071s
	iters: 1100, epoch: 4 | loss: 8.4204836
	speed: 0.0285s/iter; left time: 255.3888s
	iters: 1200, epoch: 4 | loss: 11.0782166
	speed: 0.0263s/iter; left time: 233.4144s
	iters: 1300, epoch: 4 | loss: 8.2327871
	speed: 0.0286s/iter; left time: 250.5374s
	iters: 1400, epoch: 4 | loss: 11.2064037
	speed: 0.0251s/iter; left time: 217.9422s
Epoch: 4 cost time: 38.112821102142334
Epoch: 4, Steps: 1438 | Train Loss: 9.6949198 Vali Loss: 14.1047648 Test Loss: 14.1047648
EarlyStopping counter: 2 out of 5
Updating learning rate to 0.0008534574127549782
	iters: 100, epoch: 5 | loss: 7.3994083
	speed: 0.0395s/iter; left time: 337.0145s
	iters: 200, epoch: 5 | loss: 8.4739294
	speed: 0.0274s/iter; left time: 230.8410s
	iters: 300, epoch: 5 | loss: 8.2256632
	speed: 0.0266s/iter; left time: 221.2417s
	iters: 400, epoch: 5 | loss: 11.8366022
	speed: 0.0266s/iter; left time: 218.9676s
	iters: 500, epoch: 5 | loss: 11.9376574
	speed: 0.0272s/iter; left time: 221.0134s
	iters: 600, epoch: 5 | loss: 13.5222034
	speed: 0.0257s/iter; left time: 206.6505s
	iters: 700, epoch: 5 | loss: 13.7521000
	speed: 0.0284s/iter; left time: 225.5218s
	iters: 800, epoch: 5 | loss: 12.7507105
	speed: 0.0261s/iter; left time: 204.6587s
	iters: 900, epoch: 5 | loss: 3.8321235
	speed: 0.0265s/iter; left time: 204.6605s
	iters: 1000, epoch: 5 | loss: 10.8022156
	speed: 0.0249s/iter; left time: 190.0686s
	iters: 1100, epoch: 5 | loss: 13.8003807
	speed: 0.0292s/iter; left time: 219.6754s
	iters: 1200, epoch: 5 | loss: 5.3753777
	speed: 0.0268s/iter; left time: 199.2272s
	iters: 1300, epoch: 5 | loss: 9.7765417
	speed: 0.0242s/iter; left time: 177.4549s
	iters: 1400, epoch: 5 | loss: 12.5328245
	speed: 0.0282s/iter; left time: 203.9795s
Epoch: 5 cost time: 38.42409563064575
Epoch: 5, Steps: 1438 | Train Loss: 9.4482784 Vali Loss: 13.5876516 Test Loss: 13.5876516
Validation loss decreased (13.888594 --> 13.587652).  Saving model ...
Updating learning rate to 0.0006912167944499369
	iters: 100, epoch: 6 | loss: 12.5417099
	speed: 0.0405s/iter; left time: 287.5255s
	iters: 200, epoch: 6 | loss: 11.5937634
	speed: 0.0265s/iter; left time: 184.9393s
	iters: 300, epoch: 6 | loss: 7.2432718
	speed: 0.0283s/iter; left time: 194.7473s
	iters: 400, epoch: 6 | loss: 13.1914768
	speed: 0.0300s/iter; left time: 203.7412s
	iters: 500, epoch: 6 | loss: 6.1182919
	speed: 0.0264s/iter; left time: 176.8817s
	iters: 600, epoch: 6 | loss: 5.4829459
	speed: 0.0264s/iter; left time: 174.0094s
	iters: 700, epoch: 6 | loss: 9.1271868
	speed: 0.0285s/iter; left time: 185.2075s
	iters: 800, epoch: 6 | loss: 6.1822228
	speed: 0.0274s/iter; left time: 175.2168s
	iters: 900, epoch: 6 | loss: 5.6363745
	speed: 0.0259s/iter; left time: 162.7200s
	iters: 1000, epoch: 6 | loss: 10.3065987
	speed: 0.0245s/iter; left time: 151.7283s
	iters: 1100, epoch: 6 | loss: 6.8200006
	speed: 0.0260s/iter; left time: 158.6426s
	iters: 1200, epoch: 6 | loss: 10.3748941
	speed: 0.0253s/iter; left time: 151.2746s
	iters: 1300, epoch: 6 | loss: 8.9455786
	speed: 0.0290s/iter; left time: 170.6670s
	iters: 1400, epoch: 6 | loss: 12.1187401
	speed: 0.0239s/iter; left time: 138.6089s
Epoch: 6 cost time: 38.52252388000488
Epoch: 6, Steps: 1438 | Train Loss: 9.3958839 Vali Loss: 13.7048911 Test Loss: 13.7048911
EarlyStopping counter: 1 out of 5
Updating learning rate to 0.0004998654570563208
	iters: 100, epoch: 7 | loss: 12.1822796
	speed: 0.0375s/iter; left time: 212.2368s
	iters: 200, epoch: 7 | loss: 7.1422944
	speed: 0.0265s/iter; left time: 146.8827s
	iters: 300, epoch: 7 | loss: 10.3272076
	speed: 0.0266s/iter; left time: 144.8234s
	iters: 400, epoch: 7 | loss: 8.6632872
	speed: 0.0241s/iter; left time: 129.1439s
	iters: 500, epoch: 7 | loss: 10.1382751
	speed: 0.0233s/iter; left time: 122.5941s
	iters: 600, epoch: 7 | loss: 15.1325378
	speed: 0.0224s/iter; left time: 115.5823s
	iters: 700, epoch: 7 | loss: 7.8530788
	speed: 0.0211s/iter; left time: 106.7629s
	iters: 800, epoch: 7 | loss: 6.8314543
	speed: 0.0219s/iter; left time: 108.6418s
	iters: 900, epoch: 7 | loss: 10.0867853
	speed: 0.0219s/iter; left time: 106.1337s
	iters: 1000, epoch: 7 | loss: 5.7571540
	speed: 0.0216s/iter; left time: 102.6543s
	iters: 1100, epoch: 7 | loss: 6.0553470
	speed: 0.0220s/iter; left time: 102.2139s
	iters: 1200, epoch: 7 | loss: 4.9172130
	speed: 0.0217s/iter; left time: 98.7671s
	iters: 1300, epoch: 7 | loss: 7.0314512
	speed: 0.0215s/iter; left time: 95.8265s
	iters: 1400, epoch: 7 | loss: 7.0089035
	speed: 0.0212s/iter; left time: 92.2779s
Epoch: 7 cost time: 32.84238028526306
Epoch: 7, Steps: 1438 | Train Loss: 9.3964946 Vali Loss: 13.4645656 Test Loss: 13.4645656
Validation loss decreased (13.587652 --> 13.464566).  Saving model ...
Updating learning rate to 0.00030853490708811497
	iters: 100, epoch: 8 | loss: 5.3953872
	speed: 0.0343s/iter; left time: 144.5004s
	iters: 200, epoch: 8 | loss: 23.0149784
	speed: 0.0213s/iter; left time: 87.4729s
	iters: 300, epoch: 8 | loss: 12.2435932
	speed: 0.0216s/iter; left time: 86.8743s
	iters: 400, epoch: 8 | loss: 7.0710192
	speed: 0.0212s/iter; left time: 83.0151s
	iters: 500, epoch: 8 | loss: 6.6298275
	speed: 0.0217s/iter; left time: 82.6353s
	iters: 600, epoch: 8 | loss: 11.0155344
	speed: 0.0218s/iter; left time: 80.9090s
	iters: 700, epoch: 8 | loss: 10.1514263
	speed: 0.0218s/iter; left time: 78.8535s
	iters: 800, epoch: 8 | loss: 15.0177326
	speed: 0.0214s/iter; left time: 75.3081s
	iters: 900, epoch: 8 | loss: 5.6866913
	speed: 0.0216s/iter; left time: 73.9251s
	iters: 1000, epoch: 8 | loss: 10.6985378
	speed: 0.0215s/iter; left time: 71.4161s
	iters: 1100, epoch: 8 | loss: 5.3513880
	speed: 0.0212s/iter; left time: 68.0292s
	iters: 1200, epoch: 8 | loss: 11.6478043
	speed: 0.0219s/iter; left time: 68.1065s
	iters: 1300, epoch: 8 | loss: 16.0213890
	speed: 0.0213s/iter; left time: 64.3168s
	iters: 1400, epoch: 8 | loss: 11.5410509
	speed: 0.0217s/iter; left time: 63.3061s
Epoch: 8 cost time: 31.144119024276733
Epoch: 8, Steps: 1438 | Train Loss: 9.4613531 Vali Loss: 13.6415114 Test Loss: 13.6415114
EarlyStopping counter: 1 out of 5
Updating learning rate to 0.00014635348636222437
	iters: 100, epoch: 9 | loss: 10.8981552
	speed: 0.0333s/iter; left time: 92.3648s
	iters: 200, epoch: 9 | loss: 11.7888527
	speed: 0.0221s/iter; left time: 59.1134s
	iters: 300, epoch: 9 | loss: 5.0740581
	speed: 0.0229s/iter; left time: 59.0637s
	iters: 400, epoch: 9 | loss: 8.7441282
	speed: 0.0230s/iter; left time: 56.9324s
