Args in experiment:
Namespace(activation='gelu', anomaly_ratio=0.25, batch_size=256, c_out=7, channel_independence=1, checkpoints='./checkpoints/', comment='none', d_ff=32, d_layers=1, d_model=16, data='ETTh1', data_path='ETTh1.csv', dec_in=7, decomp_method='moving_avg', des='PeriodProbe', devices='0,1', distil=True, down_sampling_layers=0, down_sampling_method='avg', down_sampling_window=1, drop_last=True, dropout=0.1, e_layers=2, embed='timeF', emissions_file='emissions.csv', emissions_output_dir='.', enc_in=7, factor=1, features='M', freq='h', gpu=0, inverse=False, is_training=1, itr=1, label_len=0, learning_rate=0.02, loss='MSE', lradj='type3', mask_rate=0.125, model='SparseTSF', model_id='PROBE_ETTh1_p12', model_type='linear', moving_avg=25, n_heads=8, num_kernels=6, num_workers=0, output_attention=False, p_hidden_dims=[128, 128], p_hidden_layers=2, patience=5, pct_start=0.2, percent=100, period_len=12, pred_len=96, root_path='<workspace>\\dataset\\ETT-small', seasonal_patterns='Monthly', seq_len=96, stsf_cls_head='flat', stsf_decomp='off', stsf_decomp_kernel=25, stsf_diag_mask=0, stsf_impute_passes=1, stsf_linear_bias=0, stsf_mask_conv=0, stsf_pad_fold=0, stsf_periods='', stsf_phase_kernel=3, stsf_phase_mix='off', stsf_phase_rank=0, stsf_revin=0, stsf_revin_affine=0, target='OT', task_name='long_term_forecast', top_k=5, track_emissions=0, train_epochs=30, use_amp=False, use_future_temporal_feature=0, use_gpu=True, use_multi_gpu=False, use_norm=1)
Use GPU: cuda:0
>>>>>>>start training : long_term_forecast_PROBE_ETTh1_p12_none_SparseTSF_ETTh1_sl96_pl96_dm16_nh8_el2_dl1_df32_fc1_ebtimeF_dtTrue_PeriodProbe_0>>>>>>>>>>>>>>>>>>>>>>>>>>
train 8449
val 2785
test 2785
Epoch: 1 cost time: 3.046725034713745
Epoch: 1, Steps: 33 | Train Loss: 0.6172156 Vali Loss: 1.2049193 Test Loss: 0.7431459
Validation loss decreased (inf --> 1.204919).  Saving model ...
Updating learning rate to 0.02
Epoch: 2 cost time: 0.4915609359741211
Epoch: 2, Steps: 33 | Train Loss: 0.4930503 Vali Loss: 0.8496568 Test Loss: 0.4506831
Validation loss decreased (1.204919 --> 0.849657).  Saving model ...
Updating learning rate to 0.02
Epoch: 3 cost time: 0.5735044479370117
Epoch: 3, Steps: 33 | Train Loss: 0.3974950 Vali Loss: 0.7671395 Test Loss: 0.3937878
Validation loss decreased (0.849657 --> 0.767139).  Saving model ...
Updating learning rate to 0.02
Epoch: 4 cost time: 0.4611372947692871
Epoch: 4, Steps: 33 | Train Loss: 0.3735845 Vali Loss: 0.7426577 Test Loss: 0.3881570
Validation loss decreased (0.767139 --> 0.742658).  Saving model ...
Updating learning rate to 0.018000000000000002
Epoch: 5 cost time: 0.5343704223632812
Epoch: 5, Steps: 33 | Train Loss: 0.3686076 Vali Loss: 0.7291083 Test Loss: 0.3838474
Validation loss decreased (0.742658 --> 0.729108).  Saving model ...
Updating learning rate to 0.016200000000000003
Epoch: 6 cost time: 0.48755455017089844
Epoch: 6, Steps: 33 | Train Loss: 0.3679467 Vali Loss: 0.7349519 Test Loss: 0.3841106
EarlyStopping counter: 1 out of 5
Updating learning rate to 0.014580000000000003
Epoch: 7 cost time: 0.4138200283050537
Epoch: 7, Steps: 33 | Train Loss: 0.3676993 Vali Loss: 0.7377403 Test Loss: 0.3851367
EarlyStopping counter: 2 out of 5
Updating learning rate to 0.013122
Epoch: 8 cost time: 0.42777395248413086
Epoch: 8, Steps: 33 | Train Loss: 0.3675728 Vali Loss: 0.7385133 Test Loss: 0.3866113
EarlyStopping counter: 3 out of 5
Updating learning rate to 0.011809800000000002
Epoch: 9 cost time: 0.5406391620635986
Epoch: 9, Steps: 33 | Train Loss: 0.3675927 Vali Loss: 0.7341584 Test Loss: 0.3860089
EarlyStopping counter: 4 out of 5
Updating learning rate to 0.01062882
Epoch: 10 cost time: 0.6603922843933105
Epoch: 10, Steps: 33 | Train Loss: 0.3674451 Vali Loss: 0.7404327 Test Loss: 0.3857065
EarlyStopping counter: 5 out of 5
Early stopping
>>>>>>>testing : long_term_forecast_PROBE_ETTh1_p12_none_SparseTSF_ETTh1_sl96_pl96_dm16_nh8_el2_dl1_df32_fc1_ebtimeF_dtTrue_PeriodProbe_0<<<<<<<<<<<<<<<<<<<<<<<<<<<<<<<<<
test 2785
mse:0.3838474154472351, mae:0.3941214084625244
RMSE:0.6195542216300964, MAPE:0.6526804566383362, MSPE:43312.87109375
