Args in experiment:
Namespace(activation='gelu', anomaly_ratio=0.25, batch_size=256, c_out=7, channel_independence=1, checkpoints='./checkpoints/', comment='none', d_ff=32, d_layers=1, d_model=16, data='ETTm1', data_path='ETTm1.csv', dec_in=7, decomp_method='moving_avg', des='PeriodProbe', devices='0,1', distil=True, down_sampling_layers=0, down_sampling_method='avg', down_sampling_window=1, drop_last=True, dropout=0.1, e_layers=2, embed='timeF', emissions_file='emissions.csv', emissions_output_dir='.', enc_in=7, factor=1, features='M', freq='h', gpu=0, inverse=False, is_training=1, itr=1, label_len=0, learning_rate=0.02, loss='MSE', lradj='type3', mask_rate=0.125, model='SparseTSF', model_id='PROBE_ETTm1_p12', model_type='linear', moving_avg=25, n_heads=8, num_kernels=6, num_workers=0, output_attention=False, p_hidden_dims=[128, 128], p_hidden_layers=2, patience=5, pct_start=0.2, percent=100, period_len=12, pred_len=96, root_path='<workspace>\\dataset\\ETT-small', seasonal_patterns='Monthly', seq_len=96, stsf_cls_head='flat', stsf_decomp='off', stsf_decomp_kernel=25, stsf_diag_mask=0, stsf_impute_passes=1, stsf_linear_bias=0, stsf_mask_conv=0, stsf_pad_fold=0, stsf_periods='', stsf_phase_kernel=3, stsf_phase_mix='off', stsf_phase_rank=0, stsf_revin=0, stsf_revin_affine=0, target='OT', task_name='long_term_forecast', top_k=5, track_emissions=0, train_epochs=30, use_amp=False, use_future_temporal_feature=0, use_gpu=True, use_multi_gpu=False, use_norm=1)
Use GPU: cuda:0
>>>>>>>start training : long_term_forecast_PROBE_ETTm1_p12_none_SparseTSF_ETTm1_sl96_pl96_dm16_nh8_el2_dl1_df32_fc1_ebtimeF_dtTrue_PeriodProbe_0>>>>>>>>>>>>>>>>>>>>>>>>>>
train 34369
val 11425
test 11425
	iters: 100, epoch: 1 | loss: 0.4801900
	speed: 0.0359s/iter; left time: 140.7079s
Epoch: 1 cost time: 4.081631183624268
Epoch: 1, Steps: 134 | Train Loss: 0.4870444 Vali Loss: 0.6934790 Test Loss: 0.6110983
Validation loss decreased (inf --> 0.693479).  Saving model ...
Updating learning rate to 0.02
	iters: 100, epoch: 2 | loss: 0.3454911
	speed: 0.0248s/iter; left time: 93.9497s
Epoch: 2 cost time: 1.714728832244873
Epoch: 2, Steps: 134 | Train Loss: 0.3756346 Vali Loss: 0.4366016 Test Loss: 0.3861341
Validation loss decreased (0.693479 --> 0.436602).  Saving model ...
Updating learning rate to 0.02
	iters: 100, epoch: 3 | loss: 0.3566105
	speed: 0.0281s/iter; left time: 102.6934s
Epoch: 3 cost time: 1.9875199794769287
Epoch: 3, Steps: 134 | Train Loss: 0.3602971 Vali Loss: 0.4341915 Test Loss: 0.3828948
Validation loss decreased (0.436602 --> 0.434191).  Saving model ...
Updating learning rate to 0.02
	iters: 100, epoch: 4 | loss: 0.3801428
	speed: 0.0277s/iter; left time: 97.5961s
Epoch: 4 cost time: 1.8470730781555176
Epoch: 4, Steps: 134 | Train Loss: 0.3602016 Vali Loss: 0.4312281 Test Loss: 0.3800271
Validation loss decreased (0.434191 --> 0.431228).  Saving model ...
Updating learning rate to 0.018000000000000002
	iters: 100, epoch: 5 | loss: 0.3797562
	speed: 0.0286s/iter; left time: 96.6878s
Epoch: 5 cost time: 2.05672287940979
Epoch: 5, Steps: 134 | Train Loss: 0.3602229 Vali Loss: 0.4375104 Test Loss: 0.3834556
EarlyStopping counter: 1 out of 5
Updating learning rate to 0.016200000000000003
	iters: 100, epoch: 6 | loss: 0.3253877
	speed: 0.0268s/iter; left time: 87.2077s
Epoch: 6 cost time: 1.8844058513641357
Epoch: 6, Steps: 134 | Train Loss: 0.3603212 Vali Loss: 0.4302636 Test Loss: 0.3780330
Validation loss decreased (0.431228 --> 0.430264).  Saving model ...
Updating learning rate to 0.014580000000000003
	iters: 100, epoch: 7 | loss: 0.3466609
	speed: 0.0295s/iter; left time: 91.8406s
Epoch: 7 cost time: 1.8881886005401611
Epoch: 7, Steps: 134 | Train Loss: 0.3599742 Vali Loss: 0.4304067 Test Loss: 0.3792629
EarlyStopping counter: 1 out of 5
Updating learning rate to 0.013122
	iters: 100, epoch: 8 | loss: 0.3415938
	speed: 0.0285s/iter; left time: 85.0787s
Epoch: 8 cost time: 1.9499995708465576
Epoch: 8, Steps: 134 | Train Loss: 0.3604270 Vali Loss: 0.4325945 Test Loss: 0.3804668
EarlyStopping counter: 2 out of 5
Updating learning rate to 0.011809800000000002
	iters: 100, epoch: 9 | loss: 0.3488793
	speed: 0.0315s/iter; left time: 89.6546s
Epoch: 9 cost time: 2.555680990219116
Epoch: 9, Steps: 134 | Train Loss: 0.3598789 Vali Loss: 0.4387493 Test Loss: 0.3853079
EarlyStopping counter: 3 out of 5
Updating learning rate to 0.01062882
	iters: 100, epoch: 10 | loss: 0.3507583
	speed: 0.0299s/iter; left time: 81.2961s
Epoch: 10 cost time: 2.0169601440429688
Epoch: 10, Steps: 134 | Train Loss: 0.3599993 Vali Loss: 0.4396206 Test Loss: 0.3871328
EarlyStopping counter: 4 out of 5
Updating learning rate to 0.009565938000000001
	iters: 100, epoch: 11 | loss: 0.3621089
	speed: 0.0285s/iter; left time: 73.5616s
Epoch: 11 cost time: 1.935004472732544
Epoch: 11, Steps: 134 | Train Loss: 0.3599066 Vali Loss: 0.4306980 Test Loss: 0.3798217
EarlyStopping counter: 5 out of 5
Early stopping
>>>>>>>testing : long_term_forecast_PROBE_ETTm1_p12_none_SparseTSF_ETTm1_sl96_pl96_dm16_nh8_el2_dl1_df32_fc1_ebtimeF_dtTrue_PeriodProbe_0<<<<<<<<<<<<<<<<<<<<<<<<<<<<<<<<<
test 11425
mse:0.3780331015586853, mae:0.3888516426086426
RMSE:0.6148439645767212, MAPE:0.6603487730026245, MSPE:377.86785888671875
