Args in experiment:
Namespace(activation='gelu', anomaly_ratio=0.25, batch_size=256, c_out=7, channel_independence=1, checkpoints='./checkpoints/', comment='none', d_ff=32, d_layers=1, d_model=16, data='ETTm1', data_path='ETTm1.csv', dec_in=7, decomp_method='moving_avg', des='PeriodProbe', devices='0,1', distil=True, down_sampling_layers=0, down_sampling_method='avg', down_sampling_window=1, drop_last=True, dropout=0.1, e_layers=2, embed='timeF', emissions_file='emissions.csv', emissions_output_dir='.', enc_in=7, factor=1, features='M', freq='h', gpu=0, inverse=False, is_training=1, itr=1, label_len=0, learning_rate=0.02, loss='MSE', lradj='type3', mask_rate=0.125, model='SparseTSF', model_id='PROBE_ETTm1_p24', model_type='linear', moving_avg=25, n_heads=8, num_kernels=6, num_workers=0, output_attention=False, p_hidden_dims=[128, 128], p_hidden_layers=2, patience=5, pct_start=0.2, percent=100, period_len=24, pred_len=96, root_path='<workspace>\\dataset\\ETT-small', seasonal_patterns='Monthly', seq_len=96, stsf_cls_head='flat', stsf_decomp='off', stsf_decomp_kernel=25, stsf_diag_mask=0, stsf_impute_passes=1, stsf_linear_bias=0, stsf_mask_conv=0, stsf_pad_fold=0, stsf_periods='', stsf_phase_kernel=3, stsf_phase_mix='off', stsf_phase_rank=0, stsf_revin=0, stsf_revin_affine=0, target='OT', task_name='long_term_forecast', top_k=5, track_emissions=0, train_epochs=30, use_amp=False, use_future_temporal_feature=0, use_gpu=True, use_multi_gpu=False, use_norm=1)
Use GPU: cuda:0
>>>>>>>start training : long_term_forecast_PROBE_ETTm1_p24_none_SparseTSF_ETTm1_sl96_pl96_dm16_nh8_el2_dl1_df32_fc1_ebtimeF_dtTrue_PeriodProbe_0>>>>>>>>>>>>>>>>>>>>>>>>>>
train 34369
val 11425
test 11425
	iters: 100, epoch: 1 | loss: 0.4975990
	speed: 0.0334s/iter; left time: 130.7948s
Epoch: 1 cost time: 3.742025375366211
Epoch: 1, Steps: 134 | Train Loss: 0.4948525 Vali Loss: 0.6978262 Test Loss: 0.6284750
Validation loss decreased (inf --> 0.697826).  Saving model ...
Updating learning rate to 0.02
	iters: 100, epoch: 2 | loss: 0.3804150
	speed: 0.0246s/iter; left time: 93.1395s
Epoch: 2 cost time: 1.7842206954956055
Epoch: 2, Steps: 134 | Train Loss: 0.3928396 Vali Loss: 0.4585306 Test Loss: 0.3942350
Validation loss decreased (0.697826 --> 0.458531).  Saving model ...
Updating learning rate to 0.02
	iters: 100, epoch: 3 | loss: 0.3960976
	speed: 0.0262s/iter; left time: 95.8684s
Epoch: 3 cost time: 1.8299639225006104
Epoch: 3, Steps: 134 | Train Loss: 0.3769654 Vali Loss: 0.4630163 Test Loss: 0.3994612
EarlyStopping counter: 1 out of 5
Updating learning rate to 0.02
	iters: 100, epoch: 4 | loss: 0.4222125
	speed: 0.0267s/iter; left time: 93.9177s
Epoch: 4 cost time: 1.938056468963623
Epoch: 4, Steps: 134 | Train Loss: 0.3766546 Vali Loss: 0.4633312 Test Loss: 0.3999044
EarlyStopping counter: 2 out of 5
Updating learning rate to 0.018000000000000002
	iters: 100, epoch: 5 | loss: 0.4126095
	speed: 0.0257s/iter; left time: 86.9397s
Epoch: 5 cost time: 1.776643991470337
Epoch: 5, Steps: 134 | Train Loss: 0.3769235 Vali Loss: 0.4469727 Test Loss: 0.3866012
Validation loss decreased (0.458531 --> 0.446973).  Saving model ...
Updating learning rate to 0.016200000000000003
	iters: 100, epoch: 6 | loss: 0.3780338
	speed: 0.0264s/iter; left time: 85.7081s
Epoch: 6 cost time: 1.7838404178619385
Epoch: 6, Steps: 134 | Train Loss: 0.3767119 Vali Loss: 0.4559385 Test Loss: 0.3933896
EarlyStopping counter: 1 out of 5
Updating learning rate to 0.014580000000000003
	iters: 100, epoch: 7 | loss: 0.3719823
	speed: 0.0250s/iter; left time: 78.0185s
Epoch: 7 cost time: 1.7668359279632568
Epoch: 7, Steps: 134 | Train Loss: 0.3765397 Vali Loss: 0.4570387 Test Loss: 0.3934577
EarlyStopping counter: 2 out of 5
Updating learning rate to 0.013122
	iters: 100, epoch: 8 | loss: 0.3800233
	speed: 0.0251s/iter; left time: 74.8978s
Epoch: 8 cost time: 1.7880101203918457
Epoch: 8, Steps: 134 | Train Loss: 0.3765787 Vali Loss: 0.4560100 Test Loss: 0.3935889
EarlyStopping counter: 3 out of 5
Updating learning rate to 0.011809800000000002
	iters: 100, epoch: 9 | loss: 0.3749383
	speed: 0.0252s/iter; left time: 71.6977s
Epoch: 9 cost time: 1.8261921405792236
Epoch: 9, Steps: 134 | Train Loss: 0.3766064 Vali Loss: 0.4527909 Test Loss: 0.3922120
EarlyStopping counter: 4 out of 5
Updating learning rate to 0.01062882
	iters: 100, epoch: 10 | loss: 0.3920761
	speed: 0.0270s/iter; left time: 73.3404s
Epoch: 10 cost time: 1.8853068351745605
Epoch: 10, Steps: 134 | Train Loss: 0.3766771 Vali Loss: 0.4663262 Test Loss: 0.4019383
EarlyStopping counter: 5 out of 5
Early stopping
>>>>>>>testing : long_term_forecast_PROBE_ETTm1_p24_none_SparseTSF_ETTm1_sl96_pl96_dm16_nh8_el2_dl1_df32_fc1_ebtimeF_dtTrue_PeriodProbe_0<<<<<<<<<<<<<<<<<<<<<<<<<<<<<<<<<
test 11425
mse:0.3866012990474701, mae:0.3922089636325836
RMSE:0.6217727065086365, MAPE:0.6602806448936462, MSPE:388.7850036621094
