Args in experiment:
Namespace(activation='gelu', anomaly_ratio=0.25, batch_size=256, c_out=21, channel_independence=1, checkpoints='./checkpoints/', comment='none', d_ff=32, d_layers=1, d_model=16, data='custom', data_path='weather.csv', dec_in=21, decomp_method='moving_avg', des='PeriodProbe', devices='0,1', distil=True, down_sampling_layers=0, down_sampling_method='avg', down_sampling_window=1, drop_last=True, dropout=0.1, e_layers=2, embed='timeF', emissions_file='emissions.csv', emissions_output_dir='.', enc_in=21, factor=3, features='M', freq='h', gpu=0, inverse=False, is_training=1, itr=1, label_len=0, learning_rate=0.02, loss='MSE', lradj='type3', mask_rate=0.125, model='SparseTSF', model_id='PROBE_Weather_p24', model_type='linear', moving_avg=25, n_heads=8, num_kernels=6, num_workers=0, output_attention=False, p_hidden_dims=[128, 128], p_hidden_layers=2, patience=5, pct_start=0.2, percent=100, period_len=24, pred_len=96, root_path='<workspace>\\dataset\\weather', seasonal_patterns='Monthly', seq_len=96, stsf_cls_head='flat', stsf_decomp='off', stsf_decomp_kernel=25, stsf_diag_mask=0, stsf_impute_passes=1, stsf_linear_bias=0, stsf_mask_conv=0, stsf_pad_fold=0, stsf_periods='', stsf_phase_kernel=3, stsf_phase_mix='off', stsf_phase_rank=0, stsf_revin=0, stsf_revin_affine=0, target='OT', task_name='long_term_forecast', top_k=5, track_emissions=0, train_epochs=30, use_amp=False, use_future_temporal_feature=0, use_gpu=True, use_multi_gpu=False, use_norm=1)
Use GPU: cuda:0
>>>>>>>start training : long_term_forecast_PROBE_Weather_p24_none_SparseTSF_custom_sl96_pl96_dm16_nh8_el2_dl1_df32_fc3_ebtimeF_dtTrue_PeriodProbe_0>>>>>>>>>>>>>>>>>>>>>>>>>>
train 36696
val 5175
test 10444
	iters: 100, epoch: 1 | loss: 0.6185918
	speed: 0.0571s/iter; left time: 239.3186s
Epoch: 1 cost time: 7.1616621017456055
Epoch: 1, Steps: 143 | Train Loss: 0.7908502 Vali Loss: 0.6460403 Test Loss: 0.2296381
Validation loss decreased (inf --> 0.646040).  Saving model ...
Updating learning rate to 0.02
	iters: 100, epoch: 2 | loss: 0.5225691
	speed: 0.0620s/iter; left time: 251.0712s
Epoch: 2 cost time: 4.497670650482178
Epoch: 2, Steps: 143 | Train Loss: 0.5787249 Vali Loss: 0.5371406 Test Loss: 0.2188456
Validation loss decreased (0.646040 --> 0.537141).  Saving model ...
Updating learning rate to 0.02
	iters: 100, epoch: 3 | loss: 0.4515367
	speed: 0.0501s/iter; left time: 195.6543s
Epoch: 3 cost time: 3.8387508392333984
Epoch: 3, Steps: 143 | Train Loss: 0.5564078 Vali Loss: 0.5323005 Test Loss: 0.2099044
Validation loss decreased (0.537141 --> 0.532301).  Saving model ...
Updating learning rate to 0.02
	iters: 100, epoch: 4 | loss: 0.5210333
	speed: 0.0499s/iter; left time: 187.5453s
Epoch: 4 cost time: 4.117175817489624
Epoch: 4, Steps: 143 | Train Loss: 0.5546952 Vali Loss: 0.5302819 Test Loss: 0.2108318
Validation loss decreased (0.532301 --> 0.530282).  Saving model ...
Updating learning rate to 0.018000000000000002
	iters: 100, epoch: 5 | loss: 0.6064629
	speed: 0.0488s/iter; left time: 176.4294s
Epoch: 5 cost time: 3.859297037124634
Epoch: 5, Steps: 143 | Train Loss: 0.5512498 Vali Loss: 0.5299609 Test Loss: 0.2138788
Validation loss decreased (0.530282 --> 0.529961).  Saving model ...
Updating learning rate to 0.016200000000000003
	iters: 100, epoch: 6 | loss: 0.4576538
	speed: 0.0514s/iter; left time: 178.6022s
Epoch: 6 cost time: 3.742753267288208
Epoch: 6, Steps: 143 | Train Loss: 0.5506356 Vali Loss: 0.5300975 Test Loss: 0.2120382
EarlyStopping counter: 1 out of 5
Updating learning rate to 0.014580000000000003
	iters: 100, epoch: 7 | loss: 0.4588939
	speed: 0.0419s/iter; left time: 139.6774s
Epoch: 7 cost time: 3.361881732940674
Epoch: 7, Steps: 143 | Train Loss: 0.5503101 Vali Loss: 0.5290770 Test Loss: 0.2072299
Validation loss decreased (0.529961 --> 0.529077).  Saving model ...
Updating learning rate to 0.013122
	iters: 100, epoch: 8 | loss: 0.4942316
	speed: 0.0473s/iter; left time: 151.0093s
Epoch: 8 cost time: 3.8834080696105957
Epoch: 8, Steps: 143 | Train Loss: 0.5514413 Vali Loss: 0.5300811 Test Loss: 0.2119562
EarlyStopping counter: 1 out of 5
Updating learning rate to 0.011809800000000002
	iters: 100, epoch: 9 | loss: 0.4514225
	speed: 0.0472s/iter; left time: 143.9382s
Epoch: 9 cost time: 3.931222677230835
Epoch: 9, Steps: 143 | Train Loss: 0.5514280 Vali Loss: 0.5295686 Test Loss: 0.2095154
EarlyStopping counter: 2 out of 5
Updating learning rate to 0.01062882
	iters: 100, epoch: 10 | loss: 0.4984867
	speed: 0.0442s/iter; left time: 128.4870s
Epoch: 10 cost time: 3.4032435417175293
Epoch: 10, Steps: 143 | Train Loss: 0.5509422 Vali Loss: 0.5304106 Test Loss: 0.2124496
EarlyStopping counter: 3 out of 5
Updating learning rate to 0.009565938000000001
	iters: 100, epoch: 11 | loss: 0.6763501
	speed: 0.0449s/iter; left time: 123.8877s
Epoch: 11 cost time: 3.6008386611938477
Epoch: 11, Steps: 143 | Train Loss: 0.5509285 Vali Loss: 0.5284874 Test Loss: 0.2112574
Validation loss decreased (0.529077 --> 0.528487).  Saving model ...
Updating learning rate to 0.008609344200000002
	iters: 100, epoch: 12 | loss: 0.5259397
	speed: 0.0434s/iter; left time: 113.6926s
Epoch: 12 cost time: 3.289919853210449
Epoch: 12, Steps: 143 | Train Loss: 0.5513376 Vali Loss: 0.5277210 Test Loss: 0.2106046
Validation loss decreased (0.528487 --> 0.527721).  Saving model ...
Updating learning rate to 0.007748409780000002
	iters: 100, epoch: 13 | loss: 0.4841621
	speed: 0.0426s/iter; left time: 105.5327s
Epoch: 13 cost time: 3.428908109664917
Epoch: 13, Steps: 143 | Train Loss: 0.5506259 Vali Loss: 0.5328099 Test Loss: 0.2156624
EarlyStopping counter: 1 out of 5
Updating learning rate to 0.006973568802000002
	iters: 100, epoch: 14 | loss: 0.4949825
	speed: 0.0530s/iter; left time: 123.7035s
Epoch: 14 cost time: 5.253952503204346
Epoch: 14, Steps: 143 | Train Loss: 0.5505103 Vali Loss: 0.5268698 Test Loss: 0.2103560
Validation loss decreased (0.527721 --> 0.526870).  Saving model ...
Updating learning rate to 0.006276211921800001
	iters: 100, epoch: 15 | loss: 0.6032820
	speed: 0.0713s/iter; left time: 156.1833s
Epoch: 15 cost time: 5.541100025177002
Epoch: 15, Steps: 143 | Train Loss: 0.5499535 Vali Loss: 0.5302902 Test Loss: 0.2134949
EarlyStopping counter: 1 out of 5
Updating learning rate to 0.005648590729620003
	iters: 100, epoch: 16 | loss: 0.4570185
	speed: 0.0722s/iter; left time: 147.7371s
Epoch: 16 cost time: 5.977819919586182
Epoch: 16, Steps: 143 | Train Loss: 0.5507056 Vali Loss: 0.5284532 Test Loss: 0.2112939
EarlyStopping counter: 2 out of 5
Updating learning rate to 0.005083731656658002
	iters: 100, epoch: 17 | loss: 0.4977739
	speed: 0.0712s/iter; left time: 135.5351s
Epoch: 17 cost time: 4.983056306838989
Epoch: 17, Steps: 143 | Train Loss: 0.5506054 Vali Loss: 0.5276494 Test Loss: 0.2126207
EarlyStopping counter: 3 out of 5
Updating learning rate to 0.004575358490992202
	iters: 100, epoch: 18 | loss: 0.6614493
	speed: 0.0662s/iter; left time: 116.5155s
Epoch: 18 cost time: 5.291106700897217
Epoch: 18, Steps: 143 | Train Loss: 0.5497193 Vali Loss: 0.5293383 Test Loss: 0.2129853
EarlyStopping counter: 4 out of 5
Updating learning rate to 0.004117822641892982
	iters: 100, epoch: 19 | loss: 0.4376719
	speed: 0.0601s/iter; left time: 97.2459s
Epoch: 19 cost time: 4.392216205596924
Epoch: 19, Steps: 143 | Train Loss: 0.5504741 Vali Loss: 0.5256960 Test Loss: 0.2112843
Validation loss decreased (0.526870 --> 0.525696).  Saving model ...
Updating learning rate to 0.0037060403777036833
	iters: 100, epoch: 20 | loss: 0.5571373
	speed: 0.0488s/iter; left time: 71.9601s
Epoch: 20 cost time: 3.8181943893432617
Epoch: 20, Steps: 143 | Train Loss: 0.5504119 Vali Loss: 0.5280721 Test Loss: 0.2105713
EarlyStopping counter: 1 out of 5
Updating learning rate to 0.0033354363399333152
	iters: 100, epoch: 21 | loss: 0.5724438
	speed: 0.0482s/iter; left time: 64.1724s
Epoch: 21 cost time: 3.7035036087036133
Epoch: 21, Steps: 143 | Train Loss: 0.5505790 Vali Loss: 0.5274093 Test Loss: 0.2115907
EarlyStopping counter: 2 out of 5
Updating learning rate to 0.0030018927059399835
	iters: 100, epoch: 22 | loss: 0.4158517
	speed: 0.0478s/iter; left time: 56.7280s
Epoch: 22 cost time: 3.8827455043792725
Epoch: 22, Steps: 143 | Train Loss: 0.5483089 Vali Loss: 0.5284550 Test Loss: 0.2122401
EarlyStopping counter: 3 out of 5
Updating learning rate to 0.0027017034353459856
	iters: 100, epoch: 23 | loss: 0.5598863
	speed: 0.0482s/iter; left time: 50.3783s
Epoch: 23 cost time: 3.6587259769439697
Epoch: 23, Steps: 143 | Train Loss: 0.5501146 Vali Loss: 0.5299098 Test Loss: 0.2116521
EarlyStopping counter: 4 out of 5
Updating learning rate to 0.002431533091811387
	iters: 100, epoch: 24 | loss: 0.4439127
	speed: 0.0442s/iter; left time: 39.8814s
Epoch: 24 cost time: 3.4904253482818604
Epoch: 24, Steps: 143 | Train Loss: 0.5503977 Vali Loss: 0.5282261 Test Loss: 0.2132738
EarlyStopping counter: 5 out of 5
Early stopping
>>>>>>>testing : long_term_forecast_PROBE_Weather_p24_none_SparseTSF_custom_sl96_pl96_dm16_nh8_el2_dl1_df32_fc3_ebtimeF_dtTrue_PeriodProbe_0<<<<<<<<<<<<<<<<<<<<<<<<<<<<<<<<<
test 10444
mse:0.2112843096256256, mae:0.25221696496009827
RMSE:0.4596567153930664, MAPE:0.5509543418884277, MSPE:28134224.0
