Args in experiment:
Namespace(activation='gelu', anomaly_ratio=0.25, batch_size=256, c_out=21, channel_independence=1, checkpoints='./checkpoints/', comment='none', d_ff=32, d_layers=1, d_model=16, data='custom', data_path='weather.csv', dec_in=21, decomp_method='moving_avg', des='PeriodProbe', devices='0,1', distil=True, down_sampling_layers=0, down_sampling_method='avg', down_sampling_window=1, drop_last=True, dropout=0.1, e_layers=2, embed='timeF', emissions_file='emissions.csv', emissions_output_dir='.', enc_in=21, factor=3, features='M', freq='h', gpu=0, inverse=False, is_training=1, itr=1, label_len=0, learning_rate=0.02, loss='MSE', lradj='type3', mask_rate=0.125, model='SparseTSF', model_id='PROBE_Weather_p4', model_type='linear', moving_avg=25, n_heads=8, num_kernels=6, num_workers=0, output_attention=False, p_hidden_dims=[128, 128], p_hidden_layers=2, patience=5, pct_start=0.2, percent=100, period_len=4, pred_len=96, root_path='<workspace>\\dataset\\weather', seasonal_patterns='Monthly', seq_len=96, target='OT', task_name='long_term_forecast', top_k=5, track_emissions=0, train_epochs=30, use_amp=False, use_future_temporal_feature=0, use_gpu=True, use_multi_gpu=False, use_norm=1)
Use GPU: cuda:0
>>>>>>>start training : long_term_forecast_PROBE_Weather_p4_none_SparseTSF_custom_sl96_pl96_dm16_nh8_el2_dl1_df32_fc3_ebtimeF_dtTrue_PeriodProbe_0>>>>>>>>>>>>>>>>>>>>>>>>>>
train 36696
val 5175
test 10444
	iters: 100, epoch: 1 | loss: 0.5771910
	speed: 0.1275s/iter; left time: 534.2676s
Epoch: 1 cost time: 14.061799049377441
Epoch: 1, Steps: 143 | Train Loss: 0.6707712 Vali Loss: 0.5573091 Test Loss: 0.2215728
Validation loss decreased (inf --> 0.557309).  Saving model ...
Updating learning rate to 0.02
	iters: 100, epoch: 2 | loss: 0.5299414
	speed: 0.0519s/iter; left time: 209.9952s
Epoch: 2 cost time: 4.0759570598602295
Epoch: 2, Steps: 143 | Train Loss: 0.5277392 Vali Loss: 0.4963919 Test Loss: 0.2027496
Validation loss decreased (0.557309 --> 0.496392).  Saving model ...
Updating learning rate to 0.02
	iters: 100, epoch: 3 | loss: 0.6312077
	speed: 0.0522s/iter; left time: 203.8628s
Epoch: 3 cost time: 4.165290117263794
Epoch: 3, Steps: 143 | Train Loss: 0.5158549 Vali Loss: 0.4978777 Test Loss: 0.2044546
EarlyStopping counter: 1 out of 5
Updating learning rate to 0.02
	iters: 100, epoch: 4 | loss: 0.5052936
	speed: 0.0555s/iter; left time: 208.7590s
Epoch: 4 cost time: 4.5172038078308105
Epoch: 4, Steps: 143 | Train Loss: 0.5151760 Vali Loss: 0.4945006 Test Loss: 0.1991370
Validation loss decreased (0.496392 --> 0.494501).  Saving model ...
Updating learning rate to 0.018000000000000002
	iters: 100, epoch: 5 | loss: 0.4959777
	speed: 0.0525s/iter; left time: 190.0937s
Epoch: 5 cost time: 4.217318058013916
Epoch: 5, Steps: 143 | Train Loss: 0.5143973 Vali Loss: 0.4947750 Test Loss: 0.2013391
EarlyStopping counter: 1 out of 5
Updating learning rate to 0.016200000000000003
	iters: 100, epoch: 6 | loss: 0.6721073
	speed: 0.0536s/iter; left time: 186.4537s
Epoch: 6 cost time: 4.444809198379517
Epoch: 6, Steps: 143 | Train Loss: 0.5142681 Vali Loss: 0.4927991 Test Loss: 0.1992476
Validation loss decreased (0.494501 --> 0.492799).  Saving model ...
Updating learning rate to 0.014580000000000003
	iters: 100, epoch: 7 | loss: 0.5283452
	speed: 0.0551s/iter; left time: 183.6062s
Epoch: 7 cost time: 4.042853355407715
Epoch: 7, Steps: 143 | Train Loss: 0.5149637 Vali Loss: 0.4940405 Test Loss: 0.2011173
EarlyStopping counter: 1 out of 5
Updating learning rate to 0.013122
	iters: 100, epoch: 8 | loss: 0.5469342
	speed: 0.0513s/iter; left time: 163.7889s
Epoch: 8 cost time: 4.090559720993042
Epoch: 8, Steps: 143 | Train Loss: 0.5140555 Vali Loss: 0.4920195 Test Loss: 0.1981237
Validation loss decreased (0.492799 --> 0.492019).  Saving model ...
Updating learning rate to 0.011809800000000002
	iters: 100, epoch: 9 | loss: 0.7790877
	speed: 0.0510s/iter; left time: 155.3657s
Epoch: 9 cost time: 4.135513544082642
Epoch: 9, Steps: 143 | Train Loss: 0.5138736 Vali Loss: 0.4981295 Test Loss: 0.2045708
EarlyStopping counter: 1 out of 5
Updating learning rate to 0.01062882
	iters: 100, epoch: 10 | loss: 0.5159568
	speed: 0.0543s/iter; left time: 157.7179s
Epoch: 10 cost time: 4.264301061630249
Epoch: 10, Steps: 143 | Train Loss: 0.5133512 Vali Loss: 0.4941189 Test Loss: 0.2028941
EarlyStopping counter: 2 out of 5
Updating learning rate to 0.009565938000000001
	iters: 100, epoch: 11 | loss: 0.6621705
	speed: 0.0516s/iter; left time: 142.3572s
Epoch: 11 cost time: 3.9988818168640137
Epoch: 11, Steps: 143 | Train Loss: 0.5139152 Vali Loss: 0.4914185 Test Loss: 0.1986344
Validation loss decreased (0.492019 --> 0.491419).  Saving model ...
Updating learning rate to 0.008609344200000002
	iters: 100, epoch: 12 | loss: 0.5516641
	speed: 0.0509s/iter; left time: 133.3525s
Epoch: 12 cost time: 4.0464513301849365
Epoch: 12, Steps: 143 | Train Loss: 0.5140857 Vali Loss: 0.4940238 Test Loss: 0.2018581
EarlyStopping counter: 1 out of 5
Updating learning rate to 0.007748409780000002
	iters: 100, epoch: 13 | loss: 0.3875898
	speed: 0.0515s/iter; left time: 127.3897s
Epoch: 13 cost time: 4.117926120758057
Epoch: 13, Steps: 143 | Train Loss: 0.5134290 Vali Loss: 0.4931283 Test Loss: 0.1977527
EarlyStopping counter: 2 out of 5
Updating learning rate to 0.006973568802000002
	iters: 100, epoch: 14 | loss: 0.6228083
	speed: 0.0527s/iter; left time: 122.8189s
Epoch: 14 cost time: 4.1654486656188965
Epoch: 14, Steps: 143 | Train Loss: 0.5128675 Vali Loss: 0.4933294 Test Loss: 0.2006804
EarlyStopping counter: 3 out of 5
Updating learning rate to 0.006276211921800001
	iters: 100, epoch: 15 | loss: 0.5943890
	speed: 0.0519s/iter; left time: 113.5645s
Epoch: 15 cost time: 4.1547627449035645
Epoch: 15, Steps: 143 | Train Loss: 0.5135959 Vali Loss: 0.4935208 Test Loss: 0.1994660
EarlyStopping counter: 4 out of 5
Updating learning rate to 0.005648590729620003
	iters: 100, epoch: 16 | loss: 0.4251272
	speed: 0.0541s/iter; left time: 110.6721s
Epoch: 16 cost time: 4.260470151901245
Epoch: 16, Steps: 143 | Train Loss: 0.5136263 Vali Loss: 0.4932670 Test Loss: 0.1996920
EarlyStopping counter: 5 out of 5
Early stopping
>>>>>>>testing : long_term_forecast_PROBE_Weather_p4_none_SparseTSF_custom_sl96_pl96_dm16_nh8_el2_dl1_df32_fc3_ebtimeF_dtTrue_PeriodProbe_0<<<<<<<<<<<<<<<<<<<<<<<<<<<<<<<<<
test 10444
mse:0.19863452017307281, mae:0.23826374113559723
RMSE:0.4456843137741089, MAPE:0.5264032483100891, MSPE:25981130.0
