Args in experiment:
Namespace(activation='gelu', anomaly_ratio=0.25, batch_size=256, c_out=21, channel_independence=1, checkpoints='./checkpoints/', comment='none', d_ff=32, d_layers=1, d_model=16, data='custom', data_path='weather.csv', dec_in=21, decomp_method='moving_avg', des='PeriodProbe', devices='0,1', distil=True, down_sampling_layers=0, down_sampling_method='avg', down_sampling_window=1, drop_last=True, dropout=0.1, e_layers=2, embed='timeF', emissions_file='emissions.csv', emissions_output_dir='.', enc_in=21, factor=3, features='M', freq='h', gpu=0, inverse=False, is_training=1, itr=1, label_len=0, learning_rate=0.02, loss='MSE', lradj='type3', mask_rate=0.125, model='SparseTSF', model_id='PROBE_Weather_p8', model_type='linear', moving_avg=25, n_heads=8, num_kernels=6, num_workers=0, output_attention=False, p_hidden_dims=[128, 128], p_hidden_layers=2, patience=5, pct_start=0.2, percent=100, period_len=8, pred_len=96, root_path='<workspace>\\dataset\\weather', seasonal_patterns='Monthly', seq_len=96, target='OT', task_name='long_term_forecast', top_k=5, track_emissions=0, train_epochs=30, use_amp=False, use_future_temporal_feature=0, use_gpu=True, use_multi_gpu=False, use_norm=1)
Use GPU: cuda:0
>>>>>>>start training : long_term_forecast_PROBE_Weather_p8_none_SparseTSF_custom_sl96_pl96_dm16_nh8_el2_dl1_df32_fc3_ebtimeF_dtTrue_PeriodProbe_0>>>>>>>>>>>>>>>>>>>>>>>>>>
train 36696
val 5175
test 10444
	iters: 100, epoch: 1 | loss: 0.7247701
	speed: 0.0622s/iter; left time: 260.8190s
Epoch: 1 cost time: 7.654957294464111
Epoch: 1, Steps: 143 | Train Loss: 0.7257241 Vali Loss: 0.6095482 Test Loss: 0.2220088
Validation loss decreased (inf --> 0.609548).  Saving model ...
Updating learning rate to 0.02
	iters: 100, epoch: 2 | loss: 0.3857490
	speed: 0.0536s/iter; left time: 217.1664s
Epoch: 2 cost time: 4.079288482666016
Epoch: 2, Steps: 143 | Train Loss: 0.5422929 Vali Loss: 0.5032188 Test Loss: 0.2028472
Validation loss decreased (0.609548 --> 0.503219).  Saving model ...
Updating learning rate to 0.02
	iters: 100, epoch: 3 | loss: 0.7829913
	speed: 0.0525s/iter; left time: 205.0780s
Epoch: 3 cost time: 4.397223472595215
Epoch: 3, Steps: 143 | Train Loss: 0.5225131 Vali Loss: 0.5041050 Test Loss: 0.2039923
EarlyStopping counter: 1 out of 5
Updating learning rate to 0.02
	iters: 100, epoch: 4 | loss: 0.4936292
	speed: 0.0531s/iter; left time: 199.9081s
Epoch: 4 cost time: 4.0287392139434814
Epoch: 4, Steps: 143 | Train Loss: 0.5233390 Vali Loss: 0.5056731 Test Loss: 0.2053104
EarlyStopping counter: 2 out of 5
Updating learning rate to 0.018000000000000002
	iters: 100, epoch: 5 | loss: 0.4266428
	speed: 0.0506s/iter; left time: 183.0177s
Epoch: 5 cost time: 3.98124623298645
Epoch: 5, Steps: 143 | Train Loss: 0.5219493 Vali Loss: 0.5031031 Test Loss: 0.2062409
Validation loss decreased (0.503219 --> 0.503103).  Saving model ...
Updating learning rate to 0.016200000000000003
	iters: 100, epoch: 6 | loss: 0.4257677
	speed: 0.0510s/iter; left time: 177.3886s
Epoch: 6 cost time: 4.203088760375977
Epoch: 6, Steps: 143 | Train Loss: 0.5216656 Vali Loss: 0.5127813 Test Loss: 0.2102469
EarlyStopping counter: 1 out of 5
Updating learning rate to 0.014580000000000003
	iters: 100, epoch: 7 | loss: 0.5880165
	speed: 0.0515s/iter; left time: 171.8084s
Epoch: 7 cost time: 4.0736613273620605
Epoch: 7, Steps: 143 | Train Loss: 0.5228778 Vali Loss: 0.5051507 Test Loss: 0.2055828
EarlyStopping counter: 2 out of 5
Updating learning rate to 0.013122
	iters: 100, epoch: 8 | loss: 0.4485465
	speed: 0.0530s/iter; left time: 168.9730s
Epoch: 8 cost time: 4.310872793197632
Epoch: 8, Steps: 143 | Train Loss: 0.5212984 Vali Loss: 0.5025397 Test Loss: 0.2068656
Validation loss decreased (0.503103 --> 0.502540).  Saving model ...
Updating learning rate to 0.011809800000000002
	iters: 100, epoch: 9 | loss: 0.5561953
	speed: 0.0508s/iter; left time: 154.8518s
Epoch: 9 cost time: 4.122332334518433
Epoch: 9, Steps: 143 | Train Loss: 0.5209515 Vali Loss: 0.5006302 Test Loss: 0.2009131
Validation loss decreased (0.502540 --> 0.500630).  Saving model ...
Updating learning rate to 0.01062882
	iters: 100, epoch: 10 | loss: 0.5079249
	speed: 0.0530s/iter; left time: 153.9583s
Epoch: 10 cost time: 4.158108472824097
Epoch: 10, Steps: 143 | Train Loss: 0.5221524 Vali Loss: 0.5007786 Test Loss: 0.2042685
EarlyStopping counter: 1 out of 5
Updating learning rate to 0.009565938000000001
	iters: 100, epoch: 11 | loss: 0.4301012
	speed: 0.0523s/iter; left time: 144.2997s
Epoch: 11 cost time: 4.179466247558594
Epoch: 11, Steps: 143 | Train Loss: 0.5216012 Vali Loss: 0.5021027 Test Loss: 0.2030175
EarlyStopping counter: 2 out of 5
Updating learning rate to 0.008609344200000002
	iters: 100, epoch: 12 | loss: 0.4613681
	speed: 0.0530s/iter; left time: 138.7718s
Epoch: 12 cost time: 4.314305067062378
Epoch: 12, Steps: 143 | Train Loss: 0.5218177 Vali Loss: 0.5023958 Test Loss: 0.2040970
EarlyStopping counter: 3 out of 5
Updating learning rate to 0.007748409780000002
	iters: 100, epoch: 13 | loss: 0.4713625
	speed: 0.0562s/iter; left time: 139.1199s
Epoch: 13 cost time: 4.309802055358887
Epoch: 13, Steps: 143 | Train Loss: 0.5221040 Vali Loss: 0.5050895 Test Loss: 0.2064796
EarlyStopping counter: 4 out of 5
Updating learning rate to 0.006973568802000002
	iters: 100, epoch: 14 | loss: 0.5638966
	speed: 0.0524s/iter; left time: 122.1341s
Epoch: 14 cost time: 4.085552453994751
Epoch: 14, Steps: 143 | Train Loss: 0.5213076 Vali Loss: 0.5044599 Test Loss: 0.2047202
EarlyStopping counter: 5 out of 5
Early stopping
>>>>>>>testing : long_term_forecast_PROBE_Weather_p8_none_SparseTSF_custom_sl96_pl96_dm16_nh8_el2_dl1_df32_fc3_ebtimeF_dtTrue_PeriodProbe_0<<<<<<<<<<<<<<<<<<<<<<<<<<<<<<<<<
test 10444
mse:0.2009131908416748, mae:0.24201740324497223
RMSE:0.448233425617218, MAPE:0.5329261422157288, MSPE:26383024.0
