Args in experiment:
Namespace(activation='gelu', anomaly_ratio=0.25, batch_size=16, c_out=170, channel_independence=1, checkpoints='./checkpoints/', comment='none', d_ff=32, d_layers=1, d_model=16, data='PEMS', data_path='PEMS08.npz', dec_in=170, decomp_method='moving_avg', des='PeriodProbe', devices='0,1', distil=True, down_sampling_layers=0, down_sampling_method='avg', down_sampling_window=1, drop_last=True, dropout=0.1, e_layers=2, embed='timeF', emissions_file='emissions.csv', emissions_output_dir='.', enc_in=170, factor=1, features='M', freq='h', gpu=0, inverse=False, is_training=1, itr=1, label_len=0, learning_rate=0.01, loss='MSE', lradj='TST', mask_rate=0.125, model='SparseTSF', model_id='PROBE_PEMS08_p2', model_type='linear', moving_avg=25, n_heads=8, num_kernels=6, num_workers=0, output_attention=False, p_hidden_dims=[128, 128], p_hidden_layers=2, patience=5, pct_start=0.2, percent=100, period_len=2, pred_len=12, root_path='<workspace>\\dataset\\PEMS', seasonal_patterns='Monthly', seq_len=96, stsf_cls_head='flat', stsf_decomp='off', stsf_decomp_kernel=25, stsf_diag_mask=0, stsf_impute_passes=1, stsf_linear_bias=0, stsf_mask_conv=0, stsf_pad_fold=0, stsf_periods='', stsf_phase_kernel=3, stsf_phase_mix='off', stsf_phase_rank=0, stsf_revin=0, stsf_revin_affine=0, target='OT', task_name='long_term_forecast', top_k=5, track_emissions=0, train_epochs=10, use_amp=False, use_future_temporal_feature=0, use_gpu=True, use_multi_gpu=False, use_norm=0)
Use GPU: cuda:0
>>>>>>>start training : long_term_forecast_PROBE_PEMS08_p2_none_SparseTSF_PEMS_sl96_pl12_dm16_nh8_el2_dl1_df32_fc1_ebtimeF_dtTrue_PeriodProbe_0>>>>>>>>>>>>>>>>>>>>>>>>>>
data file: <workspace>\dataset\PEMS\PEMS08.npz
train 10606
data file: <workspace>\dataset\PEMS\PEMS08.npz
val 3464
data file: <workspace>\dataset\PEMS\PEMS08.npz
test 288
	iters: 100, epoch: 1 | loss: 0.4076180
	speed: 0.0341s/iter; left time: 222.1649s
	iters: 200, epoch: 1 | loss: 0.3506213
	speed: 0.0122s/iter; left time: 78.6178s
	iters: 300, epoch: 1 | loss: 0.3315256
	speed: 0.0098s/iter; left time: 62.0070s
	iters: 400, epoch: 1 | loss: 0.2864908
	speed: 0.0103s/iter; left time: 64.1526s
	iters: 500, epoch: 1 | loss: 0.2622894
	speed: 0.0124s/iter; left time: 75.7540s
	iters: 600, epoch: 1 | loss: 0.2348810
	speed: 0.0156s/iter; left time: 94.0156s
Epoch: 1 cost time: 10.15830945968628
Epoch: 1, Steps: 662 | Train Loss: 0.3449366 Vali Loss: 25.2142429 Test Loss: 24.2553730
Validation loss decreased (inf --> 25.214243).  Saving model ...
Updating learning rate to 0.0052056990329532584
	iters: 100, epoch: 2 | loss: 0.2341789
	speed: 0.0322s/iter; left time: 188.4868s
	iters: 200, epoch: 2 | loss: 0.2283630
	speed: 0.0091s/iter; left time: 52.1670s
	iters: 300, epoch: 2 | loss: 0.2508846
	speed: 0.0084s/iter; left time: 47.5453s
	iters: 400, epoch: 2 | loss: 0.2891696
	speed: 0.0083s/iter; left time: 45.9185s
	iters: 500, epoch: 2 | loss: 0.2130790
	speed: 0.0093s/iter; left time: 50.6112s
	iters: 600, epoch: 2 | loss: 0.2602596
	speed: 0.0093s/iter; left time: 49.6920s
Epoch: 2 cost time: 6.038506746292114
Epoch: 2, Steps: 662 | Train Loss: 0.2490379 Vali Loss: 24.3902130 Test Loss: 23.6893539
Validation loss decreased (25.214243 --> 24.390213).  Saving model ...
Updating learning rate to 0.00999999912028489
	iters: 100, epoch: 3 | loss: 0.2470698
	speed: 0.0255s/iter; left time: 132.5778s
	iters: 200, epoch: 3 | loss: 0.2196311
	speed: 0.0101s/iter; left time: 51.4121s
	iters: 300, epoch: 3 | loss: 0.2346773
	speed: 0.0100s/iter; left time: 50.0202s
	iters: 400, epoch: 3 | loss: 0.2390451
	speed: 0.0090s/iter; left time: 43.9728s
	iters: 500, epoch: 3 | loss: 0.2963538
	speed: 0.0082s/iter; left time: 39.4627s
	iters: 600, epoch: 3 | loss: 0.2655950
	speed: 0.0085s/iter; left time: 39.8996s
Epoch: 3 cost time: 6.035525798797607
Epoch: 3, Steps: 662 | Train Loss: 0.2435920 Vali Loss: 24.0938549 Test Loss: 23.5084629
Validation loss decreased (24.390213 --> 24.093855).  Saving model ...
Updating learning rate to 0.009618263335790982
	iters: 100, epoch: 4 | loss: 0.2343441
	speed: 0.0238s/iter; left time: 107.7472s
	iters: 200, epoch: 4 | loss: 0.2504936
	speed: 0.0081s/iter; left time: 35.8011s
	iters: 300, epoch: 4 | loss: 0.2346306
	speed: 0.0079s/iter; left time: 34.1000s
	iters: 400, epoch: 4 | loss: 0.2485806
	speed: 0.0080s/iter; left time: 33.8532s
	iters: 500, epoch: 4 | loss: 0.2588975
	speed: 0.0081s/iter; left time: 33.4463s
	iters: 600, epoch: 4 | loss: 0.2312027
	speed: 0.0081s/iter; left time: 32.6522s
Epoch: 4 cost time: 5.350671768188477
Epoch: 4, Steps: 662 | Train Loss: 0.2400262 Vali Loss: 23.7269001 Test Loss: 22.9213238
Validation loss decreased (24.093855 --> 23.726900).  Saving model ...
Updating learning rate to 0.008533441867902987
	iters: 100, epoch: 5 | loss: 0.2545780
	speed: 0.0225s/iter; left time: 87.0905s
	iters: 200, epoch: 5 | loss: 0.2027235
	speed: 0.0083s/iter; left time: 31.3821s
	iters: 300, epoch: 5 | loss: 0.2313060
	speed: 0.0079s/iter; left time: 29.1719s
	iters: 400, epoch: 5 | loss: 0.2394877
	speed: 0.0080s/iter; left time: 28.6045s
	iters: 500, epoch: 5 | loss: 0.2165553
	speed: 0.0078s/iter; left time: 27.1967s
	iters: 600, epoch: 5 | loss: 0.2425301
	speed: 0.0100s/iter; left time: 33.8786s
Epoch: 5 cost time: 5.670945644378662
Epoch: 5, Steps: 662 | Train Loss: 0.2391692 Vali Loss: 23.8624763 Test Loss: 23.0724335
EarlyStopping counter: 1 out of 5
Updating learning rate to 0.006910688951175754
	iters: 100, epoch: 6 | loss: 0.2565394
	speed: 0.0246s/iter; left time: 79.0147s
	iters: 200, epoch: 6 | loss: 0.2178094
	speed: 0.0081s/iter; left time: 25.3050s
	iters: 300, epoch: 6 | loss: 0.2461047
	speed: 0.0081s/iter; left time: 24.4634s
	iters: 400, epoch: 6 | loss: 0.2392388
	speed: 0.0084s/iter; left time: 24.3273s
	iters: 500, epoch: 6 | loss: 0.2504708
	speed: 0.0085s/iter; left time: 23.9472s
	iters: 600, epoch: 6 | loss: 0.2860352
	speed: 0.0085s/iter; left time: 23.0758s
Epoch: 6 cost time: 5.51123833656311
Epoch: 6, Steps: 662 | Train Loss: 0.2385399 Vali Loss: 23.9895115 Test Loss: 23.1271286
EarlyStopping counter: 2 out of 5
Updating learning rate to 0.004997054006889188
	iters: 100, epoch: 7 | loss: 0.2282827
	speed: 0.0230s/iter; left time: 58.6804s
	iters: 200, epoch: 7 | loss: 0.2367831
	speed: 0.0092s/iter; left time: 22.5101s
	iters: 300, epoch: 7 | loss: 0.2664426
	speed: 0.0092s/iter; left time: 21.5483s
	iters: 400, epoch: 7 | loss: 0.2104389
	speed: 0.0100s/iter; left time: 22.4328s
	iters: 500, epoch: 7 | loss: 0.2632531
	speed: 0.0096s/iter; left time: 20.5742s
	iters: 600, epoch: 7 | loss: 0.2425651
	speed: 0.0100s/iter; left time: 20.5174s
Epoch: 7 cost time: 6.253795146942139
Epoch: 7, Steps: 662 | Train Loss: 0.2381233 Vali Loss: 23.7968845 Test Loss: 22.9242668
EarlyStopping counter: 3 out of 5
Updating learning rate to 0.0030838706081669476
	iters: 100, epoch: 8 | loss: 0.2441815
	speed: 0.0290s/iter; left time: 54.6999s
	iters: 200, epoch: 8 | loss: 0.2486585
	speed: 0.0112s/iter; left time: 20.0431s
	iters: 300, epoch: 8 | loss: 0.2093700
	speed: 0.0080s/iter; left time: 13.5746s
	iters: 400, epoch: 8 | loss: 0.2282304
	speed: 0.0105s/iter; left time: 16.7226s
	iters: 500, epoch: 8 | loss: 0.2403684
	speed: 0.0139s/iter; left time: 20.7131s
	iters: 600, epoch: 8 | loss: 0.2560172
	speed: 0.0118s/iter; left time: 16.3144s
Epoch: 8 cost time: 7.14545750617981
Epoch: 8, Steps: 662 | Train Loss: 0.2374756 Vali Loss: 23.8769627 Test Loss: 22.8746872
EarlyStopping counter: 4 out of 5
Updating learning rate to 0.001462403584413799
	iters: 100, epoch: 9 | loss: 0.2262907
	speed: 0.0269s/iter; left time: 32.9960s
	iters: 200, epoch: 9 | loss: 0.2550685
	speed: 0.0082s/iter; left time: 9.1937s
	iters: 300, epoch: 9 | loss: 0.1798171
	speed: 0.0078s/iter; left time: 8.0160s
	iters: 400, epoch: 9 | loss: 0.2324640
	speed: 0.0089s/iter; left time: 8.1864s
	iters: 500, epoch: 9 | loss: 0.2036014
	speed: 0.0090s/iter; left time: 7.4360s
	iters: 600, epoch: 9 | loss: 0.2504744
	speed: 0.0081s/iter; left time: 5.8396s
Epoch: 9 cost time: 5.730818510055542
Epoch: 9, Steps: 662 | Train Loss: 0.2367089 Vali Loss: 23.7401733 Test Loss: 22.8713245
EarlyStopping counter: 5 out of 5
Early stopping
>>>>>>>testing : long_term_forecast_PROBE_PEMS08_p2_none_SparseTSF_PEMS_sl96_pl12_dm16_nh8_el2_dl1_df32_fc1_ebtimeF_dtTrue_PeriodProbe_0<<<<<<<<<<<<<<<<<<<<<<<<<<<<<<<<<
data file: <workspace>\dataset\PEMS\PEMS08.npz
test 288
mse:1318.0550537109375, mae:22.921323776245117
RMSE:36.30502700805664, MAPE:0.13276171684265137, MSPE:2717322051584.0
