Args in experiment:
Namespace(activation='gelu', anomaly_ratio=0.25, batch_size=16, c_out=170, channel_independence=1, checkpoints='./checkpoints/', comment='none', d_ff=32, d_layers=1, d_model=16, data='PEMS', data_path='PEMS08.npz', dec_in=170, decomp_method='moving_avg', des='PeriodProbe', devices='0,1', distil=True, down_sampling_layers=0, down_sampling_method='avg', down_sampling_window=1, drop_last=True, dropout=0.1, e_layers=2, embed='timeF', emissions_file='emissions.csv', emissions_output_dir='.', enc_in=170, factor=1, features='M', freq='h', gpu=0, inverse=False, is_training=1, itr=1, label_len=0, learning_rate=0.01, loss='MSE', lradj='TST', mask_rate=0.125, model='SparseTSF', model_id='PROBE_PEMS08_p12', model_type='linear', moving_avg=25, n_heads=8, num_kernels=6, num_workers=0, output_attention=False, p_hidden_dims=[128, 128], p_hidden_layers=2, patience=5, pct_start=0.2, percent=100, period_len=12, pred_len=12, root_path='<workspace>\\dataset\\PEMS', seasonal_patterns='Monthly', seq_len=96, stsf_cls_head='flat', stsf_decomp='off', stsf_decomp_kernel=25, stsf_diag_mask=0, stsf_impute_passes=1, stsf_linear_bias=0, stsf_mask_conv=0, stsf_pad_fold=0, stsf_periods='', stsf_phase_kernel=3, stsf_phase_mix='off', stsf_phase_rank=0, stsf_revin=0, stsf_revin_affine=0, target='OT', task_name='long_term_forecast', top_k=5, track_emissions=0, train_epochs=10, use_amp=False, use_future_temporal_feature=0, use_gpu=True, use_multi_gpu=False, use_norm=0)
Use GPU: cuda:0
>>>>>>>start training : long_term_forecast_PROBE_PEMS08_p12_none_SparseTSF_PEMS_sl96_pl12_dm16_nh8_el2_dl1_df32_fc1_ebtimeF_dtTrue_PeriodProbe_0>>>>>>>>>>>>>>>>>>>>>>>>>>
data file: <workspace>\dataset\PEMS\PEMS08.npz
train 10606
data file: <workspace>\dataset\PEMS\PEMS08.npz
val 3464
data file: <workspace>\dataset\PEMS\PEMS08.npz
test 288
	iters: 100, epoch: 1 | loss: 0.6171433
	speed: 0.0314s/iter; left time: 204.5115s
	iters: 200, epoch: 1 | loss: 0.3727549
	speed: 0.0081s/iter; left time: 51.8830s
	iters: 300, epoch: 1 | loss: 0.3844151
	speed: 0.0098s/iter; left time: 61.7288s
	iters: 400, epoch: 1 | loss: 0.3338728
	speed: 0.0097s/iter; left time: 60.6185s
	iters: 500, epoch: 1 | loss: 0.3170225
	speed: 0.0092s/iter; left time: 56.0191s
	iters: 600, epoch: 1 | loss: 0.2989833
	speed: 0.0099s/iter; left time: 59.3108s
Epoch: 1 cost time: 8.423509359359741
Epoch: 1, Steps: 662 | Train Loss: 0.3925271 Vali Loss: 31.5627689 Test Loss: 29.9318810
Validation loss decreased (inf --> 31.562769).  Saving model ...
Updating learning rate to 0.0052056990329532584
	iters: 100, epoch: 2 | loss: 0.2453329
	speed: 0.0263s/iter; left time: 153.9113s
	iters: 200, epoch: 2 | loss: 0.3039786
	speed: 0.0089s/iter; left time: 51.1136s
	iters: 300, epoch: 2 | loss: 0.3018342
	speed: 0.0088s/iter; left time: 49.7969s
	iters: 400, epoch: 2 | loss: 0.3226521
	speed: 0.0090s/iter; left time: 50.2556s
	iters: 500, epoch: 2 | loss: 0.3165604
	speed: 0.0093s/iter; left time: 50.8641s
	iters: 600, epoch: 2 | loss: 0.3159104
	speed: 0.0085s/iter; left time: 45.7282s
Epoch: 2 cost time: 5.995759725570679
Epoch: 2, Steps: 662 | Train Loss: 0.3012604 Vali Loss: 30.7536774 Test Loss: 29.2460861
Validation loss decreased (31.562769 --> 30.753677).  Saving model ...
Updating learning rate to 0.00999999912028489
	iters: 100, epoch: 3 | loss: 0.3535320
	speed: 0.0261s/iter; left time: 135.8889s
	iters: 200, epoch: 3 | loss: 0.3009767
	speed: 0.0098s/iter; left time: 49.8582s
	iters: 300, epoch: 3 | loss: 0.2997473
	speed: 0.0102s/iter; left time: 50.8923s
	iters: 400, epoch: 3 | loss: 0.3071263
	speed: 0.0091s/iter; left time: 44.6190s
	iters: 500, epoch: 3 | loss: 0.3218410
	speed: 0.0097s/iter; left time: 46.4214s
	iters: 600, epoch: 3 | loss: 0.2863511
	speed: 0.0106s/iter; left time: 49.6660s
Epoch: 3 cost time: 6.4890148639678955
Epoch: 3, Steps: 662 | Train Loss: 0.2997080 Vali Loss: 30.7652473 Test Loss: 29.3418961
EarlyStopping counter: 1 out of 5
Updating learning rate to 0.009618263335790982
	iters: 100, epoch: 4 | loss: 0.3437780
	speed: 0.0265s/iter; left time: 120.2966s
	iters: 200, epoch: 4 | loss: 0.2582313
	speed: 0.0083s/iter; left time: 36.6318s
	iters: 300, epoch: 4 | loss: 0.3018450
	speed: 0.0088s/iter; left time: 38.1955s
	iters: 400, epoch: 4 | loss: 0.3376844
	speed: 0.0090s/iter; left time: 38.1522s
	iters: 500, epoch: 4 | loss: 0.2790169
	speed: 0.0085s/iter; left time: 34.9612s
	iters: 600, epoch: 4 | loss: 0.3107648
	speed: 0.0083s/iter; left time: 33.3563s
Epoch: 4 cost time: 5.651238679885864
Epoch: 4, Steps: 662 | Train Loss: 0.3003668 Vali Loss: 30.8937664 Test Loss: 29.5150852
EarlyStopping counter: 2 out of 5
Updating learning rate to 0.008533441867902987
	iters: 100, epoch: 5 | loss: 0.2750158
	speed: 0.0243s/iter; left time: 94.1110s
	iters: 200, epoch: 5 | loss: 0.2705963
	speed: 0.0088s/iter; left time: 33.1192s
	iters: 300, epoch: 5 | loss: 0.2631539
	speed: 0.0087s/iter; left time: 31.9952s
	iters: 400, epoch: 5 | loss: 0.3398477
	speed: 0.0080s/iter; left time: 28.5454s
	iters: 500, epoch: 5 | loss: 0.2499627
	speed: 0.0080s/iter; left time: 27.6998s
	iters: 600, epoch: 5 | loss: 0.2737907
	speed: 0.0079s/iter; left time: 26.8033s
Epoch: 5 cost time: 5.480968475341797
Epoch: 5, Steps: 662 | Train Loss: 0.3000987 Vali Loss: 30.8465042 Test Loss: 29.3368263
EarlyStopping counter: 3 out of 5
Updating learning rate to 0.006910688951175754
	iters: 100, epoch: 6 | loss: 0.2908540
	speed: 0.0232s/iter; left time: 74.6477s
	iters: 200, epoch: 6 | loss: 0.3073919
	speed: 0.0091s/iter; left time: 28.2358s
	iters: 300, epoch: 6 | loss: 0.3156340
	speed: 0.0096s/iter; left time: 28.9145s
	iters: 400, epoch: 6 | loss: 0.3586658
	speed: 0.0099s/iter; left time: 28.8027s
	iters: 500, epoch: 6 | loss: 0.2965825
	speed: 0.0091s/iter; left time: 25.5178s
	iters: 600, epoch: 6 | loss: 0.3256195
	speed: 0.0095s/iter; left time: 25.6332s
Epoch: 6 cost time: 6.296535015106201
Epoch: 6, Steps: 662 | Train Loss: 0.2991122 Vali Loss: 30.7807503 Test Loss: 29.2406311
EarlyStopping counter: 4 out of 5
Updating learning rate to 0.004997054006889188
	iters: 100, epoch: 7 | loss: 0.3108189
	speed: 0.0288s/iter; left time: 73.3225s
	iters: 200, epoch: 7 | loss: 0.3718152
	speed: 0.0101s/iter; left time: 24.8501s
	iters: 300, epoch: 7 | loss: 0.2428130
	speed: 0.0084s/iter; left time: 19.6231s
	iters: 400, epoch: 7 | loss: 0.2780627
	speed: 0.0082s/iter; left time: 18.4221s
	iters: 500, epoch: 7 | loss: 0.3701364
	speed: 0.0088s/iter; left time: 18.8687s
	iters: 600, epoch: 7 | loss: 0.3104197
	speed: 0.0095s/iter; left time: 19.4594s
Epoch: 7 cost time: 5.969359874725342
Epoch: 7, Steps: 662 | Train Loss: 0.2981749 Vali Loss: 30.8703175 Test Loss: 29.2798290
EarlyStopping counter: 5 out of 5
Early stopping
>>>>>>>testing : long_term_forecast_PROBE_PEMS08_p12_none_SparseTSF_PEMS_sl96_pl12_dm16_nh8_el2_dl1_df32_fc1_ebtimeF_dtTrue_PeriodProbe_0<<<<<<<<<<<<<<<<<<<<<<<<<<<<<<<<<
data file: <workspace>\dataset\PEMS\PEMS08.npz
test 288
mse:1990.1795654296875, mae:29.24608612060547
RMSE:44.611427307128906, MAPE:0.1713646799325943, MSPE:3739722711040.0
