Args in experiment:
Namespace(activation='gelu', anomaly_ratio=1.0, batch_size=128, c_out=25, channel_independence=1, checkpoints='./checkpoints/', comment='none', d_ff=32, d_layers=1, d_model=16, data='PSM', data_path='ETTh1.csv', dec_in=25, decomp_method='moving_avg', des='Anom', devices='0,1', distil=True, down_sampling_layers=0, down_sampling_method='avg', down_sampling_window=1, drop_last=True, dropout=0.1, e_layers=2, embed='timeF', emissions_file='emissions.csv', emissions_output_dir='.', enc_in=25, factor=1, features='M', freq='h', gpu=0, inverse=False, is_training=1, itr=1, label_len=48, learning_rate=0.0001, loss='MSE', lradj='TST', mask_rate=0.125, model='SparseTSF', model_id='ANOM_PSM', model_type='linear', moving_avg=25, n_heads=8, num_kernels=6, num_workers=0, output_attention=False, p_hidden_dims=[128, 128], p_hidden_layers=2, patience=15, pct_start=0.2, percent=100, period_len=25, pred_len=0, root_path='C:\\Users\\bbbal\\OneDrive\\Masaüstü\\timemixer\\dataset\\PSM', seasonal_patterns='Monthly', seq_len=100, target='OT', task_name='anomaly_detection', top_k=5, track_emissions=0, train_epochs=3, use_amp=False, use_future_temporal_feature=0, use_gpu=True, use_multi_gpu=False, use_norm=1)
Use GPU: cuda:0
>>>>>>>start training : anomaly_detection_ANOM_PSM_none_SparseTSF_PSM_sl100_pl0_dm16_nh8_el2_dl1_df32_fc1_ebtimeF_dtTrue_Anom_0>>>>>>>>>>>>>>>>>>>>>>>>>>
test: (87841, 25)
train: (132481, 25)
train 132382
test: (87841, 25)
train: (132481, 25)
val 87742
test: (87841, 25)
train: (132481, 25)
test 87742
	iters: 100, epoch: 1 | loss: 0.1213971
	speed: 0.0355s/iter; left time: 106.6567s
	iters: 200, epoch: 1 | loss: 0.1573774
	speed: 0.0069s/iter; left time: 19.9710s
	iters: 300, epoch: 1 | loss: 0.1256861
	speed: 0.0065s/iter; left time: 18.3751s
	iters: 400, epoch: 1 | loss: 0.1871564
	speed: 0.0071s/iter; left time: 19.2124s
	iters: 500, epoch: 1 | loss: 0.1227579
	speed: 0.0074s/iter; left time: 19.3115s
	iters: 600, epoch: 1 | loss: 0.1733167
	speed: 0.0065s/iter; left time: 16.1653s
	iters: 700, epoch: 1 | loss: 0.1379026
	speed: 0.0071s/iter; left time: 17.0726s
	iters: 800, epoch: 1 | loss: 0.0974376
	speed: 0.0067s/iter; left time: 15.4621s
	iters: 900, epoch: 1 | loss: 0.1369183
	speed: 0.0065s/iter; left time: 14.2515s
	iters: 1000, epoch: 1 | loss: 0.2058890
	speed: 0.0076s/iter; left time: 16.0753s
Epoch: 1 cost time: 10.00559139251709
Epoch: 1, Steps: 1035 | Train Loss: 0.1434250 Vali Loss: 0.1197666 Test Loss: 0.1198442
Validation loss decreased (inf --> 0.119844).  Saving model ...
Updating learning rate to 9.326964420446288e-05
	iters: 100, epoch: 2 | loss: 0.1151870
	speed: 0.0729s/iter; left time: 143.6695s
	iters: 200, epoch: 2 | loss: 0.1214507
	speed: 0.0075s/iter; left time: 14.0497s
	iters: 300, epoch: 2 | loss: 0.0825748
	speed: 0.0079s/iter; left time: 13.9991s
	iters: 400, epoch: 2 | loss: 0.0944133
	speed: 0.0068s/iter; left time: 11.3260s
	iters: 500, epoch: 2 | loss: 0.0870038
	speed: 0.0065s/iter; left time: 10.2262s
	iters: 600, epoch: 2 | loss: 0.0843798
	speed: 0.0074s/iter; left time: 10.8375s
	iters: 700, epoch: 2 | loss: 0.0909926
	speed: 0.0074s/iter; left time: 10.1875s
	iters: 800, epoch: 2 | loss: 0.0978848
	speed: 0.0064s/iter; left time: 8.1447s
	iters: 900, epoch: 2 | loss: 0.0778029
	speed: 0.0075s/iter; left time: 8.7668s
	iters: 1000, epoch: 2 | loss: 0.1606401
	speed: 0.0070s/iter; left time: 7.5498s
Epoch: 2 cost time: 7.378966569900513
Epoch: 2, Steps: 1035 | Train Loss: 0.1110266 Vali Loss: 0.0992761 Test Loss: 0.0992909
Validation loss decreased (0.119844 --> 0.099291).  Saving model ...
Updating learning rate to 3.6998228285742496e-05
	iters: 100, epoch: 3 | loss: 0.1043425
	speed: 0.0639s/iter; left time: 59.8270s
	iters: 200, epoch: 3 | loss: 0.1010321
	speed: 0.0077s/iter; left time: 6.4727s
	iters: 300, epoch: 3 | loss: 0.1259314
	speed: 0.0067s/iter; left time: 4.9358s
	iters: 400, epoch: 3 | loss: 0.0825367
	speed: 0.0067s/iter; left time: 4.2845s
	iters: 500, epoch: 3 | loss: 0.0961906
	speed: 0.0066s/iter; left time: 3.5626s
	iters: 600, epoch: 3 | loss: 0.1103341
	speed: 0.0069s/iter; left time: 2.9961s
	iters: 700, epoch: 3 | loss: 0.0834724
	speed: 0.0066s/iter; left time: 2.2232s
	iters: 800, epoch: 3 | loss: 0.0813721
	speed: 0.0070s/iter; left time: 1.6578s
	iters: 900, epoch: 3 | loss: 0.1263021
	speed: 0.0067s/iter; left time: 0.9101s
	iters: 1000, epoch: 3 | loss: 0.0923428
	speed: 0.0067s/iter; left time: 0.2399s
Epoch: 3 cost time: 7.126262903213501
Epoch: 3, Steps: 1035 | Train Loss: 0.0980813 Vali Loss: 0.0953201 Test Loss: 0.0953860
Validation loss decreased (0.099291 --> 0.095386).  Saving model ...
Updating learning rate to 4.399884689037186e-10
>>>>>>>testing : anomaly_detection_ANOM_PSM_none_SparseTSF_PSM_sl100_pl0_dm16_nh8_el2_dl1_df32_fc1_ebtimeF_dtTrue_Anom_0<<<<<<<<<<<<<<<<<<<<<<<<<<<<<<<<<
test: (87841, 25)
train: (132481, 25)
test 87742
test: (87841, 25)
train: (132481, 25)
train 132382
Threshold : 0.6687616640329448
pred:    (8774200,)
gt:      (8774200,)
pred:  (8774200,)
gt:    (8774200,)
Accuracy : 0.9746, Precision : 0.9882, Recall : 0.9196, F-score : 0.9526 
