Args in experiment:
Namespace(activation='gelu', anomaly_ratio=0.25, batch_size=32, c_out=321, channel_independence=1, checkpoints='./checkpoints/', comment='none', d_ff=32, d_layers=1, d_model=16, data='custom', data_path='electricity.csv', dec_in=321, decomp_method='moving_avg', des='test', devices='0,1', distil=True, down_sampling_layers=3, down_sampling_method='avg', down_sampling_window=2, drop_last=True, dropout=0.1, e_layers=2, embed='timeF', enc_in=321, factor=3, features='M', freq='h', gpu=0, inverse=False, is_training=1, itr=1, label_len=0, learning_rate=0.01, loss='MSE', lradj='TST', mask_rate=0.125, model='TimeMixer', model_id='Electricity_96_720', moving_avg=25, n_heads=8, num_kernels=6, num_workers=0, output_attention=False, p_hidden_dims=[128, 128], p_hidden_layers=2, patience=10, pct_start=0.2, pred_len=720, root_path='C:\\Users\\bbbal\\OneDrive\\Masaüstü\\timemixer\\dataset\\electricity', seasonal_patterns='Monthly', seq_len=96, target='OT', task_name='long_term_forecast', top_k=5, train_epochs=20, use_amp=False, use_future_temporal_feature=0, use_gpu=True, use_multi_gpu=False, use_norm=1)
Use GPU: cuda:0
>>>>>>>start training : long_term_forecast_Electricity_96_720_none_TimeMixer_custom_sl96_pl720_dm16_nh8_el2_dl1_df32_fc3_ebtimeF_dtTrue_test_0>>>>>>>>>>>>>>>>>>>>>>>>>>
train 17597
val 1913
test 4541
	iters: 100, epoch: 1 | loss: 0.4905337
	speed: 8.4288s/iter; left time: 91713.4462s
	iters: 200, epoch: 1 | loss: 0.3488636
	speed: 8.5302s/iter; left time: 91964.2325s
	iters: 300, epoch: 1 | loss: 0.3438739
	speed: 8.5423s/iter; left time: 91240.4457s
	iters: 400, epoch: 1 | loss: 0.2831876
	speed: 8.5628s/iter; left time: 90602.6384s
	iters: 500, epoch: 1 | loss: 0.3049639
	speed: 8.5762s/iter; left time: 89887.2663s
Epoch: 1 cost time: 4690.062528133392
Epoch: 1, Steps: 549 | Train Loss: 0.4151145 Vali Loss: 0.2321298 Test Loss: 0.2689625
Validation loss decreased (inf --> 0.232130).  Saving model ...
Updating learning rate to 0.0018071021230250985
	iters: 100, epoch: 2 | loss: 0.2650374
	speed: 16.0462s/iter; left time: 165789.5462s
	iters: 200, epoch: 2 | loss: 0.2703507
	speed: 8.5947s/iter; left time: 87940.8922s
	iters: 300, epoch: 2 | loss: 0.2507095
	speed: 8.6011s/iter; left time: 87146.7103s
	iters: 400, epoch: 2 | loss: 0.2904905
	speed: 8.6101s/iter; left time: 86376.6345s
	iters: 500, epoch: 2 | loss: 0.2396655
	speed: 8.6227s/iter; left time: 85640.9387s
Epoch: 2 cost time: 4724.014019727707
Epoch: 2, Steps: 549 | Train Loss: 0.2687360 Vali Loss: 0.2103364 Test Loss: 0.2419898
Validation loss decreased (0.232130 --> 0.210336).  Saving model ...
Updating learning rate to 0.0052034349985080035
	iters: 100, epoch: 3 | loss: 0.2324411
	speed: 16.1707s/iter; left time: 158197.6680s
	iters: 200, epoch: 3 | loss: 0.2456756
	speed: 8.6574s/iter; left time: 83829.9277s
	iters: 300, epoch: 3 | loss: 0.2499720
	speed: 8.6757s/iter; left time: 83139.3729s
	iters: 400, epoch: 3 | loss: 0.2483516
	speed: 8.6969s/iter; left time: 82472.7809s
	iters: 500, epoch: 3 | loss: 0.2505290
	speed: 8.7060s/iter; left time: 81688.2358s
Epoch: 3 cost time: 4767.56712269783
Epoch: 3, Steps: 549 | Train Loss: 0.2533935 Vali Loss: 0.2036645 Test Loss: 0.2364328
Validation loss decreased (0.210336 --> 0.203664).  Saving model ...
Updating learning rate to 0.008597753959952076
	iters: 100, epoch: 4 | loss: 0.2646748
	speed: 16.3707s/iter; left time: 151167.4667s
	iters: 200, epoch: 4 | loss: 0.2349702
	speed: 8.7949s/iter; left time: 80332.2909s
	iters: 300, epoch: 4 | loss: 0.2246219
	speed: 8.8066s/iter; left time: 79559.1368s
	iters: 400, epoch: 4 | loss: 0.2412291
	speed: 8.8487s/iter; left time: 79054.2572s
	iters: 500, epoch: 4 | loss: 0.2330081
	speed: 8.8847s/iter; left time: 78487.3923s
Epoch: 4 cost time: 4846.866422176361
Epoch: 4, Steps: 549 | Train Loss: 0.2474912 Vali Loss: 0.2050820 Test Loss: 0.2363292
EarlyStopping counter: 1 out of 10
Updating learning rate to 0.009999999680218483
	iters: 100, epoch: 5 | loss: 0.2405075
	speed: 16.7411s/iter; left time: 145396.5101s
	iters: 200, epoch: 5 | loss: 0.2389133
	speed: 9.0112s/iter; left time: 77360.8103s
	iters: 300, epoch: 5 | loss: 0.2359922
	speed: 9.0520s/iter; left time: 76806.5849s
	iters: 400, epoch: 5 | loss: 0.2513690
	speed: 9.0854s/iter; left time: 76180.9423s
	iters: 500, epoch: 5 | loss: 0.2583243
	speed: 9.1225s/iter; left time: 75580.2654s
Epoch: 5 cost time: 4972.2031219005585
Epoch: 5, Steps: 549 | Train Loss: 0.2443130 Vali Loss: 0.2027310 Test Loss: 0.2322965
Validation loss decreased (0.203664 --> 0.202731).  Saving model ...
Updating learning rate to 0.009903577604357403
	iters: 100, epoch: 6 | loss: 0.2353261
	speed: 17.2062s/iter; left time: 139989.7494s
	iters: 200, epoch: 6 | loss: 0.2344135
	speed: 9.2443s/iter; left time: 74287.4483s
	iters: 300, epoch: 6 | loss: 0.2624629
	speed: 9.3100s/iter; left time: 73884.3769s
	iters: 400, epoch: 6 | loss: 0.2256487
	speed: 9.3371s/iter; left time: 73165.3036s
	iters: 500, epoch: 6 | loss: 0.2431954
	speed: 9.3791s/iter; left time: 72556.3779s
Epoch: 6 cost time: 5109.21090722084
Epoch: 6, Steps: 549 | Train Loss: 0.2420672 Vali Loss: 0.1980484 Test Loss: 0.2308720
Validation loss decreased (0.202731 --> 0.198048).  Saving model ...
Updating learning rate to 0.009618714559707654
	iters: 100, epoch: 7 | loss: 0.2299775
	speed: 17.7013s/iter; left time: 134299.8432s
	iters: 200, epoch: 7 | loss: 0.2402753
	speed: 9.5189s/iter; left time: 71267.6717s
	iters: 300, epoch: 7 | loss: 0.2312318
	speed: 9.5604s/iter; left time: 70622.6962s
	iters: 400, epoch: 7 | loss: 0.2386767
	speed: 9.6197s/iter; left time: 70098.5049s
	iters: 500, epoch: 7 | loss: 0.2603361
	speed: 9.1625s/iter; left time: 65851.2430s
Epoch: 7 cost time: 5152.333931684494
Epoch: 7, Steps: 549 | Train Loss: 0.2404243 Vali Loss: 0.2001701 Test Loss: 0.2273467
EarlyStopping counter: 1 out of 10
Updating learning rate to 0.00915635767332209
	iters: 100, epoch: 8 | loss: 0.2569331
	speed: 15.9920s/iter; left time: 112551.5193s
	iters: 200, epoch: 8 | loss: 0.2430167
	speed: 8.5687s/iter; left time: 59449.6679s
	iters: 300, epoch: 8 | loss: 0.2500840
	speed: 8.5818s/iter; left time: 58682.6357s
	iters: 400, epoch: 8 | loss: 0.2381616
	speed: 8.5912s/iter; left time: 57887.2427s
	iters: 500, epoch: 8 | loss: 0.2600637
	speed: 8.6177s/iter; left time: 57204.5456s
Epoch: 8 cost time: 4713.0562472343445
Epoch: 8, Steps: 549 | Train Loss: 0.2386567 Vali Loss: 0.1966135 Test Loss: 0.2294835
Validation loss decreased (0.198048 --> 0.196613).  Saving model ...
Updating learning rate to 0.008534275061051777
	iters: 100, epoch: 9 | loss: 0.2386688
	speed: 16.1140s/iter; left time: 104563.8492s
	iters: 200, epoch: 9 | loss: 0.2140601
	speed: 8.6403s/iter; left time: 55202.8640s
	iters: 300, epoch: 9 | loss: 0.2156875
	speed: 8.6434s/iter; left time: 54358.6518s
	iters: 400, epoch: 9 | loss: 0.2167067
	speed: 8.6533s/iter; left time: 53555.2550s
	iters: 500, epoch: 9 | loss: 0.2583700
	speed: 8.6668s/iter; left time: 52771.8816s
Epoch: 9 cost time: 4746.993973493576
Epoch: 9, Steps: 549 | Train Loss: 0.2374247 Vali Loss: 0.1977798 Test Loss: 0.2292537
EarlyStopping counter: 1 out of 10
Updating learning rate to 0.007776373008818319
	iters: 100, epoch: 10 | loss: 0.2181755
	speed: 16.2518s/iter; left time: 96535.9620s
	iters: 200, epoch: 10 | loss: 0.2443471
	speed: 8.7124s/iter; left time: 50880.4487s
	iters: 300, epoch: 10 | loss: 0.2363507
	speed: 8.7257s/iter; left time: 50085.2434s
	iters: 400, epoch: 10 | loss: 0.2469580
	speed: 8.7424s/iter; left time: 49307.3120s
	iters: 500, epoch: 10 | loss: 0.2213551
	speed: 8.7678s/iter; left time: 48573.6270s
Epoch: 10 cost time: 4793.677671909332
Epoch: 10, Steps: 549 | Train Loss: 0.2361181 Vali Loss: 0.1948879 Test Loss: 0.2362353
Validation loss decreased (0.196613 --> 0.194888).  Saving model ...
Updating learning rate to 0.006911777267452677
	iters: 100, epoch: 11 | loss: 0.2297377
	speed: 16.4674s/iter; left time: 88775.8529s
	iters: 200, epoch: 11 | loss: 0.2198838
	speed: 8.8392s/iter; left time: 46768.1391s
	iters: 300, epoch: 11 | loss: 0.2493325
	speed: 8.8926s/iter; left time: 46161.5542s
	iters: 400, epoch: 11 | loss: 0.2254492
	speed: 8.9192s/iter; left time: 45407.7893s
	iters: 500, epoch: 11 | loss: 0.2304610
	speed: 8.9568s/iter; left time: 44703.4547s
Epoch: 11 cost time: 4882.966302871704
Epoch: 11, Steps: 549 | Train Loss: 0.2348039 Vali Loss: 0.1946074 Test Loss: 0.2262301
Validation loss decreased (0.194888 --> 0.194607).  Saving model ...
Updating learning rate to 0.005973713766424657
	iters: 100, epoch: 12 | loss: 0.2228916
	speed: 16.8827s/iter; left time: 81746.0118s
	iters: 200, epoch: 12 | loss: 0.2402875
	speed: 9.0766s/iter; left time: 43041.4708s
	iters: 300, epoch: 12 | loss: 0.2122905
	speed: 9.1394s/iter; left time: 42425.1415s
	iters: 400, epoch: 12 | loss: 0.2180816
	speed: 9.1638s/iter; left time: 41621.7768s
	iters: 500, epoch: 12 | loss: 0.2244646
	speed: 9.2289s/iter; left time: 40994.9663s
Epoch: 12 cost time: 5018.485623836517
Epoch: 12, Steps: 549 | Train Loss: 0.2329947 Vali Loss: 0.1950777 Test Loss: 0.2281321
EarlyStopping counter: 1 out of 10
Updating learning rate to 0.004998231760006692
	iters: 100, epoch: 13 | loss: 0.2231703
	speed: 17.3900s/iter; left time: 74655.2984s
	iters: 200, epoch: 13 | loss: 0.2177479
	speed: 9.3456s/iter; left time: 39186.0982s
	iters: 300, epoch: 13 | loss: 0.2033134
	speed: 9.4107s/iter; left time: 38518.1112s
	iters: 400, epoch: 13 | loss: 0.2456307
	speed: 9.5441s/iter; left time: 38109.6045s
	iters: 500, epoch: 13 | loss: 0.2410853
	speed: 9.3845s/iter; left time: 36533.7449s
Epoch: 13 cost time: 5161.261093378067
Epoch: 13, Steps: 549 | Train Loss: 0.2316908 Vali Loss: 0.1921004 Test Loss: 0.2263164
Validation loss decreased (0.194607 --> 0.192100).  Saving model ...
Updating learning rate to 0.0040228184746488125
	iters: 100, epoch: 14 | loss: 0.2061978
	speed: 17.7190s/iter; left time: 66339.8871s
	iters: 200, epoch: 14 | loss: 0.2476573
	speed: 9.5197s/iter; left time: 34689.8921s
	iters: 300, epoch: 14 | loss: 0.2562714
	speed: 9.5466s/iter; left time: 33833.2145s
	iters: 400, epoch: 14 | loss: 0.2129269
	speed: 9.6109s/iter; left time: 33100.0655s
	iters: 500, epoch: 14 | loss: 0.2172289
	speed: 9.6430s/iter; left time: 32246.0504s
Epoch: 14 cost time: 5254.292605400085
Epoch: 14, Steps: 549 | Train Loss: 0.2305043 Vali Loss: 0.1925488 Test Loss: 0.2281689
EarlyStopping counter: 1 out of 10
Updating learning rate to 0.003084958495889251
	iters: 100, epoch: 15 | loss: 0.2155247
	speed: 18.1640s/iter; left time: 58034.0480s
	iters: 200, epoch: 15 | loss: 0.2030602
	speed: 9.7495s/iter; left time: 30174.7424s
	iters: 300, epoch: 15 | loss: 0.2443922
	speed: 9.8073s/iter; left time: 29372.9182s
	iters: 400, epoch: 15 | loss: 0.2264499
	speed: 9.8604s/iter; left time: 28545.9818s
	iters: 500, epoch: 15 | loss: 0.2049479
	speed: 9.8986s/iter; left time: 27666.5453s
Epoch: 15 cost time: 5391.238525867462
Epoch: 15, Steps: 549 | Train Loss: 0.2291932 Vali Loss: 0.1929921 Test Loss: 0.2250567
EarlyStopping counter: 2 out of 10
Updating learning rate to 0.002220693256753801
	iters: 100, epoch: 16 | loss: 0.2119496
	speed: 18.7295s/iter; left time: 49558.1801s
	iters: 200, epoch: 16 | loss: 0.2230749
	speed: 10.0604s/iter; left time: 25613.8955s
	iters: 300, epoch: 16 | loss: 0.2171914
	speed: 10.0820s/iter; left time: 24660.5444s
	iters: 400, epoch: 16 | loss: 0.2609352
	speed: 10.2695s/iter; left time: 24092.3360s
	iters: 500, epoch: 16 | loss: 0.2030667
	speed: 10.2619s/iter; left time: 23048.2662s
Epoch: 16 cost time: 5576.067134857178
Epoch: 16, Steps: 549 | Train Loss: 0.2280689 Vali Loss: 0.1948180 Test Loss: 0.2236492
EarlyStopping counter: 3 out of 10
Updating learning rate to 0.0014632359856969082
	iters: 100, epoch: 17 | loss: 0.2312933
	speed: 19.4476s/iter; left time: 40781.6055s
	iters: 200, epoch: 17 | loss: 0.2289854
	speed: 10.4226s/iter; left time: 20813.9920s
	iters: 300, epoch: 17 | loss: 0.2410590
	speed: 10.4628s/iter; left time: 19847.9622s
	iters: 400, epoch: 17 | loss: 0.2398194
	speed: 10.5243s/iter; left time: 18912.1561s
	iters: 500, epoch: 17 | loss: 0.2163544
	speed: 9.1656s/iter; left time: 15553.9579s
Epoch: 17 cost time: 5515.189279794693
Epoch: 17, Steps: 549 | Train Loss: 0.2270729 Vali Loss: 0.1909683 Test Loss: 0.2243611
Validation loss decreased (0.192100 --> 0.190968).  Saving model ...
Updating learning rate to 0.0008416953408583565
	iters: 100, epoch: 18 | loss: 0.2277214
	speed: 16.0436s/iter; left time: 24835.4620s
	iters: 200, epoch: 18 | loss: 0.2372221
	speed: 8.5907s/iter; left time: 12439.3559s
	iters: 300, epoch: 18 | loss: 0.2400441
	speed: 8.5942s/iter; left time: 11584.9546s
	iters: 400, epoch: 18 | loss: 0.2272741
	speed: 8.6166s/iter; left time: 10753.4851s
	iters: 500, epoch: 18 | loss: 0.2227554
	speed: 8.6215s/iter; left time: 9897.4673s
Epoch: 18 cost time: 4723.494623422623
Epoch: 18, Steps: 549 | Train Loss: 0.2262615 Vali Loss: 0.1928378 Test Loss: 0.2241672
EarlyStopping counter: 1 out of 10
Updating learning rate to 0.0003799567806552832
	iters: 100, epoch: 19 | loss: 0.2395534
	speed: 16.1480s/iter; left time: 16131.8193s
	iters: 200, epoch: 19 | loss: 0.1942117
	speed: 8.6521s/iter; left time: 7778.2307s
	iters: 300, epoch: 19 | loss: 0.2310311
	speed: 8.6601s/iter; left time: 6919.4398s
	iters: 400, epoch: 19 | loss: 0.2198247
	speed: 8.6664s/iter; left time: 6057.8020s
	iters: 500, epoch: 19 | loss: 0.2253749
	speed: 8.6740s/iter; left time: 5195.7445s
Epoch: 19 cost time: 4755.12744641304
Epoch: 19, Steps: 549 | Train Loss: 0.2256257 Vali Loss: 0.1923607 Test Loss: 0.2242907
EarlyStopping counter: 2 out of 10
Updating learning rate to 9.576465901032395e-05
	iters: 100, epoch: 20 | loss: 0.2112595
	speed: 16.2609s/iter; left time: 7317.3936s
	iters: 200, epoch: 20 | loss: 0.2190136
	speed: 8.7144s/iter; left time: 3050.0511s
	iters: 300, epoch: 20 | loss: 0.2134663
	speed: 8.7418s/iter; left time: 2185.4453s
	iters: 400, epoch: 20 | loss: 0.1999928
	speed: 8.7441s/iter; left time: 1311.6216s
	iters: 500, epoch: 20 | loss: 0.2040350
	speed: 8.7657s/iter; left time: 438.2850s
Epoch: 20 cost time: 4796.130876541138
Epoch: 20, Steps: 549 | Train Loss: 0.2254013 Vali Loss: 0.1928289 Test Loss: 0.2242121
EarlyStopping counter: 3 out of 10
Updating learning rate to 4.031978151666785e-08
>>>>>>>testing : long_term_forecast_Electricity_96_720_none_TimeMixer_custom_sl96_pl720_dm16_nh8_el2_dl1_df32_fc3_ebtimeF_dtTrue_test_0<<<<<<<<<<<<<<<<<<<<<<<<<<<<<<<<<
test 4541
mse:0.22435961663722992, mae:0.3090287446975708
