Args in experiment:
Namespace(activation='gelu', anomaly_ratio=0.25, batch_size=32, c_out=321, channel_independence=1, checkpoints='./checkpoints/', comment='none', d_ff=32, d_layers=1, d_model=16, data='custom', data_path='electricity.csv', dec_in=321, decomp_method='moving_avg', des='test', devices='0,1', distil=True, down_sampling_layers=3, down_sampling_method='avg', down_sampling_window=2, drop_last=True, dropout=0.1, e_layers=2, embed='timeF', enc_in=321, factor=3, features='M', freq='h', gpu=0, inverse=False, is_training=1, itr=1, label_len=0, learning_rate=0.01, loss='MSE', lradj='TST', mask_rate=0.125, model='TimeMixer', model_id='Electricity_96_192', moving_avg=25, n_heads=8, num_kernels=6, num_workers=0, output_attention=False, p_hidden_dims=[128, 128], p_hidden_layers=2, patience=10, pct_start=0.2, pred_len=192, root_path='C:\\Users\\bbbal\\OneDrive\\Masaüstü\\timemixer\\dataset\\electricity', seasonal_patterns='Monthly', seq_len=96, target='OT', task_name='long_term_forecast', top_k=5, train_epochs=20, use_amp=False, use_future_temporal_feature=0, use_gpu=True, use_multi_gpu=False, use_norm=1)
Use GPU: cuda:0
>>>>>>>start training : long_term_forecast_Electricity_96_192_none_TimeMixer_custom_sl96_pl192_dm16_nh8_el2_dl1_df32_fc3_ebtimeF_dtTrue_test_0>>>>>>>>>>>>>>>>>>>>>>>>>>
train 18125
val 2441
test 5069
	iters: 100, epoch: 1 | loss: 0.4267898
	speed: 0.5054s/iter; left time: 5671.0571s
	iters: 200, epoch: 1 | loss: 0.2734333
	speed: 0.4838s/iter; left time: 5380.6897s
	iters: 300, epoch: 1 | loss: 0.2484402
	speed: 0.4841s/iter; left time: 5335.4779s
	iters: 400, epoch: 1 | loss: 0.2210021
	speed: 0.4837s/iter; left time: 5283.0237s
	iters: 500, epoch: 1 | loss: 0.2211561
	speed: 0.4839s/iter; left time: 5236.3689s
Epoch: 1 cost time: 276.2460763454437
Epoch: 1, Steps: 566 | Train Loss: 0.3301502 Vali Loss: 0.1815691 Test Loss: 0.2057232
Validation loss decreased (inf --> 0.181569).  Saving model ...
Updating learning rate to 0.0018070656174695183
	iters: 100, epoch: 2 | loss: 0.1832907
	speed: 1.0899s/iter; left time: 11612.5276s
	iters: 200, epoch: 2 | loss: 0.1867812
	speed: 0.4842s/iter; left time: 5110.3296s
	iters: 300, epoch: 2 | loss: 0.1856477
	speed: 0.4844s/iter; left time: 5064.8285s
	iters: 400, epoch: 2 | loss: 0.1974334
	speed: 0.4846s/iter; left time: 5018.3999s
	iters: 500, epoch: 2 | loss: 0.1926512
	speed: 0.4831s/iter; left time: 4954.4615s
Epoch: 2 cost time: 273.92870569229126
Epoch: 2, Steps: 566 | Train Loss: 0.1951963 Vali Loss: 0.1596957 Test Loss: 0.1825989
Validation loss decreased (0.181569 --> 0.159696).  Saving model ...
Updating learning rate to 0.005203331781601043
	iters: 100, epoch: 3 | loss: 0.2176449
	speed: 1.0909s/iter; left time: 11006.4624s
	iters: 200, epoch: 3 | loss: 0.1985963
	speed: 0.4839s/iter; left time: 4833.8369s
	iters: 300, epoch: 3 | loss: 0.1838037
	speed: 0.4839s/iter; left time: 4785.2895s
	iters: 400, epoch: 3 | loss: 0.1876848
	speed: 0.4841s/iter; left time: 4738.4253s
	iters: 500, epoch: 3 | loss: 0.1706034
	speed: 0.4838s/iter; left time: 4688.0022s
Epoch: 3 cost time: 273.81684255599976
Epoch: 3, Steps: 566 | Train Loss: 0.1822130 Vali Loss: 0.1573052 Test Loss: 0.1823344
Validation loss decreased (0.159696 --> 0.157305).  Saving model ...
Updating learning rate to 0.008597644597676007
	iters: 100, epoch: 4 | loss: 0.1827793
	speed: 1.0915s/iter; left time: 10394.5863s
	iters: 200, epoch: 4 | loss: 0.1817582
	speed: 0.4842s/iter; left time: 4562.1909s
	iters: 300, epoch: 4 | loss: 0.1817919
	speed: 0.4841s/iter; left time: 4513.6419s
	iters: 400, epoch: 4 | loss: 0.1895523
	speed: 0.4840s/iter; left time: 4464.1845s
	iters: 500, epoch: 4 | loss: 0.1669796
	speed: 0.4836s/iter; left time: 4412.0543s
Epoch: 4 cost time: 273.8856854438782
Epoch: 4, Steps: 566 | Train Loss: 0.1780126 Vali Loss: 0.1538686 Test Loss: 0.1760436
Validation loss decreased (0.157305 --> 0.153869).  Saving model ...
Updating learning rate to 0.009999999699139492
	iters: 100, epoch: 5 | loss: 0.1618039
	speed: 1.0908s/iter; left time: 9770.6683s
	iters: 200, epoch: 5 | loss: 0.1791989
	speed: 0.4843s/iter; left time: 4289.5013s
	iters: 300, epoch: 5 | loss: 0.1833612
	speed: 0.4843s/iter; left time: 4241.0584s
	iters: 400, epoch: 5 | loss: 0.1763024
	speed: 0.4839s/iter; left time: 4188.8970s
	iters: 500, epoch: 5 | loss: 0.1633115
	speed: 0.4845s/iter; left time: 4145.7862s
Epoch: 5 cost time: 274.0015137195587
Epoch: 5, Steps: 566 | Train Loss: 0.1752802 Vali Loss: 0.1516881 Test Loss: 0.1763862
Validation loss decreased (0.153869 --> 0.151688).  Saving model ...
Updating learning rate to 0.00990358810129141
	iters: 100, epoch: 6 | loss: 0.1756635
	speed: 1.0913s/iter; left time: 9157.0951s
	iters: 200, epoch: 6 | loss: 0.1605016
	speed: 0.4837s/iter; left time: 4010.2783s
	iters: 300, epoch: 6 | loss: 0.1808505
	speed: 0.4836s/iter; left time: 3961.4711s
	iters: 400, epoch: 6 | loss: 0.1722674
	speed: 0.4839s/iter; left time: 3915.5741s
	iters: 500, epoch: 6 | loss: 0.1560633
	speed: 0.4847s/iter; left time: 3873.0295s
Epoch: 6 cost time: 273.96833539009094
Epoch: 6, Steps: 566 | Train Loss: 0.1736696 Vali Loss: 0.1503361 Test Loss: 0.1734465
Validation loss decreased (0.151688 --> 0.150336).  Saving model ...
Updating learning rate to 0.009618735131263371
	iters: 100, epoch: 7 | loss: 0.1980825
	speed: 1.0923s/iter; left time: 8547.6229s
	iters: 200, epoch: 7 | loss: 0.1845929
	speed: 0.4838s/iter; left time: 3737.6313s
	iters: 300, epoch: 7 | loss: 0.1715066
	speed: 0.4844s/iter; left time: 3693.6722s
	iters: 400, epoch: 7 | loss: 0.1742925
	speed: 0.4842s/iter; left time: 3643.8138s
	iters: 500, epoch: 7 | loss: 0.1680673
	speed: 0.4842s/iter; left time: 3595.2546s
Epoch: 7 cost time: 273.9731001853943
Epoch: 7, Steps: 566 | Train Loss: 0.1723884 Vali Loss: 0.1505244 Test Loss: 0.1732637
EarlyStopping counter: 1 out of 10
Updating learning rate to 0.009156387528946167
	iters: 100, epoch: 8 | loss: 0.1700726
	speed: 1.0905s/iter; left time: 7915.8457s
	iters: 200, epoch: 8 | loss: 0.1477123
	speed: 0.4841s/iter; left time: 3465.5003s
	iters: 300, epoch: 8 | loss: 0.1688926
	speed: 0.4847s/iter; left time: 3421.2894s
	iters: 400, epoch: 8 | loss: 0.1938805
	speed: 0.4846s/iter; left time: 3372.4193s
	iters: 500, epoch: 8 | loss: 0.1686271
	speed: 0.4848s/iter; left time: 3325.0861s
Epoch: 8 cost time: 274.219331741333
Epoch: 8, Steps: 566 | Train Loss: 0.1714602 Vali Loss: 0.1498796 Test Loss: 0.1723079
Validation loss decreased (0.150336 --> 0.149880).  Saving model ...
Updating learning rate to 0.008534313053409326
	iters: 100, epoch: 9 | loss: 0.1557338
	speed: 1.0930s/iter; left time: 7315.2178s
	iters: 200, epoch: 9 | loss: 0.1681240
	speed: 0.4836s/iter; left time: 3188.6531s
	iters: 300, epoch: 9 | loss: 0.1886829
	speed: 0.4849s/iter; left time: 3148.5993s
	iters: 400, epoch: 9 | loss: 0.2041953
	speed: 0.4854s/iter; left time: 3103.1687s
	iters: 500, epoch: 9 | loss: 0.1976682
	speed: 0.4846s/iter; left time: 3049.8872s
Epoch: 9 cost time: 274.325975894928
Epoch: 9, Steps: 566 | Train Loss: 0.1703449 Vali Loss: 0.1484434 Test Loss: 0.1728333
Validation loss decreased (0.149880 --> 0.148443).  Saving model ...
Updating learning rate to 0.007776417677884344
	iters: 100, epoch: 10 | loss: 0.1723027
	speed: 1.0909s/iter; left time: 6683.7193s
	iters: 200, epoch: 10 | loss: 0.1613130
	speed: 0.4841s/iter; left time: 2917.6399s
	iters: 300, epoch: 10 | loss: 0.1953656
	speed: 0.4844s/iter; left time: 2870.9641s
	iters: 400, epoch: 10 | loss: 0.1871007
	speed: 0.4844s/iter; left time: 2822.6399s
	iters: 500, epoch: 10 | loss: 0.1566914
	speed: 0.4841s/iter; left time: 2772.4239s
Epoch: 10 cost time: 273.9514307975769
Epoch: 10, Steps: 566 | Train Loss: 0.1695889 Vali Loss: 0.1477111 Test Loss: 0.1719358
Validation loss decreased (0.148443 --> 0.147711).  Saving model ...
Updating learning rate to 0.006911826896620023
	iters: 100, epoch: 11 | loss: 0.1707305
	speed: 1.0917s/iter; left time: 6070.8537s
	iters: 200, epoch: 11 | loss: 0.1961640
	speed: 0.4852s/iter; left time: 2649.6729s
	iters: 300, epoch: 11 | loss: 0.1602321
	speed: 0.4844s/iter; left time: 2596.9746s
	iters: 400, epoch: 11 | loss: 0.1754142
	speed: 0.4852s/iter; left time: 2552.4114s
	iters: 500, epoch: 11 | loss: 0.1802334
	speed: 0.4853s/iter; left time: 2504.7886s
Epoch: 11 cost time: 274.3378555774689
Epoch: 11, Steps: 566 | Train Loss: 0.1687352 Vali Loss: 0.1479781 Test Loss: 0.1707584
EarlyStopping counter: 1 out of 10
Updating learning rate to 0.005973766448472253
	iters: 100, epoch: 12 | loss: 0.1535892
	speed: 1.0930s/iter; left time: 5459.7777s
	iters: 200, epoch: 12 | loss: 0.1648476
	speed: 0.4847s/iter; left time: 2372.4663s
	iters: 300, epoch: 12 | loss: 0.1686002
	speed: 0.4849s/iter; left time: 2325.0212s
	iters: 400, epoch: 12 | loss: 0.1791242
	speed: 0.4865s/iter; left time: 2284.1861s
	iters: 500, epoch: 12 | loss: 0.1655109
	speed: 0.4861s/iter; left time: 2233.7417s
Epoch: 12 cost time: 274.7902228832245
Epoch: 12, Steps: 566 | Train Loss: 0.1678367 Vali Loss: 0.1468760 Test Loss: 0.1700882
Validation loss decreased (0.147711 --> 0.146876).  Saving model ...
Updating learning rate to 0.004998285470392995
	iters: 100, epoch: 13 | loss: 0.1709123
	speed: 1.0931s/iter; left time: 4841.4511s
	iters: 200, epoch: 13 | loss: 0.1579501
	speed: 0.4840s/iter; left time: 2095.1927s
	iters: 300, epoch: 13 | loss: 0.1817057
	speed: 0.4847s/iter; left time: 2049.6341s
	iters: 400, epoch: 13 | loss: 0.1606504
	speed: 0.4861s/iter; left time: 2007.1934s
	iters: 500, epoch: 13 | loss: 0.1534322
	speed: 0.4847s/iter; left time: 1952.7865s
Epoch: 13 cost time: 274.33261466026306
Epoch: 13, Steps: 566 | Train Loss: 0.1670690 Vali Loss: 0.1473386 Test Loss: 0.1705797
EarlyStopping counter: 1 out of 10
Updating learning rate to 0.004022871149313799
	iters: 100, epoch: 14 | loss: 0.1514447
	speed: 1.0922s/iter; left time: 4219.3400s
	iters: 200, epoch: 14 | loss: 0.1665735
	speed: 0.4846s/iter; left time: 1823.6355s
	iters: 300, epoch: 14 | loss: 0.1669621
	speed: 0.4849s/iter; left time: 1776.2325s
	iters: 400, epoch: 14 | loss: 0.1811418
	speed: 0.4849s/iter; left time: 1727.5332s
	iters: 500, epoch: 14 | loss: 0.1633848
	speed: 0.4850s/iter; left time: 1679.4036s
Epoch: 14 cost time: 274.4529447555542
Epoch: 14, Steps: 566 | Train Loss: 0.1659624 Vali Loss: 0.1446383 Test Loss: 0.1692807
Validation loss decreased (0.146876 --> 0.144638).  Saving model ...
Updating learning rate to 0.003085008110575084
	iters: 100, epoch: 15 | loss: 0.1482383
	speed: 1.0941s/iter; left time: 3607.1542s
	iters: 200, epoch: 15 | loss: 0.1449340
	speed: 0.4849s/iter; left time: 1550.1714s
	iters: 300, epoch: 15 | loss: 0.1455649
	speed: 0.4848s/iter; left time: 1501.2845s
	iters: 400, epoch: 15 | loss: 0.1573651
	speed: 0.4854s/iter; left time: 1454.8205s
	iters: 500, epoch: 15 | loss: 0.1825037
	speed: 0.4844s/iter; left time: 1403.2756s
Epoch: 15 cost time: 274.39918208122253
Epoch: 15, Steps: 566 | Train Loss: 0.1652230 Vali Loss: 0.1451664 Test Loss: 0.1687365
EarlyStopping counter: 1 out of 10
Updating learning rate to 0.0022207379047959287
	iters: 100, epoch: 16 | loss: 0.1642197
	speed: 1.0938s/iter; left time: 2987.0942s
	iters: 200, epoch: 16 | loss: 0.1805279
	speed: 0.4862s/iter; left time: 1279.2857s
	iters: 300, epoch: 16 | loss: 0.1586576
	speed: 0.4854s/iter; left time: 1228.5806s
	iters: 400, epoch: 16 | loss: 0.1537432
	speed: 0.4854s/iter; left time: 1179.9538s
	iters: 500, epoch: 16 | loss: 0.1671711
	speed: 0.4851s/iter; left time: 1130.6552s
Epoch: 16 cost time: 274.7475321292877
Epoch: 16, Steps: 566 | Train Loss: 0.1644872 Vali Loss: 0.1441843 Test Loss: 0.1685707
Validation loss decreased (0.144638 --> 0.144184).  Saving model ...
Updating learning rate to 0.001463273951296111
	iters: 100, epoch: 17 | loss: 0.1567478
	speed: 1.0939s/iter; left time: 2368.2267s
	iters: 200, epoch: 17 | loss: 0.1589093
	speed: 0.4851s/iter; left time: 1001.7384s
	iters: 300, epoch: 17 | loss: 0.1635799
	speed: 0.4863s/iter; left time: 955.5108s
	iters: 400, epoch: 17 | loss: 0.1880022
	speed: 0.4848s/iter; left time: 904.1951s
	iters: 500, epoch: 17 | loss: 0.1996214
	speed: 0.4860s/iter; left time: 857.8614s
Epoch: 17 cost time: 274.7476010322571
Epoch: 17, Steps: 566 | Train Loss: 0.1637170 Vali Loss: 0.1437345 Test Loss: 0.1680288
Validation loss decreased (0.144184 --> 0.143734).  Saving model ...
Updating learning rate to 0.000841725165017947
	iters: 100, epoch: 18 | loss: 0.1687926
	speed: 1.0943s/iter; left time: 1749.8175s
	iters: 200, epoch: 18 | loss: 0.1712255
	speed: 0.4866s/iter; left time: 729.4192s
	iters: 300, epoch: 18 | loss: 0.1614170
	speed: 0.4860s/iter; left time: 679.8874s
	iters: 400, epoch: 18 | loss: 0.1547962
	speed: 0.4855s/iter; left time: 630.6215s
	iters: 500, epoch: 18 | loss: 0.1542643
	speed: 0.4857s/iter; left time: 582.3344s
Epoch: 18 cost time: 274.9312732219696
Epoch: 18, Steps: 566 | Train Loss: 0.1631601 Vali Loss: 0.1430797 Test Loss: 0.1679887
Validation loss decreased (0.143734 --> 0.143080).  Saving model ...
Updating learning rate to 0.0003799773172495354
	iters: 100, epoch: 19 | loss: 0.1766804
	speed: 1.0935s/iter; left time: 1129.6101s
	iters: 200, epoch: 19 | loss: 0.1558356
	speed: 0.4853s/iter; left time: 452.7800s
	iters: 300, epoch: 19 | loss: 0.1654838
	speed: 0.4854s/iter; left time: 404.3030s
	iters: 400, epoch: 19 | loss: 0.1569092
	speed: 0.4856s/iter; left time: 355.9680s
	iters: 500, epoch: 19 | loss: 0.1893096
	speed: 0.4860s/iter; left time: 307.6540s
Epoch: 19 cost time: 274.8231739997864
Epoch: 19, Steps: 566 | Train Loss: 0.1627406 Vali Loss: 0.1432148 Test Loss: 0.1681518
EarlyStopping counter: 1 out of 10
Updating learning rate to 9.577511882943689e-05
	iters: 100, epoch: 20 | loss: 0.1822216
	speed: 1.0948s/iter; left time: 511.2665s
	iters: 200, epoch: 20 | loss: 0.1578837
	speed: 0.4858s/iter; left time: 178.2825s
	iters: 300, epoch: 20 | loss: 0.1683458
	speed: 0.4868s/iter; left time: 129.9640s
	iters: 400, epoch: 20 | loss: 0.1653677
	speed: 0.4870s/iter; left time: 81.3336s
	iters: 500, epoch: 20 | loss: 0.1614234
	speed: 0.4869s/iter; left time: 32.6194s
Epoch: 20 cost time: 275.26745867729187
Epoch: 20, Steps: 566 | Train Loss: 0.1625371 Vali Loss: 0.1433524 Test Loss: 0.1680342
EarlyStopping counter: 2 out of 10
Updating learning rate to 4.030086050820826e-08
>>>>>>>testing : long_term_forecast_Electricity_96_192_none_TimeMixer_custom_sl96_pl192_dm16_nh8_el2_dl1_df32_fc3_ebtimeF_dtTrue_test_0<<<<<<<<<<<<<<<<<<<<<<<<<<<<<<<<<
test 5069
mse:0.16799068450927734, mae:0.257819801568985
