Args in experiment:
Namespace(activation='gelu', anomaly_ratio=0.25, batch_size=32, c_out=321, channel_independence=1, checkpoints='./checkpoints/', comment='none', d_ff=32, d_layers=1, d_model=16, data='custom', data_path='electricity.csv', dec_in=321, decomp_method='moving_avg', des='test', devices='0,1', distil=True, down_sampling_layers=3, down_sampling_method='avg', down_sampling_window=2, drop_last=True, dropout=0.1, e_layers=2, embed='timeF', enc_in=321, factor=3, features='M', freq='h', gpu=0, inverse=False, is_training=1, itr=1, label_len=0, learning_rate=0.01, loss='MSE', lradj='TST', mask_rate=0.125, model='TimeMixer', model_id='Electricity_96_336', moving_avg=25, n_heads=8, num_kernels=6, num_workers=0, output_attention=False, p_hidden_dims=[128, 128], p_hidden_layers=2, patience=10, pct_start=0.2, pred_len=336, root_path='<workspace>\\dataset\\electricity', seasonal_patterns='Monthly', seq_len=96, target='OT', task_name='long_term_forecast', top_k=5, train_epochs=20, use_amp=False, use_future_temporal_feature=0, use_gpu=True, use_multi_gpu=False, use_norm=1)
Use GPU: cuda:0
>>>>>>>start training : long_term_forecast_Electricity_96_336_none_TimeMixer_custom_sl96_pl336_dm16_nh8_el2_dl1_df32_fc3_ebtimeF_dtTrue_test_0>>>>>>>>>>>>>>>>>>>>>>>>>>
train 17981
val 2297
test 4925
	iters: 100, epoch: 1 | loss: 0.3819702
	speed: 1.4431s/iter; left time: 16048.2020s
	iters: 200, epoch: 1 | loss: 0.3021125
	speed: 1.4282s/iter; left time: 15739.6520s
	iters: 300, epoch: 1 | loss: 0.2500597
	speed: 1.4308s/iter; left time: 15625.4681s
	iters: 400, epoch: 1 | loss: 0.2611651
	speed: 1.4307s/iter; left time: 15481.4317s
	iters: 500, epoch: 1 | loss: 0.2376858
	speed: 1.4281s/iter; left time: 15310.5161s
Epoch: 1 cost time: 803.8196706771851
Epoch: 1, Steps: 561 | Train Loss: 0.3627095 Vali Loss: 0.2002122 Test Loss: 0.2249765
Validation loss decreased (inf --> 0.200212).  Saving model ...
Updating learning rate to 0.0018070761245881257
	iters: 100, epoch: 2 | loss: 0.2393721
	speed: 2.8982s/iter; left time: 30605.4281s
	iters: 200, epoch: 2 | loss: 0.2142083
	speed: 1.4304s/iter; left time: 14962.4012s
	iters: 300, epoch: 2 | loss: 0.2173776
	speed: 1.4304s/iter; left time: 14818.9992s
	iters: 400, epoch: 2 | loss: 0.2292469
	speed: 1.4310s/iter; left time: 14681.8842s
	iters: 500, epoch: 2 | loss: 0.2194972
	speed: 1.4321s/iter; left time: 14550.0049s
Epoch: 2 cost time: 803.1370341777802
Epoch: 2, Steps: 561 | Train Loss: 0.2214035 Vali Loss: 0.1795243 Test Loss: 0.2021476
Validation loss decreased (0.200212 --> 0.179524).  Saving model ...
Updating learning rate to 0.005203361489858366
	iters: 100, epoch: 3 | loss: 0.2161422
	speed: 2.9057s/iter; left time: 29054.5417s
	iters: 200, epoch: 3 | loss: 0.2007722
	speed: 1.4346s/iter; left time: 14200.6799s
	iters: 300, epoch: 3 | loss: 0.2064423
	speed: 1.4351s/iter; left time: 14062.6426s
	iters: 400, epoch: 3 | loss: 0.1988789
	speed: 1.4335s/iter; left time: 13903.9293s
	iters: 500, epoch: 3 | loss: 0.1843341
	speed: 1.4369s/iter; left time: 13793.2708s
Epoch: 3 cost time: 804.805083990097
Epoch: 3, Steps: 561 | Train Loss: 0.2073524 Vali Loss: 0.1720831 Test Loss: 0.1957368
Validation loss decreased (0.179524 --> 0.172083).  Saving model ...
Updating learning rate to 0.00859767607507746
	iters: 100, epoch: 4 | loss: 0.2064379
	speed: 2.9113s/iter; left time: 27477.0010s
	iters: 200, epoch: 4 | loss: 0.1988652
	speed: 1.4409s/iter; left time: 13455.1100s
	iters: 300, epoch: 4 | loss: 0.2057460
	speed: 1.4386s/iter; left time: 13289.5182s
	iters: 400, epoch: 4 | loss: 0.2105561
	speed: 1.4374s/iter; left time: 13134.5670s
	iters: 500, epoch: 4 | loss: 0.1839904
	speed: 1.4415s/iter; left time: 13028.0511s
Epoch: 4 cost time: 807.6295657157898
Epoch: 4, Steps: 561 | Train Loss: 0.2023136 Vali Loss: 0.1716878 Test Loss: 0.1938443
Validation loss decreased (0.172083 --> 0.171688).  Saving model ...
Updating learning rate to 0.00999999969375266
	iters: 100, epoch: 5 | loss: 0.1911313
	speed: 2.9155s/iter; left time: 25880.4996s
	iters: 200, epoch: 5 | loss: 0.1933146
	speed: 1.4504s/iter; left time: 12730.0013s
	iters: 300, epoch: 5 | loss: 0.1802966
	speed: 1.4446s/iter; left time: 12535.1308s
	iters: 400, epoch: 5 | loss: 0.1825180
	speed: 1.4483s/iter; left time: 12421.8060s
	iters: 500, epoch: 5 | loss: 0.1952190
	speed: 1.4456s/iter; left time: 12254.1611s
Epoch: 5 cost time: 810.9441876411438
Epoch: 5, Steps: 561 | Train Loss: 0.1995468 Vali Loss: 0.1677658 Test Loss: 0.1922606
Validation loss decreased (0.171688 --> 0.167766).  Saving model ...
Updating learning rate to 0.009903585080055092
	iters: 100, epoch: 6 | loss: 0.2156400
	speed: 2.9246s/iter; left time: 24320.6129s
	iters: 200, epoch: 6 | loss: 0.1898000
	speed: 1.4422s/iter; left time: 11848.8953s
	iters: 300, epoch: 6 | loss: 0.1943110
	speed: 1.4456s/iter; left time: 11732.6074s
	iters: 400, epoch: 6 | loss: 0.1826754
	speed: 1.4441s/iter; left time: 11576.2402s
	iters: 500, epoch: 6 | loss: 0.2142764
	speed: 1.4560s/iter; left time: 11526.0862s
Epoch: 6 cost time: 813.0343644618988
Epoch: 6, Steps: 561 | Train Loss: 0.1976500 Vali Loss: 0.1683460 Test Loss: 0.1949213
EarlyStopping counter: 1 out of 10
Updating learning rate to 0.009618729210281984
	iters: 100, epoch: 7 | loss: 0.1995672
	speed: 2.9506s/iter; left time: 22881.9490s
	iters: 200, epoch: 7 | loss: 0.1989361
	speed: 1.4770s/iter; left time: 11306.1355s
	iters: 300, epoch: 7 | loss: 0.1646598
	speed: 1.4806s/iter; left time: 11185.6537s
	iters: 400, epoch: 7 | loss: 0.1793779
	speed: 1.4817s/iter; left time: 11046.2263s
	iters: 500, epoch: 7 | loss: 0.1693985
	speed: 1.4811s/iter; left time: 10893.5046s
Epoch: 7 cost time: 827.6279616355896
Epoch: 7, Steps: 561 | Train Loss: 0.1961695 Vali Loss: 0.1680911 Test Loss: 0.1907856
EarlyStopping counter: 2 out of 10
Updating learning rate to 0.009156378935759704
	iters: 100, epoch: 8 | loss: 0.1732417
	speed: 2.9704s/iter; left time: 21369.3451s
	iters: 200, epoch: 8 | loss: 0.1739846
	speed: 1.4846s/iter; left time: 10531.4628s
	iters: 300, epoch: 8 | loss: 0.1935838
	speed: 1.4880s/iter; left time: 10407.0930s
	iters: 400, epoch: 8 | loss: 0.2010888
	speed: 1.4857s/iter; left time: 10242.5722s
	iters: 500, epoch: 8 | loss: 0.2049926
	speed: 1.4857s/iter; left time: 10094.1149s
Epoch: 8 cost time: 831.5951445102692
Epoch: 8, Steps: 561 | Train Loss: 0.1951121 Vali Loss: 0.1661306 Test Loss: 0.1892875
Validation loss decreased (0.167766 --> 0.166131).  Saving model ...
Updating learning rate to 0.008534302118249126
	iters: 100, epoch: 9 | loss: 0.2023097
	speed: 2.9807s/iter; left time: 19771.0589s
	iters: 200, epoch: 9 | loss: 0.2243590
	speed: 1.4903s/iter; left time: 9736.1192s
	iters: 300, epoch: 9 | loss: 0.1936865
	speed: 1.4935s/iter; left time: 9607.4945s
	iters: 400, epoch: 9 | loss: 0.1842055
	speed: 1.4901s/iter; left time: 9436.7439s
	iters: 500, epoch: 9 | loss: 0.1878695
	speed: 1.5013s/iter; left time: 9357.7173s
Epoch: 9 cost time: 835.6626615524292
Epoch: 9, Steps: 561 | Train Loss: 0.1940405 Vali Loss: 0.1661034 Test Loss: 0.1886280
Validation loss decreased (0.166131 --> 0.166103).  Saving model ...
Updating learning rate to 0.0077764048209824806
	iters: 100, epoch: 10 | loss: 0.1826187
	speed: 2.9991s/iter; left time: 18210.5777s
	iters: 200, epoch: 10 | loss: 0.1841481
	speed: 1.4998s/iter; left time: 8956.9947s
	iters: 300, epoch: 10 | loss: 0.1752963
	speed: 1.5030s/iter; left time: 8825.6457s
	iters: 400, epoch: 10 | loss: 0.2280912
	speed: 1.4978s/iter; left time: 8645.0625s
	iters: 500, epoch: 10 | loss: 0.1873422
	speed: 1.5015s/iter; left time: 8516.2379s
Epoch: 10 cost time: 840.3885197639465
Epoch: 10, Steps: 561 | Train Loss: 0.1927746 Vali Loss: 0.1653482 Test Loss: 0.1894441
Validation loss decreased (0.166103 --> 0.165348).  Saving model ...
Updating learning rate to 0.006911812612060022
	iters: 100, epoch: 11 | loss: 0.1915323
	speed: 3.0298s/iter; left time: 16697.1766s
	iters: 200, epoch: 11 | loss: 0.1943961
	speed: 1.5060s/iter; left time: 8148.7915s
	iters: 300, epoch: 11 | loss: 0.2024212
	speed: 1.5035s/iter; left time: 7984.8465s
	iters: 400, epoch: 11 | loss: 0.1859645
	speed: 1.5028s/iter; left time: 7830.8475s
	iters: 500, epoch: 11 | loss: 0.1871438
	speed: 1.5128s/iter; left time: 7732.0075s
Epoch: 11 cost time: 845.2065322399139
Epoch: 11, Steps: 561 | Train Loss: 0.1919540 Vali Loss: 0.1645856 Test Loss: 0.1876718
Validation loss decreased (0.165348 --> 0.164586).  Saving model ...
Updating learning rate to 0.005973751285201747
	iters: 100, epoch: 12 | loss: 0.1771248
	speed: 3.0277s/iter; left time: 14987.0219s
	iters: 200, epoch: 12 | loss: 0.1927312
	speed: 1.5137s/iter; left time: 7341.3040s
	iters: 300, epoch: 12 | loss: 0.1983634
	speed: 1.5126s/iter; left time: 7184.7001s
	iters: 400, epoch: 12 | loss: 0.1854423
	speed: 1.5115s/iter; left time: 7028.6293s
	iters: 500, epoch: 12 | loss: 0.1783975
	speed: 1.5143s/iter; left time: 6889.9632s
Epoch: 12 cost time: 847.1640677452087
Epoch: 12, Steps: 561 | Train Loss: 0.1906300 Vali Loss: 0.1639138 Test Loss: 0.1878373
Validation loss decreased (0.164586 --> 0.163914).  Saving model ...
Updating learning rate to 0.004998270011127964
	iters: 100, epoch: 13 | loss: 0.2005151
	speed: 3.0370s/iter; left time: 13329.4070s
	iters: 200, epoch: 13 | loss: 0.1760303
	speed: 1.5114s/iter; left time: 6482.3457s
	iters: 300, epoch: 13 | loss: 0.1847387
	speed: 1.5131s/iter; left time: 6338.2701s
	iters: 400, epoch: 13 | loss: 0.1755247
	speed: 1.5135s/iter; left time: 6188.6270s
	iters: 500, epoch: 13 | loss: 0.1823849
	speed: 1.5125s/iter; left time: 6033.3498s
Epoch: 13 cost time: 848.2875595092773
Epoch: 13, Steps: 561 | Train Loss: 0.1897338 Vali Loss: 0.1625096 Test Loss: 0.1868406
Validation loss decreased (0.163914 --> 0.162510).  Saving model ...
Updating learning rate to 0.00402285598814513
	iters: 100, epoch: 14 | loss: 0.1939853
	speed: 3.0438s/iter; left time: 11651.7985s
	iters: 200, epoch: 14 | loss: 0.1857096
	speed: 1.5127s/iter; left time: 5639.1978s
	iters: 300, epoch: 14 | loss: 0.1873675
	speed: 1.5126s/iter; left time: 5487.5922s
	iters: 400, epoch: 14 | loss: 0.1845762
	speed: 1.5126s/iter; left time: 5336.4373s
	iters: 500, epoch: 14 | loss: 0.1747409
	speed: 1.5115s/iter; left time: 5181.2936s
Epoch: 14 cost time: 848.1348786354065
Epoch: 14, Steps: 561 | Train Loss: 0.1888232 Vali Loss: 0.1620253 Test Loss: 0.1869770
Validation loss decreased (0.162510 --> 0.162025).  Saving model ...
Updating learning rate to 0.0030849938301379855
	iters: 100, epoch: 15 | loss: 0.1967081
	speed: 3.0735s/iter; left time: 10041.0049s
	iters: 200, epoch: 15 | loss: 0.1981294
	speed: 1.5129s/iter; left time: 4791.2444s
	iters: 300, epoch: 15 | loss: 0.1684482
	speed: 1.5186s/iter; left time: 4657.5658s
	iters: 400, epoch: 15 | loss: 0.1788412
	speed: 1.5130s/iter; left time: 4488.9780s
	iters: 500, epoch: 15 | loss: 0.1981483
	speed: 1.5129s/iter; left time: 4337.4756s
Epoch: 15 cost time: 851.7180342674255
Epoch: 15, Steps: 561 | Train Loss: 0.1878397 Vali Loss: 0.1619336 Test Loss: 0.1870157
Validation loss decreased (0.162025 --> 0.161934).  Saving model ...
Updating learning rate to 0.0022207250538795907
	iters: 100, epoch: 16 | loss: 0.1776043
	speed: 3.0465s/iter; left time: 8243.7634s
	iters: 200, epoch: 16 | loss: 0.1909499
	speed: 1.5175s/iter; left time: 3954.5884s
	iters: 300, epoch: 16 | loss: 0.1853023
	speed: 1.5192s/iter; left time: 3807.1702s
	iters: 400, epoch: 16 | loss: 0.1824471
	speed: 1.5127s/iter; left time: 3639.6523s
	iters: 500, epoch: 16 | loss: 0.1905290
	speed: 1.5133s/iter; left time: 3489.6257s
Epoch: 16 cost time: 849.7131826877594
Epoch: 16, Steps: 561 | Train Loss: 0.1868029 Vali Loss: 0.1609120 Test Loss: 0.1874157
Validation loss decreased (0.161934 --> 0.160912).  Saving model ...
Updating learning rate to 0.0014632630237540385
	iters: 100, epoch: 17 | loss: 0.1927663
	speed: 3.0519s/iter; left time: 6546.3149s
	iters: 200, epoch: 17 | loss: 0.1839201
	speed: 1.5120s/iter; left time: 3092.0981s
	iters: 300, epoch: 17 | loss: 0.1948054
	speed: 1.5199s/iter; left time: 2956.2566s
	iters: 400, epoch: 17 | loss: 0.1703876
	speed: 1.5164s/iter; left time: 2797.8493s
	iters: 500, epoch: 17 | loss: 0.1818221
	speed: 1.5175s/iter; left time: 2647.9740s
Epoch: 17 cost time: 850.9265208244324
Epoch: 17, Steps: 561 | Train Loss: 0.1860494 Vali Loss: 0.1610135 Test Loss: 0.1874033
EarlyStopping counter: 1 out of 10
Updating learning rate to 0.0008417165807894585
	iters: 100, epoch: 18 | loss: 0.1931428
	speed: 3.0627s/iter; left time: 4851.3298s
	iters: 200, epoch: 18 | loss: 0.1715546
	speed: 1.5314s/iter; left time: 2272.6496s
	iters: 300, epoch: 18 | loss: 0.1685662
	speed: 1.5157s/iter; left time: 2097.7416s
	iters: 400, epoch: 18 | loss: 0.1811921
	speed: 1.5224s/iter; left time: 1954.7476s
	iters: 500, epoch: 18 | loss: 0.2013707
	speed: 1.5227s/iter; left time: 1802.8751s
Epoch: 18 cost time: 854.7163121700287
Epoch: 18, Steps: 561 | Train Loss: 0.1853735 Vali Loss: 0.1605464 Test Loss: 0.1855649
Validation loss decreased (0.160912 --> 0.160546).  Saving model ...
Updating learning rate to 0.0003799714062217135
	iters: 100, epoch: 19 | loss: 0.1954961
	speed: 3.0837s/iter; left time: 3154.5845s
	iters: 200, epoch: 19 | loss: 0.1866122
	speed: 1.5339s/iter; left time: 1415.8304s
	iters: 300, epoch: 19 | loss: 0.1674630
	speed: 1.7055s/iter; left time: 1403.6213s
	iters: 400, epoch: 19 | loss: 0.1877914
	speed: 1.4862s/iter; left time: 1074.5240s
	iters: 500, epoch: 19 | loss: 0.1639082
	speed: 1.4818s/iter; left time: 923.1739s
Epoch: 19 cost time: 865.8016970157623
Epoch: 19, Steps: 561 | Train Loss: 0.1849521 Vali Loss: 0.1602699 Test Loss: 0.1849130
Validation loss decreased (0.160546 --> 0.160270).  Saving model ...
Updating learning rate to 9.577210815976846e-05
	iters: 100, epoch: 20 | loss: 0.1781332
	speed: 3.0433s/iter; left time: 1406.0127s
	iters: 200, epoch: 20 | loss: 0.1838491
	speed: 1.5090s/iter; left time: 546.2447s
	iters: 300, epoch: 20 | loss: 0.1903842
	speed: 1.5101s/iter; left time: 395.6498s
	iters: 400, epoch: 20 | loss: 0.1909855
	speed: 1.5079s/iter; left time: 244.2720s
	iters: 500, epoch: 20 | loss: 0.1654756
	speed: 1.5105s/iter; left time: 93.6524s
Epoch: 20 cost time: 846.5916872024536
Epoch: 20, Steps: 561 | Train Loss: 0.1846160 Vali Loss: 0.1601384 Test Loss: 0.1852795
Validation loss decreased (0.160270 --> 0.160138).  Saving model ...
Updating learning rate to 4.030624733984659e-08
>>>>>>>testing : long_term_forecast_Electricity_96_336_none_TimeMixer_custom_sl96_pl336_dm16_nh8_el2_dl1_df32_fc3_ebtimeF_dtTrue_test_0<<<<<<<<<<<<<<<<<<<<<<<<<<<<<<<<<
test 4925
mse:0.18527983129024506, mae:0.27591362595558167
