Args in experiment:
Namespace(task_name='long_term_forecast', is_training=1, model_id='ETTh1_96_96', model='TimeMixer', data='ETTh1', root_path='<workspace>\\dataset\\ETT-small', data_path='ETTh1.csv', features='M', target='OT', freq='h', checkpoints='./checkpoints/', seq_len=96, label_len=0, pred_len=96, seasonal_patterns='Monthly', inverse=False, top_k=5, num_kernels=6, enc_in=7, dec_in=7, c_out=7, d_model=16, n_heads=8, e_layers=2, d_layers=1, d_ff=32, moving_avg=25, factor=1, distil=True, dropout=0.1, embed='timeF', activation='gelu', output_attention=False, channel_independence=1, decomp_method='moving_avg', use_norm=1, down_sampling_layers=3, down_sampling_window=2, down_sampling_method='avg', use_future_temporal_feature=0, mask_rate=0.125, anomaly_ratio=0.25, num_workers=0, itr=1, train_epochs=10, batch_size=128, patience=10, learning_rate=0.01, des='test', loss='MSE', drop_last=True, lradj='TST', pct_start=0.2, use_amp=False, comment='none', use_gpu=True, gpu=0, use_multi_gpu=False, devices='0,1', p_hidden_dims=[128, 128], p_hidden_layers=2)
Use GPU: cuda:0
>>>>>>>start training : long_term_forecast_ETTh1_96_96_none_TimeMixer_ETTh1_sl96_pl96_dm16_nh8_el2_dl1_df32_fc1_ebtimeF_dtTrue_test_0>>>>>>>>>>>>>>>>>>>>>>>>>>
train 8449
val 2785
test 2785
Epoch: 1 cost time: 5.921550273895264
Epoch: 1, Steps: 66 | Train Loss: 0.4890653 Vali Loss: 0.7329363 Test Loss: 0.4051656
Validation loss decreased (inf --> 0.732936).  Saving model ...
Updating learning rate to 0.005257554516726605
Epoch: 2 cost time: 5.199319362640381
Epoch: 2, Steps: 66 | Train Loss: 0.3669614 Vali Loss: 0.6920051 Test Loss: 0.3857944
Validation loss decreased (0.732936 --> 0.692005).  Saving model ...
Updating learning rate to 0.009999911494779062
Epoch: 3 cost time: 5.1187825202941895
Epoch: 3, Steps: 66 | Train Loss: 0.3518044 Vali Loss: 0.7024951 Test Loss: 0.3900330
EarlyStopping counter: 1 out of 10
Updating learning rate to 0.009607932724027022
Epoch: 4 cost time: 4.821054458618164
Epoch: 4, Steps: 66 | Train Loss: 0.3414788 Vali Loss: 0.7213317 Test Loss: 0.3737183
EarlyStopping counter: 2 out of 10
Updating learning rate to 0.008514441011874726
Epoch: 5 cost time: 3.413623332977295
Epoch: 5, Steps: 66 | Train Loss: 0.3343496 Vali Loss: 0.7027741 Test Loss: 0.3796030
EarlyStopping counter: 3 out of 10
Updating learning rate to 0.00688591055897031
Epoch: 6 cost time: 3.376131534576416
Epoch: 6, Steps: 66 | Train Loss: 0.3250490 Vali Loss: 0.7083412 Test Loss: 0.3759411
EarlyStopping counter: 4 out of 10
Updating learning rate to 0.004970270364103151
Epoch: 7 cost time: 4.476404666900635
Epoch: 7, Steps: 66 | Train Loss: 0.3153594 Vali Loss: 0.7102596 Test Loss: 0.3759171
EarlyStopping counter: 5 out of 10
Updating learning rate to 0.0030591592816201674
Epoch: 8 cost time: 5.105327367782593
Epoch: 8, Steps: 66 | Train Loss: 0.3064284 Vali Loss: 0.7003884 Test Loss: 0.3781829
EarlyStopping counter: 6 out of 10
Updating learning rate to 0.00144352664956429
Epoch: 9 cost time: 5.095423698425293
Epoch: 9, Steps: 66 | Train Loss: 0.2997193 Vali Loss: 0.7070587 Test Loss: 0.3770165
EarlyStopping counter: 7 out of 10
Updating learning rate to 0.0003693378904197436
Epoch: 10 cost time: 5.109058618545532
Epoch: 10, Steps: 66 | Train Loss: 0.2958533 Vali Loss: 0.7097912 Test Loss: 0.3784356
EarlyStopping counter: 8 out of 10
Updating learning rate to 1.2850522093768517e-07
>>>>>>>testing : long_term_forecast_ETTh1_96_96_none_TimeMixer_ETTh1_sl96_pl96_dm16_nh8_el2_dl1_df32_fc1_ebtimeF_dtTrue_test_0<<<<<<<<<<<<<<<<<<<<<<<<<<<<<<<<<
test 2785
mse:0.38579440116882324, mae:0.4020993709564209
