Args in experiment:
Namespace(task_name='long_term_forecast', is_training=1, model_id='ETTh2_96_192', model='TimeMixer', data='ETTh2', root_path='C:\\Users\\bbbal\\OneDrive\\Masaüstü\\timemixer\\dataset\\ETT-small', data_path='ETTh2.csv', features='M', target='OT', freq='h', checkpoints='./checkpoints/', seq_len=96, label_len=0, pred_len=192, seasonal_patterns='Monthly', inverse=False, top_k=5, num_kernels=6, enc_in=7, dec_in=7, c_out=7, d_model=16, n_heads=8, e_layers=2, d_layers=1, d_ff=32, moving_avg=25, factor=1, distil=True, dropout=0.1, embed='timeF', activation='gelu', output_attention=False, channel_independence=1, decomp_method='moving_avg', use_norm=1, down_sampling_layers=3, down_sampling_window=2, down_sampling_method='avg', use_future_temporal_feature=0, mask_rate=0.125, anomaly_ratio=0.25, num_workers=0, itr=1, train_epochs=10, batch_size=128, patience=10, learning_rate=0.01, des='test', loss='MSE', drop_last=True, lradj='TST', pct_start=0.2, use_amp=False, comment='none', use_gpu=True, gpu=0, use_multi_gpu=False, devices='0,1', p_hidden_dims=[128, 128], p_hidden_layers=2)
Use GPU: cuda:0
>>>>>>>start training : long_term_forecast_ETTh2_96_192_none_TimeMixer_ETTh2_sl96_pl192_dm16_nh8_el2_dl1_df32_fc1_ebtimeF_dtTrue_test_0>>>>>>>>>>>>>>>>>>>>>>>>>>
train 8353
val 2689
test 2689
Epoch: 1 cost time: 5.793779373168945
Epoch: 1, Steps: 65 | Train Loss: 0.6431005 Vali Loss: 0.2793411 Test Loss: 0.3910957
Validation loss decreased (inf --> 0.279341).  Saving model ...
Updating learning rate to 0.005258446791049588
Epoch: 2 cost time: 5.466048240661621
Epoch: 2, Steps: 65 | Train Loss: 0.5414855 Vali Loss: 0.2838137 Test Loss: 0.3794896
EarlyStopping counter: 1 out of 10
Updating learning rate to 0.00999990875060186
Epoch: 3 cost time: 5.459186553955078
Epoch: 3, Steps: 65 | Train Loss: 0.5181669 Vali Loss: 0.2862911 Test Loss: 0.3744765
EarlyStopping counter: 2 out of 10
Updating learning rate to 0.009607755041733074
Epoch: 4 cost time: 4.668987512588501
Epoch: 4, Steps: 65 | Train Loss: 0.4903391 Vali Loss: 0.2995214 Test Loss: 0.3817289
EarlyStopping counter: 3 out of 10
Updating learning rate to 0.008514115441982592
Epoch: 5 cost time: 5.460217237472534
Epoch: 5, Steps: 65 | Train Loss: 0.4666885 Vali Loss: 0.2908758 Test Loss: 0.3768564
EarlyStopping counter: 4 out of 10
Updating learning rate to 0.006885486666544769
Epoch: 6 cost time: 5.471203088760376
Epoch: 6, Steps: 65 | Train Loss: 0.4347975 Vali Loss: 0.2927557 Test Loss: 0.3821523
EarlyStopping counter: 5 out of 10
Updating learning rate to 0.004969812682923398
Epoch: 7 cost time: 5.469710350036621
Epoch: 7, Steps: 65 | Train Loss: 0.4081779 Vali Loss: 0.3022587 Test Loss: 0.3801640
EarlyStopping counter: 6 out of 10
Updating learning rate to 0.0030587374894969284
Epoch: 8 cost time: 4.7112720012664795
Epoch: 8, Steps: 65 | Train Loss: 0.3892425 Vali Loss: 0.2972354 Test Loss: 0.3771811
EarlyStopping counter: 7 out of 10
Updating learning rate to 0.0014432049605247726
Epoch: 9 cost time: 4.642878770828247
Epoch: 9, Steps: 65 | Train Loss: 0.3735552 Vali Loss: 0.2990225 Test Loss: 0.3797840
EarlyStopping counter: 8 out of 10
Updating learning rate to 0.0003691652787040974
Epoch: 10 cost time: 3.751479148864746
Epoch: 10, Steps: 65 | Train Loss: 0.3684893 Vali Loss: 0.3018148 Test Loss: 0.3807057
EarlyStopping counter: 9 out of 10
Updating learning rate to 1.3124939813929322e-07
>>>>>>>testing : long_term_forecast_ETTh2_96_192_none_TimeMixer_ETTh2_sl96_pl192_dm16_nh8_el2_dl1_df32_fc1_ebtimeF_dtTrue_test_0<<<<<<<<<<<<<<<<<<<<<<<<<<<<<<<<<
test 2689
mse:0.3910958468914032, mae:0.40828025341033936
