Args in experiment:
Namespace(task_name='long_term_forecast', is_training=1, model_id='ETTh2_96_336', model='TimeMixer', data='ETTh2', root_path='C:\\Users\\bbbal\\OneDrive\\Masaüstü\\timemixer\\dataset\\ETT-small', data_path='ETTh2.csv', features='M', target='OT', freq='h', checkpoints='./checkpoints/', seq_len=96, label_len=0, pred_len=336, seasonal_patterns='Monthly', inverse=False, top_k=5, num_kernels=6, enc_in=7, dec_in=7, c_out=7, d_model=16, n_heads=8, e_layers=2, d_layers=1, d_ff=32, moving_avg=25, factor=1, distil=True, dropout=0.1, embed='timeF', activation='gelu', output_attention=False, channel_independence=1, decomp_method='moving_avg', use_norm=1, down_sampling_layers=3, down_sampling_window=2, down_sampling_method='avg', use_future_temporal_feature=0, mask_rate=0.125, anomaly_ratio=0.25, num_workers=0, itr=1, train_epochs=10, batch_size=128, patience=10, learning_rate=0.01, des='test', loss='MSE', drop_last=True, lradj='TST', pct_start=0.2, use_amp=False, comment='none', use_gpu=True, gpu=0, use_multi_gpu=False, devices='0,1', p_hidden_dims=[128, 128], p_hidden_layers=2)
Use GPU: cuda:0
>>>>>>>start training : long_term_forecast_ETTh2_96_336_none_TimeMixer_ETTh2_sl96_pl336_dm16_nh8_el2_dl1_df32_fc1_ebtimeF_dtTrue_test_0>>>>>>>>>>>>>>>>>>>>>>>>>>
train 8209
val 2545
test 2545
Epoch: 1 cost time: 6.338527679443359
Epoch: 1, Steps: 64 | Train Loss: 0.8006444 Vali Loss: 0.3747279 Test Loss: 0.3865188
Validation loss decreased (inf --> 0.374728).  Saving model ...
Updating learning rate to 0.005259367166384142
Epoch: 2 cost time: 5.754863500595093
Epoch: 2, Steps: 64 | Train Loss: 0.6472143 Vali Loss: 0.3766879 Test Loss: 0.3913770
EarlyStopping counter: 1 out of 10
Updating learning rate to 0.0099999058767895
Epoch: 3 cost time: 5.0667102336883545
Epoch: 3, Steps: 64 | Train Loss: 0.6173984 Vali Loss: 0.3764873 Test Loss: 0.3910884
EarlyStopping counter: 2 out of 10
Updating learning rate to 0.009607571766429422
Epoch: 4 cost time: 5.830984830856323
Epoch: 4, Steps: 64 | Train Loss: 0.5866114 Vali Loss: 0.3889342 Test Loss: 0.4113033
EarlyStopping counter: 3 out of 10
Updating learning rate to 0.008513779667191237
Epoch: 5 cost time: 5.83318305015564
Epoch: 5, Steps: 64 | Train Loss: 0.5657724 Vali Loss: 0.3794850 Test Loss: 0.4138956
EarlyStopping counter: 4 out of 10
Updating learning rate to 0.006885049510933887
Epoch: 6 cost time: 5.811600685119629
Epoch: 6, Steps: 64 | Train Loss: 0.5369015 Vali Loss: 0.3866047 Test Loss: 0.4155695
EarlyStopping counter: 5 out of 10
Updating learning rate to 0.004969340699471921
Epoch: 7 cost time: 5.069709777832031
Epoch: 7, Steps: 64 | Train Loss: 0.5161401 Vali Loss: 0.3754501 Test Loss: 0.4206771
EarlyStopping counter: 6 out of 10
Updating learning rate to 0.0030583025334068033
Epoch: 8 cost time: 5.809603214263916
Epoch: 8, Steps: 64 | Train Loss: 0.4942610 Vali Loss: 0.3869252 Test Loss: 0.4296088
EarlyStopping counter: 7 out of 10
Updating learning rate to 0.0014428732499178322
Epoch: 9 cost time: 5.858672618865967
Epoch: 9, Steps: 64 | Train Loss: 0.4770255 Vali Loss: 0.3884453 Test Loss: 0.4319881
EarlyStopping counter: 8 out of 10
Updating learning rate to 0.00036898731351328584
Epoch: 10 cost time: 5.871984958648682
Epoch: 10, Steps: 64 | Train Loss: 0.4719716 Vali Loss: 0.3877564 Test Loss: 0.4254876
EarlyStopping counter: 9 out of 10
Updating learning rate to 1.3412321050010658e-07
>>>>>>>testing : long_term_forecast_ETTh2_96_336_none_TimeMixer_ETTh2_sl96_pl336_dm16_nh8_el2_dl1_df32_fc1_ebtimeF_dtTrue_test_0<<<<<<<<<<<<<<<<<<<<<<<<<<<<<<<<<
test 2545
mse:0.3865187168121338, mae:0.41484421491622925
