Args in experiment:
Namespace(task_name='long_term_forecast', is_training=1, model_id='ETTh1_96_336', model='TimeMixer', data='ETTh1', root_path='<workspace>\\dataset\\ETT-small', data_path='ETTh1.csv', features='M', target='OT', freq='h', checkpoints='./checkpoints/', seq_len=96, label_len=0, pred_len=336, seasonal_patterns='Monthly', inverse=False, top_k=5, num_kernels=6, enc_in=7, dec_in=7, c_out=7, d_model=16, n_heads=8, e_layers=2, d_layers=1, d_ff=32, moving_avg=25, factor=1, distil=True, dropout=0.1, embed='timeF', activation='gelu', output_attention=False, channel_independence=1, decomp_method='moving_avg', use_norm=1, down_sampling_layers=3, down_sampling_window=2, down_sampling_method='avg', use_future_temporal_feature=0, mask_rate=0.125, anomaly_ratio=0.25, num_workers=0, itr=1, train_epochs=10, batch_size=128, patience=10, learning_rate=0.01, des='test', loss='MSE', drop_last=True, lradj='TST', pct_start=0.2, use_amp=False, comment='none', use_gpu=True, gpu=0, use_multi_gpu=False, devices='0,1', p_hidden_dims=[128, 128], p_hidden_layers=2)
Use GPU: cuda:0
>>>>>>>start training : long_term_forecast_ETTh1_96_336_none_TimeMixer_ETTh1_sl96_pl336_dm16_nh8_el2_dl1_df32_fc1_ebtimeF_dtTrue_test_0>>>>>>>>>>>>>>>>>>>>>>>>>>
train 8209
val 2545
test 2545
Epoch: 1 cost time: 6.391465902328491
Epoch: 1, Steps: 64 | Train Loss: 0.7278919 Vali Loss: 1.3250180 Test Loss: 0.5130898
Validation loss decreased (inf --> 1.325018).  Saving model ...
Updating learning rate to 0.005259367166384142
Epoch: 2 cost time: 5.742406129837036
Epoch: 2, Steps: 64 | Train Loss: 0.4954890 Vali Loss: 1.3326091 Test Loss: 0.5316513
EarlyStopping counter: 1 out of 10
Updating learning rate to 0.0099999058767895
Epoch: 3 cost time: 6.014050006866455
Epoch: 3, Steps: 64 | Train Loss: 0.4782460 Vali Loss: 1.3496813 Test Loss: 0.4973790
EarlyStopping counter: 2 out of 10
Updating learning rate to 0.009607571766429422
Epoch: 4 cost time: 6.092447757720947
Epoch: 4, Steps: 64 | Train Loss: 0.4663567 Vali Loss: 1.3389982 Test Loss: 0.5275501
EarlyStopping counter: 3 out of 10
Updating learning rate to 0.008513779667191237
Epoch: 5 cost time: 5.891616582870483
Epoch: 5, Steps: 64 | Train Loss: 0.4542607 Vali Loss: 1.3367015 Test Loss: 0.4825526
EarlyStopping counter: 4 out of 10
Updating learning rate to 0.006885049510933887
Epoch: 6 cost time: 4.333152770996094
Epoch: 6, Steps: 64 | Train Loss: 0.4418285 Vali Loss: 1.3773116 Test Loss: 0.5037870
EarlyStopping counter: 5 out of 10
Updating learning rate to 0.004969340699471921
Epoch: 7 cost time: 3.4074273109436035
Epoch: 7, Steps: 64 | Train Loss: 0.4271665 Vali Loss: 1.4051545 Test Loss: 0.5077244
EarlyStopping counter: 6 out of 10
Updating learning rate to 0.0030583025334068033
Epoch: 8 cost time: 3.493532419204712
Epoch: 8, Steps: 64 | Train Loss: 0.4153254 Vali Loss: 1.4057172 Test Loss: 0.4950018
EarlyStopping counter: 7 out of 10
Updating learning rate to 0.0014428732499178322
Epoch: 9 cost time: 5.63495135307312
Epoch: 9, Steps: 64 | Train Loss: 0.4057456 Vali Loss: 1.4037663 Test Loss: 0.4971442
EarlyStopping counter: 8 out of 10
Updating learning rate to 0.00036898731351328584
Epoch: 10 cost time: 5.842294216156006
Epoch: 10, Steps: 64 | Train Loss: 0.4015250 Vali Loss: 1.4149307 Test Loss: 0.5048463
EarlyStopping counter: 9 out of 10
Updating learning rate to 1.3412321050010658e-07
>>>>>>>testing : long_term_forecast_ETTh1_96_336_none_TimeMixer_ETTh1_sl96_pl336_dm16_nh8_el2_dl1_df32_fc1_ebtimeF_dtTrue_test_0<<<<<<<<<<<<<<<<<<<<<<<<<<<<<<<<<
test 2545
mse:0.5130897760391235, mae:0.47015881538391113
