Args in experiment:
Namespace(task_name='long_term_forecast', is_training=1, model_id='ETTh2_96_96', model='TimeMixer', data='ETTh2', root_path='<workspace>\\dataset\\ETT-small', data_path='ETTh2.csv', features='M', target='OT', freq='h', checkpoints='./checkpoints/', seq_len=96, label_len=0, pred_len=96, seasonal_patterns='Monthly', inverse=False, top_k=5, num_kernels=6, enc_in=7, dec_in=7, c_out=7, d_model=16, n_heads=8, e_layers=2, d_layers=1, d_ff=32, moving_avg=25, factor=1, distil=True, dropout=0.1, embed='timeF', activation='gelu', output_attention=False, channel_independence=1, decomp_method='moving_avg', use_norm=1, down_sampling_layers=3, down_sampling_window=2, down_sampling_method='avg', use_future_temporal_feature=0, mask_rate=0.125, anomaly_ratio=0.25, num_workers=0, itr=1, train_epochs=10, batch_size=128, patience=10, learning_rate=0.01, des='test', loss='MSE', drop_last=True, lradj='TST', pct_start=0.2, use_amp=False, comment='none', use_gpu=True, gpu=0, use_multi_gpu=False, devices='0,1', p_hidden_dims=[128, 128], p_hidden_layers=2)
Use GPU: cuda:0
>>>>>>>start training : long_term_forecast_ETTh2_96_96_none_TimeMixer_ETTh2_sl96_pl96_dm16_nh8_el2_dl1_df32_fc1_ebtimeF_dtTrue_test_0>>>>>>>>>>>>>>>>>>>>>>>>>>
train 8449
val 2785
test 2785
Epoch: 1 cost time: 5.768691062927246
Epoch: 1, Steps: 66 | Train Loss: 0.4965071 Vali Loss: 0.2170716 Test Loss: 0.2947694
Validation loss decreased (inf --> 0.217072).  Saving model ...
Updating learning rate to 0.005257554516726605
Epoch: 2 cost time: 5.443160772323608
Epoch: 2, Steps: 66 | Train Loss: 0.4180997 Vali Loss: 0.2272832 Test Loss: 0.3005906
EarlyStopping counter: 1 out of 10
Updating learning rate to 0.009999911494779062
Epoch: 3 cost time: 5.364933729171753
Epoch: 3, Steps: 66 | Train Loss: 0.3870142 Vali Loss: 0.2143317 Test Loss: 0.3013345
Validation loss decreased (0.217072 --> 0.214332).  Saving model ...
Updating learning rate to 0.009607932724027022
Epoch: 4 cost time: 5.060461521148682
Epoch: 4, Steps: 66 | Train Loss: 0.3615819 Vali Loss: 0.2252906 Test Loss: 0.2986240
EarlyStopping counter: 1 out of 10
Updating learning rate to 0.008514441011874726
Epoch: 5 cost time: 4.928745746612549
Epoch: 5, Steps: 66 | Train Loss: 0.3326516 Vali Loss: 0.2277779 Test Loss: 0.3080371
EarlyStopping counter: 2 out of 10
Updating learning rate to 0.00688591055897031
Epoch: 6 cost time: 5.349719762802124
Epoch: 6, Steps: 66 | Train Loss: 0.3051083 Vali Loss: 0.2246336 Test Loss: 0.3038168
EarlyStopping counter: 3 out of 10
Updating learning rate to 0.004970270364103151
Epoch: 7 cost time: 5.4007697105407715
Epoch: 7, Steps: 66 | Train Loss: 0.2835139 Vali Loss: 0.2263686 Test Loss: 0.3007378
EarlyStopping counter: 4 out of 10
Updating learning rate to 0.0030591592816201674
Epoch: 8 cost time: 5.256549119949341
Epoch: 8, Steps: 66 | Train Loss: 0.2671625 Vali Loss: 0.2282710 Test Loss: 0.3061268
EarlyStopping counter: 5 out of 10
Updating learning rate to 0.00144352664956429
Epoch: 9 cost time: 4.669495344161987
Epoch: 9, Steps: 66 | Train Loss: 0.2568720 Vali Loss: 0.2287688 Test Loss: 0.3094535
EarlyStopping counter: 6 out of 10
Updating learning rate to 0.0003693378904197436
Epoch: 10 cost time: 5.575638771057129
Epoch: 10, Steps: 66 | Train Loss: 0.2530918 Vali Loss: 0.2306922 Test Loss: 0.3101480
EarlyStopping counter: 7 out of 10
Updating learning rate to 1.2850522093768517e-07
>>>>>>>testing : long_term_forecast_ETTh2_96_96_none_TimeMixer_ETTh2_sl96_pl96_dm16_nh8_el2_dl1_df32_fc1_ebtimeF_dtTrue_test_0<<<<<<<<<<<<<<<<<<<<<<<<<<<<<<<<<
test 2785
mse:0.3013344407081604, mae:0.3511452078819275
