Args in experiment:
Namespace(task_name='long_term_forecast', is_training=1, model_id='ETTm1_96_96', model='TimeMixer', data='ETTm1', root_path='<workspace>\\dataset\\ETT-small', data_path='ETTm1.csv', features='M', target='OT', freq='h', checkpoints='./checkpoints/', seq_len=96, label_len=0, pred_len=96, seasonal_patterns='Monthly', inverse=False, top_k=5, num_kernels=6, enc_in=7, dec_in=7, c_out=7, d_model=16, n_heads=8, e_layers=2, d_layers=1, d_ff=32, moving_avg=25, factor=1, distil=True, dropout=0.1, embed='timeF', activation='gelu', output_attention=False, channel_independence=1, decomp_method='moving_avg', use_norm=1, down_sampling_layers=3, down_sampling_window=2, down_sampling_method='avg', use_future_temporal_feature=0, mask_rate=0.125, anomaly_ratio=0.25, num_workers=0, itr=1, train_epochs=10, batch_size=128, patience=10, learning_rate=0.01, des='test', loss='MSE', drop_last=True, lradj='TST', pct_start=0.2, use_amp=False, comment='none', use_gpu=True, gpu=0, use_multi_gpu=False, devices='0,1', p_hidden_dims=[128, 128], p_hidden_layers=2)
Use GPU: cuda:0
>>>>>>>start training : long_term_forecast_ETTm1_96_96_none_TimeMixer_ETTm1_sl96_pl96_dm16_nh8_el2_dl1_df32_fc1_ebtimeF_dtTrue_test_0>>>>>>>>>>>>>>>>>>>>>>>>>>
train 34369
val 11425
test 11425
	iters: 100, epoch: 1 | loss: 0.3440464
	speed: 0.1128s/iter; left time: 291.0684s
	iters: 200, epoch: 1 | loss: 0.3120268
	speed: 0.0835s/iter; left time: 207.2558s
Epoch: 1 cost time: 22.535975456237793
Epoch: 1, Steps: 268 | Train Loss: 0.3622323 Vali Loss: 0.4155308 Test Loss: 0.3479385
Validation loss decreased (inf --> 0.415531).  Saving model ...
Updating learning rate to 0.005214093105674368
	iters: 100, epoch: 2 | loss: 0.2804129
	speed: 0.1997s/iter; left time: 461.9706s
	iters: 200, epoch: 2 | loss: 0.3125284
	speed: 0.0841s/iter; left time: 186.0538s
Epoch: 2 cost time: 22.199419021606445
Epoch: 2, Steps: 268 | Train Loss: 0.2779129 Vali Loss: 0.3933878 Test Loss: 0.3263975
Validation loss decreased (0.415531 --> 0.393388).  Saving model ...
Updating learning rate to 0.009999994632298245
	iters: 100, epoch: 3 | loss: 0.2426561
	speed: 0.1953s/iter; left time: 399.3539s
	iters: 200, epoch: 3 | loss: 0.2460256
	speed: 0.0841s/iter; left time: 163.6418s
Epoch: 3 cost time: 21.97162890434265
Epoch: 3, Steps: 268 | Train Loss: 0.2619791 Vali Loss: 0.4005569 Test Loss: 0.3203159
EarlyStopping counter: 1 out of 10
Updating learning rate to 0.009616590517319125
	iters: 100, epoch: 4 | loss: 0.2728099
	speed: 0.1795s/iter; left time: 319.0106s
	iters: 200, epoch: 4 | loss: 0.2803913
	speed: 0.0527s/iter; left time: 88.4282s
Epoch: 4 cost time: 15.67782211303711
Epoch: 4, Steps: 268 | Train Loss: 0.2535806 Vali Loss: 0.3986883 Test Loss: 0.3204458
EarlyStopping counter: 2 out of 10
Updating learning rate to 0.008530355390394118
	iters: 100, epoch: 5 | loss: 0.2783247
	speed: 0.1761s/iter; left time: 265.7766s
	iters: 200, epoch: 5 | loss: 0.2301592
	speed: 0.0813s/iter; left time: 114.5953s
Epoch: 5 cost time: 21.251145839691162
Epoch: 5, Steps: 268 | Train Loss: 0.2468354 Vali Loss: 0.4013394 Test Loss: 0.3205282
EarlyStopping counter: 3 out of 10
Updating learning rate to 0.0069066587028516115
	iters: 100, epoch: 6 | loss: 0.2302254
	speed: 0.1885s/iter; left time: 233.9875s
	iters: 200, epoch: 6 | loss: 0.2391506
	speed: 0.0816s/iter; left time: 93.1501s
Epoch: 6 cost time: 21.64449119567871
Epoch: 6, Steps: 268 | Train Loss: 0.2403632 Vali Loss: 0.4093575 Test Loss: 0.3271326
EarlyStopping counter: 4 out of 10
Updating learning rate to 0.004992693556522831
	iters: 100, epoch: 7 | loss: 0.2342587
	speed: 0.1911s/iter; left time: 185.9135s
	iters: 200, epoch: 7 | loss: 0.2360772
	speed: 0.0813s/iter; left time: 71.0109s
Epoch: 7 cost time: 21.831090688705444
Epoch: 7, Steps: 268 | Train Loss: 0.2331159 Vali Loss: 0.4035947 Test Loss: 0.3249426
EarlyStopping counter: 5 out of 10
Updating learning rate to 0.0030798437947990726
	iters: 100, epoch: 8 | loss: 0.2068383
	speed: 0.1911s/iter; left time: 134.7423s
	iters: 200, epoch: 8 | loss: 0.2206426
	speed: 0.0808s/iter; left time: 48.8974s
Epoch: 8 cost time: 21.529038667678833
Epoch: 8, Steps: 268 | Train Loss: 0.2257968 Vali Loss: 0.4153923 Test Loss: 0.3301589
EarlyStopping counter: 6 out of 10
Updating learning rate to 0.0014593234538765095
	iters: 100, epoch: 9 | loss: 0.2248705
	speed: 0.1881s/iter; left time: 82.1850s
	iters: 200, epoch: 9 | loss: 0.2263004
	speed: 0.0817s/iter; left time: 27.5215s
Epoch: 9 cost time: 21.082762956619263
Epoch: 9, Steps: 268 | Train Loss: 0.2195565 Vali Loss: 0.4201487 Test Loss: 0.3328013
EarlyStopping counter: 7 out of 10
Updating learning rate to 0.0003778420656071321
	iters: 100, epoch: 10 | loss: 0.2251742
	speed: 0.1894s/iter; left time: 32.0162s
	iters: 200, epoch: 10 | loss: 0.2470128
	speed: 0.0797s/iter; left time: 5.4997s
Epoch: 10 cost time: 20.929667472839355
Epoch: 10, Steps: 268 | Train Loss: 0.2160294 Vali Loss: 0.4258453 Test Loss: 0.3356665
EarlyStopping counter: 8 out of 10
Updating learning rate to 4.536770175445394e-08
>>>>>>>testing : long_term_forecast_ETTm1_96_96_none_TimeMixer_ETTm1_sl96_pl96_dm16_nh8_el2_dl1_df32_fc1_ebtimeF_dtTrue_test_0<<<<<<<<<<<<<<<<<<<<<<<<<<<<<<<<<
test 11425
mse:0.32639750838279724, mae:0.3623541295528412
