Args in experiment:
Namespace(task_name='long_term_forecast', is_training=1, model_id='ETTm2_96_720', model='TimeMixer', data='ETTm2', root_path='<workspace>\\dataset\\ETT-small', data_path='ETTm2.csv', features='M', target='OT', freq='h', checkpoints='./checkpoints/', seq_len=96, label_len=0, pred_len=720, seasonal_patterns='Monthly', inverse=False, top_k=5, num_kernels=6, enc_in=7, dec_in=7, c_out=7, d_model=32, n_heads=8, e_layers=2, d_layers=1, d_ff=32, moving_avg=25, factor=1, distil=True, dropout=0.1, embed='timeF', activation='gelu', output_attention=False, channel_independence=1, decomp_method='moving_avg', use_norm=1, down_sampling_layers=3, down_sampling_window=2, down_sampling_method='avg', use_future_temporal_feature=0, mask_rate=0.125, anomaly_ratio=0.25, num_workers=0, itr=1, train_epochs=10, batch_size=128, patience=10, learning_rate=0.01, des='test', loss='MSE', drop_last=True, lradj='TST', pct_start=0.2, use_amp=False, comment='none', use_gpu=True, gpu=0, use_multi_gpu=False, devices='0,1', p_hidden_dims=[128, 128], p_hidden_layers=2)
Use GPU: cuda:0
>>>>>>>start training : long_term_forecast_ETTm2_96_720_none_TimeMixer_ETTm2_sl96_pl720_dm32_nh8_el2_dl1_df32_fc1_ebtimeF_dtTrue_test_0>>>>>>>>>>>>>>>>>>>>>>>>>>
train 33745
val 10801
test 10801
	iters: 100, epoch: 1 | loss: 0.5576190
	speed: 0.2454s/iter; left time: 620.9837s
	iters: 200, epoch: 1 | loss: 0.4287834
	speed: 0.2200s/iter; left time: 534.9408s
Epoch: 1 cost time: 57.060187578201294
Epoch: 1, Steps: 263 | Train Loss: 0.6060548 Vali Loss: 0.2958930 Test Loss: 0.4068934
Validation loss decreased (inf --> 0.295893).  Saving model ...
Updating learning rate to 0.005214361544988909
	iters: 100, epoch: 2 | loss: 0.5240250
	speed: 0.4509s/iter; left time: 1022.7303s
	iters: 200, epoch: 2 | loss: 0.4914010
	speed: 0.1054s/iter; left time: 228.5997s
Epoch: 2 cost time: 32.2132294178009
Epoch: 2, Steps: 263 | Train Loss: 0.5825517 Vali Loss: 0.9811824 Test Loss: 1.3514041
EarlyStopping counter: 1 out of 10
Updating learning rate to 0.009999994426263092
	iters: 100, epoch: 3 | loss: 2.8155754
	speed: 0.3564s/iter; left time: 714.6014s
	iters: 200, epoch: 3 | loss: 1.9507176
	speed: 0.2174s/iter; left time: 414.1517s
Epoch: 3 cost time: 57.14814496040344
Epoch: 3, Steps: 263 | Train Loss: 1032.6638465 Vali Loss: 1.3148982 Test Loss: 1.5784959
EarlyStopping counter: 2 out of 10
Updating learning rate to 0.00961653702456304
	iters: 100, epoch: 4 | loss: 1.2571198
	speed: 0.5074s/iter; left time: 883.9522s
	iters: 200, epoch: 4 | loss: 1.0634357
	speed: 0.2148s/iter; left time: 352.7460s
Epoch: 4 cost time: 58.01400852203369
Epoch: 4, Steps: 263 | Train Loss: 1.3795232 Vali Loss: 0.9755694 Test Loss: 1.1365386
EarlyStopping counter: 3 out of 10
Updating learning rate to 0.008530256754704302
	iters: 100, epoch: 5 | loss: 1.3721035
	speed: 0.5304s/iter; left time: 784.3945s
	iters: 200, epoch: 5 | loss: 1.2000775
	speed: 0.2298s/iter; left time: 316.9520s
Epoch: 5 cost time: 59.707605838775635
Epoch: 5, Steps: 263 | Train Loss: 1.1218409 Vali Loss: 0.8017468 Test Loss: 0.9439837
EarlyStopping counter: 4 out of 10
Updating learning rate to 0.006906529940617706
	iters: 100, epoch: 6 | loss: 0.9572165
	speed: 0.4977s/iter; left time: 605.2524s
	iters: 200, epoch: 6 | loss: 0.8036325
	speed: 0.2160s/iter; left time: 241.0420s
Epoch: 6 cost time: 57.10154581069946
Epoch: 6, Steps: 263 | Train Loss: 1.0061441 Vali Loss: 0.7172968 Test Loss: 0.8445237
EarlyStopping counter: 5 out of 10
Updating learning rate to 0.0049925542706277136
	iters: 100, epoch: 7 | loss: 0.9473128
	speed: 0.5196s/iter; left time: 495.1417s
	iters: 200, epoch: 7 | loss: 0.7422013
	speed: 0.2228s/iter; left time: 190.0800s
Epoch: 7 cost time: 59.312193632125854
Epoch: 7, Steps: 263 | Train Loss: 0.9367303 Vali Loss: 0.6708806 Test Loss: 0.7872611
EarlyStopping counter: 6 out of 10
Updating learning rate to 0.0030797151902576462
	iters: 100, epoch: 8 | loss: 0.8315124
	speed: 0.5185s/iter; left time: 357.7547s
	iters: 200, epoch: 8 | loss: 1.3354411
	speed: 0.2180s/iter; left time: 128.6491s
Epoch: 8 cost time: 57.42579197883606
Epoch: 8, Steps: 263 | Train Loss: 0.9012744 Vali Loss: 0.6505090 Test Loss: 0.7638220
EarlyStopping counter: 7 out of 10
Updating learning rate to 0.0014592251095644035
	iters: 100, epoch: 9 | loss: 0.9117904
	speed: 0.5002s/iter; left time: 213.5908s
	iters: 200, epoch: 9 | loss: 0.6417280
	speed: 0.2170s/iter; left time: 70.9524s
Epoch: 9 cost time: 57.64229345321655
Epoch: 9, Steps: 263 | Train Loss: 0.8800743 Vali Loss: 0.6472970 Test Loss: 0.7547775
EarlyStopping counter: 8 out of 10
Updating learning rate to 0.0003777889535543703
	iters: 100, epoch: 10 | loss: 0.7220125
	speed: 0.5161s/iter; left time: 84.6379s
	iters: 200, epoch: 10 | loss: 0.8874731
	speed: 0.2159s/iter; left time: 13.8198s
Epoch: 10 cost time: 56.77641677856445
Epoch: 10, Steps: 263 | Train Loss: 0.8742380 Vali Loss: 0.6436569 Test Loss: 0.7522859
EarlyStopping counter: 9 out of 10
Updating learning rate to 4.557373690747832e-08
>>>>>>>testing : long_term_forecast_ETTm2_96_720_none_TimeMixer_ETTm2_sl96_pl720_dm32_nh8_el2_dl1_df32_fc1_ebtimeF_dtTrue_test_0<<<<<<<<<<<<<<<<<<<<<<<<<<<<<<<<<
test 10801
mse:0.4068937599658966, mae:0.40795788168907166
