Args in experiment:
Namespace(task_name='long_term_forecast', is_training=1, model_id='ETTm2_96_192', model='TimeMixer', data='ETTm2', root_path='C:\\Users\\bbbal\\OneDrive\\Masaüstü\\timemixer\\dataset\\ETT-small', data_path='ETTm2.csv', features='M', target='OT', freq='h', checkpoints='./checkpoints/', seq_len=96, label_len=0, pred_len=192, seasonal_patterns='Monthly', inverse=False, top_k=5, num_kernels=6, enc_in=7, dec_in=7, c_out=7, d_model=32, n_heads=8, e_layers=2, d_layers=1, d_ff=32, moving_avg=25, factor=1, distil=True, dropout=0.1, embed='timeF', activation='gelu', output_attention=False, channel_independence=1, decomp_method='moving_avg', use_norm=1, down_sampling_layers=3, down_sampling_window=2, down_sampling_method='avg', use_future_temporal_feature=0, mask_rate=0.125, anomaly_ratio=0.25, num_workers=0, itr=1, train_epochs=10, batch_size=128, patience=10, learning_rate=0.01, des='test', loss='MSE', drop_last=True, lradj='TST', pct_start=0.2, use_amp=False, comment='none', use_gpu=True, gpu=0, use_multi_gpu=False, devices='0,1', p_hidden_dims=[128, 128], p_hidden_layers=2)
Use GPU: cuda:0
>>>>>>>start training : long_term_forecast_ETTm2_96_192_none_TimeMixer_ETTm2_sl96_pl192_dm32_nh8_el2_dl1_df32_fc1_ebtimeF_dtTrue_test_0>>>>>>>>>>>>>>>>>>>>>>>>>>
train 34273
val 11329
test 11329
	iters: 100, epoch: 1 | loss: 0.3260452
	speed: 0.1863s/iter; left time: 479.0587s
	iters: 200, epoch: 1 | loss: 0.5172972
	speed: 0.1526s/iter; left time: 377.0542s
Epoch: 1 cost time: 41.476842164993286
Epoch: 1, Steps: 267 | Train Loss: 0.3466806 Vali Loss: 0.1751007 Test Loss: 0.2435344
Validation loss decreased (inf --> 0.175101).  Saving model ...
Updating learning rate to 0.005214145987719207
	iters: 100, epoch: 2 | loss: 0.2570438
	speed: 0.3586s/iter; left time: 826.1390s
	iters: 200, epoch: 2 | loss: 0.2583383
	speed: 0.1552s/iter; left time: 342.0092s
Epoch: 2 cost time: 41.04336071014404
Epoch: 2, Steps: 267 | Train Loss: 0.3209055 Vali Loss: 0.1715663 Test Loss: 0.2381078
Validation loss decreased (0.175101 --> 0.171566).  Saving model ...
Updating learning rate to 0.009999994592015454
	iters: 100, epoch: 3 | loss: 0.3101634
	speed: 0.3548s/iter; left time: 722.8180s
	iters: 200, epoch: 3 | loss: 0.2488589
	speed: 0.1538s/iter; left time: 297.9397s
Epoch: 3 cost time: 40.58296346664429
Epoch: 3, Steps: 267 | Train Loss: 0.3120987 Vali Loss: 0.1746541 Test Loss: 0.2428705
EarlyStopping counter: 1 out of 10
Updating learning rate to 0.009616579979329198
	iters: 100, epoch: 4 | loss: 0.3869466
	speed: 0.3517s/iter; left time: 622.5420s
	iters: 200, epoch: 4 | loss: 0.2742547
	speed: 0.1537s/iter; left time: 256.6291s
Epoch: 4 cost time: 39.90233325958252
Epoch: 4, Steps: 267 | Train Loss: 0.3048098 Vali Loss: 0.1731057 Test Loss: 0.2398442
EarlyStopping counter: 2 out of 10
Updating learning rate to 0.008530335959010496
	iters: 100, epoch: 5 | loss: 0.2326661
	speed: 0.3507s/iter; left time: 527.1654s
	iters: 200, epoch: 5 | loss: 0.3281491
	speed: 0.1529s/iter; left time: 214.5706s
Epoch: 5 cost time: 39.6130633354187
Epoch: 5, Steps: 267 | Train Loss: 0.2956892 Vali Loss: 0.1808842 Test Loss: 0.2529835
EarlyStopping counter: 3 out of 10
Updating learning rate to 0.0069066333363263085
	iters: 100, epoch: 6 | loss: 0.2399529
	speed: 0.3587s/iter; left time: 443.4060s
	iters: 200, epoch: 6 | loss: 0.1842368
	speed: 0.1489s/iter; left time: 169.1263s
Epoch: 6 cost time: 39.93539595603943
Epoch: 6, Steps: 267 | Train Loss: 0.2833140 Vali Loss: 0.1971783 Test Loss: 0.2746336
EarlyStopping counter: 4 out of 10
Updating learning rate to 0.004992666116679371
	iters: 100, epoch: 7 | loss: 0.2875267
	speed: 0.3629s/iter; left time: 351.6601s
	iters: 200, epoch: 7 | loss: 0.2853734
	speed: 0.1441s/iter; left time: 125.1804s
Epoch: 7 cost time: 39.82487487792969
Epoch: 7, Steps: 267 | Train Loss: 0.2642094 Vali Loss: 0.2006758 Test Loss: 0.2767429
EarlyStopping counter: 5 out of 10
Updating learning rate to 0.003079818459104881
	iters: 100, epoch: 8 | loss: 0.2738845
	speed: 0.3658s/iter; left time: 256.7925s
	iters: 200, epoch: 8 | loss: 0.2739595
	speed: 0.1313s/iter; left time: 79.0591s
Epoch: 8 cost time: 38.31778907775879
Epoch: 8, Steps: 267 | Train Loss: 0.2449300 Vali Loss: 0.2055715 Test Loss: 0.2868857
EarlyStopping counter: 6 out of 10
Updating learning rate to 0.0014593040794613594
	iters: 100, epoch: 9 | loss: 0.2338989
	speed: 0.3507s/iter; left time: 152.5713s
	iters: 200, epoch: 9 | loss: 0.2200580
	speed: 0.1389s/iter; left time: 46.5324s
Epoch: 9 cost time: 37.87743544578552
Epoch: 9, Steps: 267 | Train Loss: 0.2313123 Vali Loss: 0.1996930 Test Loss: 0.2787786
EarlyStopping counter: 7 out of 10
Updating learning rate to 0.0003778316020500997
	iters: 100, epoch: 10 | loss: 0.2036599
	speed: 0.3444s/iter; left time: 57.8664s
	iters: 200, epoch: 10 | loss: 0.2196898
	speed: 0.1472s/iter; left time: 10.0088s
Epoch: 10 cost time: 38.39023733139038
Epoch: 10, Steps: 267 | Train Loss: 0.2244199 Vali Loss: 0.1980836 Test Loss: 0.2762656
EarlyStopping counter: 8 out of 10
Updating learning rate to 4.540798454585136e-08
>>>>>>>testing : long_term_forecast_ETTm2_96_192_none_TimeMixer_ETTm2_sl96_pl192_dm32_nh8_el2_dl1_df32_fc1_ebtimeF_dtTrue_test_0<<<<<<<<<<<<<<<<<<<<<<<<<<<<<<<<<
test 11329
mse:0.2381078004837036, mae:0.29932546615600586
