Args in experiment:
Namespace(task_name='long_term_forecast', is_training=1, model_id='ETTm2_96_336', model='TimeMixer', data='ETTm2', root_path='<workspace>\\dataset\\ETT-small', data_path='ETTm2.csv', features='M', target='OT', freq='h', checkpoints='./checkpoints/', seq_len=96, label_len=0, pred_len=336, seasonal_patterns='Monthly', inverse=False, top_k=5, num_kernels=6, enc_in=7, dec_in=7, c_out=7, d_model=32, n_heads=8, e_layers=2, d_layers=1, d_ff=32, moving_avg=25, factor=1, distil=True, dropout=0.1, embed='timeF', activation='gelu', output_attention=False, channel_independence=1, decomp_method='moving_avg', use_norm=1, down_sampling_layers=3, down_sampling_window=2, down_sampling_method='avg', use_future_temporal_feature=0, mask_rate=0.125, anomaly_ratio=0.25, num_workers=0, itr=1, train_epochs=10, batch_size=128, patience=10, learning_rate=0.01, des='test', loss='MSE', drop_last=True, lradj='TST', pct_start=0.2, use_amp=False, comment='none', use_gpu=True, gpu=0, use_multi_gpu=False, devices='0,1', p_hidden_dims=[128, 128], p_hidden_layers=2)
Use GPU: cuda:0
>>>>>>>start training : long_term_forecast_ETTm2_96_336_none_TimeMixer_ETTm2_sl96_pl336_dm32_nh8_el2_dl1_df32_fc1_ebtimeF_dtTrue_test_0>>>>>>>>>>>>>>>>>>>>>>>>>>
train 34129
val 11185
test 11185
	iters: 100, epoch: 1 | loss: 0.3422889
	speed: 0.1925s/iter; left time: 493.0765s
	iters: 200, epoch: 1 | loss: 0.3602918
	speed: 0.1645s/iter; left time: 404.9042s
Epoch: 1 cost time: 44.30667996406555
Epoch: 1, Steps: 266 | Train Loss: 0.4601732 Vali Loss: 0.2205372 Test Loss: 0.3024664
Validation loss decreased (inf --> 0.220537).  Saving model ...
Updating learning rate to 0.0052141992681204626
	iters: 100, epoch: 2 | loss: 0.4607761
	speed: 0.3702s/iter; left time: 849.6786s
	iters: 200, epoch: 2 | loss: 0.3613681
	speed: 0.1649s/iter; left time: 361.9367s
Epoch: 2 cost time: 43.088008880615234
Epoch: 2, Steps: 266 | Train Loss: 0.4287247 Vali Loss: 0.2186683 Test Loss: 0.2986712
Validation loss decreased (0.220537 --> 0.218668).  Saving model ...
Updating learning rate to 0.009999994551277492
	iters: 100, epoch: 3 | loss: 0.4011741
	speed: 0.3712s/iter; left time: 753.2157s
	iters: 200, epoch: 3 | loss: 0.4041416
	speed: 0.1611s/iter; left time: 310.8055s
Epoch: 3 cost time: 41.83374905586243
Epoch: 3, Steps: 266 | Train Loss: 0.4187239 Vali Loss: 0.2276250 Test Loss: 0.3146254
EarlyStopping counter: 1 out of 10
Updating learning rate to 0.00961656936196565
	iters: 100, epoch: 4 | loss: 0.4448833
	speed: 0.3826s/iter; left time: 674.5918s
	iters: 200, epoch: 4 | loss: 0.3331079
	speed: 0.1338s/iter; left time: 222.5496s
Epoch: 4 cost time: 39.30605125427246
Epoch: 4, Steps: 266 | Train Loss: 0.4090558 Vali Loss: 0.2270441 Test Loss: 0.3098752
EarlyStopping counter: 2 out of 10
Updating learning rate to 0.008530316381418717
	iters: 100, epoch: 5 | loss: 0.4112587
	speed: 0.3754s/iter; left time: 561.9026s
	iters: 200, epoch: 5 | loss: 0.3815196
	speed: 0.1698s/iter; left time: 237.1846s
Epoch: 5 cost time: 43.406139612197876
Epoch: 5, Steps: 266 | Train Loss: 0.3962237 Vali Loss: 0.2210232 Test Loss: 0.3033398
EarlyStopping counter: 3 out of 10
Updating learning rate to 0.006906607779017174
	iters: 100, epoch: 6 | loss: 0.4400452
	speed: 0.3824s/iter; left time: 470.7614s
	iters: 200, epoch: 6 | loss: 0.3340982
	speed: 0.1664s/iter; left time: 188.2528s
Epoch: 6 cost time: 44.49546718597412
Epoch: 6, Steps: 266 | Train Loss: 0.3817042 Vali Loss: 0.2437094 Test Loss: 0.3411612
EarlyStopping counter: 4 out of 10
Updating learning rate to 0.004992638470521519
	iters: 100, epoch: 7 | loss: 0.3169298
	speed: 0.3738s/iter; left time: 360.7078s
	iters: 200, epoch: 7 | loss: 0.4660739
	speed: 0.1685s/iter; left time: 145.7920s
Epoch: 7 cost time: 43.78539562225342
Epoch: 7, Steps: 266 | Train Loss: 0.3601062 Vali Loss: 0.2291602 Test Loss: 0.3175784
EarlyStopping counter: 5 out of 10
Updating learning rate to 0.0030797929329752327
	iters: 100, epoch: 8 | loss: 0.3084134
	speed: 0.3739s/iter; left time: 261.3546s
	iters: 200, epoch: 8 | loss: 0.3297247
	speed: 0.1623s/iter; left time: 97.2435s
Epoch: 8 cost time: 42.13795256614685
Epoch: 8, Steps: 266 | Train Loss: 0.3343338 Vali Loss: 0.2322802 Test Loss: 0.3260319
EarlyStopping counter: 6 out of 10
Updating learning rate to 0.0014592845594817588
	iters: 100, epoch: 9 | loss: 0.3401550
	speed: 0.3998s/iter; left time: 173.1242s
	iters: 200, epoch: 9 | loss: 0.3809155
	speed: 0.1450s/iter; left time: 48.2869s
Epoch: 9 cost time: 42.384649991989136
Epoch: 9, Steps: 266 | Train Loss: 0.3192549 Vali Loss: 0.2372586 Test Loss: 0.3353083
EarlyStopping counter: 7 out of 10
Updating learning rate to 0.00037782105996049124
	iters: 100, epoch: 10 | loss: 0.3812008
	speed: 0.4051s/iter; left time: 67.6445s
	iters: 200, epoch: 10 | loss: 0.3079906
	speed: 0.1651s/iter; left time: 11.0599s
Epoch: 10 cost time: 43.907098054885864
Epoch: 10, Steps: 266 | Train Loss: 0.3119583 Vali Loss: 0.2391359 Test Loss: 0.3380531
EarlyStopping counter: 8 out of 10
Updating learning rate to 4.544872250799439e-08
>>>>>>>testing : long_term_forecast_ETTm2_96_336_none_TimeMixer_ETTm2_sl96_pl336_dm32_nh8_el2_dl1_df32_fc1_ebtimeF_dtTrue_test_0<<<<<<<<<<<<<<<<<<<<<<<<<<<<<<<<<
test 11185
mse:0.29867154359817505, mae:0.33964353799819946
