Args in experiment:
Namespace(task_name='long_term_forecast', is_training=1, model_id='ETTm2_96_96', model='TimeMixer', data='ETTm2', root_path='<workspace>\\dataset\\ETT-small', data_path='ETTm2.csv', features='M', target='OT', freq='h', checkpoints='./checkpoints/', seq_len=96, label_len=0, pred_len=96, seasonal_patterns='Monthly', inverse=False, top_k=5, num_kernels=6, enc_in=7, dec_in=7, c_out=7, d_model=32, n_heads=8, e_layers=2, d_layers=1, d_ff=32, moving_avg=25, factor=1, distil=True, dropout=0.1, embed='timeF', activation='gelu', output_attention=False, channel_independence=1, decomp_method='moving_avg', use_norm=1, down_sampling_layers=3, down_sampling_window=2, down_sampling_method='avg', use_future_temporal_feature=0, mask_rate=0.125, anomaly_ratio=0.25, num_workers=0, itr=1, train_epochs=10, batch_size=128, patience=10, learning_rate=0.01, des='test', loss='MSE', drop_last=True, lradj='TST', pct_start=0.2, use_amp=False, comment='none', use_gpu=True, gpu=0, use_multi_gpu=False, devices='0,1', p_hidden_dims=[128, 128], p_hidden_layers=2)
Use GPU: cuda:0
>>>>>>>start training : long_term_forecast_ETTm2_96_96_none_TimeMixer_ETTm2_sl96_pl96_dm32_nh8_el2_dl1_df32_fc1_ebtimeF_dtTrue_test_0>>>>>>>>>>>>>>>>>>>>>>>>>>
train 34369
val 11425
test 11425
	iters: 100, epoch: 1 | loss: 0.1898275
	speed: 0.1673s/iter; left time: 431.6948s
	iters: 200, epoch: 1 | loss: 0.2352407
	speed: 0.1388s/iter; left time: 344.2473s
Epoch: 1 cost time: 37.570011138916016
Epoch: 1, Steps: 268 | Train Loss: 0.2572358 Vali Loss: 0.1285266 Test Loss: 0.1790743
Validation loss decreased (inf --> 0.128527).  Saving model ...
Updating learning rate to 0.005214093105674368
	iters: 100, epoch: 2 | loss: 0.1932562
	speed: 0.3218s/iter; left time: 744.2328s
	iters: 200, epoch: 2 | loss: 0.2077020
	speed: 0.1387s/iter; left time: 306.9529s
Epoch: 2 cost time: 36.4606249332428
Epoch: 2, Steps: 268 | Train Loss: 0.2222273 Vali Loss: 0.1249230 Test Loss: 0.1759720
Validation loss decreased (0.128527 --> 0.124923).  Saving model ...
Updating learning rate to 0.009999994632298245
	iters: 100, epoch: 3 | loss: 0.2039615
	speed: 0.3206s/iter; left time: 655.6296s
	iters: 200, epoch: 3 | loss: 0.2099609
	speed: 0.1390s/iter; left time: 270.3174s
Epoch: 3 cost time: 36.28606343269348
Epoch: 3, Steps: 268 | Train Loss: 0.2150238 Vali Loss: 0.1283908 Test Loss: 0.1777393
EarlyStopping counter: 1 out of 10
Updating learning rate to 0.009616590517319125
	iters: 100, epoch: 4 | loss: 0.1859521
	speed: 0.3191s/iter; left time: 567.1267s
	iters: 200, epoch: 4 | loss: 0.1703882
	speed: 0.1414s/iter; left time: 237.1974s
Epoch: 4 cost time: 36.20468711853027
Epoch: 4, Steps: 268 | Train Loss: 0.2083896 Vali Loss: 0.1320605 Test Loss: 0.1821662
EarlyStopping counter: 2 out of 10
Updating learning rate to 0.008530355390394118
	iters: 100, epoch: 5 | loss: 0.1631177
	speed: 0.3252s/iter; left time: 490.7811s
	iters: 200, epoch: 5 | loss: 0.1593258
	speed: 0.1348s/iter; left time: 189.9380s
Epoch: 5 cost time: 36.14936923980713
Epoch: 5, Steps: 268 | Train Loss: 0.2013149 Vali Loss: 0.1315525 Test Loss: 0.1813284
EarlyStopping counter: 3 out of 10
Updating learning rate to 0.0069066587028516115
	iters: 100, epoch: 6 | loss: 0.1911172
	speed: 0.3277s/iter; left time: 406.7233s
	iters: 200, epoch: 6 | loss: 0.2252578
	speed: 0.1289s/iter; left time: 147.1106s
Epoch: 6 cost time: 35.83291292190552
Epoch: 6, Steps: 268 | Train Loss: 0.1923586 Vali Loss: 0.1369612 Test Loss: 0.1869989
EarlyStopping counter: 4 out of 10
Updating learning rate to 0.004992693556522831
	iters: 100, epoch: 7 | loss: 0.1474064
	speed: 0.3328s/iter; left time: 323.7790s
	iters: 200, epoch: 7 | loss: 0.2291891
	speed: 0.1256s/iter; left time: 109.6125s
Epoch: 7 cost time: 35.94917964935303
Epoch: 7, Steps: 268 | Train Loss: 0.1829369 Vali Loss: 0.1402245 Test Loss: 0.1940111
EarlyStopping counter: 5 out of 10
Updating learning rate to 0.0030798437947990726
	iters: 100, epoch: 8 | loss: 0.1914474
	speed: 0.3345s/iter; left time: 235.8520s
	iters: 200, epoch: 8 | loss: 0.1319136
	speed: 0.1300s/iter; left time: 78.6550s
Epoch: 8 cost time: 36.28601264953613
Epoch: 8, Steps: 268 | Train Loss: 0.1720173 Vali Loss: 0.1401020 Test Loss: 0.1925530
EarlyStopping counter: 6 out of 10
Updating learning rate to 0.0014593234538765095
	iters: 100, epoch: 9 | loss: 0.1539670
	speed: 0.3312s/iter; left time: 144.7179s
	iters: 200, epoch: 9 | loss: 0.1489469
	speed: 0.1360s/iter; left time: 45.8190s
Epoch: 9 cost time: 35.33683633804321
Epoch: 9, Steps: 268 | Train Loss: 0.1633847 Vali Loss: 0.1432099 Test Loss: 0.1959328
EarlyStopping counter: 7 out of 10
Updating learning rate to 0.0003778420656071321
	iters: 100, epoch: 10 | loss: 0.1501291
	speed: 0.2106s/iter; left time: 35.5834s
	iters: 200, epoch: 10 | loss: 0.1548831
	speed: 0.0659s/iter; left time: 4.5476s
Epoch: 10 cost time: 22.551493167877197
Epoch: 10, Steps: 268 | Train Loss: 0.1583230 Vali Loss: 0.1445987 Test Loss: 0.1973850
EarlyStopping counter: 8 out of 10
Updating learning rate to 4.536770175445394e-08
>>>>>>>testing : long_term_forecast_ETTm2_96_96_none_TimeMixer_ETTm2_sl96_pl96_dm32_nh8_el2_dl1_df32_fc1_ebtimeF_dtTrue_test_0<<<<<<<<<<<<<<<<<<<<<<<<<<<<<<<<<
test 11425
mse:0.17597199976444244, mae:0.2570299506187439
