Args in experiment:
Namespace(task_name='long_term_forecast', is_training=1, model_id='ETTm1_96_192', model='TimeMixer', data='ETTm1', root_path='C:\\Users\\bbbal\\OneDrive\\Masaüstü\\timemixer\\dataset\\ETT-small', data_path='ETTm1.csv', features='M', target='OT', freq='h', checkpoints='./checkpoints/', seq_len=96, label_len=0, pred_len=192, seasonal_patterns='Monthly', inverse=False, top_k=5, num_kernels=6, enc_in=7, dec_in=7, c_out=7, d_model=16, n_heads=8, e_layers=2, d_layers=1, d_ff=32, moving_avg=25, factor=1, distil=True, dropout=0.1, embed='timeF', activation='gelu', output_attention=False, channel_independence=1, decomp_method='moving_avg', use_norm=1, down_sampling_layers=3, down_sampling_window=2, down_sampling_method='avg', use_future_temporal_feature=0, mask_rate=0.125, anomaly_ratio=0.25, num_workers=0, itr=1, train_epochs=10, batch_size=128, patience=10, learning_rate=0.01, des='test', loss='MSE', drop_last=True, lradj='TST', pct_start=0.2, use_amp=False, comment='none', use_gpu=True, gpu=0, use_multi_gpu=False, devices='0,1', p_hidden_dims=[128, 128], p_hidden_layers=2)
Use GPU: cuda:0
>>>>>>>start training : long_term_forecast_ETTm1_96_192_none_TimeMixer_ETTm1_sl96_pl192_dm16_nh8_el2_dl1_df32_fc1_ebtimeF_dtTrue_test_0>>>>>>>>>>>>>>>>>>>>>>>>>>
train 34273
val 11329
test 11329
	iters: 100, epoch: 1 | loss: 0.4292335
	speed: 0.1152s/iter; left time: 296.1119s
	iters: 200, epoch: 1 | loss: 0.3680801
	speed: 0.0800s/iter; left time: 197.7180s
Epoch: 1 cost time: 22.600688934326172
Epoch: 1, Steps: 267 | Train Loss: 0.4238418 Vali Loss: 0.5257225 Test Loss: 0.3816061
Validation loss decreased (inf --> 0.525723).  Saving model ...
Updating learning rate to 0.005214145987719207
	iters: 100, epoch: 2 | loss: 0.3366484
	speed: 0.2022s/iter; left time: 465.8833s
	iters: 200, epoch: 2 | loss: 0.3363484
	speed: 0.0833s/iter; left time: 183.5592s
Epoch: 2 cost time: 22.137061595916748
Epoch: 2, Steps: 267 | Train Loss: 0.3333448 Vali Loss: 0.5210231 Test Loss: 0.3871455
Validation loss decreased (0.525723 --> 0.521023).  Saving model ...
Updating learning rate to 0.009999994592015454
	iters: 100, epoch: 3 | loss: 0.3040578
	speed: 0.2014s/iter; left time: 410.2494s
	iters: 200, epoch: 3 | loss: 0.3122005
	speed: 0.0856s/iter; left time: 165.8943s
Epoch: 3 cost time: 22.255571365356445
Epoch: 3, Steps: 267 | Train Loss: 0.3163802 Vali Loss: 0.5249386 Test Loss: 0.3688108
EarlyStopping counter: 1 out of 10
Updating learning rate to 0.009616579979329198
	iters: 100, epoch: 4 | loss: 0.3265509
	speed: 0.2020s/iter; left time: 357.5779s
	iters: 200, epoch: 4 | loss: 0.2687868
	speed: 0.0864s/iter; left time: 144.2230s
Epoch: 4 cost time: 22.565434217453003
Epoch: 4, Steps: 267 | Train Loss: 0.3073311 Vali Loss: 0.5282016 Test Loss: 0.3717383
EarlyStopping counter: 2 out of 10
Updating learning rate to 0.008530335959010496
	iters: 100, epoch: 5 | loss: 0.3046118
	speed: 0.1741s/iter; left time: 261.6562s
	iters: 200, epoch: 5 | loss: 0.2861888
	speed: 0.0534s/iter; left time: 74.9071s
Epoch: 5 cost time: 15.45293140411377
Epoch: 5, Steps: 267 | Train Loss: 0.3003716 Vali Loss: 0.5187949 Test Loss: 0.3652910
Validation loss decreased (0.521023 --> 0.518795).  Saving model ...
Updating learning rate to 0.0069066333363263085
	iters: 100, epoch: 6 | loss: 0.2844020
	speed: 0.1711s/iter; left time: 211.4536s
	iters: 200, epoch: 6 | loss: 0.2751649
	speed: 0.0861s/iter; left time: 97.8405s
Epoch: 6 cost time: 23.03610634803772
Epoch: 6, Steps: 267 | Train Loss: 0.2937663 Vali Loss: 0.5260373 Test Loss: 0.3627634
EarlyStopping counter: 1 out of 10
Updating learning rate to 0.004992666116679371
	iters: 100, epoch: 7 | loss: 0.2731740
	speed: 0.1988s/iter; left time: 192.6306s
	iters: 200, epoch: 7 | loss: 0.2885232
	speed: 0.0862s/iter; left time: 74.9425s
Epoch: 7 cost time: 22.240713119506836
Epoch: 7, Steps: 267 | Train Loss: 0.2870048 Vali Loss: 0.5344154 Test Loss: 0.3721427
EarlyStopping counter: 2 out of 10
Updating learning rate to 0.003079818459104881
	iters: 100, epoch: 8 | loss: 0.2901725
	speed: 0.2048s/iter; left time: 143.7557s
	iters: 200, epoch: 8 | loss: 0.2641934
	speed: 0.0769s/iter; left time: 46.3124s
Epoch: 8 cost time: 21.70560932159424
Epoch: 8, Steps: 267 | Train Loss: 0.2796846 Vali Loss: 0.5303823 Test Loss: 0.3692763
EarlyStopping counter: 3 out of 10
Updating learning rate to 0.0014593040794613594
	iters: 100, epoch: 9 | loss: 0.2507857
	speed: 0.2086s/iter; left time: 90.7474s
	iters: 200, epoch: 9 | loss: 0.2820391
	speed: 0.0840s/iter; left time: 28.1434s
Epoch: 9 cost time: 22.026495456695557
Epoch: 9, Steps: 267 | Train Loss: 0.2739386 Vali Loss: 0.5396801 Test Loss: 0.3754137
EarlyStopping counter: 4 out of 10
Updating learning rate to 0.0003778316020500997
	iters: 100, epoch: 10 | loss: 0.2684298
	speed: 0.1978s/iter; left time: 33.2262s
	iters: 200, epoch: 10 | loss: 0.2780648
	speed: 0.0864s/iter; left time: 5.8780s
Epoch: 10 cost time: 23.028728246688843
Epoch: 10, Steps: 267 | Train Loss: 0.2710411 Vali Loss: 0.5407840 Test Loss: 0.3752248
EarlyStopping counter: 5 out of 10
Updating learning rate to 4.540798454585136e-08
>>>>>>>testing : long_term_forecast_ETTm1_96_192_none_TimeMixer_ETTm1_sl96_pl192_dm16_nh8_el2_dl1_df32_fc1_ebtimeF_dtTrue_test_0<<<<<<<<<<<<<<<<<<<<<<<<<<<<<<<<<
test 11329
mse:0.3652913272380829, mae:0.3855128884315491
