Args in experiment:
Namespace(task_name='long_term_forecast', is_training=1, model_id='ETTm1_96_336', model='TimeMixer', data='ETTm1', root_path='<workspace>\\dataset\\ETT-small', data_path='ETTm1.csv', features='M', target='OT', freq='h', checkpoints='./checkpoints/', seq_len=96, label_len=0, pred_len=336, seasonal_patterns='Monthly', inverse=False, top_k=5, num_kernels=6, enc_in=7, dec_in=7, c_out=7, d_model=16, n_heads=8, e_layers=2, d_layers=1, d_ff=32, moving_avg=25, factor=1, distil=True, dropout=0.1, embed='timeF', activation='gelu', output_attention=False, channel_independence=1, decomp_method='moving_avg', use_norm=1, down_sampling_layers=3, down_sampling_window=2, down_sampling_method='avg', use_future_temporal_feature=0, mask_rate=0.125, anomaly_ratio=0.25, num_workers=0, itr=1, train_epochs=10, batch_size=128, patience=10, learning_rate=0.01, des='test', loss='MSE', drop_last=True, lradj='TST', pct_start=0.2, use_amp=False, comment='none', use_gpu=True, gpu=0, use_multi_gpu=False, devices='0,1', p_hidden_dims=[128, 128], p_hidden_layers=2)
Use GPU: cuda:0
>>>>>>>start training : long_term_forecast_ETTm1_96_336_none_TimeMixer_ETTm1_sl96_pl336_dm16_nh8_el2_dl1_df32_fc1_ebtimeF_dtTrue_test_0>>>>>>>>>>>>>>>>>>>>>>>>>>
train 34129
val 11185
test 11185
	iters: 100, epoch: 1 | loss: 0.4446401
	speed: 0.1185s/iter; left time: 303.5033s
	iters: 200, epoch: 1 | loss: 0.4274430
	speed: 0.0871s/iter; left time: 214.3454s
Epoch: 1 cost time: 24.45662832260132
Epoch: 1, Steps: 266 | Train Loss: 0.4992229 Vali Loss: 0.6750247 Test Loss: 0.4127186
Validation loss decreased (inf --> 0.675025).  Saving model ...
Updating learning rate to 0.0052141992681204626
	iters: 100, epoch: 2 | loss: 0.3906140
	speed: 0.2274s/iter; left time: 521.9218s
	iters: 200, epoch: 2 | loss: 0.3867653
	speed: 0.0849s/iter; left time: 186.3122s
Epoch: 2 cost time: 23.944786310195923
Epoch: 2, Steps: 266 | Train Loss: 0.3860617 Vali Loss: 0.6645891 Test Loss: 0.4001173
Validation loss decreased (0.675025 --> 0.664589).  Saving model ...
Updating learning rate to 0.009999994551277492
	iters: 100, epoch: 3 | loss: 0.4017945
	speed: 0.2250s/iter; left time: 456.5068s
	iters: 200, epoch: 3 | loss: 0.3720234
	speed: 0.0935s/iter; left time: 180.3592s
Epoch: 3 cost time: 24.297470092773438
Epoch: 3, Steps: 266 | Train Loss: 0.3690352 Vali Loss: 0.6754730 Test Loss: 0.3993018
EarlyStopping counter: 1 out of 10
Updating learning rate to 0.00961656936196565
	iters: 100, epoch: 4 | loss: 0.3350179
	speed: 0.2172s/iter; left time: 382.9391s
	iters: 200, epoch: 4 | loss: 0.3605287
	speed: 0.0943s/iter; left time: 156.8972s
Epoch: 4 cost time: 25.190898656845093
Epoch: 4, Steps: 266 | Train Loss: 0.3600242 Vali Loss: 0.6538685 Test Loss: 0.3958589
Validation loss decreased (0.664589 --> 0.653868).  Saving model ...
Updating learning rate to 0.008530316381418717
	iters: 100, epoch: 5 | loss: 0.3633335
	speed: 0.2229s/iter; left time: 333.6107s
	iters: 200, epoch: 5 | loss: 0.3324922
	speed: 0.0951s/iter; left time: 132.8301s
Epoch: 5 cost time: 25.30800175666809
Epoch: 5, Steps: 266 | Train Loss: 0.3539429 Vali Loss: 0.6530546 Test Loss: 0.3935961
Validation loss decreased (0.653868 --> 0.653055).  Saving model ...
Updating learning rate to 0.006906607779017174
	iters: 100, epoch: 6 | loss: 0.3435751
	speed: 0.2176s/iter; left time: 267.8538s
	iters: 200, epoch: 6 | loss: 0.3387176
	speed: 0.0969s/iter; left time: 109.6346s
Epoch: 6 cost time: 24.552315950393677
Epoch: 6, Steps: 266 | Train Loss: 0.3469407 Vali Loss: 0.6513159 Test Loss: 0.3933208
Validation loss decreased (0.653055 --> 0.651316).  Saving model ...
Updating learning rate to 0.004992638470521519
	iters: 100, epoch: 7 | loss: 0.3188019
	speed: 0.2225s/iter; left time: 214.7142s
	iters: 200, epoch: 7 | loss: 0.3285120
	speed: 0.0782s/iter; left time: 67.6489s
Epoch: 7 cost time: 22.05833339691162
Epoch: 7, Steps: 266 | Train Loss: 0.3395378 Vali Loss: 0.6583204 Test Loss: 0.3945517
EarlyStopping counter: 1 out of 10
Updating learning rate to 0.0030797929329752327
	iters: 100, epoch: 8 | loss: 0.3302952
	speed: 0.1569s/iter; left time: 109.7037s
	iters: 200, epoch: 8 | loss: 0.3086149
	speed: 0.0591s/iter; left time: 35.4130s
Epoch: 8 cost time: 18.152085542678833
Epoch: 8, Steps: 266 | Train Loss: 0.3328723 Vali Loss: 0.6671282 Test Loss: 0.4002061
EarlyStopping counter: 2 out of 10
Updating learning rate to 0.0014592845594817588
	iters: 100, epoch: 9 | loss: 0.3174650
	speed: 0.2372s/iter; left time: 102.7096s
	iters: 200, epoch: 9 | loss: 0.3297179
	speed: 0.0999s/iter; left time: 33.2593s
Epoch: 9 cost time: 25.766623735427856
Epoch: 9, Steps: 266 | Train Loss: 0.3267321 Vali Loss: 0.6676482 Test Loss: 0.4030503
EarlyStopping counter: 3 out of 10
Updating learning rate to 0.00037782105996049124
	iters: 100, epoch: 10 | loss: 0.3523294
	speed: 0.2297s/iter; left time: 38.3656s
	iters: 200, epoch: 10 | loss: 0.3336088
	speed: 0.1012s/iter; left time: 6.7833s
Epoch: 10 cost time: 26.6576189994812
Epoch: 10, Steps: 266 | Train Loss: 0.3234329 Vali Loss: 0.6677511 Test Loss: 0.4049649
EarlyStopping counter: 4 out of 10
Updating learning rate to 4.544872250799439e-08
>>>>>>>testing : long_term_forecast_ETTm1_96_336_none_TimeMixer_ETTm1_sl96_pl336_dm16_nh8_el2_dl1_df32_fc1_ebtimeF_dtTrue_test_0<<<<<<<<<<<<<<<<<<<<<<<<<<<<<<<<<
test 11185
mse:0.39332109689712524, mae:0.4063023328781128
