Args in experiment:
Namespace(task_name='long_term_forecast', is_training=1, model_id='ETTm1_96_720', model='TimeMixer', data='ETTm1', root_path='<workspace>\\dataset\\ETT-small', data_path='ETTm1.csv', features='M', target='OT', freq='h', checkpoints='./checkpoints/', seq_len=96, label_len=0, pred_len=720, seasonal_patterns='Monthly', inverse=False, top_k=5, num_kernels=6, enc_in=7, dec_in=7, c_out=7, d_model=16, n_heads=8, e_layers=2, d_layers=1, d_ff=32, moving_avg=25, factor=1, distil=True, dropout=0.1, embed='timeF', activation='gelu', output_attention=False, channel_independence=1, decomp_method='moving_avg', use_norm=1, down_sampling_layers=3, down_sampling_window=2, down_sampling_method='avg', use_future_temporal_feature=0, mask_rate=0.125, anomaly_ratio=0.25, num_workers=0, itr=1, train_epochs=10, batch_size=128, patience=10, learning_rate=0.01, des='test', loss='MSE', drop_last=True, lradj='TST', pct_start=0.2, use_amp=False, comment='none', use_gpu=True, gpu=0, use_multi_gpu=False, devices='0,1', p_hidden_dims=[128, 128], p_hidden_layers=2)
Use GPU: cuda:0
>>>>>>>start training : long_term_forecast_ETTm1_96_720_none_TimeMixer_ETTm1_sl96_pl720_dm16_nh8_el2_dl1_df32_fc1_ebtimeF_dtTrue_test_0>>>>>>>>>>>>>>>>>>>>>>>>>>
train 33745
val 10801
test 10801
	iters: 100, epoch: 1 | loss: 0.5440642
	speed: 0.1438s/iter; left time: 363.9881s
	iters: 200, epoch: 1 | loss: 0.4696143
	speed: 0.1207s/iter; left time: 293.4860s
Epoch: 1 cost time: 31.84013032913208
Epoch: 1, Steps: 263 | Train Loss: 0.5559090 Vali Loss: 0.9959104 Test Loss: 0.4736040
Validation loss decreased (inf --> 0.995910).  Saving model ...
Updating learning rate to 0.005214361544988909
	iters: 100, epoch: 2 | loss: 0.4504478
	speed: 0.2863s/iter; left time: 649.3606s
	iters: 200, epoch: 2 | loss: 0.4338505
	speed: 0.1159s/iter; left time: 251.2830s
Epoch: 2 cost time: 30.990952491760254
Epoch: 2, Steps: 263 | Train Loss: 0.4583053 Vali Loss: 0.9901771 Test Loss: 0.4584313
Validation loss decreased (0.995910 --> 0.990177).  Saving model ...
Updating learning rate to 0.009999994426263092
	iters: 100, epoch: 3 | loss: 0.4756649
	speed: 0.2892s/iter; left time: 579.8561s
	iters: 200, epoch: 3 | loss: 0.4637898
	speed: 0.1134s/iter; left time: 215.9829s
Epoch: 3 cost time: 31.229658842086792
Epoch: 3, Steps: 263 | Train Loss: 0.4441789 Vali Loss: 0.9769283 Test Loss: 0.4536803
Validation loss decreased (0.990177 --> 0.976928).  Saving model ...
Updating learning rate to 0.00961653702456304
	iters: 100, epoch: 4 | loss: 0.4136149
	speed: 0.2880s/iter; left time: 501.7598s
	iters: 200, epoch: 4 | loss: 0.4109730
	speed: 0.1133s/iter; left time: 186.0318s
Epoch: 4 cost time: 31.087952852249146
Epoch: 4, Steps: 263 | Train Loss: 0.4349825 Vali Loss: 0.9705011 Test Loss: 0.4494641
Validation loss decreased (0.976928 --> 0.970501).  Saving model ...
Updating learning rate to 0.008530256754704302
	iters: 100, epoch: 5 | loss: 0.4354343
	speed: 0.2868s/iter; left time: 424.1856s
	iters: 200, epoch: 5 | loss: 0.3763917
	speed: 0.1168s/iter; left time: 161.0923s
Epoch: 5 cost time: 31.275367975234985
Epoch: 5, Steps: 263 | Train Loss: 0.4264568 Vali Loss: 0.9643533 Test Loss: 0.4521328
Validation loss decreased (0.970501 --> 0.964353).  Saving model ...
Updating learning rate to 0.006906529940617706
	iters: 100, epoch: 6 | loss: 0.4219948
	speed: 0.2832s/iter; left time: 344.3378s
	iters: 200, epoch: 6 | loss: 0.4174180
	speed: 0.1227s/iter; left time: 136.9630s
Epoch: 6 cost time: 31.514116287231445
Epoch: 6, Steps: 263 | Train Loss: 0.4191515 Vali Loss: 0.9639142 Test Loss: 0.4500798
Validation loss decreased (0.964353 --> 0.963914).  Saving model ...
Updating learning rate to 0.0049925542706277136
	iters: 100, epoch: 7 | loss: 0.3998497
	speed: 0.2826s/iter; left time: 269.3298s
	iters: 200, epoch: 7 | loss: 0.3721287
	speed: 0.1236s/iter; left time: 105.4491s
Epoch: 7 cost time: 31.885461568832397
Epoch: 7, Steps: 263 | Train Loss: 0.4104321 Vali Loss: 0.9622775 Test Loss: 0.4514059
Validation loss decreased (0.963914 --> 0.962277).  Saving model ...
Updating learning rate to 0.0030797151902576462
	iters: 100, epoch: 8 | loss: 0.3885242
	speed: 0.2850s/iter; left time: 196.6788s
	iters: 200, epoch: 8 | loss: 0.3736886
	speed: 0.1226s/iter; left time: 72.3465s
Epoch: 8 cost time: 32.13709020614624
Epoch: 8, Steps: 263 | Train Loss: 0.4016063 Vali Loss: 0.9725278 Test Loss: 0.4575498
EarlyStopping counter: 1 out of 10
Updating learning rate to 0.0014592251095644035
	iters: 100, epoch: 9 | loss: 0.3685232
	speed: 0.2547s/iter; left time: 108.7619s
	iters: 200, epoch: 9 | loss: 0.3866692
	speed: 0.0669s/iter; left time: 21.8785s
Epoch: 9 cost time: 19.816676139831543
Epoch: 9, Steps: 263 | Train Loss: 0.3939718 Vali Loss: 0.9778665 Test Loss: 0.4611818
EarlyStopping counter: 2 out of 10
Updating learning rate to 0.0003777889535543703
	iters: 100, epoch: 10 | loss: 0.4065574
	speed: 0.2572s/iter; left time: 42.1836s
	iters: 200, epoch: 10 | loss: 0.3564925
	speed: 0.1247s/iter; left time: 7.9803s
Epoch: 10 cost time: 32.19084644317627
Epoch: 10, Steps: 263 | Train Loss: 0.3896002 Vali Loss: 0.9775818 Test Loss: 0.4604273
EarlyStopping counter: 3 out of 10
Updating learning rate to 4.557373690747832e-08
>>>>>>>testing : long_term_forecast_ETTm1_96_720_none_TimeMixer_ETTm1_sl96_pl720_dm16_nh8_el2_dl1_df32_fc1_ebtimeF_dtTrue_test_0<<<<<<<<<<<<<<<<<<<<<<<<<<<<<<<<<
test 10801
mse:0.45140501856803894, mae:0.44271227717399597
