Args in experiment:
Namespace(task_name='long_term_forecast', is_training=1, model_id='Solar-Energy_96_336', model='TimeMixer', data='Solar', root_path='<workspace>\\dataset\\solar', data_path='solar_AL.txt', features='M', target='OT', freq='h', checkpoints='./checkpoints/', seq_len=96, label_len=0, pred_len=336, seasonal_patterns='Monthly', inverse=False, top_k=5, num_kernels=6, enc_in=137, dec_in=137, c_out=137, d_model=128, n_heads=8, e_layers=2, d_layers=1, d_ff=2048, moving_avg=25, factor=3, distil=True, dropout=0.1, embed='timeF', activation='gelu', output_attention=False, channel_independence=0, decomp_method='moving_avg', use_norm=0, down_sampling_layers=3, down_sampling_window=2, down_sampling_method='avg', use_future_temporal_feature=0, mask_rate=0.125, anomaly_ratio=0.25, num_workers=0, itr=1, train_epochs=20, batch_size=32, patience=10, learning_rate=0.01, des='test', loss='MSE', drop_last=True, lradj='TST', pct_start=0.2, use_amp=False, comment='none', use_gpu=True, gpu=0, use_multi_gpu=False, devices='0,1', p_hidden_dims=[128, 128], p_hidden_layers=2)
Use GPU: cuda:0
>>>>>>>start training : long_term_forecast_Solar-Energy_96_336_none_TimeMixer_Solar_sl96_pl336_dm128_nh8_el2_dl1_df2048_fc3_ebtimeF_dtTrue_test_0>>>>>>>>>>>>>>>>>>>>>>>>>>
train 36361
val 4921
test 10177
	iters: 100, epoch: 1 | loss: 0.2924203
	speed: 0.1701s/iter; left time: 3847.6344s
	iters: 200, epoch: 1 | loss: 0.2503068
	speed: 0.1376s/iter; left time: 3099.5616s
	iters: 300, epoch: 1 | loss: 0.2414885
	speed: 0.1356s/iter; left time: 3040.6174s
	iters: 400, epoch: 1 | loss: 0.2111479
	speed: 0.1202s/iter; left time: 2683.3380s
	iters: 500, epoch: 1 | loss: 0.2036227
	speed: 0.1196s/iter; left time: 2657.1220s
	iters: 600, epoch: 1 | loss: 0.1797589
	speed: 0.1295s/iter; left time: 2864.3300s
	iters: 700, epoch: 1 | loss: 0.1364385
	speed: 0.1379s/iter; left time: 3037.3942s
	iters: 800, epoch: 1 | loss: 0.1591591
	speed: 0.1278s/iter; left time: 2800.7891s
	iters: 900, epoch: 1 | loss: 0.1816534
	speed: 0.1264s/iter; left time: 2758.1970s
	iters: 1000, epoch: 1 | loss: 0.1419085
	speed: 0.1288s/iter; left time: 2797.7541s
	iters: 1100, epoch: 1 | loss: 0.1486103
	speed: 0.1385s/iter; left time: 2993.7907s
Epoch: 1 cost time: 148.9379518032074
Epoch: 1, Steps: 1136 | Train Loss: 0.2225084 Vali Loss: 0.1899640 Test Loss: 0.2328807
Validation loss decreased (inf --> 0.189964).  Saving model ...
Updating learning rate to 0.0018064742784306038
	iters: 100, epoch: 2 | loss: 0.1517453
	speed: 0.4638s/iter; left time: 9964.6090s
	iters: 200, epoch: 2 | loss: 0.1552737
	speed: 0.1376s/iter; left time: 2941.8443s
	iters: 300, epoch: 2 | loss: 0.1475510
	speed: 0.1357s/iter; left time: 2887.9923s
	iters: 400, epoch: 2 | loss: 0.1348151
	speed: 0.1200s/iter; left time: 2542.6116s
	iters: 500, epoch: 2 | loss: 0.1341956
	speed: 0.1191s/iter; left time: 2511.8967s
	iters: 600, epoch: 2 | loss: 0.1694898
	speed: 0.1251s/iter; left time: 2625.9130s
	iters: 700, epoch: 2 | loss: 0.1437759
	speed: 0.1268s/iter; left time: 2647.6710s
	iters: 800, epoch: 2 | loss: 0.1395460
	speed: 0.1272s/iter; left time: 2644.0171s
	iters: 900, epoch: 2 | loss: 0.1279794
	speed: 0.1349s/iter; left time: 2790.5034s
	iters: 1000, epoch: 2 | loss: 0.1361253
	speed: 0.1378s/iter; left time: 2837.2411s
	iters: 1100, epoch: 2 | loss: 15534.5820312
	speed: 0.1346s/iter; left time: 2757.4928s
Epoch: 2 cost time: 148.18995189666748
Epoch: 2, Steps: 1136 | Train Loss: 337774.3012146 Vali Loss: 4457.9403738 Test Loss: 4692.6853599
EarlyStopping counter: 1 out of 10
Updating learning rate to 0.005201659657102878
	iters: 100, epoch: 3 | loss: 2568.1467285
	speed: 0.4654s/iter; left time: 9470.4939s
	iters: 200, epoch: 3 | loss: 2127.8330078
	speed: 0.1373s/iter; left time: 2780.0497s
	iters: 300, epoch: 3 | loss: 1220.3662109
	speed: 0.1367s/iter; left time: 2753.6718s
	iters: 400, epoch: 3 | loss: 884.2504883
	speed: 0.1190s/iter; left time: 2384.8986s
	iters: 500, epoch: 3 | loss: 826.7481689
	speed: 0.1195s/iter; left time: 2383.7548s
	iters: 600, epoch: 3 | loss: 546.8037720
	speed: 0.1272s/iter; left time: 2524.1566s
	iters: 700, epoch: 3 | loss: 568.6718140
	speed: 0.1376s/iter; left time: 2717.8100s
	iters: 800, epoch: 3 | loss: 439.9389038
	speed: 0.1374s/iter; left time: 2700.5772s
	iters: 900, epoch: 3 | loss: 388.5652466
	speed: 0.1370s/iter; left time: 2678.0459s
	iters: 1000, epoch: 3 | loss: 390.3620911
	speed: 0.1369s/iter; left time: 2662.4710s
	iters: 1100, epoch: 3 | loss: 242.5591736
	speed: 0.1359s/iter; left time: 2629.9784s
Epoch: 3 cost time: 151.042316198349
Epoch: 3, Steps: 1136 | Train Loss: 1161.3789310 Vali Loss: 198.0246012 Test Loss: 229.2479029
EarlyStopping counter: 2 out of 10
Updating learning rate to 0.008595872425347565
	iters: 100, epoch: 4 | loss: 214.6564789
	speed: 0.4624s/iter; left time: 8884.8068s
	iters: 200, epoch: 4 | loss: 420.6469727
	speed: 0.1362s/iter; left time: 2602.6993s
	iters: 300, epoch: 4 | loss: 351.0953979
	speed: 0.1350s/iter; left time: 2567.4351s
	iters: 400, epoch: 4 | loss: 160.5922089
	speed: 0.1197s/iter; left time: 2263.0969s
	iters: 500, epoch: 4 | loss: 159.5932007
	speed: 0.1194s/iter; left time: 2246.1316s
	iters: 600, epoch: 4 | loss: 138.1145020
	speed: 0.1303s/iter; left time: 2438.2412s
	iters: 700, epoch: 4 | loss: 126.6180038
	speed: 0.1375s/iter; left time: 2559.2575s
	iters: 800, epoch: 4 | loss: 108.2911224
	speed: 0.1295s/iter; left time: 2396.5526s
	iters: 900, epoch: 4 | loss: 112.0703201
	speed: 0.1378s/iter; left time: 2537.4589s
	iters: 1000, epoch: 4 | loss: 96.9048920
	speed: 0.1350s/iter; left time: 2472.6773s
	iters: 1100, epoch: 4 | loss: 88.2370300
	speed: 0.1407s/iter; left time: 2563.4538s
Epoch: 4 cost time: 150.7396731376648
Epoch: 4, Steps: 1136 | Train Loss: 160.1870267 Vali Loss: 58.4573112 Test Loss: 68.2032232
EarlyStopping counter: 3 out of 10
Updating learning rate to 0.009999999925313625
	iters: 100, epoch: 5 | loss: 81.0364990
	speed: 0.4618s/iter; left time: 8347.4750s
	iters: 200, epoch: 5 | loss: 77.9808807
	speed: 0.1371s/iter; left time: 2465.1392s
	iters: 300, epoch: 5 | loss: 57.3420067
	speed: 0.1353s/iter; left time: 2418.8798s
	iters: 400, epoch: 5 | loss: 60.8648033
	speed: 0.1202s/iter; left time: 2135.9349s
	iters: 500, epoch: 5 | loss: 87.1737976
	speed: 0.1178s/iter; left time: 2082.4769s
	iters: 600, epoch: 5 | loss: 55.3070259
	speed: 0.1311s/iter; left time: 2304.5604s
	iters: 700, epoch: 5 | loss: 46.3669777
	speed: 0.1378s/iter; left time: 2408.1888s
	iters: 800, epoch: 5 | loss: 47.3170357
	speed: 0.1374s/iter; left time: 2387.2152s
	iters: 900, epoch: 5 | loss: 47.8410873
	speed: 0.1386s/iter; left time: 2394.6801s
	iters: 1000, epoch: 5 | loss: 44.3962975
	speed: 0.1391s/iter; left time: 2389.3888s
	iters: 1100, epoch: 5 | loss: 34.1731110
	speed: 0.1396s/iter; left time: 2384.7539s
Epoch: 5 cost time: 151.3574345111847
Epoch: 5, Steps: 1136 | Train Loss: 59.7604350 Vali Loss: 26.4019564 Test Loss: 31.0498321
EarlyStopping counter: 4 out of 10
Updating learning rate to 0.009903758113843851
	iters: 100, epoch: 6 | loss: 37.0817757
	speed: 0.4747s/iter; left time: 8042.4003s
	iters: 200, epoch: 6 | loss: 41.6103096
	speed: 0.1389s/iter; left time: 2339.2384s
	iters: 300, epoch: 6 | loss: 27.8574848
	speed: 0.1386s/iter; left time: 2319.8086s
	iters: 400, epoch: 6 | loss: 24.9151745
	speed: 0.1233s/iter; left time: 2051.3766s
	iters: 500, epoch: 6 | loss: 28.3476486
	speed: 0.1233s/iter; left time: 2039.3608s
	iters: 600, epoch: 6 | loss: 24.7088623
	speed: 0.1289s/iter; left time: 2119.3977s
	iters: 700, epoch: 6 | loss: 25.2334785
	speed: 0.1396s/iter; left time: 2280.6321s
	iters: 800, epoch: 6 | loss: 25.4009705
	speed: 0.1423s/iter; left time: 2310.7400s
	iters: 900, epoch: 6 | loss: 24.2931194
	speed: 0.1410s/iter; left time: 2276.5009s
	iters: 1000, epoch: 6 | loss: 21.5058880
	speed: 0.1398s/iter; left time: 2242.7950s
	iters: 1100, epoch: 6 | loss: 18.8315163
	speed: 0.1397s/iter; left time: 2226.9419s
Epoch: 6 cost time: 154.30569195747375
Epoch: 6, Steps: 1136 | Train Loss: 28.8700008 Vali Loss: 12.3035959 Test Loss: 15.2039528
EarlyStopping counter: 5 out of 10
Updating learning rate to 0.009619068396707077
	iters: 100, epoch: 7 | loss: 25.3873272
	speed: 0.4864s/iter; left time: 7686.8361s
	iters: 200, epoch: 7 | loss: 18.8502293
	speed: 0.1390s/iter; left time: 2182.6656s
	iters: 300, epoch: 7 | loss: 14.9720449
	speed: 0.1406s/iter; left time: 2194.1149s
	iters: 400, epoch: 7 | loss: 15.2330713
	speed: 0.1250s/iter; left time: 1938.5807s
	iters: 500, epoch: 7 | loss: 14.2984304
	speed: 0.1245s/iter; left time: 1918.2444s
	iters: 600, epoch: 7 | loss: 13.6488962
	speed: 0.1309s/iter; left time: 2003.2884s
	iters: 700, epoch: 7 | loss: 16.2167721
	speed: 0.1413s/iter; left time: 2148.1897s
	iters: 800, epoch: 7 | loss: 29.6374874
	speed: 0.1424s/iter; left time: 2150.9227s
	iters: 900, epoch: 7 | loss: 19.9396057
	speed: 0.1407s/iter; left time: 2111.8898s
	iters: 1000, epoch: 7 | loss: 25.4437370
	speed: 0.1350s/iter; left time: 2012.0108s
	iters: 1100, epoch: 7 | loss: 13.6691132
	speed: 0.1362s/iter; left time: 2016.4763s
Epoch: 7 cost time: 154.3407371044159
Epoch: 7, Steps: 1136 | Train Loss: 27.2662546 Vali Loss: 8.4766063 Test Loss: 9.7907765
EarlyStopping counter: 6 out of 10
Updating learning rate to 0.009156871240077032
	iters: 100, epoch: 8 | loss: 12.1222315
	speed: 0.4589s/iter; left time: 6731.4070s
	iters: 200, epoch: 8 | loss: 14.0733261
	speed: 0.1361s/iter; left time: 1983.1310s
	iters: 300, epoch: 8 | loss: 9.4476690
	speed: 0.1367s/iter; left time: 1977.5983s
	iters: 400, epoch: 8 | loss: 8.8418798
	speed: 0.1192s/iter; left time: 1712.3007s
	iters: 500, epoch: 8 | loss: 7.8712878
	speed: 0.1184s/iter; left time: 1689.1551s
	iters: 600, epoch: 8 | loss: 7.6080294
	speed: 0.1311s/iter; left time: 1857.8329s
	iters: 700, epoch: 8 | loss: 7.4452515
	speed: 0.1362s/iter; left time: 1916.2817s
	iters: 800, epoch: 8 | loss: 9.7435369
	speed: 0.1358s/iter; left time: 1896.9723s
	iters: 900, epoch: 8 | loss: 7.4689679
	speed: 0.1356s/iter; left time: 1880.3341s
	iters: 1000, epoch: 8 | loss: 5.9559340
	speed: 0.1374s/iter; left time: 1891.5636s
	iters: 1100, epoch: 8 | loss: 5.5645995
	speed: 0.1377s/iter; left time: 1882.2301s
Epoch: 8 cost time: 150.79029178619385
Epoch: 8, Steps: 1136 | Train Loss: 11.5223359 Vali Loss: 5.1731610 Test Loss: 5.8258789
EarlyStopping counter: 7 out of 10
Updating learning rate to 0.00853492862147986
	iters: 100, epoch: 9 | loss: 5.6323509
	speed: 0.4642s/iter; left time: 6282.1685s
	iters: 200, epoch: 9 | loss: 7.6527867
	speed: 0.1357s/iter; left time: 1822.3283s
	iters: 300, epoch: 9 | loss: 11.7770519
	speed: 0.1371s/iter; left time: 1827.4971s
	iters: 400, epoch: 9 | loss: 4.9546599
	speed: 0.1217s/iter; left time: 1610.1958s
	iters: 500, epoch: 9 | loss: 6.0238771
	speed: 0.1220s/iter; left time: 1602.0029s
	iters: 600, epoch: 9 | loss: 4.0650616
	speed: 0.0886s/iter; left time: 1155.2600s
	iters: 700, epoch: 9 | loss: 6.7376165
	speed: 0.0660s/iter; left time: 853.5335s
	iters: 800, epoch: 9 | loss: 4.7078538
	speed: 0.0938s/iter; left time: 1204.1723s
	iters: 900, epoch: 9 | loss: 49.0688972
	speed: 0.1023s/iter; left time: 1303.1561s
	iters: 1000, epoch: 9 | loss: 4.3488050
	speed: 0.0986s/iter; left time: 1245.1017s
	iters: 1100, epoch: 9 | loss: 80.2401047
	speed: 0.0911s/iter; left time: 1141.3793s
Epoch: 9 cost time: 122.43205738067627
Epoch: 9, Steps: 1136 | Train Loss: 9.7564580 Vali Loss: 18.8631868 Test Loss: 22.3516745
EarlyStopping counter: 8 out of 10
Updating learning rate to 0.007777141446958811
	iters: 100, epoch: 10 | loss: 5.5814748
	speed: 0.3002s/iter; left time: 3721.6377s
	iters: 200, epoch: 10 | loss: 3.4179134
	speed: 0.0735s/iter; left time: 904.1887s
	iters: 300, epoch: 10 | loss: 2.8740678
	speed: 0.0597s/iter; left time: 728.6288s
	iters: 400, epoch: 10 | loss: 4.1505938
	speed: 0.0606s/iter; left time: 733.3508s
	iters: 500, epoch: 10 | loss: 395.9563599
	speed: 0.0642s/iter; left time: 770.3654s
	iters: 600, epoch: 10 | loss: 921141233319936.0000000
	speed: 0.0631s/iter; left time: 750.8271s
	iters: 700, epoch: 10 | loss: 219779264675840.0000000
	speed: 0.0668s/iter; left time: 787.6028s
	iters: 800, epoch: 10 | loss: 211276269617152.0000000
	speed: 0.0659s/iter; left time: 770.9217s
	iters: 900, epoch: 10 | loss: 118242093826048.0000000
	speed: 0.0640s/iter; left time: 741.6598s
	iters: 1000, epoch: 10 | loss: 98274992193536.0000000
	speed: 0.0665s/iter; left time: 764.9283s
	iters: 1100, epoch: 10 | loss: 50319316746240.0000000
	speed: 0.0659s/iter; left time: 750.5951s
Epoch: 10 cost time: 76.48097133636475
Epoch: 10, Steps: 1136 | Train Loss: 13849112447797462.0000000 Vali Loss: 39235789186790.8984375 Test Loss: 53315943286487.7500000
EarlyStopping counter: 9 out of 10
Updating learning rate to 0.006912631052658783
	iters: 100, epoch: 11 | loss: 46798492139520.0000000
	speed: 0.2340s/iter; left time: 2634.9517s
	iters: 200, epoch: 11 | loss: 53241970688000.0000000
	speed: 0.0767s/iter; left time: 856.4779s
	iters: 300, epoch: 11 | loss: 47926252404736.0000000
	speed: 0.1283s/iter; left time: 1419.5671s
	iters: 400, epoch: 11 | loss: 45540196745216.0000000
	speed: 0.1282s/iter; left time: 1405.0033s
	iters: 500, epoch: 11 | loss: 21653593522176.0000000
	speed: 0.1293s/iter; left time: 1404.6139s
	iters: 600, epoch: 11 | loss: 36332181127168.0000000
	speed: 0.1375s/iter; left time: 1479.7257s
	iters: 700, epoch: 11 | loss: 30328500518912.0000000
	speed: 0.1403s/iter; left time: 1495.6399s
	iters: 800, epoch: 11 | loss: 25151997476864.0000000
	speed: 0.1376s/iter; left time: 1452.9686s
	iters: 900, epoch: 11 | loss: 27232516964352.0000000
	speed: 0.1370s/iter; left time: 1433.0361s
	iters: 1000, epoch: 11 | loss: 24866732376064.0000000
	speed: 0.1353s/iter; left time: 1401.6129s
	iters: 1100, epoch: 11 | loss: 23437745586176.0000000
	speed: 0.1368s/iter; left time: 1403.7299s
Epoch: 11 cost time: 140.25235843658447
Epoch: 11, Steps: 1136 | Train Loss: 36238316205358.8750000 Vali Loss: 10487985581999.6855469 Test Loss: 12452938863029.9375000
EarlyStopping counter: 10 out of 10
Early stopping
>>>>>>>testing : long_term_forecast_Solar-Energy_96_336_none_TimeMixer_Solar_sl96_pl336_dm128_nh8_el2_dl1_df2048_fc3_ebtimeF_dtTrue_test_0<<<<<<<<<<<<<<<<<<<<<<<<<<<<<<<<<
test 10177
mse:0.23288236558437347, mae:0.30026212334632874
