Args in experiment:
Namespace(task_name='long_term_forecast', is_training=1, model_id='Solar-Energy_96_192', model='TimeMixer', data='Solar', root_path='<workspace>\\dataset\\solar', data_path='solar_AL.txt', features='M', target='OT', freq='h', checkpoints='./checkpoints/', seq_len=96, label_len=0, pred_len=192, seasonal_patterns='Monthly', inverse=False, top_k=5, num_kernels=6, enc_in=137, dec_in=137, c_out=137, d_model=128, n_heads=8, e_layers=2, d_layers=1, d_ff=2048, moving_avg=25, factor=3, distil=True, dropout=0.1, embed='timeF', activation='gelu', output_attention=False, channel_independence=0, decomp_method='moving_avg', use_norm=0, down_sampling_layers=3, down_sampling_window=2, down_sampling_method='avg', use_future_temporal_feature=0, mask_rate=0.125, anomaly_ratio=0.25, num_workers=0, itr=1, train_epochs=20, batch_size=32, patience=10, learning_rate=0.01, des='test', loss='MSE', drop_last=True, lradj='TST', pct_start=0.2, use_amp=False, comment='none', use_gpu=True, gpu=0, use_multi_gpu=False, devices='0,1', p_hidden_dims=[128, 128], p_hidden_layers=2)
Use GPU: cuda:0
>>>>>>>start training : long_term_forecast_Solar-Energy_96_192_none_TimeMixer_Solar_sl96_pl192_dm128_nh8_el2_dl1_df2048_fc3_ebtimeF_dtTrue_test_0>>>>>>>>>>>>>>>>>>>>>>>>>>
train 36505
val 5065
test 10321
	iters: 100, epoch: 1 | loss: 0.3220542
	speed: 0.1557s/iter; left time: 3534.2307s
	iters: 200, epoch: 1 | loss: 0.2465348
	speed: 0.1253s/iter; left time: 2832.8553s
	iters: 300, epoch: 1 | loss: 0.2075346
	speed: 0.1262s/iter; left time: 2839.8864s
	iters: 400, epoch: 1 | loss: 0.1729407
	speed: 0.1260s/iter; left time: 2821.4186s
	iters: 500, epoch: 1 | loss: 0.2006545
	speed: 0.1274s/iter; left time: 2842.0046s
	iters: 600, epoch: 1 | loss: 0.2026165
	speed: 0.1262s/iter; left time: 2801.4508s
	iters: 700, epoch: 1 | loss: 0.2142409
	speed: 0.1267s/iter; left time: 2800.7995s
	iters: 800, epoch: 1 | loss: 0.1672122
	speed: 0.1200s/iter; left time: 2640.7057s
	iters: 900, epoch: 1 | loss: 0.1383382
	speed: 0.1197s/iter; left time: 2621.3002s
	iters: 1000, epoch: 1 | loss: 0.1613577
	speed: 0.1185s/iter; left time: 2583.7428s
	iters: 1100, epoch: 1 | loss: 0.1060880
	speed: 0.1027s/iter; left time: 2227.7427s
Epoch: 1 cost time: 139.23448777198792
Epoch: 1, Steps: 1140 | Train Loss: 0.2100406 Vali Loss: 0.1780407 Test Loss: 0.2388169
Validation loss decreased (inf --> 0.178041).  Saving model ...
Updating learning rate to 0.0018064722187555397
	iters: 100, epoch: 2 | loss: 0.1132445
	speed: 0.4202s/iter; left time: 9060.7439s
	iters: 200, epoch: 2 | loss: 0.1274057
	speed: 0.1268s/iter; left time: 2720.2196s
	iters: 300, epoch: 2 | loss: 0.1380527
	speed: 0.1270s/iter; left time: 2713.4665s
	iters: 400, epoch: 2 | loss: 0.1868412
	speed: 0.1269s/iter; left time: 2697.3255s
	iters: 500, epoch: 2 | loss: 0.1291258
	speed: 0.1262s/iter; left time: 2670.1817s
	iters: 600, epoch: 2 | loss: 0.1538943
	speed: 0.1271s/iter; left time: 2676.7366s
	iters: 700, epoch: 2 | loss: 0.1024274
	speed: 0.1268s/iter; left time: 2656.9964s
	iters: 800, epoch: 2 | loss: 0.3499758
	speed: 0.1278s/iter; left time: 2666.2676s
	iters: 900, epoch: 2 | loss: 3463.9233398
	speed: 0.1266s/iter; left time: 2629.2219s
	iters: 1000, epoch: 2 | loss: 893.5398560
	speed: 0.1222s/iter; left time: 2525.5209s
	iters: 1100, epoch: 2 | loss: 564.3006592
	speed: 0.1024s/iter; left time: 2105.3559s
Epoch: 2 cost time: 140.8903510570526
Epoch: 2, Steps: 1140 | Train Loss: 57528.1468424 Vali Loss: 282.1920693 Test Loss: 287.5826808
EarlyStopping counter: 1 out of 10
Updating learning rate to 0.005201653832467521
	iters: 100, epoch: 3 | loss: 348.5466919
	speed: 0.4198s/iter; left time: 8571.8230s
	iters: 200, epoch: 3 | loss: 225.5996857
	speed: 0.1271s/iter; left time: 2582.4918s
	iters: 300, epoch: 3 | loss: 213.9295502
	speed: 0.1269s/iter; left time: 2565.2832s
	iters: 400, epoch: 3 | loss: 145.1502380
	speed: 0.1267s/iter; left time: 2549.4427s
	iters: 500, epoch: 3 | loss: 151.3511505
	speed: 0.1237s/iter; left time: 2477.5869s
	iters: 600, epoch: 3 | loss: 107.5168610
	speed: 0.1198s/iter; left time: 2387.3314s
	iters: 700, epoch: 3 | loss: 95.7943954
	speed: 0.1205s/iter; left time: 2388.2682s
	iters: 800, epoch: 3 | loss: 96.4614563
	speed: 0.1204s/iter; left time: 2375.0171s
	iters: 900, epoch: 3 | loss: 72.6374817
	speed: 0.1261s/iter; left time: 2473.5982s
	iters: 1000, epoch: 3 | loss: 74.5768204
	speed: 0.1273s/iter; left time: 2484.7841s
	iters: 1100, epoch: 3 | loss: 52.1079330
	speed: 0.1051s/iter; left time: 2041.2124s
Epoch: 3 cost time: 139.34517669677734
Epoch: 3, Steps: 1140 | Train Loss: 155.6180284 Vali Loss: 36.5973608 Test Loss: 37.5785157
EarlyStopping counter: 2 out of 10
Updating learning rate to 0.00859586625058782
	iters: 100, epoch: 4 | loss: 47.3478279
	speed: 0.4233s/iter; left time: 8162.5132s
	iters: 200, epoch: 4 | loss: 45.3701553
	speed: 0.1282s/iter; left time: 2459.8852s
	iters: 300, epoch: 4 | loss: 38.7003670
	speed: 0.1276s/iter; left time: 2435.2854s
	iters: 400, epoch: 4 | loss: 44.1582642
	speed: 0.1278s/iter; left time: 2426.2619s
	iters: 500, epoch: 4 | loss: 29.9630375
	speed: 0.1294s/iter; left time: 2443.6047s
	iters: 600, epoch: 4 | loss: 29.2345772
	speed: 0.1284s/iter; left time: 2410.7591s
	iters: 700, epoch: 4 | loss: 30.8254604
	speed: 0.1274s/iter; left time: 2379.8471s
	iters: 800, epoch: 4 | loss: 24.5284004
	speed: 0.1288s/iter; left time: 2393.1445s
	iters: 900, epoch: 4 | loss: 21.8166714
	speed: 0.1269s/iter; left time: 2345.9005s
	iters: 1000, epoch: 4 | loss: 22.9424438
	speed: 0.1270s/iter; left time: 2335.0150s
	iters: 1100, epoch: 4 | loss: 20.1833611
	speed: 0.1040s/iter; left time: 1901.3208s
Epoch: 4 cost time: 142.45648312568665
Epoch: 4, Steps: 1140 | Train Loss: 34.3898011 Vali Loss: 13.9013042 Test Loss: 14.4810865
EarlyStopping counter: 3 out of 10
Updating learning rate to 0.00999999992583682
	iters: 100, epoch: 5 | loss: 20.3200417
	speed: 0.4166s/iter; left time: 7557.4715s
	iters: 200, epoch: 5 | loss: 17.5517483
	speed: 0.1283s/iter; left time: 2315.2673s
	iters: 300, epoch: 5 | loss: 22.8577156
	speed: 0.1287s/iter; left time: 2308.1523s
	iters: 400, epoch: 5 | loss: 18.7595654
	speed: 0.1280s/iter; left time: 2283.2345s
	iters: 500, epoch: 5 | loss: 13.2068481
	speed: 0.1296s/iter; left time: 2299.1763s
	iters: 600, epoch: 5 | loss: 12.4399185
	speed: 0.1273s/iter; left time: 2246.0810s
	iters: 700, epoch: 5 | loss: 12.1818638
	speed: 0.1275s/iter; left time: 2236.1666s
	iters: 800, epoch: 5 | loss: 9.2712584
	speed: 0.1239s/iter; left time: 2160.5596s
	iters: 900, epoch: 5 | loss: 10.1976976
	speed: 0.1226s/iter; left time: 2126.5580s
	iters: 1000, epoch: 5 | loss: 11.7517185
	speed: 0.1186s/iter; left time: 2045.0910s
	iters: 1100, epoch: 5 | loss: 9.0231228
	speed: 0.1024s/iter; left time: 1755.0126s
Epoch: 5 cost time: 140.19884729385376
Epoch: 5, Steps: 1140 | Train Loss: 14.2408354 Vali Loss: 5.4852609 Test Loss: 6.0875321
EarlyStopping counter: 4 out of 10
Updating learning rate to 0.009903758705933182
	iters: 100, epoch: 6 | loss: 8.4370260
	speed: 0.4139s/iter; left time: 7036.5396s
	iters: 200, epoch: 6 | loss: 8.6449013
	speed: 0.1250s/iter; left time: 2113.1958s
	iters: 300, epoch: 6 | loss: 6.3413525
	speed: 0.1260s/iter; left time: 2116.7741s
	iters: 400, epoch: 6 | loss: 6.5693488
	speed: 0.1254s/iter; left time: 2094.4330s
	iters: 500, epoch: 6 | loss: 7.9827251
	speed: 0.1249s/iter; left time: 2072.9808s
	iters: 600, epoch: 6 | loss: 5.3887596
	speed: 0.1246s/iter; left time: 2055.5697s
	iters: 700, epoch: 6 | loss: 6.6343594
	speed: 0.1183s/iter; left time: 1940.1172s
	iters: 800, epoch: 6 | loss: 5.5998344
	speed: 0.1176s/iter; left time: 1917.5553s
	iters: 900, epoch: 6 | loss: 475658368.0000000
	speed: 0.1185s/iter; left time: 1919.4205s
	iters: 1000, epoch: 6 | loss: 7847725588545536.0000000
	speed: 0.1185s/iter; left time: 1907.5430s
	iters: 1100, epoch: 6 | loss: 3399616401768448.0000000
	speed: 0.1033s/iter; left time: 1652.9563s
Epoch: 6 cost time: 136.62963151931763
Epoch: 6, Steps: 1140 | Train Loss: 329528706401144768.0000000 Vali Loss: 2637780018740626.0000000 Test Loss: 3406824036615874.0000000
EarlyStopping counter: 5 out of 10
Updating learning rate to 0.009619069557608882
	iters: 100, epoch: 7 | loss: 1823158990536704.0000000
	speed: 0.4085s/iter; left time: 6479.7158s
	iters: 200, epoch: 7 | loss: 1695220907376640.0000000
	speed: 0.1174s/iter; left time: 1849.6997s
	iters: 300, epoch: 7 | loss: 1175383567237120.0000000
	speed: 0.1173s/iter; left time: 1837.2948s
	iters: 400, epoch: 7 | loss: 1143976484667392.0000000
	speed: 0.1173s/iter; left time: 1824.6318s
	iters: 500, epoch: 7 | loss: 729687697391616.0000000
	speed: 0.1194s/iter; left time: 1845.9682s
	iters: 600, epoch: 7 | loss: 727475386580992.0000000
	speed: 0.1252s/iter; left time: 1923.1246s
	iters: 700, epoch: 7 | loss: 617207134420992.0000000
	speed: 0.1198s/iter; left time: 1827.8921s
	iters: 800, epoch: 7 | loss: 491376705798144.0000000
	speed: 0.1178s/iter; left time: 1785.7375s
	iters: 900, epoch: 7 | loss: 705963640225792.0000000
	speed: 0.1179s/iter; left time: 1775.5650s
	iters: 1000, epoch: 7 | loss: 567227472412672.0000000
	speed: 0.1186s/iter; left time: 1773.6459s
	iters: 1100, epoch: 7 | loss: 393832529133568.0000000
	speed: 0.1047s/iter; left time: 1556.6146s
Epoch: 7 cost time: 133.37920880317688
Epoch: 7, Steps: 1140 | Train Loss: 954110504517689.5000000 Vali Loss: 368849834817302.6875000 Test Loss: 443588629842619.6250000
EarlyStopping counter: 6 out of 10
Updating learning rate to 0.009156872925178507
	iters: 100, epoch: 8 | loss: 401256312995840.0000000
	speed: 0.4131s/iter; left time: 6081.1791s
	iters: 200, epoch: 8 | loss: 443763973423104.0000000
	speed: 0.1240s/iter; left time: 1813.2679s
	iters: 300, epoch: 8 | loss: 298727021477888.0000000
	speed: 0.1248s/iter; left time: 1812.6590s
	iters: 400, epoch: 8 | loss: 318215133593600.0000000
	speed: 0.1255s/iter; left time: 1809.1946s
	iters: 500, epoch: 8 | loss: 346134534946816.0000000
	speed: 0.1262s/iter; left time: 1806.6188s
	iters: 600, epoch: 8 | loss: 260453729042432.0000000
	speed: 0.1220s/iter; left time: 1735.4213s
	iters: 700, epoch: 8 | loss: 206575427911680.0000000
	speed: 0.1182s/iter; left time: 1668.6650s
	iters: 800, epoch: 8 | loss: 224960471629824.0000000
	speed: 0.1264s/iter; left time: 1772.0225s
	iters: 900, epoch: 8 | loss: 164255991070720.0000000
	speed: 0.1183s/iter; left time: 1647.4958s
	iters: 1000, epoch: 8 | loss: 202029792231424.0000000
	speed: 0.1175s/iter; left time: 1623.6616s
	iters: 1100, epoch: 8 | loss: 228152672518144.0000000
	speed: 0.1047s/iter; left time: 1435.9064s
Epoch: 8 cost time: 137.1396872997284
Epoch: 8, Steps: 1140 | Train Loss: 283388622185798.9375000 Vali Loss: 142526940851549.9687500 Test Loss: 168025949600977.8750000
EarlyStopping counter: 7 out of 10
Updating learning rate to 0.0085349307660235
	iters: 100, epoch: 9 | loss: 164020589953024.0000000
	speed: 0.3045s/iter; left time: 4135.4461s
	iters: 200, epoch: 9 | loss: 178618110050304.0000000
	speed: 0.0966s/iter; left time: 1302.3155s
	iters: 300, epoch: 9 | loss: 158592422379520.0000000
	speed: 0.0999s/iter; left time: 1336.6782s
	iters: 400, epoch: 9 | loss: 135214042972160.0000000
	speed: 0.0951s/iter; left time: 1263.2195s
	iters: 500, epoch: 9 | loss: 154369093795840.0000000
	speed: 0.0866s/iter; left time: 1141.8657s
	iters: 600, epoch: 9 | loss: 193710256029696.0000000
	speed: 0.0710s/iter; left time: 928.3601s
	iters: 700, epoch: 9 | loss: 130019003203584.0000000
	speed: 0.0593s/iter; left time: 770.4106s
	iters: 800, epoch: 9 | loss: 110647786340352.0000000
	speed: 0.0614s/iter; left time: 791.0895s
	iters: 900, epoch: 9 | loss: 99743812288512.0000000
	speed: 0.0587s/iter; left time: 749.7197s
	iters: 1000, epoch: 9 | loss: 79224463425536.0000000
	speed: 0.0582s/iter; left time: 737.7806s
	iters: 1100, epoch: 9 | loss: 128702964826112.0000000
	speed: 0.0609s/iter; left time: 766.5203s
Epoch: 9 cost time: 84.02415037155151
Epoch: 9, Steps: 1140 | Train Loss: 138543724771708.8593750 Vali Loss: 79418367559498.5312500 Test Loss: 96195981626043.6250000
EarlyStopping counter: 8 out of 10
Updating learning rate to 0.007777143968531005
	iters: 100, epoch: 10 | loss: 67963034009600.0000000
	speed: 0.2148s/iter; left time: 2671.7803s
	iters: 200, epoch: 10 | loss: 98145589526528.0000000
	speed: 0.0641s/iter; left time: 791.4619s
	iters: 300, epoch: 10 | loss: 64771189637120.0000000
	speed: 0.0625s/iter; left time: 765.1977s
	iters: 400, epoch: 10 | loss: 69715812679680.0000000
	speed: 0.0726s/iter; left time: 881.4283s
	iters: 500, epoch: 10 | loss: 82019413393408.0000000
	speed: 0.1222s/iter; left time: 1471.1407s
	iters: 600, epoch: 10 | loss: 98471654719488.0000000
	speed: 0.1222s/iter; left time: 1459.1080s
	iters: 700, epoch: 10 | loss: 58126120255488.0000000
	speed: 0.1218s/iter; left time: 1442.5480s
	iters: 800, epoch: 10 | loss: 67599106834432.0000000
	speed: 0.1224s/iter; left time: 1436.8453s
	iters: 900, epoch: 10 | loss: 46853181669376.0000000
	speed: 0.1221s/iter; left time: 1421.1264s
	iters: 1000, epoch: 10 | loss: 62121710714880.0000000
	speed: 0.1222s/iter; left time: 1409.7681s
	iters: 1100, epoch: 10 | loss: 64606408015872.0000000
	speed: 0.1225s/iter; left time: 1401.9872s
Epoch: 10 cost time: 116.56258034706116
Epoch: 10, Steps: 1140 | Train Loss: 77560936049322.6718750 Vali Loss: 40298309361767.6953125 Test Loss: 51918798027171.7734375
EarlyStopping counter: 9 out of 10
Updating learning rate to 0.006912633854356928
	iters: 100, epoch: 11 | loss: 49946560561152.0000000
	speed: 0.4118s/iter; left time: 4653.6732s
	iters: 200, epoch: 11 | loss: 63138502279168.0000000
	speed: 0.1231s/iter; left time: 1378.4368s
	iters: 300, epoch: 11 | loss: 49433127419904.0000000
	speed: 0.1116s/iter; left time: 1238.8167s
	iters: 400, epoch: 11 | loss: 44995474096128.0000000
	speed: 0.1126s/iter; left time: 1238.4746s
	iters: 500, epoch: 11 | loss: 49293507428352.0000000
	speed: 0.1169s/iter; left time: 1274.2254s
	iters: 600, epoch: 11 | loss: 44167103250432.0000000
	speed: 0.1240s/iter; left time: 1339.6059s
	iters: 700, epoch: 11 | loss: 34516888453120.0000000
	speed: 0.1212s/iter; left time: 1297.0684s
	iters: 800, epoch: 11 | loss: 35837257449472.0000000
	speed: 0.1218s/iter; left time: 1290.7924s
	iters: 900, epoch: 11 | loss: 41824714489856.0000000
	speed: 0.1217s/iter; left time: 1278.2853s
	iters: 1000, epoch: 11 | loss: 36205328596992.0000000
	speed: 0.1224s/iter; left time: 1273.5501s
	iters: 1100, epoch: 11 | loss: 40265096101888.0000000
	speed: 0.1228s/iter; left time: 1264.9015s
Epoch: 11 cost time: 136.6965208053589
Epoch: 11, Steps: 1140 | Train Loss: 45570879278399.7734375 Vali Loss: 22204176131603.4414062 Test Loss: 28161696425920.3984375
EarlyStopping counter: 10 out of 10
Early stopping
>>>>>>>testing : long_term_forecast_Solar-Energy_96_192_none_TimeMixer_Solar_sl96_pl192_dm128_nh8_el2_dl1_df2048_fc3_ebtimeF_dtTrue_test_0<<<<<<<<<<<<<<<<<<<<<<<<<<<<<<<<<
test 10321
mse:0.23881745338439941, mae:0.30702587962150574
