Args in experiment:
Namespace(task_name='long_term_forecast', is_training=1, model_id='Solar-Energy_96_96', model='TimeMixer', data='Solar', root_path='<workspace>\\dataset\\solar', data_path='solar_AL.txt', features='M', target='OT', freq='h', checkpoints='./checkpoints/', seq_len=96, label_len=0, pred_len=96, seasonal_patterns='Monthly', inverse=False, top_k=5, num_kernels=6, enc_in=137, dec_in=137, c_out=137, d_model=128, n_heads=8, e_layers=2, d_layers=1, d_ff=2048, moving_avg=25, factor=3, distil=True, dropout=0.1, embed='timeF', activation='gelu', output_attention=False, channel_independence=0, decomp_method='moving_avg', use_norm=0, down_sampling_layers=3, down_sampling_window=2, down_sampling_method='avg', use_future_temporal_feature=0, mask_rate=0.125, anomaly_ratio=0.25, num_workers=0, itr=1, train_epochs=20, batch_size=32, patience=10, learning_rate=0.01, des='test', loss='MSE', drop_last=True, lradj='TST', pct_start=0.2, use_amp=False, comment='none', use_gpu=True, gpu=0, use_multi_gpu=False, devices='0,1', p_hidden_dims=[128, 128], p_hidden_layers=2)
Use GPU: cuda:0
>>>>>>>start training : long_term_forecast_Solar-Energy_96_96_none_TimeMixer_Solar_sl96_pl96_dm128_nh8_el2_dl1_df2048_fc3_ebtimeF_dtTrue_test_0>>>>>>>>>>>>>>>>>>>>>>>>>>
train 36601
val 5161
test 10417
	iters: 100, epoch: 1 | loss: 0.2137861
	speed: 0.1483s/iter; left time: 3374.4169s
	iters: 200, epoch: 1 | loss: 0.2270124
	speed: 0.1176s/iter; left time: 2665.0315s
	iters: 300, epoch: 1 | loss: 0.2412542
	speed: 0.1174s/iter; left time: 2649.2658s
	iters: 400, epoch: 1 | loss: 0.2309124
	speed: 0.1173s/iter; left time: 2634.5177s
	iters: 500, epoch: 1 | loss: 0.1631170
	speed: 0.1183s/iter; left time: 2645.4437s
	iters: 600, epoch: 1 | loss: 0.1911310
	speed: 0.1178s/iter; left time: 2621.9314s
	iters: 700, epoch: 1 | loss: 0.1206780
	speed: 0.1179s/iter; left time: 2613.3548s
	iters: 800, epoch: 1 | loss: 0.1325191
	speed: 0.1184s/iter; left time: 2612.1901s
	iters: 900, epoch: 1 | loss: 0.1240777
	speed: 0.1018s/iter; left time: 2235.0068s
	iters: 1000, epoch: 1 | loss: 0.1280787
	speed: 0.1033s/iter; left time: 2258.3463s
	iters: 1100, epoch: 1 | loss: 0.1243165
	speed: 0.1161s/iter; left time: 2525.5468s
Epoch: 1 cost time: 131.56236958503723
Epoch: 1, Steps: 1143 | Train Loss: 0.1982616 Vali Loss: 0.1723161 Test Loss: 0.2082481
Validation loss decreased (inf --> 0.172316).  Saving model ...
Updating learning rate to 0.001806470683462574
	iters: 100, epoch: 2 | loss: 0.1222519
	speed: 0.3828s/iter; left time: 8275.0612s
	iters: 200, epoch: 2 | loss: 0.1350193
	speed: 0.1176s/iter; left time: 2531.2426s
	iters: 300, epoch: 2 | loss: 0.0753283
	speed: 0.1176s/iter; left time: 2518.7892s
	iters: 400, epoch: 2 | loss: 0.0952783
	speed: 0.1180s/iter; left time: 2514.5970s
	iters: 500, epoch: 2 | loss: 0.0973434
	speed: 0.1182s/iter; left time: 2507.4827s
	iters: 600, epoch: 2 | loss: 0.1002952
	speed: 0.1178s/iter; left time: 2488.2121s
	iters: 700, epoch: 2 | loss: 0.0968321
	speed: 0.1182s/iter; left time: 2485.2224s
	iters: 800, epoch: 2 | loss: 0.1019547
	speed: 0.1177s/iter; left time: 2461.6639s
	iters: 900, epoch: 2 | loss: 0.1103526
	speed: 0.1034s/iter; left time: 2153.4574s
	iters: 1000, epoch: 2 | loss: 0.1088457
	speed: 0.1031s/iter; left time: 2135.7292s
	iters: 1100, epoch: 2 | loss: 304858791936.0000000
	speed: 0.1111s/iter; left time: 2290.7115s
Epoch: 2 cost time: 130.81714844703674
Epoch: 2, Steps: 1143 | Train Loss: 11874811420.3541660 Vali Loss: 1743273362.6832299 Test Loss: 1760170178.9538462
EarlyStopping counter: 1 out of 10
Updating learning rate to 0.005201649490750429
	iters: 100, epoch: 3 | loss: 208205360.0000000
	speed: 0.3721s/iter; left time: 7618.7537s
	iters: 200, epoch: 3 | loss: 103549800.0000000
	speed: 0.1121s/iter; left time: 2283.6057s
	iters: 300, epoch: 3 | loss: 82351368.0000000
	speed: 0.1123s/iter; left time: 2276.9667s
	iters: 400, epoch: 3 | loss: 57786924.0000000
	speed: 0.1120s/iter; left time: 2258.8722s
	iters: 500, epoch: 3 | loss: 49434684.0000000
	speed: 0.1126s/iter; left time: 2259.4772s
	iters: 600, epoch: 3 | loss: 40827848.0000000
	speed: 0.1122s/iter; left time: 2242.1612s
	iters: 700, epoch: 3 | loss: 32188892.0000000
	speed: 0.1120s/iter; left time: 2226.8746s
	iters: 800, epoch: 3 | loss: 30461274.0000000
	speed: 0.1117s/iter; left time: 2208.1272s
	iters: 900, epoch: 3 | loss: 21446416.0000000
	speed: 0.1025s/iter; left time: 2017.4025s
	iters: 1000, epoch: 3 | loss: 18787432.0000000
	speed: 0.1030s/iter; left time: 2015.4010s
	iters: 1100, epoch: 3 | loss: 13656200.0000000
	speed: 0.1101s/iter; left time: 2144.4437s
Epoch: 3 cost time: 125.95916390419006
Epoch: 3, Steps: 1143 | Train Loss: 102022685.9273841 Vali Loss: 11016248.9689441 Test Loss: 14875485.9584615
EarlyStopping counter: 2 out of 10
Updating learning rate to 0.008595861647878652
	iters: 100, epoch: 4 | loss: 15506487.0000000
	speed: 0.3737s/iter; left time: 7225.1457s
	iters: 200, epoch: 4 | loss: 14170151.0000000
	speed: 0.1135s/iter; left time: 2183.3574s
	iters: 300, epoch: 4 | loss: 8953852.0000000
	speed: 0.1128s/iter; left time: 2158.1885s
	iters: 400, epoch: 4 | loss: 9034692.0000000
	speed: 0.1127s/iter; left time: 2145.8126s
	iters: 500, epoch: 4 | loss: 8861320.0000000
	speed: 0.1127s/iter; left time: 2133.2604s
	iters: 600, epoch: 4 | loss: 7423998.5000000
	speed: 0.1128s/iter; left time: 2123.6528s
	iters: 700, epoch: 4 | loss: 6520458.0000000
	speed: 0.1123s/iter; left time: 2104.4991s
	iters: 800, epoch: 4 | loss: 27282500.0000000
	speed: 0.1129s/iter; left time: 2103.1071s
	iters: 900, epoch: 4 | loss: 7034478.0000000
	speed: 0.1026s/iter; left time: 1902.2932s
	iters: 1000, epoch: 4 | loss: 8811179.0000000
	speed: 0.1029s/iter; left time: 1895.9428s
	iters: 1100, epoch: 4 | loss: 5941805.0000000
	speed: 0.1114s/iter; left time: 2042.8864s
Epoch: 4 cost time: 126.7579026222229
Epoch: 4, Steps: 1143 | Train Loss: 9611511.2804024 Vali Loss: 3572323.9083851 Test Loss: 4651634.3786538
EarlyStopping counter: 3 out of 10
Updating learning rate to 0.009999999926225616
	iters: 100, epoch: 5 | loss: 6138273.5000000
	speed: 0.3749s/iter; left time: 6819.3111s
	iters: 200, epoch: 5 | loss: 4519933.0000000
	speed: 0.1125s/iter; left time: 2035.1786s
	iters: 300, epoch: 5 | loss: 3571219.0000000
	speed: 0.1126s/iter; left time: 2026.4159s
	iters: 400, epoch: 5 | loss: 3518915.0000000
	speed: 0.1124s/iter; left time: 2010.8693s
	iters: 500, epoch: 5 | loss: 3396823.7500000
	speed: 0.1125s/iter; left time: 2000.8266s
	iters: 600, epoch: 5 | loss: 3272519.2500000
	speed: 0.1131s/iter; left time: 1999.8257s
	iters: 700, epoch: 5 | loss: 2852588.2500000
	speed: 0.1130s/iter; left time: 1986.8979s
	iters: 800, epoch: 5 | loss: 3234280.2500000
	speed: 0.1129s/iter; left time: 1974.0147s
	iters: 900, epoch: 5 | loss: 2870382.0000000
	speed: 0.1029s/iter; left time: 1790.0161s
	iters: 1000, epoch: 5 | loss: 3077504.2500000
	speed: 0.1042s/iter; left time: 1801.3651s
	iters: 1100, epoch: 5 | loss: 2543453.7500000
	speed: 0.1112s/iter; left time: 1910.6344s
Epoch: 5 cost time: 126.76056432723999
Epoch: 5, Steps: 1143 | Train Loss: 3642044.8064304 Vali Loss: 1592603.6304348 Test Loss: 2137515.7816346
EarlyStopping counter: 4 out of 10
Updating learning rate to 0.009903759147279437
	iters: 100, epoch: 6 | loss: 2112442.5000000
	speed: 0.3750s/iter; left time: 6391.9339s
	iters: 200, epoch: 6 | loss: 2182370.0000000
	speed: 0.1125s/iter; left time: 1906.1200s
	iters: 300, epoch: 6 | loss: 2090340.0000000
	speed: 0.1124s/iter; left time: 1894.0617s
	iters: 400, epoch: 6 | loss: 1703748.5000000
	speed: 0.1126s/iter; left time: 1885.6917s
	iters: 500, epoch: 6 | loss: 1498185.7500000
	speed: 0.1131s/iter; left time: 1882.6637s
	iters: 600, epoch: 6 | loss: 1598288.0000000
	speed: 0.1127s/iter; left time: 1864.0487s
	iters: 700, epoch: 6 | loss: 1768085.5000000
	speed: 0.1126s/iter; left time: 1852.1805s
	iters: 800, epoch: 6 | loss: 1131097.2500000
	speed: 0.1129s/iter; left time: 1844.9677s
	iters: 900, epoch: 6 | loss: 1625828.8750000
	speed: 0.1031s/iter; left time: 1675.5972s
	iters: 1000, epoch: 6 | loss: 1582479.8750000
	speed: 0.1027s/iter; left time: 1658.3148s
	iters: 1100, epoch: 6 | loss: 1499936.3750000
	speed: 0.1111s/iter; left time: 1783.0299s
Epoch: 6 cost time: 126.67751693725586
Epoch: 6, Steps: 1143 | Train Loss: 1808347.5532043 Vali Loss: 791589.2602873 Test Loss: 1242928.9351923
EarlyStopping counter: 5 out of 10
Updating learning rate to 0.009619070422951905
	iters: 100, epoch: 7 | loss: 845929.8125000
	speed: 0.3790s/iter; left time: 6027.0627s
	iters: 200, epoch: 7 | loss: 1324073.1250000
	speed: 0.1178s/iter; left time: 1861.4381s
	iters: 300, epoch: 7 | loss: 903027.0000000
	speed: 0.1184s/iter; left time: 1858.6577s
	iters: 400, epoch: 7 | loss: 1580824.8750000
	speed: 0.1189s/iter; left time: 1855.4796s
	iters: 500, epoch: 7 | loss: 871372.6250000
	speed: 0.1187s/iter; left time: 1840.5927s
	iters: 600, epoch: 7 | loss: 1222407.8750000
	speed: 0.1127s/iter; left time: 1736.1652s
	iters: 700, epoch: 7 | loss: 1127513.8750000
	speed: 0.1129s/iter; left time: 1727.7368s
	iters: 800, epoch: 7 | loss: 660881.5625000
	speed: 0.1135s/iter; left time: 1725.4335s
	iters: 900, epoch: 7 | loss: 903254.1250000
	speed: 0.1036s/iter; left time: 1564.3124s
	iters: 1000, epoch: 7 | loss: 765123.1875000
	speed: 0.1042s/iter; left time: 1562.6383s
	iters: 1100, epoch: 7 | loss: 698447.5000000
	speed: 0.1150s/iter; left time: 1714.4529s
Epoch: 7 cost time: 130.41690731048584
Epoch: 7, Steps: 1143 | Train Loss: 990293.7900536 Vali Loss: 463141.5098020 Test Loss: 764844.7640385
EarlyStopping counter: 6 out of 10
Updating learning rate to 0.00915687418126365
	iters: 100, epoch: 8 | loss: 716745.6250000
	speed: 0.3814s/iter; left time: 5629.3851s
	iters: 200, epoch: 8 | loss: 582087.5000000
	speed: 0.1135s/iter; left time: 1664.1592s
	iters: 300, epoch: 8 | loss: 457649.4375000
	speed: 0.1131s/iter; left time: 1646.5175s
	iters: 400, epoch: 8 | loss: 638455.7500000
	speed: 0.1133s/iter; left time: 1637.9918s
	iters: 500, epoch: 8 | loss: 614851.5625000
	speed: 0.1132s/iter; left time: 1625.5989s
	iters: 600, epoch: 8 | loss: 501628.0312500
	speed: 0.1132s/iter; left time: 1613.9761s
	iters: 700, epoch: 8 | loss: 531837.7500000
	speed: 0.1142s/iter; left time: 1616.8470s
	iters: 800, epoch: 8 | loss: 388804.3437500
	speed: 0.1139s/iter; left time: 1600.7679s
	iters: 900, epoch: 8 | loss: 476914.5937500
	speed: 0.1041s/iter; left time: 1453.7518s
	iters: 1000, epoch: 8 | loss: 518749.1875000
	speed: 0.1039s/iter; left time: 1440.0009s
	iters: 1100, epoch: 8 | loss: 577961.4375000
	speed: 0.0737s/iter; left time: 1013.4552s
Epoch: 8 cost time: 121.62000584602356
Epoch: 8, Steps: 1143 | Train Loss: 570972.3413167 Vali Loss: 283713.0984084 Test Loss: 471301.2026442
EarlyStopping counter: 7 out of 10
Updating learning rate to 0.008534932364580116
	iters: 100, epoch: 9 | loss: 412343.0312500
	speed: 0.2707s/iter; left time: 3686.6587s
	iters: 200, epoch: 9 | loss: 688857.8125000
	speed: 0.0739s/iter; left time: 998.7545s
	iters: 300, epoch: 9 | loss: 350733.7812500
	speed: 0.0572s/iter; left time: 767.7717s
	iters: 400, epoch: 9 | loss: 296023.6562500
	speed: 0.0578s/iter; left time: 770.1106s
	iters: 500, epoch: 9 | loss: 254565.2656250
	speed: 0.0584s/iter; left time: 771.8834s
	iters: 600, epoch: 9 | loss: 238522.2031250
	speed: 0.0601s/iter; left time: 787.6906s
	iters: 700, epoch: 9 | loss: 335184.7500000
	speed: 0.0596s/iter; left time: 775.9721s
	iters: 800, epoch: 9 | loss: 259161.8437500
	speed: 0.0596s/iter; left time: 769.7679s
	iters: 900, epoch: 9 | loss: 264976.7812500
	speed: 0.0597s/iter; left time: 764.8749s
	iters: 1000, epoch: 9 | loss: 281955.4687500
	speed: 0.0574s/iter; left time: 730.0344s
	iters: 1100, epoch: 9 | loss: 213975.5156250
	speed: 0.1167s/iter; left time: 1472.3997s
Epoch: 9 cost time: 79.98891806602478
Epoch: 9, Steps: 1143 | Train Loss: 332759.8877816 Vali Loss: 222401.8244371 Test Loss: 366570.7493029
EarlyStopping counter: 8 out of 10
Updating learning rate to 0.0077771458481274616
	iters: 100, epoch: 10 | loss: 265529.6562500
	speed: 0.3875s/iter; left time: 4834.2356s
	iters: 200, epoch: 10 | loss: 233841.9218750
	speed: 0.1167s/iter; left time: 1443.5537s
	iters: 300, epoch: 10 | loss: 250600.4218750
	speed: 0.1178s/iter; left time: 1445.6450s
	iters: 400, epoch: 10 | loss: 180689.2031250
	speed: 0.1181s/iter; left time: 1438.0923s
	iters: 500, epoch: 10 | loss: 253271.5312500
	speed: 0.1175s/iter; left time: 1418.3576s
	iters: 600, epoch: 10 | loss: 188715.9062500
	speed: 0.1182s/iter; left time: 1414.9789s
	iters: 700, epoch: 10 | loss: 155768.3437500
	speed: 0.1180s/iter; left time: 1401.4972s
	iters: 800, epoch: 10 | loss: 177983.7031250
	speed: 0.1174s/iter; left time: 1382.8313s
	iters: 900, epoch: 10 | loss: 165670.1875000
	speed: 0.0994s/iter; left time: 1160.0786s
	iters: 1000, epoch: 10 | loss: 162252.2343750
	speed: 0.0999s/iter; left time: 1156.4296s
	iters: 1100, epoch: 10 | loss: 138318.4687500
	speed: 0.1101s/iter; left time: 1263.2253s
Epoch: 10 cost time: 130.1238977909088
Epoch: 10, Steps: 1143 | Train Loss: 214642.1609047 Vali Loss: 114722.3064101 Test Loss: 213731.2591226
EarlyStopping counter: 9 out of 10
Updating learning rate to 0.006912635942761386
	iters: 100, epoch: 11 | loss: 146351.2656250
	speed: 0.3882s/iter; left time: 4399.0835s
	iters: 200, epoch: 11 | loss: 176332.5312500
	speed: 0.1185s/iter; left time: 1330.6931s
	iters: 300, epoch: 11 | loss: 177171.3125000
	speed: 0.1184s/iter; left time: 1318.1816s
	iters: 400, epoch: 11 | loss: 98487.4218750
	speed: 0.1181s/iter; left time: 1302.5198s
	iters: 500, epoch: 11 | loss: 130406.3671875
	speed: 0.1184s/iter; left time: 1293.9630s
	iters: 600, epoch: 11 | loss: 121810.8046875
	speed: 0.1176s/iter; left time: 1273.7988s
	iters: 700, epoch: 11 | loss: 115266.0234375
	speed: 0.1188s/iter; left time: 1274.9513s
	iters: 800, epoch: 11 | loss: 105531.7343750
	speed: 0.1192s/iter; left time: 1267.1959s
	iters: 900, epoch: 11 | loss: 118994.7656250
	speed: 0.1071s/iter; left time: 1127.5517s
	iters: 1000, epoch: 11 | loss: 108430.2265625
	speed: 0.0988s/iter; left time: 1030.4184s
	iters: 1100, epoch: 11 | loss: 97319.5781250
	speed: 0.1050s/iter; left time: 1084.5562s
Epoch: 11 cost time: 130.78247904777527
Epoch: 11, Steps: 1143 | Train Loss: 140182.0139299 Vali Loss: 71822.0668066 Test Loss: 151565.3226923
EarlyStopping counter: 10 out of 10
Early stopping
>>>>>>>testing : long_term_forecast_Solar-Energy_96_96_none_TimeMixer_Solar_sl96_pl96_dm128_nh8_el2_dl1_df2048_fc3_ebtimeF_dtTrue_test_0<<<<<<<<<<<<<<<<<<<<<<<<<<<<<<<<<
test 10417
mse:0.20824787020683289, mae:0.2755160927772522
