Args in experiment:
Namespace(task_name='long_term_forecast', is_training=1, model_id='Solar-Energy_96_720', model='TimeMixer', data='Solar', root_path='<workspace>\\dataset\\solar', data_path='solar_AL.txt', features='M', target='OT', freq='h', checkpoints='./checkpoints/', seq_len=96, label_len=0, pred_len=720, seasonal_patterns='Monthly', inverse=False, top_k=5, num_kernels=6, enc_in=137, dec_in=137, c_out=137, d_model=128, n_heads=8, e_layers=2, d_layers=1, d_ff=2048, moving_avg=25, factor=3, distil=True, dropout=0.1, embed='timeF', activation='gelu', output_attention=False, channel_independence=0, decomp_method='moving_avg', use_norm=0, down_sampling_layers=3, down_sampling_window=2, down_sampling_method='avg', use_future_temporal_feature=0, mask_rate=0.125, anomaly_ratio=0.25, num_workers=0, itr=1, train_epochs=20, batch_size=32, patience=10, learning_rate=0.01, des='test', loss='MSE', drop_last=True, lradj='TST', pct_start=0.2, use_amp=False, comment='none', use_gpu=True, gpu=0, use_multi_gpu=False, devices='0,1', p_hidden_dims=[128, 128], p_hidden_layers=2)
Use GPU: cuda:0
>>>>>>>start training : long_term_forecast_Solar-Energy_96_720_none_TimeMixer_Solar_sl96_pl720_dm128_nh8_el2_dl1_df2048_fc3_ebtimeF_dtTrue_test_0>>>>>>>>>>>>>>>>>>>>>>>>>>
train 35977
val 4537
test 9793
	iters: 100, epoch: 1 | loss: 0.3236049
	speed: 0.2833s/iter; left time: 6340.2600s
	iters: 200, epoch: 1 | loss: 0.2202526
	speed: 0.1838s/iter; left time: 4094.8156s
	iters: 300, epoch: 1 | loss: 0.2016056
	speed: 0.1824s/iter; left time: 4046.1432s
	iters: 400, epoch: 1 | loss: 0.2365707
	speed: 0.1822s/iter; left time: 4022.9969s
	iters: 500, epoch: 1 | loss: 0.2007988
	speed: 0.1804s/iter; left time: 3965.5288s
	iters: 600, epoch: 1 | loss: 0.2016780
	speed: 0.1930s/iter; left time: 4223.5285s
	iters: 700, epoch: 1 | loss: 0.1784456
	speed: 0.1897s/iter; left time: 4131.6983s
	iters: 800, epoch: 1 | loss: 0.1837198
	speed: 0.1881s/iter; left time: 4078.8548s
	iters: 900, epoch: 1 | loss: 0.1729540
	speed: 0.1840s/iter; left time: 3971.4869s
	iters: 1000, epoch: 1 | loss: 0.1866676
	speed: 0.1881s/iter; left time: 4039.5475s
	iters: 1100, epoch: 1 | loss: 0.1855907
	speed: 0.1865s/iter; left time: 3987.0662s
Epoch: 1 cost time: 211.3368945121765
Epoch: 1, Steps: 1124 | Train Loss: 0.2337053 Vali Loss: 0.1787026 Test Loss: 0.2475618
Validation loss decreased (inf --> 0.178703).  Saving model ...
Updating learning rate to 0.0018064805454407005
	iters: 100, epoch: 2 | loss: 0.1715284
	speed: 0.6928s/iter; left time: 14726.2456s
	iters: 200, epoch: 2 | loss: 0.1818285
	speed: 0.1811s/iter; left time: 3831.6290s
	iters: 300, epoch: 2 | loss: 0.1668644
	speed: 0.1857s/iter; left time: 3910.8273s
	iters: 400, epoch: 2 | loss: 0.1700217
	speed: 0.1857s/iter; left time: 3892.4654s
	iters: 500, epoch: 2 | loss: 0.1605174
	speed: 0.1865s/iter; left time: 3889.1413s
	iters: 600, epoch: 2 | loss: 0.2024841
	speed: 0.1916s/iter; left time: 3977.2421s
	iters: 700, epoch: 2 | loss: 0.1530928
	speed: 0.1829s/iter; left time: 3778.1725s
	iters: 800, epoch: 2 | loss: 0.1728925
	speed: 0.1869s/iter; left time: 3842.6007s
	iters: 900, epoch: 2 | loss: 9221645.0000000
	speed: 0.1856s/iter; left time: 3796.4331s
	iters: 1000, epoch: 2 | loss: 33894.5078125
	speed: 0.1859s/iter; left time: 3784.6834s
	iters: 1100, epoch: 2 | loss: 19132.0019531
	speed: 0.1857s/iter; left time: 3761.3554s
Epoch: 2 cost time: 208.363214969635
Epoch: 2, Steps: 1124 | Train Loss: 1518169.0817997 Vali Loss: 9338.4123275 Test Loss: 9689.4132950
EarlyStopping counter: 1 out of 10
Updating learning rate to 0.005201677379803148
	iters: 100, epoch: 3 | loss: 11188.6396484
	speed: 0.6935s/iter; left time: 13963.1220s
	iters: 200, epoch: 3 | loss: 6625.3872070
	speed: 0.1813s/iter; left time: 3631.0491s
	iters: 300, epoch: 3 | loss: 6723.7719727
	speed: 0.1798s/iter; left time: 3583.6425s
	iters: 400, epoch: 3 | loss: 4383.5756836
	speed: 0.1903s/iter; left time: 3775.1023s
	iters: 500, epoch: 3 | loss: 4845.5581055
	speed: 0.1796s/iter; left time: 3544.6904s
	iters: 600, epoch: 3 | loss: 3337.6154785
	speed: 0.1852s/iter; left time: 3635.8308s
	iters: 700, epoch: 3 | loss: 2899.5791016
	speed: 0.1848s/iter; left time: 3609.6867s
	iters: 800, epoch: 3 | loss: 2854.4130859
	speed: 0.1849s/iter; left time: 3593.2232s
	iters: 900, epoch: 3 | loss: 2191.8032227
	speed: 0.1814s/iter; left time: 3506.8288s
	iters: 1000, epoch: 3 | loss: 2146.8046875
	speed: 0.1810s/iter; left time: 3480.8451s
	iters: 1100, epoch: 3 | loss: 1805.0740967
	speed: 0.1811s/iter; left time: 3465.4118s
Epoch: 3 cost time: 205.93315291404724
Epoch: 3, Steps: 1124 | Train Loss: 5135.8086293 Vali Loss: 921.6887034 Test Loss: 1005.4008761
EarlyStopping counter: 2 out of 10
Updating learning rate to 0.008595891213307078
	iters: 100, epoch: 4 | loss: 1586.4350586
	speed: 0.6758s/iter; left time: 12846.0428s
	iters: 200, epoch: 4 | loss: 1382.1170654
	speed: 0.1799s/iter; left time: 3401.5732s
	iters: 300, epoch: 4 | loss: 1310.8734131
	speed: 0.1826s/iter; left time: 3434.2896s
	iters: 400, epoch: 4 | loss: 1391.6678467
	speed: 0.1822s/iter; left time: 3408.0885s
	iters: 500, epoch: 4 | loss: 896.3437500
	speed: 0.1832s/iter; left time: 3409.6675s
	iters: 600, epoch: 4 | loss: 825.7620850
	speed: 0.1825s/iter; left time: 3377.6840s
	iters: 700, epoch: 4 | loss: 836.7679443
	speed: 0.1838s/iter; left time: 3383.3023s
	iters: 800, epoch: 4 | loss: 896.1770630
	speed: 0.1824s/iter; left time: 3339.6211s
	iters: 900, epoch: 4 | loss: 743.3914185
	speed: 0.1932s/iter; left time: 3518.0330s
	iters: 1000, epoch: 4 | loss: 701.7636108
	speed: 0.1874s/iter; left time: 3394.4371s
	iters: 1100, epoch: 4 | loss: 604.7598267
	speed: 0.1866s/iter; left time: 3359.9349s
Epoch: 4 cost time: 207.13665866851807
Epoch: 4, Steps: 1124 | Train Loss: 1060.8400089 Vali Loss: 331.1668318 Test Loss: 358.7270919
EarlyStopping counter: 3 out of 10
Updating learning rate to 0.009999999923710385
	iters: 100, epoch: 5 | loss: 514.9077148
	speed: 0.6928s/iter; left time: 12390.0890s
	iters: 200, epoch: 5 | loss: 653.2196655
	speed: 0.1858s/iter; left time: 3304.0296s
	iters: 300, epoch: 5 | loss: 490.4465027
	speed: 0.1863s/iter; left time: 3295.4022s
	iters: 400, epoch: 5 | loss: 459.4196472
	speed: 0.1834s/iter; left time: 3225.2823s
	iters: 500, epoch: 5 | loss: 420.3027039
	speed: 0.1898s/iter; left time: 3318.5339s
	iters: 600, epoch: 5 | loss: 434.7094116
	speed: 0.1898s/iter; left time: 3299.3099s
	iters: 700, epoch: 5 | loss: 399.1354675
	speed: 0.1874s/iter; left time: 3239.5222s
	iters: 800, epoch: 5 | loss: 331.2613831
	speed: 0.1904s/iter; left time: 3272.3746s
	iters: 900, epoch: 5 | loss: 351.3327332
	speed: 0.1832s/iter; left time: 3130.0834s
	iters: 1000, epoch: 5 | loss: 280.4787292
	speed: 0.1902s/iter; left time: 3231.1639s
	iters: 1100, epoch: 5 | loss: 303.3859863
	speed: 0.1889s/iter; left time: 3188.8566s
Epoch: 5 cost time: 210.396244764328
Epoch: 5, Steps: 1124 | Train Loss: 425.0179097 Vali Loss: 147.7222245 Test Loss: 161.8080845
EarlyStopping counter: 4 out of 10
Updating learning rate to 0.009903756312279813
	iters: 100, epoch: 6 | loss: 304.3301392
	speed: 0.6837s/iter; left time: 11459.1183s
	iters: 200, epoch: 6 | loss: 283.0780640
	speed: 0.1895s/iter; left time: 3157.9488s
	iters: 300, epoch: 6 | loss: 237.8482666
	speed: 0.1858s/iter; left time: 3077.1914s
	iters: 400, epoch: 6 | loss: 228.0066528
	speed: 0.1870s/iter; left time: 3078.8230s
	iters: 500, epoch: 6 | loss: 223.2618256
	speed: 0.1872s/iter; left time: 3062.3348s
	iters: 600, epoch: 6 | loss: 220.3939667
	speed: 0.1913s/iter; left time: 3110.3080s
	iters: 700, epoch: 6 | loss: 183.0561676
	speed: 0.1899s/iter; left time: 3069.3803s
	iters: 800, epoch: 6 | loss: 161.0866699
	speed: 0.2005s/iter; left time: 3220.5727s
	iters: 900, epoch: 6 | loss: 179.9805756
	speed: 0.1916s/iter; left time: 3058.8753s
	iters: 1000, epoch: 6 | loss: 201.2891541
	speed: 0.1942s/iter; left time: 3080.5886s
	iters: 1100, epoch: 6 | loss: 147.7440186
	speed: 0.1963s/iter; left time: 3093.6985s
Epoch: 6 cost time: 214.49513983726501
Epoch: 6, Steps: 1124 | Train Loss: 214.6278545 Vali Loss: 80.8104708 Test Loss: 88.1771970
EarlyStopping counter: 5 out of 10
Updating learning rate to 0.009619064864415333
	iters: 100, epoch: 7 | loss: 133.5162201
	speed: 0.7489s/iter; left time: 11709.9330s
	iters: 200, epoch: 7 | loss: 133.5293274
	speed: 0.1963s/iter; left time: 3050.5016s
	iters: 300, epoch: 7 | loss: 136.3300323
	speed: 0.2015s/iter; left time: 3110.1065s
	iters: 400, epoch: 7 | loss: 121.5115585
	speed: 0.1948s/iter; left time: 2987.5266s
	iters: 500, epoch: 7 | loss: 100.9151001
	speed: 0.1930s/iter; left time: 2941.3504s
	iters: 600, epoch: 7 | loss: 107.1010818
	speed: 0.1944s/iter; left time: 2942.6441s
	iters: 700, epoch: 7 | loss: 98.9105988
	speed: 0.2006s/iter; left time: 3017.0322s
	iters: 800, epoch: 7 | loss: 111.9688492
	speed: 0.2034s/iter; left time: 3038.3354s
	iters: 900, epoch: 7 | loss: 105.2085571
	speed: 0.1924s/iter; left time: 2854.8075s
	iters: 1000, epoch: 7 | loss: 139.8334045
	speed: 0.1595s/iter; left time: 2351.2520s
	iters: 1100, epoch: 7 | loss: 92.7280121
	speed: 0.1646s/iter; left time: 2408.6538s
Epoch: 7 cost time: 213.75021839141846
Epoch: 7, Steps: 1124 | Train Loss: 121.9371359 Vali Loss: 48.0229196 Test Loss: 51.3351244
EarlyStopping counter: 6 out of 10
Updating learning rate to 0.009156866112801575
	iters: 100, epoch: 8 | loss: 79.3865814
	speed: 0.5508s/iter; left time: 7993.3321s
	iters: 200, epoch: 8 | loss: 147.1348877
	speed: 0.1342s/iter; left time: 1934.0819s
	iters: 300, epoch: 8 | loss: 85.8805161
	speed: 0.1335s/iter; left time: 1910.4631s
	iters: 400, epoch: 8 | loss: 70.5950317
	speed: 0.1515s/iter; left time: 2153.4540s
	iters: 500, epoch: 8 | loss: 90.4602127
	speed: 0.1674s/iter; left time: 2362.8149s
	iters: 600, epoch: 8 | loss: 63.8155136
	speed: 0.1688s/iter; left time: 2365.3504s
	iters: 700, epoch: 8 | loss: 66.5354538
	speed: 0.1674s/iter; left time: 2329.4897s
	iters: 800, epoch: 8 | loss: 73.1190414
	speed: 0.1680s/iter; left time: 2320.2787s
	iters: 900, epoch: 8 | loss: 68.0055313
	speed: 0.1677s/iter; left time: 2300.0228s
	iters: 1000, epoch: 8 | loss: 49.9708061
	speed: 0.1694s/iter; left time: 2306.6731s
	iters: 1100, epoch: 8 | loss: 50.9618950
	speed: 0.1682s/iter; left time: 2273.1290s
Epoch: 8 cost time: 179.93140959739685
Epoch: 8, Steps: 1124 | Train Loss: 79.2344669 Vali Loss: 34.7789274 Test Loss: 37.1814642
EarlyStopping counter: 7 out of 10
Updating learning rate to 0.008534922096259012
	iters: 100, epoch: 9 | loss: 43.9650269
	speed: 0.5523s/iter; left time: 7394.6571s
	iters: 200, epoch: 9 | loss: 54.6534958
	speed: 0.1330s/iter; left time: 1768.0622s
	iters: 300, epoch: 9 | loss: 69.9553146
	speed: 0.1343s/iter; left time: 1771.5089s
	iters: 400, epoch: 9 | loss: 43.1588402
	speed: 0.1504s/iter; left time: 1967.9739s
	iters: 500, epoch: 9 | loss: 47.3966141
	speed: 0.1684s/iter; left time: 2186.8459s
	iters: 600, epoch: 9 | loss: 41.2426987
	speed: 0.1687s/iter; left time: 2174.9237s
	iters: 700, epoch: 9 | loss: 44.8894577
	speed: 0.1691s/iter; left time: 2163.0701s
	iters: 800, epoch: 9 | loss: 40.0673561
	speed: 0.1681s/iter; left time: 2133.5777s
	iters: 900, epoch: 9 | loss: 37.5106049
	speed: 0.1684s/iter; left time: 2119.9751s
	iters: 1000, epoch: 9 | loss: 30.0324268
	speed: 0.1708s/iter; left time: 2133.7068s
	iters: 1100, epoch: 9 | loss: 34.3235359
	speed: 0.1687s/iter; left time: 2089.6750s
Epoch: 9 cost time: 180.60612535476685
Epoch: 9, Steps: 1124 | Train Loss: 57.3234100 Vali Loss: 19.1472087 Test Loss: 19.8038191
EarlyStopping counter: 8 out of 10
Updating learning rate to 0.007777133774553148
	iters: 100, epoch: 10 | loss: 38.6352921
	speed: 0.5509s/iter; left time: 6756.5770s
	iters: 200, epoch: 10 | loss: 27.7207870
	speed: 0.1357s/iter; left time: 1650.8191s
	iters: 300, epoch: 10 | loss: 33.2164497
	speed: 0.1354s/iter; left time: 1633.7800s
	iters: 400, epoch: 10 | loss: 28.5336742
	speed: 0.1114s/iter; left time: 1333.3746s
	iters: 500, epoch: 10 | loss: 34.9388390
	speed: 0.0803s/iter; left time: 952.2863s
	iters: 600, epoch: 10 | loss: 44.2063599
	speed: 0.1168s/iter; left time: 1374.5024s
	iters: 700, epoch: 10 | loss: 24.5149670
	speed: 0.1130s/iter; left time: 1318.1237s
	iters: 800, epoch: 10 | loss: 23.9416523
	speed: 0.1231s/iter; left time: 1424.0496s
	iters: 900, epoch: 10 | loss: 22.7549171
	speed: 0.1199s/iter; left time: 1374.6442s
	iters: 1000, epoch: 10 | loss: 45.0230789
	speed: 0.1447s/iter; left time: 1644.0551s
	iters: 1100, epoch: 10 | loss: 25.0617962
	speed: 0.1610s/iter; left time: 1813.3600s
Epoch: 10 cost time: 142.37006044387817
Epoch: 10, Steps: 1124 | Train Loss: 34.3097346 Vali Loss: 20.9413423 Test Loss: 21.6025432
EarlyStopping counter: 9 out of 10
Updating learning rate to 0.0069126225279145526
	iters: 100, epoch: 11 | loss: 21.0873718
	speed: 0.3687s/iter; left time: 4107.7816s
	iters: 200, epoch: 11 | loss: 25.4803162
	speed: 0.0891s/iter; left time: 983.5225s
	iters: 300, epoch: 11 | loss: 22.9698200
	speed: 0.0784s/iter; left time: 857.8715s
	iters: 400, epoch: 11 | loss: 20.3350105
	speed: 0.0739s/iter; left time: 801.2501s
	iters: 500, epoch: 11 | loss: 23.2113609
	speed: 0.0833s/iter; left time: 895.1962s
	iters: 600, epoch: 11 | loss: 26.2446461
	speed: 0.0765s/iter; left time: 813.9130s
	iters: 700, epoch: 11 | loss: 49.6542587
	speed: 0.0772s/iter; left time: 814.0435s
	iters: 800, epoch: 11 | loss: 20.5666428
	speed: 0.0826s/iter; left time: 862.8392s
	iters: 900, epoch: 11 | loss: 13.9325123
	speed: 0.0845s/iter; left time: 873.3904s
	iters: 1000, epoch: 11 | loss: 16.2859516
	speed: 0.0782s/iter; left time: 801.1565s
	iters: 1100, epoch: 11 | loss: 12.9226561
	speed: 0.0772s/iter; left time: 782.5627s
Epoch: 11 cost time: 94.46658611297607
Epoch: 11, Steps: 1124 | Train Loss: 23.6609602 Vali Loss: 12.9157313 Test Loss: 12.6970946
EarlyStopping counter: 10 out of 10
Early stopping
>>>>>>>testing : long_term_forecast_Solar-Energy_96_720_none_TimeMixer_Solar_sl96_pl720_dm128_nh8_el2_dl1_df2048_fc3_ebtimeF_dtTrue_test_0<<<<<<<<<<<<<<<<<<<<<<<<<<<<<<<<<
test 9793
mse:0.24756097793579102, mae:0.30740419030189514
