Args in experiment:
Namespace(activation='gelu', anomaly_ratio=0.25, batch_size=8, c_out=862, channel_independence=1, checkpoints='./checkpoints/', comment='none', d_ff=64, d_layers=1, d_model=32, data='custom', data_path='traffic.csv', dec_in=862, decomp_method='moving_avg', des='test', devices='0,1', distil=True, down_sampling_layers=3, down_sampling_method='avg', down_sampling_window=2, drop_last=True, dropout=0.1, e_layers=2, embed='timeF', enc_in=862, factor=3, features='M', freq='h', gpu=0, inverse=False, is_training=1, itr=1, label_len=0, learning_rate=0.001, loss='MSE', lradj='TST', mask_rate=0.125, model='TimeMixer', model_id='Traffic_96_336', moving_avg=25, n_heads=8, num_kernels=6, num_workers=0, output_attention=False, p_hidden_dims=[128, 128], p_hidden_layers=2, patience=10, pct_start=0.2, pred_len=336, root_path='<workspace>\\dataset\\traffic', seasonal_patterns='Monthly', seq_len=96, target='OT', task_name='long_term_forecast', top_k=5, train_epochs=20, use_amp=False, use_future_temporal_feature=0, use_gpu=True, use_multi_gpu=False, use_norm=1)
Use GPU: cuda:0
>>>>>>>start training : long_term_forecast_Traffic_96_336_none_TimeMixer_custom_sl96_pl336_dm32_nh8_el2_dl1_df64_fc3_ebtimeF_dtTrue_test_0>>>>>>>>>>>>>>>>>>>>>>>>>>
train 11849
val 1421
test 3173
	iters: 100, epoch: 1 | loss: 1.4729943
	speed: 4.4603s/iter; left time: 131671.0586s
	iters: 200, epoch: 1 | loss: 1.3992686
	speed: 4.4006s/iter; left time: 129471.4403s
	iters: 300, epoch: 1 | loss: 1.1128138
	speed: 4.3984s/iter; left time: 128964.6381s
	iters: 400, epoch: 1 | loss: 0.8271231
	speed: 4.4058s/iter; left time: 128740.4842s
	iters: 500, epoch: 1 | loss: 0.6873500
	speed: 4.4116s/iter; left time: 128470.6077s
	iters: 600, epoch: 1 | loss: 0.6096014
	speed: 4.4742s/iter; left time: 129844.5441s
	iters: 700, epoch: 1 | loss: 0.5841449
	speed: 4.5147s/iter; left time: 130569.5163s
	iters: 800, epoch: 1 | loss: 0.5996184
	speed: 4.5734s/iter; left time: 131809.2779s
	iters: 900, epoch: 1 | loss: 0.5420778
	speed: 4.6186s/iter; left time: 132651.3502s
	iters: 1000, epoch: 1 | loss: 0.5229859
	speed: 4.7010s/iter; left time: 134548.4360s
	iters: 1100, epoch: 1 | loss: 0.4825292
	speed: 4.7927s/iter; left time: 136692.8967s
	iters: 1200, epoch: 1 | loss: 0.4791792
	speed: 4.9528s/iter; left time: 140763.5175s
	iters: 1300, epoch: 1 | loss: 0.5111160
	speed: 4.6293s/iter; left time: 131105.6549s
	iters: 1400, epoch: 1 | loss: 0.4480265
	speed: 4.3932s/iter; left time: 123979.2191s
Epoch: 1 cost time: 6732.061051130295
Epoch: 1, Steps: 1481 | Train Loss: 0.7452086 Vali Loss: 0.5691303 Test Loss: 0.7017650
Validation loss decreased (inf --> 0.569130).  Saving model ...
Updating learning rate to 0.00018063375442594687
	iters: 100, epoch: 2 | loss: 0.4387883
	speed: 12.5466s/iter; left time: 351807.9840s
	iters: 200, epoch: 2 | loss: 0.4098080
	speed: 4.4209s/iter; left time: 123521.1851s
	iters: 300, epoch: 2 | loss: 0.4093543
	speed: 4.4813s/iter; left time: 124760.6314s
	iters: 400, epoch: 2 | loss: 0.4077304
	speed: 4.5284s/iter; left time: 125618.2760s
	iters: 500, epoch: 2 | loss: 0.3869938
	speed: 4.5795s/iter; left time: 126578.1421s
	iters: 600, epoch: 2 | loss: 0.3884659
	speed: 4.6327s/iter; left time: 127584.6029s
	iters: 700, epoch: 2 | loss: 0.4026141
	speed: 4.7113s/iter; left time: 129278.5694s
	iters: 800, epoch: 2 | loss: 0.3963847
	speed: 4.8246s/iter; left time: 131905.0082s
	iters: 900, epoch: 2 | loss: 0.4056556
	speed: 5.0013s/iter; left time: 136236.3984s
	iters: 1000, epoch: 2 | loss: 0.3735857
	speed: 4.4315s/iter; left time: 120271.6378s
	iters: 1100, epoch: 2 | loss: 0.3598763
	speed: 4.3970s/iter; left time: 118895.2081s
	iters: 1200, epoch: 2 | loss: 0.4562958
	speed: 4.3944s/iter; left time: 118386.0311s
	iters: 1300, epoch: 2 | loss: 0.3476542
	speed: 4.3980s/iter; left time: 118041.2002s
	iters: 1400, epoch: 2 | loss: 0.3469761
	speed: 4.4029s/iter; left time: 117734.1999s
Epoch: 2 cost time: 6720.052825212479
Epoch: 2, Steps: 1481 | Train Loss: 0.3899337 Vali Loss: 0.4771749 Test Loss: 0.5825800
Validation loss decreased (0.569130 --> 0.477175).  Saving model ...
Updating learning rate to 0.0005201272973540474
	iters: 100, epoch: 3 | loss: 0.3409365
	speed: 12.8058s/iter; left time: 340110.1058s
	iters: 200, epoch: 3 | loss: 0.3475691
	speed: 4.5903s/iter; left time: 121454.7421s
	iters: 300, epoch: 3 | loss: 0.3434985
	speed: 4.6505s/iter; left time: 122583.0755s
	iters: 400, epoch: 3 | loss: 0.3283619
	speed: 4.7364s/iter; left time: 124374.1686s
	iters: 500, epoch: 3 | loss: 0.3414074
	speed: 4.8547s/iter; left time: 126994.9560s
	iters: 600, epoch: 3 | loss: 0.3304302
	speed: 4.9889s/iter; left time: 130005.5867s
	iters: 700, epoch: 3 | loss: 0.3372642
	speed: 4.3985s/iter; left time: 114181.0399s
	iters: 800, epoch: 3 | loss: 0.3356565
	speed: 4.3970s/iter; left time: 113702.5069s
	iters: 900, epoch: 3 | loss: 0.3040153
	speed: 4.3961s/iter; left time: 113240.3137s
	iters: 1000, epoch: 3 | loss: 0.3139734
	speed: 4.3996s/iter; left time: 112888.5091s
	iters: 1100, epoch: 3 | loss: 0.3445226
	speed: 4.4088s/iter; left time: 112685.5847s
	iters: 1200, epoch: 3 | loss: 0.2958241
	speed: 4.4661s/iter; left time: 113702.0019s
	iters: 1300, epoch: 3 | loss: 0.3311608
	speed: 4.5072s/iter; left time: 114298.6017s
	iters: 1400, epoch: 3 | loss: 0.4045319
	speed: 4.5593s/iter; left time: 115162.5317s
Epoch: 3 cost time: 6761.886855602264
Epoch: 3, Steps: 1481 | Train Loss: 0.3400958 Vali Loss: 0.4471382 Test Loss: 0.5382497
Validation loss decreased (0.477175 --> 0.447138).  Saving model ...
Updating learning rate to 0.0008595462473453639
	iters: 100, epoch: 4 | loss: 0.3198586
	speed: 13.3549s/iter; left time: 334914.0909s
	iters: 200, epoch: 4 | loss: 0.3103464
	speed: 4.8927s/iter; left time: 122210.9494s
	iters: 300, epoch: 4 | loss: 0.3377500
	speed: 4.7620s/iter; left time: 118468.4726s
	iters: 400, epoch: 4 | loss: 0.3161589
	speed: 4.3955s/iter; left time: 108911.1260s
	iters: 500, epoch: 4 | loss: 0.3236547
	speed: 4.3963s/iter; left time: 108492.4247s
	iters: 600, epoch: 4 | loss: 0.3904023
	speed: 4.3970s/iter; left time: 108070.2233s
	iters: 700, epoch: 4 | loss: 0.2810918
	speed: 4.4027s/iter; left time: 107769.7193s
	iters: 800, epoch: 4 | loss: 0.2983645
	speed: 4.4333s/iter; left time: 108074.2017s
	iters: 900, epoch: 4 | loss: 0.3365709
	speed: 4.4916s/iter; left time: 109047.6313s
	iters: 1000, epoch: 4 | loss: 0.3007894
	speed: 4.5365s/iter; left time: 109683.3720s
	iters: 1100, epoch: 4 | loss: 0.2907216
	speed: 4.6125s/iter; left time: 111058.8914s
	iters: 1200, epoch: 4 | loss: 0.3141773
	speed: 4.6487s/iter; left time: 111465.6604s
	iters: 1300, epoch: 4 | loss: 0.3164016
	speed: 4.7400s/iter; left time: 113181.9875s
	iters: 1400, epoch: 4 | loss: 0.3103415
	speed: 4.8957s/iter; left time: 116408.8433s
Epoch: 4 cost time: 6792.568423032761
Epoch: 4, Steps: 1481 | Train Loss: 0.3187593 Vali Loss: 0.4371044 Test Loss: 0.5279179
Validation loss decreased (0.447138 --> 0.437104).  Saving model ...
Updating learning rate to 0.000999999995605718
	iters: 100, epoch: 5 | loss: 0.2933476
	speed: 12.5405s/iter; left time: 295918.1851s
	iters: 200, epoch: 5 | loss: 0.3198728
	speed: 4.3970s/iter; left time: 103316.7268s
	iters: 300, epoch: 5 | loss: 0.2600416
	speed: 4.4032s/iter; left time: 103022.2513s
	iters: 400, epoch: 5 | loss: 0.3127660
	speed: 4.4575s/iter; left time: 103847.3632s
	iters: 500, epoch: 5 | loss: 0.2624151
	speed: 4.5086s/iter; left time: 104585.8239s
	iters: 600, epoch: 5 | loss: 0.2757847
	speed: 4.5537s/iter; left time: 105177.8903s
	iters: 700, epoch: 5 | loss: 0.3064927
	speed: 4.6114s/iter; left time: 106049.0816s
	iters: 800, epoch: 5 | loss: 0.3306828
	speed: 4.6728s/iter; left time: 106992.2215s
	iters: 900, epoch: 5 | loss: 0.3049594
	speed: 4.7723s/iter; left time: 108793.9604s
	iters: 1000, epoch: 5 | loss: 0.2695919
	speed: 4.9494s/iter; left time: 112337.4476s
	iters: 1100, epoch: 5 | loss: 0.2753750
	speed: 4.6083s/iter; left time: 104134.3536s
	iters: 1200, epoch: 5 | loss: 0.3309451
	speed: 4.4168s/iter; left time: 99364.4785s
	iters: 1300, epoch: 5 | loss: 0.2956882
	speed: 4.4875s/iter; left time: 100507.6093s
	iters: 1400, epoch: 5 | loss: 0.3013175
	speed: 4.5097s/iter; left time: 100553.2429s
Epoch: 5 cost time: 6744.638818740845
Epoch: 5, Steps: 1481 | Train Loss: 0.3066358 Vali Loss: 0.4325955 Test Loss: 0.5234514
Validation loss decreased (0.437104 --> 0.432596).  Saving model ...
Updating learning rate to 0.0009903797419303173
	iters: 100, epoch: 6 | loss: 0.3777713
	speed: 13.2089s/iter; left time: 292127.6369s
	iters: 200, epoch: 6 | loss: 0.3194049
	speed: 4.8290s/iter; left time: 106316.2891s
	iters: 300, epoch: 6 | loss: 0.2879504
	speed: 4.4824s/iter; left time: 98236.2010s
	iters: 400, epoch: 6 | loss: 0.2820329
	speed: 4.3956s/iter; left time: 95895.4994s
	iters: 500, epoch: 6 | loss: 0.2707902
	speed: 4.3994s/iter; left time: 95538.3202s
	iters: 600, epoch: 6 | loss: 0.3547676
	speed: 4.3969s/iter; left time: 95042.5842s
	iters: 700, epoch: 6 | loss: 0.2676217
	speed: 4.4038s/iter; left time: 94752.9854s
	iters: 800, epoch: 6 | loss: 0.2737486
	speed: 4.4455s/iter; left time: 95205.3904s
	iters: 900, epoch: 6 | loss: 0.3607321
	speed: 4.5046s/iter; left time: 96019.0058s
	iters: 1000, epoch: 6 | loss: 0.3231292
	speed: 4.5321s/iter; left time: 96152.1100s
	iters: 1100, epoch: 6 | loss: 0.3075846
	speed: 4.5913s/iter; left time: 96949.9389s
	iters: 1200, epoch: 6 | loss: 0.2733328
	speed: 4.6615s/iter; left time: 97966.6178s
	iters: 1300, epoch: 6 | loss: 0.3120274
	speed: 4.7646s/iter; left time: 99656.9759s
	iters: 1400, epoch: 6 | loss: 0.2816094
	speed: 5.0333s/iter; left time: 104773.3043s
Epoch: 6 cost time: 6808.374491453171
Epoch: 6, Steps: 1481 | Train Loss: 0.2993323 Vali Loss: 0.4291976 Test Loss: 0.5173698
Validation loss decreased (0.432596 --> 0.429198).  Saving model ...
Updating learning rate to 0.0009619145466395403
	iters: 100, epoch: 7 | loss: 0.2916806
	speed: 12.9239s/iter; left time: 266685.2051s
