Args in experiment:
Namespace(task_name='long_term_forecast', is_training=1, model_id='Weather_96_96', model='TimeMixer', data='custom', root_path='C:\\Users\\bbbal\\OneDrive\\Masaüstü\\timemixer\\dataset\\weather', data_path='weather.csv', features='M', target='OT', freq='h', checkpoints='./checkpoints/', seq_len=96, label_len=0, pred_len=96, seasonal_patterns='Monthly', inverse=False, top_k=5, num_kernels=6, enc_in=21, dec_in=21, c_out=21, d_model=16, n_heads=8, e_layers=2, d_layers=1, d_ff=32, moving_avg=25, factor=3, distil=True, dropout=0.1, embed='timeF', activation='gelu', output_attention=False, channel_independence=1, decomp_method='moving_avg', use_norm=1, down_sampling_layers=3, down_sampling_window=2, down_sampling_method='avg', use_future_temporal_feature=0, mask_rate=0.125, anomaly_ratio=0.25, num_workers=0, itr=1, train_epochs=20, batch_size=128, patience=10, learning_rate=0.01, des='test', loss='MSE', drop_last=True, lradj='TST', pct_start=0.2, use_amp=False, comment='none', use_gpu=True, gpu=0, use_multi_gpu=False, devices='0,1', p_hidden_dims=[128, 128], p_hidden_layers=2)
Use GPU: cuda:0
>>>>>>>start training : long_term_forecast_Weather_96_96_none_TimeMixer_custom_sl96_pl96_dm16_nh8_el2_dl1_df32_fc3_ebtimeF_dtTrue_test_0>>>>>>>>>>>>>>>>>>>>>>>>>>
train 36696
val 5175
test 10444
	iters: 100, epoch: 1 | loss: 0.4310001
	speed: 0.2497s/iter; left time: 1403.4986s
	iters: 200, epoch: 1 | loss: 0.4130206
	speed: 0.2332s/iter; left time: 1287.3446s
Epoch: 1 cost time: 65.34915542602539
Epoch: 1, Steps: 286 | Train Loss: 0.5415684 Vali Loss: 0.4335919 Test Loss: 0.1790912
Validation loss decreased (inf --> 0.433592).  Saving model ...
Updating learning rate to 0.0018082204734143938
	iters: 100, epoch: 2 | loss: 0.4023909
	speed: 0.5230s/iter; left time: 2789.9737s
	iters: 200, epoch: 2 | loss: 0.6553658
	speed: 0.2310s/iter; left time: 1209.3142s
Epoch: 2 cost time: 64.64595937728882
Epoch: 2, Steps: 286 | Train Loss: 0.4430424 Vali Loss: 0.4173355 Test Loss: 0.1710096
Validation loss decreased (0.433592 --> 0.417335).  Saving model ...
Updating learning rate to 0.005206596517931138
	iters: 100, epoch: 3 | loss: 0.3279599
	speed: 0.5188s/iter; left time: 2619.3748s
	iters: 200, epoch: 3 | loss: 0.2791165
	speed: 0.2255s/iter; left time: 1116.0578s
Epoch: 3 cost time: 63.30526304244995
Epoch: 3, Steps: 286 | Train Loss: 0.4272214 Vali Loss: 0.4079382 Test Loss: 0.1687828
Validation loss decreased (0.417335 --> 0.407938).  Saving model ...
Updating learning rate to 0.0086011019992796
	iters: 100, epoch: 4 | loss: 0.5646078
	speed: 0.5122s/iter; left time: 2439.5797s
	iters: 200, epoch: 4 | loss: 0.3910307
	speed: 0.2233s/iter; left time: 1041.4405s
Epoch: 4 cost time: 63.05984950065613
Epoch: 4, Steps: 286 | Train Loss: 0.4206816 Vali Loss: 0.4102273 Test Loss: 0.1695865
EarlyStopping counter: 1 out of 10
Updating learning rate to 0.009999998821672624
	iters: 100, epoch: 5 | loss: 0.3613649
	speed: 0.5144s/iter; left time: 2302.9073s
	iters: 200, epoch: 5 | loss: 0.6211912
	speed: 0.2357s/iter; left time: 1031.8395s
Epoch: 5 cost time: 64.50853753089905
Epoch: 5, Steps: 286 | Train Loss: 0.4201521 Vali Loss: 0.4037434 Test Loss: 0.1648382
Validation loss decreased (0.407938 --> 0.403743).  Saving model ...
Updating learning rate to 0.00990325594987406
	iters: 100, epoch: 6 | loss: 0.5638686
	speed: 0.5222s/iter; left time: 2188.3671s
	iters: 200, epoch: 6 | loss: 0.3443583
	speed: 0.2285s/iter; left time: 934.6165s
Epoch: 6 cost time: 64.76288437843323
Epoch: 6, Steps: 286 | Train Loss: 0.4134023 Vali Loss: 0.4049680 Test Loss: 0.1671814
EarlyStopping counter: 1 out of 10
Updating learning rate to 0.009618084470288236
	iters: 100, epoch: 7 | loss: 0.5361120
	speed: 0.5160s/iter; left time: 2015.0800s
	iters: 200, epoch: 7 | loss: 0.2992948
	speed: 0.2309s/iter; left time: 878.4914s
Epoch: 7 cost time: 63.81165385246277
Epoch: 7, Steps: 286 | Train Loss: 0.4113550 Vali Loss: 0.4027254 Test Loss: 0.1637023
Validation loss decreased (0.403743 --> 0.402725).  Saving model ...
Updating learning rate to 0.009155443362949628
	iters: 100, epoch: 8 | loss: 0.3069019
	speed: 0.5221s/iter; left time: 1889.5782s
	iters: 200, epoch: 8 | loss: 0.5612056
	speed: 0.2360s/iter; left time: 830.6215s
Epoch: 8 cost time: 66.14071226119995
Epoch: 8, Steps: 286 | Train Loss: 0.4085662 Vali Loss: 0.4048611 Test Loss: 0.1634853
EarlyStopping counter: 1 out of 10
Updating learning rate to 0.008533111666161134
	iters: 100, epoch: 9 | loss: 0.5902340
	speed: 0.5388s/iter; left time: 1795.7890s
	iters: 200, epoch: 9 | loss: 0.3437617
	speed: 0.2272s/iter; left time: 734.6001s
Epoch: 9 cost time: 64.35125970840454
Epoch: 9, Steps: 286 | Train Loss: 0.4053608 Vali Loss: 0.4055775 Test Loss: 0.1642148
EarlyStopping counter: 2 out of 10
Updating learning rate to 0.007775005238022703
	iters: 100, epoch: 10 | loss: 0.7892774
	speed: 0.5228s/iter; left time: 1592.8955s
	iters: 200, epoch: 10 | loss: 0.3265927
	speed: 0.2319s/iter; left time: 683.5033s
Epoch: 10 cost time: 65.19596266746521
Epoch: 10, Steps: 286 | Train Loss: 0.4033158 Vali Loss: 0.4021554 Test Loss: 0.1656667
Validation loss decreased (0.402725 --> 0.402155).  Saving model ...
Updating learning rate to 0.006910257683416708
	iters: 100, epoch: 11 | loss: 0.2933088
	speed: 0.5274s/iter; left time: 1456.1336s
	iters: 200, epoch: 11 | loss: 0.3017586
	speed: 0.2293s/iter; left time: 610.2803s
Epoch: 11 cost time: 65.02165985107422
Epoch: 11, Steps: 286 | Train Loss: 0.3992884 Vali Loss: 0.4049361 Test Loss: 0.1637141
EarlyStopping counter: 1 out of 10
Updating learning rate to 0.005972100765910645
	iters: 100, epoch: 12 | loss: 0.3224420
	speed: 0.5325s/iter; left time: 1317.8761s
	iters: 200, epoch: 12 | loss: 0.3092992
	speed: 0.1613s/iter; left time: 383.1725s
Epoch: 12 cost time: 46.36013674736023
Epoch: 12, Steps: 286 | Train Loss: 0.3985221 Vali Loss: 0.4052703 Test Loss: 0.1659330
EarlyStopping counter: 2 out of 10
Updating learning rate to 0.004996587329719809
	iters: 100, epoch: 13 | loss: 0.2781949
	speed: 0.3388s/iter; left time: 741.7049s
	iters: 200, epoch: 13 | loss: 0.5617722
	speed: 0.2358s/iter; left time: 492.5982s
Epoch: 13 cost time: 63.852254152297974
Epoch: 13, Steps: 286 | Train Loss: 0.3948348 Vali Loss: 0.4037234 Test Loss: 0.1655352
EarlyStopping counter: 3 out of 10
Updating learning rate to 0.004021205809122777
	iters: 100, epoch: 14 | loss: 0.5596130
	speed: 0.5408s/iter; left time: 1029.1962s
	iters: 200, epoch: 14 | loss: 0.3303776
	speed: 0.2287s/iter; left time: 412.2573s
Epoch: 14 cost time: 65.42855620384216
Epoch: 14, Steps: 286 | Train Loss: 0.3918619 Vali Loss: 0.4022125 Test Loss: 0.1643626
EarlyStopping counter: 4 out of 10
Updating learning rate to 0.0030834395689558363
	iters: 100, epoch: 15 | loss: 0.2806120
	speed: 0.5438s/iter; left time: 879.3700s
	iters: 200, epoch: 15 | loss: 0.5424794
	speed: 0.2357s/iter; left time: 357.5230s
Epoch: 15 cost time: 66.1142725944519
Epoch: 15, Steps: 286 | Train Loss: 0.3910961 Vali Loss: 0.4000876 Test Loss: 0.1645258
Validation loss decreased (0.402155 --> 0.400088).  Saving model ...
Updating learning rate to 0.002219326439923233
	iters: 100, epoch: 16 | loss: 0.5260236
	speed: 0.5326s/iter; left time: 708.8939s
	iters: 200, epoch: 16 | loss: 0.2958850
	speed: 0.2436s/iter; left time: 299.8779s
Epoch: 16 cost time: 65.33387470245361
Epoch: 16, Steps: 286 | Train Loss: 0.3871903 Vali Loss: 0.4037201 Test Loss: 0.1634339
EarlyStopping counter: 1 out of 10
Updating learning rate to 0.0014620738049734659
	iters: 100, epoch: 17 | loss: 0.8664542
	speed: 0.5270s/iter; left time: 550.7421s
	iters: 200, epoch: 17 | loss: 0.2772380
	speed: 0.2296s/iter; left time: 216.9755s
Epoch: 17 cost time: 63.87475872039795
Epoch: 17, Steps: 286 | Train Loss: 0.3845157 Vali Loss: 0.4029289 Test Loss: 0.1646727
EarlyStopping counter: 2 out of 10
Updating learning rate to 0.0008407824581954825
	iters: 100, epoch: 18 | loss: 0.2811933
	speed: 0.5120s/iter; left time: 388.5738s
	iters: 200, epoch: 18 | loss: 0.3231536
	speed: 0.2259s/iter; left time: 148.8396s
Epoch: 18 cost time: 62.91560745239258
Epoch: 18, Steps: 286 | Train Loss: 0.3826735 Vali Loss: 0.4025280 Test Loss: 0.1655464
EarlyStopping counter: 3 out of 10
Updating learning rate to 0.00037932827762176234
	iters: 100, epoch: 19 | loss: 0.3999625
	speed: 0.5163s/iter; left time: 244.2206s
	iters: 200, epoch: 19 | loss: 0.2654464
	speed: 0.2290s/iter; left time: 85.4114s
Epoch: 19 cost time: 64.48376035690308
Epoch: 19, Steps: 286 | Train Loss: 0.3806498 Vali Loss: 0.4053197 Test Loss: 0.1656335
EarlyStopping counter: 4 out of 10
Updating learning rate to 9.54446886252657e-05
	iters: 100, epoch: 20 | loss: 0.3475989
	speed: 0.5293s/iter; left time: 98.9759s
	iters: 200, epoch: 20 | loss: 0.5256911
	speed: 0.2180s/iter; left time: 18.9631s
Epoch: 20 cost time: 63.89381814002991
Epoch: 20, Steps: 286 | Train Loss: 0.3808021 Vali Loss: 0.4047417 Test Loss: 0.1655699
EarlyStopping counter: 5 out of 10
Updating learning rate to 4.117832737746152e-08
>>>>>>>testing : long_term_forecast_Weather_96_96_none_TimeMixer_custom_sl96_pl96_dm16_nh8_el2_dl1_df32_fc3_ebtimeF_dtTrue_test_0<<<<<<<<<<<<<<<<<<<<<<<<<<<<<<<<<
test 10444
mse:0.16452573239803314, mae:0.2112174928188324
