Args in experiment:
Namespace(task_name='long_term_forecast', is_training=1, model_id='Weather_96_192', model='TimeMixer', data='custom', root_path='C:\\Users\\bbbal\\OneDrive\\Masaüstü\\timemixer\\dataset\\weather', data_path='weather.csv', features='M', target='OT', freq='h', checkpoints='./checkpoints/', seq_len=96, label_len=0, pred_len=192, seasonal_patterns='Monthly', inverse=False, top_k=5, num_kernels=6, enc_in=21, dec_in=21, c_out=21, d_model=16, n_heads=8, e_layers=2, d_layers=1, d_ff=32, moving_avg=25, factor=3, distil=True, dropout=0.1, embed='timeF', activation='gelu', output_attention=False, channel_independence=1, decomp_method='moving_avg', use_norm=1, down_sampling_layers=3, down_sampling_window=2, down_sampling_method='avg', use_future_temporal_feature=0, mask_rate=0.125, anomaly_ratio=0.25, num_workers=0, itr=1, train_epochs=20, batch_size=128, patience=10, learning_rate=0.01, des='test', loss='MSE', drop_last=True, lradj='TST', pct_start=0.2, use_amp=False, comment='none', use_gpu=True, gpu=0, use_multi_gpu=False, devices='0,1', p_hidden_dims=[128, 128], p_hidden_layers=2)
Use GPU: cuda:0
>>>>>>>start training : long_term_forecast_Weather_96_192_none_TimeMixer_custom_sl96_pl192_dm16_nh8_el2_dl1_df32_fc3_ebtimeF_dtTrue_test_0>>>>>>>>>>>>>>>>>>>>>>>>>>
train 36600
val 5079
test 10348
	iters: 100, epoch: 1 | loss: 0.5867469
	speed: 0.2937s/iter; left time: 1645.2019s
	iters: 200, epoch: 1 | loss: 0.4849114
	speed: 0.2538s/iter; left time: 1395.9549s
Epoch: 1 cost time: 70.64797520637512
Epoch: 1, Steps: 285 | Train Loss: 0.6351173 Vali Loss: 0.5203237 Test Loss: 0.2349625
Validation loss decreased (inf --> 0.520324).  Saving model ...
Updating learning rate to 0.0018082286694699988
	iters: 100, epoch: 2 | loss: 0.4348354
	speed: 0.5650s/iter; left time: 3003.4926s
	iters: 200, epoch: 2 | loss: 0.4409130
	speed: 0.2472s/iter; left time: 1289.3119s
Epoch: 2 cost time: 68.81892371177673
Epoch: 2, Steps: 285 | Train Loss: 0.5124218 Vali Loss: 0.4883571 Test Loss: 0.2162349
Validation loss decreased (0.520324 --> 0.488357).  Saving model ...
Updating learning rate to 0.005206619683914479
	iters: 100, epoch: 3 | loss: 0.4228427
	speed: 0.5745s/iter; left time: 2890.0790s
	iters: 200, epoch: 3 | loss: 0.3975850
	speed: 0.2449s/iter; left time: 1207.7933s
Epoch: 3 cost time: 70.19067668914795
Epoch: 3, Steps: 285 | Train Loss: 0.4952739 Vali Loss: 0.4689501 Test Loss: 0.2132036
Validation loss decreased (0.488357 --> 0.468950).  Saving model ...
Updating learning rate to 0.008601126519745959
	iters: 100, epoch: 4 | loss: 0.5759777
	speed: 0.5713s/iter; left time: 2711.5312s
	iters: 200, epoch: 4 | loss: 0.5050275
	speed: 0.2477s/iter; left time: 1150.7763s
Epoch: 4 cost time: 68.90079045295715
Epoch: 4, Steps: 285 | Train Loss: 0.4896208 Vali Loss: 0.4791687 Test Loss: 0.2140968
EarlyStopping counter: 1 out of 10
Updating learning rate to 0.009999998813389152
	iters: 100, epoch: 5 | loss: 0.4424516
	speed: 0.5504s/iter; left time: 2455.3559s
	iters: 200, epoch: 5 | loss: 0.5978509
	speed: 0.2376s/iter; left time: 1036.0940s
Epoch: 5 cost time: 66.68769550323486
Epoch: 5, Steps: 285 | Train Loss: 0.4865058 Vali Loss: 0.4607748 Test Loss: 0.2093388
Validation loss decreased (0.468950 --> 0.460775).  Saving model ...
Updating learning rate to 0.009903253591993106
	iters: 100, epoch: 6 | loss: 0.5507147
	speed: 0.5401s/iter; left time: 2255.4740s
	iters: 200, epoch: 6 | loss: 0.4135182
	speed: 0.2436s/iter; left time: 993.0817s
Epoch: 6 cost time: 67.4296326637268
Epoch: 6, Steps: 285 | Train Loss: 0.4820848 Vali Loss: 0.4628460 Test Loss: 0.2074898
EarlyStopping counter: 1 out of 10
Updating learning rate to 0.009618079853421842
	iters: 100, epoch: 7 | loss: 0.5711659
	speed: 0.5356s/iter; left time: 2084.1191s
	iters: 200, epoch: 7 | loss: 0.3998490
	speed: 0.2434s/iter; left time: 922.9016s
Epoch: 7 cost time: 64.85601830482483
Epoch: 7, Steps: 285 | Train Loss: 0.4777022 Vali Loss: 0.4649222 Test Loss: 0.2100571
EarlyStopping counter: 2 out of 10
Updating learning rate to 0.009155436664521378
	iters: 100, epoch: 8 | loss: 0.5490627
	speed: 0.3471s/iter; left time: 1251.5194s
	iters: 200, epoch: 8 | loss: 0.7173739
	speed: 0.1464s/iter; left time: 513.1128s
Epoch: 8 cost time: 44.38662576675415
Epoch: 8, Steps: 285 | Train Loss: 0.4785535 Vali Loss: 0.4701968 Test Loss: 0.2096308
EarlyStopping counter: 3 out of 10
Updating learning rate to 0.008533103143587874
	iters: 100, epoch: 9 | loss: 0.7381143
	speed: 0.5507s/iter; left time: 1828.9657s
	iters: 200, epoch: 9 | loss: 0.5437960
	speed: 0.2245s/iter; left time: 723.1516s
Epoch: 9 cost time: 66.28022980690002
Epoch: 9, Steps: 285 | Train Loss: 0.4736140 Vali Loss: 0.4629509 Test Loss: 0.2085858
EarlyStopping counter: 4 out of 10
Updating learning rate to 0.007774995218822139
	iters: 100, epoch: 10 | loss: 0.4250309
	speed: 0.5538s/iter; left time: 1681.3909s
	iters: 200, epoch: 10 | loss: 0.3737162
	speed: 0.2325s/iter; left time: 682.5800s
Epoch: 10 cost time: 65.98414826393127
Epoch: 10, Steps: 285 | Train Loss: 0.4695213 Vali Loss: 0.4629373 Test Loss: 0.2105910
EarlyStopping counter: 5 out of 10
Updating learning rate to 0.006910246552621103
	iters: 100, epoch: 11 | loss: 0.6397607
	speed: 0.5390s/iter; left time: 1482.8714s
	iters: 200, epoch: 11 | loss: 0.5299815
	speed: 0.2381s/iter; left time: 631.2777s
Epoch: 11 cost time: 65.97387194633484
Epoch: 11, Steps: 285 | Train Loss: 0.4657578 Vali Loss: 0.4659408 Test Loss: 0.2098929
EarlyStopping counter: 6 out of 10
Updating learning rate to 0.005972088951270229
	iters: 100, epoch: 12 | loss: 0.6025838
	speed: 0.5331s/iter; left time: 1314.7177s
	iters: 200, epoch: 12 | loss: 0.4852849
	speed: 0.2398s/iter; left time: 567.4830s
Epoch: 12 cost time: 67.35910296440125
Epoch: 12, Steps: 285 | Train Loss: 0.4626242 Vali Loss: 0.4638142 Test Loss: 0.2079351
EarlyStopping counter: 7 out of 10
Updating learning rate to 0.004996575285264588
	iters: 100, epoch: 13 | loss: 0.4134410
	speed: 0.5446s/iter; left time: 1187.7629s
	iters: 200, epoch: 13 | loss: 0.6768884
	speed: 0.2390s/iter; left time: 497.3443s
Epoch: 13 cost time: 68.08299160003662
Epoch: 13, Steps: 285 | Train Loss: 0.4594325 Vali Loss: 0.4663460 Test Loss: 0.2112035
EarlyStopping counter: 8 out of 10
Updating learning rate to 0.004021193997714411
	iters: 100, epoch: 14 | loss: 0.6013907
	speed: 0.5363s/iter; left time: 1016.8157s
	iters: 200, epoch: 14 | loss: 0.3650731
	speed: 0.2378s/iter; left time: 427.1369s
Epoch: 14 cost time: 67.15436935424805
Epoch: 14, Steps: 285 | Train Loss: 0.4559506 Vali Loss: 0.4689086 Test Loss: 0.2121463
EarlyStopping counter: 9 out of 10
Updating learning rate to 0.003083428444500124
	iters: 100, epoch: 15 | loss: 0.3721406
	speed: 0.5370s/iter; left time: 865.1688s
	iters: 200, epoch: 15 | loss: 0.3914411
	speed: 0.2369s/iter; left time: 357.9279s
Epoch: 15 cost time: 66.13789629936218
Epoch: 15, Steps: 285 | Train Loss: 0.4526040 Vali Loss: 0.4728674 Test Loss: 0.2134003
EarlyStopping counter: 10 out of 10
Early stopping
>>>>>>>testing : long_term_forecast_Weather_96_192_none_TimeMixer_custom_sl96_pl192_dm16_nh8_el2_dl1_df32_fc3_ebtimeF_dtTrue_test_0<<<<<<<<<<<<<<<<<<<<<<<<<<<<<<<<<
test 10348
mse:0.20933862030506134, mae:0.25274524092674255
