Args in experiment:
Namespace(task_name='long_term_forecast', is_training=1, model_id='Weather_96_720', model='TimeMixer', data='custom', root_path='<workspace>\\dataset\\weather', data_path='weather.csv', features='M', target='OT', freq='h', checkpoints='./checkpoints/', seq_len=96, label_len=0, pred_len=720, seasonal_patterns='Monthly', inverse=False, top_k=5, num_kernels=6, enc_in=21, dec_in=21, c_out=21, d_model=16, n_heads=8, e_layers=2, d_layers=1, d_ff=32, moving_avg=25, factor=3, distil=True, dropout=0.1, embed='timeF', activation='gelu', output_attention=False, channel_independence=1, decomp_method='moving_avg', use_norm=1, down_sampling_layers=3, down_sampling_window=2, down_sampling_method='avg', use_future_temporal_feature=0, mask_rate=0.125, anomaly_ratio=0.25, num_workers=0, itr=1, train_epochs=20, batch_size=128, patience=10, learning_rate=0.01, des='test', loss='MSE', drop_last=True, lradj='TST', pct_start=0.2, use_amp=False, comment='none', use_gpu=True, gpu=0, use_multi_gpu=False, devices='0,1', p_hidden_dims=[128, 128], p_hidden_layers=2)
Use GPU: cuda:0
>>>>>>>start training : long_term_forecast_Weather_96_720_none_TimeMixer_custom_sl96_pl720_dm16_nh8_el2_dl1_df32_fc3_ebtimeF_dtTrue_test_0>>>>>>>>>>>>>>>>>>>>>>>>>>
train 36072
val 4551
test 9820
	iters: 100, epoch: 1 | loss: 0.8406562
	speed: 0.3467s/iter; left time: 1913.8748s
	iters: 200, epoch: 1 | loss: 0.6680739
	speed: 0.3485s/iter; left time: 1889.0835s
Epoch: 1 cost time: 95.91128134727478
Epoch: 1, Steps: 281 | Train Loss: 0.7982187 Vali Loss: 0.7325404 Test Loss: 0.3538642
Validation loss decreased (inf --> 0.732540).  Saving model ...
Updating learning rate to 0.001808262037764916
	iters: 100, epoch: 2 | loss: 0.6629317
	speed: 0.7586s/iter; left time: 3974.8373s
	iters: 200, epoch: 2 | loss: 0.6179064
	speed: 0.3570s/iter; left time: 1835.1223s
Epoch: 2 cost time: 95.01107048988342
Epoch: 2, Steps: 281 | Train Loss: 0.6705445 Vali Loss: 0.6906692 Test Loss: 0.3420490
Validation loss decreased (0.732540 --> 0.690669).  Saving model ...
Updating learning rate to 0.005206713998138916
	iters: 100, epoch: 3 | loss: 0.7931995
	speed: 0.7534s/iter; left time: 3735.9278s
	iters: 200, epoch: 3 | loss: 0.6342753
	speed: 0.3579s/iter; left time: 1739.1289s
Epoch: 3 cost time: 96.88074946403503
Epoch: 3, Steps: 281 | Train Loss: 0.6520147 Vali Loss: 0.6757503 Test Loss: 0.3406404
Validation loss decreased (0.690669 --> 0.675750).  Saving model ...
Updating learning rate to 0.008601226346554308
	iters: 100, epoch: 4 | loss: 0.6347467
	speed: 0.7639s/iter; left time: 3573.5027s
	iters: 200, epoch: 4 | loss: 0.5707481
	speed: 0.3408s/iter; left time: 1560.4013s
Epoch: 4 cost time: 95.31040740013123
Epoch: 4, Steps: 281 | Train Loss: 0.6419408 Vali Loss: 0.6732654 Test Loss: 0.3388481
Validation loss decreased (0.675750 --> 0.673265).  Saving model ...
Updating learning rate to 0.009999998779366193
	iters: 100, epoch: 5 | loss: 0.6780981
	speed: 0.7648s/iter; left time: 3362.7812s
	iters: 200, epoch: 5 | loss: 0.5748461
	speed: 0.3524s/iter; left time: 1514.2914s
Epoch: 5 cost time: 95.96082258224487
Epoch: 5, Steps: 281 | Train Loss: 0.6355010 Vali Loss: 0.6735170 Test Loss: 0.3399755
EarlyStopping counter: 1 out of 10
Updating learning rate to 0.009903243992354873
	iters: 100, epoch: 6 | loss: 0.6599207
	speed: 0.7638s/iter; left time: 3143.8454s
	iters: 200, epoch: 6 | loss: 0.6815075
	speed: 0.3490s/iter; left time: 1401.7630s
Epoch: 6 cost time: 95.33281946182251
Epoch: 6, Steps: 281 | Train Loss: 0.6308166 Vali Loss: 0.6754849 Test Loss: 0.3403151
EarlyStopping counter: 2 out of 10
Updating learning rate to 0.009618061057077049
	iters: 100, epoch: 7 | loss: 0.7327449
	speed: 0.7545s/iter; left time: 2893.6345s
	iters: 200, epoch: 7 | loss: 0.6939747
	speed: 0.3499s/iter; left time: 1306.9008s
Epoch: 7 cost time: 94.79579186439514
Epoch: 7, Steps: 281 | Train Loss: 0.6262040 Vali Loss: 0.6777803 Test Loss: 0.3432392
EarlyStopping counter: 3 out of 10
Updating learning rate to 0.009155409393803014
	iters: 100, epoch: 8 | loss: 0.7414225
	speed: 0.7423s/iter; left time: 2637.9649s
	iters: 200, epoch: 8 | loss: 0.5839873
	speed: 0.3498s/iter; left time: 1208.3662s
Epoch: 8 cost time: 94.38518762588501
Epoch: 8, Steps: 281 | Train Loss: 0.6233282 Vali Loss: 0.6729944 Test Loss: 0.3423147
Validation loss decreased (0.673265 --> 0.672994).  Saving model ...
Updating learning rate to 0.008533068446494351
	iters: 100, epoch: 9 | loss: 0.5701580
	speed: 0.7422s/iter; left time: 2429.2694s
	iters: 200, epoch: 9 | loss: 0.5834386
	speed: 0.3380s/iter; left time: 1072.5054s
Epoch: 9 cost time: 93.24790692329407
Epoch: 9, Steps: 281 | Train Loss: 0.6186806 Vali Loss: 0.6752162 Test Loss: 0.3422199
EarlyStopping counter: 1 out of 10
Updating learning rate to 0.007774954428743304
	iters: 100, epoch: 10 | loss: 0.6468240
	speed: 0.7496s/iter; left time: 2242.7322s
	iters: 200, epoch: 10 | loss: 0.5551420
	speed: 0.3448s/iter; left time: 997.1805s
Epoch: 10 cost time: 94.51224112510681
Epoch: 10, Steps: 281 | Train Loss: 0.6160597 Vali Loss: 0.6823238 Test Loss: 0.3426683
EarlyStopping counter: 2 out of 10
Updating learning rate to 0.006910201237096809
	iters: 100, epoch: 11 | loss: 0.6123158
	speed: 0.7448s/iter; left time: 2019.2543s
	iters: 200, epoch: 11 | loss: 0.6098190
	speed: 0.3459s/iter; left time: 903.2045s
Epoch: 11 cost time: 93.92022967338562
Epoch: 11, Steps: 281 | Train Loss: 0.6169457 Vali Loss: 0.6813273 Test Loss: 0.3457924
EarlyStopping counter: 3 out of 10
Updating learning rate to 0.005972040851750663
	iters: 100, epoch: 12 | loss: 0.6096574
	speed: 0.7331s/iter; left time: 1781.5449s
	iters: 200, epoch: 12 | loss: 0.6248617
	speed: 0.3391s/iter; left time: 790.1258s
Epoch: 12 cost time: 93.26262164115906
Epoch: 12, Steps: 281 | Train Loss: 0.6098601 Vali Loss: 0.6822860 Test Loss: 0.3447627
EarlyStopping counter: 4 out of 10
Updating learning rate to 0.00499652625018731
	iters: 100, epoch: 13 | loss: 0.6022192
	speed: 0.7434s/iter; left time: 1597.5340s
	iters: 200, epoch: 13 | loss: 0.5740898
	speed: 0.2000s/iter; left time: 409.7892s
Epoch: 13 cost time: 61.56571292877197
Epoch: 13, Steps: 281 | Train Loss: 0.6036152 Vali Loss: 0.6841978 Test Loss: 0.3467283
EarlyStopping counter: 5 out of 10
Updating learning rate to 0.004021145911469944
	iters: 100, epoch: 14 | loss: 0.5834151
	speed: 0.3197s/iter; left time: 597.2881s
	iters: 200, epoch: 14 | loss: 0.6141271
	speed: 0.1321s/iter; left time: 233.4665s
Epoch: 14 cost time: 37.13697361946106
Epoch: 14, Steps: 281 | Train Loss: 0.5990936 Vali Loss: 0.6933057 Test Loss: 0.3500030
EarlyStopping counter: 6 out of 10
Updating learning rate to 0.0030833831550158746
	iters: 100, epoch: 15 | loss: 0.5649728
	speed: 0.3671s/iter; left time: 582.5170s
	iters: 200, epoch: 15 | loss: 0.6593732
	speed: 0.3194s/iter; left time: 474.9731s
Epoch: 15 cost time: 76.734792470932
Epoch: 15, Steps: 281 | Train Loss: 0.5939983 Vali Loss: 0.7023097 Test Loss: 0.3542128
EarlyStopping counter: 7 out of 10
Updating learning rate to 0.00221927567765222
	iters: 100, epoch: 16 | loss: 0.5622462
	speed: 0.7150s/iter; left time: 933.7793s
	iters: 200, epoch: 16 | loss: 0.5205444
	speed: 0.3080s/iter; left time: 371.3915s
Epoch: 16 cost time: 86.48800587654114
Epoch: 16, Steps: 281 | Train Loss: 0.5899262 Vali Loss: 0.6982859 Test Loss: 0.3548192
EarlyStopping counter: 8 out of 10
Updating learning rate to 0.0014620306451370065
	iters: 100, epoch: 17 | loss: 0.6346609
	speed: 0.6984s/iter; left time: 715.8720s
	iters: 200, epoch: 17 | loss: 0.5496206
	speed: 0.3177s/iter; left time: 293.9089s
Epoch: 17 cost time: 89.17429876327515
Epoch: 17, Steps: 281 | Train Loss: 0.5855133 Vali Loss: 0.6999007 Test Loss: 0.3550993
EarlyStopping counter: 9 out of 10
Updating learning rate to 0.0008407485594018906
	iters: 100, epoch: 18 | loss: 0.5926797
	speed: 0.6891s/iter; left time: 512.7014s
	iters: 200, epoch: 18 | loss: 0.5489219
	speed: 0.3170s/iter; left time: 204.1439s
Epoch: 18 cost time: 86.39507484436035
Epoch: 18, Steps: 281 | Train Loss: 0.5821697 Vali Loss: 0.7031500 Test Loss: 0.3564116
EarlyStopping counter: 10 out of 10
Early stopping
>>>>>>>testing : long_term_forecast_Weather_96_720_none_TimeMixer_custom_sl96_pl720_dm16_nh8_el2_dl1_df32_fc3_ebtimeF_dtTrue_test_0<<<<<<<<<<<<<<<<<<<<<<<<<<<<<<<<<
test 9820
mse:0.3423135280609131, mae:0.3458481431007385
