Args in experiment:
Namespace(task_name='long_term_forecast', is_training=1, model_id='Weather_96_336', model='TimeMixer', data='custom', root_path='C:\\Users\\bbbal\\OneDrive\\Masaüstü\\timemixer\\dataset\\weather', data_path='weather.csv', features='M', target='OT', freq='h', checkpoints='./checkpoints/', seq_len=96, label_len=0, pred_len=336, seasonal_patterns='Monthly', inverse=False, top_k=5, num_kernels=6, enc_in=21, dec_in=21, c_out=21, d_model=16, n_heads=8, e_layers=2, d_layers=1, d_ff=32, moving_avg=25, factor=3, distil=True, dropout=0.1, embed='timeF', activation='gelu', output_attention=False, channel_independence=1, decomp_method='moving_avg', use_norm=1, down_sampling_layers=3, down_sampling_window=2, down_sampling_method='avg', use_future_temporal_feature=0, mask_rate=0.125, anomaly_ratio=0.25, num_workers=0, itr=1, train_epochs=20, batch_size=128, patience=10, learning_rate=0.01, des='test', loss='MSE', drop_last=True, lradj='TST', pct_start=0.2, use_amp=False, comment='none', use_gpu=True, gpu=0, use_multi_gpu=False, devices='0,1', p_hidden_dims=[128, 128], p_hidden_layers=2)
Use GPU: cuda:0
>>>>>>>start training : long_term_forecast_Weather_96_336_none_TimeMixer_custom_sl96_pl336_dm16_nh8_el2_dl1_df32_fc3_ebtimeF_dtTrue_test_0>>>>>>>>>>>>>>>>>>>>>>>>>>
train 36456
val 4935
test 10204
	iters: 100, epoch: 1 | loss: 0.7411190
	speed: 0.3014s/iter; left time: 1682.3514s
	iters: 200, epoch: 1 | loss: 0.6830934
	speed: 0.2646s/iter; left time: 1450.2605s
Epoch: 1 cost time: 74.67988276481628
Epoch: 1, Steps: 284 | Train Loss: 0.7336947 Vali Loss: 0.6238613 Test Loss: 0.2897954
Validation loss decreased (inf --> 0.623861).  Saving model ...
Updating learning rate to 0.00180823692331512
	iters: 100, epoch: 2 | loss: 0.6473711
	speed: 0.5942s/iter; left time: 3147.4104s
	iters: 200, epoch: 2 | loss: 0.8004829
	speed: 0.2745s/iter; left time: 1426.7119s
Epoch: 2 cost time: 74.43366885185242
Epoch: 2, Steps: 284 | Train Loss: 0.5862961 Vali Loss: 0.5610217 Test Loss: 0.2690021
Validation loss decreased (0.623861 --> 0.561022).  Saving model ...
Updating learning rate to 0.005206643013182129
	iters: 100, epoch: 3 | loss: 0.5489930
	speed: 0.6026s/iter; left time: 3021.0439s
	iters: 200, epoch: 3 | loss: 0.4746238
	speed: 0.2737s/iter; left time: 1344.6417s
Epoch: 3 cost time: 75.51367807388306
Epoch: 3, Steps: 284 | Train Loss: 0.5653487 Vali Loss: 0.5529911 Test Loss: 0.2659819
Validation loss decreased (0.561022 --> 0.552991).  Saving model ...
Updating learning rate to 0.008601151212863664
	iters: 100, epoch: 4 | loss: 0.6101145
	speed: 0.6004s/iter; left time: 2839.4428s
	iters: 200, epoch: 4 | loss: 0.5768664
	speed: 0.2751s/iter; left time: 1273.3236s
Epoch: 4 cost time: 75.03911232948303
Epoch: 4, Steps: 284 | Train Loss: 0.5581650 Vali Loss: 0.5487517 Test Loss: 0.2661633
Validation loss decreased (0.552991 --> 0.548752).  Saving model ...
Updating learning rate to 0.009999998805018026
	iters: 100, epoch: 5 | loss: 0.5249497
	speed: 0.6001s/iter; left time: 2667.6552s
	iters: 200, epoch: 5 | loss: 0.5810216
	speed: 0.2743s/iter; left time: 1191.7147s
Epoch: 5 cost time: 74.90174984931946
Epoch: 5, Steps: 284 | Train Loss: 0.5516554 Vali Loss: 0.5473438 Test Loss: 0.2653492
Validation loss decreased (0.548752 --> 0.547344).  Saving model ...
Updating learning rate to 0.009903251217478603
	iters: 100, epoch: 6 | loss: 0.5862783
	speed: 0.5917s/iter; left time: 2461.9767s
	iters: 200, epoch: 6 | loss: 0.6159044
	speed: 0.2686s/iter; left time: 1090.6238s
Epoch: 6 cost time: 73.64363718032837
Epoch: 6, Steps: 284 | Train Loss: 0.5494989 Vali Loss: 0.5493830 Test Loss: 0.2655011
EarlyStopping counter: 1 out of 10
Updating learning rate to 0.009618075204015223
	iters: 100, epoch: 7 | loss: 0.5188605
	speed: 0.5968s/iter; left time: 2313.6279s
	iters: 200, epoch: 7 | loss: 0.4778715
	speed: 0.2672s/iter; left time: 1009.2173s
Epoch: 7 cost time: 74.10389971733093
Epoch: 7, Steps: 284 | Train Loss: 0.5490117 Vali Loss: 0.5490671 Test Loss: 0.2656389
EarlyStopping counter: 2 out of 10
Updating learning rate to 0.009155429918896733
	iters: 100, epoch: 8 | loss: 0.5108868
	speed: 0.5951s/iter; left time: 2138.1271s
	iters: 200, epoch: 8 | loss: 0.4407981
	speed: 0.2748s/iter; left time: 959.9143s
Epoch: 8 cost time: 72.62723207473755
Epoch: 8, Steps: 284 | Train Loss: 0.5393344 Vali Loss: 0.5549971 Test Loss: 0.2678796
EarlyStopping counter: 3 out of 10
Updating learning rate to 0.008533094560975773
	iters: 100, epoch: 9 | loss: 0.4603258
	speed: 0.3759s/iter; left time: 1243.8738s
	iters: 200, epoch: 9 | loss: 0.5627227
	speed: 0.2178s/iter; left time: 698.9724s
Epoch: 9 cost time: 54.65120244026184
Epoch: 9, Steps: 284 | Train Loss: 0.5364784 Vali Loss: 0.5534128 Test Loss: 0.2679738
EarlyStopping counter: 4 out of 10
Updating learning rate to 0.007774985129047554
	iters: 100, epoch: 10 | loss: 0.4517970
	speed: 0.6092s/iter; left time: 1842.7629s
	iters: 200, epoch: 10 | loss: 0.5855136
	speed: 0.2482s/iter; left time: 726.0280s
Epoch: 10 cost time: 72.99393224716187
Epoch: 10, Steps: 284 | Train Loss: 0.5321991 Vali Loss: 0.5533748 Test Loss: 0.2659650
EarlyStopping counter: 5 out of 10
Updating learning rate to 0.00691023534342841
	iters: 100, epoch: 11 | loss: 0.3940179
	speed: 0.6067s/iter; left time: 1662.9841s
	iters: 200, epoch: 11 | loss: 0.6712977
	speed: 0.2650s/iter; left time: 699.7924s
Epoch: 11 cost time: 73.23035097122192
Epoch: 11, Steps: 284 | Train Loss: 0.5285030 Vali Loss: 0.5610217 Test Loss: 0.2685297
EarlyStopping counter: 6 out of 10
Updating learning rate to 0.0059720770534224185
	iters: 100, epoch: 12 | loss: 0.5549115
	speed: 0.5894s/iter; left time: 1448.1686s
	iters: 200, epoch: 12 | loss: 0.4774590
	speed: 0.2640s/iter; left time: 622.1680s
Epoch: 12 cost time: 75.05896329879761
Epoch: 12, Steps: 284 | Train Loss: 0.5253787 Vali Loss: 0.5561302 Test Loss: 0.2693446
EarlyStopping counter: 7 out of 10
Updating learning rate to 0.0049965631559892795
	iters: 100, epoch: 13 | loss: 0.4251560
	speed: 0.5947s/iter; left time: 1292.2628s
	iters: 200, epoch: 13 | loss: 0.5793132
	speed: 0.2672s/iter; left time: 553.9965s
Epoch: 13 cost time: 74.32068228721619
Epoch: 13, Steps: 284 | Train Loss: 0.5202169 Vali Loss: 0.5599342 Test Loss: 0.2692917
EarlyStopping counter: 8 out of 10
Updating learning rate to 0.004021182103132853
	iters: 100, epoch: 14 | loss: 0.5047793
	speed: 0.5995s/iter; left time: 1132.4638s
	iters: 200, epoch: 14 | loss: 0.3927343
	speed: 0.2582s/iter; left time: 461.9147s
Epoch: 14 cost time: 73.25732326507568
Epoch: 14, Steps: 284 | Train Loss: 0.5165476 Vali Loss: 0.5620759 Test Loss: 0.2734817
EarlyStopping counter: 9 out of 10
Updating learning rate to 0.003083417241714414
	iters: 100, epoch: 15 | loss: 0.6383256
	speed: 0.6166s/iter; left time: 989.6418s
	iters: 200, epoch: 15 | loss: 0.4368719
	speed: 0.2476s/iter; left time: 372.5782s
Epoch: 15 cost time: 73.53609895706177
Epoch: 15, Steps: 284 | Train Loss: 0.5124649 Vali Loss: 0.5607032 Test Loss: 0.2707640
EarlyStopping counter: 10 out of 10
Early stopping
>>>>>>>testing : long_term_forecast_Weather_96_336_none_TimeMixer_custom_sl96_pl336_dm16_nh8_el2_dl1_df32_fc3_ebtimeF_dtTrue_test_0<<<<<<<<<<<<<<<<<<<<<<<<<<<<<<<<<
test 10204
mse:0.26534897089004517, mae:0.29305070638656616
