Args in experiment:
Namespace(activation='gelu', anomaly_ratio=0.25, batch_size=16, c_out=307, channel_independence=1, checkpoints='./checkpoints/', comment='none', d_ff=32, d_layers=1, d_model=16, data='PEMS', data_path='PEMS04.npz', dec_in=307, decomp_method='moving_avg', des='PEMS', devices='0,1', distil=True, down_sampling_layers=0, down_sampling_method='avg', down_sampling_window=1, drop_last=True, dropout=0.1, e_layers=2, embed='timeF', emissions_file='emissions.csv', emissions_output_dir='.', enc_in=307, factor=1, features='M', freq='h', gpu=0, inverse=False, is_training=1, itr=1, label_len=0, learning_rate=0.01, loss='MSE', lradj='TST', mask_rate=0.125, model='SparseTSF', model_id='PEMS_SparseTSF_PEMS04', model_type='linear', moving_avg=25, n_heads=8, num_kernels=6, num_workers=0, output_attention=False, p_hidden_dims=[128, 128], p_hidden_layers=2, patience=5, pct_start=0.2, period_len=12, pred_len=12, root_path='C:\\Users\\bbbal\\OneDrive\\Masaüstü\\timemixer\\dataset\\PEMS', seasonal_patterns='Monthly', seq_len=96, target='OT', task_name='long_term_forecast', top_k=5, track_emissions=0, train_epochs=10, use_amp=False, use_future_temporal_feature=0, use_gpu=True, use_multi_gpu=False, use_norm=0)
Use GPU: cuda:0
>>>>>>>start training : long_term_forecast_PEMS_SparseTSF_PEMS04_none_SparseTSF_PEMS_sl96_pl12_dm16_nh8_el2_dl1_df32_fc1_ebtimeF_dtTrue_PEMS_0>>>>>>>>>>>>>>>>>>>>>>>>>>
data file: C:\Users\bbbal\OneDrive\Masaüstü\timemixer\dataset\PEMS\PEMS04.npz
train 10088
data file: C:\Users\bbbal\OneDrive\Masaüstü\timemixer\dataset\PEMS\PEMS04.npz
val 3291
data file: C:\Users\bbbal\OneDrive\Masaüstü\timemixer\dataset\PEMS\PEMS04.npz
test 274
	iters: 100, epoch: 1 | loss: 0.4958718
	speed: 0.0551s/iter; left time: 341.6514s
	iters: 200, epoch: 1 | loss: 0.4000580
	speed: 0.0149s/iter; left time: 91.0274s
	iters: 300, epoch: 1 | loss: 0.4168656
	speed: 0.0141s/iter; left time: 84.5251s
	iters: 400, epoch: 1 | loss: 0.3301104
	speed: 0.0155s/iter; left time: 91.6233s
	iters: 500, epoch: 1 | loss: 0.3391729
	speed: 0.0143s/iter; left time: 83.0989s
	iters: 600, epoch: 1 | loss: 0.2966590
	speed: 0.0145s/iter; left time: 82.7108s
Epoch: 1 cost time: 13.292701005935669
Epoch: 1, Steps: 630 | Train Loss: 0.4029458 Vali Loss: 39.1262817 Test Loss: 36.9139900
Validation loss decreased (inf --> 39.126282).  Saving model ...
Updating learning rate to 0.005205988737420559
	iters: 100, epoch: 2 | loss: 0.3152463
	speed: 0.0372s/iter; left time: 207.3713s
	iters: 200, epoch: 2 | loss: 0.3355831
	speed: 0.0147s/iter; left time: 80.2481s
	iters: 300, epoch: 2 | loss: 0.2537920
	speed: 0.0144s/iter; left time: 77.4953s
	iters: 400, epoch: 2 | loss: 0.2502226
	speed: 0.0151s/iter; left time: 79.3974s
	iters: 500, epoch: 2 | loss: 0.3266321
	speed: 0.0162s/iter; left time: 83.5570s
	iters: 600, epoch: 2 | loss: 0.3422845
	speed: 0.0147s/iter; left time: 74.4257s
Epoch: 2 cost time: 9.516116857528687
Epoch: 2, Steps: 630 | Train Loss: 0.3082613 Vali Loss: 38.3557587 Test Loss: 36.1547318
Validation loss decreased (39.126282 --> 38.355759).  Saving model ...
Updating learning rate to 0.009999999028647347
	iters: 100, epoch: 3 | loss: 0.2983570
	speed: 0.0365s/iter; left time: 180.2040s
	iters: 200, epoch: 3 | loss: 0.3234952
	speed: 0.0144s/iter; left time: 69.8265s
	iters: 300, epoch: 3 | loss: 0.2798879
	speed: 0.0144s/iter; left time: 68.4536s
	iters: 400, epoch: 3 | loss: 0.2364098
	speed: 0.0164s/iter; left time: 76.0547s
	iters: 500, epoch: 3 | loss: 0.2449341
	speed: 0.0146s/iter; left time: 66.3803s
	iters: 600, epoch: 3 | loss: 0.3619849
	speed: 0.0153s/iter; left time: 68.1086s
Epoch: 3 cost time: 9.429487943649292
Epoch: 3, Steps: 630 | Train Loss: 0.3076686 Vali Loss: 38.7122841 Test Loss: 36.5319710
EarlyStopping counter: 1 out of 5
Updating learning rate to 0.00961820559849246
	iters: 100, epoch: 4 | loss: 0.3077405
	speed: 0.0356s/iter; left time: 153.6730s
	iters: 200, epoch: 4 | loss: 0.3623697
	speed: 0.0149s/iter; left time: 62.6514s
	iters: 300, epoch: 4 | loss: 0.3156597
	speed: 0.0149s/iter; left time: 61.1638s
	iters: 400, epoch: 4 | loss: 0.3002695
	speed: 0.0151s/iter; left time: 60.3998s
	iters: 500, epoch: 4 | loss: 0.2618508
	speed: 0.0145s/iter; left time: 56.6106s
	iters: 600, epoch: 4 | loss: 0.3399795
	speed: 0.0162s/iter; left time: 61.9149s
Epoch: 4 cost time: 9.467616558074951
Epoch: 4, Steps: 630 | Train Loss: 0.3071858 Vali Loss: 38.3060684 Test Loss: 36.1169090
Validation loss decreased (38.355759 --> 38.306068).  Saving model ...
Updating learning rate to 0.008533335274923793
	iters: 100, epoch: 5 | loss: 0.3687386
	speed: 0.0352s/iter; left time: 129.5859s
	iters: 200, epoch: 5 | loss: 0.2677858
	speed: 0.0148s/iter; left time: 52.8580s
	iters: 300, epoch: 5 | loss: 0.2575929
	speed: 0.0144s/iter; left time: 50.2948s
	iters: 400, epoch: 5 | loss: 0.2512511
	speed: 0.0152s/iter; left time: 51.3610s
	iters: 500, epoch: 5 | loss: 0.2531062
	speed: 0.0146s/iter; left time: 47.9436s
	iters: 600, epoch: 5 | loss: 0.2942123
	speed: 0.0145s/iter; left time: 46.2787s
Epoch: 5 cost time: 9.266087055206299
Epoch: 5, Steps: 630 | Train Loss: 0.3066359 Vali Loss: 38.2759132 Test Loss: 36.1827850
Validation loss decreased (38.306068 --> 38.275913).  Saving model ...
Updating learning rate to 0.006910549730330707
	iters: 100, epoch: 6 | loss: 0.3210726
	speed: 0.0439s/iter; left time: 133.9168s
	iters: 200, epoch: 6 | loss: 0.3190812
	speed: 0.0186s/iter; left time: 54.7940s
	iters: 300, epoch: 6 | loss: 0.3129876
	speed: 0.0149s/iter; left time: 42.3521s
	iters: 400, epoch: 6 | loss: 0.2955790
	speed: 0.0154s/iter; left time: 42.3437s
	iters: 500, epoch: 6 | loss: 0.2977723
	speed: 0.0144s/iter; left time: 38.0668s
	iters: 600, epoch: 6 | loss: 0.3083572
	speed: 0.0145s/iter; left time: 37.0523s
Epoch: 6 cost time: 10.37542462348938
Epoch: 6, Steps: 630 | Train Loss: 0.3061568 Vali Loss: 38.7209892 Test Loss: 36.4249344
EarlyStopping counter: 1 out of 5
Updating learning rate to 0.004996903353289901
	iters: 100, epoch: 7 | loss: 0.3296189
	speed: 0.0354s/iter; left time: 85.6176s
	iters: 200, epoch: 7 | loss: 0.3175955
	speed: 0.0154s/iter; left time: 35.6530s
	iters: 300, epoch: 7 | loss: 0.2767508
	speed: 0.0173s/iter; left time: 38.5099s
	iters: 400, epoch: 7 | loss: 0.3231442
	speed: 0.0150s/iter; left time: 31.9058s
	iters: 500, epoch: 7 | loss: 0.3055101
	speed: 0.0159s/iter; left time: 32.1294s
	iters: 600, epoch: 7 | loss: 0.2891448
	speed: 0.0180s/iter; left time: 34.5909s
Epoch: 7 cost time: 10.200405359268188
Epoch: 7, Steps: 630 | Train Loss: 0.3055429 Vali Loss: 38.2940941 Test Loss: 36.1524048
EarlyStopping counter: 2 out of 5
Updating learning rate to 0.003083731457458237
	iters: 100, epoch: 8 | loss: 0.2966337
	speed: 0.0493s/iter; left time: 88.2081s
	iters: 200, epoch: 8 | loss: 0.2884461
	speed: 0.0192s/iter; left time: 32.4711s
	iters: 300, epoch: 8 | loss: 0.2984445
	speed: 0.0146s/iter; left time: 23.2451s
	iters: 400, epoch: 8 | loss: 0.2631759
	speed: 0.0162s/iter; left time: 24.1388s
	iters: 500, epoch: 8 | loss: 0.2981536
	speed: 0.0148s/iter; left time: 20.5871s
	iters: 600, epoch: 8 | loss: 0.2835645
	speed: 0.0172s/iter; left time: 22.1660s
Epoch: 8 cost time: 10.821307897567749
Epoch: 8, Steps: 630 | Train Loss: 0.3053618 Vali Loss: 38.3264046 Test Loss: 36.1514664
EarlyStopping counter: 3 out of 5
Updating learning rate to 0.0014622971210296596
	iters: 100, epoch: 9 | loss: 0.2970608
	speed: 0.0363s/iter; left time: 42.1440s
	iters: 200, epoch: 9 | loss: 0.2922314
	speed: 0.0171s/iter; left time: 18.1482s
	iters: 300, epoch: 9 | loss: 0.3428445
	speed: 0.0167s/iter; left time: 16.0063s
	iters: 400, epoch: 9 | loss: 0.2988866
	speed: 0.0165s/iter; left time: 14.1776s
	iters: 500, epoch: 9 | loss: 0.2496842
	speed: 0.0171s/iter; left time: 13.0375s
	iters: 600, epoch: 9 | loss: 0.3161071
	speed: 0.0167s/iter; left time: 11.0314s
Epoch: 9 cost time: 10.482583284378052
Epoch: 9, Steps: 630 | Train Loss: 0.3049422 Vali Loss: 38.2711334 Test Loss: 36.1170273
Validation loss decreased (38.275913 --> 38.271133).  Saving model ...
Updating learning rate to 0.00037944902338655996
	iters: 100, epoch: 10 | loss: 0.2674241
	speed: 0.0415s/iter; left time: 22.0132s
	iters: 200, epoch: 10 | loss: 0.2967577
	speed: 0.0191s/iter; left time: 8.2196s
	iters: 300, epoch: 10 | loss: 0.3297436
	speed: 0.0178s/iter; left time: 5.8802s
	iters: 400, epoch: 10 | loss: 0.3346091
	speed: 0.0162s/iter; left time: 3.7475s
	iters: 500, epoch: 10 | loss: 0.3057910
	speed: 0.0214s/iter; left time: 2.7991s
	iters: 600, epoch: 10 | loss: 0.3396417
	speed: 0.0207s/iter; left time: 0.6419s
Epoch: 10 cost time: 11.880678176879883
Epoch: 10, Steps: 630 | Train Loss: 0.3046547 Vali Loss: 38.2790565 Test Loss: 36.1190338
EarlyStopping counter: 1 out of 5
Updating learning rate to 4.097135265144571e-08
>>>>>>>testing : long_term_forecast_PEMS_SparseTSF_PEMS04_none_SparseTSF_PEMS_sl96_pl12_dm16_nh8_el2_dl1_df32_fc1_ebtimeF_dtTrue_PEMS_0<<<<<<<<<<<<<<<<<<<<<<<<<<<<<<<<<
data file: C:\Users\bbbal\OneDrive\Masaüstü\timemixer\dataset\PEMS\PEMS04.npz
test 274
mse:3018.1328125, mae:36.117027282714844
RMSE:54.93753433227539, MAPE:0.22427868843078613, MSPE:5.545596489092301e+16
