Args in experiment:
Namespace(activation='gelu', anomaly_ratio=0.25, batch_size=16, c_out=883, channel_independence=1, checkpoints='./checkpoints/', comment='none', d_ff=32, d_layers=1, d_model=16, data='PEMS', data_path='PEMS07.npz', dec_in=883, decomp_method='moving_avg', des='PEMS', devices='0,1', distil=True, down_sampling_layers=0, down_sampling_method='avg', down_sampling_window=1, drop_last=True, dropout=0.1, e_layers=2, embed='timeF', emissions_file='emissions.csv', emissions_output_dir='.', enc_in=883, factor=1, features='M', freq='h', gpu=0, inverse=False, is_training=1, itr=1, label_len=0, learning_rate=0.01, loss='MSE', lradj='TST', mask_rate=0.125, model='SparseTSF', model_id='PEMS_SparseTSF_PEMS07', model_type='linear', moving_avg=25, n_heads=8, num_kernels=6, num_workers=0, output_attention=False, p_hidden_dims=[128, 128], p_hidden_layers=2, patience=5, pct_start=0.2, period_len=12, pred_len=12, root_path='<workspace>\\dataset\\PEMS', seasonal_patterns='Monthly', seq_len=96, target='OT', task_name='long_term_forecast', top_k=5, track_emissions=0, train_epochs=10, use_amp=False, use_future_temporal_feature=0, use_gpu=True, use_multi_gpu=False, use_norm=0)
Use GPU: cuda:0
>>>>>>>start training : long_term_forecast_PEMS_SparseTSF_PEMS07_none_SparseTSF_PEMS_sl96_pl12_dm16_nh8_el2_dl1_df32_fc1_ebtimeF_dtTrue_PEMS_0>>>>>>>>>>>>>>>>>>>>>>>>>>
data file: <workspace>\dataset\PEMS\PEMS07.npz
train 16827
data file: <workspace>\dataset\PEMS\PEMS07.npz
val 5538
data file: <workspace>\dataset\PEMS\PEMS07.npz
test 461
	iters: 100, epoch: 1 | loss: 0.6732130
	speed: 0.0672s/iter; left time: 699.4055s
	iters: 200, epoch: 1 | loss: 0.4519412
	speed: 0.0419s/iter; left time: 431.8533s
	iters: 300, epoch: 1 | loss: 0.5026239
	speed: 0.0342s/iter; left time: 348.9064s
	iters: 400, epoch: 1 | loss: 0.4257162
	speed: 0.0329s/iter; left time: 332.9863s
	iters: 500, epoch: 1 | loss: 0.3860358
	speed: 0.0339s/iter; left time: 338.9662s
	iters: 600, epoch: 1 | loss: 0.3628158
	speed: 0.0333s/iter; left time: 329.6998s
	iters: 700, epoch: 1 | loss: 0.3323638
	speed: 0.0325s/iter; left time: 318.9758s
	iters: 800, epoch: 1 | loss: 0.3403764
	speed: 0.0351s/iter; left time: 341.3394s
	iters: 900, epoch: 1 | loss: 0.3245022
	speed: 0.0371s/iter; left time: 356.5838s
	iters: 1000, epoch: 1 | loss: 0.3279427
	speed: 0.0361s/iter; left time: 343.1340s
Epoch: 1 cost time: 40.145034074783325
Epoch: 1, Steps: 1051 | Train Loss: 0.3881711 Vali Loss: 42.9905624 Test Loss: 43.6971703
Validation loss decreased (inf --> 42.990562).  Saving model ...
Updating learning rate to 0.005203588682373247
	iters: 100, epoch: 2 | loss: 0.2602885
	speed: 0.1359s/iter; left time: 1272.1200s
	iters: 200, epoch: 2 | loss: 0.2785141
	speed: 0.0386s/iter; left time: 357.2195s
	iters: 300, epoch: 2 | loss: 0.3298507
	speed: 0.0399s/iter; left time: 365.7946s
	iters: 400, epoch: 2 | loss: 0.2791906
	speed: 0.0389s/iter; left time: 352.4253s
	iters: 500, epoch: 2 | loss: 0.2682089
	speed: 0.0335s/iter; left time: 300.2825s
	iters: 600, epoch: 2 | loss: 0.3193805
	speed: 0.0335s/iter; left time: 296.7733s
	iters: 700, epoch: 2 | loss: 0.3252418
	speed: 0.0319s/iter; left time: 279.1132s
	iters: 800, epoch: 2 | loss: 0.2742211
	speed: 0.0339s/iter; left time: 293.2605s
	iters: 900, epoch: 2 | loss: 0.2684255
	speed: 0.0337s/iter; left time: 288.7180s
	iters: 1000, epoch: 2 | loss: 0.4184415
	speed: 0.0326s/iter; left time: 275.5730s
Epoch: 2 cost time: 37.87884330749512
Epoch: 2, Steps: 1051 | Train Loss: 0.3094470 Vali Loss: 43.0760841 Test Loss: 43.7720680
EarlyStopping counter: 1 out of 5
Updating learning rate to 0.00999999965097816
	iters: 100, epoch: 3 | loss: 0.3067545
	speed: 0.1153s/iter; left time: 957.7759s
	iters: 200, epoch: 3 | loss: 0.3276975
	speed: 0.0270s/iter; left time: 221.4675s
	iters: 300, epoch: 3 | loss: 0.2602015
	speed: 0.0292s/iter; left time: 237.0960s
	iters: 400, epoch: 3 | loss: 0.3653325
	speed: 0.0345s/iter; left time: 275.9776s
	iters: 500, epoch: 3 | loss: 0.2971418
	speed: 0.0329s/iter; left time: 260.1208s
	iters: 600, epoch: 3 | loss: 0.2931917
	speed: 0.0319s/iter; left time: 248.8488s
	iters: 700, epoch: 3 | loss: 0.3773611
	speed: 0.0314s/iter; left time: 242.0190s
	iters: 800, epoch: 3 | loss: 0.4037960
	speed: 0.0318s/iter; left time: 241.6559s
	iters: 900, epoch: 3 | loss: 0.2864156
	speed: 0.0313s/iter; left time: 235.1238s
	iters: 1000, epoch: 3 | loss: 0.2871340
	speed: 0.0312s/iter; left time: 230.8501s
Epoch: 3 cost time: 32.91927409172058
Epoch: 3, Steps: 1051 | Train Loss: 0.3096085 Vali Loss: 42.8478966 Test Loss: 43.6215706
Validation loss decreased (42.990562 --> 42.847897).  Saving model ...
Updating learning rate to 0.009618683929933834
	iters: 100, epoch: 4 | loss: 0.3126308
	speed: 0.1093s/iter; left time: 792.9380s
	iters: 200, epoch: 4 | loss: 0.2724000
	speed: 0.0320s/iter; left time: 229.2547s
	iters: 300, epoch: 4 | loss: 0.2652175
	speed: 0.0313s/iter; left time: 220.6986s
	iters: 400, epoch: 4 | loss: 0.3156760
	speed: 0.0312s/iter; left time: 217.1750s
	iters: 500, epoch: 4 | loss: 0.3326623
	speed: 0.0311s/iter; left time: 213.2572s
	iters: 600, epoch: 4 | loss: 0.2349996
	speed: 0.0312s/iter; left time: 210.5157s
	iters: 700, epoch: 4 | loss: 0.3418198
	speed: 0.0315s/iter; left time: 209.8871s
	iters: 800, epoch: 4 | loss: 0.3122538
	speed: 0.0311s/iter; left time: 203.9097s
	iters: 900, epoch: 4 | loss: 0.3836210
	speed: 0.0311s/iter; left time: 200.6694s
	iters: 1000, epoch: 4 | loss: 0.3085325
	speed: 0.0312s/iter; left time: 198.5828s
Epoch: 4 cost time: 32.908302545547485
Epoch: 4, Steps: 1051 | Train Loss: 0.3086938 Vali Loss: 42.5026474 Test Loss: 43.2462425
Validation loss decreased (42.847897 --> 42.502647).  Saving model ...
Updating learning rate to 0.008534218493849865
	iters: 100, epoch: 5 | loss: 0.2999023
	speed: 0.1082s/iter; left time: 671.4344s
	iters: 200, epoch: 5 | loss: 0.2804887
	speed: 0.0310s/iter; left time: 189.2690s
	iters: 300, epoch: 5 | loss: 0.2522999
	speed: 0.0313s/iter; left time: 187.7532s
	iters: 400, epoch: 5 | loss: 0.2812183
	speed: 0.0311s/iter; left time: 183.9617s
	iters: 500, epoch: 5 | loss: 0.2858886
	speed: 0.0311s/iter; left time: 180.5165s
	iters: 600, epoch: 5 | loss: 0.2943766
	speed: 0.0310s/iter; left time: 177.1932s
	iters: 700, epoch: 5 | loss: 0.2770009
	speed: 0.0313s/iter; left time: 175.2747s
	iters: 800, epoch: 5 | loss: 0.2927101
	speed: 0.0311s/iter; left time: 171.2910s
	iters: 900, epoch: 5 | loss: 0.3689854
	speed: 0.0312s/iter; left time: 168.6995s
	iters: 1000, epoch: 5 | loss: 0.3010973
	speed: 0.0315s/iter; left time: 167.2363s
Epoch: 5 cost time: 32.79171442985535
Epoch: 5, Steps: 1051 | Train Loss: 0.3080442 Vali Loss: 42.6157417 Test Loss: 43.2969437
EarlyStopping counter: 1 out of 5
Updating learning rate to 0.006911703374666383
	iters: 100, epoch: 6 | loss: 0.2856032
	speed: 0.1083s/iter; left time: 558.5680s
	iters: 200, epoch: 6 | loss: 0.3284015
	speed: 0.0312s/iter; left time: 157.8372s
	iters: 300, epoch: 6 | loss: 0.2932205
	speed: 0.0311s/iter; left time: 154.2950s
	iters: 400, epoch: 6 | loss: 0.3032022
	speed: 0.0312s/iter; left time: 151.5930s
	iters: 500, epoch: 6 | loss: 0.3205158
	speed: 0.0311s/iter; left time: 147.6802s
	iters: 600, epoch: 6 | loss: 0.2746844
	speed: 0.0313s/iter; left time: 145.7713s
	iters: 700, epoch: 6 | loss: 0.3097978
	speed: 0.0311s/iter; left time: 141.7380s
	iters: 800, epoch: 6 | loss: 0.2987949
	speed: 0.0311s/iter; left time: 138.6343s
	iters: 900, epoch: 6 | loss: 0.3230040
	speed: 0.0311s/iter; left time: 135.6257s
	iters: 1000, epoch: 6 | loss: 0.2686561
	speed: 0.0314s/iter; left time: 133.6040s
Epoch: 6 cost time: 32.84555459022522
Epoch: 6, Steps: 1051 | Train Loss: 0.3078936 Vali Loss: 42.3241272 Test Loss: 43.0869026
Validation loss decreased (42.502647 --> 42.324127).  Saving model ...
Updating learning rate to 0.004998151791142888
	iters: 100, epoch: 7 | loss: 0.2869551
	speed: 0.1082s/iter; left time: 444.3578s
	iters: 200, epoch: 7 | loss: 0.3612723
	speed: 0.0313s/iter; left time: 125.1677s
	iters: 300, epoch: 7 | loss: 0.3162600
	speed: 0.0310s/iter; left time: 121.0490s
	iters: 400, epoch: 7 | loss: 0.3173873
	speed: 0.0315s/iter; left time: 119.8601s
	iters: 500, epoch: 7 | loss: 0.3060678
	speed: 0.0326s/iter; left time: 120.6215s
	iters: 600, epoch: 7 | loss: 0.2881870
	speed: 0.0311s/iter; left time: 112.1760s
	iters: 700, epoch: 7 | loss: 0.2726962
	speed: 0.0310s/iter; left time: 108.8148s
	iters: 800, epoch: 7 | loss: 0.3530373
	speed: 0.0321s/iter; left time: 109.3327s
	iters: 900, epoch: 7 | loss: 0.2758597
	speed: 0.0321s/iter; left time: 106.2275s
	iters: 1000, epoch: 7 | loss: 0.2923033
	speed: 0.0312s/iter; left time: 100.1225s
Epoch: 7 cost time: 33.10333251953125
Epoch: 7, Steps: 1051 | Train Loss: 0.3069535 Vali Loss: 42.2464333 Test Loss: 42.9955368
Validation loss decreased (42.324127 --> 42.246433).  Saving model ...
Updating learning rate to 0.003084884625482534
	iters: 100, epoch: 8 | loss: 0.3494835
	speed: 0.1121s/iter; left time: 342.4236s
	iters: 200, epoch: 8 | loss: 0.2520373
	speed: 0.0317s/iter; left time: 93.6269s
	iters: 300, epoch: 8 | loss: 0.3473057
	speed: 0.0314s/iter; left time: 89.7083s
	iters: 400, epoch: 8 | loss: 0.3320661
	speed: 0.0314s/iter; left time: 86.4977s
	iters: 500, epoch: 8 | loss: 0.2735518
	speed: 0.0321s/iter; left time: 85.2753s
	iters: 600, epoch: 8 | loss: 0.2999969
	speed: 0.0316s/iter; left time: 80.7961s
	iters: 700, epoch: 8 | loss: 0.2975976
	speed: 0.0314s/iter; left time: 76.9854s
	iters: 800, epoch: 8 | loss: 0.3321432
	speed: 0.0320s/iter; left time: 75.3142s
	iters: 900, epoch: 8 | loss: 0.3377934
	speed: 0.0316s/iter; left time: 71.3121s
	iters: 1000, epoch: 8 | loss: 0.2677774
	speed: 0.0316s/iter; left time: 68.0149s
Epoch: 8 cost time: 33.256925106048584
Epoch: 8, Steps: 1051 | Train Loss: 0.3068116 Vali Loss: 42.2216911 Test Loss: 42.9589920
Validation loss decreased (42.246433 --> 42.221691).  Saving model ...
Updating learning rate to 0.0014631794598470615
	iters: 100, epoch: 9 | loss: 0.2973067
	speed: 0.1101s/iter; left time: 220.5329s
	iters: 200, epoch: 9 | loss: 0.3026801
	speed: 0.0314s/iter; left time: 59.6850s
	iters: 300, epoch: 9 | loss: 0.3330678
	speed: 0.0315s/iter; left time: 56.7150s
	iters: 400, epoch: 9 | loss: 0.3454880
	speed: 0.0315s/iter; left time: 53.6914s
	iters: 500, epoch: 9 | loss: 0.2760586
	speed: 0.0318s/iter; left time: 50.9344s
	iters: 600, epoch: 9 | loss: 0.3097463
	speed: 0.0320s/iter; left time: 48.1622s
	iters: 700, epoch: 9 | loss: 0.3918198
	speed: 0.0321s/iter; left time: 45.0154s
	iters: 800, epoch: 9 | loss: 0.3437160
	speed: 0.0318s/iter; left time: 41.3934s
	iters: 900, epoch: 9 | loss: 0.2882195
	speed: 0.0318s/iter; left time: 38.2699s
	iters: 1000, epoch: 9 | loss: 0.3871810
	speed: 0.0319s/iter; left time: 35.2308s
Epoch: 9 cost time: 33.38456845283508
Epoch: 9, Steps: 1051 | Train Loss: 0.3063392 Vali Loss: 42.1833076 Test Loss: 42.9100151
Validation loss decreased (42.221691 --> 42.183308).  Saving model ...
Updating learning rate to 0.0003799262049105384
	iters: 100, epoch: 10 | loss: 0.2996434
	speed: 0.1123s/iter; left time: 106.8832s
	iters: 200, epoch: 10 | loss: 0.2780902
	speed: 0.0322s/iter; left time: 27.4180s
	iters: 300, epoch: 10 | loss: 0.3200293
	speed: 0.0321s/iter; left time: 24.1638s
	iters: 400, epoch: 10 | loss: 0.3543382
	speed: 0.0316s/iter; left time: 20.6229s
	iters: 500, epoch: 10 | loss: 0.2923229
	speed: 0.0312s/iter; left time: 17.2075s
	iters: 600, epoch: 10 | loss: 0.2680590
	speed: 0.0314s/iter; left time: 14.1741s
	iters: 700, epoch: 10 | loss: 0.2619635
	speed: 0.0310s/iter; left time: 10.9241s
	iters: 800, epoch: 10 | loss: 0.3133012
	speed: 0.0313s/iter; left time: 7.9000s
	iters: 900, epoch: 10 | loss: 0.3125236
	speed: 0.0312s/iter; left time: 4.7478s
	iters: 1000, epoch: 10 | loss: 0.3340720
	speed: 0.0314s/iter; left time: 1.6340s
Epoch: 10 cost time: 33.178144693374634
Epoch: 10, Steps: 1051 | Train Loss: 0.3059544 Vali Loss: 42.1673012 Test Loss: 42.8936348
Validation loss decreased (42.183308 --> 42.167301).  Saving model ...
Updating learning rate to 4.034902184144066e-08
>>>>>>>testing : long_term_forecast_PEMS_SparseTSF_PEMS07_none_SparseTSF_PEMS_sl96_pl12_dm16_nh8_el2_dl1_df32_fc1_ebtimeF_dtTrue_PEMS_0<<<<<<<<<<<<<<<<<<<<<<<<<<<<<<<<<
data file: <workspace>\dataset\PEMS\PEMS07.npz
test 461
mse:4089.261962890625, mae:42.893653869628906
RMSE:63.94733810424805, MAPE:0.18982523679733276, MSPE:14541796671488.0
