Args in experiment:
Namespace(activation='gelu', anomaly_ratio=0.25, batch_size=16, c_out=358, channel_independence=1, checkpoints='./checkpoints/', comment='none', d_ff=32, d_layers=1, d_model=16, data='PEMS', data_path='PEMS03.npz', dec_in=358, decomp_method='moving_avg', des='PEMS', devices='0,1', distil=True, down_sampling_layers=0, down_sampling_method='avg', down_sampling_window=1, drop_last=True, dropout=0.1, e_layers=2, embed='timeF', emissions_file='emissions.csv', emissions_output_dir='.', enc_in=358, factor=1, features='M', freq='h', gpu=0, inverse=False, is_training=1, itr=1, label_len=0, learning_rate=0.01, loss='MSE', lradj='TST', mask_rate=0.125, model='SparseTSF', model_id='PEMS_SparseTSF_PEMS03', model_type='linear', moving_avg=25, n_heads=8, num_kernels=6, num_workers=0, output_attention=False, p_hidden_dims=[128, 128], p_hidden_layers=2, patience=5, pct_start=0.2, period_len=12, pred_len=12, root_path='C:\\Users\\bbbal\\OneDrive\\Masaüstü\\timemixer\\dataset\\PEMS', seasonal_patterns='Monthly', seq_len=96, target='OT', task_name='long_term_forecast', top_k=5, track_emissions=0, train_epochs=10, use_amp=False, use_future_temporal_feature=0, use_gpu=True, use_multi_gpu=False, use_norm=0)
Use GPU: cuda:0
>>>>>>>start training : long_term_forecast_PEMS_SparseTSF_PEMS03_none_SparseTSF_PEMS_sl96_pl12_dm16_nh8_el2_dl1_df32_fc1_ebtimeF_dtTrue_PEMS_0>>>>>>>>>>>>>>>>>>>>>>>>>>
data file: C:\Users\bbbal\OneDrive\Masaüstü\timemixer\dataset\PEMS\PEMS03.npz
train 15617
data file: C:\Users\bbbal\OneDrive\Masaüstü\timemixer\dataset\PEMS\PEMS03.npz
val 5135
data file: C:\Users\bbbal\OneDrive\Masaüstü\timemixer\dataset\PEMS\PEMS03.npz
test 427
	iters: 100, epoch: 1 | loss: 0.4429648
	speed: 0.0462s/iter; left time: 446.3343s
	iters: 200, epoch: 1 | loss: 0.3852146
	speed: 0.0151s/iter; left time: 144.0991s
	iters: 300, epoch: 1 | loss: 0.4149101
	speed: 0.0163s/iter; left time: 154.6432s
	iters: 400, epoch: 1 | loss: 0.3491974
	speed: 0.0148s/iter; left time: 138.6254s
	iters: 500, epoch: 1 | loss: 0.3535256
	speed: 0.0159s/iter; left time: 147.1155s
	iters: 600, epoch: 1 | loss: 0.3695498
	speed: 0.0164s/iter; left time: 150.2742s
	iters: 700, epoch: 1 | loss: 0.3174601
	speed: 0.0166s/iter; left time: 150.5731s
	iters: 800, epoch: 1 | loss: 0.2971082
	speed: 0.0158s/iter; left time: 141.9314s
	iters: 900, epoch: 1 | loss: 0.2994878
	speed: 0.0181s/iter; left time: 160.2281s
Epoch: 1 cost time: 18.86135697364807
Epoch: 1, Steps: 976 | Train Loss: 0.3844944 Vali Loss: 29.4940453 Test Loss: 28.8248806
Validation loss decreased (inf --> 29.494045).  Saving model ...
Updating learning rate to 0.00520386459331319
	iters: 100, epoch: 2 | loss: 0.2571565
	speed: 0.0572s/iter; left time: 496.9853s
	iters: 200, epoch: 2 | loss: 0.3723766
	speed: 0.0176s/iter; left time: 151.0905s
	iters: 300, epoch: 2 | loss: 0.2482064
	speed: 0.0152s/iter; left time: 128.6356s
	iters: 400, epoch: 2 | loss: 0.3387966
	speed: 0.0169s/iter; left time: 141.5439s
	iters: 500, epoch: 2 | loss: 0.3651130
	speed: 0.0239s/iter; left time: 197.8826s
	iters: 600, epoch: 2 | loss: 0.3334359
	speed: 0.0219s/iter; left time: 179.0989s
	iters: 700, epoch: 2 | loss: 0.3462039
	speed: 0.0185s/iter; left time: 149.2850s
	iters: 800, epoch: 2 | loss: 0.2600938
	speed: 0.0171s/iter; left time: 136.3016s
	iters: 900, epoch: 2 | loss: 0.3009349
	speed: 0.0165s/iter; left time: 130.3622s
Epoch: 2 cost time: 17.403552532196045
Epoch: 2, Steps: 976 | Train Loss: 0.3115755 Vali Loss: 29.3833313 Test Loss: 28.6844406
Validation loss decreased (29.494045 --> 29.383331).  Saving model ...
Updating learning rate to 0.00999999959527652
	iters: 100, epoch: 3 | loss: 0.3576999
	speed: 0.0596s/iter; left time: 459.4367s
	iters: 200, epoch: 3 | loss: 0.2931622
	speed: 0.0154s/iter; left time: 116.8250s
	iters: 300, epoch: 3 | loss: 0.2825147
	speed: 0.0162s/iter; left time: 121.3285s
	iters: 400, epoch: 3 | loss: 0.3618966
	speed: 0.0158s/iter; left time: 116.8929s
	iters: 500, epoch: 3 | loss: 0.2787848
	speed: 0.0164s/iter; left time: 119.7386s
	iters: 600, epoch: 3 | loss: 0.3016520
	speed: 0.0165s/iter; left time: 119.3077s
	iters: 700, epoch: 3 | loss: 0.2682814
	speed: 0.0183s/iter; left time: 130.4404s
	iters: 800, epoch: 3 | loss: 0.2810600
	speed: 0.0185s/iter; left time: 129.9842s
	iters: 900, epoch: 3 | loss: 0.2757557
	speed: 0.0180s/iter; left time: 124.0358s
Epoch: 3 cost time: 16.48477005958557
Epoch: 3, Steps: 976 | Train Loss: 0.3122710 Vali Loss: 29.1048088 Test Loss: 28.3925438
Validation loss decreased (29.383331 --> 29.104809).  Saving model ...
Updating learning rate to 0.009618628940008554
	iters: 100, epoch: 4 | loss: 0.3568996
	speed: 0.0620s/iter; left time: 417.2655s
	iters: 200, epoch: 4 | loss: 0.3347071
	speed: 0.0164s/iter; left time: 108.9312s
	iters: 300, epoch: 4 | loss: 0.2982062
	speed: 0.0176s/iter; left time: 114.9893s
	iters: 400, epoch: 4 | loss: 0.3052668
	speed: 0.0208s/iter; left time: 134.1168s
	iters: 500, epoch: 4 | loss: 0.2372042
	speed: 0.0186s/iter; left time: 118.0246s
	iters: 600, epoch: 4 | loss: 0.2881323
	speed: 0.0166s/iter; left time: 103.7438s
	iters: 700, epoch: 4 | loss: 0.2317437
	speed: 0.0165s/iter; left time: 101.1475s
	iters: 800, epoch: 4 | loss: 0.3474221
	speed: 0.0158s/iter; left time: 95.0490s
	iters: 900, epoch: 4 | loss: 0.3230485
	speed: 0.0195s/iter; left time: 115.6865s
Epoch: 4 cost time: 17.024399042129517
Epoch: 4, Steps: 976 | Train Loss: 0.3111718 Vali Loss: 29.9651890 Test Loss: 29.2290230
EarlyStopping counter: 1 out of 5
Updating learning rate to 0.008534116941418587
	iters: 100, epoch: 5 | loss: 0.3456478
	speed: 0.0683s/iter; left time: 393.2126s
	iters: 200, epoch: 5 | loss: 0.2770605
	speed: 0.0176s/iter; left time: 99.7246s
	iters: 300, epoch: 5 | loss: 0.3059489
	speed: 0.0181s/iter; left time: 100.5255s
	iters: 400, epoch: 5 | loss: 0.3600741
	speed: 0.0176s/iter; left time: 96.0385s
	iters: 500, epoch: 5 | loss: 0.2876032
	speed: 0.0179s/iter; left time: 96.0814s
	iters: 600, epoch: 5 | loss: 0.3286363
	speed: 0.0149s/iter; left time: 78.3916s
	iters: 700, epoch: 5 | loss: 0.3004529
	speed: 0.0169s/iter; left time: 87.0981s
	iters: 800, epoch: 5 | loss: 0.2760853
	speed: 0.0154s/iter; left time: 78.0353s
	iters: 900, epoch: 5 | loss: 0.3576562
	speed: 0.0153s/iter; left time: 75.9875s
Epoch: 5 cost time: 16.304876565933228
Epoch: 5, Steps: 976 | Train Loss: 0.3104861 Vali Loss: 29.0359001 Test Loss: 28.3329582
Validation loss decreased (29.104809 --> 29.035900).  Saving model ...
Updating learning rate to 0.006911570720166192
	iters: 100, epoch: 6 | loss: 0.2776357
	speed: 0.0570s/iter; left time: 272.7171s
	iters: 200, epoch: 6 | loss: 0.2831499
	speed: 0.0179s/iter; left time: 83.9881s
	iters: 300, epoch: 6 | loss: 0.2698429
	speed: 0.0188s/iter; left time: 86.2981s
	iters: 400, epoch: 6 | loss: 0.3370204
	speed: 0.0173s/iter; left time: 77.3505s
	iters: 500, epoch: 6 | loss: 0.3557123
	speed: 0.0180s/iter; left time: 78.8045s
	iters: 600, epoch: 6 | loss: 0.2984016
	speed: 0.0167s/iter; left time: 71.4769s
	iters: 700, epoch: 6 | loss: 0.3179932
	speed: 0.0175s/iter; left time: 73.0019s
	iters: 800, epoch: 6 | loss: 0.3050382
	speed: 0.0180s/iter; left time: 73.5186s
	iters: 900, epoch: 6 | loss: 0.2495268
	speed: 0.0174s/iter; left time: 69.1803s
Epoch: 6 cost time: 17.087878942489624
Epoch: 6, Steps: 976 | Train Loss: 0.3103968 Vali Loss: 28.9923553 Test Loss: 28.2954388
Validation loss decreased (29.035900 --> 28.992355).  Saving model ...
Updating learning rate to 0.0049980082300189205
	iters: 100, epoch: 7 | loss: 0.4400609
	speed: 0.0685s/iter; left time: 260.7310s
	iters: 200, epoch: 7 | loss: 0.3291907
	speed: 0.0233s/iter; left time: 86.2358s
	iters: 300, epoch: 7 | loss: 0.3114767
	speed: 0.0234s/iter; left time: 84.2825s
	iters: 400, epoch: 7 | loss: 0.3302542
	speed: 0.0185s/iter; left time: 64.8935s
	iters: 500, epoch: 7 | loss: 0.3367817
	speed: 0.0170s/iter; left time: 58.0390s
	iters: 600, epoch: 7 | loss: 0.3333076
	speed: 0.0179s/iter; left time: 59.1586s
	iters: 700, epoch: 7 | loss: 0.3368365
	speed: 0.0168s/iter; left time: 53.8734s
	iters: 800, epoch: 7 | loss: 0.3369525
	speed: 0.0169s/iter; left time: 52.4169s
	iters: 900, epoch: 7 | loss: 0.3784213
	speed: 0.0173s/iter; left time: 51.9645s
Epoch: 7 cost time: 18.41830539703369
Epoch: 7, Steps: 976 | Train Loss: 0.3097043 Vali Loss: 29.0223083 Test Loss: 28.2888165
EarlyStopping counter: 1 out of 5
Updating learning rate to 0.0030847520136145293
	iters: 100, epoch: 8 | loss: 0.2994129
	speed: 0.0655s/iter; left time: 185.3372s
	iters: 200, epoch: 8 | loss: 0.3160279
	speed: 0.0191s/iter; left time: 52.1271s
	iters: 300, epoch: 8 | loss: 0.3331395
	speed: 0.0218s/iter; left time: 57.3155s
	iters: 400, epoch: 8 | loss: 0.3271089
	speed: 0.0200s/iter; left time: 50.6241s
	iters: 500, epoch: 8 | loss: 0.2685753
	speed: 0.0179s/iter; left time: 43.4894s
	iters: 600, epoch: 8 | loss: 0.2634051
	speed: 0.0175s/iter; left time: 40.8060s
	iters: 700, epoch: 8 | loss: 0.3526510
	speed: 0.0174s/iter; left time: 38.7588s
	iters: 800, epoch: 8 | loss: 0.2797263
	speed: 0.0204s/iter; left time: 43.4931s
	iters: 900, epoch: 8 | loss: 0.2636741
	speed: 0.0215s/iter; left time: 43.5934s
Epoch: 8 cost time: 19.087305784225464
Epoch: 8, Steps: 976 | Train Loss: 0.3089906 Vali Loss: 28.9710808 Test Loss: 28.2642193
Validation loss decreased (28.992355 --> 28.971081).  Saving model ...
Updating learning rate to 0.0014630779861897949
	iters: 100, epoch: 9 | loss: 0.2858558
	speed: 0.0692s/iter; left time: 128.2948s
	iters: 200, epoch: 9 | loss: 0.2605290
	speed: 0.0179s/iter; left time: 31.3888s
	iters: 300, epoch: 9 | loss: 0.2946950
	speed: 0.0209s/iter; left time: 34.4795s
	iters: 400, epoch: 9 | loss: 0.3073637
	speed: 0.0181s/iter; left time: 28.1460s
	iters: 500, epoch: 9 | loss: 0.2452543
	speed: 0.0152s/iter; left time: 22.1383s
	iters: 600, epoch: 9 | loss: 0.3121604
	speed: 0.0162s/iter; left time: 21.8550s
	iters: 700, epoch: 9 | loss: 0.2689449
	speed: 0.0156s/iter; left time: 19.5241s
	iters: 800, epoch: 9 | loss: 0.2688312
	speed: 0.0155s/iter; left time: 17.8838s
	iters: 900, epoch: 9 | loss: 0.3284533
	speed: 0.0152s/iter; left time: 15.9911s
Epoch: 9 cost time: 16.27998399734497
Epoch: 9, Steps: 976 | Train Loss: 0.3084652 Vali Loss: 28.9610176 Test Loss: 28.2760277
Validation loss decreased (28.971081 --> 28.961018).  Saving model ...
Updating learning rate to 0.0003798713179084679
	iters: 100, epoch: 10 | loss: 0.3006967
	speed: 0.0559s/iter; left time: 49.0676s
	iters: 200, epoch: 10 | loss: 0.2203934
	speed: 0.0175s/iter; left time: 13.5690s
	iters: 300, epoch: 10 | loss: 0.3236683
	speed: 0.0153s/iter; left time: 10.3630s
	iters: 400, epoch: 10 | loss: 0.2809946
	speed: 0.0163s/iter; left time: 9.4318s
	iters: 500, epoch: 10 | loss: 0.3154101
	speed: 0.0175s/iter; left time: 8.3398s
	iters: 600, epoch: 10 | loss: 0.3071233
	speed: 0.0179s/iter; left time: 6.7605s
	iters: 700, epoch: 10 | loss: 0.2617202
	speed: 0.0204s/iter; left time: 5.6415s
	iters: 800, epoch: 10 | loss: 0.3279412
	speed: 0.0163s/iter; left time: 2.8922s
	iters: 900, epoch: 10 | loss: 0.3392487
	speed: 0.0168s/iter; left time: 1.2934s
Epoch: 10 cost time: 16.49959087371826
Epoch: 10, Steps: 976 | Train Loss: 0.3082600 Vali Loss: 28.9675293 Test Loss: 28.2576809
EarlyStopping counter: 1 out of 5
Updating learning rate to 4.040472348120008e-08
>>>>>>>testing : long_term_forecast_PEMS_SparseTSF_PEMS03_none_SparseTSF_PEMS_sl96_pl12_dm16_nh8_el2_dl1_df32_fc1_ebtimeF_dtTrue_PEMS_0<<<<<<<<<<<<<<<<<<<<<<<<<<<<<<<<<
data file: C:\Users\bbbal\OneDrive\Masaüstü\timemixer\dataset\PEMS\PEMS03.npz
test 427
mse:2014.9945068359375, mae:28.276029586791992
RMSE:44.88869094848633, MAPE:0.2469676285982132, MSPE:2618449985536.0
