Args in experiment:
Namespace(activation='gelu', anomaly_ratio=0.25, batch_size=16, c_out=170, channel_independence=1, checkpoints='./checkpoints/', comment='none', d_ff=32, d_layers=1, d_model=16, data='PEMS', data_path='PEMS08.npz', dec_in=170, decomp_method='moving_avg', des='PEMS', devices='0,1', distil=True, down_sampling_layers=0, down_sampling_method='avg', down_sampling_window=1, drop_last=True, dropout=0.1, e_layers=2, embed='timeF', emissions_file='emissions.csv', emissions_output_dir='.', enc_in=170, factor=1, features='M', freq='h', gpu=0, inverse=False, is_training=1, itr=1, label_len=0, learning_rate=0.01, loss='MSE', lradj='TST', mask_rate=0.125, model='SparseTSF', model_id='PEMS_SparseTSF_PEMS08', model_type='linear', moving_avg=25, n_heads=8, num_kernels=6, num_workers=0, output_attention=False, p_hidden_dims=[128, 128], p_hidden_layers=2, patience=5, pct_start=0.2, percent=100, period_len=12, pred_len=12, root_path='<workspace>\\dataset\\PEMS', seasonal_patterns='Monthly', seq_len=96, target='OT', task_name='long_term_forecast', top_k=5, track_emissions=0, train_epochs=10, use_amp=False, use_future_temporal_feature=0, use_gpu=True, use_multi_gpu=False, use_norm=0)
Use GPU: cuda:0
>>>>>>>start training : long_term_forecast_PEMS_SparseTSF_PEMS08_none_SparseTSF_PEMS_sl96_pl12_dm16_nh8_el2_dl1_df32_fc1_ebtimeF_dtTrue_PEMS_0>>>>>>>>>>>>>>>>>>>>>>>>>>
data file: <workspace>\dataset\PEMS\PEMS08.npz
train 10606
data file: <workspace>\dataset\PEMS\PEMS08.npz
val 3464
data file: <workspace>\dataset\PEMS\PEMS08.npz
test 288
	iters: 100, epoch: 1 | loss: 0.6171433
	speed: 0.0329s/iter; left time: 214.4601s
	iters: 200, epoch: 1 | loss: 0.3727549
	speed: 0.0088s/iter; left time: 56.2983s
	iters: 300, epoch: 1 | loss: 0.3844151
	speed: 0.0089s/iter; left time: 56.2074s
	iters: 400, epoch: 1 | loss: 0.3338728
	speed: 0.0092s/iter; left time: 57.2443s
	iters: 500, epoch: 1 | loss: 0.3170225
	speed: 0.0091s/iter; left time: 55.8545s
	iters: 600, epoch: 1 | loss: 0.2989833
	speed: 0.0091s/iter; left time: 54.5775s
Epoch: 1 cost time: 8.347777128219604
Epoch: 1, Steps: 662 | Train Loss: 0.3925271 Vali Loss: 31.5627689 Test Loss: 29.9318810
Validation loss decreased (inf --> 31.562769).  Saving model ...
Updating learning rate to 0.0052056990329532584
	iters: 100, epoch: 2 | loss: 0.2453329
	speed: 0.0253s/iter; left time: 148.1145s
	iters: 200, epoch: 2 | loss: 0.3039786
	speed: 0.0092s/iter; left time: 52.9438s
	iters: 300, epoch: 2 | loss: 0.3018342
	speed: 0.0090s/iter; left time: 50.7357s
	iters: 400, epoch: 2 | loss: 0.3226521
	speed: 0.0093s/iter; left time: 51.5484s
	iters: 500, epoch: 2 | loss: 0.3165604
	speed: 0.0090s/iter; left time: 49.4026s
	iters: 600, epoch: 2 | loss: 0.3159104
	speed: 0.0088s/iter; left time: 47.2854s
Epoch: 2 cost time: 5.97783899307251
Epoch: 2, Steps: 662 | Train Loss: 0.3012604 Vali Loss: 30.7536774 Test Loss: 29.2460861
Validation loss decreased (31.562769 --> 30.753677).  Saving model ...
Updating learning rate to 0.00999999912028489
	iters: 100, epoch: 3 | loss: 0.3535320
	speed: 0.0259s/iter; left time: 134.8342s
	iters: 200, epoch: 3 | loss: 0.3009767
	speed: 0.0092s/iter; left time: 46.8102s
	iters: 300, epoch: 3 | loss: 0.2997473
	speed: 0.0097s/iter; left time: 48.3401s
	iters: 400, epoch: 3 | loss: 0.3071263
	speed: 0.0100s/iter; left time: 48.8071s
	iters: 500, epoch: 3 | loss: 0.3218410
	speed: 0.0098s/iter; left time: 47.0540s
	iters: 600, epoch: 3 | loss: 0.2863511
	speed: 0.0096s/iter; left time: 45.2997s
Epoch: 3 cost time: 6.334533214569092
Epoch: 3, Steps: 662 | Train Loss: 0.2997080 Vali Loss: 30.7652473 Test Loss: 29.3418961
EarlyStopping counter: 1 out of 5
Updating learning rate to 0.009618263335790982
	iters: 100, epoch: 4 | loss: 0.3437780
	speed: 0.0270s/iter; left time: 122.5073s
	iters: 200, epoch: 4 | loss: 0.2582313
	speed: 0.0091s/iter; left time: 40.3668s
	iters: 300, epoch: 4 | loss: 0.3018450
	speed: 0.0095s/iter; left time: 41.2174s
	iters: 400, epoch: 4 | loss: 0.3376844
	speed: 0.0093s/iter; left time: 39.3800s
	iters: 500, epoch: 4 | loss: 0.2790169
	speed: 0.0094s/iter; left time: 38.8180s
	iters: 600, epoch: 4 | loss: 0.3107648
	speed: 0.0093s/iter; left time: 37.6846s
Epoch: 4 cost time: 6.197400093078613
Epoch: 4, Steps: 662 | Train Loss: 0.3003668 Vali Loss: 30.8937664 Test Loss: 29.5150852
EarlyStopping counter: 2 out of 5
Updating learning rate to 0.008533441867902987
	iters: 100, epoch: 5 | loss: 0.2750158
	speed: 0.0268s/iter; left time: 103.8162s
	iters: 200, epoch: 5 | loss: 0.2705963
	speed: 0.0091s/iter; left time: 34.3608s
	iters: 300, epoch: 5 | loss: 0.2631539
	speed: 0.0093s/iter; left time: 34.1952s
	iters: 400, epoch: 5 | loss: 0.3398477
	speed: 0.0094s/iter; left time: 33.7589s
	iters: 500, epoch: 5 | loss: 0.2499627
	speed: 0.0096s/iter; left time: 33.2477s
	iters: 600, epoch: 5 | loss: 0.2737907
	speed: 0.0094s/iter; left time: 31.8009s
Epoch: 5 cost time: 6.174190521240234
Epoch: 5, Steps: 662 | Train Loss: 0.3000987 Vali Loss: 30.8465042 Test Loss: 29.3368263
EarlyStopping counter: 3 out of 5
Updating learning rate to 0.006910688951175754
	iters: 100, epoch: 6 | loss: 0.2908540
	speed: 0.0266s/iter; left time: 85.3287s
	iters: 200, epoch: 6 | loss: 0.3073919
	speed: 0.0095s/iter; left time: 29.6163s
	iters: 300, epoch: 6 | loss: 0.3156340
	speed: 0.0096s/iter; left time: 29.0459s
	iters: 400, epoch: 6 | loss: 0.3586658
	speed: 0.0092s/iter; left time: 26.9021s
	iters: 500, epoch: 6 | loss: 0.2965825
	speed: 0.0096s/iter; left time: 26.9356s
	iters: 600, epoch: 6 | loss: 0.3256195
	speed: 0.0094s/iter; left time: 25.4384s
Epoch: 6 cost time: 6.240946531295776
Epoch: 6, Steps: 662 | Train Loss: 0.2991122 Vali Loss: 30.7807503 Test Loss: 29.2406311
EarlyStopping counter: 4 out of 5
Updating learning rate to 0.004997054006889188
	iters: 100, epoch: 7 | loss: 0.3108189
	speed: 0.0265s/iter; left time: 67.5040s
	iters: 200, epoch: 7 | loss: 0.3718152
	speed: 0.0093s/iter; left time: 22.8967s
	iters: 300, epoch: 7 | loss: 0.2428130
	speed: 0.0095s/iter; left time: 22.3021s
	iters: 400, epoch: 7 | loss: 0.2780627
	speed: 0.0090s/iter; left time: 20.3188s
	iters: 500, epoch: 7 | loss: 0.3701364
	speed: 0.0095s/iter; left time: 20.3549s
	iters: 600, epoch: 7 | loss: 0.3104197
	speed: 0.0094s/iter; left time: 19.2213s
Epoch: 7 cost time: 6.197354793548584
Epoch: 7, Steps: 662 | Train Loss: 0.2981749 Vali Loss: 30.8703175 Test Loss: 29.2798290
EarlyStopping counter: 5 out of 5
Early stopping
>>>>>>>testing : long_term_forecast_PEMS_SparseTSF_PEMS08_none_SparseTSF_PEMS_sl96_pl12_dm16_nh8_el2_dl1_df32_fc1_ebtimeF_dtTrue_PEMS_0<<<<<<<<<<<<<<<<<<<<<<<<<<<<<<<<<
data file: <workspace>\dataset\PEMS\PEMS08.npz
test 288
mse:1990.1795654296875, mae:29.24608612060547
RMSE:44.611427307128906, MAPE:0.1713646799325943, MSPE:3739722711040.0
