===== TRAIN on ETTh1 =====
Args in experiment:
Namespace(activation='gelu', anomaly_ratio=0.25, batch_size=256, c_out=7, channel_independence=1, checkpoints='./checkpoints/', comment='none', d_ff=32, d_layers=1, d_model=16, data='ETTh1', data_path='ETTh1.csv', dec_in=7, decomp_method='moving_avg', des='ZeroShot', devices='0,1', distil=True, down_sampling_layers=0, down_sampling_method='avg', down_sampling_window=1, drop_last=True, dropout=0.1, e_layers=2, embed='timeF', emissions_file='emissions.csv', emissions_output_dir='.', enc_in=7, factor=1, features='M', freq='h', gpu=0, inverse=False, is_training=1, itr=1, label_len=0, learning_rate=0.02, loss='MSE', lradj='type3', mask_rate=0.125, model='SparseTSF', model_id='ZS_ETTh1_to_ETTm2_96', model_type='linear', moving_avg=25, n_heads=8, num_kernels=6, num_workers=0, output_attention=False, p_hidden_dims=[128, 128], p_hidden_layers=2, patience=5, pct_start=0.2, percent=100, period_len=24, pred_len=96, root_path='<workspace>\\dataset\\ETT-small', seasonal_patterns='Monthly', seq_len=96, target='OT', task_name='long_term_forecast', top_k=5, track_emissions=0, train_epochs=30, use_amp=False, use_future_temporal_feature=0, use_gpu=True, use_multi_gpu=False, use_norm=1)
Use GPU: cuda:0
>>>>>>>start training : long_term_forecast_ZS_ETTh1_to_ETTm2_96_none_SparseTSF_ETTh1_sl96_pl96_dm16_nh8_el2_dl1_df32_fc1_ebtimeF_dtTrue_ZeroShot_0>>>>>>>>>>>>>>>>>>>>>>>>>>
train 8449
val 2785
test 2785
Epoch: 1 cost time: 3.01139235496521
Epoch: 1, Steps: 33 | Train Loss: 0.7491055 Vali Loss: 1.3820400 Test Loss: 0.9278818
Validation loss decreased (inf --> 1.382040).  Saving model ...
Updating learning rate to 0.02
Epoch: 2 cost time: 0.41121673583984375
Epoch: 2, Steps: 33 | Train Loss: 0.6234223 Vali Loss: 1.1047312 Test Loss: 0.6658595
Validation loss decreased (1.382040 --> 1.104731).  Saving model ...
Updating learning rate to 0.02
Epoch: 3 cost time: 0.4524397850036621
Epoch: 3, Steps: 33 | Train Loss: 0.4634323 Vali Loss: 0.8080536 Test Loss: 0.4328475
Validation loss decreased (1.104731 --> 0.808054).  Saving model ...
Updating learning rate to 0.02
Epoch: 4 cost time: 0.45194411277770996
Epoch: 4, Steps: 33 | Train Loss: 0.3881813 Vali Loss: 0.7744540 Test Loss: 0.4064735
Validation loss decreased (0.808054 --> 0.774454).  Saving model ...
Updating learning rate to 0.018000000000000002
Epoch: 5 cost time: 0.43210554122924805
Epoch: 5, Steps: 33 | Train Loss: 0.3771177 Vali Loss: 0.7607832 Test Loss: 0.3998333
Validation loss decreased (0.774454 --> 0.760783).  Saving model ...
Updating learning rate to 0.016200000000000003
Epoch: 6 cost time: 0.46662020683288574
Epoch: 6, Steps: 33 | Train Loss: 0.3739686 Vali Loss: 0.7591612 Test Loss: 0.3967538
Validation loss decreased (0.760783 --> 0.759161).  Saving model ...
Updating learning rate to 0.014580000000000003
Epoch: 7 cost time: 0.45120787620544434
Epoch: 7, Steps: 33 | Train Loss: 0.3728418 Vali Loss: 0.7594515 Test Loss: 0.3969951
EarlyStopping counter: 1 out of 5
Updating learning rate to 0.013122
Epoch: 8 cost time: 0.4651803970336914
Epoch: 8, Steps: 33 | Train Loss: 0.3723173 Vali Loss: 0.7522091 Test Loss: 0.3972690
Validation loss decreased (0.759161 --> 0.752209).  Saving model ...
Updating learning rate to 0.011809800000000002
Epoch: 9 cost time: 0.43669843673706055
Epoch: 9, Steps: 33 | Train Loss: 0.3720586 Vali Loss: 0.7584974 Test Loss: 0.3969198
EarlyStopping counter: 1 out of 5
Updating learning rate to 0.01062882
Epoch: 10 cost time: 0.4147684574127197
Epoch: 10, Steps: 33 | Train Loss: 0.3719851 Vali Loss: 0.7541769 Test Loss: 0.3962703
EarlyStopping counter: 2 out of 5
Updating learning rate to 0.009565938000000001
Epoch: 11 cost time: 0.45220422744750977
Epoch: 11, Steps: 33 | Train Loss: 0.3718871 Vali Loss: 0.7482299 Test Loss: 0.3966349
Validation loss decreased (0.752209 --> 0.748230).  Saving model ...
Updating learning rate to 0.008609344200000002
Epoch: 12 cost time: 0.4290163516998291
Epoch: 12, Steps: 33 | Train Loss: 0.3718157 Vali Loss: 0.7569047 Test Loss: 0.3968788
EarlyStopping counter: 1 out of 5
Updating learning rate to 0.007748409780000002
Epoch: 13 cost time: 0.4277458190917969
Epoch: 13, Steps: 33 | Train Loss: 0.3718088 Vali Loss: 0.7499994 Test Loss: 0.3972455
EarlyStopping counter: 2 out of 5
Updating learning rate to 0.006973568802000002
Epoch: 14 cost time: 0.434985876083374
Epoch: 14, Steps: 33 | Train Loss: 0.3717692 Vali Loss: 0.7584166 Test Loss: 0.3959842
EarlyStopping counter: 3 out of 5
Updating learning rate to 0.006276211921800001
Epoch: 15 cost time: 0.43027615547180176
Epoch: 15, Steps: 33 | Train Loss: 0.3717665 Vali Loss: 0.7581663 Test Loss: 0.3971046
EarlyStopping counter: 4 out of 5
Updating learning rate to 0.005648590729620003
Epoch: 16 cost time: 0.46674180030822754
Epoch: 16, Steps: 33 | Train Loss: 0.3716867 Vali Loss: 0.7557418 Test Loss: 0.3959855
EarlyStopping counter: 5 out of 5
Early stopping
>>>>>>>testing : long_term_forecast_ZS_ETTh1_to_ETTm2_96_none_SparseTSF_ETTh1_sl96_pl96_dm16_nh8_el2_dl1_df32_fc1_ebtimeF_dtTrue_ZeroShot_0<<<<<<<<<<<<<<<<<<<<<<<<<<<<<<<<<
test 2785
mse:0.396634966135025, mae:0.40399083495140076
RMSE:0.6297895908355713, MAPE:0.6666909456253052, MSPE:46939.98046875

===== TRANSFER checkpoint.pth: long_term_forecast_ZS_ETTh1_to_ETTm2_96_none_SparseTSF_ETTh1_sl96_pl96_dm16_nh8_el2_dl1_df32_fc1_ebtimeF_dtTrue_ZeroShot_0 -> long_term_forecast_ZS_ETTh1_to_ETTm2_96_none_SparseTSF_ETTm2_sl96_pl96_dm16_nh8_el2_dl1_df32_fc1_ebtimeF_dtTrue_ZeroShot_0 =====
===== TEST on ETTm2 (zero-shot) =====
Args in experiment:
Namespace(activation='gelu', anomaly_ratio=0.25, batch_size=256, c_out=7, channel_independence=1, checkpoints='./checkpoints/', comment='none', d_ff=32, d_layers=1, d_model=16, data='ETTm2', data_path='ETTm2.csv', dec_in=7, decomp_method='moving_avg', des='ZeroShot', devices='0,1', distil=True, down_sampling_layers=0, down_sampling_method='avg', down_sampling_window=1, drop_last=True, dropout=0.1, e_layers=2, embed='timeF', emissions_file='emissions.csv', emissions_output_dir='.', enc_in=7, factor=1, features='M', freq='h', gpu=0, inverse=False, is_training=0, itr=1, label_len=0, learning_rate=0.02, loss='MSE', lradj='type3', mask_rate=0.125, model='SparseTSF', model_id='ZS_ETTh1_to_ETTm2_96', model_type='linear', moving_avg=25, n_heads=8, num_kernels=6, num_workers=0, output_attention=False, p_hidden_dims=[128, 128], p_hidden_layers=2, patience=5, pct_start=0.2, percent=100, period_len=24, pred_len=96, root_path='<workspace>\\dataset\\ETT-small', seasonal_patterns='Monthly', seq_len=96, target='OT', task_name='long_term_forecast', top_k=5, track_emissions=0, train_epochs=30, use_amp=False, use_future_temporal_feature=0, use_gpu=True, use_multi_gpu=False, use_norm=1)
Use GPU: cuda:0
>>>>>>>testing : long_term_forecast_ZS_ETTh1_to_ETTm2_96_none_SparseTSF_ETTm2_sl96_pl96_dm16_nh8_el2_dl1_df32_fc1_ebtimeF_dtTrue_ZeroShot_0<<<<<<<<<<<<<<<<<<<<<<<<<<<<<<<<<
test 11425
loading model
mse:0.22534452378749847, mae:0.30731022357940674
RMSE:0.47470468282699585, MAPE:0.4763512909412384, MSPE:295.59747314453125
