===== TRAIN on ETTh2 =====
Args in experiment:
Namespace(activation='gelu', anomaly_ratio=0.25, batch_size=256, c_out=7, channel_independence=1, checkpoints='./checkpoints/', comment='none', d_ff=32, d_layers=1, d_model=16, data='ETTh2', data_path='ETTh2.csv', dec_in=7, decomp_method='moving_avg', des='ZeroShot', devices='0,1', distil=True, down_sampling_layers=0, down_sampling_method='avg', down_sampling_window=1, drop_last=True, dropout=0.1, e_layers=2, embed='timeF', emissions_file='emissions.csv', emissions_output_dir='.', enc_in=7, factor=1, features='M', freq='h', gpu=0, inverse=False, is_training=1, itr=1, label_len=0, learning_rate=0.02, loss='MSE', lradj='type3', mask_rate=0.125, model='SparseTSF', model_id='ZS_ETTh2_to_ETTh1_336', model_type='linear', moving_avg=25, n_heads=8, num_kernels=6, num_workers=0, output_attention=False, p_hidden_dims=[128, 128], p_hidden_layers=2, patience=5, pct_start=0.2, percent=100, period_len=24, pred_len=336, root_path='C:\\Users\\bbbal\\OneDrive\\Masaüstü\\timemixer\\dataset\\ETT-small', seasonal_patterns='Monthly', seq_len=96, target='OT', task_name='long_term_forecast', top_k=5, track_emissions=0, train_epochs=30, use_amp=False, use_future_temporal_feature=0, use_gpu=True, use_multi_gpu=False, use_norm=1)
Use GPU: cuda:0
>>>>>>>start training : long_term_forecast_ZS_ETTh2_to_ETTh1_336_none_SparseTSF_ETTh2_sl96_pl336_dm16_nh8_el2_dl1_df32_fc1_ebtimeF_dtTrue_ZeroShot_0>>>>>>>>>>>>>>>>>>>>>>>>>>
train 8209
val 2545
test 2545
Epoch: 1 cost time: 3.186880350112915
Epoch: 1, Steps: 32 | Train Loss: 0.7942212 Vali Loss: 0.4540728 Test Loss: 0.4573966
Validation loss decreased (inf --> 0.454073).  Saving model ...
Updating learning rate to 0.02
Epoch: 2 cost time: 0.7230148315429688
Epoch: 2, Steps: 32 | Train Loss: 0.7352931 Vali Loss: 0.4003306 Test Loss: 0.4029265
Validation loss decreased (0.454073 --> 0.400331).  Saving model ...
Updating learning rate to 0.02
Epoch: 3 cost time: 0.70108962059021
Epoch: 3, Steps: 32 | Train Loss: 0.6830371 Vali Loss: 0.3760992 Test Loss: 0.3784090
Validation loss decreased (0.400331 --> 0.376099).  Saving model ...
Updating learning rate to 0.02
Epoch: 4 cost time: 0.7081186771392822
Epoch: 4, Steps: 32 | Train Loss: 0.6668882 Vali Loss: 0.3697812 Test Loss: 0.3705184
Validation loss decreased (0.376099 --> 0.369781).  Saving model ...
Updating learning rate to 0.018000000000000002
Epoch: 5 cost time: 0.6811490058898926
Epoch: 5, Steps: 32 | Train Loss: 0.6620051 Vali Loss: 0.3689726 Test Loss: 0.3662009
Validation loss decreased (0.369781 --> 0.368973).  Saving model ...
Updating learning rate to 0.016200000000000003
Epoch: 6 cost time: 0.5907802581787109
Epoch: 6, Steps: 32 | Train Loss: 0.6599472 Vali Loss: 0.3740175 Test Loss: 0.3679471
EarlyStopping counter: 1 out of 5
Updating learning rate to 0.014580000000000003
Epoch: 7 cost time: 0.597891092300415
Epoch: 7, Steps: 32 | Train Loss: 0.6595720 Vali Loss: 0.3698148 Test Loss: 0.3653316
EarlyStopping counter: 2 out of 5
Updating learning rate to 0.013122
Epoch: 8 cost time: 0.6070637702941895
Epoch: 8, Steps: 32 | Train Loss: 0.6587424 Vali Loss: 0.3709264 Test Loss: 0.3675910
EarlyStopping counter: 3 out of 5
Updating learning rate to 0.011809800000000002
Epoch: 9 cost time: 0.6157140731811523
Epoch: 9, Steps: 32 | Train Loss: 0.6586040 Vali Loss: 0.3683221 Test Loss: 0.3651582
Validation loss decreased (0.368973 --> 0.368322).  Saving model ...
Updating learning rate to 0.01062882
Epoch: 10 cost time: 0.5939986705780029
Epoch: 10, Steps: 32 | Train Loss: 0.6578309 Vali Loss: 0.3673140 Test Loss: 0.3655196
Validation loss decreased (0.368322 --> 0.367314).  Saving model ...
Updating learning rate to 0.009565938000000001
Epoch: 11 cost time: 0.6393938064575195
Epoch: 11, Steps: 32 | Train Loss: 0.6583799 Vali Loss: 0.3697647 Test Loss: 0.3651503
EarlyStopping counter: 1 out of 5
Updating learning rate to 0.008609344200000002
Epoch: 12 cost time: 0.5710499286651611
Epoch: 12, Steps: 32 | Train Loss: 0.6572930 Vali Loss: 0.3691656 Test Loss: 0.3657844
EarlyStopping counter: 2 out of 5
Updating learning rate to 0.007748409780000002
Epoch: 13 cost time: 0.6027932167053223
Epoch: 13, Steps: 32 | Train Loss: 0.6572508 Vali Loss: 0.3678256 Test Loss: 0.3649368
EarlyStopping counter: 3 out of 5
Updating learning rate to 0.006973568802000002
Epoch: 14 cost time: 0.623117208480835
Epoch: 14, Steps: 32 | Train Loss: 0.6571133 Vali Loss: 0.3690757 Test Loss: 0.3650095
EarlyStopping counter: 4 out of 5
Updating learning rate to 0.006276211921800001
Epoch: 15 cost time: 0.5976707935333252
Epoch: 15, Steps: 32 | Train Loss: 0.6561188 Vali Loss: 0.3690689 Test Loss: 0.3649128
EarlyStopping counter: 5 out of 5
Early stopping
>>>>>>>testing : long_term_forecast_ZS_ETTh2_to_ETTh1_336_none_SparseTSF_ETTh2_sl96_pl336_dm16_nh8_el2_dl1_df32_fc1_ebtimeF_dtTrue_ZeroShot_0<<<<<<<<<<<<<<<<<<<<<<<<<<<<<<<<<
test 2545
mse:0.3655194938182831, mae:0.3987407982349396
RMSE:0.6045820713043213, MAPE:0.5660828351974487, MSPE:458.7884521484375

===== TRANSFER checkpoint.pth: long_term_forecast_ZS_ETTh2_to_ETTh1_336_none_SparseTSF_ETTh2_sl96_pl336_dm16_nh8_el2_dl1_df32_fc1_ebtimeF_dtTrue_ZeroShot_0 -> long_term_forecast_ZS_ETTh2_to_ETTh1_336_none_SparseTSF_ETTh1_sl96_pl336_dm16_nh8_el2_dl1_df32_fc1_ebtimeF_dtTrue_ZeroShot_0 =====
===== TEST on ETTh1 (zero-shot) =====
Args in experiment:
Namespace(activation='gelu', anomaly_ratio=0.25, batch_size=256, c_out=7, channel_independence=1, checkpoints='./checkpoints/', comment='none', d_ff=32, d_layers=1, d_model=16, data='ETTh1', data_path='ETTh1.csv', dec_in=7, decomp_method='moving_avg', des='ZeroShot', devices='0,1', distil=True, down_sampling_layers=0, down_sampling_method='avg', down_sampling_window=1, drop_last=True, dropout=0.1, e_layers=2, embed='timeF', emissions_file='emissions.csv', emissions_output_dir='.', enc_in=7, factor=1, features='M', freq='h', gpu=0, inverse=False, is_training=0, itr=1, label_len=0, learning_rate=0.02, loss='MSE', lradj='type3', mask_rate=0.125, model='SparseTSF', model_id='ZS_ETTh2_to_ETTh1_336', model_type='linear', moving_avg=25, n_heads=8, num_kernels=6, num_workers=0, output_attention=False, p_hidden_dims=[128, 128], p_hidden_layers=2, patience=5, pct_start=0.2, percent=100, period_len=24, pred_len=336, root_path='C:\\Users\\bbbal\\OneDrive\\Masaüstü\\timemixer\\dataset\\ETT-small', seasonal_patterns='Monthly', seq_len=96, target='OT', task_name='long_term_forecast', top_k=5, track_emissions=0, train_epochs=30, use_amp=False, use_future_temporal_feature=0, use_gpu=True, use_multi_gpu=False, use_norm=1)
Use GPU: cuda:0
>>>>>>>testing : long_term_forecast_ZS_ETTh2_to_ETTh1_336_none_SparseTSF_ETTh1_sl96_pl336_dm16_nh8_el2_dl1_df32_fc1_ebtimeF_dtTrue_ZeroShot_0<<<<<<<<<<<<<<<<<<<<<<<<<<<<<<<<<
test 2545
loading model
mse:0.45927709341049194, mae:0.4514341354370117
RMSE:0.677699863910675, MAPE:0.7227548956871033, MSPE:38054.609375
