===== TRAIN on ETTh2 =====
Args in experiment:
Namespace(activation='gelu', anomaly_ratio=0.25, batch_size=256, c_out=7, channel_independence=1, checkpoints='./checkpoints/', comment='none', d_ff=32, d_layers=1, d_model=16, data='ETTh2', data_path='ETTh2.csv', dec_in=7, decomp_method='moving_avg', des='ZeroShot', devices='0,1', distil=True, down_sampling_layers=0, down_sampling_method='avg', down_sampling_window=1, drop_last=True, dropout=0.1, e_layers=2, embed='timeF', emissions_file='emissions.csv', emissions_output_dir='.', enc_in=7, factor=1, features='M', freq='h', gpu=0, inverse=False, is_training=1, itr=1, label_len=0, learning_rate=0.02, loss='MSE', lradj='type3', mask_rate=0.125, model='SparseTSF', model_id='ZS_ETTh2_to_ETTh1_192', model_type='linear', moving_avg=25, n_heads=8, num_kernels=6, num_workers=0, output_attention=False, p_hidden_dims=[128, 128], p_hidden_layers=2, patience=5, pct_start=0.2, percent=100, period_len=24, pred_len=192, root_path='<workspace>\\dataset\\ETT-small', seasonal_patterns='Monthly', seq_len=96, target='OT', task_name='long_term_forecast', top_k=5, track_emissions=0, train_epochs=30, use_amp=False, use_future_temporal_feature=0, use_gpu=True, use_multi_gpu=False, use_norm=1)
Use GPU: cuda:0
>>>>>>>start training : long_term_forecast_ZS_ETTh2_to_ETTh1_192_none_SparseTSF_ETTh2_sl96_pl192_dm16_nh8_el2_dl1_df32_fc1_ebtimeF_dtTrue_ZeroShot_0>>>>>>>>>>>>>>>>>>>>>>>>>>
train 8353
val 2689
test 2689
Epoch: 1 cost time: 3.0515401363372803
Epoch: 1, Steps: 32 | Train Loss: 0.6882086 Vali Loss: 0.3579356 Test Loss: 0.4530701
Validation loss decreased (inf --> 0.357936).  Saving model ...
Updating learning rate to 0.02
Epoch: 2 cost time: 0.4948277473449707
Epoch: 2, Steps: 32 | Train Loss: 0.6356967 Vali Loss: 0.3066039 Test Loss: 0.3925424
Validation loss decreased (0.357936 --> 0.306604).  Saving model ...
Updating learning rate to 0.02
Epoch: 3 cost time: 0.5043008327484131
Epoch: 3, Steps: 32 | Train Loss: 0.5659922 Vali Loss: 0.2893308 Test Loss: 0.3751177
Validation loss decreased (0.306604 --> 0.289331).  Saving model ...
Updating learning rate to 0.02
Epoch: 4 cost time: 0.514049768447876
Epoch: 4, Steps: 32 | Train Loss: 0.5613297 Vali Loss: 0.2825093 Test Loss: 0.3690152
Validation loss decreased (0.289331 --> 0.282509).  Saving model ...
Updating learning rate to 0.018000000000000002
Epoch: 5 cost time: 0.542426347732544
Epoch: 5, Steps: 32 | Train Loss: 0.5509398 Vali Loss: 0.2812330 Test Loss: 0.3664140
Validation loss decreased (0.282509 --> 0.281233).  Saving model ...
Updating learning rate to 0.016200000000000003
Epoch: 6 cost time: 0.5066754817962646
Epoch: 6, Steps: 32 | Train Loss: 0.5533303 Vali Loss: 0.2792099 Test Loss: 0.3649659
Validation loss decreased (0.281233 --> 0.279210).  Saving model ...
Updating learning rate to 0.014580000000000003
Epoch: 7 cost time: 0.5154531002044678
Epoch: 7, Steps: 32 | Train Loss: 0.5570717 Vali Loss: 0.2783942 Test Loss: 0.3641158
Validation loss decreased (0.279210 --> 0.278394).  Saving model ...
Updating learning rate to 0.013122
Epoch: 8 cost time: 0.5133545398712158
Epoch: 8, Steps: 32 | Train Loss: 0.5521073 Vali Loss: 0.2806986 Test Loss: 0.3637806
EarlyStopping counter: 1 out of 5
Updating learning rate to 0.011809800000000002
Epoch: 9 cost time: 0.5497722625732422
Epoch: 9, Steps: 32 | Train Loss: 0.5537211 Vali Loss: 0.2781555 Test Loss: 0.3635500
Validation loss decreased (0.278394 --> 0.278156).  Saving model ...
Updating learning rate to 0.01062882
Epoch: 10 cost time: 0.5166015625
Epoch: 10, Steps: 32 | Train Loss: 0.5553805 Vali Loss: 0.2800602 Test Loss: 0.3637777
EarlyStopping counter: 1 out of 5
Updating learning rate to 0.009565938000000001
Epoch: 11 cost time: 0.5520920753479004
Epoch: 11, Steps: 32 | Train Loss: 0.5540325 Vali Loss: 0.2793747 Test Loss: 0.3629064
EarlyStopping counter: 2 out of 5
Updating learning rate to 0.008609344200000002
Epoch: 12 cost time: 0.5304765701293945
Epoch: 12, Steps: 32 | Train Loss: 0.5526132 Vali Loss: 0.2775934 Test Loss: 0.3632353
Validation loss decreased (0.278156 --> 0.277593).  Saving model ...
Updating learning rate to 0.007748409780000002
Epoch: 13 cost time: 0.5052304267883301
Epoch: 13, Steps: 32 | Train Loss: 0.5529142 Vali Loss: 0.2807078 Test Loss: 0.3628016
EarlyStopping counter: 1 out of 5
Updating learning rate to 0.006973568802000002
Epoch: 14 cost time: 0.5110633373260498
Epoch: 14, Steps: 32 | Train Loss: 0.5537397 Vali Loss: 0.2796183 Test Loss: 0.3637179
EarlyStopping counter: 2 out of 5
Updating learning rate to 0.006276211921800001
Epoch: 15 cost time: 0.5184738636016846
Epoch: 15, Steps: 32 | Train Loss: 0.5537380 Vali Loss: 0.2796612 Test Loss: 0.3630353
EarlyStopping counter: 3 out of 5
Updating learning rate to 0.005648590729620003
Epoch: 16 cost time: 0.4993398189544678
Epoch: 16, Steps: 32 | Train Loss: 0.5547814 Vali Loss: 0.2792360 Test Loss: 0.3630806
EarlyStopping counter: 4 out of 5
Updating learning rate to 0.005083731656658002
Epoch: 17 cost time: 0.5088057518005371
Epoch: 17, Steps: 32 | Train Loss: 0.5515517 Vali Loss: 0.2780423 Test Loss: 0.3626576
EarlyStopping counter: 5 out of 5
Early stopping
>>>>>>>testing : long_term_forecast_ZS_ETTh2_to_ETTh1_192_none_SparseTSF_ETTh2_sl96_pl192_dm16_nh8_el2_dl1_df32_fc1_ebtimeF_dtTrue_ZeroShot_0<<<<<<<<<<<<<<<<<<<<<<<<<<<<<<<<<
test 2689
mse:0.3632354438304901, mae:0.38595110177993774
RMSE:0.6026901602745056, MAPE:0.5310589075088501, MSPE:397.38861083984375

===== TRANSFER checkpoint.pth: long_term_forecast_ZS_ETTh2_to_ETTh1_192_none_SparseTSF_ETTh2_sl96_pl192_dm16_nh8_el2_dl1_df32_fc1_ebtimeF_dtTrue_ZeroShot_0 -> long_term_forecast_ZS_ETTh2_to_ETTh1_192_none_SparseTSF_ETTh1_sl96_pl192_dm16_nh8_el2_dl1_df32_fc1_ebtimeF_dtTrue_ZeroShot_0 =====
===== TEST on ETTh1 (zero-shot) =====
Args in experiment:
Namespace(activation='gelu', anomaly_ratio=0.25, batch_size=256, c_out=7, channel_independence=1, checkpoints='./checkpoints/', comment='none', d_ff=32, d_layers=1, d_model=16, data='ETTh1', data_path='ETTh1.csv', dec_in=7, decomp_method='moving_avg', des='ZeroShot', devices='0,1', distil=True, down_sampling_layers=0, down_sampling_method='avg', down_sampling_window=1, drop_last=True, dropout=0.1, e_layers=2, embed='timeF', emissions_file='emissions.csv', emissions_output_dir='.', enc_in=7, factor=1, features='M', freq='h', gpu=0, inverse=False, is_training=0, itr=1, label_len=0, learning_rate=0.02, loss='MSE', lradj='type3', mask_rate=0.125, model='SparseTSF', model_id='ZS_ETTh2_to_ETTh1_192', model_type='linear', moving_avg=25, n_heads=8, num_kernels=6, num_workers=0, output_attention=False, p_hidden_dims=[128, 128], p_hidden_layers=2, patience=5, pct_start=0.2, percent=100, period_len=24, pred_len=192, root_path='<workspace>\\dataset\\ETT-small', seasonal_patterns='Monthly', seq_len=96, target='OT', task_name='long_term_forecast', top_k=5, track_emissions=0, train_epochs=30, use_amp=False, use_future_temporal_feature=0, use_gpu=True, use_multi_gpu=False, use_norm=1)
Use GPU: cuda:0
>>>>>>>testing : long_term_forecast_ZS_ETTh2_to_ETTh1_192_none_SparseTSF_ETTh1_sl96_pl192_dm16_nh8_el2_dl1_df32_fc1_ebtimeF_dtTrue_ZeroShot_0<<<<<<<<<<<<<<<<<<<<<<<<<<<<<<<<<
test 2689
loading model
mse:0.4608364999294281, mae:0.44631528854370117
RMSE:0.6788493990898132, MAPE:0.7150904536247253, MSPE:40368.74609375
