===== TRAIN on ETTh1 =====
Args in experiment:
Namespace(activation='gelu', anomaly_ratio=0.25, batch_size=256, c_out=7, channel_independence=1, checkpoints='./checkpoints/', comment='none', d_ff=32, d_layers=1, d_model=16, data='ETTh1', data_path='ETTh1.csv', dec_in=7, decomp_method='moving_avg', des='ZeroShot', devices='0,1', distil=True, down_sampling_layers=0, down_sampling_method='avg', down_sampling_window=1, drop_last=True, dropout=0.1, e_layers=2, embed='timeF', emissions_file='emissions.csv', emissions_output_dir='.', enc_in=7, factor=1, features='M', freq='h', gpu=0, inverse=False, is_training=1, itr=1, label_len=0, learning_rate=0.02, loss='MSE', lradj='type3', mask_rate=0.125, model='SparseTSF', model_id='ZS_ETTh1_to_ETTh2_192', model_type='linear', moving_avg=25, n_heads=8, num_kernels=6, num_workers=0, output_attention=False, p_hidden_dims=[128, 128], p_hidden_layers=2, patience=5, pct_start=0.2, percent=100, period_len=24, pred_len=192, root_path='<workspace>\\dataset\\ETT-small', seasonal_patterns='Monthly', seq_len=96, target='OT', task_name='long_term_forecast', top_k=5, track_emissions=0, train_epochs=30, use_amp=False, use_future_temporal_feature=0, use_gpu=True, use_multi_gpu=False, use_norm=1)
Use GPU: cuda:0
>>>>>>>start training : long_term_forecast_ZS_ETTh1_to_ETTh2_192_none_SparseTSF_ETTh1_sl96_pl192_dm16_nh8_el2_dl1_df32_fc1_ebtimeF_dtTrue_ZeroShot_0>>>>>>>>>>>>>>>>>>>>>>>>>>
train 8353
val 2689
test 2689
Epoch: 1 cost time: 3.1819353103637695
Epoch: 1, Steps: 32 | Train Loss: 0.7085317 Vali Loss: 1.5453444 Test Loss: 0.8167428
Validation loss decreased (inf --> 1.545344).  Saving model ...
Updating learning rate to 0.02
Epoch: 2 cost time: 0.5567774772644043
Epoch: 2, Steps: 32 | Train Loss: 0.5750069 Vali Loss: 1.1155945 Test Loss: 0.5023830
Validation loss decreased (1.545344 --> 1.115595).  Saving model ...
Updating learning rate to 0.02
Epoch: 3 cost time: 0.48874878883361816
Epoch: 3, Steps: 32 | Train Loss: 0.4552198 Vali Loss: 1.0835414 Test Loss: 0.4496796
Validation loss decreased (1.115595 --> 1.083541).  Saving model ...
Updating learning rate to 0.02
Epoch: 4 cost time: 0.5189645290374756
Epoch: 4, Steps: 32 | Train Loss: 0.4396955 Vali Loss: 1.0674208 Test Loss: 0.4384168
Validation loss decreased (1.083541 --> 1.067421).  Saving model ...
Updating learning rate to 0.018000000000000002
Epoch: 5 cost time: 0.48409533500671387
Epoch: 5, Steps: 32 | Train Loss: 0.4343167 Vali Loss: 1.0581703 Test Loss: 0.4354539
Validation loss decreased (1.067421 --> 1.058170).  Saving model ...
Updating learning rate to 0.016200000000000003
Epoch: 6 cost time: 0.49315571784973145
Epoch: 6, Steps: 32 | Train Loss: 0.4318025 Vali Loss: 1.0418907 Test Loss: 0.4364282
Validation loss decreased (1.058170 --> 1.041891).  Saving model ...
Updating learning rate to 0.014580000000000003
Epoch: 7 cost time: 0.49870967864990234
Epoch: 7, Steps: 32 | Train Loss: 0.4306447 Vali Loss: 1.0395111 Test Loss: 0.4344749
Validation loss decreased (1.041891 --> 1.039511).  Saving model ...
Updating learning rate to 0.013122
Epoch: 8 cost time: 0.62532639503479
Epoch: 8, Steps: 32 | Train Loss: 0.4304562 Vali Loss: 1.0373668 Test Loss: 0.4334424
Validation loss decreased (1.039511 --> 1.037367).  Saving model ...
Updating learning rate to 0.011809800000000002
Epoch: 9 cost time: 0.594088077545166
Epoch: 9, Steps: 32 | Train Loss: 0.4307043 Vali Loss: 1.0394214 Test Loss: 0.4334544
EarlyStopping counter: 1 out of 5
Updating learning rate to 0.01062882
Epoch: 10 cost time: 0.552358865737915
Epoch: 10, Steps: 32 | Train Loss: 0.4297761 Vali Loss: 1.0342483 Test Loss: 0.4332129
Validation loss decreased (1.037367 --> 1.034248).  Saving model ...
Updating learning rate to 0.009565938000000001
Epoch: 11 cost time: 0.5379095077514648
Epoch: 11, Steps: 32 | Train Loss: 0.4303919 Vali Loss: 1.0373856 Test Loss: 0.4335313
EarlyStopping counter: 1 out of 5
Updating learning rate to 0.008609344200000002
Epoch: 12 cost time: 0.5278506278991699
Epoch: 12, Steps: 32 | Train Loss: 0.4304744 Vali Loss: 1.0347716 Test Loss: 0.4328305
EarlyStopping counter: 2 out of 5
Updating learning rate to 0.007748409780000002
Epoch: 13 cost time: 0.5136189460754395
Epoch: 13, Steps: 32 | Train Loss: 0.4298717 Vali Loss: 1.0421601 Test Loss: 0.4328955
EarlyStopping counter: 3 out of 5
Updating learning rate to 0.006973568802000002
Epoch: 14 cost time: 0.5277822017669678
Epoch: 14, Steps: 32 | Train Loss: 0.4302137 Vali Loss: 1.0404552 Test Loss: 0.4325785
EarlyStopping counter: 4 out of 5
Updating learning rate to 0.006276211921800001
Epoch: 15 cost time: 0.5284943580627441
Epoch: 15, Steps: 32 | Train Loss: 0.4309143 Vali Loss: 1.0349042 Test Loss: 0.4325368
EarlyStopping counter: 5 out of 5
Early stopping
>>>>>>>testing : long_term_forecast_ZS_ETTh1_to_ETTh2_192_none_SparseTSF_ETTh1_sl96_pl192_dm16_nh8_el2_dl1_df32_fc1_ebtimeF_dtTrue_ZeroShot_0<<<<<<<<<<<<<<<<<<<<<<<<<<<<<<<<<
test 2689
mse:0.43321287631988525, mae:0.4176476299762726
RMSE:0.6581891179084778, MAPE:0.6688364744186401, MSPE:39378.1015625

===== TRANSFER checkpoint.pth: long_term_forecast_ZS_ETTh1_to_ETTh2_192_none_SparseTSF_ETTh1_sl96_pl192_dm16_nh8_el2_dl1_df32_fc1_ebtimeF_dtTrue_ZeroShot_0 -> long_term_forecast_ZS_ETTh1_to_ETTh2_192_none_SparseTSF_ETTh2_sl96_pl192_dm16_nh8_el2_dl1_df32_fc1_ebtimeF_dtTrue_ZeroShot_0 =====
===== TEST on ETTh2 (zero-shot) =====
Args in experiment:
Namespace(activation='gelu', anomaly_ratio=0.25, batch_size=256, c_out=7, channel_independence=1, checkpoints='./checkpoints/', comment='none', d_ff=32, d_layers=1, d_model=16, data='ETTh2', data_path='ETTh2.csv', dec_in=7, decomp_method='moving_avg', des='ZeroShot', devices='0,1', distil=True, down_sampling_layers=0, down_sampling_method='avg', down_sampling_window=1, drop_last=True, dropout=0.1, e_layers=2, embed='timeF', emissions_file='emissions.csv', emissions_output_dir='.', enc_in=7, factor=1, features='M', freq='h', gpu=0, inverse=False, is_training=0, itr=1, label_len=0, learning_rate=0.02, loss='MSE', lradj='type3', mask_rate=0.125, model='SparseTSF', model_id='ZS_ETTh1_to_ETTh2_192', model_type='linear', moving_avg=25, n_heads=8, num_kernels=6, num_workers=0, output_attention=False, p_hidden_dims=[128, 128], p_hidden_layers=2, patience=5, pct_start=0.2, percent=100, period_len=24, pred_len=192, root_path='<workspace>\\dataset\\ETT-small', seasonal_patterns='Monthly', seq_len=96, target='OT', task_name='long_term_forecast', top_k=5, track_emissions=0, train_epochs=30, use_amp=False, use_future_temporal_feature=0, use_gpu=True, use_multi_gpu=False, use_norm=1)
Use GPU: cuda:0
>>>>>>>testing : long_term_forecast_ZS_ETTh1_to_ETTh2_192_none_SparseTSF_ETTh2_sl96_pl192_dm16_nh8_el2_dl1_df32_fc1_ebtimeF_dtTrue_ZeroShot_0<<<<<<<<<<<<<<<<<<<<<<<<<<<<<<<<<
test 2689
loading model
mse:0.37018105387687683, mae:0.3885039985179901
RMSE:0.6084250807762146, MAPE:0.5340576171875, MSPE:365.8800964355469
