===== TRAIN on ETTh1 =====
Args in experiment:
Namespace(activation='gelu', anomaly_ratio=0.25, batch_size=256, c_out=7, channel_independence=1, checkpoints='./checkpoints/', comment='none', d_ff=32, d_layers=1, d_model=16, data='ETTh1', data_path='ETTh1.csv', dec_in=7, decomp_method='moving_avg', des='ZeroShot', devices='0,1', distil=True, down_sampling_layers=0, down_sampling_method='avg', down_sampling_window=1, drop_last=True, dropout=0.1, e_layers=2, embed='timeF', emissions_file='emissions.csv', emissions_output_dir='.', enc_in=7, factor=1, features='M', freq='h', gpu=0, inverse=False, is_training=1, itr=1, label_len=0, learning_rate=0.02, loss='MSE', lradj='type3', mask_rate=0.125, model='SparseTSF', model_id='ZS_ETTh1_to_ETTh2_336', model_type='linear', moving_avg=25, n_heads=8, num_kernels=6, num_workers=0, output_attention=False, p_hidden_dims=[128, 128], p_hidden_layers=2, patience=5, pct_start=0.2, percent=100, period_len=24, pred_len=336, root_path='<workspace>\\dataset\\ETT-small', seasonal_patterns='Monthly', seq_len=96, target='OT', task_name='long_term_forecast', top_k=5, track_emissions=0, train_epochs=30, use_amp=False, use_future_temporal_feature=0, use_gpu=True, use_multi_gpu=False, use_norm=1)
Use GPU: cuda:0
>>>>>>>start training : long_term_forecast_ZS_ETTh1_to_ETTh2_336_none_SparseTSF_ETTh1_sl96_pl336_dm16_nh8_el2_dl1_df32_fc1_ebtimeF_dtTrue_ZeroShot_0>>>>>>>>>>>>>>>>>>>>>>>>>>
train 8209
val 2545
test 2545
Epoch: 1 cost time: 3.1887402534484863
Epoch: 1, Steps: 32 | Train Loss: 0.8092588 Vali Loss: 1.8825657 Test Loss: 0.8760870
Validation loss decreased (inf --> 1.882566).  Saving model ...
Updating learning rate to 0.02
Epoch: 2 cost time: 0.6055328845977783
Epoch: 2, Steps: 32 | Train Loss: 0.6965541 Vali Loss: 1.5402233 Test Loss: 0.6230905
Validation loss decreased (1.882566 --> 1.540223).  Saving model ...
Updating learning rate to 0.02
Epoch: 3 cost time: 0.6146001815795898
Epoch: 3, Steps: 32 | Train Loss: 0.5448540 Vali Loss: 1.3423511 Test Loss: 0.4632577
Validation loss decreased (1.540223 --> 1.342351).  Saving model ...
Updating learning rate to 0.02
Epoch: 4 cost time: 0.5981097221374512
Epoch: 4, Steps: 32 | Train Loss: 0.5033445 Vali Loss: 1.3363106 Test Loss: 0.4546384
Validation loss decreased (1.342351 --> 1.336311).  Saving model ...
Updating learning rate to 0.018000000000000002
Epoch: 5 cost time: 0.619840145111084
Epoch: 5, Steps: 32 | Train Loss: 0.4955688 Vali Loss: 1.3249692 Test Loss: 0.4500069
Validation loss decreased (1.336311 --> 1.324969).  Saving model ...
Updating learning rate to 0.016200000000000003
Epoch: 6 cost time: 0.6315007209777832
Epoch: 6, Steps: 32 | Train Loss: 0.4930883 Vali Loss: 1.3155338 Test Loss: 0.4501912
Validation loss decreased (1.324969 --> 1.315534).  Saving model ...
Updating learning rate to 0.014580000000000003
Epoch: 7 cost time: 0.6340584754943848
Epoch: 7, Steps: 32 | Train Loss: 0.4925127 Vali Loss: 1.3239826 Test Loss: 0.4497501
EarlyStopping counter: 1 out of 5
Updating learning rate to 0.013122
Epoch: 8 cost time: 0.6149065494537354
Epoch: 8, Steps: 32 | Train Loss: 0.4922946 Vali Loss: 1.3104700 Test Loss: 0.4496559
Validation loss decreased (1.315534 --> 1.310470).  Saving model ...
Updating learning rate to 0.011809800000000002
Epoch: 9 cost time: 0.6061744689941406
Epoch: 9, Steps: 32 | Train Loss: 0.4918888 Vali Loss: 1.3223067 Test Loss: 0.4497529
EarlyStopping counter: 1 out of 5
Updating learning rate to 0.01062882
Epoch: 10 cost time: 0.6333427429199219
Epoch: 10, Steps: 32 | Train Loss: 0.4920193 Vali Loss: 1.3106303 Test Loss: 0.4494954
EarlyStopping counter: 2 out of 5
Updating learning rate to 0.009565938000000001
Epoch: 11 cost time: 0.567516565322876
Epoch: 11, Steps: 32 | Train Loss: 0.4916865 Vali Loss: 1.3183284 Test Loss: 0.4491933
EarlyStopping counter: 3 out of 5
Updating learning rate to 0.008609344200000002
Epoch: 12 cost time: 0.5876855850219727
Epoch: 12, Steps: 32 | Train Loss: 0.4919194 Vali Loss: 1.3245894 Test Loss: 0.4501281
EarlyStopping counter: 4 out of 5
Updating learning rate to 0.007748409780000002
Epoch: 13 cost time: 0.6042742729187012
Epoch: 13, Steps: 32 | Train Loss: 0.4918408 Vali Loss: 1.3209488 Test Loss: 0.4489045
EarlyStopping counter: 5 out of 5
Early stopping
>>>>>>>testing : long_term_forecast_ZS_ETTh1_to_ETTh2_336_none_SparseTSF_ETTh1_sl96_pl336_dm16_nh8_el2_dl1_df32_fc1_ebtimeF_dtTrue_ZeroShot_0<<<<<<<<<<<<<<<<<<<<<<<<<<<<<<<<<
test 2545
mse:0.4496557414531708, mae:0.4339820444583893
RMSE:0.6705637574195862, MAPE:0.6886019110679626, MSPE:40567.75

===== TRANSFER checkpoint.pth: long_term_forecast_ZS_ETTh1_to_ETTh2_336_none_SparseTSF_ETTh1_sl96_pl336_dm16_nh8_el2_dl1_df32_fc1_ebtimeF_dtTrue_ZeroShot_0 -> long_term_forecast_ZS_ETTh1_to_ETTh2_336_none_SparseTSF_ETTh2_sl96_pl336_dm16_nh8_el2_dl1_df32_fc1_ebtimeF_dtTrue_ZeroShot_0 =====
===== TEST on ETTh2 (zero-shot) =====
Args in experiment:
Namespace(activation='gelu', anomaly_ratio=0.25, batch_size=256, c_out=7, channel_independence=1, checkpoints='./checkpoints/', comment='none', d_ff=32, d_layers=1, d_model=16, data='ETTh2', data_path='ETTh2.csv', dec_in=7, decomp_method='moving_avg', des='ZeroShot', devices='0,1', distil=True, down_sampling_layers=0, down_sampling_method='avg', down_sampling_window=1, drop_last=True, dropout=0.1, e_layers=2, embed='timeF', emissions_file='emissions.csv', emissions_output_dir='.', enc_in=7, factor=1, features='M', freq='h', gpu=0, inverse=False, is_training=0, itr=1, label_len=0, learning_rate=0.02, loss='MSE', lradj='type3', mask_rate=0.125, model='SparseTSF', model_id='ZS_ETTh1_to_ETTh2_336', model_type='linear', moving_avg=25, n_heads=8, num_kernels=6, num_workers=0, output_attention=False, p_hidden_dims=[128, 128], p_hidden_layers=2, patience=5, pct_start=0.2, percent=100, period_len=24, pred_len=336, root_path='<workspace>\\dataset\\ETT-small', seasonal_patterns='Monthly', seq_len=96, target='OT', task_name='long_term_forecast', top_k=5, track_emissions=0, train_epochs=30, use_amp=False, use_future_temporal_feature=0, use_gpu=True, use_multi_gpu=False, use_norm=1)
Use GPU: cuda:0
>>>>>>>testing : long_term_forecast_ZS_ETTh1_to_ETTh2_336_none_SparseTSF_ETTh2_sl96_pl336_dm16_nh8_el2_dl1_df32_fc1_ebtimeF_dtTrue_ZeroShot_0<<<<<<<<<<<<<<<<<<<<<<<<<<<<<<<<<
test 2545
loading model
mse:0.36735475063323975, mae:0.4003610908985138
RMSE:0.6060979962348938, MAPE:0.5714265704154968, MSPE:426.604736328125
