===== TRAIN on ETTh2 =====
Args in experiment:
Namespace(activation='gelu', anomaly_ratio=0.25, batch_size=256, c_out=7, channel_independence=1, checkpoints='./checkpoints/', comment='none', d_ff=32, d_layers=1, d_model=16, data='ETTh2', data_path='ETTh2.csv', dec_in=7, decomp_method='moving_avg', des='ZeroShot', devices='0,1', distil=True, down_sampling_layers=0, down_sampling_method='avg', down_sampling_window=1, drop_last=True, dropout=0.1, e_layers=2, embed='timeF', emissions_file='emissions.csv', emissions_output_dir='.', enc_in=7, factor=1, features='M', freq='h', gpu=0, inverse=False, is_training=1, itr=1, label_len=0, learning_rate=0.02, loss='MSE', lradj='type3', mask_rate=0.125, model='SparseTSF', model_id='ZS_ETTh2_to_ETTh1_96', model_type='linear', moving_avg=25, n_heads=8, num_kernels=6, num_workers=0, output_attention=False, p_hidden_dims=[128, 128], p_hidden_layers=2, patience=5, pct_start=0.2, percent=100, period_len=24, pred_len=96, root_path='C:\\Users\\bbbal\\OneDrive\\Masaüstü\\timemixer\\dataset\\ETT-small', seasonal_patterns='Monthly', seq_len=96, target='OT', task_name='long_term_forecast', top_k=5, track_emissions=0, train_epochs=30, use_amp=False, use_future_temporal_feature=0, use_gpu=True, use_multi_gpu=False, use_norm=1)
Use GPU: cuda:0
>>>>>>>start training : long_term_forecast_ZS_ETTh2_to_ETTh1_96_none_SparseTSF_ETTh2_sl96_pl96_dm16_nh8_el2_dl1_df32_fc1_ebtimeF_dtTrue_ZeroShot_0>>>>>>>>>>>>>>>>>>>>>>>>>>
train 8449
val 2785
test 2785
Epoch: 1 cost time: 3.0013420581817627
Epoch: 1, Steps: 33 | Train Loss: 0.6161816 Vali Loss: 0.3263327 Test Loss: 0.4040356
Validation loss decreased (inf --> 0.326333).  Saving model ...
Updating learning rate to 0.02
Epoch: 2 cost time: 0.4674854278564453
Epoch: 2, Steps: 33 | Train Loss: 0.5540641 Vali Loss: 0.2661650 Test Loss: 0.3357994
Validation loss decreased (0.326333 --> 0.266165).  Saving model ...
Updating learning rate to 0.02
Epoch: 3 cost time: 0.42773914337158203
Epoch: 3, Steps: 33 | Train Loss: 0.4947338 Vali Loss: 0.2506654 Test Loss: 0.3255105
Validation loss decreased (0.266165 --> 0.250665).  Saving model ...
Updating learning rate to 0.02
Epoch: 4 cost time: 0.44623279571533203
Epoch: 4, Steps: 33 | Train Loss: 0.4784364 Vali Loss: 0.2453397 Test Loss: 0.3246830
Validation loss decreased (0.250665 --> 0.245340).  Saving model ...
Updating learning rate to 0.018000000000000002
Epoch: 5 cost time: 0.41608190536499023
Epoch: 5, Steps: 33 | Train Loss: 0.4737766 Vali Loss: 0.2367408 Test Loss: 0.3142612
Validation loss decreased (0.245340 --> 0.236741).  Saving model ...
Updating learning rate to 0.016200000000000003
Epoch: 6 cost time: 0.4145815372467041
Epoch: 6, Steps: 33 | Train Loss: 0.4601083 Vali Loss: 0.2294833 Test Loss: 0.3026735
Validation loss decreased (0.236741 --> 0.229483).  Saving model ...
Updating learning rate to 0.014580000000000003
Epoch: 7 cost time: 0.42960119247436523
Epoch: 7, Steps: 33 | Train Loss: 0.4533974 Vali Loss: 0.2252992 Test Loss: 0.2951006
Validation loss decreased (0.229483 --> 0.225299).  Saving model ...
Updating learning rate to 0.013122
Epoch: 8 cost time: 0.4163224697113037
Epoch: 8, Steps: 33 | Train Loss: 0.4494778 Vali Loss: 0.2206443 Test Loss: 0.2926814
Validation loss decreased (0.225299 --> 0.220644).  Saving model ...
Updating learning rate to 0.011809800000000002
Epoch: 9 cost time: 0.4387369155883789
Epoch: 9, Steps: 33 | Train Loss: 0.4485112 Vali Loss: 0.2201532 Test Loss: 0.2888898
Validation loss decreased (0.220644 --> 0.220153).  Saving model ...
Updating learning rate to 0.01062882
Epoch: 10 cost time: 0.4460115432739258
Epoch: 10, Steps: 33 | Train Loss: 0.4471098 Vali Loss: 0.2218225 Test Loss: 0.2883865
EarlyStopping counter: 1 out of 5
Updating learning rate to 0.009565938000000001
Epoch: 11 cost time: 0.41726255416870117
Epoch: 11, Steps: 33 | Train Loss: 0.4472173 Vali Loss: 0.2215526 Test Loss: 0.2885767
EarlyStopping counter: 2 out of 5
Updating learning rate to 0.008609344200000002
Epoch: 12 cost time: 0.44729089736938477
Epoch: 12, Steps: 33 | Train Loss: 0.4469484 Vali Loss: 0.2208440 Test Loss: 0.2880801
EarlyStopping counter: 3 out of 5
Updating learning rate to 0.007748409780000002
Epoch: 13 cost time: 0.42499446868896484
Epoch: 13, Steps: 33 | Train Loss: 0.4462106 Vali Loss: 0.2193686 Test Loss: 0.2897887
Validation loss decreased (0.220153 --> 0.219369).  Saving model ...
Updating learning rate to 0.006973568802000002
Epoch: 14 cost time: 0.42002439498901367
Epoch: 14, Steps: 33 | Train Loss: 0.4459303 Vali Loss: 0.2211795 Test Loss: 0.2879968
EarlyStopping counter: 1 out of 5
Updating learning rate to 0.006276211921800001
Epoch: 15 cost time: 0.4183223247528076
Epoch: 15, Steps: 33 | Train Loss: 0.4463467 Vali Loss: 0.2186188 Test Loss: 0.2886463
Validation loss decreased (0.219369 --> 0.218619).  Saving model ...
Updating learning rate to 0.005648590729620003
Epoch: 16 cost time: 0.4155097007751465
Epoch: 16, Steps: 33 | Train Loss: 0.4459392 Vali Loss: 0.2194589 Test Loss: 0.2884526
EarlyStopping counter: 1 out of 5
Updating learning rate to 0.005083731656658002
Epoch: 17 cost time: 0.41513609886169434
Epoch: 17, Steps: 33 | Train Loss: 0.4452433 Vali Loss: 0.2189147 Test Loss: 0.2875530
EarlyStopping counter: 2 out of 5
Updating learning rate to 0.004575358490992202
Epoch: 18 cost time: 0.4560694694519043
Epoch: 18, Steps: 33 | Train Loss: 0.4452064 Vali Loss: 0.2203931 Test Loss: 0.2882727
EarlyStopping counter: 3 out of 5
Updating learning rate to 0.004117822641892982
Epoch: 19 cost time: 0.44971537590026855
Epoch: 19, Steps: 33 | Train Loss: 0.4450685 Vali Loss: 0.2191384 Test Loss: 0.2877884
EarlyStopping counter: 4 out of 5
Updating learning rate to 0.0037060403777036833
Epoch: 20 cost time: 0.4872701168060303
Epoch: 20, Steps: 33 | Train Loss: 0.4454521 Vali Loss: 0.2199145 Test Loss: 0.2874906
EarlyStopping counter: 5 out of 5
Early stopping
>>>>>>>testing : long_term_forecast_ZS_ETTh2_to_ETTh1_96_none_SparseTSF_ETTh2_sl96_pl96_dm16_nh8_el2_dl1_df32_fc1_ebtimeF_dtTrue_ZeroShot_0<<<<<<<<<<<<<<<<<<<<<<<<<<<<<<<<<
test 2785
mse:0.28864625096321106, mae:0.33910951018333435
RMSE:0.5372580885887146, MAPE:0.4918919801712036, MSPE:440.3626708984375

===== TRANSFER checkpoint.pth: long_term_forecast_ZS_ETTh2_to_ETTh1_96_none_SparseTSF_ETTh2_sl96_pl96_dm16_nh8_el2_dl1_df32_fc1_ebtimeF_dtTrue_ZeroShot_0 -> long_term_forecast_ZS_ETTh2_to_ETTh1_96_none_SparseTSF_ETTh1_sl96_pl96_dm16_nh8_el2_dl1_df32_fc1_ebtimeF_dtTrue_ZeroShot_0 =====
===== TEST on ETTh1 (zero-shot) =====
Args in experiment:
Namespace(activation='gelu', anomaly_ratio=0.25, batch_size=256, c_out=7, channel_independence=1, checkpoints='./checkpoints/', comment='none', d_ff=32, d_layers=1, d_model=16, data='ETTh1', data_path='ETTh1.csv', dec_in=7, decomp_method='moving_avg', des='ZeroShot', devices='0,1', distil=True, down_sampling_layers=0, down_sampling_method='avg', down_sampling_window=1, drop_last=True, dropout=0.1, e_layers=2, embed='timeF', emissions_file='emissions.csv', emissions_output_dir='.', enc_in=7, factor=1, features='M', freq='h', gpu=0, inverse=False, is_training=0, itr=1, label_len=0, learning_rate=0.02, loss='MSE', lradj='type3', mask_rate=0.125, model='SparseTSF', model_id='ZS_ETTh2_to_ETTh1_96', model_type='linear', moving_avg=25, n_heads=8, num_kernels=6, num_workers=0, output_attention=False, p_hidden_dims=[128, 128], p_hidden_layers=2, patience=5, pct_start=0.2, percent=100, period_len=24, pred_len=96, root_path='C:\\Users\\bbbal\\OneDrive\\Masaüstü\\timemixer\\dataset\\ETT-small', seasonal_patterns='Monthly', seq_len=96, target='OT', task_name='long_term_forecast', top_k=5, track_emissions=0, train_epochs=30, use_amp=False, use_future_temporal_feature=0, use_gpu=True, use_multi_gpu=False, use_norm=1)
Use GPU: cuda:0
>>>>>>>testing : long_term_forecast_ZS_ETTh2_to_ETTh1_96_none_SparseTSF_ETTh1_sl96_pl96_dm16_nh8_el2_dl1_df32_fc1_ebtimeF_dtTrue_ZeroShot_0<<<<<<<<<<<<<<<<<<<<<<<<<<<<<<<<<
test 2785
loading model
mse:0.4206264317035675, mae:0.4281105101108551
RMSE:0.648557186126709, MAPE:0.7018336057662964, MSPE:43978.2421875
