===== TRAIN on ETTm1 =====
Args in experiment:
Namespace(activation='gelu', anomaly_ratio=0.25, batch_size=256, c_out=7, channel_independence=1, checkpoints='./checkpoints/', comment='none', d_ff=32, d_layers=1, d_model=16, data='ETTm1', data_path='ETTm1.csv', dec_in=7, decomp_method='moving_avg', des='ZeroShot', devices='0,1', distil=True, down_sampling_layers=0, down_sampling_method='avg', down_sampling_window=1, drop_last=True, dropout=0.1, e_layers=2, embed='timeF', emissions_file='emissions.csv', emissions_output_dir='.', enc_in=7, factor=1, features='M', freq='h', gpu=0, inverse=False, is_training=1, itr=1, label_len=0, learning_rate=0.02, loss='MSE', lradj='type3', mask_rate=0.125, model='SparseTSF', model_id='ZS_ETTm1_to_ETTh2_720', model_type='linear', moving_avg=25, n_heads=8, num_kernels=6, num_workers=0, output_attention=False, p_hidden_dims=[128, 128], p_hidden_layers=2, patience=5, pct_start=0.2, percent=100, period_len=4, pred_len=720, root_path='C:\\Users\\bbbal\\OneDrive\\Masaüstü\\timemixer\\dataset\\ETT-small', seasonal_patterns='Monthly', seq_len=96, target='OT', task_name='long_term_forecast', top_k=5, track_emissions=0, train_epochs=30, use_amp=False, use_future_temporal_feature=0, use_gpu=True, use_multi_gpu=False, use_norm=1)
Use GPU: cuda:0
>>>>>>>start training : long_term_forecast_ZS_ETTm1_to_ETTh2_720_none_SparseTSF_ETTm1_sl96_pl720_dm16_nh8_el2_dl1_df32_fc1_ebtimeF_dtTrue_ZeroShot_0>>>>>>>>>>>>>>>>>>>>>>>>>>
train 33745
val 10801
test 10801
	iters: 100, epoch: 1 | loss: 0.5549235
	speed: 0.0531s/iter; left time: 203.4258s
Epoch: 1 cost time: 6.248586416244507
Epoch: 1, Steps: 131 | Train Loss: 0.6092220 Vali Loss: 1.0879383 Test Loss: 0.5754568
Validation loss decreased (inf --> 1.087938).  Saving model ...
Updating learning rate to 0.02
	iters: 100, epoch: 2 | loss: 0.4901465
	speed: 0.0570s/iter; left time: 210.8039s
Epoch: 2 cost time: 3.668511152267456
Epoch: 2, Steps: 131 | Train Loss: 0.5034300 Vali Loss: 1.0130722 Test Loss: 0.4909188
Validation loss decreased (1.087938 --> 1.013072).  Saving model ...
Updating learning rate to 0.02
	iters: 100, epoch: 3 | loss: 0.4861971
	speed: 0.0568s/iter; left time: 202.7294s
Epoch: 3 cost time: 3.6702990531921387
Epoch: 3, Steps: 131 | Train Loss: 0.4924489 Vali Loss: 1.0118955 Test Loss: 0.4896483
Validation loss decreased (1.013072 --> 1.011895).  Saving model ...
Updating learning rate to 0.02
	iters: 100, epoch: 4 | loss: 0.4746540
	speed: 0.0637s/iter; left time: 219.0481s
Epoch: 4 cost time: 4.105565547943115
Epoch: 4, Steps: 131 | Train Loss: 0.4917060 Vali Loss: 1.0122246 Test Loss: 0.4880552
EarlyStopping counter: 1 out of 5
Updating learning rate to 0.018000000000000002
	iters: 100, epoch: 5 | loss: 0.4808249
	speed: 0.0599s/iter; left time: 198.2222s
Epoch: 5 cost time: 3.6708085536956787
Epoch: 5, Steps: 131 | Train Loss: 0.4910864 Vali Loss: 1.0094717 Test Loss: 0.4863945
Validation loss decreased (1.011895 --> 1.009472).  Saving model ...
Updating learning rate to 0.016200000000000003
	iters: 100, epoch: 6 | loss: 0.4929039
	speed: 0.0562s/iter; left time: 178.6188s
Epoch: 6 cost time: 3.662888288497925
Epoch: 6, Steps: 131 | Train Loss: 0.4907877 Vali Loss: 1.0103195 Test Loss: 0.4868883
EarlyStopping counter: 1 out of 5
Updating learning rate to 0.014580000000000003
	iters: 100, epoch: 7 | loss: 0.4910196
	speed: 0.0577s/iter; left time: 175.7138s
Epoch: 7 cost time: 3.748474359512329
Epoch: 7, Steps: 131 | Train Loss: 0.4907525 Vali Loss: 1.0087533 Test Loss: 0.4856612
Validation loss decreased (1.009472 --> 1.008753).  Saving model ...
Updating learning rate to 0.013122
	iters: 100, epoch: 8 | loss: 0.5051665
	speed: 0.0585s/iter; left time: 170.4988s
Epoch: 8 cost time: 3.7683472633361816
Epoch: 8, Steps: 131 | Train Loss: 0.4907115 Vali Loss: 1.0136147 Test Loss: 0.4867816
EarlyStopping counter: 1 out of 5
Updating learning rate to 0.011809800000000002
	iters: 100, epoch: 9 | loss: 0.4805350
	speed: 0.0563s/iter; left time: 156.7868s
Epoch: 9 cost time: 3.643698215484619
Epoch: 9, Steps: 131 | Train Loss: 0.4905814 Vali Loss: 1.0096604 Test Loss: 0.4861944
EarlyStopping counter: 2 out of 5
Updating learning rate to 0.01062882
	iters: 100, epoch: 10 | loss: 0.4894803
	speed: 0.0570s/iter; left time: 151.2503s
Epoch: 10 cost time: 3.7951035499572754
Epoch: 10, Steps: 131 | Train Loss: 0.4904404 Vali Loss: 1.0091668 Test Loss: 0.4863216
EarlyStopping counter: 3 out of 5
Updating learning rate to 0.009565938000000001
	iters: 100, epoch: 11 | loss: 0.5363013
	speed: 0.0575s/iter; left time: 145.0511s
Epoch: 11 cost time: 3.7142162322998047
Epoch: 11, Steps: 131 | Train Loss: 0.4905166 Vali Loss: 1.0108456 Test Loss: 0.4863550
EarlyStopping counter: 4 out of 5
Updating learning rate to 0.008609344200000002
	iters: 100, epoch: 12 | loss: 0.4842823
	speed: 0.0594s/iter; left time: 141.9545s
Epoch: 12 cost time: 3.808985710144043
Epoch: 12, Steps: 131 | Train Loss: 0.4905346 Vali Loss: 1.0101128 Test Loss: 0.4862772
EarlyStopping counter: 5 out of 5
Early stopping
>>>>>>>testing : long_term_forecast_ZS_ETTm1_to_ETTh2_720_none_SparseTSF_ETTm1_sl96_pl720_dm16_nh8_el2_dl1_df32_fc1_ebtimeF_dtTrue_ZeroShot_0<<<<<<<<<<<<<<<<<<<<<<<<<<<<<<<<<
test 10801
mse:0.4856620728969574, mae:0.4469543397426605
RMSE:0.6968945860862732, MAPE:0.7121466398239136, MSPE:451.65802001953125

===== TRANSFER checkpoint.pth: long_term_forecast_ZS_ETTm1_to_ETTh2_720_none_SparseTSF_ETTm1_sl96_pl720_dm16_nh8_el2_dl1_df32_fc1_ebtimeF_dtTrue_ZeroShot_0 -> long_term_forecast_ZS_ETTm1_to_ETTh2_720_none_SparseTSF_ETTh2_sl96_pl720_dm16_nh8_el2_dl1_df32_fc1_ebtimeF_dtTrue_ZeroShot_0 =====
===== TEST on ETTh2 (zero-shot) =====
Args in experiment:
Namespace(activation='gelu', anomaly_ratio=0.25, batch_size=256, c_out=7, channel_independence=1, checkpoints='./checkpoints/', comment='none', d_ff=32, d_layers=1, d_model=16, data='ETTh2', data_path='ETTh2.csv', dec_in=7, decomp_method='moving_avg', des='ZeroShot', devices='0,1', distil=True, down_sampling_layers=0, down_sampling_method='avg', down_sampling_window=1, drop_last=True, dropout=0.1, e_layers=2, embed='timeF', emissions_file='emissions.csv', emissions_output_dir='.', enc_in=7, factor=1, features='M', freq='h', gpu=0, inverse=False, is_training=0, itr=1, label_len=0, learning_rate=0.02, loss='MSE', lradj='type3', mask_rate=0.125, model='SparseTSF', model_id='ZS_ETTm1_to_ETTh2_720', model_type='linear', moving_avg=25, n_heads=8, num_kernels=6, num_workers=0, output_attention=False, p_hidden_dims=[128, 128], p_hidden_layers=2, patience=5, pct_start=0.2, percent=100, period_len=4, pred_len=720, root_path='C:\\Users\\bbbal\\OneDrive\\Masaüstü\\timemixer\\dataset\\ETT-small', seasonal_patterns='Monthly', seq_len=96, target='OT', task_name='long_term_forecast', top_k=5, track_emissions=0, train_epochs=30, use_amp=False, use_future_temporal_feature=0, use_gpu=True, use_multi_gpu=False, use_norm=1)
Use GPU: cuda:0
>>>>>>>testing : long_term_forecast_ZS_ETTm1_to_ETTh2_720_none_SparseTSF_ETTh2_sl96_pl720_dm16_nh8_el2_dl1_df32_fc1_ebtimeF_dtTrue_ZeroShot_0<<<<<<<<<<<<<<<<<<<<<<<<<<<<<<<<<
test 2161
loading model
mse:0.43967294692993164, mae:0.4455839693546295
RMSE:0.6630783677101135, MAPE:0.6170063018798828, MSPE:611.6754150390625
