===== TRAIN on ETTm1 =====
Args in experiment:
Namespace(activation='gelu', anomaly_ratio=0.25, batch_size=256, c_out=7, channel_independence=1, checkpoints='./checkpoints/', comment='none', d_ff=32, d_layers=1, d_model=16, data='ETTm1', data_path='ETTm1.csv', dec_in=7, decomp_method='moving_avg', des='ZeroShot', devices='0,1', distil=True, down_sampling_layers=0, down_sampling_method='avg', down_sampling_window=1, drop_last=True, dropout=0.1, e_layers=2, embed='timeF', emissions_file='emissions.csv', emissions_output_dir='.', enc_in=7, factor=1, features='M', freq='h', gpu=0, inverse=False, is_training=1, itr=1, label_len=0, learning_rate=0.02, loss='MSE', lradj='type3', mask_rate=0.125, model='SparseTSF', model_id='ZS_ETTm1_to_ETTm2_192', model_type='linear', moving_avg=25, n_heads=8, num_kernels=6, num_workers=0, output_attention=False, p_hidden_dims=[128, 128], p_hidden_layers=2, patience=5, pct_start=0.2, percent=100, period_len=4, pred_len=192, root_path='<workspace>\\dataset\\ETT-small', seasonal_patterns='Monthly', seq_len=96, target='OT', task_name='long_term_forecast', top_k=5, track_emissions=0, train_epochs=30, use_amp=False, use_future_temporal_feature=0, use_gpu=True, use_multi_gpu=False, use_norm=1)
Use GPU: cuda:0
>>>>>>>start training : long_term_forecast_ZS_ETTm1_to_ETTm2_192_none_SparseTSF_ETTm1_sl96_pl192_dm16_nh8_el2_dl1_df32_fc1_ebtimeF_dtTrue_ZeroShot_0>>>>>>>>>>>>>>>>>>>>>>>>>>
train 34273
val 11329
test 11329
	iters: 100, epoch: 1 | loss: 0.4834502
	speed: 0.0432s/iter; left time: 168.2560s
Epoch: 1 cost time: 4.868160724639893
Epoch: 1, Steps: 133 | Train Loss: 0.5028857 Vali Loss: 0.6399859 Test Loss: 0.5086051
Validation loss decreased (inf --> 0.639986).  Saving model ...
Updating learning rate to 0.02
	iters: 100, epoch: 2 | loss: 0.3622484
	speed: 0.0350s/iter; left time: 131.5107s
Epoch: 2 cost time: 2.394864797592163
Epoch: 2, Steps: 133 | Train Loss: 0.3868078 Vali Loss: 0.5419084 Test Loss: 0.3987018
Validation loss decreased (0.639986 --> 0.541908).  Saving model ...
Updating learning rate to 0.02
	iters: 100, epoch: 3 | loss: 0.3915838
	speed: 0.0347s/iter; left time: 125.9427s
Epoch: 3 cost time: 2.301182746887207
Epoch: 3, Steps: 133 | Train Loss: 0.3738480 Vali Loss: 0.5444595 Test Loss: 0.3977410
EarlyStopping counter: 1 out of 5
Updating learning rate to 0.02
	iters: 100, epoch: 4 | loss: 0.3405859
	speed: 0.0337s/iter; left time: 117.5525s
Epoch: 4 cost time: 2.319908618927002
Epoch: 4, Steps: 133 | Train Loss: 0.3728095 Vali Loss: 0.5413427 Test Loss: 0.3943565
Validation loss decreased (0.541908 --> 0.541343).  Saving model ...
Updating learning rate to 0.018000000000000002
	iters: 100, epoch: 5 | loss: 0.4080749
	speed: 0.0346s/iter; left time: 116.1675s
Epoch: 5 cost time: 2.255545139312744
Epoch: 5, Steps: 133 | Train Loss: 0.3728776 Vali Loss: 0.5467696 Test Loss: 0.3996911
EarlyStopping counter: 1 out of 5
Updating learning rate to 0.016200000000000003
	iters: 100, epoch: 6 | loss: 0.3441885
	speed: 0.0329s/iter; left time: 106.2134s
Epoch: 6 cost time: 2.1995339393615723
Epoch: 6, Steps: 133 | Train Loss: 0.3725255 Vali Loss: 0.5441490 Test Loss: 0.3967846
EarlyStopping counter: 2 out of 5
Updating learning rate to 0.014580000000000003
	iters: 100, epoch: 7 | loss: 0.4184948
	speed: 0.0331s/iter; left time: 102.4755s
Epoch: 7 cost time: 2.240083694458008
Epoch: 7, Steps: 133 | Train Loss: 0.3724772 Vali Loss: 0.5455402 Test Loss: 0.3992964
EarlyStopping counter: 3 out of 5
Updating learning rate to 0.013122
	iters: 100, epoch: 8 | loss: 0.3774681
	speed: 0.0337s/iter; left time: 99.7471s
Epoch: 8 cost time: 2.2621710300445557
Epoch: 8, Steps: 133 | Train Loss: 0.3724296 Vali Loss: 0.5419046 Test Loss: 0.3961645
EarlyStopping counter: 4 out of 5
Updating learning rate to 0.011809800000000002
	iters: 100, epoch: 9 | loss: 0.3991824
	speed: 0.0339s/iter; left time: 95.7729s
Epoch: 9 cost time: 2.2117435932159424
Epoch: 9, Steps: 133 | Train Loss: 0.3722193 Vali Loss: 0.5453737 Test Loss: 0.3986796
EarlyStopping counter: 5 out of 5
Early stopping
>>>>>>>testing : long_term_forecast_ZS_ETTm1_to_ETTm2_192_none_SparseTSF_ETTm1_sl96_pl192_dm16_nh8_el2_dl1_df32_fc1_ebtimeF_dtTrue_ZeroShot_0<<<<<<<<<<<<<<<<<<<<<<<<<<<<<<<<<
test 11329
mse:0.39435648918151855, mae:0.39291974902153015
RMSE:0.6279780864715576, MAPE:0.6634426116943359, MSPE:380.110595703125

===== TRANSFER checkpoint.pth: long_term_forecast_ZS_ETTm1_to_ETTm2_192_none_SparseTSF_ETTm1_sl96_pl192_dm16_nh8_el2_dl1_df32_fc1_ebtimeF_dtTrue_ZeroShot_0 -> long_term_forecast_ZS_ETTm1_to_ETTm2_192_none_SparseTSF_ETTm2_sl96_pl192_dm16_nh8_el2_dl1_df32_fc1_ebtimeF_dtTrue_ZeroShot_0 =====
===== TEST on ETTm2 (zero-shot) =====
Args in experiment:
Namespace(activation='gelu', anomaly_ratio=0.25, batch_size=256, c_out=7, channel_independence=1, checkpoints='./checkpoints/', comment='none', d_ff=32, d_layers=1, d_model=16, data='ETTm2', data_path='ETTm2.csv', dec_in=7, decomp_method='moving_avg', des='ZeroShot', devices='0,1', distil=True, down_sampling_layers=0, down_sampling_method='avg', down_sampling_window=1, drop_last=True, dropout=0.1, e_layers=2, embed='timeF', emissions_file='emissions.csv', emissions_output_dir='.', enc_in=7, factor=1, features='M', freq='h', gpu=0, inverse=False, is_training=0, itr=1, label_len=0, learning_rate=0.02, loss='MSE', lradj='type3', mask_rate=0.125, model='SparseTSF', model_id='ZS_ETTm1_to_ETTm2_192', model_type='linear', moving_avg=25, n_heads=8, num_kernels=6, num_workers=0, output_attention=False, p_hidden_dims=[128, 128], p_hidden_layers=2, patience=5, pct_start=0.2, percent=100, period_len=4, pred_len=192, root_path='<workspace>\\dataset\\ETT-small', seasonal_patterns='Monthly', seq_len=96, target='OT', task_name='long_term_forecast', top_k=5, track_emissions=0, train_epochs=30, use_amp=False, use_future_temporal_feature=0, use_gpu=True, use_multi_gpu=False, use_norm=1)
Use GPU: cuda:0
>>>>>>>testing : long_term_forecast_ZS_ETTm1_to_ETTm2_192_none_SparseTSF_ETTm2_sl96_pl192_dm16_nh8_el2_dl1_df32_fc1_ebtimeF_dtTrue_ZeroShot_0<<<<<<<<<<<<<<<<<<<<<<<<<<<<<<<<<
test 11329
loading model
mse:0.2586977779865265, mae:0.3056792616844177
RMSE:0.5086234211921692, MAPE:0.43996721506118774, MSPE:258.129638671875
