===== TRAIN on ETTm1 =====
Args in experiment:
Namespace(activation='gelu', anomaly_ratio=0.25, batch_size=256, c_out=7, channel_independence=1, checkpoints='./checkpoints/', comment='none', d_ff=32, d_layers=1, d_model=16, data='ETTm1', data_path='ETTm1.csv', dec_in=7, decomp_method='moving_avg', des='ZeroShot', devices='0,1', distil=True, down_sampling_layers=0, down_sampling_method='avg', down_sampling_window=1, drop_last=True, dropout=0.1, e_layers=2, embed='timeF', emissions_file='emissions.csv', emissions_output_dir='.', enc_in=7, factor=1, features='M', freq='h', gpu=0, inverse=False, is_training=1, itr=1, label_len=0, learning_rate=0.02, loss='MSE', lradj='type3', mask_rate=0.125, model='SparseTSF', model_id='ZS_ETTm1_to_ETTm2_96', model_type='linear', moving_avg=25, n_heads=8, num_kernels=6, num_workers=0, output_attention=False, p_hidden_dims=[128, 128], p_hidden_layers=2, patience=5, pct_start=0.2, percent=100, period_len=4, pred_len=96, root_path='<workspace>\\dataset\\ETT-small', seasonal_patterns='Monthly', seq_len=96, target='OT', task_name='long_term_forecast', top_k=5, track_emissions=0, train_epochs=30, use_amp=False, use_future_temporal_feature=0, use_gpu=True, use_multi_gpu=False, use_norm=1)
Use GPU: cuda:0
>>>>>>>start training : long_term_forecast_ZS_ETTm1_to_ETTm2_96_none_SparseTSF_ETTm1_sl96_pl96_dm16_nh8_el2_dl1_df32_fc1_ebtimeF_dtTrue_ZeroShot_0>>>>>>>>>>>>>>>>>>>>>>>>>>
train 34369
val 11425
test 11425
	iters: 100, epoch: 1 | loss: 0.4343693
	speed: 0.0434s/iter; left time: 170.1974s
Epoch: 1 cost time: 4.83701229095459
Epoch: 1, Steps: 134 | Train Loss: 0.4871650 Vali Loss: 0.5320215 Test Loss: 0.4944340
Validation loss decreased (inf --> 0.532021).  Saving model ...
Updating learning rate to 0.02
	iters: 100, epoch: 2 | loss: 0.3591644
	speed: 0.0293s/iter; left time: 110.8904s
Epoch: 2 cost time: 1.9278709888458252
Epoch: 2, Steps: 134 | Train Loss: 0.3623991 Vali Loss: 0.4214619 Test Loss: 0.3697928
Validation loss decreased (0.532021 --> 0.421462).  Saving model ...
Updating learning rate to 0.02
	iters: 100, epoch: 3 | loss: 0.3494033
	speed: 0.0278s/iter; left time: 101.5541s
Epoch: 3 cost time: 1.8641774654388428
Epoch: 3, Steps: 134 | Train Loss: 0.3476890 Vali Loss: 0.4209981 Test Loss: 0.3665778
Validation loss decreased (0.421462 --> 0.420998).  Saving model ...
Updating learning rate to 0.02
	iters: 100, epoch: 4 | loss: 0.3586149
	speed: 0.0284s/iter; left time: 99.7673s
Epoch: 4 cost time: 1.8776533603668213
Epoch: 4, Steps: 134 | Train Loss: 0.3470045 Vali Loss: 0.4243500 Test Loss: 0.3680751
EarlyStopping counter: 1 out of 5
Updating learning rate to 0.018000000000000002
	iters: 100, epoch: 5 | loss: 0.3068268
	speed: 0.0279s/iter; left time: 94.2725s
Epoch: 5 cost time: 1.908435344696045
Epoch: 5, Steps: 134 | Train Loss: 0.3465960 Vali Loss: 0.4143533 Test Loss: 0.3596677
Validation loss decreased (0.420998 --> 0.414353).  Saving model ...
Updating learning rate to 0.016200000000000003
	iters: 100, epoch: 6 | loss: 0.3686674
	speed: 0.0279s/iter; left time: 90.6724s
Epoch: 6 cost time: 1.9698083400726318
Epoch: 6, Steps: 134 | Train Loss: 0.3465550 Vali Loss: 0.4253066 Test Loss: 0.3696780
EarlyStopping counter: 1 out of 5
Updating learning rate to 0.014580000000000003
	iters: 100, epoch: 7 | loss: 0.3218674
	speed: 0.0287s/iter; left time: 89.3077s
Epoch: 7 cost time: 1.9226963520050049
Epoch: 7, Steps: 134 | Train Loss: 0.3463989 Vali Loss: 0.4198042 Test Loss: 0.3661241
EarlyStopping counter: 2 out of 5
Updating learning rate to 0.013122
	iters: 100, epoch: 8 | loss: 0.3320144
	speed: 0.0285s/iter; left time: 84.9757s
Epoch: 8 cost time: 1.966564655303955
Epoch: 8, Steps: 134 | Train Loss: 0.3462238 Vali Loss: 0.4206522 Test Loss: 0.3661239
EarlyStopping counter: 3 out of 5
Updating learning rate to 0.011809800000000002
	iters: 100, epoch: 9 | loss: 0.3706543
	speed: 0.0290s/iter; left time: 82.7133s
Epoch: 9 cost time: 2.0110232830047607
Epoch: 9, Steps: 134 | Train Loss: 0.3460600 Vali Loss: 0.4126834 Test Loss: 0.3621206
Validation loss decreased (0.414353 --> 0.412683).  Saving model ...
Updating learning rate to 0.01062882
	iters: 100, epoch: 10 | loss: 0.3341001
	speed: 0.0284s/iter; left time: 77.1223s
Epoch: 10 cost time: 1.9520869255065918
Epoch: 10, Steps: 134 | Train Loss: 0.3461237 Vali Loss: 0.4226246 Test Loss: 0.3690820
EarlyStopping counter: 1 out of 5
Updating learning rate to 0.009565938000000001
	iters: 100, epoch: 11 | loss: 0.3508229
	speed: 0.0281s/iter; left time: 72.4962s
Epoch: 11 cost time: 1.8926365375518799
Epoch: 11, Steps: 134 | Train Loss: 0.3458533 Vali Loss: 0.4136723 Test Loss: 0.3621689
EarlyStopping counter: 2 out of 5
Updating learning rate to 0.008609344200000002
	iters: 100, epoch: 12 | loss: 0.3520107
	speed: 0.0274s/iter; left time: 67.0404s
Epoch: 12 cost time: 1.9030249118804932
Epoch: 12, Steps: 134 | Train Loss: 0.3458662 Vali Loss: 0.4196994 Test Loss: 0.3658684
EarlyStopping counter: 3 out of 5
Updating learning rate to 0.007748409780000002
	iters: 100, epoch: 13 | loss: 0.3335091
	speed: 0.0282s/iter; left time: 65.1793s
Epoch: 13 cost time: 1.906877040863037
Epoch: 13, Steps: 134 | Train Loss: 0.3459849 Vali Loss: 0.4166489 Test Loss: 0.3617153
EarlyStopping counter: 4 out of 5
Updating learning rate to 0.006973568802000002
	iters: 100, epoch: 14 | loss: 0.3140848
	speed: 0.0287s/iter; left time: 62.4888s
Epoch: 14 cost time: 1.9429469108581543
Epoch: 14, Steps: 134 | Train Loss: 0.3460515 Vali Loss: 0.4184762 Test Loss: 0.3633052
EarlyStopping counter: 5 out of 5
Early stopping
>>>>>>>testing : long_term_forecast_ZS_ETTm1_to_ETTm2_96_none_SparseTSF_ETTm1_sl96_pl96_dm16_nh8_el2_dl1_df32_fc1_ebtimeF_dtTrue_ZeroShot_0<<<<<<<<<<<<<<<<<<<<<<<<<<<<<<<<<
test 11425
mse:0.36212077736854553, mae:0.3785842955112457
RMSE:0.6017647385597229, MAPE:0.6516656875610352, MSPE:363.1220703125

===== TRANSFER checkpoint.pth: long_term_forecast_ZS_ETTm1_to_ETTm2_96_none_SparseTSF_ETTm1_sl96_pl96_dm16_nh8_el2_dl1_df32_fc1_ebtimeF_dtTrue_ZeroShot_0 -> long_term_forecast_ZS_ETTm1_to_ETTm2_96_none_SparseTSF_ETTm2_sl96_pl96_dm16_nh8_el2_dl1_df32_fc1_ebtimeF_dtTrue_ZeroShot_0 =====
===== TEST on ETTm2 (zero-shot) =====
Args in experiment:
Namespace(activation='gelu', anomaly_ratio=0.25, batch_size=256, c_out=7, channel_independence=1, checkpoints='./checkpoints/', comment='none', d_ff=32, d_layers=1, d_model=16, data='ETTm2', data_path='ETTm2.csv', dec_in=7, decomp_method='moving_avg', des='ZeroShot', devices='0,1', distil=True, down_sampling_layers=0, down_sampling_method='avg', down_sampling_window=1, drop_last=True, dropout=0.1, e_layers=2, embed='timeF', emissions_file='emissions.csv', emissions_output_dir='.', enc_in=7, factor=1, features='M', freq='h', gpu=0, inverse=False, is_training=0, itr=1, label_len=0, learning_rate=0.02, loss='MSE', lradj='type3', mask_rate=0.125, model='SparseTSF', model_id='ZS_ETTm1_to_ETTm2_96', model_type='linear', moving_avg=25, n_heads=8, num_kernels=6, num_workers=0, output_attention=False, p_hidden_dims=[128, 128], p_hidden_layers=2, patience=5, pct_start=0.2, percent=100, period_len=4, pred_len=96, root_path='<workspace>\\dataset\\ETT-small', seasonal_patterns='Monthly', seq_len=96, target='OT', task_name='long_term_forecast', top_k=5, track_emissions=0, train_epochs=30, use_amp=False, use_future_temporal_feature=0, use_gpu=True, use_multi_gpu=False, use_norm=1)
Use GPU: cuda:0
>>>>>>>testing : long_term_forecast_ZS_ETTm1_to_ETTm2_96_none_SparseTSF_ETTm2_sl96_pl96_dm16_nh8_el2_dl1_df32_fc1_ebtimeF_dtTrue_ZeroShot_0<<<<<<<<<<<<<<<<<<<<<<<<<<<<<<<<<
test 11425
loading model
mse:0.19490733742713928, mae:0.2659733295440674
RMSE:0.44148311018943787, MAPE:0.40554141998291016, MSPE:261.851806640625
