===== TRAIN on ETTm2 =====
Args in experiment:
Namespace(activation='gelu', anomaly_ratio=0.25, batch_size=256, c_out=7, channel_independence=1, checkpoints='./checkpoints/', comment='none', d_ff=32, d_layers=1, d_model=16, data='ETTm2', data_path='ETTm2.csv', dec_in=7, decomp_method='moving_avg', des='ZeroShot', devices='0,1', distil=True, down_sampling_layers=0, down_sampling_method='avg', down_sampling_window=1, drop_last=True, dropout=0.1, e_layers=2, embed='timeF', emissions_file='emissions.csv', emissions_output_dir='.', enc_in=7, factor=1, features='M', freq='h', gpu=0, inverse=False, is_training=1, itr=1, label_len=0, learning_rate=0.02, loss='MSE', lradj='type3', mask_rate=0.125, model='SparseTSF', model_id='ZS_ETTm2_to_ETTm1_96', model_type='linear', moving_avg=25, n_heads=8, num_kernels=6, num_workers=0, output_attention=False, p_hidden_dims=[128, 128], p_hidden_layers=2, patience=5, pct_start=0.2, percent=100, period_len=4, pred_len=96, root_path='<workspace>\\dataset\\ETT-small', seasonal_patterns='Monthly', seq_len=96, target='OT', task_name='long_term_forecast', top_k=5, track_emissions=0, train_epochs=30, use_amp=False, use_future_temporal_feature=0, use_gpu=True, use_multi_gpu=False, use_norm=1)
Use GPU: cuda:0
>>>>>>>start training : long_term_forecast_ZS_ETTm2_to_ETTm1_96_none_SparseTSF_ETTm2_sl96_pl96_dm16_nh8_el2_dl1_df32_fc1_ebtimeF_dtTrue_ZeroShot_0>>>>>>>>>>>>>>>>>>>>>>>>>>
train 34369
val 11425
test 11425
	iters: 100, epoch: 1 | loss: 0.3148416
	speed: 0.0421s/iter; left time: 164.9316s
Epoch: 1 cost time: 4.756889820098877
Epoch: 1, Steps: 134 | Train Loss: 0.3034731 Vali Loss: 0.1515114 Test Loss: 0.2143268
Validation loss decreased (inf --> 0.151511).  Saving model ...
Updating learning rate to 0.02
	iters: 100, epoch: 2 | loss: 0.2944677
	speed: 0.0304s/iter; left time: 114.9758s
Epoch: 2 cost time: 2.045546054840088
Epoch: 2, Steps: 134 | Train Loss: 0.2489852 Vali Loss: 0.1320196 Test Loss: 0.1892023
Validation loss decreased (0.151511 --> 0.132020).  Saving model ...
Updating learning rate to 0.02
	iters: 100, epoch: 3 | loss: 0.2452405
	speed: 0.0286s/iter; left time: 104.3654s
Epoch: 3 cost time: 1.945772647857666
Epoch: 3, Steps: 134 | Train Loss: 0.2433430 Vali Loss: 0.1316310 Test Loss: 0.1884801
Validation loss decreased (0.132020 --> 0.131631).  Saving model ...
Updating learning rate to 0.02
	iters: 100, epoch: 4 | loss: 0.2453022
	speed: 0.0284s/iter; left time: 100.0409s
Epoch: 4 cost time: 1.896996021270752
Epoch: 4, Steps: 134 | Train Loss: 0.2429460 Vali Loss: 0.1286861 Test Loss: 0.1868924
Validation loss decreased (0.131631 --> 0.128686).  Saving model ...
Updating learning rate to 0.018000000000000002
	iters: 100, epoch: 5 | loss: 0.1982365
	speed: 0.0290s/iter; left time: 98.2562s
Epoch: 5 cost time: 1.946065902709961
Epoch: 5, Steps: 134 | Train Loss: 0.2425994 Vali Loss: 0.1286075 Test Loss: 0.1860334
Validation loss decreased (0.128686 --> 0.128607).  Saving model ...
Updating learning rate to 0.016200000000000003
	iters: 100, epoch: 6 | loss: 0.2198529
	speed: 0.0294s/iter; left time: 95.5302s
Epoch: 6 cost time: 1.942131757736206
Epoch: 6, Steps: 134 | Train Loss: 0.2427890 Vali Loss: 0.1320327 Test Loss: 0.1888353
EarlyStopping counter: 1 out of 5
Updating learning rate to 0.014580000000000003
	iters: 100, epoch: 7 | loss: 0.1891899
	speed: 0.0292s/iter; left time: 91.1648s
Epoch: 7 cost time: 1.97493314743042
Epoch: 7, Steps: 134 | Train Loss: 0.2426356 Vali Loss: 0.1282400 Test Loss: 0.1858925
Validation loss decreased (0.128607 --> 0.128240).  Saving model ...
Updating learning rate to 0.013122
	iters: 100, epoch: 8 | loss: 0.3077977
	speed: 0.0290s/iter; left time: 86.4658s
Epoch: 8 cost time: 1.9518406391143799
Epoch: 8, Steps: 134 | Train Loss: 0.2419363 Vali Loss: 0.1297506 Test Loss: 0.1867003
EarlyStopping counter: 1 out of 5
Updating learning rate to 0.011809800000000002
	iters: 100, epoch: 9 | loss: 0.2005042
	speed: 0.0303s/iter; left time: 86.3135s
Epoch: 9 cost time: 2.2022228240966797
Epoch: 9, Steps: 134 | Train Loss: 0.2419452 Vali Loss: 0.1276207 Test Loss: 0.1850530
Validation loss decreased (0.128240 --> 0.127621).  Saving model ...
Updating learning rate to 0.01062882
	iters: 100, epoch: 10 | loss: 0.2782404
	speed: 0.0349s/iter; left time: 94.8641s
Epoch: 10 cost time: 2.253087282180786
Epoch: 10, Steps: 134 | Train Loss: 0.2419244 Vali Loss: 0.1311597 Test Loss: 0.1878517
EarlyStopping counter: 1 out of 5
Updating learning rate to 0.009565938000000001
	iters: 100, epoch: 11 | loss: 0.2192201
	speed: 0.0297s/iter; left time: 76.5954s
Epoch: 11 cost time: 2.145747423171997
Epoch: 11, Steps: 134 | Train Loss: 0.2418321 Vali Loss: 0.1303916 Test Loss: 0.1875359
EarlyStopping counter: 2 out of 5
Updating learning rate to 0.008609344200000002
	iters: 100, epoch: 12 | loss: 0.1925145
	speed: 0.0324s/iter; left time: 79.3061s
Epoch: 12 cost time: 2.032606363296509
Epoch: 12, Steps: 134 | Train Loss: 0.2418419 Vali Loss: 0.1293950 Test Loss: 0.1867096
EarlyStopping counter: 3 out of 5
Updating learning rate to 0.007748409780000002
	iters: 100, epoch: 13 | loss: 0.1967483
	speed: 0.0287s/iter; left time: 66.4715s
Epoch: 13 cost time: 1.949023723602295
Epoch: 13, Steps: 134 | Train Loss: 0.2418257 Vali Loss: 0.1300128 Test Loss: 0.1874953
EarlyStopping counter: 4 out of 5
Updating learning rate to 0.006973568802000002
	iters: 100, epoch: 14 | loss: 0.1921229
	speed: 0.0284s/iter; left time: 61.9304s
Epoch: 14 cost time: 1.9037930965423584
Epoch: 14, Steps: 134 | Train Loss: 0.2420523 Vali Loss: 0.1301699 Test Loss: 0.1872053
EarlyStopping counter: 5 out of 5
Early stopping
>>>>>>>testing : long_term_forecast_ZS_ETTm2_to_ETTm1_96_none_SparseTSF_ETTm2_sl96_pl96_dm16_nh8_el2_dl1_df32_fc1_ebtimeF_dtTrue_ZeroShot_0<<<<<<<<<<<<<<<<<<<<<<<<<<<<<<<<<
test 11425
mse:0.1850530058145523, mae:0.2664444148540497
RMSE:0.43017786741256714, MAPE:0.4192116856575012, MSPE:267.0859680175781

===== TRANSFER checkpoint.pth: long_term_forecast_ZS_ETTm2_to_ETTm1_96_none_SparseTSF_ETTm2_sl96_pl96_dm16_nh8_el2_dl1_df32_fc1_ebtimeF_dtTrue_ZeroShot_0 -> long_term_forecast_ZS_ETTm2_to_ETTm1_96_none_SparseTSF_ETTm1_sl96_pl96_dm16_nh8_el2_dl1_df32_fc1_ebtimeF_dtTrue_ZeroShot_0 =====
===== TEST on ETTm1 (zero-shot) =====
Args in experiment:
Namespace(activation='gelu', anomaly_ratio=0.25, batch_size=256, c_out=7, channel_independence=1, checkpoints='./checkpoints/', comment='none', d_ff=32, d_layers=1, d_model=16, data='ETTm1', data_path='ETTm1.csv', dec_in=7, decomp_method='moving_avg', des='ZeroShot', devices='0,1', distil=True, down_sampling_layers=0, down_sampling_method='avg', down_sampling_window=1, drop_last=True, dropout=0.1, e_layers=2, embed='timeF', emissions_file='emissions.csv', emissions_output_dir='.', enc_in=7, factor=1, features='M', freq='h', gpu=0, inverse=False, is_training=0, itr=1, label_len=0, learning_rate=0.02, loss='MSE', lradj='type3', mask_rate=0.125, model='SparseTSF', model_id='ZS_ETTm2_to_ETTm1_96', model_type='linear', moving_avg=25, n_heads=8, num_kernels=6, num_workers=0, output_attention=False, p_hidden_dims=[128, 128], p_hidden_layers=2, patience=5, pct_start=0.2, percent=100, period_len=4, pred_len=96, root_path='<workspace>\\dataset\\ETT-small', seasonal_patterns='Monthly', seq_len=96, target='OT', task_name='long_term_forecast', top_k=5, track_emissions=0, train_epochs=30, use_amp=False, use_future_temporal_feature=0, use_gpu=True, use_multi_gpu=False, use_norm=1)
Use GPU: cuda:0
>>>>>>>testing : long_term_forecast_ZS_ETTm2_to_ETTm1_96_none_SparseTSF_ETTm1_sl96_pl96_dm16_nh8_el2_dl1_df32_fc1_ebtimeF_dtTrue_ZeroShot_0<<<<<<<<<<<<<<<<<<<<<<<<<<<<<<<<<
test 11425
loading model
mse:0.4813927412033081, mae:0.4413186311721802
RMSE:0.6938247084617615, MAPE:0.7129004001617432, MSPE:453.28472900390625
