===== TRAIN on ETTm2 =====
Args in experiment:
Namespace(activation='gelu', anomaly_ratio=0.25, batch_size=256, c_out=7, channel_independence=1, checkpoints='./checkpoints/', comment='none', d_ff=32, d_layers=1, d_model=16, data='ETTm2', data_path='ETTm2.csv', dec_in=7, decomp_method='moving_avg', des='ZeroShot', devices='0,1', distil=True, down_sampling_layers=0, down_sampling_method='avg', down_sampling_window=1, drop_last=True, dropout=0.1, e_layers=2, embed='timeF', emissions_file='emissions.csv', emissions_output_dir='.', enc_in=7, factor=1, features='M', freq='h', gpu=0, inverse=False, is_training=1, itr=1, label_len=0, learning_rate=0.02, loss='MSE', lradj='type3', mask_rate=0.125, model='SparseTSF', model_id='ZS_ETTm2_to_ETTm1_336', model_type='linear', moving_avg=25, n_heads=8, num_kernels=6, num_workers=0, output_attention=False, p_hidden_dims=[128, 128], p_hidden_layers=2, patience=5, pct_start=0.2, percent=100, period_len=4, pred_len=336, root_path='C:\\Users\\bbbal\\OneDrive\\Masaüstü\\timemixer\\dataset\\ETT-small', seasonal_patterns='Monthly', seq_len=96, target='OT', task_name='long_term_forecast', top_k=5, track_emissions=0, train_epochs=30, use_amp=False, use_future_temporal_feature=0, use_gpu=True, use_multi_gpu=False, use_norm=1)
Use GPU: cuda:0
>>>>>>>start training : long_term_forecast_ZS_ETTm2_to_ETTm1_336_none_SparseTSF_ETTm2_sl96_pl336_dm16_nh8_el2_dl1_df32_fc1_ebtimeF_dtTrue_ZeroShot_0>>>>>>>>>>>>>>>>>>>>>>>>>>
train 34129
val 11185
test 11185
	iters: 100, epoch: 1 | loss: 0.4055223
	speed: 0.0474s/iter; left time: 184.5123s
Epoch: 1 cost time: 5.392093658447266
Epoch: 1, Steps: 133 | Train Loss: 0.4912261 Vali Loss: 0.2377895 Test Loss: 0.3340067
Validation loss decreased (inf --> 0.237790).  Saving model ...
Updating learning rate to 0.02
	iters: 100, epoch: 2 | loss: 0.4805116
	speed: 0.0417s/iter; left time: 156.7090s
Epoch: 2 cost time: 2.7128498554229736
Epoch: 2, Steps: 133 | Train Loss: 0.4475806 Vali Loss: 0.2202664 Test Loss: 0.3142261
Validation loss decreased (0.237790 --> 0.220266).  Saving model ...
Updating learning rate to 0.02
	iters: 100, epoch: 3 | loss: 0.4720463
	speed: 0.0413s/iter; left time: 149.5908s
Epoch: 3 cost time: 2.70497727394104
Epoch: 3, Steps: 133 | Train Loss: 0.4437004 Vali Loss: 0.2178099 Test Loss: 0.3114296
Validation loss decreased (0.220266 --> 0.217810).  Saving model ...
Updating learning rate to 0.02
	iters: 100, epoch: 4 | loss: 0.5259843
	speed: 0.0414s/iter; left time: 144.7275s
Epoch: 4 cost time: 2.6958532333374023
Epoch: 4, Steps: 133 | Train Loss: 0.4430373 Vali Loss: 0.2187168 Test Loss: 0.3143085
EarlyStopping counter: 1 out of 5
Updating learning rate to 0.018000000000000002
	iters: 100, epoch: 5 | loss: 0.3783350
	speed: 0.0428s/iter; left time: 143.6383s
Epoch: 5 cost time: 2.897777795791626
Epoch: 5, Steps: 133 | Train Loss: 0.4423289 Vali Loss: 0.2172958 Test Loss: 0.3116629
Validation loss decreased (0.217810 --> 0.217296).  Saving model ...
Updating learning rate to 0.016200000000000003
	iters: 100, epoch: 6 | loss: 0.4230912
	speed: 0.0428s/iter; left time: 137.9600s
Epoch: 6 cost time: 2.7459378242492676
Epoch: 6, Steps: 133 | Train Loss: 0.4419941 Vali Loss: 0.2190696 Test Loss: 0.3124413
EarlyStopping counter: 1 out of 5
Updating learning rate to 0.014580000000000003
	iters: 100, epoch: 7 | loss: 0.5222108
	speed: 0.0423s/iter; left time: 130.9774s
Epoch: 7 cost time: 2.8442559242248535
Epoch: 7, Steps: 133 | Train Loss: 0.4420583 Vali Loss: 0.2185007 Test Loss: 0.3127517
EarlyStopping counter: 2 out of 5
Updating learning rate to 0.013122
	iters: 100, epoch: 8 | loss: 0.4483852
	speed: 0.0462s/iter; left time: 136.8376s
Epoch: 8 cost time: 3.2221057415008545
Epoch: 8, Steps: 133 | Train Loss: 0.4419890 Vali Loss: 0.2176915 Test Loss: 0.3118669
EarlyStopping counter: 3 out of 5
Updating learning rate to 0.011809800000000002
	iters: 100, epoch: 9 | loss: 0.4481567
	speed: 0.0458s/iter; left time: 129.4014s
Epoch: 9 cost time: 3.0242769718170166
Epoch: 9, Steps: 133 | Train Loss: 0.4420657 Vali Loss: 0.2174672 Test Loss: 0.3115982
EarlyStopping counter: 4 out of 5
Updating learning rate to 0.01062882
	iters: 100, epoch: 10 | loss: 0.3768299
	speed: 0.0470s/iter; left time: 126.6524s
Epoch: 10 cost time: 2.984015464782715
Epoch: 10, Steps: 133 | Train Loss: 0.4416895 Vali Loss: 0.2180101 Test Loss: 0.3115185
EarlyStopping counter: 5 out of 5
Early stopping
>>>>>>>testing : long_term_forecast_ZS_ETTm2_to_ETTm1_336_none_SparseTSF_ETTm2_sl96_pl336_dm16_nh8_el2_dl1_df32_fc1_ebtimeF_dtTrue_ZeroShot_0<<<<<<<<<<<<<<<<<<<<<<<<<<<<<<<<<
test 11185
mse:0.31166306138038635, mae:0.3451097905635834
RMSE:0.5582678914070129, MAPE:0.48571300506591797, MSPE:310.9098815917969

===== TRANSFER checkpoint.pth: long_term_forecast_ZS_ETTm2_to_ETTm1_336_none_SparseTSF_ETTm2_sl96_pl336_dm16_nh8_el2_dl1_df32_fc1_ebtimeF_dtTrue_ZeroShot_0 -> long_term_forecast_ZS_ETTm2_to_ETTm1_336_none_SparseTSF_ETTm1_sl96_pl336_dm16_nh8_el2_dl1_df32_fc1_ebtimeF_dtTrue_ZeroShot_0 =====
===== TEST on ETTm1 (zero-shot) =====
Args in experiment:
Namespace(activation='gelu', anomaly_ratio=0.25, batch_size=256, c_out=7, channel_independence=1, checkpoints='./checkpoints/', comment='none', d_ff=32, d_layers=1, d_model=16, data='ETTm1', data_path='ETTm1.csv', dec_in=7, decomp_method='moving_avg', des='ZeroShot', devices='0,1', distil=True, down_sampling_layers=0, down_sampling_method='avg', down_sampling_window=1, drop_last=True, dropout=0.1, e_layers=2, embed='timeF', emissions_file='emissions.csv', emissions_output_dir='.', enc_in=7, factor=1, features='M', freq='h', gpu=0, inverse=False, is_training=0, itr=1, label_len=0, learning_rate=0.02, loss='MSE', lradj='type3', mask_rate=0.125, model='SparseTSF', model_id='ZS_ETTm2_to_ETTm1_336', model_type='linear', moving_avg=25, n_heads=8, num_kernels=6, num_workers=0, output_attention=False, p_hidden_dims=[128, 128], p_hidden_layers=2, patience=5, pct_start=0.2, percent=100, period_len=4, pred_len=336, root_path='C:\\Users\\bbbal\\OneDrive\\Masaüstü\\timemixer\\dataset\\ETT-small', seasonal_patterns='Monthly', seq_len=96, target='OT', task_name='long_term_forecast', top_k=5, track_emissions=0, train_epochs=30, use_amp=False, use_future_temporal_feature=0, use_gpu=True, use_multi_gpu=False, use_norm=1)
Use GPU: cuda:0
>>>>>>>testing : long_term_forecast_ZS_ETTm2_to_ETTm1_336_none_SparseTSF_ETTm1_sl96_pl336_dm16_nh8_el2_dl1_df32_fc1_ebtimeF_dtTrue_ZeroShot_0<<<<<<<<<<<<<<<<<<<<<<<<<<<<<<<<<
test 11185
loading model
mse:0.5375584363937378, mae:0.4758787155151367
RMSE:0.733183741569519, MAPE:0.7477865219116211, MSPE:460.89495849609375
