===== TRAIN on ETTm2 =====
Args in experiment:
Namespace(activation='gelu', anomaly_ratio=0.25, batch_size=256, c_out=7, channel_independence=1, checkpoints='./checkpoints/', comment='none', d_ff=32, d_layers=1, d_model=16, data='ETTm2', data_path='ETTm2.csv', dec_in=7, decomp_method='moving_avg', des='ZeroShot', devices='0,1', distil=True, down_sampling_layers=0, down_sampling_method='avg', down_sampling_window=1, drop_last=True, dropout=0.1, e_layers=2, embed='timeF', emissions_file='emissions.csv', emissions_output_dir='.', enc_in=7, factor=1, features='M', freq='h', gpu=0, inverse=False, is_training=1, itr=1, label_len=0, learning_rate=0.02, loss='MSE', lradj='type3', mask_rate=0.125, model='SparseTSF', model_id='ZS_ETTm2_to_ETTm1_192', model_type='linear', moving_avg=25, n_heads=8, num_kernels=6, num_workers=0, output_attention=False, p_hidden_dims=[128, 128], p_hidden_layers=2, patience=5, pct_start=0.2, percent=100, period_len=4, pred_len=192, root_path='C:\\Users\\bbbal\\OneDrive\\Masaüstü\\timemixer\\dataset\\ETT-small', seasonal_patterns='Monthly', seq_len=96, target='OT', task_name='long_term_forecast', top_k=5, track_emissions=0, train_epochs=30, use_amp=False, use_future_temporal_feature=0, use_gpu=True, use_multi_gpu=False, use_norm=1)
Use GPU: cuda:0
>>>>>>>start training : long_term_forecast_ZS_ETTm2_to_ETTm1_192_none_SparseTSF_ETTm2_sl96_pl192_dm16_nh8_el2_dl1_df32_fc1_ebtimeF_dtTrue_ZeroShot_0>>>>>>>>>>>>>>>>>>>>>>>>>>
train 34273
val 11329
test 11329
	iters: 100, epoch: 1 | loss: 0.2853084
	speed: 0.0433s/iter; left time: 168.6444s
Epoch: 1 cost time: 4.89894437789917
Epoch: 1, Steps: 133 | Train Loss: 0.3935987 Vali Loss: 0.1941637 Test Loss: 0.2736138
Validation loss decreased (inf --> 0.194164).  Saving model ...
Updating learning rate to 0.02
	iters: 100, epoch: 2 | loss: 0.3972999
	speed: 0.0345s/iter; left time: 129.6185s
Epoch: 2 cost time: 2.318997859954834
Epoch: 2, Steps: 133 | Train Loss: 0.3446254 Vali Loss: 0.1755447 Test Loss: 0.2518858
Validation loss decreased (0.194164 --> 0.175545).  Saving model ...
Updating learning rate to 0.02
	iters: 100, epoch: 3 | loss: 0.4134130
	speed: 0.0344s/iter; left time: 124.5311s
Epoch: 3 cost time: 2.3615305423736572
Epoch: 3, Steps: 133 | Train Loss: 0.3395614 Vali Loss: 0.1744388 Test Loss: 0.2520770
Validation loss decreased (0.175545 --> 0.174439).  Saving model ...
Updating learning rate to 0.02
	iters: 100, epoch: 4 | loss: 0.3081077
	speed: 0.0360s/iter; left time: 125.8527s
Epoch: 4 cost time: 2.343297243118286
Epoch: 4, Steps: 133 | Train Loss: 0.3386057 Vali Loss: 0.1752213 Test Loss: 0.2511900
EarlyStopping counter: 1 out of 5
Updating learning rate to 0.018000000000000002
	iters: 100, epoch: 5 | loss: 0.3531000
	speed: 0.0346s/iter; left time: 116.2567s
Epoch: 5 cost time: 2.3272674083709717
Epoch: 5, Steps: 133 | Train Loss: 0.3386119 Vali Loss: 0.1723040 Test Loss: 0.2487046
Validation loss decreased (0.174439 --> 0.172304).  Saving model ...
Updating learning rate to 0.016200000000000003
	iters: 100, epoch: 6 | loss: 0.3851558
	speed: 0.0347s/iter; left time: 111.8539s
Epoch: 6 cost time: 2.3093178272247314
Epoch: 6, Steps: 133 | Train Loss: 0.3385814 Vali Loss: 0.1723174 Test Loss: 0.2487740
EarlyStopping counter: 1 out of 5
Updating learning rate to 0.014580000000000003
	iters: 100, epoch: 7 | loss: 0.3057680
	speed: 0.0344s/iter; left time: 106.2661s
Epoch: 7 cost time: 2.3099324703216553
Epoch: 7, Steps: 133 | Train Loss: 0.3382400 Vali Loss: 0.1731014 Test Loss: 0.2502552
EarlyStopping counter: 2 out of 5
Updating learning rate to 0.013122
	iters: 100, epoch: 8 | loss: 0.2674708
	speed: 0.0346s/iter; left time: 102.3556s
Epoch: 8 cost time: 2.314929246902466
Epoch: 8, Steps: 133 | Train Loss: 0.3378432 Vali Loss: 0.1723662 Test Loss: 0.2495387
EarlyStopping counter: 3 out of 5
Updating learning rate to 0.011809800000000002
	iters: 100, epoch: 9 | loss: 0.2483146
	speed: 0.0347s/iter; left time: 98.1790s
Epoch: 9 cost time: 2.3479390144348145
Epoch: 9, Steps: 133 | Train Loss: 0.3380382 Vali Loss: 0.1731805 Test Loss: 0.2496628
EarlyStopping counter: 4 out of 5
Updating learning rate to 0.01062882
	iters: 100, epoch: 10 | loss: 0.2783771
	speed: 0.0348s/iter; left time: 93.7725s
Epoch: 10 cost time: 2.364537477493286
Epoch: 10, Steps: 133 | Train Loss: 0.3382421 Vali Loss: 0.1741341 Test Loss: 0.2516453
EarlyStopping counter: 5 out of 5
Early stopping
>>>>>>>testing : long_term_forecast_ZS_ETTm2_to_ETTm1_192_none_SparseTSF_ETTm2_sl96_pl192_dm16_nh8_el2_dl1_df32_fc1_ebtimeF_dtTrue_ZeroShot_0<<<<<<<<<<<<<<<<<<<<<<<<<<<<<<<<<
test 11329
mse:0.2487046718597412, mae:0.3060491681098938
RMSE:0.4987030029296875, MAPE:0.45255377888679504, MSPE:271.6203308105469

===== TRANSFER checkpoint.pth: long_term_forecast_ZS_ETTm2_to_ETTm1_192_none_SparseTSF_ETTm2_sl96_pl192_dm16_nh8_el2_dl1_df32_fc1_ebtimeF_dtTrue_ZeroShot_0 -> long_term_forecast_ZS_ETTm2_to_ETTm1_192_none_SparseTSF_ETTm1_sl96_pl192_dm16_nh8_el2_dl1_df32_fc1_ebtimeF_dtTrue_ZeroShot_0 =====
===== TEST on ETTm1 (zero-shot) =====
Args in experiment:
Namespace(activation='gelu', anomaly_ratio=0.25, batch_size=256, c_out=7, channel_independence=1, checkpoints='./checkpoints/', comment='none', d_ff=32, d_layers=1, d_model=16, data='ETTm1', data_path='ETTm1.csv', dec_in=7, decomp_method='moving_avg', des='ZeroShot', devices='0,1', distil=True, down_sampling_layers=0, down_sampling_method='avg', down_sampling_window=1, drop_last=True, dropout=0.1, e_layers=2, embed='timeF', emissions_file='emissions.csv', emissions_output_dir='.', enc_in=7, factor=1, features='M', freq='h', gpu=0, inverse=False, is_training=0, itr=1, label_len=0, learning_rate=0.02, loss='MSE', lradj='type3', mask_rate=0.125, model='SparseTSF', model_id='ZS_ETTm2_to_ETTm1_192', model_type='linear', moving_avg=25, n_heads=8, num_kernels=6, num_workers=0, output_attention=False, p_hidden_dims=[128, 128], p_hidden_layers=2, patience=5, pct_start=0.2, percent=100, period_len=4, pred_len=192, root_path='C:\\Users\\bbbal\\OneDrive\\Masaüstü\\timemixer\\dataset\\ETT-small', seasonal_patterns='Monthly', seq_len=96, target='OT', task_name='long_term_forecast', top_k=5, track_emissions=0, train_epochs=30, use_amp=False, use_future_temporal_feature=0, use_gpu=True, use_multi_gpu=False, use_norm=1)
Use GPU: cuda:0
>>>>>>>testing : long_term_forecast_ZS_ETTm2_to_ETTm1_192_none_SparseTSF_ETTm1_sl96_pl192_dm16_nh8_el2_dl1_df32_fc1_ebtimeF_dtTrue_ZeroShot_0<<<<<<<<<<<<<<<<<<<<<<<<<<<<<<<<<
test 11329
loading model
mse:0.5232762694358826, mae:0.4617200493812561
RMSE:0.7233783602714539, MAPE:0.730452299118042, MSPE:476.2711486816406
