Args in experiment:
Namespace(activation='gelu', anomaly_ratio=0.25, batch_size=64, c_out=7, channel_independence=1, checkpoints='./checkpoints/', comment='none', d_ff=64, d_layers=1, d_model=32, data='ETTh2', data_path='ETTh2.csv', dec_in=7, decomp_method='moving_avg', des='Carbon', devices='0,1', distil=True, down_sampling_layers=3, down_sampling_method='avg', down_sampling_window=2, drop_last=True, dropout=0.1, e_layers=2, embed='timeF', emissions_file='emissions_timemixer.csv', emissions_output_dir='<workspace>\\TimeMixer', enc_in=7, factor=1, features='M', freq='h', gpu=0, inverse=False, is_training=1, itr=1, label_len=0, learning_rate=5e-05, loss='MSE', lradj='type1', mask_rate=0.125, model='SparseTSF', model_id='CARBON_SparseTSF_ETTh2_96_192', model_type='linear', moving_avg=25, n_heads=4, num_kernels=6, num_workers=0, output_attention=False, p_hidden_dims=[128, 128], p_hidden_layers=2, patience=999, pct_start=0.2, period_len=24, pred_len=192, root_path='<workspace>\\dataset\\ETT-small', seasonal_patterns='Monthly', seq_len=96, target='OT', task_name='long_term_forecast', top_k=3, track_emissions=1, train_epochs=5, use_amp=False, use_future_temporal_feature=0, use_gpu=True, use_multi_gpu=False, use_norm=1)
Use GPU: cuda:0
[codecarbon WARNING @ 00:05:20] Multiple instances of codecarbon are allowed to run at the same time.
>>>>>>>start training : long_term_forecast_CARBON_SparseTSF_ETTh2_96_192_none_SparseTSF_ETTh2_sl96_pl192_dm32_nh4_el2_dl1_df64_fc1_ebtimeF_dtTrue_Carbon_0>>>>>>>>>>>>>>>>>>>>>>>>>>
train 8353
val 2689
test 2689
	iters: 100, epoch: 1 | loss: 0.9570947
	speed: 0.0429s/iter; left time: 23.6281s
Epoch: 1 cost time: 4.4454028606414795
Epoch: 1, Steps: 130 | Train Loss: 0.7172663 Vali Loss: 0.3815746 Test Loss: 0.5124797
Validation loss decreased (inf --> 0.381575).  Saving model ...
Updating learning rate to 5e-05
	iters: 100, epoch: 2 | loss: 0.4365656
	speed: 0.0127s/iter; left time: 5.3456s
Epoch: 2 cost time: 0.981705904006958
Epoch: 2, Steps: 130 | Train Loss: 0.7085530 Vali Loss: 0.3749290 Test Loss: 0.5017550
Validation loss decreased (0.381575 --> 0.374929).  Saving model ...
Updating learning rate to 2.5e-05
	iters: 100, epoch: 3 | loss: 0.7686708
	speed: 0.0151s/iter; left time: 4.4081s
Epoch: 3 cost time: 1.1656172275543213
Epoch: 3, Steps: 130 | Train Loss: 0.6945964 Vali Loss: 0.3719993 Test Loss: 0.4972036
Validation loss decreased (0.374929 --> 0.371999).  Saving model ...
Updating learning rate to 1.25e-05
	iters: 100, epoch: 4 | loss: 0.6207046
	speed: 0.0120s/iter; left time: 1.9301s
Epoch: 4 cost time: 0.7402858734130859
Epoch: 4, Steps: 130 | Train Loss: 0.6908781 Vali Loss: 0.3706335 Test Loss: 0.4950357
Validation loss decreased (0.371999 --> 0.370634).  Saving model ...
Updating learning rate to 6.25e-06
	iters: 100, epoch: 5 | loss: 0.5421792
	speed: 0.0078s/iter; left time: 0.2416s
Epoch: 5 cost time: 0.5891151428222656
Epoch: 5, Steps: 130 | Train Loss: 0.6886277 Vali Loss: 0.3696141 Test Loss: 0.4940325
Validation loss decreased (0.370634 --> 0.369614).  Saving model ...
Updating learning rate to 3.125e-06
>>>>>>>testing : long_term_forecast_CARBON_SparseTSF_ETTh2_96_192_none_SparseTSF_ETTh2_sl96_pl192_dm32_nh4_el2_dl1_df64_fc1_ebtimeF_dtTrue_Carbon_0<<<<<<<<<<<<<<<<<<<<<<<<<<<<<<<<<
test 2689
mse:0.4940323233604431, mae:0.4671420454978943
emissions_kg:6.268492854239372e-05
