Args in experiment:
Namespace(activation='gelu', anomaly_ratio=0.25, batch_size=64, c_out=7, channel_independence=1, checkpoints='./checkpoints/', comment='none', d_ff=64, d_layers=1, d_model=32, data='ETTm1', data_path='ETTm1.csv', dec_in=7, decomp_method='moving_avg', des='Carbon', devices='0,1', distil=True, down_sampling_layers=3, down_sampling_method='avg', down_sampling_window=2, drop_last=True, dropout=0.1, e_layers=2, embed='timeF', emissions_file='emissions_timemixer.csv', emissions_output_dir='C:\\Users\\bbbal\\OneDrive\\Masaüstü\\timemixer\\TimeMixer', enc_in=7, factor=1, features='M', freq='h', gpu=0, inverse=False, is_training=1, itr=1, label_len=0, learning_rate=5e-05, loss='MSE', lradj='type1', mask_rate=0.125, model='SparseTSF', model_id='CARBON_SparseTSF_ETTm1_96_192', model_type='linear', moving_avg=25, n_heads=4, num_kernels=6, num_workers=0, output_attention=False, p_hidden_dims=[128, 128], p_hidden_layers=2, patience=999, pct_start=0.2, period_len=4, pred_len=192, root_path='C:\\Users\\bbbal\\OneDrive\\Masaüstü\\timemixer\\dataset\\ETT-small', seasonal_patterns='Monthly', seq_len=96, target='OT', task_name='long_term_forecast', top_k=3, track_emissions=1, train_epochs=5, use_amp=False, use_future_temporal_feature=0, use_gpu=True, use_multi_gpu=False, use_norm=1)
Use GPU: cuda:0
[codecarbon WARNING @ 00:06:59] Multiple instances of codecarbon are allowed to run at the same time.
>>>>>>>start training : long_term_forecast_CARBON_SparseTSF_ETTm1_96_192_none_SparseTSF_ETTm1_sl96_pl192_dm32_nh4_el2_dl1_df64_fc1_ebtimeF_dtTrue_Carbon_0>>>>>>>>>>>>>>>>>>>>>>>>>>
train 34273
val 11329
test 11329
	iters: 100, epoch: 1 | loss: 0.6679394
	speed: 0.0390s/iter; left time: 100.4230s
	iters: 200, epoch: 1 | loss: 0.6993973
	speed: 0.0081s/iter; left time: 20.1415s
	iters: 300, epoch: 1 | loss: 0.7496994
	speed: 0.0091s/iter; left time: 21.5468s
	iters: 400, epoch: 1 | loss: 0.7510959
	speed: 0.0075s/iter; left time: 17.1824s
	iters: 500, epoch: 1 | loss: 0.7158542
	speed: 0.0068s/iter; left time: 14.7160s
Epoch: 1 cost time: 7.36359977722168
Epoch: 1, Steps: 535 | Train Loss: 0.6863661 Vali Loss: 1.1896613 Test Loss: 1.0125989
Validation loss decreased (inf --> 1.189661).  Saving model ...
Updating learning rate to 5e-05
	iters: 100, epoch: 2 | loss: 0.6417416
	speed: 0.0207s/iter; left time: 42.3169s
	iters: 200, epoch: 2 | loss: 0.6808416
	speed: 0.0067s/iter; left time: 13.0704s
	iters: 300, epoch: 2 | loss: 0.6130289
	speed: 0.0070s/iter; left time: 12.9562s
	iters: 400, epoch: 2 | loss: 0.5418441
	speed: 0.0065s/iter; left time: 11.2651s
	iters: 500, epoch: 2 | loss: 0.5872234
	speed: 0.0069s/iter; left time: 11.3720s
Epoch: 2 cost time: 3.5876893997192383
Epoch: 2, Steps: 535 | Train Loss: 0.6084091 Vali Loss: 0.9145526 Test Loss: 0.7656009
Validation loss decreased (1.189661 --> 0.914553).  Saving model ...
Updating learning rate to 2.5e-05
	iters: 100, epoch: 3 | loss: 0.5315641
	speed: 0.0206s/iter; left time: 31.0542s
	iters: 200, epoch: 3 | loss: 0.5093669
	speed: 0.0071s/iter; left time: 10.0291s
	iters: 300, epoch: 3 | loss: 0.5343332
	speed: 0.0071s/iter; left time: 9.2944s
	iters: 400, epoch: 3 | loss: 0.5536708
	speed: 0.0068s/iter; left time: 8.2380s
	iters: 500, epoch: 3 | loss: 0.4876107
	speed: 0.0067s/iter; left time: 7.4194s
Epoch: 3 cost time: 3.7390096187591553
Epoch: 3, Steps: 535 | Train Loss: 0.5354600 Vali Loss: 0.8372779 Test Loss: 0.6949908
Validation loss decreased (0.914553 --> 0.837278).  Saving model ...
Updating learning rate to 1.25e-05
	iters: 100, epoch: 4 | loss: 0.4541048
	speed: 0.0207s/iter; left time: 20.1091s
	iters: 200, epoch: 4 | loss: 0.5141856
	speed: 0.0064s/iter; left time: 5.5961s
	iters: 300, epoch: 4 | loss: 0.4644476
	speed: 0.0063s/iter; left time: 4.8323s
	iters: 400, epoch: 4 | loss: 0.4751792
	speed: 0.0066s/iter; left time: 4.4087s
	iters: 500, epoch: 4 | loss: 0.4694893
	speed: 0.0065s/iter; left time: 3.7080s
Epoch: 4 cost time: 3.5124456882476807
Epoch: 4, Steps: 535 | Train Loss: 0.5110831 Vali Loss: 0.8048397 Test Loss: 0.6652298
Validation loss decreased (0.837278 --> 0.804840).  Saving model ...
Updating learning rate to 6.25e-06
	iters: 100, epoch: 5 | loss: 0.4835823
	speed: 0.0210s/iter; left time: 9.1752s
	iters: 200, epoch: 5 | loss: 0.5089719
	speed: 0.0067s/iter; left time: 2.2407s
	iters: 300, epoch: 5 | loss: 0.4896333
	speed: 0.0070s/iter; left time: 1.6545s
	iters: 400, epoch: 5 | loss: 0.5898218
	speed: 0.0070s/iter; left time: 0.9494s
	iters: 500, epoch: 5 | loss: 0.4891738
	speed: 0.0066s/iter; left time: 0.2369s
Epoch: 5 cost time: 3.6825709342956543
Epoch: 5, Steps: 535 | Train Loss: 0.5004195 Vali Loss: 0.7894079 Test Loss: 0.6509307
Validation loss decreased (0.804840 --> 0.789408).  Saving model ...
Updating learning rate to 3.125e-06
>>>>>>>testing : long_term_forecast_CARBON_SparseTSF_ETTm1_96_192_none_SparseTSF_ETTm1_sl96_pl192_dm32_nh4_el2_dl1_df64_fc1_ebtimeF_dtTrue_Carbon_0<<<<<<<<<<<<<<<<<<<<<<<<<<<<<<<<<
test 11329
mse:0.650930643081665, mae:0.527805745601654
emissions_kg:0.00019023731524209193
