Args in experiment:
Namespace(activation='gelu', anomaly_ratio=0.25, batch_size=64, c_out=7, channel_independence=1, checkpoints='./checkpoints/', comment='none', d_ff=64, d_layers=1, d_model=32, data='ETTh1', data_path='ETTh1.csv', dec_in=7, decomp_method='moving_avg', des='Carbon', devices='0,1', distil=True, down_sampling_layers=3, down_sampling_method='avg', down_sampling_window=2, drop_last=True, dropout=0.1, e_layers=2, embed='timeF', emissions_file='emissions_timemixer.csv', emissions_output_dir='C:\\Users\\bbbal\\OneDrive\\Masaüstü\\timemixer\\TimeMixer', enc_in=7, factor=1, features='M', freq='h', gpu=0, inverse=False, is_training=1, itr=1, label_len=0, learning_rate=5e-05, loss='MSE', lradj='type1', mask_rate=0.125, model='SparseTSF', model_id='CARBON_SparseTSF_ETTh1_96_720', model_type='linear', moving_avg=25, n_heads=4, num_kernels=6, num_workers=0, output_attention=False, p_hidden_dims=[128, 128], p_hidden_layers=2, patience=999, pct_start=0.2, period_len=24, pred_len=720, root_path='C:\\Users\\bbbal\\OneDrive\\Masaüstü\\timemixer\\dataset\\ETT-small', seasonal_patterns='Monthly', seq_len=96, target='OT', task_name='long_term_forecast', top_k=3, track_emissions=1, train_epochs=5, use_amp=False, use_future_temporal_feature=0, use_gpu=True, use_multi_gpu=False, use_norm=1)
Use GPU: cuda:0
[codecarbon WARNING @ 00:04:35] Multiple instances of codecarbon are allowed to run at the same time.
>>>>>>>start training : long_term_forecast_CARBON_SparseTSF_ETTh1_96_720_none_SparseTSF_ETTh1_sl96_pl720_dm32_nh4_el2_dl1_df64_fc1_ebtimeF_dtTrue_Carbon_0>>>>>>>>>>>>>>>>>>>>>>>>>>
train 7825
val 2161
test 2161
	iters: 100, epoch: 1 | loss: 0.9609107
	speed: 0.0468s/iter; left time: 23.9001s
Epoch: 1 cost time: 4.889181852340698
Epoch: 1, Steps: 122 | Train Loss: 0.9318897 Vali Loss: 2.2772571 Test Loss: 0.9999489
Validation loss decreased (inf --> 2.277257).  Saving model ...
Updating learning rate to 5e-05
	iters: 100, epoch: 2 | loss: 0.8796888
	speed: 0.0172s/iter; left time: 6.6960s
Epoch: 2 cost time: 1.3051438331604004
Epoch: 2, Steps: 122 | Train Loss: 0.9208122 Vali Loss: 2.2261630 Test Loss: 0.9622919
Validation loss decreased (2.277257 --> 2.226163).  Saving model ...
Updating learning rate to 2.5e-05
	iters: 100, epoch: 3 | loss: 0.9073847
	speed: 0.0186s/iter; left time: 4.9634s
Epoch: 3 cost time: 1.220954179763794
Epoch: 3, Steps: 122 | Train Loss: 0.9056503 Vali Loss: 2.2099952 Test Loss: 0.9460259
Validation loss decreased (2.226163 --> 2.209995).  Saving model ...
Updating learning rate to 1.25e-05
	iters: 100, epoch: 4 | loss: 0.9367442
	speed: 0.0195s/iter; left time: 2.8323s
Epoch: 4 cost time: 1.415109395980835
Epoch: 4, Steps: 122 | Train Loss: 0.8986078 Vali Loss: 2.1990833 Test Loss: 0.9383056
Validation loss decreased (2.209995 --> 2.199083).  Saving model ...
Updating learning rate to 6.25e-06
	iters: 100, epoch: 5 | loss: 0.8119109
	speed: 0.0186s/iter; left time: 0.4267s
Epoch: 5 cost time: 1.2260572910308838
Epoch: 5, Steps: 122 | Train Loss: 0.8951650 Vali Loss: 2.1934410 Test Loss: 0.9345253
Validation loss decreased (2.199083 --> 2.193441).  Saving model ...
Updating learning rate to 3.125e-06
>>>>>>>testing : long_term_forecast_CARBON_SparseTSF_ETTh1_96_720_none_SparseTSF_ETTh1_sl96_pl720_dm32_nh4_el2_dl1_df64_fc1_ebtimeF_dtTrue_Carbon_0<<<<<<<<<<<<<<<<<<<<<<<<<<<<<<<<<
test 2161
mse:0.934525191783905, mae:0.669012725353241
emissions_kg:8.030975796891019e-05
