Args in experiment:
Namespace(activation='gelu', anomaly_ratio=0.25, batch_size=64, c_out=7, channel_independence=1, checkpoints='./checkpoints/', comment='none', d_ff=64, d_layers=1, d_model=32, data='ETTm1', data_path='ETTm1.csv', dec_in=7, decomp_method='moving_avg', des='Carbon', devices='0,1', distil=True, down_sampling_layers=3, down_sampling_method='avg', down_sampling_window=2, drop_last=True, dropout=0.1, e_layers=2, embed='timeF', emissions_file='emissions_timemixer.csv', emissions_output_dir='C:\\Users\\bbbal\\OneDrive\\Masaüstü\\timemixer\\TimeMixer', enc_in=7, factor=1, features='M', freq='h', gpu=0, inverse=False, is_training=1, itr=1, label_len=0, learning_rate=5e-05, loss='MSE', lradj='type1', mask_rate=0.125, model='SparseTSF', model_id='CARBON_SparseTSF_ETTm1_96_720', model_type='linear', moving_avg=25, n_heads=4, num_kernels=6, num_workers=0, output_attention=False, p_hidden_dims=[128, 128], p_hidden_layers=2, patience=999, pct_start=0.2, period_len=4, pred_len=720, root_path='C:\\Users\\bbbal\\OneDrive\\Masaüstü\\timemixer\\dataset\\ETT-small', seasonal_patterns='Monthly', seq_len=96, target='OT', task_name='long_term_forecast', top_k=3, track_emissions=1, train_epochs=5, use_amp=False, use_future_temporal_feature=0, use_gpu=True, use_multi_gpu=False, use_norm=1)
Use GPU: cuda:0
[codecarbon WARNING @ 00:08:28] Multiple instances of codecarbon are allowed to run at the same time.
>>>>>>>start training : long_term_forecast_CARBON_SparseTSF_ETTm1_96_720_none_SparseTSF_ETTm1_sl96_pl720_dm32_nh4_el2_dl1_df64_fc1_ebtimeF_dtTrue_Carbon_0>>>>>>>>>>>>>>>>>>>>>>>>>>
train 33745
val 10801
test 10801
	iters: 100, epoch: 1 | loss: 0.7997555
	speed: 0.0369s/iter; left time: 93.5573s
	iters: 200, epoch: 1 | loss: 0.7818709
	speed: 0.0112s/iter; left time: 27.2865s
	iters: 300, epoch: 1 | loss: 0.7862736
	speed: 0.0117s/iter; left time: 27.4112s
	iters: 400, epoch: 1 | loss: 0.7895918
	speed: 0.0120s/iter; left time: 26.7734s
	iters: 500, epoch: 1 | loss: 0.7932407
	speed: 0.0118s/iter; left time: 25.1567s
Epoch: 1 cost time: 8.683772325515747
Epoch: 1, Steps: 527 | Train Loss: 0.7869649 Vali Loss: 1.6145922 Test Loss: 1.0374957
Validation loss decreased (inf --> 1.614592).  Saving model ...
Updating learning rate to 5e-05
	iters: 100, epoch: 2 | loss: 0.7067095
	speed: 0.0402s/iter; left time: 80.7045s
	iters: 200, epoch: 2 | loss: 0.7294657
	speed: 0.0117s/iter; left time: 22.2882s
	iters: 300, epoch: 2 | loss: 0.6843008
	speed: 0.0114s/iter; left time: 20.5996s
	iters: 400, epoch: 2 | loss: 0.6610380
	speed: 0.0117s/iter; left time: 19.9930s
	iters: 500, epoch: 2 | loss: 0.6964409
	speed: 0.0121s/iter; left time: 19.5439s
Epoch: 2 cost time: 6.195356130599976
Epoch: 2, Steps: 527 | Train Loss: 0.7108125 Vali Loss: 1.3448735 Test Loss: 0.8054429
Validation loss decreased (1.614592 --> 1.344873).  Saving model ...
Updating learning rate to 2.5e-05
	iters: 100, epoch: 3 | loss: 0.6275387
	speed: 0.0441s/iter; left time: 65.3098s
	iters: 200, epoch: 3 | loss: 0.6643169
	speed: 0.0120s/iter; left time: 16.6205s
	iters: 300, epoch: 3 | loss: 0.6080643
	speed: 0.0118s/iter; left time: 15.1353s
	iters: 400, epoch: 3 | loss: 0.6951188
	speed: 0.0117s/iter; left time: 13.8720s
	iters: 500, epoch: 3 | loss: 0.5844906
	speed: 0.0119s/iter; left time: 12.8289s
Epoch: 3 cost time: 6.343482971191406
Epoch: 3, Steps: 527 | Train Loss: 0.6400402 Vali Loss: 1.2710083 Test Loss: 0.7407186
Validation loss decreased (1.344873 --> 1.271008).  Saving model ...
Updating learning rate to 1.25e-05
	iters: 100, epoch: 4 | loss: 0.6204149
	speed: 0.0442s/iter; left time: 42.2292s
	iters: 200, epoch: 4 | loss: 0.6156771
	speed: 0.0126s/iter; left time: 10.7427s
	iters: 300, epoch: 4 | loss: 0.6878672
	speed: 0.0117s/iter; left time: 8.7967s
	iters: 400, epoch: 4 | loss: 0.6553866
	speed: 0.0115s/iter; left time: 7.5205s
	iters: 500, epoch: 4 | loss: 0.7015846
	speed: 0.0121s/iter; left time: 6.7125s
Epoch: 4 cost time: 6.428632497787476
Epoch: 4, Steps: 527 | Train Loss: 0.6166221 Vali Loss: 1.2400026 Test Loss: 0.7136817
Validation loss decreased (1.271008 --> 1.240003).  Saving model ...
Updating learning rate to 6.25e-06
	iters: 100, epoch: 5 | loss: 0.5802031
	speed: 0.0438s/iter; left time: 18.7480s
	iters: 200, epoch: 5 | loss: 0.5425181
	speed: 0.0122s/iter; left time: 3.9887s
	iters: 300, epoch: 5 | loss: 0.5832451
	speed: 0.0118s/iter; left time: 2.6940s
	iters: 400, epoch: 5 | loss: 0.5320194
	speed: 0.0117s/iter; left time: 1.5005s
	iters: 500, epoch: 5 | loss: 0.5868590
	speed: 0.0117s/iter; left time: 0.3279s
Epoch: 5 cost time: 6.399212121963501
Epoch: 5, Steps: 527 | Train Loss: 0.6063427 Vali Loss: 1.2246410 Test Loss: 0.7007894
Validation loss decreased (1.240003 --> 1.224641).  Saving model ...
Updating learning rate to 3.125e-06
>>>>>>>testing : long_term_forecast_CARBON_SparseTSF_ETTm1_96_720_none_SparseTSF_ETTm1_sl96_pl720_dm32_nh4_el2_dl1_df64_fc1_ebtimeF_dtTrue_Carbon_0<<<<<<<<<<<<<<<<<<<<<<<<<<<<<<<<<
test 10801
mse:0.7007912993431091, mae:0.558461606502533
emissions_kg:0.00031104370091438404
