Args in experiment:
Namespace(activation='gelu', anomaly_ratio=0.25, batch_size=64, c_out=7, channel_independence=1, checkpoints='./checkpoints/', comment='none', d_ff=64, d_layers=1, d_model=32, data='ETTh2', data_path='ETTh2.csv', dec_in=7, decomp_method='moving_avg', des='Carbon', devices='0,1', distil=True, down_sampling_layers=3, down_sampling_method='avg', down_sampling_window=2, drop_last=True, dropout=0.1, e_layers=2, embed='timeF', emissions_file='emissions_timemixer.csv', emissions_output_dir='C:\\Users\\bbbal\\OneDrive\\Masaüstü\\timemixer\\TimeMixer', enc_in=7, factor=1, features='M', freq='h', gpu=0, inverse=False, is_training=1, itr=1, label_len=0, learning_rate=5e-05, loss='MSE', lradj='type1', mask_rate=0.125, model='SparseTSF', model_id='CARBON_SparseTSF_ETTh2_96_336', model_type='linear', moving_avg=25, n_heads=4, num_kernels=6, num_workers=0, output_attention=False, p_hidden_dims=[128, 128], p_hidden_layers=2, patience=999, pct_start=0.2, period_len=24, pred_len=336, root_path='C:\\Users\\bbbal\\OneDrive\\Masaüstü\\timemixer\\dataset\\ETT-small', seasonal_patterns='Monthly', seq_len=96, target='OT', task_name='long_term_forecast', top_k=3, track_emissions=1, train_epochs=5, use_amp=False, use_future_temporal_feature=0, use_gpu=True, use_multi_gpu=False, use_norm=1)
Use GPU: cuda:0
[codecarbon WARNING @ 00:05:39] Multiple instances of codecarbon are allowed to run at the same time.
>>>>>>>start training : long_term_forecast_CARBON_SparseTSF_ETTh2_96_336_none_SparseTSF_ETTh2_sl96_pl336_dm32_nh4_el2_dl1_df64_fc1_ebtimeF_dtTrue_Carbon_0>>>>>>>>>>>>>>>>>>>>>>>>>>
train 8209
val 2545
test 2545
	iters: 100, epoch: 1 | loss: 0.7109122
	speed: 0.0271s/iter; left time: 14.6520s
Epoch: 1 cost time: 2.8352084159851074
Epoch: 1, Steps: 128 | Train Loss: 0.8202357 Vali Loss: 0.4755237 Test Loss: 0.5273146
Validation loss decreased (inf --> 0.475524).  Saving model ...
Updating learning rate to 5e-05
	iters: 100, epoch: 2 | loss: 0.6430944
	speed: 0.0082s/iter; left time: 3.3780s
Epoch: 2 cost time: 0.6166143417358398
Epoch: 2, Steps: 128 | Train Loss: 0.8119022 Vali Loss: 0.4691037 Test Loss: 0.5181308
Validation loss decreased (0.475524 --> 0.469104).  Saving model ...
Updating learning rate to 2.5e-05
	iters: 100, epoch: 3 | loss: 0.7907999
	speed: 0.0095s/iter; left time: 2.6999s
Epoch: 3 cost time: 0.6837670803070068
Epoch: 3, Steps: 128 | Train Loss: 0.8037465 Vali Loss: 0.4644579 Test Loss: 0.5140941
Validation loss decreased (0.469104 --> 0.464458).  Saving model ...
Updating learning rate to 1.25e-05
	iters: 100, epoch: 4 | loss: 0.8690757
	speed: 0.0099s/iter; left time: 1.5541s
Epoch: 4 cost time: 0.6788568496704102
Epoch: 4, Steps: 128 | Train Loss: 0.7979843 Vali Loss: 0.4658465 Test Loss: 0.5121655
EarlyStopping counter: 1 out of 999
Updating learning rate to 6.25e-06
	iters: 100, epoch: 5 | loss: 0.5164978
	speed: 0.0081s/iter; left time: 0.2343s
Epoch: 5 cost time: 0.5764434337615967
Epoch: 5, Steps: 128 | Train Loss: 0.7975243 Vali Loss: 0.4650336 Test Loss: 0.5112268
EarlyStopping counter: 2 out of 999
Updating learning rate to 3.125e-06
>>>>>>>testing : long_term_forecast_CARBON_SparseTSF_ETTh2_96_336_none_SparseTSF_ETTh2_sl96_pl336_dm32_nh4_el2_dl1_df64_fc1_ebtimeF_dtTrue_Carbon_0<<<<<<<<<<<<<<<<<<<<<<<<<<<<<<<<<
test 2545
mse:0.5140941143035889, mae:0.48778918385505676
emissions_kg:4.51544492865327e-05
