Args in experiment:
Namespace(activation='gelu', anomaly_ratio=0.25, batch_size=64, c_out=7, channel_independence=1, checkpoints='./checkpoints/', comment='none', d_ff=64, d_layers=1, d_model=32, data='ETTh2', data_path='ETTh2.csv', dec_in=7, decomp_method='moving_avg', des='Carbon', devices='0,1', distil=True, down_sampling_layers=3, down_sampling_method='avg', down_sampling_window=2, drop_last=True, dropout=0.1, e_layers=2, embed='timeF', emissions_file='emissions_timemixer.csv', emissions_output_dir='C:\\Users\\bbbal\\OneDrive\\Masaüstü\\timemixer\\TimeMixer', enc_in=7, factor=1, features='M', freq='h', gpu=0, inverse=False, is_training=1, itr=1, label_len=0, learning_rate=5e-05, loss='MSE', lradj='type1', mask_rate=0.125, model='SparseTSF', model_id='CARBON_SparseTSF_ETTh2_96_96', model_type='linear', moving_avg=25, n_heads=4, num_kernels=6, num_workers=0, output_attention=False, p_hidden_dims=[128, 128], p_hidden_layers=2, patience=999, pct_start=0.2, period_len=24, pred_len=96, root_path='C:\\Users\\bbbal\\OneDrive\\Masaüstü\\timemixer\\dataset\\ETT-small', seasonal_patterns='Monthly', seq_len=96, target='OT', task_name='long_term_forecast', top_k=3, track_emissions=1, train_epochs=5, use_amp=False, use_future_temporal_feature=0, use_gpu=True, use_multi_gpu=False, use_norm=1)
Use GPU: cuda:0
[codecarbon WARNING @ 00:04:59] Multiple instances of codecarbon are allowed to run at the same time.
>>>>>>>start training : long_term_forecast_CARBON_SparseTSF_ETTh2_96_96_none_SparseTSF_ETTh2_sl96_pl96_dm32_nh4_el2_dl1_df64_fc1_ebtimeF_dtTrue_Carbon_0>>>>>>>>>>>>>>>>>>>>>>>>>>
train 8449
val 2785
test 2785
	iters: 100, epoch: 1 | loss: 0.5505102
	speed: 0.0367s/iter; left time: 20.5967s
Epoch: 1 cost time: 3.871946334838867
Epoch: 1, Steps: 132 | Train Loss: 0.6446347 Vali Loss: 0.3500262 Test Loss: 0.4602083
Validation loss decreased (inf --> 0.350026).  Saving model ...
Updating learning rate to 5e-05
	iters: 100, epoch: 2 | loss: 0.4983315
	speed: 0.0116s/iter; left time: 4.9916s
Epoch: 2 cost time: 0.9245297908782959
Epoch: 2, Steps: 132 | Train Loss: 0.6362088 Vali Loss: 0.3429002 Test Loss: 0.4498502
Validation loss decreased (0.350026 --> 0.342900).  Saving model ...
Updating learning rate to 2.5e-05
	iters: 100, epoch: 3 | loss: 0.6750513
	speed: 0.0108s/iter; left time: 3.2084s
Epoch: 3 cost time: 0.7446980476379395
Epoch: 3, Steps: 132 | Train Loss: 0.6255227 Vali Loss: 0.3401997 Test Loss: 0.4453475
Validation loss decreased (0.342900 --> 0.340200).  Saving model ...
Updating learning rate to 1.25e-05
	iters: 100, epoch: 4 | loss: 0.5084398
	speed: 0.0112s/iter; left time: 1.8443s
Epoch: 4 cost time: 0.8616807460784912
Epoch: 4, Steps: 132 | Train Loss: 0.6206338 Vali Loss: 0.3387846 Test Loss: 0.4432332
Validation loss decreased (0.340200 --> 0.338785).  Saving model ...
Updating learning rate to 6.25e-06
	iters: 100, epoch: 5 | loss: 0.5780828
	speed: 0.0101s/iter; left time: 0.3333s
Epoch: 5 cost time: 0.7591454982757568
Epoch: 5, Steps: 132 | Train Loss: 0.6182851 Vali Loss: 0.3381641 Test Loss: 0.4421760
Validation loss decreased (0.338785 --> 0.338164).  Saving model ...
Updating learning rate to 3.125e-06
>>>>>>>testing : long_term_forecast_CARBON_SparseTSF_ETTh2_96_96_none_SparseTSF_ETTh2_sl96_pl96_dm32_nh4_el2_dl1_df64_fc1_ebtimeF_dtTrue_Carbon_0<<<<<<<<<<<<<<<<<<<<<<<<<<<<<<<<<
test 2785
mse:0.44217610359191895, mae:0.4417416453361511
emissions_kg:5.534581308885971e-05
