Args in experiment:
Namespace(activation='gelu', anomaly_ratio=0.25, batch_size=64, c_out=7, channel_independence=1, checkpoints='./checkpoints/', comment='none', d_ff=64, d_layers=1, d_model=32, data='ETTh1', data_path='ETTh1.csv', dec_in=7, decomp_method='moving_avg', des='Carbon', devices='0,1', distil=True, down_sampling_layers=3, down_sampling_method='avg', down_sampling_window=2, drop_last=True, dropout=0.1, e_layers=2, embed='timeF', emissions_file='emissions_timemixer.csv', emissions_output_dir='C:\\Users\\bbbal\\OneDrive\\Masaüstü\\timemixer\\TimeMixer', enc_in=7, factor=1, features='M', freq='h', gpu=0, inverse=False, is_training=1, itr=1, label_len=0, learning_rate=5e-05, loss='MSE', lradj='type1', mask_rate=0.125, model='SparseTSF', model_id='CARBON_SparseTSF_ETTh1_96_192', model_type='linear', moving_avg=25, n_heads=4, num_kernels=6, num_workers=0, output_attention=False, p_hidden_dims=[128, 128], p_hidden_layers=2, patience=999, pct_start=0.2, period_len=24, pred_len=192, root_path='C:\\Users\\bbbal\\OneDrive\\Masaüstü\\timemixer\\dataset\\ETT-small', seasonal_patterns='Monthly', seq_len=96, target='OT', task_name='long_term_forecast', top_k=3, track_emissions=1, train_epochs=5, use_amp=False, use_future_temporal_feature=0, use_gpu=True, use_multi_gpu=False, use_norm=1)
Use GPU: cuda:0
[codecarbon WARNING @ 00:03:35] Multiple instances of codecarbon are allowed to run at the same time.
>>>>>>>start training : long_term_forecast_CARBON_SparseTSF_ETTh1_96_192_none_SparseTSF_ETTh1_sl96_pl192_dm32_nh4_el2_dl1_df64_fc1_ebtimeF_dtTrue_Carbon_0>>>>>>>>>>>>>>>>>>>>>>>>>>
train 8353
val 2689
test 2689
	iters: 100, epoch: 1 | loss: 0.7857566
	speed: 0.0605s/iter; left time: 33.3184s
Epoch: 1 cost time: 6.263801336288452
Epoch: 1, Steps: 130 | Train Loss: 0.7451919 Vali Loss: 1.6723628 Test Loss: 0.9343473
Validation loss decreased (inf --> 1.672363).  Saving model ...
Updating learning rate to 5e-05
	iters: 100, epoch: 2 | loss: 0.6725073
	speed: 0.0152s/iter; left time: 6.3879s
Epoch: 2 cost time: 1.2592365741729736
Epoch: 2, Steps: 130 | Train Loss: 0.7343815 Vali Loss: 1.6317263 Test Loss: 0.9021137
Validation loss decreased (1.672363 --> 1.631726).  Saving model ...
Updating learning rate to 2.5e-05
	iters: 100, epoch: 3 | loss: 0.7333640
	speed: 0.0174s/iter; left time: 5.0772s
Epoch: 3 cost time: 1.1697344779968262
Epoch: 3, Steps: 130 | Train Loss: 0.7192603 Vali Loss: 1.6138681 Test Loss: 0.8882272
Validation loss decreased (1.631726 --> 1.613868).  Saving model ...
Updating learning rate to 1.25e-05
	iters: 100, epoch: 4 | loss: 0.6786581
	speed: 0.0164s/iter; left time: 2.6384s
Epoch: 4 cost time: 1.2779648303985596
Epoch: 4, Steps: 130 | Train Loss: 0.7128483 Vali Loss: 1.6057527 Test Loss: 0.8816461
Validation loss decreased (1.613868 --> 1.605753).  Saving model ...
Updating learning rate to 6.25e-06
	iters: 100, epoch: 5 | loss: 0.7428517
	speed: 0.0185s/iter; left time: 0.5727s
Epoch: 5 cost time: 1.3972558975219727
Epoch: 5, Steps: 130 | Train Loss: 0.7098989 Vali Loss: 1.6018019 Test Loss: 0.8784307
Validation loss decreased (1.605753 --> 1.601802).  Saving model ...
Updating learning rate to 3.125e-06
>>>>>>>testing : long_term_forecast_CARBON_SparseTSF_ETTh1_96_192_none_SparseTSF_ETTh1_sl96_pl192_dm32_nh4_el2_dl1_df64_fc1_ebtimeF_dtTrue_Carbon_0<<<<<<<<<<<<<<<<<<<<<<<<<<<<<<<<<
test 2689
mse:0.878430962562561, mae:0.6203411817550659
emissions_kg:0.00013095743779887285
