Args in experiment:
Namespace(activation='gelu', anomaly_ratio=0.25, batch_size=64, c_out=7, channel_independence=1, checkpoints='./checkpoints/', comment='none', d_ff=64, d_layers=1, d_model=32, data='ETTh2', data_path='ETTh2.csv', dec_in=7, decomp_method='moving_avg', des='Carbon', devices='0,1', distil=True, down_sampling_layers=3, down_sampling_method='avg', down_sampling_window=2, drop_last=True, dropout=0.1, e_layers=2, embed='timeF', emissions_file='emissions_timemixer.csv', emissions_output_dir='<workspace>\\TimeMixer', enc_in=7, factor=1, features='M', freq='h', gpu=0, inverse=False, is_training=1, itr=1, label_len=0, learning_rate=5e-05, loss='MSE', lradj='type1', mask_rate=0.125, model='SparseTSF', model_id='CARBON_SparseTSF_ETTh2_96_720', model_type='linear', moving_avg=25, n_heads=4, num_kernels=6, num_workers=0, output_attention=False, p_hidden_dims=[128, 128], p_hidden_layers=2, patience=999, pct_start=0.2, period_len=24, pred_len=720, root_path='<workspace>\\dataset\\ETT-small', seasonal_patterns='Monthly', seq_len=96, target='OT', task_name='long_term_forecast', top_k=3, track_emissions=1, train_epochs=5, use_amp=False, use_future_temporal_feature=0, use_gpu=True, use_multi_gpu=False, use_norm=1)
Use GPU: cuda:0
[codecarbon WARNING @ 00:05:57] Multiple instances of codecarbon are allowed to run at the same time.
>>>>>>>start training : long_term_forecast_CARBON_SparseTSF_ETTh2_96_720_none_SparseTSF_ETTh2_sl96_pl720_dm32_nh4_el2_dl1_df64_fc1_ebtimeF_dtTrue_Carbon_0>>>>>>>>>>>>>>>>>>>>>>>>>>
train 7825
val 2161
test 2161
	iters: 100, epoch: 1 | loss: 0.9385766
	speed: 0.0432s/iter; left time: 22.0627s
Epoch: 1 cost time: 4.566204071044922
Epoch: 1, Steps: 122 | Train Loss: 1.0008450 Vali Loss: 0.7307020 Test Loss: 0.5205754
Validation loss decreased (inf --> 0.730702).  Saving model ...
Updating learning rate to 5e-05
	iters: 100, epoch: 2 | loss: 0.7521853
	speed: 0.0200s/iter; left time: 7.7723s
Epoch: 2 cost time: 1.506636142730713
Epoch: 2, Steps: 122 | Train Loss: 0.9945861 Vali Loss: 0.7272307 Test Loss: 0.5130987
Validation loss decreased (0.730702 --> 0.727231).  Saving model ...
Updating learning rate to 2.5e-05
	iters: 100, epoch: 3 | loss: 1.0011119
	speed: 0.0199s/iter; left time: 5.3049s
Epoch: 3 cost time: 1.4685003757476807
Epoch: 3, Steps: 122 | Train Loss: 0.9845374 Vali Loss: 0.7246244 Test Loss: 0.5098511
Validation loss decreased (0.727231 --> 0.724624).  Saving model ...
Updating learning rate to 1.25e-05
	iters: 100, epoch: 4 | loss: 1.0723854
	speed: 0.0184s/iter; left time: 2.6692s
Epoch: 4 cost time: 1.3902883529663086
Epoch: 4, Steps: 122 | Train Loss: 0.9807954 Vali Loss: 0.7222263 Test Loss: 0.5083021
Validation loss decreased (0.724624 --> 0.722226).  Saving model ...
Updating learning rate to 6.25e-06
	iters: 100, epoch: 5 | loss: 1.0433383
	speed: 0.0188s/iter; left time: 0.4321s
Epoch: 5 cost time: 1.40594482421875
Epoch: 5, Steps: 122 | Train Loss: 0.9780375 Vali Loss: 0.7194627 Test Loss: 0.5075480
Validation loss decreased (0.722226 --> 0.719463).  Saving model ...
Updating learning rate to 3.125e-06
>>>>>>>testing : long_term_forecast_CARBON_SparseTSF_ETTh2_96_720_none_SparseTSF_ETTh2_sl96_pl720_dm32_nh4_el2_dl1_df64_fc1_ebtimeF_dtTrue_Carbon_0<<<<<<<<<<<<<<<<<<<<<<<<<<<<<<<<<
test 2161
mse:0.5075477361679077, mae:0.49102094769477844
emissions_kg:8.643707038010169e-05
