Args in experiment:
Namespace(activation='gelu', anomaly_ratio=0.25, batch_size=64, c_out=7, channel_independence=1, checkpoints='./checkpoints/', comment='none', d_ff=64, d_layers=1, d_model=32, data='ETTm2', data_path='ETTm2.csv', dec_in=7, decomp_method='moving_avg', des='Carbon', devices='0,1', distil=True, down_sampling_layers=3, down_sampling_method='avg', down_sampling_window=2, drop_last=True, dropout=0.1, e_layers=2, embed='timeF', emissions_file='emissions_timemixer.csv', emissions_output_dir='<workspace>\\TimeMixer', enc_in=7, factor=1, features='M', freq='h', gpu=0, inverse=False, is_training=1, itr=1, label_len=0, learning_rate=5e-05, loss='MSE', lradj='type1', mask_rate=0.125, model='SparseTSF', model_id='CARBON_SparseTSF_ETTm2_96_720', model_type='linear', moving_avg=25, n_heads=4, num_kernels=6, num_workers=0, output_attention=False, p_hidden_dims=[128, 128], p_hidden_layers=2, patience=999, pct_start=0.2, period_len=4, pred_len=720, root_path='<workspace>\\dataset\\ETT-small', seasonal_patterns='Monthly', seq_len=96, target='OT', task_name='long_term_forecast', top_k=3, track_emissions=1, train_epochs=5, use_amp=False, use_future_temporal_feature=0, use_gpu=True, use_multi_gpu=False, use_norm=1)
Use GPU: cuda:0
[codecarbon WARNING @ 00:11:28] Multiple instances of codecarbon are allowed to run at the same time.
>>>>>>>start training : long_term_forecast_CARBON_SparseTSF_ETTm2_96_720_none_SparseTSF_ETTm2_sl96_pl720_dm32_nh4_el2_dl1_df64_fc1_ebtimeF_dtTrue_Carbon_0>>>>>>>>>>>>>>>>>>>>>>>>>>
train 33745
val 10801
test 10801
	iters: 100, epoch: 1 | loss: 0.7237363
	speed: 0.0299s/iter; left time: 75.7389s
	iters: 200, epoch: 1 | loss: 0.5017931
	speed: 0.0074s/iter; left time: 17.9647s
	iters: 300, epoch: 1 | loss: 0.8068304
	speed: 0.0064s/iter; left time: 15.0590s
	iters: 400, epoch: 1 | loss: 0.5329897
	speed: 0.0076s/iter; left time: 17.0398s
	iters: 500, epoch: 1 | loss: 0.6593760
	speed: 0.0070s/iter; left time: 14.9106s
Epoch: 1 cost time: 6.002268552780151
Epoch: 1, Steps: 527 | Train Loss: 0.6828186 Vali Loss: 0.3567799 Test Loss: 0.4909601
Validation loss decreased (inf --> 0.356780).  Saving model ...
Updating learning rate to 5e-05
	iters: 100, epoch: 2 | loss: 0.6129203
	speed: 0.0278s/iter; left time: 55.7946s
	iters: 200, epoch: 2 | loss: 0.8797784
	speed: 0.0097s/iter; left time: 18.5631s
	iters: 300, epoch: 2 | loss: 0.4857169
	speed: 0.0075s/iter; left time: 13.5938s
	iters: 400, epoch: 2 | loss: 0.6281152
	speed: 0.0062s/iter; left time: 10.5758s
	iters: 500, epoch: 2 | loss: 0.6879263
	speed: 0.0072s/iter; left time: 11.6260s
Epoch: 2 cost time: 4.300437927246094
Epoch: 2, Steps: 527 | Train Loss: 0.6626079 Vali Loss: 0.3343789 Test Loss: 0.4615656
Validation loss decreased (0.356780 --> 0.334379).  Saving model ...
Updating learning rate to 2.5e-05
	iters: 100, epoch: 3 | loss: 0.4445778
	speed: 0.0244s/iter; left time: 36.1801s
	iters: 200, epoch: 3 | loss: 1.2103049
	speed: 0.0068s/iter; left time: 9.3400s
	iters: 300, epoch: 3 | loss: 0.8600648
	speed: 0.0062s/iter; left time: 7.9019s
	iters: 400, epoch: 3 | loss: 0.6344350
	speed: 0.0062s/iter; left time: 7.3535s
	iters: 500, epoch: 3 | loss: 0.5336587
	speed: 0.0080s/iter; left time: 8.6050s
Epoch: 3 cost time: 3.614605665206909
Epoch: 3, Steps: 527 | Train Loss: 0.6430333 Vali Loss: 0.3279591 Test Loss: 0.4530532
Validation loss decreased (0.334379 --> 0.327959).  Saving model ...
Updating learning rate to 1.25e-05
	iters: 100, epoch: 4 | loss: 0.5036317
	speed: 0.0273s/iter; left time: 26.0760s
	iters: 200, epoch: 4 | loss: 0.5149326
	speed: 0.0083s/iter; left time: 7.1290s
	iters: 300, epoch: 4 | loss: 0.7722989
	speed: 0.0068s/iter; left time: 5.1700s
	iters: 400, epoch: 4 | loss: 0.5919103
	speed: 0.0084s/iter; left time: 5.5014s
	iters: 500, epoch: 4 | loss: 0.6450932
	speed: 0.0120s/iter; left time: 6.6578s
Epoch: 4 cost time: 4.716860771179199
Epoch: 4, Steps: 527 | Train Loss: 0.6364023 Vali Loss: 0.3252268 Test Loss: 0.4494951
Validation loss decreased (0.327959 --> 0.325227).  Saving model ...
Updating learning rate to 6.25e-06
	iters: 100, epoch: 5 | loss: 0.4168267
	speed: 0.0326s/iter; left time: 13.9367s
	iters: 200, epoch: 5 | loss: 1.0185114
	speed: 0.0080s/iter; left time: 2.6287s
	iters: 300, epoch: 5 | loss: 0.3350928
	speed: 0.0066s/iter; left time: 1.4976s
	iters: 400, epoch: 5 | loss: 0.5499748
	speed: 0.0066s/iter; left time: 0.8474s
	iters: 500, epoch: 5 | loss: 0.4571093
	speed: 0.0101s/iter; left time: 0.2828s
Epoch: 5 cost time: 4.403250694274902
Epoch: 5, Steps: 527 | Train Loss: 0.6334834 Vali Loss: 0.3239929 Test Loss: 0.4478109
Validation loss decreased (0.325227 --> 0.323993).  Saving model ...
Updating learning rate to 3.125e-06
>>>>>>>testing : long_term_forecast_CARBON_SparseTSF_ETTm2_96_720_none_SparseTSF_ETTm2_sl96_pl720_dm32_nh4_el2_dl1_df64_fc1_ebtimeF_dtTrue_Carbon_0<<<<<<<<<<<<<<<<<<<<<<<<<<<<<<<<<
test 10801
mse:0.4478122293949127, mae:0.4299471080303192
emissions_kg:0.0002163301888974515
