Args in experiment:
Namespace(activation='gelu', anomaly_ratio=0.25, batch_size=64, c_out=7, channel_independence=1, checkpoints='./checkpoints/', comment='none', d_ff=64, d_layers=1, d_model=32, data='ETTh1', data_path='ETTh1.csv', dec_in=7, decomp_method='moving_avg', des='Carbon', devices='0,1', distil=True, down_sampling_layers=3, down_sampling_method='avg', down_sampling_window=2, drop_last=True, dropout=0.1, e_layers=2, embed='timeF', emissions_file='emissions_timemixer.csv', emissions_output_dir='<workspace>\\TimeMixer', enc_in=7, factor=1, features='M', freq='h', gpu=0, inverse=False, is_training=1, itr=1, label_len=0, learning_rate=5e-05, loss='MSE', lradj='type1', mask_rate=0.125, model='SparseTSF', model_id='CARBON_SparseTSF_ETTh1_96_336', model_type='linear', moving_avg=25, n_heads=4, num_kernels=6, num_workers=0, output_attention=False, p_hidden_dims=[128, 128], p_hidden_layers=2, patience=999, pct_start=0.2, period_len=24, pred_len=336, root_path='<workspace>\\dataset\\ETT-small', seasonal_patterns='Monthly', seq_len=96, target='OT', task_name='long_term_forecast', top_k=3, track_emissions=1, train_epochs=5, use_amp=False, use_future_temporal_feature=0, use_gpu=True, use_multi_gpu=False, use_norm=1)
Use GPU: cuda:0
[codecarbon WARNING @ 00:04:05] Multiple instances of codecarbon are allowed to run at the same time.
>>>>>>>start training : long_term_forecast_CARBON_SparseTSF_ETTh1_96_336_none_SparseTSF_ETTh1_sl96_pl336_dm32_nh4_el2_dl1_df64_fc1_ebtimeF_dtTrue_Carbon_0>>>>>>>>>>>>>>>>>>>>>>>>>>
train 8209
val 2545
test 2545
	iters: 100, epoch: 1 | loss: 0.8876722
	speed: 0.0597s/iter; left time: 32.3012s
Epoch: 1 cost time: 6.367983102798462
Epoch: 1, Steps: 128 | Train Loss: 0.8550498 Vali Loss: 2.0581928 Test Loss: 1.0408727
Validation loss decreased (inf --> 2.058193).  Saving model ...
Updating learning rate to 5e-05
	iters: 100, epoch: 2 | loss: 0.8143517
	speed: 0.0224s/iter; left time: 9.2466s
Epoch: 2 cost time: 1.6155400276184082
Epoch: 2, Steps: 128 | Train Loss: 0.8410427 Vali Loss: 2.0017654 Test Loss: 0.9985895
Validation loss decreased (2.058193 --> 2.001765).  Saving model ...
Updating learning rate to 2.5e-05
	iters: 100, epoch: 3 | loss: 0.7818331
	speed: 0.0234s/iter; left time: 6.6817s
Epoch: 3 cost time: 1.6494362354278564
Epoch: 3, Steps: 128 | Train Loss: 0.8231354 Vali Loss: 1.9768187 Test Loss: 0.9804374
Validation loss decreased (2.001765 --> 1.976819).  Saving model ...
Updating learning rate to 1.25e-05
	iters: 100, epoch: 4 | loss: 0.8063261
	speed: 0.0200s/iter; left time: 3.1467s
Epoch: 4 cost time: 1.5289015769958496
Epoch: 4, Steps: 128 | Train Loss: 0.8149284 Vali Loss: 1.9688816 Test Loss: 0.9719302
Validation loss decreased (1.976819 --> 1.968882).  Saving model ...
Updating learning rate to 6.25e-06
	iters: 100, epoch: 5 | loss: 0.8104012
	speed: 0.0223s/iter; left time: 0.6456s
Epoch: 5 cost time: 1.6574244499206543
Epoch: 5, Steps: 128 | Train Loss: 0.8114165 Vali Loss: 1.9591808 Test Loss: 0.9677610
Validation loss decreased (1.968882 --> 1.959181).  Saving model ...
Updating learning rate to 3.125e-06
>>>>>>>testing : long_term_forecast_CARBON_SparseTSF_ETTh1_96_336_none_SparseTSF_ETTh1_sl96_pl336_dm32_nh4_el2_dl1_df64_fc1_ebtimeF_dtTrue_Carbon_0<<<<<<<<<<<<<<<<<<<<<<<<<<<<<<<<<
test 2545
mse:0.9677609205245972, mae:0.6615208983421326
emissions_kg:0.00014829769083609518
