Args in experiment:
Namespace(activation='gelu', anomaly_ratio=0.25, batch_size=64, c_out=7, channel_independence=1, checkpoints='./checkpoints/', comment='none', d_ff=64, d_layers=1, d_model=32, data='ETTm1', data_path='ETTm1.csv', dec_in=7, decomp_method='moving_avg', des='Carbon', devices='0,1', distil=True, down_sampling_layers=3, down_sampling_method='avg', down_sampling_window=2, drop_last=True, dropout=0.1, e_layers=2, embed='timeF', emissions_file='emissions_timemixer.csv', emissions_output_dir='<workspace>\\TimeMixer', enc_in=7, factor=1, features='M', freq='h', gpu=0, inverse=False, is_training=1, itr=1, label_len=0, learning_rate=5e-05, loss='MSE', lradj='type1', mask_rate=0.125, model='TimeMixer', model_id='CARBON_TimeMixer_ETTm1_96_96', moving_avg=25, n_heads=4, num_kernels=6, num_workers=0, output_attention=False, p_hidden_dims=[128, 128], p_hidden_layers=2, patience=999, pct_start=0.2, pred_len=96, root_path='<workspace>\\dataset\\ETT-small', seasonal_patterns='Monthly', seq_len=96, target='OT', task_name='long_term_forecast', top_k=3, track_emissions=1, train_epochs=5, use_amp=False, use_future_temporal_feature=0, use_gpu=True, use_multi_gpu=False, use_norm=1)
Use GPU: cuda:0
[codecarbon WARNING @ 15:10:20] Multiple instances of codecarbon are allowed to run at the same time.
>>>>>>>start training : long_term_forecast_CARBON_TimeMixer_ETTm1_96_96_none_TimeMixer_ETTm1_sl96_pl96_dm32_nh4_el2_dl1_df64_fc1_ebtimeF_dtTrue_Carbon_0>>>>>>>>>>>>>>>>>>>>>>>>>>
train 34369
val 11425
test 11425
	iters: 100, epoch: 1 | loss: 1.2150201
	speed: 0.0816s/iter; left time: 210.9745s
	iters: 200, epoch: 1 | loss: 1.4945121
	speed: 0.0582s/iter; left time: 144.8062s
	iters: 300, epoch: 1 | loss: 1.2495359
	speed: 0.0579s/iter; left time: 138.1328s
	iters: 400, epoch: 1 | loss: 1.1697848
	speed: 0.0607s/iter; left time: 138.6488s
	iters: 500, epoch: 1 | loss: 1.2920833
	speed: 0.0603s/iter; left time: 131.8277s
Epoch: 1 cost time: 34.10734581947327
Epoch: 1, Steps: 537 | Train Loss: 1.2372644 Vali Loss: 1.6855249 Test Loss: 1.6397429
Validation loss decreased (inf --> 1.685525).  Saving model ...
Updating learning rate to 5e-05
	iters: 100, epoch: 2 | loss: 0.5958894
	speed: 0.1324s/iter; left time: 271.2247s
	iters: 200, epoch: 2 | loss: 0.4111760
	speed: 0.0574s/iter; left time: 111.7791s
	iters: 300, epoch: 2 | loss: 0.3458304
	speed: 0.0572s/iter; left time: 105.8180s
	iters: 400, epoch: 2 | loss: 0.3821416
	speed: 0.0579s/iter; left time: 101.3046s
	iters: 500, epoch: 2 | loss: 0.3756661
	speed: 0.0578s/iter; left time: 95.2896s
Epoch: 2 cost time: 31.170324087142944
Epoch: 2, Steps: 537 | Train Loss: 0.4619611 Vali Loss: 0.4440023 Test Loss: 0.3926855
Validation loss decreased (1.685525 --> 0.444002).  Saving model ...
Updating learning rate to 2.5e-05
	iters: 100, epoch: 3 | loss: 0.3590173
	speed: 0.1304s/iter; left time: 197.2354s
	iters: 200, epoch: 3 | loss: 0.3599192
	speed: 0.0577s/iter; left time: 81.5073s
	iters: 300, epoch: 3 | loss: 0.3646551
	speed: 0.0584s/iter; left time: 76.5961s
	iters: 400, epoch: 3 | loss: 0.3503621
	speed: 0.0585s/iter; left time: 70.9589s
	iters: 500, epoch: 3 | loss: 0.3402356
	speed: 0.0572s/iter; left time: 63.6324s
Epoch: 3 cost time: 31.140111207962036
Epoch: 3, Steps: 537 | Train Loss: 0.3606867 Vali Loss: 0.4252278 Test Loss: 0.3715937
Validation loss decreased (0.444002 --> 0.425228).  Saving model ...
Updating learning rate to 1.25e-05
	iters: 100, epoch: 4 | loss: 0.3129611
	speed: 0.1300s/iter; left time: 126.7489s
	iters: 200, epoch: 4 | loss: 0.3600599
	speed: 0.0593s/iter; left time: 51.8859s
	iters: 300, epoch: 4 | loss: 0.3580844
	speed: 0.0594s/iter; left time: 46.0489s
	iters: 400, epoch: 4 | loss: 0.2870673
	speed: 0.0601s/iter; left time: 40.5727s
	iters: 500, epoch: 4 | loss: 0.3490043
	speed: 0.0591s/iter; left time: 33.9947s
Epoch: 4 cost time: 31.722594261169434
Epoch: 4, Steps: 537 | Train Loss: 0.3497661 Vali Loss: 0.4186796 Test Loss: 0.3644284
Validation loss decreased (0.425228 --> 0.418680).  Saving model ...
Updating learning rate to 6.25e-06
	iters: 100, epoch: 5 | loss: 0.3897612
	speed: 0.1315s/iter; left time: 57.5997s
	iters: 200, epoch: 5 | loss: 0.3217520
	speed: 0.0596s/iter; left time: 20.1470s
	iters: 300, epoch: 5 | loss: 0.3533128
	speed: 0.0585s/iter; left time: 13.9165s
	iters: 400, epoch: 5 | loss: 0.3779793
	speed: 0.0586s/iter; left time: 8.0876s
	iters: 500, epoch: 5 | loss: 0.3612112
	speed: 0.0597s/iter; left time: 2.2679s
Epoch: 5 cost time: 31.688932418823242
Epoch: 5, Steps: 537 | Train Loss: 0.3456311 Vali Loss: 0.4170161 Test Loss: 0.3619395
Validation loss decreased (0.418680 --> 0.417016).  Saving model ...
Updating learning rate to 3.125e-06
>>>>>>>testing : long_term_forecast_CARBON_TimeMixer_ETTm1_96_96_none_TimeMixer_ETTm1_sl96_pl96_dm32_nh4_el2_dl1_df64_fc1_ebtimeF_dtTrue_Carbon_0<<<<<<<<<<<<<<<<<<<<<<<<<<<<<<<<<
test 11425
mse:0.3619396388530731, mae:0.3829987943172455
emissions_kg:0.002032616500273536
