Args in experiment:
Namespace(activation='gelu', anomaly_ratio=0.25, batch_size=64, c_out=7, channel_independence=1, checkpoints='./checkpoints/', comment='none', d_ff=64, d_layers=1, d_model=32, data='ETTh2', data_path='ETTh2.csv', dec_in=7, decomp_method='moving_avg', des='Carbon', devices='0,1', distil=True, down_sampling_layers=3, down_sampling_method='avg', down_sampling_window=2, drop_last=True, dropout=0.1, e_layers=2, embed='timeF', emissions_file='emissions_timemixer.csv', emissions_output_dir='<workspace>\\TimeMixer', enc_in=7, factor=1, features='M', freq='h', gpu=0, inverse=False, is_training=1, itr=1, label_len=0, learning_rate=5e-05, loss='MSE', lradj='type1', mask_rate=0.125, model='TimeMixerPP', model_id='CARBON_TimeMixerPP_ETTh2_96_96', moving_avg=25, n_heads=4, num_kernels=6, num_workers=0, output_attention=False, p_hidden_dims=[128, 128], p_hidden_layers=2, patience=999, pct_start=0.2, pred_len=96, root_path='<workspace>\\dataset\\ETT-small', seasonal_patterns='Monthly', seq_len=96, target='OT', task_name='long_term_forecast', top_k=3, track_emissions=1, train_epochs=5, use_amp=False, use_future_temporal_feature=0, use_gpu=True, use_multi_gpu=False, use_norm=1)
Use GPU: cuda:0
[codecarbon WARNING @ 14:55:41] Multiple instances of codecarbon are allowed to run at the same time.
>>>>>>>start training : long_term_forecast_CARBON_TimeMixerPP_ETTh2_96_96_none_TimeMixerPP_ETTh2_sl96_pl96_dm32_nh4_el2_dl1_df64_fc1_ebtimeF_dtTrue_Carbon_0>>>>>>>>>>>>>>>>>>>>>>>>>>
train 8449
val 2785
test 2785
	iters: 100, epoch: 1 | loss: 0.7224652
	speed: 0.2369s/iter; left time: 132.9007s
Epoch: 1 cost time: 30.423941135406494
Epoch: 1, Steps: 132 | Train Loss: 0.6600933 Vali Loss: 0.3511194 Test Loss: 0.4651387
Validation loss decreased (inf --> 0.351119).  Saving model ...
Updating learning rate to 5e-05
	iters: 100, epoch: 2 | loss: 0.8587674
	speed: 0.3226s/iter; left time: 138.4030s
Epoch: 2 cost time: 26.957558393478394
Epoch: 2, Steps: 132 | Train Loss: 0.6152454 Vali Loss: 0.3131876 Test Loss: 0.4109884
Validation loss decreased (0.351119 --> 0.313188).  Saving model ...
Updating learning rate to 2.5e-05
	iters: 100, epoch: 3 | loss: 0.4302231
	speed: 0.3213s/iter; left time: 95.4389s
Epoch: 3 cost time: 27.19987678527832
Epoch: 3, Steps: 132 | Train Loss: 0.5782550 Vali Loss: 0.3036967 Test Loss: 0.3968569
Validation loss decreased (0.313188 --> 0.303697).  Saving model ...
Updating learning rate to 1.25e-05
	iters: 100, epoch: 4 | loss: 0.9499136
	speed: 0.3244s/iter; left time: 53.5289s
Epoch: 4 cost time: 26.938462257385254
Epoch: 4, Steps: 132 | Train Loss: 0.5625827 Vali Loss: 0.2983919 Test Loss: 0.3895384
Validation loss decreased (0.303697 --> 0.298392).  Saving model ...
Updating learning rate to 6.25e-06
	iters: 100, epoch: 5 | loss: 0.5052035
	speed: 0.3244s/iter; left time: 10.7051s
Epoch: 5 cost time: 27.15454077720642
Epoch: 5, Steps: 132 | Train Loss: 0.5537224 Vali Loss: 0.2962037 Test Loss: 0.3860833
Validation loss decreased (0.298392 --> 0.296204).  Saving model ...
Updating learning rate to 3.125e-06
>>>>>>>testing : long_term_forecast_CARBON_TimeMixerPP_ETTh2_96_96_none_TimeMixerPP_ETTh2_sl96_pl96_dm32_nh4_el2_dl1_df64_fc1_ebtimeF_dtTrue_Carbon_0<<<<<<<<<<<<<<<<<<<<<<<<<<<<<<<<<
test 2785
mse:0.3860832750797272, mae:0.4093380570411682
emissions_kg:0.001097043533726117
