Args in experiment:
Namespace(activation='gelu', anomaly_ratio=0.25, batch_size=64, c_out=7, channel_independence=1, checkpoints='./checkpoints/', comment='none', d_ff=64, d_layers=1, d_model=32, data='ETTh2', data_path='ETTh2.csv', dec_in=7, decomp_method='moving_avg', des='Carbon', devices='0,1', distil=True, down_sampling_layers=3, down_sampling_method='avg', down_sampling_window=2, drop_last=True, dropout=0.1, e_layers=2, embed='timeF', emissions_file='emissions_timemixer.csv', emissions_output_dir='C:\\Users\\bbbal\\OneDrive\\Masaüstü\\timemixer\\TimeMixer', enc_in=7, factor=1, features='M', freq='h', gpu=0, inverse=False, is_training=1, itr=1, label_len=0, learning_rate=5e-05, loss='MSE', lradj='type1', mask_rate=0.125, model='TimeMixer', model_id='CARBON_TimeMixer_ETTh2_96_192', moving_avg=25, n_heads=4, num_kernels=6, num_workers=0, output_attention=False, p_hidden_dims=[128, 128], p_hidden_layers=2, patience=999, pct_start=0.2, pred_len=192, root_path='C:\\Users\\bbbal\\OneDrive\\Masaüstü\\timemixer\\dataset\\ETT-small', seasonal_patterns='Monthly', seq_len=96, target='OT', task_name='long_term_forecast', top_k=3, track_emissions=1, train_epochs=5, use_amp=False, use_future_temporal_feature=0, use_gpu=True, use_multi_gpu=False, use_norm=1)
Use GPU: cuda:0
[codecarbon WARNING @ 14:58:38] Multiple instances of codecarbon are allowed to run at the same time.
>>>>>>>start training : long_term_forecast_CARBON_TimeMixer_ETTh2_96_192_none_TimeMixer_ETTh2_sl96_pl192_dm32_nh4_el2_dl1_df64_fc1_ebtimeF_dtTrue_Carbon_0>>>>>>>>>>>>>>>>>>>>>>>>>>
train 8353
val 2689
test 2689
	iters: 100, epoch: 1 | loss: 1.0435061
	speed: 0.0849s/iter; left time: 46.7691s
Epoch: 1 cost time: 10.306775569915771
Epoch: 1, Steps: 130 | Train Loss: 1.2490806 Vali Loss: 0.5984369 Test Loss: 0.8411524
Validation loss decreased (inf --> 0.598437).  Saving model ...
Updating learning rate to 5e-05
	iters: 100, epoch: 2 | loss: 0.5815851
	speed: 0.0932s/iter; left time: 39.2556s
Epoch: 2 cost time: 8.235562086105347
Epoch: 2, Steps: 130 | Train Loss: 0.7971565 Vali Loss: 0.3207291 Test Loss: 0.4308505
Validation loss decreased (0.598437 --> 0.320729).  Saving model ...
Updating learning rate to 2.5e-05
	iters: 100, epoch: 3 | loss: 0.8500097
	speed: 0.0986s/iter; left time: 28.6988s
Epoch: 3 cost time: 8.431178569793701
Epoch: 3, Steps: 130 | Train Loss: 0.6426305 Vali Loss: 0.3122864 Test Loss: 0.4211540
Validation loss decreased (0.320729 --> 0.312286).  Saving model ...
Updating learning rate to 1.25e-05
	iters: 100, epoch: 4 | loss: 0.6356032
	speed: 0.0979s/iter; left time: 15.7614s
Epoch: 4 cost time: 8.370965480804443
Epoch: 4, Steps: 130 | Train Loss: 0.6284109 Vali Loss: 0.3095458 Test Loss: 0.4176126
Validation loss decreased (0.312286 --> 0.309546).  Saving model ...
Updating learning rate to 6.25e-06
	iters: 100, epoch: 5 | loss: 0.5418490
	speed: 0.1038s/iter; left time: 3.2174s
Epoch: 5 cost time: 9.247642517089844
Epoch: 5, Steps: 130 | Train Loss: 0.6222823 Vali Loss: 0.3082667 Test Loss: 0.4160163
Validation loss decreased (0.309546 --> 0.308267).  Saving model ...
Updating learning rate to 3.125e-06
>>>>>>>testing : long_term_forecast_CARBON_TimeMixer_ETTh2_96_192_none_TimeMixer_ETTh2_sl96_pl192_dm32_nh4_el2_dl1_df64_fc1_ebtimeF_dtTrue_Carbon_0<<<<<<<<<<<<<<<<<<<<<<<<<<<<<<<<<
test 2689
mse:0.4160160720348358, mae:0.4220159351825714
emissions_kg:0.0005705256665556705
