Args in experiment:
Namespace(activation='gelu', anomaly_ratio=0.25, batch_size=64, c_out=7, channel_independence=1, checkpoints='./checkpoints/', comment='none', d_ff=64, d_layers=1, d_model=32, data='ETTh2', data_path='ETTh2.csv', dec_in=7, decomp_method='moving_avg', des='Carbon', devices='0,1', distil=True, down_sampling_layers=3, down_sampling_method='avg', down_sampling_window=2, drop_last=True, dropout=0.1, e_layers=2, embed='timeF', emissions_file='emissions_timemixer.csv', emissions_output_dir='C:\\Users\\bbbal\\OneDrive\\Masaüstü\\timemixer\\TimeMixer', enc_in=7, factor=1, features='M', freq='h', gpu=0, inverse=False, is_training=1, itr=1, label_len=0, learning_rate=5e-05, loss='MSE', lradj='type1', mask_rate=0.125, model='TimeMixer', model_id='CARBON_TimeMixer_ETTh2_96_720', moving_avg=25, n_heads=4, num_kernels=6, num_workers=0, output_attention=False, p_hidden_dims=[128, 128], p_hidden_layers=2, patience=999, pct_start=0.2, pred_len=720, root_path='C:\\Users\\bbbal\\OneDrive\\Masaüstü\\timemixer\\dataset\\ETT-small', seasonal_patterns='Monthly', seq_len=96, target='OT', task_name='long_term_forecast', top_k=3, track_emissions=1, train_epochs=5, use_amp=False, use_future_temporal_feature=0, use_gpu=True, use_multi_gpu=False, use_norm=1)
Use GPU: cuda:0
[codecarbon WARNING @ 15:06:45] Multiple instances of codecarbon are allowed to run at the same time.
>>>>>>>start training : long_term_forecast_CARBON_TimeMixer_ETTh2_96_720_none_TimeMixer_ETTh2_sl96_pl720_dm32_nh4_el2_dl1_df64_fc1_ebtimeF_dtTrue_Carbon_0>>>>>>>>>>>>>>>>>>>>>>>>>>
train 7825
val 2161
test 2161
	iters: 100, epoch: 1 | loss: 0.8872378
	speed: 0.0883s/iter; left time: 45.1303s
Epoch: 1 cost time: 10.309823751449585
Epoch: 1, Steps: 122 | Train Loss: 1.0067126 Vali Loss: 0.6844351 Test Loss: 0.5005870
Validation loss decreased (inf --> 0.684435).  Saving model ...
Updating learning rate to 5e-05
	iters: 100, epoch: 2 | loss: 1.0646957
	speed: 0.0982s/iter; left time: 38.2023s
Epoch: 2 cost time: 8.358135461807251
Epoch: 2, Steps: 122 | Train Loss: 0.9469023 Vali Loss: 0.6473652 Test Loss: 0.4571995
Validation loss decreased (0.684435 --> 0.647365).  Saving model ...
Updating learning rate to 2.5e-05
	iters: 100, epoch: 3 | loss: 0.9136357
	speed: 0.0964s/iter; left time: 25.7346s
Epoch: 3 cost time: 8.12557053565979
Epoch: 3, Steps: 122 | Train Loss: 0.9264717 Vali Loss: 0.6471727 Test Loss: 0.4555529
Validation loss decreased (0.647365 --> 0.647173).  Saving model ...
Updating learning rate to 1.25e-05
	iters: 100, epoch: 4 | loss: 1.2296751
	speed: 0.0952s/iter; left time: 13.7983s
Epoch: 4 cost time: 8.089305877685547
Epoch: 4, Steps: 122 | Train Loss: 0.9200762 Vali Loss: 0.6477841 Test Loss: 0.4548721
EarlyStopping counter: 1 out of 999
Updating learning rate to 6.25e-06
	iters: 100, epoch: 5 | loss: 0.9282622
	speed: 0.0965s/iter; left time: 2.2189s
Epoch: 5 cost time: 8.344752550125122
Epoch: 5, Steps: 122 | Train Loss: 0.9182646 Vali Loss: 0.6490227 Test Loss: 0.4545360
EarlyStopping counter: 2 out of 999
Updating learning rate to 3.125e-06
>>>>>>>testing : long_term_forecast_CARBON_TimeMixer_ETTh2_96_720_none_TimeMixer_ETTh2_sl96_pl720_dm32_nh4_el2_dl1_df64_fc1_ebtimeF_dtTrue_Carbon_0<<<<<<<<<<<<<<<<<<<<<<<<<<<<<<<<<
test 2161
mse:0.4555526375770569, mae:0.46325939893722534
emissions_kg:0.0005789606322780927
