Args in experiment:
Namespace(activation='gelu', anomaly_ratio=0.25, batch_size=64, c_out=7, channel_independence=1, checkpoints='./checkpoints/', comment='none', d_ff=64, d_layers=1, d_model=32, data='ETTm2', data_path='ETTm2.csv', dec_in=7, decomp_method='moving_avg', des='Carbon', devices='0,1', distil=True, down_sampling_layers=3, down_sampling_method='avg', down_sampling_window=2, drop_last=True, dropout=0.1, e_layers=2, embed='timeF', emissions_file='emissions_timemixer.csv', emissions_output_dir='<workspace>\\TimeMixer', enc_in=7, factor=1, features='M', freq='h', gpu=0, inverse=False, is_training=1, itr=1, label_len=0, learning_rate=5e-05, loss='MSE', lradj='type1', mask_rate=0.125, model='TimeMixerPP', model_id='CARBON_TimeMixerPP_ETTm2_96_720', moving_avg=25, n_heads=4, num_kernels=6, num_workers=0, output_attention=False, p_hidden_dims=[128, 128], p_hidden_layers=2, patience=999, pct_start=0.2, pred_len=720, root_path='<workspace>\\dataset\\ETT-small', seasonal_patterns='Monthly', seq_len=96, target='OT', task_name='long_term_forecast', top_k=3, track_emissions=1, train_epochs=5, use_amp=False, use_future_temporal_feature=0, use_gpu=True, use_multi_gpu=False, use_norm=1)
Use GPU: cuda:0
[codecarbon WARNING @ 16:52:06] Multiple instances of codecarbon are allowed to run at the same time.
>>>>>>>start training : long_term_forecast_CARBON_TimeMixerPP_ETTm2_96_720_none_TimeMixerPP_ETTm2_sl96_pl720_dm32_nh4_el2_dl1_df64_fc1_ebtimeF_dtTrue_Carbon_0>>>>>>>>>>>>>>>>>>>>>>>>>>
train 33745
val 10801
test 10801
	iters: 100, epoch: 1 | loss: 0.6669993
	speed: 0.2245s/iter; left time: 569.3418s
	iters: 200, epoch: 1 | loss: 0.6655755
	speed: 0.1963s/iter; left time: 478.1942s
	iters: 300, epoch: 1 | loss: 0.5921276
	speed: 0.2064s/iter; left time: 482.0415s
	iters: 400, epoch: 1 | loss: 0.4210466
	speed: 0.2078s/iter; left time: 464.5552s
	iters: 500, epoch: 1 | loss: 0.4973166
	speed: 0.2141s/iter; left time: 457.3263s
Epoch: 1 cost time: 110.84668064117432
Epoch: 1, Steps: 527 | Train Loss: 0.6846306 Vali Loss: 0.3469975 Test Loss: 0.4943169
Validation loss decreased (inf --> 0.346998).  Saving model ...
Updating learning rate to 5e-05
	iters: 100, epoch: 2 | loss: 0.4284086
	speed: 0.4762s/iter; left time: 956.6359s
	iters: 200, epoch: 2 | loss: 1.1256437
	speed: 0.2028s/iter; left time: 387.1150s
	iters: 300, epoch: 2 | loss: 0.7814718
	speed: 0.2021s/iter; left time: 365.6373s
	iters: 400, epoch: 2 | loss: 0.6185392
	speed: 0.2014s/iter; left time: 344.2565s
	iters: 500, epoch: 2 | loss: 0.3784606
	speed: 0.2033s/iter; left time: 327.0937s
Epoch: 2 cost time: 106.3911657333374
Epoch: 2, Steps: 527 | Train Loss: 0.6402561 Vali Loss: 0.3121195 Test Loss: 0.4348630
Validation loss decreased (0.346998 --> 0.312119).  Saving model ...
Updating learning rate to 2.5e-05
	iters: 100, epoch: 3 | loss: 0.6697348
	speed: 0.4647s/iter; left time: 688.7524s
	iters: 200, epoch: 3 | loss: 0.4494368
	speed: 0.2006s/iter; left time: 277.2284s
	iters: 300, epoch: 3 | loss: 0.5143539
	speed: 0.2026s/iter; left time: 259.7217s
	iters: 400, epoch: 3 | loss: 0.3864446
	speed: 0.2042s/iter; left time: 241.3841s
	iters: 500, epoch: 3 | loss: 0.6176235
	speed: 0.2030s/iter; left time: 219.5921s
Epoch: 3 cost time: 106.59576630592346
Epoch: 3, Steps: 527 | Train Loss: 0.5864710 Vali Loss: 0.3119210 Test Loss: 0.4354921
Validation loss decreased (0.312119 --> 0.311921).  Saving model ...
Updating learning rate to 1.25e-05
	iters: 100, epoch: 4 | loss: 0.4558812
	speed: 0.4614s/iter; left time: 440.6007s
	iters: 200, epoch: 4 | loss: 0.6146680
	speed: 0.2006s/iter; left time: 171.5106s
	iters: 300, epoch: 4 | loss: 0.5955161
	speed: 0.2015s/iter; left time: 152.1324s
	iters: 400, epoch: 4 | loss: 0.4955935
	speed: 0.2044s/iter; left time: 133.8936s
	iters: 500, epoch: 4 | loss: 0.5619599
	speed: 0.2018s/iter; left time: 112.0216s
Epoch: 4 cost time: 106.48461890220642
Epoch: 4, Steps: 527 | Train Loss: 0.5495359 Vali Loss: 0.3119068 Test Loss: 0.4414255
Validation loss decreased (0.311921 --> 0.311907).  Saving model ...
Updating learning rate to 6.25e-06
	iters: 100, epoch: 5 | loss: 0.7681060
	speed: 0.4632s/iter; left time: 198.2581s
	iters: 200, epoch: 5 | loss: 0.3424444
	speed: 0.2007s/iter; left time: 65.8437s
	iters: 300, epoch: 5 | loss: 0.8404512
	speed: 0.2009s/iter; left time: 45.8154s
	iters: 400, epoch: 5 | loss: 0.4159555
	speed: 0.2041s/iter; left time: 26.1190s
	iters: 500, epoch: 5 | loss: 0.5091193
	speed: 0.2032s/iter; left time: 5.6905s
Epoch: 5 cost time: 106.52386403083801
Epoch: 5, Steps: 527 | Train Loss: 0.5365584 Vali Loss: 0.3109798 Test Loss: 0.4421275
Validation loss decreased (0.311907 --> 0.310980).  Saving model ...
Updating learning rate to 3.125e-06
>>>>>>>testing : long_term_forecast_CARBON_TimeMixerPP_ETTm2_96_720_none_TimeMixerPP_ETTm2_sl96_pl720_dm32_nh4_el2_dl1_df64_fc1_ebtimeF_dtTrue_Carbon_0<<<<<<<<<<<<<<<<<<<<<<<<<<<<<<<<<
test 10801
mse:0.44212764501571655, mae:0.42947807908058167
emissions_kg:0.005401150606439801
