Args in experiment:
Namespace(activation='gelu', anomaly_ratio=0.25, batch_size=64, c_out=7, channel_independence=1, checkpoints='./checkpoints/', comment='none', d_ff=64, d_layers=1, d_model=32, data='ETTm1', data_path='ETTm1.csv', dec_in=7, decomp_method='moving_avg', des='Carbon', devices='0,1', distil=True, down_sampling_layers=3, down_sampling_method='avg', down_sampling_window=2, drop_last=True, dropout=0.1, e_layers=2, embed='timeF', emissions_file='emissions_timemixer.csv', emissions_output_dir='<workspace>\\TimeMixer', enc_in=7, factor=1, features='M', freq='h', gpu=0, inverse=False, is_training=1, itr=1, label_len=0, learning_rate=5e-05, loss='MSE', lradj='type1', mask_rate=0.125, model='TimeMixer', model_id='CARBON_TimeMixer_ETTm1_96_720', moving_avg=25, n_heads=4, num_kernels=6, num_workers=0, output_attention=False, p_hidden_dims=[128, 128], p_hidden_layers=2, patience=999, pct_start=0.2, pred_len=720, root_path='<workspace>\\dataset\\ETT-small', seasonal_patterns='Monthly', seq_len=96, target='OT', task_name='long_term_forecast', top_k=3, track_emissions=1, train_epochs=5, use_amp=False, use_future_temporal_feature=0, use_gpu=True, use_multi_gpu=False, use_norm=1)
Use GPU: cuda:0
[codecarbon WARNING @ 15:52:44] Multiple instances of codecarbon are allowed to run at the same time.
>>>>>>>start training : long_term_forecast_CARBON_TimeMixer_ETTm1_96_720_none_TimeMixer_ETTm1_sl96_pl720_dm32_nh4_el2_dl1_df64_fc1_ebtimeF_dtTrue_Carbon_0>>>>>>>>>>>>>>>>>>>>>>>>>>
train 33745
val 10801
test 10801
	iters: 100, epoch: 1 | loss: 0.7117344
	speed: 0.0896s/iter; left time: 227.2128s
	iters: 200, epoch: 1 | loss: 0.7190214
	speed: 0.0696s/iter; left time: 169.6239s
	iters: 300, epoch: 1 | loss: 0.7353494
	speed: 0.0695s/iter; left time: 162.3050s
	iters: 400, epoch: 1 | loss: 0.7456462
	speed: 0.0689s/iter; left time: 154.1523s
	iters: 500, epoch: 1 | loss: 0.7324784
	speed: 0.0701s/iter; left time: 149.6555s
Epoch: 1 cost time: 38.71705150604248
Epoch: 1, Steps: 527 | Train Loss: 0.7430727 Vali Loss: 1.3988811 Test Loss: 0.8407818
Validation loss decreased (inf --> 1.398881).  Saving model ...
Updating learning rate to 5e-05
	iters: 100, epoch: 2 | loss: 0.6653325
	speed: 0.1659s/iter; left time: 333.3519s
	iters: 200, epoch: 2 | loss: 0.5888680
	speed: 0.0696s/iter; left time: 132.9539s
	iters: 300, epoch: 2 | loss: 0.6610868
	speed: 0.0692s/iter; left time: 125.1165s
	iters: 400, epoch: 2 | loss: 0.5439450
	speed: 0.0706s/iter; left time: 120.6273s
	iters: 500, epoch: 2 | loss: 0.5886894
	speed: 0.0691s/iter; left time: 111.1578s
Epoch: 2 cost time: 36.55882501602173
Epoch: 2, Steps: 527 | Train Loss: 0.5969967 Vali Loss: 1.0591019 Test Loss: 0.5555567
Validation loss decreased (1.398881 --> 1.059102).  Saving model ...
Updating learning rate to 2.5e-05
	iters: 100, epoch: 3 | loss: 0.4483757
	speed: 0.1651s/iter; left time: 244.7209s
	iters: 200, epoch: 3 | loss: 0.5313736
	speed: 0.0697s/iter; left time: 96.2952s
	iters: 300, epoch: 3 | loss: 0.4822354
	speed: 0.0706s/iter; left time: 90.4601s
	iters: 400, epoch: 3 | loss: 0.5042834
	speed: 0.0694s/iter; left time: 82.0052s
	iters: 500, epoch: 3 | loss: 0.5357448
	speed: 0.0693s/iter; left time: 74.9959s
Epoch: 3 cost time: 36.68293905258179
Epoch: 3, Steps: 527 | Train Loss: 0.5195480 Vali Loss: 1.0291922 Test Loss: 0.5219871
Validation loss decreased (1.059102 --> 1.029192).  Saving model ...
Updating learning rate to 1.25e-05
	iters: 100, epoch: 4 | loss: 0.4625342
	speed: 0.1667s/iter; left time: 159.2065s
	iters: 200, epoch: 4 | loss: 0.5136957
	speed: 0.0695s/iter; left time: 59.4599s
	iters: 300, epoch: 4 | loss: 0.5191844
	speed: 0.0696s/iter; left time: 52.5172s
	iters: 400, epoch: 4 | loss: 0.4353869
	speed: 0.0690s/iter; left time: 45.2220s
	iters: 500, epoch: 4 | loss: 0.5140683
	speed: 0.0699s/iter; left time: 38.8205s
Epoch: 4 cost time: 36.64826035499573
Epoch: 4, Steps: 527 | Train Loss: 0.5068301 Vali Loss: 1.0183621 Test Loss: 0.5085395
Validation loss decreased (1.029192 --> 1.018362).  Saving model ...
Updating learning rate to 6.25e-06
	iters: 100, epoch: 5 | loss: 0.4361362
	speed: 0.1690s/iter; left time: 72.3313s
	iters: 200, epoch: 5 | loss: 0.5417058
	speed: 0.0695s/iter; left time: 22.7905s
	iters: 300, epoch: 5 | loss: 0.4264758
	speed: 0.0696s/iter; left time: 15.8693s
	iters: 400, epoch: 5 | loss: 0.4639087
	speed: 0.0694s/iter; left time: 8.8843s
	iters: 500, epoch: 5 | loss: 0.5188352
	speed: 0.0692s/iter; left time: 1.9367s
Epoch: 5 cost time: 36.74270987510681
Epoch: 5, Steps: 527 | Train Loss: 0.5020336 Vali Loss: 1.0150955 Test Loss: 0.5040581
Validation loss decreased (1.018362 --> 1.015096).  Saving model ...
Updating learning rate to 3.125e-06
>>>>>>>testing : long_term_forecast_CARBON_TimeMixer_ETTm1_96_720_none_TimeMixer_ETTm1_sl96_pl720_dm32_nh4_el2_dl1_df64_fc1_ebtimeF_dtTrue_Carbon_0<<<<<<<<<<<<<<<<<<<<<<<<<<<<<<<<<
test 10801
mse:0.5040584802627563, mae:0.4628599286079407
emissions_kg:0.002636813124253368
