Args in experiment:
Namespace(activation='gelu', anomaly_ratio=0.25, batch_size=64, c_out=7, channel_independence=1, checkpoints='./checkpoints/', comment='none', d_ff=64, d_layers=1, d_model=32, data='ETTh2', data_path='ETTh2.csv', dec_in=7, decomp_method='moving_avg', des='Carbon', devices='0,1', distil=True, down_sampling_layers=3, down_sampling_method='avg', down_sampling_window=2, drop_last=True, dropout=0.1, e_layers=2, embed='timeF', emissions_file='emissions_timemixer.csv', emissions_output_dir='<workspace>\\TimeMixer', enc_in=7, factor=1, features='M', freq='h', gpu=0, inverse=False, is_training=1, itr=1, label_len=0, learning_rate=5e-05, loss='MSE', lradj='type1', mask_rate=0.125, model='TimeMixerPP', model_id='CARBON_TimeMixerPP_ETTh2_96_336', moving_avg=25, n_heads=4, num_kernels=6, num_workers=0, output_attention=False, p_hidden_dims=[128, 128], p_hidden_layers=2, patience=999, pct_start=0.2, pred_len=336, root_path='<workspace>\\dataset\\ETT-small', seasonal_patterns='Monthly', seq_len=96, target='OT', task_name='long_term_forecast', top_k=3, track_emissions=1, train_epochs=5, use_amp=False, use_future_temporal_feature=0, use_gpu=True, use_multi_gpu=False, use_norm=1)
Use GPU: cuda:0
[codecarbon WARNING @ 15:04:00] Multiple instances of codecarbon are allowed to run at the same time.
>>>>>>>start training : long_term_forecast_CARBON_TimeMixerPP_ETTh2_96_336_none_TimeMixerPP_ETTh2_sl96_pl336_dm32_nh4_el2_dl1_df64_fc1_ebtimeF_dtTrue_Carbon_0>>>>>>>>>>>>>>>>>>>>>>>>>>
train 8209
val 2545
test 2545
	iters: 100, epoch: 1 | loss: 1.0926735
	speed: 0.2218s/iter; left time: 119.9691s
Epoch: 1 cost time: 27.620797872543335
Epoch: 1, Steps: 128 | Train Loss: 0.8911993 Vali Loss: 0.4912055 Test Loss: 0.5744229
Validation loss decreased (inf --> 0.491205).  Saving model ...
Updating learning rate to 5e-05
	iters: 100, epoch: 2 | loss: 0.9131988
	speed: 0.2878s/iter; left time: 118.8741s
Epoch: 2 cost time: 24.52492356300354
Epoch: 2, Steps: 128 | Train Loss: 0.8367243 Vali Loss: 0.4459428 Test Loss: 0.5114728
Validation loss decreased (0.491205 --> 0.445943).  Saving model ...
Updating learning rate to 2.5e-05
	iters: 100, epoch: 3 | loss: 0.7070462
	speed: 0.2895s/iter; left time: 82.5197s
Epoch: 3 cost time: 24.752715826034546
Epoch: 3, Steps: 128 | Train Loss: 0.7931692 Vali Loss: 0.4369114 Test Loss: 0.4980792
Validation loss decreased (0.445943 --> 0.436911).  Saving model ...
Updating learning rate to 1.25e-05
	iters: 100, epoch: 4 | loss: 0.7977508
	speed: 0.2978s/iter; left time: 46.7468s
Epoch: 4 cost time: 26.61774253845215
Epoch: 4, Steps: 128 | Train Loss: 0.7805095 Vali Loss: 0.4329714 Test Loss: 0.4925590
Validation loss decreased (0.436911 --> 0.432971).  Saving model ...
Updating learning rate to 6.25e-06
	iters: 100, epoch: 5 | loss: 0.8010164
	speed: 0.3208s/iter; left time: 9.3027s
Epoch: 5 cost time: 25.039968729019165
Epoch: 5, Steps: 128 | Train Loss: 0.7750983 Vali Loss: 0.4318656 Test Loss: 0.4898578
Validation loss decreased (0.432971 --> 0.431866).  Saving model ...
Updating learning rate to 3.125e-06
>>>>>>>testing : long_term_forecast_CARBON_TimeMixerPP_ETTh2_96_336_none_TimeMixerPP_ETTh2_sl96_pl336_dm32_nh4_el2_dl1_df64_fc1_ebtimeF_dtTrue_Carbon_0<<<<<<<<<<<<<<<<<<<<<<<<<<<<<<<<<
test 2545
mse:0.4898577928543091, mae:0.474744975566864
emissions_kg:0.0010809206465931989
