Args in experiment:
Namespace(activation='gelu', anomaly_ratio=0.25, batch_size=64, c_out=7, channel_independence=1, checkpoints='./checkpoints/', comment='none', d_ff=64, d_layers=1, d_model=32, data='ETTm2', data_path='ETTm2.csv', dec_in=7, decomp_method='moving_avg', des='Carbon', devices='0,1', distil=True, down_sampling_layers=3, down_sampling_method='avg', down_sampling_window=2, drop_last=True, dropout=0.1, e_layers=2, embed='timeF', emissions_file='emissions_timemixer.csv', emissions_output_dir='<workspace>\\TimeMixer', enc_in=7, factor=1, features='M', freq='h', gpu=0, inverse=False, is_training=1, itr=1, label_len=0, learning_rate=5e-05, loss='MSE', lradj='type1', mask_rate=0.125, model='TimeMixer', model_id='CARBON_TimeMixer_ETTm2_96_720', moving_avg=25, n_heads=4, num_kernels=6, num_workers=0, output_attention=False, p_hidden_dims=[128, 128], p_hidden_layers=2, patience=999, pct_start=0.2, pred_len=720, root_path='<workspace>\\dataset\\ETT-small', seasonal_patterns='Monthly', seq_len=96, target='OT', task_name='long_term_forecast', top_k=3, track_emissions=1, train_epochs=5, use_amp=False, use_future_temporal_feature=0, use_gpu=True, use_multi_gpu=False, use_norm=1)
Use GPU: cuda:0
[codecarbon WARNING @ 16:48:15] Multiple instances of codecarbon are allowed to run at the same time.
>>>>>>>start training : long_term_forecast_CARBON_TimeMixer_ETTm2_96_720_none_TimeMixer_ETTm2_sl96_pl720_dm32_nh4_el2_dl1_df64_fc1_ebtimeF_dtTrue_Carbon_0>>>>>>>>>>>>>>>>>>>>>>>>>>
train 33745
val 10801
test 10801
	iters: 100, epoch: 1 | loss: 0.7850336
	speed: 0.0882s/iter; left time: 223.6397s
	iters: 200, epoch: 1 | loss: 0.4199650
	speed: 0.0640s/iter; left time: 155.9497s
	iters: 300, epoch: 1 | loss: 0.8473212
	speed: 0.0658s/iter; left time: 153.6669s
	iters: 400, epoch: 1 | loss: 0.7242697
	speed: 0.0653s/iter; left time: 146.0016s
	iters: 500, epoch: 1 | loss: 0.6540124
	speed: 0.0661s/iter; left time: 141.1131s
Epoch: 1 cost time: 36.729209899902344
Epoch: 1, Steps: 527 | Train Loss: 0.6740673 Vali Loss: 0.3191870 Test Loss: 0.4510191
Validation loss decreased (inf --> 0.319187).  Saving model ...
Updating learning rate to 5e-05
	iters: 100, epoch: 2 | loss: 0.5711077
	speed: 0.1585s/iter; left time: 318.4034s
	iters: 200, epoch: 2 | loss: 0.8636212
	speed: 0.0665s/iter; left time: 126.9444s
	iters: 300, epoch: 2 | loss: 0.6742175
	speed: 0.0648s/iter; left time: 117.2495s
	iters: 400, epoch: 2 | loss: 0.7482382
	speed: 0.0669s/iter; left time: 114.3113s
	iters: 500, epoch: 2 | loss: 0.4919214
	speed: 0.0671s/iter; left time: 107.9168s
Epoch: 2 cost time: 35.0506067276001
Epoch: 2, Steps: 527 | Train Loss: 0.6353954 Vali Loss: 0.3054282 Test Loss: 0.4258586
Validation loss decreased (0.319187 --> 0.305428).  Saving model ...
Updating learning rate to 2.5e-05
	iters: 100, epoch: 3 | loss: 0.7002503
	speed: 0.1588s/iter; left time: 235.2994s
	iters: 200, epoch: 3 | loss: 0.8847940
	speed: 0.0675s/iter; left time: 93.3406s
	iters: 300, epoch: 3 | loss: 0.5732822
	speed: 0.0668s/iter; left time: 85.6447s
	iters: 400, epoch: 3 | loss: 0.6227792
	speed: 0.0668s/iter; left time: 79.0069s
	iters: 500, epoch: 3 | loss: 0.4245380
	speed: 0.0670s/iter; left time: 72.5273s
Epoch: 3 cost time: 35.34751319885254
Epoch: 3, Steps: 527 | Train Loss: 0.6096617 Vali Loss: 0.3008465 Test Loss: 0.4177437
Validation loss decreased (0.305428 --> 0.300846).  Saving model ...
Updating learning rate to 1.25e-05
	iters: 100, epoch: 4 | loss: 0.6120734
	speed: 0.1597s/iter; left time: 152.5496s
	iters: 200, epoch: 4 | loss: 0.3793943
	speed: 0.0662s/iter; left time: 56.5914s
	iters: 300, epoch: 4 | loss: 0.7118462
	speed: 0.0673s/iter; left time: 50.8453s
	iters: 400, epoch: 4 | loss: 1.3419776
	speed: 0.0689s/iter; left time: 45.1587s
	iters: 500, epoch: 4 | loss: 0.5157139
	speed: 0.0671s/iter; left time: 37.2427s
Epoch: 4 cost time: 35.43718457221985
Epoch: 4, Steps: 527 | Train Loss: 0.6019599 Vali Loss: 0.2994800 Test Loss: 0.4152339
Validation loss decreased (0.300846 --> 0.299480).  Saving model ...
Updating learning rate to 6.25e-06
	iters: 100, epoch: 5 | loss: 0.6349018
	speed: 0.1605s/iter; left time: 68.7047s
	iters: 200, epoch: 5 | loss: 0.5340732
	speed: 0.0683s/iter; left time: 22.4066s
	iters: 300, epoch: 5 | loss: 0.3787404
	speed: 0.0677s/iter; left time: 15.4283s
	iters: 400, epoch: 5 | loss: 0.3487675
	speed: 0.0674s/iter; left time: 8.6282s
	iters: 500, epoch: 5 | loss: 1.0253240
	speed: 0.0678s/iter; left time: 1.8983s
Epoch: 5 cost time: 35.73068070411682
Epoch: 5, Steps: 527 | Train Loss: 0.5991430 Vali Loss: 0.2988523 Test Loss: 0.4142769
Validation loss decreased (0.299480 --> 0.298852).  Saving model ...
Updating learning rate to 3.125e-06
>>>>>>>testing : long_term_forecast_CARBON_TimeMixer_ETTm2_96_720_none_TimeMixer_ETTm2_sl96_pl720_dm32_nh4_el2_dl1_df64_fc1_ebtimeF_dtTrue_Carbon_0<<<<<<<<<<<<<<<<<<<<<<<<<<<<<<<<<
test 10801
mse:0.4142772853374481, mae:0.40688464045524597
emissions_kg:0.0024918426562931606
