Args in experiment:
Namespace(activation='gelu', anomaly_ratio=0.25, batch_size=64, c_out=7, channel_independence=1, checkpoints='./checkpoints/', comment='none', d_ff=64, d_layers=1, d_model=32, data='ETTm2', data_path='ETTm2.csv', dec_in=7, decomp_method='moving_avg', des='Carbon', devices='0,1', distil=True, down_sampling_layers=3, down_sampling_method='avg', down_sampling_window=2, drop_last=True, dropout=0.1, e_layers=2, embed='timeF', emissions_file='emissions_timemixer.csv', emissions_output_dir='C:\\Users\\bbbal\\OneDrive\\Masaüstü\\timemixer\\TimeMixer', enc_in=7, factor=1, features='M', freq='h', gpu=0, inverse=False, is_training=1, itr=1, label_len=0, learning_rate=5e-05, loss='MSE', lradj='type1', mask_rate=0.125, model='TimeMixer', model_id='CARBON_TimeMixer_ETTm2_96_192', moving_avg=25, n_heads=4, num_kernels=6, num_workers=0, output_attention=False, p_hidden_dims=[128, 128], p_hidden_layers=2, patience=999, pct_start=0.2, pred_len=192, root_path='C:\\Users\\bbbal\\OneDrive\\Masaüstü\\timemixer\\dataset\\ETT-small', seasonal_patterns='Monthly', seq_len=96, target='OT', task_name='long_term_forecast', top_k=3, track_emissions=1, train_epochs=5, use_amp=False, use_future_temporal_feature=0, use_gpu=True, use_multi_gpu=False, use_norm=1)
Use GPU: cuda:0
[codecarbon WARNING @ 16:20:47] Multiple instances of codecarbon are allowed to run at the same time.
>>>>>>>start training : long_term_forecast_CARBON_TimeMixer_ETTm2_96_192_none_TimeMixer_ETTm2_sl96_pl192_dm32_nh4_el2_dl1_df64_fc1_ebtimeF_dtTrue_Carbon_0>>>>>>>>>>>>>>>>>>>>>>>>>>
train 34273
val 11329
test 11329
	iters: 100, epoch: 1 | loss: 0.8516660
	speed: 0.0782s/iter; left time: 201.3406s
	iters: 200, epoch: 1 | loss: 0.6253629
	speed: 0.0559s/iter; left time: 138.4384s
	iters: 300, epoch: 1 | loss: 0.7457808
	speed: 0.0581s/iter; left time: 138.0755s
	iters: 400, epoch: 1 | loss: 0.5238866
	speed: 0.0571s/iter; left time: 129.9164s
	iters: 500, epoch: 1 | loss: 0.4222612
	speed: 0.0573s/iter; left time: 124.6321s
Epoch: 1 cost time: 32.6876540184021
Epoch: 1, Steps: 535 | Train Loss: 0.6816884 Vali Loss: 0.3315241 Test Loss: 0.4547359
Validation loss decreased (inf --> 0.331524).  Saving model ...
Updating learning rate to 5e-05
	iters: 100, epoch: 2 | loss: 0.3508829
	speed: 0.1282s/iter; left time: 261.6425s
	iters: 200, epoch: 2 | loss: 0.2337437
	speed: 0.0568s/iter; left time: 110.2092s
	iters: 300, epoch: 2 | loss: 0.4337835
	speed: 0.0566s/iter; left time: 104.1216s
	iters: 400, epoch: 2 | loss: 0.7063318
	speed: 0.0559s/iter; left time: 97.2432s
	iters: 500, epoch: 2 | loss: 0.4137934
	speed: 0.0575s/iter; left time: 94.4109s
Epoch: 2 cost time: 30.429415464401245
Epoch: 2, Steps: 535 | Train Loss: 0.3966196 Vali Loss: 0.1827269 Test Loss: 0.2596706
Validation loss decreased (0.331524 --> 0.182727).  Saving model ...
Updating learning rate to 2.5e-05
	iters: 100, epoch: 3 | loss: 0.3516168
	speed: 0.1317s/iter; left time: 198.3897s
	iters: 200, epoch: 3 | loss: 0.4433762
	speed: 0.0593s/iter; left time: 83.4388s
	iters: 300, epoch: 3 | loss: 0.3216627
	speed: 0.0573s/iter; left time: 74.7709s
	iters: 400, epoch: 3 | loss: 0.4970685
	speed: 0.0566s/iter; left time: 68.2886s
	iters: 500, epoch: 3 | loss: 0.4512461
	speed: 0.0576s/iter; left time: 63.6781s
Epoch: 3 cost time: 30.9760799407959
Epoch: 3, Steps: 535 | Train Loss: 0.3561722 Vali Loss: 0.1796533 Test Loss: 0.2555363
Validation loss decreased (0.182727 --> 0.179653).  Saving model ...
Updating learning rate to 1.25e-05
	iters: 100, epoch: 4 | loss: 0.2326650
	speed: 0.1297s/iter; left time: 125.9063s
	iters: 200, epoch: 4 | loss: 0.2337512
	speed: 0.0578s/iter; left time: 50.3260s
	iters: 300, epoch: 4 | loss: 0.4454449
	speed: 0.0571s/iter; left time: 44.0456s
	iters: 400, epoch: 4 | loss: 0.2171799
	speed: 0.0587s/iter; left time: 39.3678s
	iters: 500, epoch: 4 | loss: 0.3047386
	speed: 0.0572s/iter; left time: 32.6552s
Epoch: 4 cost time: 30.872626543045044
Epoch: 4, Steps: 535 | Train Loss: 0.3502068 Vali Loss: 0.1786124 Test Loss: 0.2541783
Validation loss decreased (0.179653 --> 0.178612).  Saving model ...
Updating learning rate to 6.25e-06
	iters: 100, epoch: 5 | loss: 0.3505009
	speed: 0.1318s/iter; left time: 57.4797s
	iters: 200, epoch: 5 | loss: 0.3263622
	speed: 0.0592s/iter; left time: 19.9029s
	iters: 300, epoch: 5 | loss: 0.4430096
	speed: 0.0586s/iter; left time: 13.8288s
	iters: 400, epoch: 5 | loss: 0.3883854
	speed: 0.0572s/iter; left time: 7.7760s
	iters: 500, epoch: 5 | loss: 0.3153310
	speed: 0.0588s/iter; left time: 2.1185s
Epoch: 5 cost time: 31.310142040252686
Epoch: 5, Steps: 535 | Train Loss: 0.3479288 Vali Loss: 0.1780903 Test Loss: 0.2535018
Validation loss decreased (0.178612 --> 0.178090).  Saving model ...
Updating learning rate to 3.125e-06
>>>>>>>testing : long_term_forecast_CARBON_TimeMixer_ETTm2_96_192_none_TimeMixer_ETTm2_sl96_pl192_dm32_nh4_el2_dl1_df64_fc1_ebtimeF_dtTrue_Carbon_0<<<<<<<<<<<<<<<<<<<<<<<<<<<<<<<<<
test 11329
mse:0.2535017430782318, mae:0.3129584491252899
emissions_kg:0.002005242373380115
