Args in experiment:
Namespace(activation='gelu', anomaly_ratio=0.25, batch_size=64, c_out=7, channel_independence=1, checkpoints='./checkpoints/', comment='none', d_ff=64, d_layers=1, d_model=32, data='ETTh2', data_path='ETTh2.csv', dec_in=7, decomp_method='moving_avg', des='Carbon', devices='0,1', distil=True, down_sampling_layers=3, down_sampling_method='avg', down_sampling_window=2, drop_last=True, dropout=0.1, e_layers=2, embed='timeF', emissions_file='emissions_timemixer.csv', emissions_output_dir='C:\\Users\\bbbal\\OneDrive\\Masaüstü\\timemixer\\TimeMixer', enc_in=7, factor=1, features='M', freq='h', gpu=0, inverse=False, is_training=1, itr=1, label_len=0, learning_rate=5e-05, loss='MSE', lradj='type1', mask_rate=0.125, model='TimeMixerPP', model_id='CARBON_TimeMixerPP_ETTh2_96_720', moving_avg=25, n_heads=4, num_kernels=6, num_workers=0, output_attention=False, p_hidden_dims=[128, 128], p_hidden_layers=2, patience=999, pct_start=0.2, pred_len=720, root_path='C:\\Users\\bbbal\\OneDrive\\Masaüstü\\timemixer\\dataset\\ETT-small', seasonal_patterns='Monthly', seq_len=96, target='OT', task_name='long_term_forecast', top_k=3, track_emissions=1, train_epochs=5, use_amp=False, use_future_temporal_feature=0, use_gpu=True, use_multi_gpu=False, use_norm=1)
Use GPU: cuda:0
[codecarbon WARNING @ 15:07:45] Multiple instances of codecarbon are allowed to run at the same time.
>>>>>>>start training : long_term_forecast_CARBON_TimeMixerPP_ETTh2_96_720_none_TimeMixerPP_ETTh2_sl96_pl720_dm32_nh4_el2_dl1_df64_fc1_ebtimeF_dtTrue_Carbon_0>>>>>>>>>>>>>>>>>>>>>>>>>>
train 7825
val 2161
test 2161
	iters: 100, epoch: 1 | loss: 0.8897798
	speed: 0.2261s/iter; left time: 115.5330s
Epoch: 1 cost time: 27.106907606124878
Epoch: 1, Steps: 122 | Train Loss: 1.0539303 Vali Loss: 0.7115288 Test Loss: 0.5288657
Validation loss decreased (inf --> 0.711529).  Saving model ...
Updating learning rate to 5e-05
	iters: 100, epoch: 2 | loss: 1.2024688
	speed: 0.2843s/iter; left time: 110.5949s
Epoch: 2 cost time: 24.409430265426636
Epoch: 2, Steps: 122 | Train Loss: 1.0082589 Vali Loss: 0.6785692 Test Loss: 0.4864854
Validation loss decreased (0.711529 --> 0.678569).  Saving model ...
Updating learning rate to 2.5e-05
	iters: 100, epoch: 3 | loss: 1.2723477
	speed: 0.2800s/iter; left time: 74.7559s
Epoch: 3 cost time: 24.03333568572998
Epoch: 3, Steps: 122 | Train Loss: 0.9714570 Vali Loss: 0.6725472 Test Loss: 0.4775973
Validation loss decreased (0.678569 --> 0.672547).  Saving model ...
Updating learning rate to 1.25e-05
	iters: 100, epoch: 4 | loss: 0.9558839
	speed: 0.2840s/iter; left time: 41.1845s
Epoch: 4 cost time: 24.230060338974
Epoch: 4, Steps: 122 | Train Loss: 0.9495960 Vali Loss: 0.6687212 Test Loss: 0.4741724
Validation loss decreased (0.672547 --> 0.668721).  Saving model ...
Updating learning rate to 6.25e-06
	iters: 100, epoch: 5 | loss: 0.8833099
	speed: 0.2747s/iter; left time: 6.3187s
Epoch: 5 cost time: 23.582574605941772
Epoch: 5, Steps: 122 | Train Loss: 0.9326151 Vali Loss: 0.6721577 Test Loss: 0.4731106
EarlyStopping counter: 1 out of 999
Updating learning rate to 3.125e-06
>>>>>>>testing : long_term_forecast_CARBON_TimeMixerPP_ETTh2_96_720_none_TimeMixerPP_ETTh2_sl96_pl720_dm32_nh4_el2_dl1_df64_fc1_ebtimeF_dtTrue_Carbon_0<<<<<<<<<<<<<<<<<<<<<<<<<<<<<<<<<
test 2161
mse:0.4741723835468292, mae:0.4773596227169037
emissions_kg:0.001026023772307376
