Args in experiment:
Namespace(activation='gelu', anomaly_ratio=0.25, batch_size=64, c_out=7, channel_independence=1, checkpoints='./checkpoints/', comment='none', d_ff=64, d_layers=1, d_model=32, data='ETTm2', data_path='ETTm2.csv', dec_in=7, decomp_method='moving_avg', des='Carbon', devices='0,1', distil=True, down_sampling_layers=3, down_sampling_method='avg', down_sampling_window=2, drop_last=True, dropout=0.1, e_layers=2, embed='timeF', emissions_file='emissions_timemixer.csv', emissions_output_dir='<workspace>\\TimeMixer', enc_in=7, factor=1, features='M', freq='h', gpu=0, inverse=False, is_training=1, itr=1, label_len=0, learning_rate=5e-05, loss='MSE', lradj='type1', mask_rate=0.125, model='TimeMixer', model_id='CARBON_TimeMixer_ETTm2_96_336', moving_avg=25, n_heads=4, num_kernels=6, num_workers=0, output_attention=False, p_hidden_dims=[128, 128], p_hidden_layers=2, patience=999, pct_start=0.2, pred_len=336, root_path='<workspace>\\dataset\\ETT-small', seasonal_patterns='Monthly', seq_len=96, target='OT', task_name='long_term_forecast', top_k=3, track_emissions=1, train_epochs=5, use_amp=False, use_future_temporal_feature=0, use_gpu=True, use_multi_gpu=False, use_norm=1)
Use GPU: cuda:0
[codecarbon WARNING @ 16:34:27] Multiple instances of codecarbon are allowed to run at the same time.
>>>>>>>start training : long_term_forecast_CARBON_TimeMixer_ETTm2_96_336_none_TimeMixer_ETTm2_sl96_pl336_dm32_nh4_el2_dl1_df64_fc1_ebtimeF_dtTrue_Carbon_0>>>>>>>>>>>>>>>>>>>>>>>>>>
train 34129
val 11185
test 11185
	iters: 100, epoch: 1 | loss: 0.4661494
	speed: 0.0807s/iter; left time: 207.0707s
	iters: 200, epoch: 1 | loss: 0.6333454
	speed: 0.0574s/iter; left time: 141.6158s
	iters: 300, epoch: 1 | loss: 0.3429096
	speed: 0.0585s/iter; left time: 138.4044s
	iters: 400, epoch: 1 | loss: 0.3825057
	speed: 0.0585s/iter; left time: 132.6109s
	iters: 500, epoch: 1 | loss: 0.3493181
	speed: 0.0598s/iter; left time: 129.5285s
Epoch: 1 cost time: 33.526551485061646
Epoch: 1, Steps: 533 | Train Loss: 0.6230040 Vali Loss: 0.2913147 Test Loss: 0.4201638
Validation loss decreased (inf --> 0.291315).  Saving model ...
Updating learning rate to 5e-05
	iters: 100, epoch: 2 | loss: 0.4834049
	speed: 0.1355s/iter; left time: 275.4760s
	iters: 200, epoch: 2 | loss: 0.6681680
	speed: 0.0602s/iter; left time: 116.4626s
	iters: 300, epoch: 2 | loss: 0.3950715
	speed: 0.0592s/iter; left time: 108.4256s
	iters: 400, epoch: 2 | loss: 0.4110485
	speed: 0.0605s/iter; left time: 104.8834s
	iters: 500, epoch: 2 | loss: 0.3269215
	speed: 0.0597s/iter; left time: 97.4577s
Epoch: 2 cost time: 31.719444513320923
Epoch: 2, Steps: 533 | Train Loss: 0.5028443 Vali Loss: 0.2370157 Test Loss: 0.3267711
Validation loss decreased (0.291315 --> 0.237016).  Saving model ...
Updating learning rate to 2.5e-05
	iters: 100, epoch: 3 | loss: 0.4939803
	speed: 0.1402s/iter; left time: 210.2463s
	iters: 200, epoch: 3 | loss: 0.7379215
	speed: 0.0604s/iter; left time: 84.4985s
	iters: 300, epoch: 3 | loss: 0.4627240
	speed: 0.0606s/iter; left time: 78.8206s
	iters: 400, epoch: 3 | loss: 0.4225850
	speed: 0.0624s/iter; left time: 74.8803s
	iters: 500, epoch: 3 | loss: 0.3868290
	speed: 0.0617s/iter; left time: 67.8842s
Epoch: 3 cost time: 32.741534948349
Epoch: 3, Steps: 533 | Train Loss: 0.4592212 Vali Loss: 0.2313948 Test Loss: 0.3198345
Validation loss decreased (0.237016 --> 0.231395).  Saving model ...
Updating learning rate to 1.25e-05
	iters: 100, epoch: 4 | loss: 0.7407117
	speed: 0.1414s/iter; left time: 136.7527s
	iters: 200, epoch: 4 | loss: 0.4146990
	speed: 0.0628s/iter; left time: 54.4242s
	iters: 300, epoch: 4 | loss: 0.6094983
	speed: 0.0609s/iter; left time: 46.6780s
	iters: 400, epoch: 4 | loss: 0.5340967
	speed: 0.0607s/iter; left time: 40.4655s
	iters: 500, epoch: 4 | loss: 0.6553215
	speed: 0.0604s/iter; left time: 34.2401s
Epoch: 4 cost time: 32.79343795776367
Epoch: 4, Steps: 533 | Train Loss: 0.4530048 Vali Loss: 0.2281267 Test Loss: 0.3163974
Validation loss decreased (0.231395 --> 0.228127).  Saving model ...
Updating learning rate to 6.25e-06
	iters: 100, epoch: 5 | loss: 0.4027608
	speed: 0.1402s/iter; left time: 60.8544s
	iters: 200, epoch: 5 | loss: 0.5516611
	speed: 0.0600s/iter; left time: 20.0565s
	iters: 300, epoch: 5 | loss: 0.4315981
	speed: 0.0613s/iter; left time: 14.3412s
	iters: 400, epoch: 5 | loss: 0.4941933
	speed: 0.0608s/iter; left time: 8.1517s
	iters: 500, epoch: 5 | loss: 0.3495373
	speed: 0.0601s/iter; left time: 2.0426s
Epoch: 5 cost time: 32.329474449157715
Epoch: 5, Steps: 533 | Train Loss: 0.4506637 Vali Loss: 0.2276186 Test Loss: 0.3155167
Validation loss decreased (0.228127 --> 0.227619).  Saving model ...
Updating learning rate to 3.125e-06
>>>>>>>testing : long_term_forecast_CARBON_TimeMixer_ETTm2_96_336_none_TimeMixer_ETTm2_sl96_pl336_dm32_nh4_el2_dl1_df64_fc1_ebtimeF_dtTrue_Carbon_0<<<<<<<<<<<<<<<<<<<<<<<<<<<<<<<<<
test 11185
mse:0.3155166506767273, mae:0.35334908962249756
emissions_kg:0.0021541403637958855
