Args in experiment:
Namespace(activation='gelu', anomaly_ratio=0.25, batch_size=64, c_out=7, channel_independence=1, checkpoints='./checkpoints/', comment='none', d_ff=64, d_layers=1, d_model=32, data='ETTm2', data_path='ETTm2.csv', dec_in=7, decomp_method='moving_avg', des='Carbon', devices='0,1', distil=True, down_sampling_layers=3, down_sampling_method='avg', down_sampling_window=2, drop_last=True, dropout=0.1, e_layers=2, embed='timeF', emissions_file='emissions_timemixer.csv', emissions_output_dir='<workspace>\\TimeMixer', enc_in=7, factor=1, features='M', freq='h', gpu=0, inverse=False, is_training=1, itr=1, label_len=0, learning_rate=5e-05, loss='MSE', lradj='type1', mask_rate=0.125, model='TimeMixerPP', model_id='CARBON_TimeMixerPP_ETTm2_96_336', moving_avg=25, n_heads=4, num_kernels=6, num_workers=0, output_attention=False, p_hidden_dims=[128, 128], p_hidden_layers=2, patience=999, pct_start=0.2, pred_len=336, root_path='<workspace>\\dataset\\ETT-small', seasonal_patterns='Monthly', seq_len=96, target='OT', task_name='long_term_forecast', top_k=3, track_emissions=1, train_epochs=5, use_amp=False, use_future_temporal_feature=0, use_gpu=True, use_multi_gpu=False, use_norm=1)
Use GPU: cuda:0
[codecarbon WARNING @ 16:37:54] Multiple instances of codecarbon are allowed to run at the same time.
>>>>>>>start training : long_term_forecast_CARBON_TimeMixerPP_ETTm2_96_336_none_TimeMixerPP_ETTm2_sl96_pl336_dm32_nh4_el2_dl1_df64_fc1_ebtimeF_dtTrue_Carbon_0>>>>>>>>>>>>>>>>>>>>>>>>>>
train 34129
val 11185
test 11185
	iters: 100, epoch: 1 | loss: 0.6048888
	speed: 0.2202s/iter; left time: 565.1278s
	iters: 200, epoch: 1 | loss: 0.6908297
	speed: 0.1943s/iter; left time: 479.2030s
	iters: 300, epoch: 1 | loss: 0.3709478
	speed: 0.1912s/iter; left time: 452.2720s
	iters: 400, epoch: 1 | loss: 0.7385195
	speed: 0.1887s/iter; left time: 427.5083s
	iters: 500, epoch: 1 | loss: 0.6705958
	speed: 0.1893s/iter; left time: 410.0062s
Epoch: 1 cost time: 104.56854963302612
Epoch: 1, Steps: 533 | Train Loss: 0.5843080 Vali Loss: 0.2995868 Test Loss: 0.4258559
Validation loss decreased (inf --> 0.299587).  Saving model ...
Updating learning rate to 5e-05
	iters: 100, epoch: 2 | loss: 0.6353908
	speed: 0.4420s/iter; left time: 898.6382s
	iters: 200, epoch: 2 | loss: 0.2874494
	speed: 0.1873s/iter; left time: 361.9886s
	iters: 300, epoch: 2 | loss: 0.4347392
	speed: 0.1883s/iter; left time: 345.1028s
	iters: 400, epoch: 2 | loss: 0.4827839
	speed: 0.1881s/iter; left time: 325.9879s
	iters: 500, epoch: 2 | loss: 0.6379849
	speed: 0.1888s/iter; left time: 308.2289s
Epoch: 2 cost time: 100.13449048995972
Epoch: 2, Steps: 533 | Train Loss: 0.5185210 Vali Loss: 0.2459157 Test Loss: 0.3454434
Validation loss decreased (0.299587 --> 0.245916).  Saving model ...
Updating learning rate to 2.5e-05
	iters: 100, epoch: 3 | loss: 0.3267059
	speed: 0.4395s/iter; left time: 659.2467s
	iters: 200, epoch: 3 | loss: 0.5424312
	speed: 0.1866s/iter; left time: 261.2779s
	iters: 300, epoch: 3 | loss: 0.4596889
	speed: 0.1882s/iter; left time: 244.7148s
	iters: 400, epoch: 3 | loss: 1.0827261
	speed: 0.1914s/iter; left time: 229.7332s
	iters: 500, epoch: 3 | loss: 0.3064981
	speed: 0.1860s/iter; left time: 204.6123s
Epoch: 3 cost time: 100.02009677886963
Epoch: 3, Steps: 533 | Train Loss: 0.4650579 Vali Loss: 0.2430014 Test Loss: 0.3413788
Validation loss decreased (0.245916 --> 0.243001).  Saving model ...
Updating learning rate to 1.25e-05
	iters: 100, epoch: 4 | loss: 0.3911490
	speed: 0.4364s/iter; left time: 422.0001s
	iters: 200, epoch: 4 | loss: 0.4662052
	speed: 0.1875s/iter; left time: 162.5448s
	iters: 300, epoch: 4 | loss: 0.4764680
	speed: 0.1875s/iter; left time: 143.8433s
	iters: 400, epoch: 4 | loss: 0.3577887
	speed: 0.1878s/iter; left time: 125.2821s
	iters: 500, epoch: 4 | loss: 0.3910788
	speed: 0.1884s/iter; left time: 106.8143s
Epoch: 4 cost time: 100.13517260551453
Epoch: 4, Steps: 533 | Train Loss: 0.4441564 Vali Loss: 0.2423935 Test Loss: 0.3419360
Validation loss decreased (0.243001 --> 0.242394).  Saving model ...
Updating learning rate to 6.25e-06
	iters: 100, epoch: 5 | loss: 0.6234559
	speed: 0.4426s/iter; left time: 192.0763s
	iters: 200, epoch: 5 | loss: 0.5194727
	speed: 0.1892s/iter; left time: 63.1777s
	iters: 300, epoch: 5 | loss: 0.4234561
	speed: 0.1905s/iter; left time: 44.5709s
	iters: 400, epoch: 5 | loss: 0.4630606
	speed: 0.1865s/iter; left time: 24.9868s
	iters: 500, epoch: 5 | loss: 0.2670562
	speed: 0.1873s/iter; left time: 6.3680s
Epoch: 5 cost time: 100.44244241714478
Epoch: 5, Steps: 533 | Train Loss: 0.4311036 Vali Loss: 0.2429711 Test Loss: 0.3436345
EarlyStopping counter: 1 out of 999
Updating learning rate to 3.125e-06
>>>>>>>testing : long_term_forecast_CARBON_TimeMixerPP_ETTm2_96_336_none_TimeMixerPP_ETTm2_sl96_pl336_dm32_nh4_el2_dl1_df64_fc1_ebtimeF_dtTrue_Carbon_0<<<<<<<<<<<<<<<<<<<<<<<<<<<<<<<<<
test 11185
mse:0.34193599224090576, mae:0.3733619451522827
emissions_kg:0.004067280765972128
