Args in experiment:
Namespace(activation='gelu', anomaly_ratio=0.25, batch_size=64, c_out=7, channel_independence=1, checkpoints='./checkpoints/', comment='none', d_ff=64, d_layers=1, d_model=32, data='ETTh1', data_path='ETTh1.csv', dec_in=7, decomp_method='moving_avg', des='Carbon', devices='0,1', distil=True, down_sampling_layers=3, down_sampling_method='avg', down_sampling_window=2, drop_last=True, dropout=0.1, e_layers=2, embed='timeF', emissions_file='emissions_timemixer.csv', emissions_output_dir='C:\\Users\\bbbal\\OneDrive\\Masaüstü\\timemixer\\TimeMixer', enc_in=7, factor=1, features='M', freq='h', gpu=0, inverse=False, is_training=1, itr=1, label_len=0, learning_rate=5e-05, loss='MSE', lradj='type1', mask_rate=0.125, model='TimeMixer', model_id='CARBON_TimeMixer_ETTh1_96_720', moving_avg=25, n_heads=4, num_kernels=6, num_workers=0, output_attention=False, p_hidden_dims=[128, 128], p_hidden_layers=2, patience=999, pct_start=0.2, pred_len=720, root_path='C:\\Users\\bbbal\\OneDrive\\Masaüstü\\timemixer\\dataset\\ETT-small', seasonal_patterns='Monthly', seq_len=96, target='OT', task_name='long_term_forecast', top_k=3, track_emissions=1, train_epochs=5, use_amp=False, use_future_temporal_feature=0, use_gpu=True, use_multi_gpu=False, use_norm=1)
Use GPU: cuda:0
[codecarbon WARNING @ 14:50:53] Multiple instances of codecarbon are allowed to run at the same time.
>>>>>>>start training : long_term_forecast_CARBON_TimeMixer_ETTh1_96_720_none_TimeMixer_ETTh1_sl96_pl720_dm32_nh4_el2_dl1_df64_fc1_ebtimeF_dtTrue_Carbon_0>>>>>>>>>>>>>>>>>>>>>>>>>>
train 7825
val 2161
test 2161
	iters: 100, epoch: 1 | loss: 0.9435712
	speed: 0.0940s/iter; left time: 48.0362s
Epoch: 1 cost time: 11.042025566101074
Epoch: 1, Steps: 122 | Train Loss: 0.9714812 Vali Loss: 2.2048412 Test Loss: 1.0223093
Validation loss decreased (inf --> 2.204841).  Saving model ...
Updating learning rate to 5e-05
	iters: 100, epoch: 2 | loss: 0.8227331
	speed: 0.1000s/iter; left time: 38.8842s
Epoch: 2 cost time: 8.500106811523438
Epoch: 2, Steps: 122 | Train Loss: 0.8411227 Vali Loss: 1.9296950 Test Loss: 0.7544753
Validation loss decreased (2.204841 --> 1.929695).  Saving model ...
Updating learning rate to 2.5e-05
	iters: 100, epoch: 3 | loss: 0.7578228
	speed: 0.0993s/iter; left time: 26.5004s
Epoch: 3 cost time: 8.33252763748169
Epoch: 3, Steps: 122 | Train Loss: 0.7921582 Vali Loss: 1.9061215 Test Loss: 0.7280343
Validation loss decreased (1.929695 --> 1.906121).  Saving model ...
Updating learning rate to 1.25e-05
	iters: 100, epoch: 4 | loss: 0.8028375
	speed: 0.0992s/iter; left time: 14.3904s
Epoch: 4 cost time: 8.497131824493408
Epoch: 4, Steps: 122 | Train Loss: 0.7773772 Vali Loss: 1.8876299 Test Loss: 0.7111449
Validation loss decreased (1.906121 --> 1.887630).  Saving model ...
Updating learning rate to 6.25e-06
	iters: 100, epoch: 5 | loss: 0.7580966
	speed: 0.1045s/iter; left time: 2.4037s
Epoch: 5 cost time: 8.959931373596191
Epoch: 5, Steps: 122 | Train Loss: 0.7691066 Vali Loss: 1.8670950 Test Loss: 0.7014004
Validation loss decreased (1.887630 --> 1.867095).  Saving model ...
Updating learning rate to 3.125e-06
>>>>>>>testing : long_term_forecast_CARBON_TimeMixer_ETTh1_96_720_none_TimeMixer_ETTh1_sl96_pl720_dm32_nh4_el2_dl1_df64_fc1_ebtimeF_dtTrue_Carbon_0<<<<<<<<<<<<<<<<<<<<<<<<<<<<<<<<<
test 2161
mse:0.7014010548591614, mae:0.5957319140434265
emissions_kg:0.0006115035037877081
