Args in experiment:
Namespace(activation='gelu', anomaly_ratio=0.25, batch_size=64, c_out=7, channel_independence=1, checkpoints='./checkpoints/', comment='none', d_ff=64, d_layers=1, d_model=32, data='ETTh1', data_path='ETTh1.csv', dec_in=7, decomp_method='moving_avg', des='Carbon', devices='0,1', distil=True, down_sampling_layers=3, down_sampling_method='avg', down_sampling_window=2, drop_last=True, dropout=0.1, e_layers=2, embed='timeF', emissions_file='emissions_timemixer.csv', emissions_output_dir='C:\\Users\\bbbal\\OneDrive\\Masaüstü\\timemixer\\TimeMixer', enc_in=7, factor=1, features='M', freq='h', gpu=0, inverse=False, is_training=1, itr=1, label_len=0, learning_rate=5e-05, loss='MSE', lradj='type1', mask_rate=0.125, model='TimeMixer', model_id='CARBON_TimeMixer_ETTh1_96_192', moving_avg=25, n_heads=4, num_kernels=6, num_workers=0, output_attention=False, p_hidden_dims=[128, 128], p_hidden_layers=2, patience=999, pct_start=0.2, pred_len=192, root_path='C:\\Users\\bbbal\\OneDrive\\Masaüstü\\timemixer\\dataset\\ETT-small', seasonal_patterns='Monthly', seq_len=96, target='OT', task_name='long_term_forecast', top_k=3, track_emissions=1, train_epochs=5, use_amp=False, use_future_temporal_feature=0, use_gpu=True, use_multi_gpu=False, use_norm=1)
Use GPU: cuda:0
[codecarbon WARNING @ 14:41:49] Multiple instances of codecarbon are allowed to run at the same time.
>>>>>>>start training : long_term_forecast_CARBON_TimeMixer_ETTh1_96_192_none_TimeMixer_ETTh1_sl96_pl192_dm32_nh4_el2_dl1_df64_fc1_ebtimeF_dtTrue_Carbon_0>>>>>>>>>>>>>>>>>>>>>>>>>>
train 8353
val 2689
test 2689
	iters: 100, epoch: 1 | loss: 1.5562377
	speed: 0.1175s/iter; left time: 64.7470s
Epoch: 1 cost time: 14.105460166931152
Epoch: 1, Steps: 130 | Train Loss: 1.6447020 Vali Loss: 3.0741008 Test Loss: 2.1440716
Validation loss decreased (inf --> 3.074101).  Saving model ...
Updating learning rate to 5e-05
	iters: 100, epoch: 2 | loss: 0.6645967
	speed: 0.1143s/iter; left time: 48.1366s
Epoch: 2 cost time: 9.511591672897339
Epoch: 2, Steps: 130 | Train Loss: 0.9005925 Vali Loss: 1.3450934 Test Loss: 0.6781471
Validation loss decreased (3.074101 --> 1.345093).  Saving model ...
Updating learning rate to 2.5e-05
	iters: 100, epoch: 3 | loss: 0.6124922
	speed: 0.1020s/iter; left time: 29.6703s
Epoch: 3 cost time: 8.790379762649536
Epoch: 3, Steps: 130 | Train Loss: 0.6118356 Vali Loss: 1.2574812 Test Loss: 0.6167999
Validation loss decreased (1.345093 --> 1.257481).  Saving model ...
Updating learning rate to 1.25e-05
	iters: 100, epoch: 4 | loss: 0.5365808
	speed: 0.1025s/iter; left time: 16.5103s
Epoch: 4 cost time: 8.775270938873291
Epoch: 4, Steps: 130 | Train Loss: 0.5778488 Vali Loss: 1.2214584 Test Loss: 0.5935339
Validation loss decreased (1.257481 --> 1.221458).  Saving model ...
Updating learning rate to 6.25e-06
	iters: 100, epoch: 5 | loss: 0.5477507
	speed: 0.1042s/iter; left time: 3.2293s
Epoch: 5 cost time: 9.015974044799805
Epoch: 5, Steps: 130 | Train Loss: 0.5632291 Vali Loss: 1.2070259 Test Loss: 0.5832591
Validation loss decreased (1.221458 --> 1.207026).  Saving model ...
Updating learning rate to 3.125e-06
>>>>>>>testing : long_term_forecast_CARBON_TimeMixer_ETTh1_96_192_none_TimeMixer_ETTh1_sl96_pl192_dm32_nh4_el2_dl1_df64_fc1_ebtimeF_dtTrue_Carbon_0<<<<<<<<<<<<<<<<<<<<<<<<<<<<<<<<<
test 2689
mse:0.583259105682373, mae:0.5131931900978088
emissions_kg:0.000635407082468794
