Args in experiment:
Namespace(activation='gelu', anomaly_ratio=0.25, batch_size=64, c_out=21, channel_independence=1, checkpoints='./checkpoints/', comment='none', d_ff=64, d_layers=1, d_model=32, data='custom', data_path='weather.csv', dec_in=21, decomp_method='moving_avg', des='Carbon', devices='0,1', distil=True, down_sampling_layers=3, down_sampling_method='avg', down_sampling_window=2, drop_last=True, dropout=0.1, e_layers=2, embed='timeF', emissions_file='emissions_timemixer.csv', emissions_output_dir='C:\\Users\\bbbal\\OneDrive\\Masaüstü\\timemixer\\TimeMixer', enc_in=21, factor=3, features='M', freq='h', gpu=0, inverse=False, is_training=1, itr=1, label_len=0, learning_rate=5e-05, loss='MSE', lradj='type1', mask_rate=0.125, model='TimeMixerPP', model_id='CARBON_TimeMixerPP_Weather_96_192', moving_avg=25, n_heads=4, num_kernels=6, num_workers=0, output_attention=False, p_hidden_dims=[128, 128], p_hidden_layers=2, patience=999, pct_start=0.2, pred_len=192, root_path='C:\\Users\\bbbal\\OneDrive\\Masaüstü\\timemixer\\dataset\\weather', seasonal_patterns='Monthly', seq_len=96, target='OT', task_name='long_term_forecast', top_k=3, track_emissions=1, train_epochs=5, use_amp=False, use_future_temporal_feature=0, use_gpu=True, use_multi_gpu=False, use_norm=1)
Use GPU: cuda:0
[codecarbon WARNING @ 17:26:28] Multiple instances of codecarbon are allowed to run at the same time.
>>>>>>>start training : long_term_forecast_CARBON_TimeMixerPP_Weather_96_192_none_TimeMixerPP_custom_sl96_pl192_dm32_nh4_el2_dl1_df64_fc3_ebtimeF_dtTrue_Carbon_0>>>>>>>>>>>>>>>>>>>>>>>>>>
train 36600
val 5079
test 10348
	iters: 100, epoch: 1 | loss: 0.8921456
	speed: 0.2357s/iter; left time: 649.5772s
	iters: 200, epoch: 1 | loss: 0.8928832
	speed: 0.2144s/iter; left time: 569.5279s
	iters: 300, epoch: 1 | loss: 1.3711772
	speed: 0.2097s/iter; left time: 535.9284s
	iters: 400, epoch: 1 | loss: 1.0218108
	speed: 0.2085s/iter; left time: 512.0269s
	iters: 500, epoch: 1 | loss: 0.8808964
	speed: 0.2078s/iter; left time: 489.5259s
Epoch: 1 cost time: 122.39311242103577
Epoch: 1, Steps: 571 | Train Loss: 0.9928159 Vali Loss: 0.8887454 Test Loss: 0.3352709
Validation loss decreased (inf --> 0.888745).  Saving model ...
Updating learning rate to 5e-05
	iters: 100, epoch: 2 | loss: 0.8401650
	speed: 0.4954s/iter; left time: 1082.5265s
	iters: 200, epoch: 2 | loss: 0.6868864
	speed: 0.2030s/iter; left time: 423.1800s
	iters: 300, epoch: 2 | loss: 0.7659562
	speed: 0.2039s/iter; left time: 404.7836s
	iters: 400, epoch: 2 | loss: 0.6534373
	speed: 0.2029s/iter; left time: 382.4769s
	iters: 500, epoch: 2 | loss: 0.7887254
	speed: 0.2032s/iter; left time: 362.7834s
Epoch: 2 cost time: 116.20229005813599
Epoch: 2, Steps: 571 | Train Loss: 0.7679054 Vali Loss: 0.5695784 Test Loss: 0.2521913
Validation loss decreased (0.888745 --> 0.569578).  Saving model ...
Updating learning rate to 2.5e-05
	iters: 100, epoch: 3 | loss: 0.4710149
	speed: 0.4912s/iter; left time: 792.7884s
	iters: 200, epoch: 3 | loss: 0.6002575
	speed: 0.2012s/iter; left time: 304.5541s
	iters: 300, epoch: 3 | loss: 0.3697427
	speed: 0.2038s/iter; left time: 288.2272s
	iters: 400, epoch: 3 | loss: 0.6493050
	speed: 0.2017s/iter; left time: 265.0299s
	iters: 500, epoch: 3 | loss: 0.5280244
	speed: 0.2010s/iter; left time: 244.0001s
Epoch: 3 cost time: 115.18174743652344
Epoch: 3, Steps: 571 | Train Loss: 0.5646273 Vali Loss: 0.5388854 Test Loss: 0.2471649
Validation loss decreased (0.569578 --> 0.538885).  Saving model ...
Updating learning rate to 1.25e-05
	iters: 100, epoch: 4 | loss: 0.5149860
	speed: 0.4892s/iter; left time: 510.1863s
	iters: 200, epoch: 4 | loss: 0.5812349
	speed: 0.2001s/iter; left time: 188.7068s
	iters: 300, epoch: 4 | loss: 0.9628531
	speed: 0.2043s/iter; left time: 172.2541s
	iters: 400, epoch: 4 | loss: 0.4655737
	speed: 0.2030s/iter; left time: 150.7931s
	iters: 500, epoch: 4 | loss: 0.4490827
	speed: 0.2030s/iter; left time: 130.5199s
Epoch: 4 cost time: 115.47216868400574
Epoch: 4, Steps: 571 | Train Loss: 0.5462804 Vali Loss: 0.5329247 Test Loss: 0.2456196
Validation loss decreased (0.538885 --> 0.532925).  Saving model ...
Updating learning rate to 6.25e-06
	iters: 100, epoch: 5 | loss: 0.4059799
	speed: 0.4894s/iter; left time: 231.0076s
	iters: 200, epoch: 5 | loss: 0.3991703
	speed: 0.2031s/iter; left time: 75.5558s
	iters: 300, epoch: 5 | loss: 0.4177253
	speed: 0.2028s/iter; left time: 55.1563s
	iters: 400, epoch: 5 | loss: 0.6649665
	speed: 0.2011s/iter; left time: 34.5904s
	iters: 500, epoch: 5 | loss: 0.4331609
	speed: 0.2030s/iter; left time: 14.6125s
Epoch: 5 cost time: 115.38858675956726
Epoch: 5, Steps: 571 | Train Loss: 0.5411634 Vali Loss: 0.5290473 Test Loss: 0.2448631
Validation loss decreased (0.532925 --> 0.529047).  Saving model ...
Updating learning rate to 3.125e-06
>>>>>>>testing : long_term_forecast_CARBON_TimeMixerPP_Weather_96_192_none_TimeMixerPP_custom_sl96_pl192_dm32_nh4_el2_dl1_df64_fc3_ebtimeF_dtTrue_Carbon_0<<<<<<<<<<<<<<<<<<<<<<<<<<<<<<<<<
test 10348
mse:0.2448633760213852, mae:0.28575366735458374
emissions_kg:0.005655115115751458
