Args in experiment:
Namespace(activation='gelu', anomaly_ratio=0.25, batch_size=64, c_out=7, channel_independence=1, checkpoints='./checkpoints/', comment='none', d_ff=64, d_layers=1, d_model=32, data='ETTh1', data_path='ETTh1.csv', dec_in=7, decomp_method='moving_avg', des='Carbon', devices='0,1', distil=True, down_sampling_layers=3, down_sampling_method='avg', down_sampling_window=2, drop_last=True, dropout=0.1, e_layers=2, embed='timeF', emissions_file='emissions_timemixer.csv', emissions_output_dir='C:\\Users\\bbbal\\OneDrive\\Masaüstü\\timemixer\\TimeMixer', enc_in=7, factor=1, features='M', freq='h', gpu=0, inverse=False, is_training=1, itr=1, label_len=0, learning_rate=5e-05, loss='MSE', lradj='type1', mask_rate=0.125, model='TimeMixerPP', model_id='CARBON_TimeMixerPP_ETTh1_96_192', moving_avg=25, n_heads=4, num_kernels=6, num_workers=0, output_attention=False, p_hidden_dims=[128, 128], p_hidden_layers=2, patience=999, pct_start=0.2, pred_len=192, root_path='C:\\Users\\bbbal\\OneDrive\\Masaüstü\\timemixer\\dataset\\ETT-small', seasonal_patterns='Monthly', seq_len=96, target='OT', task_name='long_term_forecast', top_k=3, track_emissions=1, train_epochs=5, use_amp=False, use_future_temporal_feature=0, use_gpu=True, use_multi_gpu=False, use_norm=1)
Use GPU: cuda:0
[codecarbon WARNING @ 14:42:59] Multiple instances of codecarbon are allowed to run at the same time.
>>>>>>>start training : long_term_forecast_CARBON_TimeMixerPP_ETTh1_96_192_none_TimeMixerPP_ETTh1_sl96_pl192_dm32_nh4_el2_dl1_df64_fc1_ebtimeF_dtTrue_Carbon_0>>>>>>>>>>>>>>>>>>>>>>>>>>
train 8353
val 2689
test 2689
	iters: 100, epoch: 1 | loss: 0.8092312
	speed: 0.2823s/iter; left time: 155.5238s
Epoch: 1 cost time: 36.33083724975586
Epoch: 1, Steps: 130 | Train Loss: 0.8001673 Vali Loss: 1.7179577 Test Loss: 1.0020501
Validation loss decreased (inf --> 1.717958).  Saving model ...
Updating learning rate to 5e-05
	iters: 100, epoch: 2 | loss: 0.7121291
	speed: 0.3864s/iter; left time: 162.6695s
Epoch: 2 cost time: 32.01523494720459
Epoch: 2, Steps: 130 | Train Loss: 0.7270923 Vali Loss: 1.5106240 Test Loss: 0.8196831
Validation loss decreased (1.717958 --> 1.510624).  Saving model ...
Updating learning rate to 2.5e-05
	iters: 100, epoch: 3 | loss: 0.6672388
	speed: 0.3855s/iter; left time: 112.1795s
Epoch: 3 cost time: 32.308255195617676
Epoch: 3, Steps: 130 | Train Loss: 0.6681830 Vali Loss: 1.4645895 Test Loss: 0.7782475
Validation loss decreased (1.510624 --> 1.464590).  Saving model ...
Updating learning rate to 1.25e-05
	iters: 100, epoch: 4 | loss: 0.6343859
	speed: 0.3833s/iter; left time: 61.7109s
Epoch: 4 cost time: 30.737877368927002
Epoch: 4, Steps: 130 | Train Loss: 0.6453941 Vali Loss: 1.4422987 Test Loss: 0.7575885
Validation loss decreased (1.464590 --> 1.442299).  Saving model ...
Updating learning rate to 6.25e-06
	iters: 100, epoch: 5 | loss: 0.6705380
	speed: 0.3775s/iter; left time: 11.7034s
Epoch: 5 cost time: 31.778003454208374
Epoch: 5, Steps: 130 | Train Loss: 0.6336588 Vali Loss: 1.4302989 Test Loss: 0.7467509
Validation loss decreased (1.442299 --> 1.430299).  Saving model ...
Updating learning rate to 3.125e-06
>>>>>>>testing : long_term_forecast_CARBON_TimeMixerPP_ETTh1_96_192_none_TimeMixerPP_ETTh1_sl96_pl192_dm32_nh4_el2_dl1_df64_fc1_ebtimeF_dtTrue_Carbon_0<<<<<<<<<<<<<<<<<<<<<<<<<<<<<<<<<
test 2689
mse:0.7467511296272278, mae:0.587963879108429
emissions_kg:0.0014593875261867692
