Args in experiment:
Namespace(activation='gelu', anomaly_ratio=0.25, batch_size=64, c_out=7, channel_independence=1, checkpoints='./checkpoints/', comment='none', d_ff=64, d_layers=1, d_model=32, data='ETTm2', data_path='ETTm2.csv', dec_in=7, decomp_method='moving_avg', des='Carbon', devices='0,1', distil=True, down_sampling_layers=3, down_sampling_method='avg', down_sampling_window=2, drop_last=True, dropout=0.1, e_layers=2, embed='timeF', emissions_file='emissions_timemixer.csv', emissions_output_dir='<workspace>\\TimeMixer', enc_in=7, factor=1, features='M', freq='h', gpu=0, inverse=False, is_training=1, itr=1, label_len=0, learning_rate=5e-05, loss='MSE', lradj='type1', mask_rate=0.125, model='TimeMixerPP', model_id='CARBON_TimeMixerPP_ETTm2_96_96', moving_avg=25, n_heads=4, num_kernels=6, num_workers=0, output_attention=False, p_hidden_dims=[128, 128], p_hidden_layers=2, patience=999, pct_start=0.2, pred_len=96, root_path='<workspace>\\dataset\\ETT-small', seasonal_patterns='Monthly', seq_len=96, target='OT', task_name='long_term_forecast', top_k=3, track_emissions=1, train_epochs=5, use_amp=False, use_future_temporal_feature=0, use_gpu=True, use_multi_gpu=False, use_norm=1)
Use GPU: cuda:0
[codecarbon WARNING @ 16:10:29] Multiple instances of codecarbon are allowed to run at the same time.
>>>>>>>start training : long_term_forecast_CARBON_TimeMixerPP_ETTm2_96_96_none_TimeMixerPP_ETTm2_sl96_pl96_dm32_nh4_el2_dl1_df64_fc1_ebtimeF_dtTrue_Carbon_0>>>>>>>>>>>>>>>>>>>>>>>>>>
train 34369
val 11425
test 11425
	iters: 100, epoch: 1 | loss: 0.3171718
	speed: 0.2161s/iter; left time: 558.9410s
	iters: 200, epoch: 1 | loss: 0.3903238
	speed: 0.1899s/iter; left time: 472.1393s
	iters: 300, epoch: 1 | loss: 0.4171811
	speed: 0.1876s/iter; left time: 447.6546s
	iters: 400, epoch: 1 | loss: 0.6930832
	speed: 0.1849s/iter; left time: 422.7071s
	iters: 500, epoch: 1 | loss: 0.4458025
	speed: 0.1890s/iter; left time: 413.1607s
Epoch: 1 cost time: 103.8055567741394
Epoch: 1, Steps: 537 | Train Loss: 0.3732962 Vali Loss: 0.2096444 Test Loss: 0.2890246
Validation loss decreased (inf --> 0.209644).  Saving model ...
Updating learning rate to 5e-05
	iters: 100, epoch: 2 | loss: 0.2387445
	speed: 0.4434s/iter; left time: 908.4335s
	iters: 200, epoch: 2 | loss: 0.2136371
	speed: 0.1872s/iter; left time: 364.8613s
	iters: 300, epoch: 2 | loss: 0.3968984
	speed: 0.1849s/iter; left time: 341.8373s
	iters: 400, epoch: 2 | loss: 0.4266012
	speed: 0.2019s/iter; left time: 353.1362s
	iters: 500, epoch: 2 | loss: 0.2290817
	speed: 0.1877s/iter; left time: 309.4790s
Epoch: 2 cost time: 101.35644006729126
Epoch: 2, Steps: 537 | Train Loss: 0.3138493 Vali Loss: 0.1546740 Test Loss: 0.2198043
Validation loss decreased (0.209644 --> 0.154674).  Saving model ...
Updating learning rate to 2.5e-05
	iters: 100, epoch: 3 | loss: 0.1847475
	speed: 0.4432s/iter; left time: 670.1535s
	iters: 200, epoch: 3 | loss: 0.2237401
	speed: 0.1834s/iter; left time: 258.9829s
	iters: 300, epoch: 3 | loss: 0.3785501
	speed: 0.1848s/iter; left time: 242.4415s
	iters: 400, epoch: 3 | loss: 0.2225397
	speed: 0.1861s/iter; left time: 225.6075s
	iters: 500, epoch: 3 | loss: 0.2938386
	speed: 0.1890s/iter; left time: 210.1255s
Epoch: 3 cost time: 99.19824576377869
Epoch: 3, Steps: 537 | Train Loss: 0.2683041 Vali Loss: 0.1463617 Test Loss: 0.2076567
Validation loss decreased (0.154674 --> 0.146362).  Saving model ...
Updating learning rate to 1.25e-05
	iters: 100, epoch: 4 | loss: 0.2889983
	speed: 0.4414s/iter; left time: 430.4115s
	iters: 200, epoch: 4 | loss: 0.1828779
	speed: 0.1823s/iter; left time: 159.4887s
	iters: 300, epoch: 4 | loss: 0.2144079
	speed: 0.1854s/iter; left time: 143.6719s
	iters: 400, epoch: 4 | loss: 0.2429220
	speed: 0.1865s/iter; left time: 125.8831s
	iters: 500, epoch: 4 | loss: 0.3003759
	speed: 0.1883s/iter; left time: 108.2648s
Epoch: 4 cost time: 99.42899107933044
Epoch: 4, Steps: 537 | Train Loss: 0.2567134 Vali Loss: 0.1430231 Test Loss: 0.2030364
Validation loss decreased (0.146362 --> 0.143023).  Saving model ...
Updating learning rate to 6.25e-06
	iters: 100, epoch: 5 | loss: 0.3127576
	speed: 0.4459s/iter; left time: 195.3178s
	iters: 200, epoch: 5 | loss: 0.1765224
	speed: 0.1832s/iter; left time: 61.9348s
	iters: 300, epoch: 5 | loss: 0.2298536
	speed: 0.1832s/iter; left time: 43.5899s
	iters: 400, epoch: 5 | loss: 0.1671011
	speed: 0.1840s/iter; left time: 25.3914s
	iters: 500, epoch: 5 | loss: 0.3927579
	speed: 0.1858s/iter; left time: 7.0606s
Epoch: 5 cost time: 99.07140493392944
Epoch: 5, Steps: 537 | Train Loss: 0.2515562 Vali Loss: 0.1414300 Test Loss: 0.2009662
Validation loss decreased (0.143023 --> 0.141430).  Saving model ...
Updating learning rate to 3.125e-06
>>>>>>>testing : long_term_forecast_CARBON_TimeMixerPP_ETTm2_96_96_none_TimeMixerPP_ETTm2_sl96_pl96_dm32_nh4_el2_dl1_df64_fc1_ebtimeF_dtTrue_Carbon_0<<<<<<<<<<<<<<<<<<<<<<<<<<<<<<<<<
test 11425
mse:0.20096604526042938, mae:0.28527307510375977
emissions_kg:0.004099518731472897
