Args in experiment:
Namespace(activation='gelu', anomaly_ratio=0.25, batch_size=64, c_out=21, channel_independence=1, checkpoints='./checkpoints/', comment='none', d_ff=64, d_layers=1, d_model=32, data='custom', data_path='weather.csv', dec_in=21, decomp_method='moving_avg', des='Carbon', devices='0,1', distil=True, down_sampling_layers=3, down_sampling_method='avg', down_sampling_window=2, drop_last=True, dropout=0.1, e_layers=2, embed='timeF', emissions_file='emissions_timemixer.csv', emissions_output_dir='C:\\Users\\bbbal\\OneDrive\\Masaüstü\\timemixer\\TimeMixer', enc_in=21, factor=3, features='M', freq='h', gpu=0, inverse=False, is_training=1, itr=1, label_len=0, learning_rate=5e-05, loss='MSE', lradj='type1', mask_rate=0.125, model='TimeMixer', model_id='CARBON_TimeMixer_Weather_96_336', moving_avg=25, n_heads=4, num_kernels=6, num_workers=0, output_attention=False, p_hidden_dims=[128, 128], p_hidden_layers=2, patience=999, pct_start=0.2, pred_len=336, root_path='C:\\Users\\bbbal\\OneDrive\\Masaüstü\\timemixer\\dataset\\weather', seasonal_patterns='Monthly', seq_len=96, target='OT', task_name='long_term_forecast', top_k=3, track_emissions=1, train_epochs=5, use_amp=False, use_future_temporal_feature=0, use_gpu=True, use_multi_gpu=False, use_norm=1)
Use GPU: cuda:0
[codecarbon WARNING @ 17:37:47] Multiple instances of codecarbon are allowed to run at the same time.
>>>>>>>start training : long_term_forecast_CARBON_TimeMixer_Weather_96_336_none_TimeMixer_custom_sl96_pl336_dm32_nh4_el2_dl1_df64_fc3_ebtimeF_dtTrue_Carbon_0>>>>>>>>>>>>>>>>>>>>>>>>>>
train 36456
val 4935
test 10204
	iters: 100, epoch: 1 | loss: 1.1411502
	speed: 0.1407s/iter; left time: 386.4170s
	iters: 200, epoch: 1 | loss: 0.9735780
	speed: 0.1196s/iter; left time: 316.3966s
	iters: 300, epoch: 1 | loss: 1.1462688
	speed: 0.1200s/iter; left time: 305.5213s
	iters: 400, epoch: 1 | loss: 1.0500237
	speed: 0.1202s/iter; left time: 293.8871s
	iters: 500, epoch: 1 | loss: 0.9451001
	speed: 0.1199s/iter; left time: 281.3341s
Epoch: 1 cost time: 70.40042042732239
Epoch: 1, Steps: 569 | Train Loss: 1.1663688 Vali Loss: 0.8874778 Test Loss: 0.3541835
Validation loss decreased (inf --> 0.887478).  Saving model ...
Updating learning rate to 5e-05
	iters: 100, epoch: 2 | loss: 1.0670148
	speed: 0.2987s/iter; left time: 650.2536s
	iters: 200, epoch: 2 | loss: 0.8555164
	speed: 0.1203s/iter; left time: 249.9187s
	iters: 300, epoch: 2 | loss: 0.5407854
	speed: 0.1192s/iter; left time: 235.6405s
	iters: 400, epoch: 2 | loss: 0.5035749
	speed: 0.1192s/iter; left time: 223.6583s
	iters: 500, epoch: 2 | loss: 0.6866385
	speed: 0.1195s/iter; left time: 212.3262s
Epoch: 2 cost time: 68.12729525566101
Epoch: 2, Steps: 569 | Train Loss: 0.7761020 Vali Loss: 0.6482243 Test Loss: 0.2959482
Validation loss decreased (0.887478 --> 0.648224).  Saving model ...
Updating learning rate to 2.5e-05
	iters: 100, epoch: 3 | loss: 0.7650248
	speed: 0.2982s/iter; left time: 479.4565s
	iters: 200, epoch: 3 | loss: 0.7154953
	speed: 0.1198s/iter; left time: 180.6232s
	iters: 300, epoch: 3 | loss: 0.5223668
	speed: 0.1201s/iter; left time: 169.0702s
	iters: 400, epoch: 3 | loss: 0.5133872
	speed: 0.1201s/iter; left time: 157.0974s
	iters: 500, epoch: 3 | loss: 0.6591762
	speed: 0.1201s/iter; left time: 145.0528s
Epoch: 3 cost time: 68.27831697463989
Epoch: 3, Steps: 569 | Train Loss: 0.6560844 Vali Loss: 0.6395136 Test Loss: 0.2930499
Validation loss decreased (0.648224 --> 0.639514).  Saving model ...
Updating learning rate to 1.25e-05
	iters: 100, epoch: 4 | loss: 0.5862113
	speed: 0.2980s/iter; left time: 309.6505s
	iters: 200, epoch: 4 | loss: 0.8529203
	speed: 0.1203s/iter; left time: 112.9281s
	iters: 300, epoch: 4 | loss: 0.7700824
	speed: 0.1199s/iter; left time: 100.5691s
	iters: 400, epoch: 4 | loss: 0.5802262
	speed: 0.1202s/iter; left time: 88.7970s
	iters: 500, epoch: 4 | loss: 0.5943724
	speed: 0.1196s/iter; left time: 76.4116s
Epoch: 4 cost time: 68.34620594978333
Epoch: 4, Steps: 569 | Train Loss: 0.6468211 Vali Loss: 0.6370760 Test Loss: 0.2921987
Validation loss decreased (0.639514 --> 0.637076).  Saving model ...
Updating learning rate to 6.25e-06
	iters: 100, epoch: 5 | loss: 0.5158694
	speed: 0.3009s/iter; left time: 141.4179s
	iters: 200, epoch: 5 | loss: 0.7070042
	speed: 0.1202s/iter; left time: 44.4641s
	iters: 300, epoch: 5 | loss: 0.6434885
	speed: 0.1203s/iter; left time: 32.4731s
	iters: 400, epoch: 5 | loss: 0.5246847
	speed: 0.1203s/iter; left time: 20.4525s
	iters: 500, epoch: 5 | loss: 0.7030090
	speed: 0.1212s/iter; left time: 8.4851s
Epoch: 5 cost time: 68.57410097122192
Epoch: 5, Steps: 569 | Train Loss: 0.6426978 Vali Loss: 0.6374490 Test Loss: 0.2923686
EarlyStopping counter: 1 out of 999
Updating learning rate to 3.125e-06
>>>>>>>testing : long_term_forecast_CARBON_TimeMixer_Weather_96_336_none_TimeMixer_custom_sl96_pl336_dm32_nh4_el2_dl1_df64_fc3_ebtimeF_dtTrue_Carbon_0<<<<<<<<<<<<<<<<<<<<<<<<<<<<<<<<<
test 10204
mse:0.2921982407569885, mae:0.3106211721897125
emissions_kg:0.004796961074866681
