Args in experiment:
Namespace(activation='gelu', anomaly_ratio=0.25, batch_size=64, c_out=7, channel_independence=1, checkpoints='./checkpoints/', comment='none', d_ff=64, d_layers=1, d_model=32, data='ETTm1', data_path='ETTm1.csv', dec_in=7, decomp_method='moving_avg', des='Carbon', devices='0,1', distil=True, down_sampling_layers=3, down_sampling_method='avg', down_sampling_window=2, drop_last=True, dropout=0.1, e_layers=2, embed='timeF', emissions_file='emissions_timemixer.csv', emissions_output_dir='<workspace>\\TimeMixer', enc_in=7, factor=1, features='M', freq='h', gpu=0, inverse=False, is_training=1, itr=1, label_len=0, learning_rate=5e-05, loss='MSE', lradj='type1', mask_rate=0.125, model='TimeMixerPP', model_id='CARBON_TimeMixerPP_ETTm1_96_96', moving_avg=25, n_heads=4, num_kernels=6, num_workers=0, output_attention=False, p_hidden_dims=[128, 128], p_hidden_layers=2, patience=999, pct_start=0.2, pred_len=96, root_path='<workspace>\\dataset\\ETT-small', seasonal_patterns='Monthly', seq_len=96, target='OT', task_name='long_term_forecast', top_k=3, track_emissions=1, train_epochs=5, use_amp=False, use_future_temporal_feature=0, use_gpu=True, use_multi_gpu=False, use_norm=1)
Use GPU: cuda:0
[codecarbon WARNING @ 15:13:40] Multiple instances of codecarbon are allowed to run at the same time.
>>>>>>>start training : long_term_forecast_CARBON_TimeMixerPP_ETTm1_96_96_none_TimeMixerPP_ETTm1_sl96_pl96_dm32_nh4_el2_dl1_df64_fc1_ebtimeF_dtTrue_Carbon_0>>>>>>>>>>>>>>>>>>>>>>>>>>
train 34369
val 11425
test 11425
	iters: 100, epoch: 1 | loss: 0.6783754
	speed: 0.2311s/iter; left time: 597.5404s
	iters: 200, epoch: 1 | loss: 0.6679726
	speed: 0.1987s/iter; left time: 494.0551s
	iters: 300, epoch: 1 | loss: 0.6000803
	speed: 0.2016s/iter; left time: 480.9540s
	iters: 400, epoch: 1 | loss: 0.7639139
	speed: 0.2008s/iter; left time: 458.9923s
	iters: 500, epoch: 1 | loss: 0.7066585
	speed: 0.1975s/iter; left time: 431.7608s
Epoch: 1 cost time: 110.32746648788452
Epoch: 1, Steps: 537 | Train Loss: 0.6892808 Vali Loss: 1.0975302 Test Loss: 1.0118407
Validation loss decreased (inf --> 1.097530).  Saving model ...
Updating learning rate to 5e-05
	iters: 100, epoch: 2 | loss: 0.5870349
	speed: 0.4758s/iter; left time: 974.8493s
	iters: 200, epoch: 2 | loss: 0.5132244
	speed: 0.1949s/iter; left time: 379.8767s
	iters: 300, epoch: 2 | loss: 0.5029779
	speed: 0.1972s/iter; left time: 364.6712s
	iters: 400, epoch: 2 | loss: 0.3918997
	speed: 0.1985s/iter; left time: 347.2578s
	iters: 500, epoch: 2 | loss: 0.4571104
	speed: 0.1964s/iter; left time: 323.8938s
Epoch: 2 cost time: 105.67039704322815
Epoch: 2, Steps: 537 | Train Loss: 0.4838843 Vali Loss: 0.5315549 Test Loss: 0.5048154
Validation loss decreased (1.097530 --> 0.531555).  Saving model ...
Updating learning rate to 2.5e-05
	iters: 100, epoch: 3 | loss: 0.3531807
	speed: 0.4858s/iter; left time: 734.4856s
	iters: 200, epoch: 3 | loss: 0.3677446
	speed: 0.1924s/iter; left time: 271.6551s
	iters: 300, epoch: 3 | loss: 0.3131952
	speed: 0.1889s/iter; left time: 247.8218s
	iters: 400, epoch: 3 | loss: 0.3256575
	speed: 0.1907s/iter; left time: 231.1283s
	iters: 500, epoch: 3 | loss: 0.3620270
	speed: 0.1901s/iter; left time: 211.4077s
Epoch: 3 cost time: 103.23232674598694
Epoch: 3, Steps: 537 | Train Loss: 0.3633543 Vali Loss: 0.4889236 Test Loss: 0.4529921
Validation loss decreased (0.531555 --> 0.488924).  Saving model ...
Updating learning rate to 1.25e-05
	iters: 100, epoch: 4 | loss: 0.3691349
	speed: 0.4614s/iter; left time: 449.8300s
	iters: 200, epoch: 4 | loss: 0.3570395
	speed: 0.1992s/iter; left time: 174.3141s
	iters: 300, epoch: 4 | loss: 0.3311686
	speed: 0.2024s/iter; left time: 156.8246s
	iters: 400, epoch: 4 | loss: 0.3086068
	speed: 0.1951s/iter; left time: 131.6607s
	iters: 500, epoch: 4 | loss: 0.3265892
	speed: 0.1996s/iter; left time: 114.7861s
Epoch: 4 cost time: 106.2041347026825
Epoch: 4, Steps: 537 | Train Loss: 0.3421685 Vali Loss: 0.4772299 Test Loss: 0.4362453
Validation loss decreased (0.488924 --> 0.477230).  Saving model ...
Updating learning rate to 6.25e-06
	iters: 100, epoch: 5 | loss: 0.2969925
	speed: 0.4656s/iter; left time: 203.9267s
	iters: 200, epoch: 5 | loss: 0.3321147
	speed: 0.1975s/iter; left time: 66.7610s
	iters: 300, epoch: 5 | loss: 0.3103609
	speed: 0.1950s/iter; left time: 46.4018s
	iters: 400, epoch: 5 | loss: 0.3249574
	speed: 0.1851s/iter; left time: 25.5427s
	iters: 500, epoch: 5 | loss: 0.3649136
	speed: 0.1956s/iter; left time: 7.4347s
Epoch: 5 cost time: 103.41357851028442
Epoch: 5, Steps: 537 | Train Loss: 0.3338395 Vali Loss: 0.4732892 Test Loss: 0.4270064
Validation loss decreased (0.477230 --> 0.473289).  Saving model ...
Updating learning rate to 3.125e-06
>>>>>>>testing : long_term_forecast_CARBON_TimeMixerPP_ETTm1_96_96_none_TimeMixerPP_ETTm1_sl96_pl96_dm32_nh4_el2_dl1_df64_fc1_ebtimeF_dtTrue_Carbon_0<<<<<<<<<<<<<<<<<<<<<<<<<<<<<<<<<
test 11425
mse:0.4270062744617462, mae:0.43626868724823
emissions_kg:0.00483774032917239
