Args in experiment:
Namespace(activation='gelu', anomaly_ratio=0.25, batch_size=64, c_out=7, channel_independence=1, checkpoints='./checkpoints/', comment='none', d_ff=64, d_layers=1, d_model=32, data='ETTm2', data_path='ETTm2.csv', dec_in=7, decomp_method='moving_avg', des='Carbon', devices='0,1', distil=True, down_sampling_layers=3, down_sampling_method='avg', down_sampling_window=2, drop_last=True, dropout=0.1, e_layers=2, embed='timeF', emissions_file='emissions_timemixer.csv', emissions_output_dir='C:\\Users\\bbbal\\OneDrive\\Masaüstü\\timemixer\\TimeMixer', enc_in=7, factor=1, features='M', freq='h', gpu=0, inverse=False, is_training=1, itr=1, label_len=0, learning_rate=5e-05, loss='MSE', lradj='type1', mask_rate=0.125, model='TimeMixerPP', model_id='CARBON_TimeMixerPP_ETTm2_96_192', moving_avg=25, n_heads=4, num_kernels=6, num_workers=0, output_attention=False, p_hidden_dims=[128, 128], p_hidden_layers=2, patience=999, pct_start=0.2, pred_len=192, root_path='C:\\Users\\bbbal\\OneDrive\\Masaüstü\\timemixer\\dataset\\ETT-small', seasonal_patterns='Monthly', seq_len=96, target='OT', task_name='long_term_forecast', top_k=3, track_emissions=1, train_epochs=5, use_amp=False, use_future_temporal_feature=0, use_gpu=True, use_multi_gpu=False, use_norm=1)
Use GPU: cuda:0
[codecarbon WARNING @ 16:24:03] Multiple instances of codecarbon are allowed to run at the same time.
>>>>>>>start training : long_term_forecast_CARBON_TimeMixerPP_ETTm2_96_192_none_TimeMixerPP_ETTm2_sl96_pl192_dm32_nh4_el2_dl1_df64_fc1_ebtimeF_dtTrue_Carbon_0>>>>>>>>>>>>>>>>>>>>>>>>>>
train 34273
val 11329
test 11329
	iters: 100, epoch: 1 | loss: 0.6312102
	speed: 0.2202s/iter; left time: 567.1212s
	iters: 200, epoch: 1 | loss: 0.5530261
	speed: 0.1904s/iter; left time: 471.4522s
	iters: 300, epoch: 1 | loss: 0.4035851
	speed: 0.1881s/iter; left time: 446.9284s
	iters: 400, epoch: 1 | loss: 0.3188196
	speed: 0.1871s/iter; left time: 425.7731s
	iters: 500, epoch: 1 | loss: 0.5781647
	speed: 0.1892s/iter; left time: 411.6644s
Epoch: 1 cost time: 104.18697786331177
Epoch: 1, Steps: 535 | Train Loss: 0.4453466 Vali Loss: 0.2381493 Test Loss: 0.3340444
Validation loss decreased (inf --> 0.238149).  Saving model ...
Updating learning rate to 5e-05
	iters: 100, epoch: 2 | loss: 0.7341996
	speed: 0.4737s/iter; left time: 966.8353s
	iters: 200, epoch: 2 | loss: 0.3377990
	speed: 0.2038s/iter; left time: 395.5329s
	iters: 300, epoch: 2 | loss: 0.4508568
	speed: 0.1952s/iter; left time: 359.4545s
	iters: 400, epoch: 2 | loss: 0.4093832
	speed: 0.1879s/iter; left time: 327.0934s
	iters: 500, epoch: 2 | loss: 0.3551801
	speed: 0.1878s/iter; left time: 308.2229s
Epoch: 2 cost time: 104.72051477432251
Epoch: 2, Steps: 535 | Train Loss: 0.3991953 Vali Loss: 0.1962635 Test Loss: 0.2789341
Validation loss decreased (0.238149 --> 0.196264).  Saving model ...
Updating learning rate to 2.5e-05
	iters: 100, epoch: 3 | loss: 0.5595644
	speed: 0.4432s/iter; left time: 667.4495s
	iters: 200, epoch: 3 | loss: 0.6614838
	speed: 0.1875s/iter; left time: 263.6088s
	iters: 300, epoch: 3 | loss: 0.4113703
	speed: 0.1835s/iter; left time: 239.5992s
	iters: 400, epoch: 3 | loss: 0.2873230
	speed: 0.1847s/iter; left time: 222.7777s
	iters: 500, epoch: 3 | loss: 0.3341411
	speed: 0.1831s/iter; left time: 202.5512s
Epoch: 3 cost time: 98.70037961006165
Epoch: 3, Steps: 535 | Train Loss: 0.3556352 Vali Loss: 0.1885229 Test Loss: 0.2680389
Validation loss decreased (0.196264 --> 0.188523).  Saving model ...
Updating learning rate to 1.25e-05
	iters: 100, epoch: 4 | loss: 0.5148002
	speed: 0.4388s/iter; left time: 426.0732s
	iters: 200, epoch: 4 | loss: 0.2747664
	speed: 0.1856s/iter; left time: 161.6711s
	iters: 300, epoch: 4 | loss: 0.3373647
	speed: 0.1867s/iter; left time: 143.9779s
	iters: 400, epoch: 4 | loss: 0.5222350
	speed: 0.1851s/iter; left time: 124.2189s
	iters: 500, epoch: 4 | loss: 0.2001583
	speed: 0.1854s/iter; left time: 105.8910s
Epoch: 4 cost time: 99.36278367042542
Epoch: 4, Steps: 535 | Train Loss: 0.3401642 Vali Loss: 0.1863012 Test Loss: 0.2648363
Validation loss decreased (0.188523 --> 0.186301).  Saving model ...
Updating learning rate to 6.25e-06
	iters: 100, epoch: 5 | loss: 0.4003312
	speed: 0.4429s/iter; left time: 193.1008s
	iters: 200, epoch: 5 | loss: 0.3959381
	speed: 0.1850s/iter; left time: 62.1550s
	iters: 300, epoch: 5 | loss: 0.3809305
	speed: 0.1886s/iter; left time: 44.5175s
	iters: 400, epoch: 5 | loss: 0.4196481
	speed: 0.1880s/iter; left time: 25.5625s
	iters: 500, epoch: 5 | loss: 0.2762729
	speed: 0.1841s/iter; left time: 6.6269s
Epoch: 5 cost time: 99.66015148162842
Epoch: 5, Steps: 535 | Train Loss: 0.3340520 Vali Loss: 0.1857623 Test Loss: 0.2639866
Validation loss decreased (0.186301 --> 0.185762).  Saving model ...
Updating learning rate to 3.125e-06
>>>>>>>testing : long_term_forecast_CARBON_TimeMixerPP_ETTm2_96_192_none_TimeMixerPP_ETTm2_sl96_pl192_dm32_nh4_el2_dl1_df64_fc1_ebtimeF_dtTrue_Carbon_0<<<<<<<<<<<<<<<<<<<<<<<<<<<<<<<<<
test 11329
mse:0.26398685574531555, mae:0.3241962194442749
emissions_kg:0.004200634055009637
