Args in experiment:
Namespace(activation='gelu', anomaly_ratio=0.25, batch_size=64, c_out=7, channel_independence=1, checkpoints='./checkpoints/', comment='none', d_ff=64, d_layers=1, d_model=32, data='ETTh1', data_path='ETTh1.csv', dec_in=7, decomp_method='moving_avg', des='Carbon', devices='0,1', distil=True, down_sampling_layers=3, down_sampling_method='avg', down_sampling_window=2, drop_last=True, dropout=0.1, e_layers=2, embed='timeF', emissions_file='emissions_timemixer.csv', emissions_output_dir='<workspace>\\TimeMixer', enc_in=7, factor=1, features='M', freq='h', gpu=0, inverse=False, is_training=1, itr=1, label_len=0, learning_rate=5e-05, loss='MSE', lradj='type1', mask_rate=0.125, model='TimeMixer', model_id='CARBON_TimeMixer_ETTh1_96_96', moving_avg=25, n_heads=4, num_kernels=6, num_workers=0, output_attention=False, p_hidden_dims=[128, 128], p_hidden_layers=2, patience=999, pct_start=0.2, pred_len=96, root_path='<workspace>\\dataset\\ETT-small', seasonal_patterns='Monthly', seq_len=96, target='OT', task_name='long_term_forecast', top_k=3, track_emissions=1, train_epochs=5, use_amp=False, use_future_temporal_feature=0, use_gpu=True, use_multi_gpu=False, use_norm=1)
Use GPU: cuda:0
[codecarbon WARNING @ 14:35:35] Multiple instances of codecarbon are allowed to run at the same time.
>>>>>>>start training : long_term_forecast_CARBON_TimeMixer_ETTh1_96_96_none_TimeMixer_ETTh1_sl96_pl96_dm32_nh4_el2_dl1_df64_fc1_ebtimeF_dtTrue_Carbon_0>>>>>>>>>>>>>>>>>>>>>>>>>>
train 8449
val 2785
test 2785
	iters: 100, epoch: 1 | loss: 1.4615982
	speed: 0.1044s/iter; left time: 58.5693s
Epoch: 1 cost time: 12.964600563049316
Epoch: 1, Steps: 132 | Train Loss: 1.4328087 Vali Loss: 2.5271174 Test Loss: 1.9244546
Validation loss decreased (inf --> 2.527117).  Saving model ...
Updating learning rate to 5e-05
	iters: 100, epoch: 2 | loss: 0.6243683
	speed: 0.1211s/iter; left time: 51.9457s
Epoch: 2 cost time: 10.65017294883728
Epoch: 2, Steps: 132 | Train Loss: 0.8419738 Vali Loss: 1.1190742 Test Loss: 0.7087041
Validation loss decreased (2.527117 --> 1.119074).  Saving model ...
Updating learning rate to 2.5e-05
	iters: 100, epoch: 3 | loss: 0.4932304
	speed: 0.1267s/iter; left time: 37.6246s
Epoch: 3 cost time: 11.11190915107727
Epoch: 3, Steps: 132 | Train Loss: 0.5503480 Vali Loss: 0.9527644 Test Loss: 0.5851224
Validation loss decreased (1.119074 --> 0.952764).  Saving model ...
Updating learning rate to 1.25e-05
	iters: 100, epoch: 4 | loss: 0.5130134
	speed: 0.1221s/iter; left time: 20.1463s
Epoch: 4 cost time: 10.697461605072021
Epoch: 4, Steps: 132 | Train Loss: 0.4993642 Vali Loss: 0.9066554 Test Loss: 0.5524700
Validation loss decreased (0.952764 --> 0.906655).  Saving model ...
Updating learning rate to 6.25e-06
	iters: 100, epoch: 5 | loss: 0.4600829
	speed: 0.1273s/iter; left time: 4.2010s
Epoch: 5 cost time: 10.85071086883545
Epoch: 5, Steps: 132 | Train Loss: 0.4840064 Vali Loss: 0.8885139 Test Loss: 0.5401813
Validation loss decreased (0.906655 --> 0.888514).  Saving model ...
Updating learning rate to 3.125e-06
>>>>>>>testing : long_term_forecast_CARBON_TimeMixer_ETTh1_96_96_none_TimeMixer_ETTh1_sl96_pl96_dm32_nh4_el2_dl1_df64_fc1_ebtimeF_dtTrue_Carbon_0<<<<<<<<<<<<<<<<<<<<<<<<<<<<<<<<<
test 2785
mse:0.5401811003684998, mae:0.4866962730884552
emissions_kg:0.0007471192043238535
