Args in experiment:
Namespace(activation='gelu', anomaly_ratio=0.25, batch_size=64, c_out=7, channel_independence=1, checkpoints='./checkpoints/', comment='none', d_ff=64, d_layers=1, d_model=32, data='ETTm1', data_path='ETTm1.csv', dec_in=7, decomp_method='moving_avg', des='Carbon', devices='0,1', distil=True, down_sampling_layers=3, down_sampling_method='avg', down_sampling_window=2, drop_last=True, dropout=0.1, e_layers=2, embed='timeF', emissions_file='emissions_timemixer.csv', emissions_output_dir='<workspace>\\TimeMixer', enc_in=7, factor=1, features='M', freq='h', gpu=0, inverse=False, is_training=1, itr=1, label_len=0, learning_rate=5e-05, loss='MSE', lradj='type1', mask_rate=0.125, model='TimeMixer', model_id='CARBON_TimeMixer_ETTm1_96_336', moving_avg=25, n_heads=4, num_kernels=6, num_workers=0, output_attention=False, p_hidden_dims=[128, 128], p_hidden_layers=2, patience=999, pct_start=0.2, pred_len=336, root_path='<workspace>\\dataset\\ETT-small', seasonal_patterns='Monthly', seq_len=96, target='OT', task_name='long_term_forecast', top_k=3, track_emissions=1, train_epochs=5, use_amp=False, use_future_temporal_feature=0, use_gpu=True, use_multi_gpu=False, use_norm=1)
Use GPU: cuda:0
[codecarbon WARNING @ 15:38:09] Multiple instances of codecarbon are allowed to run at the same time.
>>>>>>>start training : long_term_forecast_CARBON_TimeMixer_ETTm1_96_336_none_TimeMixer_ETTm1_sl96_pl336_dm32_nh4_el2_dl1_df64_fc1_ebtimeF_dtTrue_Carbon_0>>>>>>>>>>>>>>>>>>>>>>>>>>
train 34129
val 11185
test 11185
	iters: 100, epoch: 1 | loss: 0.8449969
	speed: 0.0851s/iter; left time: 218.3117s
	iters: 200, epoch: 1 | loss: 0.8789216
	speed: 0.0586s/iter; left time: 144.6141s
	iters: 300, epoch: 1 | loss: 0.9210162
	speed: 0.0617s/iter; left time: 145.9052s
	iters: 400, epoch: 1 | loss: 0.8310264
	speed: 0.0642s/iter; left time: 145.4070s
	iters: 500, epoch: 1 | loss: 0.7533085
	speed: 0.0656s/iter; left time: 142.1042s
Epoch: 1 cost time: 35.70808267593384
Epoch: 1, Steps: 533 | Train Loss: 0.8984287 Vali Loss: 1.4392485 Test Loss: 1.1747459
Validation loss decreased (inf --> 1.439249).  Saving model ...
Updating learning rate to 5e-05
	iters: 100, epoch: 2 | loss: 0.5704989
	speed: 0.1419s/iter; left time: 288.5523s
	iters: 200, epoch: 2 | loss: 0.4933205
	speed: 0.0611s/iter; left time: 118.0829s
	iters: 300, epoch: 2 | loss: 0.4685839
	speed: 0.0614s/iter; left time: 112.6040s
	iters: 400, epoch: 2 | loss: 0.4595207
	speed: 0.0608s/iter; left time: 105.3101s
	iters: 500, epoch: 2 | loss: 0.4786252
	speed: 0.0640s/iter; left time: 104.4711s
Epoch: 2 cost time: 32.864821672439575
Epoch: 2, Steps: 533 | Train Loss: 0.5370890 Vali Loss: 0.7220634 Test Loss: 0.4761983
Validation loss decreased (1.439249 --> 0.722063).  Saving model ...
Updating learning rate to 2.5e-05
	iters: 100, epoch: 3 | loss: 0.5210047
	speed: 0.1421s/iter; left time: 213.0777s
	iters: 200, epoch: 3 | loss: 0.4400581
	speed: 0.0641s/iter; left time: 89.7153s
	iters: 300, epoch: 3 | loss: 0.4021014
	speed: 0.0641s/iter; left time: 83.3229s
	iters: 400, epoch: 3 | loss: 0.3743109
	speed: 0.0629s/iter; left time: 75.4214s
	iters: 500, epoch: 3 | loss: 0.3971723
	speed: 0.0608s/iter; left time: 66.9144s
Epoch: 3 cost time: 33.55643820762634
Epoch: 3, Steps: 533 | Train Loss: 0.4432845 Vali Loss: 0.7039953 Test Loss: 0.4532811
Validation loss decreased (0.722063 --> 0.703995).  Saving model ...
Updating learning rate to 1.25e-05
	iters: 100, epoch: 4 | loss: 0.3569326
	speed: 0.1507s/iter; left time: 145.6894s
	iters: 200, epoch: 4 | loss: 0.3361536
	speed: 0.0625s/iter; left time: 54.1507s
	iters: 300, epoch: 4 | loss: 0.4353970
	speed: 0.0614s/iter; left time: 47.0933s
	iters: 400, epoch: 4 | loss: 0.4521734
	speed: 0.0625s/iter; left time: 41.6610s
	iters: 500, epoch: 4 | loss: 0.4483815
	speed: 0.0626s/iter; left time: 35.5003s
Epoch: 4 cost time: 33.6779522895813
Epoch: 4, Steps: 533 | Train Loss: 0.4344791 Vali Loss: 0.6985040 Test Loss: 0.4449821
Validation loss decreased (0.703995 --> 0.698504).  Saving model ...
Updating learning rate to 6.25e-06
	iters: 100, epoch: 5 | loss: 0.4353369
	speed: 0.1456s/iter; left time: 63.1764s
	iters: 200, epoch: 5 | loss: 0.3787447
	speed: 0.0630s/iter; left time: 21.0533s
	iters: 300, epoch: 5 | loss: 0.4295660
	speed: 0.0632s/iter; left time: 14.8002s
	iters: 400, epoch: 5 | loss: 0.4750821
	speed: 0.0620s/iter; left time: 8.3033s
	iters: 500, epoch: 5 | loss: 0.4458333
	speed: 0.0635s/iter; left time: 2.1606s
Epoch: 5 cost time: 33.46248817443848
Epoch: 5, Steps: 533 | Train Loss: 0.4310761 Vali Loss: 0.6950474 Test Loss: 0.4407764
Validation loss decreased (0.698504 --> 0.695047).  Saving model ...
Updating learning rate to 3.125e-06
>>>>>>>testing : long_term_forecast_CARBON_TimeMixer_ETTm1_96_336_none_TimeMixer_ETTm1_sl96_pl336_dm32_nh4_el2_dl1_df64_fc1_ebtimeF_dtTrue_Carbon_0<<<<<<<<<<<<<<<<<<<<<<<<<<<<<<<<<
test 11185
mse:0.4407767653465271, mae:0.4289661943912506
emissions_kg:0.0022634378965499004
