Args in experiment:
Namespace(activation='gelu', anomaly_ratio=0.25, batch_size=64, c_out=7, channel_independence=1, checkpoints='./checkpoints/', comment='none', d_ff=64, d_layers=1, d_model=32, data='ETTm2', data_path='ETTm2.csv', dec_in=7, decomp_method='moving_avg', des='Carbon', devices='0,1', distil=True, down_sampling_layers=3, down_sampling_method='avg', down_sampling_window=2, drop_last=True, dropout=0.1, e_layers=2, embed='timeF', emissions_file='emissions_timemixer.csv', emissions_output_dir='C:\\Users\\bbbal\\OneDrive\\Masaüstü\\timemixer\\TimeMixer', enc_in=7, factor=1, features='M', freq='h', gpu=0, inverse=False, is_training=1, itr=1, label_len=0, learning_rate=5e-05, loss='MSE', lradj='type1', mask_rate=0.125, model='TimeMixer', model_id='CARBON_TimeMixer_ETTm2_96_96', moving_avg=25, n_heads=4, num_kernels=6, num_workers=0, output_attention=False, p_hidden_dims=[128, 128], p_hidden_layers=2, patience=999, pct_start=0.2, pred_len=96, root_path='C:\\Users\\bbbal\\OneDrive\\Masaüstü\\timemixer\\dataset\\ETT-small', seasonal_patterns='Monthly', seq_len=96, target='OT', task_name='long_term_forecast', top_k=3, track_emissions=1, train_epochs=5, use_amp=False, use_future_temporal_feature=0, use_gpu=True, use_multi_gpu=False, use_norm=1)
Use GPU: cuda:0
[codecarbon WARNING @ 16:07:18] Multiple instances of codecarbon are allowed to run at the same time.
>>>>>>>start training : long_term_forecast_CARBON_TimeMixer_ETTm2_96_96_none_TimeMixer_ETTm2_sl96_pl96_dm32_nh4_el2_dl1_df64_fc1_ebtimeF_dtTrue_Carbon_0>>>>>>>>>>>>>>>>>>>>>>>>>>
train 34369
val 11425
test 11425
	iters: 100, epoch: 1 | loss: 0.6632603
	speed: 0.0772s/iter; left time: 199.5214s
	iters: 200, epoch: 1 | loss: 0.4959281
	speed: 0.0533s/iter; left time: 132.5620s
	iters: 300, epoch: 1 | loss: 0.4548500
	speed: 0.0536s/iter; left time: 127.7999s
	iters: 400, epoch: 1 | loss: 0.5346845
	speed: 0.0552s/iter; left time: 126.0991s
	iters: 500, epoch: 1 | loss: 0.6094009
	speed: 0.0569s/iter; left time: 124.4225s
Epoch: 1 cost time: 31.749662160873413
Epoch: 1, Steps: 537 | Train Loss: 0.5473477 Vali Loss: 0.2937704 Test Loss: 0.3918439
Validation loss decreased (inf --> 0.293770).  Saving model ...
Updating learning rate to 5e-05
	iters: 100, epoch: 2 | loss: 0.2290913
	speed: 0.1240s/iter; left time: 254.0732s
	iters: 200, epoch: 2 | loss: 0.2120695
	speed: 0.0552s/iter; left time: 107.6537s
	iters: 300, epoch: 2 | loss: 0.2928233
	speed: 0.0549s/iter; left time: 101.5335s
	iters: 400, epoch: 2 | loss: 0.1976921
	speed: 0.0549s/iter; left time: 96.0721s
	iters: 500, epoch: 2 | loss: 0.4148324
	speed: 0.0563s/iter; left time: 92.9071s
Epoch: 2 cost time: 29.638195991516113
Epoch: 2, Steps: 537 | Train Loss: 0.3001373 Vali Loss: 0.1414290 Test Loss: 0.1989827
Validation loss decreased (0.293770 --> 0.141429).  Saving model ...
Updating learning rate to 2.5e-05
	iters: 100, epoch: 3 | loss: 0.2620094
	speed: 0.1248s/iter; left time: 188.6694s
	iters: 200, epoch: 3 | loss: 0.1874274
	speed: 0.0573s/iter; left time: 80.9151s
	iters: 300, epoch: 3 | loss: 0.2527976
	speed: 0.0567s/iter; left time: 74.3318s
	iters: 400, epoch: 3 | loss: 0.4344487
	speed: 0.0572s/iter; left time: 69.3123s
	iters: 500, epoch: 3 | loss: 0.5244386
	speed: 0.0575s/iter; left time: 63.9670s
Epoch: 3 cost time: 30.665050506591797
Epoch: 3, Steps: 537 | Train Loss: 0.2601531 Vali Loss: 0.1369287 Test Loss: 0.1931531
Validation loss decreased (0.141429 --> 0.136929).  Saving model ...
Updating learning rate to 1.25e-05
	iters: 100, epoch: 4 | loss: 0.2269001
	speed: 0.1263s/iter; left time: 123.1811s
	iters: 200, epoch: 4 | loss: 0.1581824
	speed: 0.0560s/iter; left time: 48.9571s
	iters: 300, epoch: 4 | loss: 0.2474022
	speed: 0.0567s/iter; left time: 43.9801s
	iters: 400, epoch: 4 | loss: 0.4446796
	speed: 0.0550s/iter; left time: 37.1034s
	iters: 500, epoch: 4 | loss: 0.2429913
	speed: 0.0581s/iter; left time: 33.4093s
Epoch: 4 cost time: 30.37090826034546
Epoch: 4, Steps: 537 | Train Loss: 0.2540593 Vali Loss: 0.1350006 Test Loss: 0.1909447
Validation loss decreased (0.136929 --> 0.135001).  Saving model ...
Updating learning rate to 6.25e-06
	iters: 100, epoch: 5 | loss: 0.1844797
	speed: 0.1259s/iter; left time: 55.1488s
	iters: 200, epoch: 5 | loss: 0.1710456
	speed: 0.0586s/iter; left time: 19.8003s
	iters: 300, epoch: 5 | loss: 0.2600570
	speed: 0.0578s/iter; left time: 13.7672s
	iters: 400, epoch: 5 | loss: 0.2287088
	speed: 0.0567s/iter; left time: 7.8294s
	iters: 500, epoch: 5 | loss: 0.1927334
	speed: 0.0561s/iter; left time: 2.1335s
Epoch: 5 cost time: 30.675026655197144
Epoch: 5, Steps: 537 | Train Loss: 0.2514890 Vali Loss: 0.1344051 Test Loss: 0.1900647
Validation loss decreased (0.135001 --> 0.134405).  Saving model ...
Updating learning rate to 3.125e-06
>>>>>>>testing : long_term_forecast_CARBON_TimeMixer_ETTm2_96_96_none_TimeMixer_ETTm2_sl96_pl96_dm32_nh4_el2_dl1_df64_fc1_ebtimeF_dtTrue_Carbon_0<<<<<<<<<<<<<<<<<<<<<<<<<<<<<<<<<
test 11425
mse:0.1900646835565567, mae:0.27571001648902893
emissions_kg:0.0019199796853677517
