Args in experiment:
Namespace(activation='gelu', anomaly_ratio=0.25, batch_size=64, c_out=7, channel_independence=1, checkpoints='./checkpoints/', comment='none', d_ff=64, d_layers=1, d_model=32, data='ETTm1', data_path='ETTm1.csv', dec_in=7, decomp_method='moving_avg', des='Carbon', devices='0,1', distil=True, down_sampling_layers=3, down_sampling_method='avg', down_sampling_window=2, drop_last=True, dropout=0.1, e_layers=2, embed='timeF', emissions_file='emissions_timemixer.csv', emissions_output_dir='C:\\Users\\bbbal\\OneDrive\\Masaüstü\\timemixer\\TimeMixer', enc_in=7, factor=1, features='M', freq='h', gpu=0, inverse=False, is_training=1, itr=1, label_len=0, learning_rate=5e-05, loss='MSE', lradj='type1', mask_rate=0.125, model='TimeMixerPP', model_id='CARBON_TimeMixerPP_ETTm1_96_720', moving_avg=25, n_heads=4, num_kernels=6, num_workers=0, output_attention=False, p_hidden_dims=[128, 128], p_hidden_layers=2, patience=999, pct_start=0.2, pred_len=720, root_path='C:\\Users\\bbbal\\OneDrive\\Masaüstü\\timemixer\\dataset\\ETT-small', seasonal_patterns='Monthly', seq_len=96, target='OT', task_name='long_term_forecast', top_k=3, track_emissions=1, train_epochs=5, use_amp=False, use_future_temporal_feature=0, use_gpu=True, use_multi_gpu=False, use_norm=1)
Use GPU: cuda:0
[codecarbon WARNING @ 15:56:45] Multiple instances of codecarbon are allowed to run at the same time.
>>>>>>>start training : long_term_forecast_CARBON_TimeMixerPP_ETTm1_96_720_none_TimeMixerPP_ETTm1_sl96_pl720_dm32_nh4_el2_dl1_df64_fc1_ebtimeF_dtTrue_Carbon_0>>>>>>>>>>>>>>>>>>>>>>>>>>
train 33745
val 10801
test 10801
	iters: 100, epoch: 1 | loss: 0.7761202
	speed: 0.2290s/iter; left time: 580.6589s
	iters: 200, epoch: 1 | loss: 0.8005816
	speed: 0.2026s/iter; left time: 493.4123s
	iters: 300, epoch: 1 | loss: 0.7483872
	speed: 0.2035s/iter; left time: 475.3603s
	iters: 400, epoch: 1 | loss: 0.8428944
	speed: 0.2034s/iter; left time: 454.8224s
	iters: 500, epoch: 1 | loss: 0.8194324
	speed: 0.2037s/iter; left time: 435.1316s
Epoch: 1 cost time: 109.83698225021362
Epoch: 1, Steps: 527 | Train Loss: 0.8073200 Vali Loss: 1.6003497 Test Loss: 1.0310811
Validation loss decreased (inf --> 1.600350).  Saving model ...
Updating learning rate to 5e-05
	iters: 100, epoch: 2 | loss: 0.7161636
	speed: 0.4660s/iter; left time: 936.2706s
	iters: 200, epoch: 2 | loss: 0.6886544
	speed: 0.2026s/iter; left time: 386.8282s
	iters: 300, epoch: 2 | loss: 0.5840567
	speed: 0.1958s/iter; left time: 354.1628s
	iters: 400, epoch: 2 | loss: 0.5314490
	speed: 0.1974s/iter; left time: 337.3573s
	iters: 500, epoch: 2 | loss: 0.5129464
	speed: 0.1907s/iter; left time: 306.8794s
Epoch: 2 cost time: 104.01480412483215
Epoch: 2, Steps: 527 | Train Loss: 0.6232151 Vali Loss: 1.0762807 Test Loss: 0.5769463
Validation loss decreased (1.600350 --> 1.076281).  Saving model ...
Updating learning rate to 2.5e-05
	iters: 100, epoch: 3 | loss: 0.5416237
	speed: 0.4446s/iter; left time: 658.8683s
	iters: 200, epoch: 3 | loss: 0.5516838
	speed: 0.1920s/iter; left time: 265.3666s
	iters: 300, epoch: 3 | loss: 0.5776008
	speed: 0.1970s/iter; left time: 252.5715s
	iters: 400, epoch: 3 | loss: 0.4931814
	speed: 0.1892s/iter; left time: 223.6627s
	iters: 500, epoch: 3 | loss: 0.5046427
	speed: 0.1887s/iter; left time: 204.2187s
Epoch: 3 cost time: 101.29466938972473
Epoch: 3, Steps: 527 | Train Loss: 0.5073996 Vali Loss: 1.0326726 Test Loss: 0.5344864
Validation loss decreased (1.076281 --> 1.032673).  Saving model ...
Updating learning rate to 1.25e-05
	iters: 100, epoch: 4 | loss: 0.5324885
	speed: 0.4314s/iter; left time: 412.0131s
	iters: 200, epoch: 4 | loss: 0.4889385
	speed: 0.1872s/iter; left time: 160.0746s
	iters: 300, epoch: 4 | loss: 0.5322655
	speed: 0.1869s/iter; left time: 141.1317s
	iters: 400, epoch: 4 | loss: 0.4229522
	speed: 0.1862s/iter; left time: 121.9387s
	iters: 500, epoch: 4 | loss: 0.4898864
	speed: 0.1907s/iter; left time: 105.8174s
Epoch: 4 cost time: 98.95613694190979
Epoch: 4, Steps: 527 | Train Loss: 0.4929353 Vali Loss: 1.0209011 Test Loss: 0.5231347
Validation loss decreased (1.032673 --> 1.020901).  Saving model ...
Updating learning rate to 6.25e-06
	iters: 100, epoch: 5 | loss: 0.5045588
	speed: 0.4265s/iter; left time: 182.5460s
	iters: 200, epoch: 5 | loss: 0.4755139
	speed: 0.1878s/iter; left time: 61.6125s
	iters: 300, epoch: 5 | loss: 0.4671285
	speed: 0.1887s/iter; left time: 43.0331s
	iters: 400, epoch: 5 | loss: 0.4566160
	speed: 0.1893s/iter; left time: 24.2368s
	iters: 500, epoch: 5 | loss: 0.4734176
	speed: 0.1904s/iter; left time: 5.3311s
Epoch: 5 cost time: 99.50126552581787
Epoch: 5, Steps: 527 | Train Loss: 0.4873746 Vali Loss: 1.0151031 Test Loss: 0.5186285
Validation loss decreased (1.020901 --> 1.015103).  Saving model ...
Updating learning rate to 3.125e-06
>>>>>>>testing : long_term_forecast_CARBON_TimeMixerPP_ETTm1_96_720_none_TimeMixerPP_ETTm1_sl96_pl720_dm32_nh4_el2_dl1_df64_fc1_ebtimeF_dtTrue_Carbon_0<<<<<<<<<<<<<<<<<<<<<<<<<<<<<<<<<
test 10801
mse:0.5186291933059692, mae:0.47906434535980225
emissions_kg:0.004456004068334327
