Args in experiment:
Namespace(activation='gelu', anomaly_ratio=0.25, batch_size=64, c_out=7, channel_independence=1, checkpoints='./checkpoints/', comment='none', d_ff=64, d_layers=1, d_model=32, data='ETTm1', data_path='ETTm1.csv', dec_in=7, decomp_method='moving_avg', des='Carbon', devices='0,1', distil=True, down_sampling_layers=3, down_sampling_method='avg', down_sampling_window=2, drop_last=True, dropout=0.1, e_layers=2, embed='timeF', emissions_file='emissions_timemixer.csv', emissions_output_dir='C:\\Users\\bbbal\\OneDrive\\Masaüstü\\timemixer\\TimeMixer', enc_in=7, factor=1, features='M', freq='h', gpu=0, inverse=False, is_training=1, itr=1, label_len=0, learning_rate=5e-05, loss='MSE', lradj='type1', mask_rate=0.125, model='TimeMixerPP', model_id='CARBON_TimeMixerPP_ETTm1_96_336', moving_avg=25, n_heads=4, num_kernels=6, num_workers=0, output_attention=False, p_hidden_dims=[128, 128], p_hidden_layers=2, patience=999, pct_start=0.2, pred_len=336, root_path='C:\\Users\\bbbal\\OneDrive\\Masaüstü\\timemixer\\dataset\\ETT-small', seasonal_patterns='Monthly', seq_len=96, target='OT', task_name='long_term_forecast', top_k=3, track_emissions=1, train_epochs=5, use_amp=False, use_future_temporal_feature=0, use_gpu=True, use_multi_gpu=False, use_norm=1)
Use GPU: cuda:0
[codecarbon WARNING @ 15:41:43] Multiple instances of codecarbon are allowed to run at the same time.
>>>>>>>start training : long_term_forecast_CARBON_TimeMixerPP_ETTm1_96_336_none_TimeMixerPP_ETTm1_sl96_pl336_dm32_nh4_el2_dl1_df64_fc1_ebtimeF_dtTrue_Carbon_0>>>>>>>>>>>>>>>>>>>>>>>>>>
train 34129
val 11185
test 11185
	iters: 100, epoch: 1 | loss: 0.8566450
	speed: 0.2285s/iter; left time: 586.3590s
	iters: 200, epoch: 1 | loss: 0.7475294
	speed: 0.2018s/iter; left time: 497.6455s
	iters: 300, epoch: 1 | loss: 0.6819198
	speed: 0.2016s/iter; left time: 476.9518s
	iters: 400, epoch: 1 | loss: 0.7370915
	speed: 0.2018s/iter; left time: 457.2418s
	iters: 500, epoch: 1 | loss: 0.7408566
	speed: 0.2006s/iter; left time: 434.4944s
Epoch: 1 cost time: 110.24668431282043
Epoch: 1, Steps: 533 | Train Loss: 0.7958905 Vali Loss: 1.3626580 Test Loss: 1.0928089
Validation loss decreased (inf --> 1.362658).  Saving model ...
Updating learning rate to 5e-05
	iters: 100, epoch: 2 | loss: 0.7301431
	speed: 0.4731s/iter; left time: 961.7269s
	iters: 200, epoch: 2 | loss: 0.6278448
	speed: 0.1991s/iter; left time: 384.9549s
	iters: 300, epoch: 2 | loss: 0.5458503
	speed: 0.2016s/iter; left time: 369.4479s
	iters: 400, epoch: 2 | loss: 0.5055164
	speed: 0.1980s/iter; left time: 343.1621s
	iters: 500, epoch: 2 | loss: 0.5028281
	speed: 0.2004s/iter; left time: 327.3052s
Epoch: 2 cost time: 106.40847945213318
Epoch: 2, Steps: 533 | Train Loss: 0.5828290 Vali Loss: 0.7754000 Test Loss: 0.5470993
Validation loss decreased (1.362658 --> 0.775400).  Saving model ...
Updating learning rate to 2.5e-05
	iters: 100, epoch: 3 | loss: 0.3911405
	speed: 0.4734s/iter; left time: 710.1714s
	iters: 200, epoch: 3 | loss: 0.4130979
	speed: 0.1983s/iter; left time: 277.6362s
	iters: 300, epoch: 3 | loss: 0.4708289
	speed: 0.2006s/iter; left time: 260.7387s
	iters: 400, epoch: 3 | loss: 0.4720315
	speed: 0.1999s/iter; left time: 239.8941s
	iters: 500, epoch: 3 | loss: 0.4772240
	speed: 0.1995s/iter; left time: 219.4720s
Epoch: 3 cost time: 106.23078322410583
Epoch: 3, Steps: 533 | Train Loss: 0.4508212 Vali Loss: 0.7369004 Test Loss: 0.5042082
Validation loss decreased (0.775400 --> 0.736900).  Saving model ...
Updating learning rate to 1.25e-05
	iters: 100, epoch: 4 | loss: 0.3785557
	speed: 0.4662s/iter; left time: 450.7752s
	iters: 200, epoch: 4 | loss: 0.3634991
	speed: 0.1987s/iter; left time: 172.3003s
	iters: 300, epoch: 4 | loss: 0.4123652
	speed: 0.2028s/iter; left time: 155.5523s
	iters: 400, epoch: 4 | loss: 0.4014156
	speed: 0.2015s/iter; left time: 134.3947s
	iters: 500, epoch: 4 | loss: 0.4021059
	speed: 0.2000s/iter; left time: 113.4254s
Epoch: 4 cost time: 106.67496037483215
Epoch: 4, Steps: 533 | Train Loss: 0.4349015 Vali Loss: 0.7243663 Test Loss: 0.4879043
Validation loss decreased (0.736900 --> 0.724366).  Saving model ...
Updating learning rate to 6.25e-06
	iters: 100, epoch: 5 | loss: 0.4847026
	speed: 0.4722s/iter; left time: 204.9347s
	iters: 200, epoch: 5 | loss: 0.4399089
	speed: 0.1992s/iter; left time: 66.5173s
	iters: 300, epoch: 5 | loss: 0.3899113
	speed: 0.1999s/iter; left time: 46.7803s
	iters: 400, epoch: 5 | loss: 0.3994044
	speed: 0.1984s/iter; left time: 26.5886s
	iters: 500, epoch: 5 | loss: 0.4548087
	speed: 0.1990s/iter; left time: 6.7668s
Epoch: 5 cost time: 106.08883833885193
Epoch: 5, Steps: 533 | Train Loss: 0.4281050 Vali Loss: 0.7181640 Test Loss: 0.4798435
Validation loss decreased (0.724366 --> 0.718164).  Saving model ...
Updating learning rate to 3.125e-06
>>>>>>>testing : long_term_forecast_CARBON_TimeMixerPP_ETTm1_96_336_none_TimeMixerPP_ETTm1_sl96_pl336_dm32_nh4_el2_dl1_df64_fc1_ebtimeF_dtTrue_Carbon_0<<<<<<<<<<<<<<<<<<<<<<<<<<<<<<<<<
test 11185
mse:0.4798428416252136, mae:0.46056994795799255
emissions_kg:0.005367461664146351
