Args in experiment:
Namespace(activation='gelu', anomaly_ratio=0.25, batch_size=256, c_out=21, channel_independence=1, checkpoints='./checkpoints/', comment='none', d_ff=32, d_layers=1, d_model=16, data='custom', data_path='weather.csv', dec_in=21, decomp_method='moving_avg', des='PlusProbe', devices='0,1', distil=True, down_sampling_layers=0, down_sampling_method='avg', down_sampling_window=1, drop_last=True, dropout=0.1, e_layers=2, embed='timeF', emissions_file='emissions.csv', emissions_output_dir='.', enc_in=21, factor=3, features='M', freq='h', gpu=0, inverse=False, is_training=1, itr=1, label_len=0, learning_rate=0.02, loss='MSE', lradj='type3', mask_rate=0.125, model='SparseTSFPlus', model_id='PLUS_Weather_p4_phase', model_type='linear', moving_avg=25, n_heads=8, num_kernels=6, num_workers=0, output_attention=False, p_hidden_dims=[128, 128], p_hidden_layers=2, patience=5, pct_start=0.2, percent=100, period_len=4, pred_len=96, root_path='../dataset/weather', seasonal_patterns='Monthly', seq_len=96, stsf_cls_head='flat', stsf_decomp='off', stsf_decomp_kernel=25, stsf_diag_mask=0, stsf_impute_passes=1, stsf_linear_bias=0, stsf_mask_conv=0, stsf_pad_fold=0, stsf_periods='', stsf_phase_kernel=3, stsf_phase_mix='linear', stsf_phase_rank=0, stsf_revin=0, stsf_revin_affine=0, target='OT', task_name='long_term_forecast', top_k=5, track_emissions=0, train_epochs=30, use_amp=False, use_future_temporal_feature=0, use_gpu=True, use_multi_gpu=False, use_norm=1)
Use GPU: cuda:0
trainable_params:597
units:phase_mix=linear
>>>>>>>start training : long_term_forecast_PLUS_Weather_p4_phase_none_SparseTSFPlus_custom_sl96_pl96_dm16_nh8_el2_dl1_df32_fc3_ebtimeF_dtTrue_PlusProbe_0>>>>>>>>>>>>>>>>>>>>>>>>>>
train 36696
val 5175
test 10444
	iters: 100, epoch: 1 | loss: 0.4978656
	speed: 0.0465s/iter; left time: 194.7970s
Epoch: 1 cost time: 5.618378162384033
Epoch: 1, Steps: 143 | Train Loss: 0.6675937 Vali Loss: 0.5542215 Test Loss: 0.2205725
Validation loss decreased (inf --> 0.554221).  Saving model ...
Updating learning rate to 0.02
	iters: 100, epoch: 2 | loss: 0.4742516
	speed: 0.0421s/iter; left time: 170.3111s
Epoch: 2 cost time: 3.429499626159668
Epoch: 2, Steps: 143 | Train Loss: 0.5239396 Vali Loss: 0.4937244 Test Loss: 0.2043659
Validation loss decreased (0.554221 --> 0.493724).  Saving model ...
Updating learning rate to 0.02
	iters: 100, epoch: 3 | loss: 0.4522969
	speed: 0.0418s/iter; left time: 163.1349s
Epoch: 3 cost time: 3.2335870265960693
Epoch: 3, Steps: 143 | Train Loss: 0.5111354 Vali Loss: 0.4955183 Test Loss: 0.2031496
EarlyStopping counter: 1 out of 5
Updating learning rate to 0.02
	iters: 100, epoch: 4 | loss: 0.4827529
	speed: 0.0426s/iter; left time: 160.4160s
Epoch: 4 cost time: 3.609778642654419
Epoch: 4, Steps: 143 | Train Loss: 0.5115265 Vali Loss: 0.4861272 Test Loss: 0.1979377
Validation loss decreased (0.493724 --> 0.486127).  Saving model ...
Updating learning rate to 0.018000000000000002
	iters: 100, epoch: 5 | loss: 0.6900086
	speed: 0.0410s/iter; left time: 148.5055s
Epoch: 5 cost time: 3.206235408782959
Epoch: 5, Steps: 143 | Train Loss: 0.5110082 Vali Loss: 0.4869123 Test Loss: 0.1977154
EarlyStopping counter: 1 out of 5
Updating learning rate to 0.016200000000000003
	iters: 100, epoch: 6 | loss: 0.4639629
	speed: 0.0397s/iter; left time: 137.9283s
Epoch: 6 cost time: 3.346359968185425
Epoch: 6, Steps: 143 | Train Loss: 0.5108764 Vali Loss: 0.4904904 Test Loss: 0.2007524
EarlyStopping counter: 2 out of 5
Updating learning rate to 0.014580000000000003
	iters: 100, epoch: 7 | loss: 0.3559288
	speed: 0.0438s/iter; left time: 145.9503s
Epoch: 7 cost time: 3.501786947250366
Epoch: 7, Steps: 143 | Train Loss: 0.5107480 Vali Loss: 0.4885106 Test Loss: 0.1980987
EarlyStopping counter: 3 out of 5
Updating learning rate to 0.013122
	iters: 100, epoch: 8 | loss: 0.5648718
	speed: 0.0431s/iter; left time: 137.3887s
Epoch: 8 cost time: 3.3882570266723633
Epoch: 8, Steps: 143 | Train Loss: 0.5106790 Vali Loss: 0.4894031 Test Loss: 0.1994801
EarlyStopping counter: 4 out of 5
Updating learning rate to 0.011809800000000002
	iters: 100, epoch: 9 | loss: 0.4320117
	speed: 0.0422s/iter; left time: 128.4908s
Epoch: 9 cost time: 3.346771717071533
Epoch: 9, Steps: 143 | Train Loss: 0.5098977 Vali Loss: 0.4883457 Test Loss: 0.1996557
EarlyStopping counter: 5 out of 5
Early stopping
>>>>>>>testing : long_term_forecast_PLUS_Weather_p4_phase_none_SparseTSFPlus_custom_sl96_pl96_dm16_nh8_el2_dl1_df32_fc3_ebtimeF_dtTrue_PlusProbe_0<<<<<<<<<<<<<<<<<<<<<<<<<<<<<<<<<
test 10444
mse:0.19793769717216492, mae:0.23745007812976837
RMSE:0.44490188360214233, MAPE:0.5252671241760254, MSPE:25586448.0
