Args in experiment:
Namespace(activation='gelu', anomaly_ratio=0.25, batch_size=256, c_out=21, channel_independence=1, checkpoints='./checkpoints/', comment='none', d_ff=32, d_layers=1, d_model=16, data='custom', data_path='weather.csv', dec_in=21, decomp_method='moving_avg', des='PlusProbe', devices='0,1', distil=True, down_sampling_layers=0, down_sampling_method='avg', down_sampling_window=1, drop_last=True, dropout=0.1, e_layers=2, embed='timeF', emissions_file='emissions.csv', emissions_output_dir='.', enc_in=21, factor=3, features='M', freq='h', gpu=0, inverse=False, is_training=1, itr=1, label_len=0, learning_rate=0.02, loss='MSE', lradj='type3', mask_rate=0.125, model='SparseTSFPlus', model_id='PLUS_Weather_p4_phase_revin', model_type='linear', moving_avg=25, n_heads=8, num_kernels=6, num_workers=0, output_attention=False, p_hidden_dims=[128, 128], p_hidden_layers=2, patience=5, pct_start=0.2, percent=100, period_len=4, pred_len=96, root_path='../dataset/weather', seasonal_patterns='Monthly', seq_len=96, stsf_cls_head='flat', stsf_decomp='off', stsf_decomp_kernel=25, stsf_diag_mask=0, stsf_impute_passes=1, stsf_linear_bias=0, stsf_mask_conv=0, stsf_pad_fold=0, stsf_periods='', stsf_phase_kernel=3, stsf_phase_mix='linear', stsf_phase_rank=0, stsf_revin=1, stsf_revin_affine=0, target='OT', task_name='long_term_forecast', top_k=5, track_emissions=0, train_epochs=30, use_amp=False, use_future_temporal_feature=0, use_gpu=True, use_multi_gpu=False, use_norm=1)
Use GPU: cuda:0
trainable_params:597
units:revin=1,phase_mix=linear
>>>>>>>start training : long_term_forecast_PLUS_Weather_p4_phase_revin_none_SparseTSFPlus_custom_sl96_pl96_dm16_nh8_el2_dl1_df32_fc3_ebtimeF_dtTrue_PlusProbe_0>>>>>>>>>>>>>>>>>>>>>>>>>>
train 36696
val 5175
test 10444
	iters: 100, epoch: 1 | loss: 0.4978659
	speed: 0.0487s/iter; left time: 203.9549s
Epoch: 1 cost time: 5.874608993530273
Epoch: 1, Steps: 143 | Train Loss: 0.6675936 Vali Loss: 0.5542215 Test Loss: 0.2205724
Validation loss decreased (inf --> 0.554222).  Saving model ...
Updating learning rate to 0.02
	iters: 100, epoch: 2 | loss: 0.4742482
	speed: 0.0421s/iter; left time: 170.2431s
Epoch: 2 cost time: 3.378063917160034
Epoch: 2, Steps: 143 | Train Loss: 0.5239395 Vali Loss: 0.4937217 Test Loss: 0.2043635
Validation loss decreased (0.554222 --> 0.493722).  Saving model ...
Updating learning rate to 0.02
	iters: 100, epoch: 3 | loss: 0.4522961
	speed: 0.0422s/iter; left time: 164.8032s
Epoch: 3 cost time: 3.379094123840332
Epoch: 3, Steps: 143 | Train Loss: 0.5111360 Vali Loss: 0.4955212 Test Loss: 0.2031508
EarlyStopping counter: 1 out of 5
Updating learning rate to 0.02
	iters: 100, epoch: 4 | loss: 0.4827527
	speed: 0.0427s/iter; left time: 160.7495s
Epoch: 4 cost time: 3.412666082382202
Epoch: 4, Steps: 143 | Train Loss: 0.5115281 Vali Loss: 0.4861271 Test Loss: 0.1979371
Validation loss decreased (0.493722 --> 0.486127).  Saving model ...
Updating learning rate to 0.018000000000000002
	iters: 100, epoch: 5 | loss: 0.6900082
	speed: 0.0422s/iter; left time: 152.8849s
Epoch: 5 cost time: 3.4102327823638916
Epoch: 5, Steps: 143 | Train Loss: 0.5110080 Vali Loss: 0.4869130 Test Loss: 0.1977161
EarlyStopping counter: 1 out of 5
Updating learning rate to 0.016200000000000003
	iters: 100, epoch: 6 | loss: 0.4639618
	speed: 0.0425s/iter; left time: 147.8595s
Epoch: 6 cost time: 3.4980695247650146
Epoch: 6, Steps: 143 | Train Loss: 0.5108750 Vali Loss: 0.4904895 Test Loss: 0.2007522
EarlyStopping counter: 2 out of 5
Updating learning rate to 0.014580000000000003
	iters: 100, epoch: 7 | loss: 0.3559245
	speed: 0.0443s/iter; left time: 147.7684s
Epoch: 7 cost time: 3.471224069595337
Epoch: 7, Steps: 143 | Train Loss: 0.5107472 Vali Loss: 0.4885096 Test Loss: 0.1980946
EarlyStopping counter: 3 out of 5
Updating learning rate to 0.013122
	iters: 100, epoch: 8 | loss: 0.5648744
	speed: 0.0433s/iter; left time: 138.1553s
Epoch: 8 cost time: 3.4369192123413086
Epoch: 8, Steps: 143 | Train Loss: 0.5106795 Vali Loss: 0.4894059 Test Loss: 0.1994831
EarlyStopping counter: 4 out of 5
Updating learning rate to 0.011809800000000002
	iters: 100, epoch: 9 | loss: 0.4320128
	speed: 0.0425s/iter; left time: 129.3986s
Epoch: 9 cost time: 3.354454517364502
Epoch: 9, Steps: 143 | Train Loss: 0.5098973 Vali Loss: 0.4883454 Test Loss: 0.1996553
EarlyStopping counter: 5 out of 5
Early stopping
>>>>>>>testing : long_term_forecast_PLUS_Weather_p4_phase_revin_none_SparseTSFPlus_custom_sl96_pl96_dm16_nh8_el2_dl1_df32_fc3_ebtimeF_dtTrue_PlusProbe_0<<<<<<<<<<<<<<<<<<<<<<<<<<<<<<<<<
test 10444
mse:0.19793714582920074, mae:0.2374500334262848
RMSE:0.4449012875556946, MAPE:0.5252671241760254, MSPE:25586728.0
