Args in experiment:
Namespace(activation='gelu', anomaly_ratio=0.25, batch_size=16, c_out=170, channel_independence=1, checkpoints='./checkpoints/', comment='none', d_ff=32, d_layers=1, d_model=16, data='PEMS', data_path='PEMS08.npz', dec_in=170, decomp_method='moving_avg', des='PlusProbe', devices='0,1', distil=True, down_sampling_layers=0, down_sampling_method='avg', down_sampling_window=1, drop_last=True, dropout=0.1, e_layers=2, embed='timeF', emissions_file='emissions.csv', emissions_output_dir='.', enc_in=170, factor=1, features='M', freq='h', gpu=0, inverse=False, is_training=1, itr=1, label_len=0, learning_rate=0.01, loss='MSE', lradj='TST', mask_rate=0.125, model='SparseTSFPlus', model_id='PLUS_PEMS08_p12_phase', model_type='linear', moving_avg=25, n_heads=8, num_kernels=6, num_workers=0, output_attention=False, p_hidden_dims=[128, 128], p_hidden_layers=2, patience=5, pct_start=0.2, percent=100, period_len=12, pred_len=12, root_path='../dataset/PEMS', seasonal_patterns='Monthly', seq_len=96, stsf_cls_head='flat', stsf_decomp='off', stsf_decomp_kernel=25, stsf_diag_mask=0, stsf_impute_passes=1, stsf_linear_bias=0, stsf_mask_conv=0, stsf_pad_fold=0, stsf_periods='', stsf_phase_kernel=3, stsf_phase_mix='linear', stsf_phase_rank=0, stsf_revin=0, stsf_revin_affine=0, target='OT', task_name='long_term_forecast', top_k=5, track_emissions=0, train_epochs=10, use_amp=False, use_future_temporal_feature=0, use_gpu=True, use_multi_gpu=False, use_norm=0)
Use GPU: cuda:0
trainable_params:165
units:phase_mix=linear
>>>>>>>start training : long_term_forecast_PLUS_PEMS08_p12_phase_none_SparseTSFPlus_PEMS_sl96_pl12_dm16_nh8_el2_dl1_df32_fc1_ebtimeF_dtTrue_PlusProbe_0>>>>>>>>>>>>>>>>>>>>>>>>>>
data file: ../dataset/PEMS\PEMS08.npz
train 10606
data file: ../dataset/PEMS\PEMS08.npz
val 3464
data file: ../dataset/PEMS\PEMS08.npz
test 288
	iters: 100, epoch: 1 | loss: 0.4320827
	speed: 0.0575s/iter; left time: 375.1960s
	iters: 200, epoch: 1 | loss: 0.3780630
	speed: 0.0094s/iter; left time: 60.2572s
	iters: 300, epoch: 1 | loss: 0.3422280
	speed: 0.0086s/iter; left time: 54.0546s
	iters: 400, epoch: 1 | loss: 0.2822167
	speed: 0.0088s/iter; left time: 54.7977s
	iters: 500, epoch: 1 | loss: 0.2464304
	speed: 0.0094s/iter; left time: 57.2633s
	iters: 600, epoch: 1 | loss: 0.2143326
	speed: 0.0101s/iter; left time: 60.6539s
Epoch: 1 cost time: 11.05915117263794
Epoch: 1, Steps: 662 | Train Loss: 0.3437958 Vali Loss: 24.5989094 Test Loss: 24.0206184
Validation loss decreased (inf --> 24.598909).  Saving model ...
Updating learning rate to 0.0052056990329532584
	iters: 100, epoch: 2 | loss: 0.2567917
	speed: 0.0299s/iter; left time: 175.1577s
	iters: 200, epoch: 2 | loss: 0.2364804
	speed: 0.0094s/iter; left time: 54.0090s
	iters: 300, epoch: 2 | loss: 0.2492456
	speed: 0.0090s/iter; left time: 50.9179s
	iters: 400, epoch: 2 | loss: 0.2444527
	speed: 0.0088s/iter; left time: 48.8300s
	iters: 500, epoch: 2 | loss: 0.2134626
	speed: 0.0086s/iter; left time: 46.9840s
	iters: 600, epoch: 2 | loss: 0.2388538
	speed: 0.0089s/iter; left time: 47.4351s
Epoch: 2 cost time: 6.126564979553223
Epoch: 2, Steps: 662 | Train Loss: 0.2385563 Vali Loss: 23.3189411 Test Loss: 22.6846180
Validation loss decreased (24.598909 --> 23.318941).  Saving model ...
Updating learning rate to 0.00999999912028489
	iters: 100, epoch: 3 | loss: 0.2340731
	speed: 0.0231s/iter; left time: 120.2181s
	iters: 200, epoch: 3 | loss: 0.2242927
	speed: 0.0087s/iter; left time: 44.1936s
	iters: 300, epoch: 3 | loss: 0.2366809
	speed: 0.0097s/iter; left time: 48.3431s
	iters: 400, epoch: 3 | loss: 0.2515174
	speed: 0.0085s/iter; left time: 41.7952s
	iters: 500, epoch: 3 | loss: 0.2639840
	speed: 0.0089s/iter; left time: 42.6147s
	iters: 600, epoch: 3 | loss: 0.2506523
	speed: 0.0093s/iter; left time: 43.8345s
Epoch: 3 cost time: 5.903467893600464
Epoch: 3, Steps: 662 | Train Loss: 0.2355809 Vali Loss: 23.4933624 Test Loss: 22.3395443
EarlyStopping counter: 1 out of 5
Updating learning rate to 0.009618263335790982
	iters: 100, epoch: 4 | loss: 0.2218262
	speed: 0.0230s/iter; left time: 104.1634s
	iters: 200, epoch: 4 | loss: 0.2311328
	speed: 0.0089s/iter; left time: 39.4504s
	iters: 300, epoch: 4 | loss: 0.2155293
	speed: 0.0095s/iter; left time: 40.9915s
	iters: 400, epoch: 4 | loss: 0.2446679
	speed: 0.0088s/iter; left time: 37.3081s
	iters: 500, epoch: 4 | loss: 0.2441584
	speed: 0.0087s/iter; left time: 36.1633s
	iters: 600, epoch: 4 | loss: 0.2198929
	speed: 0.0086s/iter; left time: 34.5321s
Epoch: 4 cost time: 5.8220295906066895
Epoch: 4, Steps: 662 | Train Loss: 0.2347551 Vali Loss: 23.3520908 Test Loss: 22.7400436
EarlyStopping counter: 2 out of 5
Updating learning rate to 0.008533441867902987
	iters: 100, epoch: 5 | loss: 0.2225806
	speed: 0.0233s/iter; left time: 90.2660s
	iters: 200, epoch: 5 | loss: 0.2337596
	speed: 0.0095s/iter; left time: 35.9682s
	iters: 300, epoch: 5 | loss: 0.2596580
	speed: 0.0092s/iter; left time: 33.7963s
	iters: 400, epoch: 5 | loss: 0.2646627
	speed: 0.0085s/iter; left time: 30.2206s
	iters: 500, epoch: 5 | loss: 0.2583144
	speed: 0.0086s/iter; left time: 29.8534s
	iters: 600, epoch: 5 | loss: 0.2607229
	speed: 0.0085s/iter; left time: 28.7936s
Epoch: 5 cost time: 5.83796238899231
Epoch: 5, Steps: 662 | Train Loss: 0.2341021 Vali Loss: 23.1449833 Test Loss: 22.3438950
Validation loss decreased (23.318941 --> 23.144983).  Saving model ...
Updating learning rate to 0.006910688951175754
	iters: 100, epoch: 6 | loss: 0.2585314
	speed: 0.0230s/iter; left time: 73.7996s
	iters: 200, epoch: 6 | loss: 0.2233918
	speed: 0.0087s/iter; left time: 27.1450s
	iters: 300, epoch: 6 | loss: 0.2293599
	speed: 0.0083s/iter; left time: 25.0214s
	iters: 400, epoch: 6 | loss: 0.2341897
	speed: 0.0085s/iter; left time: 24.8755s
	iters: 500, epoch: 6 | loss: 0.2190053
	speed: 0.0088s/iter; left time: 24.8199s
	iters: 600, epoch: 6 | loss: 0.2183158
	speed: 0.0091s/iter; left time: 24.7368s
Epoch: 6 cost time: 5.73632550239563
Epoch: 6, Steps: 662 | Train Loss: 0.2336753 Vali Loss: 23.5661278 Test Loss: 23.0807495
EarlyStopping counter: 1 out of 5
Updating learning rate to 0.004997054006889188
	iters: 100, epoch: 7 | loss: 0.2327882
	speed: 0.0233s/iter; left time: 59.4465s
	iters: 200, epoch: 7 | loss: 0.2246499
	speed: 0.0085s/iter; left time: 20.7010s
	iters: 300, epoch: 7 | loss: 0.2344617
	speed: 0.0084s/iter; left time: 19.8069s
	iters: 400, epoch: 7 | loss: 0.2344846
	speed: 0.0087s/iter; left time: 19.4739s
	iters: 500, epoch: 7 | loss: 0.2601724
	speed: 0.0085s/iter; left time: 18.2912s
	iters: 600, epoch: 7 | loss: 0.2189997
	speed: 0.0088s/iter; left time: 17.9792s
Epoch: 7 cost time: 5.697317838668823
Epoch: 7, Steps: 662 | Train Loss: 0.2331630 Vali Loss: 23.1201992 Test Loss: 22.2965565
Validation loss decreased (23.144983 --> 23.120199).  Saving model ...
Updating learning rate to 0.0030838706081669476
	iters: 100, epoch: 8 | loss: 0.2043946
	speed: 0.0230s/iter; left time: 43.4312s
	iters: 200, epoch: 8 | loss: 0.2557236
	speed: 0.0087s/iter; left time: 15.5553s
	iters: 300, epoch: 8 | loss: 0.2475535
	speed: 0.0087s/iter; left time: 14.6982s
	iters: 400, epoch: 8 | loss: 0.2313536
	speed: 0.0086s/iter; left time: 13.6575s
	iters: 500, epoch: 8 | loss: 0.2169169
	speed: 0.0087s/iter; left time: 12.8982s
	iters: 600, epoch: 8 | loss: 0.2537187
	speed: 0.0085s/iter; left time: 11.7681s
Epoch: 8 cost time: 5.691577911376953
Epoch: 8, Steps: 662 | Train Loss: 0.2323155 Vali Loss: 23.1429577 Test Loss: 22.3078651
EarlyStopping counter: 1 out of 5
Updating learning rate to 0.001462403584413799
	iters: 100, epoch: 9 | loss: 0.2619803
	speed: 0.0227s/iter; left time: 27.7792s
	iters: 200, epoch: 9 | loss: 0.2588471
	speed: 0.0086s/iter; left time: 9.6555s
	iters: 300, epoch: 9 | loss: 0.2346618
	speed: 0.0085s/iter; left time: 8.6679s
	iters: 400, epoch: 9 | loss: 0.2331018
	speed: 0.0087s/iter; left time: 8.0353s
	iters: 500, epoch: 9 | loss: 0.2263657
	speed: 0.0088s/iter; left time: 7.2703s
	iters: 600, epoch: 9 | loss: 0.2502044
	speed: 0.0087s/iter; left time: 6.2835s
Epoch: 9 cost time: 5.711891174316406
Epoch: 9, Steps: 662 | Train Loss: 0.2320809 Vali Loss: 23.0709209 Test Loss: 22.2276688
Validation loss decreased (23.120199 --> 23.070921).  Saving model ...
Updating learning rate to 0.00037950659136098426
	iters: 100, epoch: 10 | loss: 0.2449969
	speed: 0.0240s/iter; left time: 13.4867s
	iters: 200, epoch: 10 | loss: 0.2100733
	speed: 0.0100s/iter; left time: 4.6145s
	iters: 300, epoch: 10 | loss: 0.2629960
	speed: 0.0098s/iter; left time: 3.5450s
	iters: 400, epoch: 10 | loss: 0.2192832
	speed: 0.0089s/iter; left time: 2.3360s
	iters: 500, epoch: 10 | loss: 0.1903990
	speed: 0.0087s/iter; left time: 1.4198s
	iters: 600, epoch: 10 | loss: 0.2260126
	speed: 0.0090s/iter; left time: 0.5700s
Epoch: 10 cost time: 6.305453300476074
Epoch: 10, Steps: 662 | Train Loss: 0.2315856 Vali Loss: 23.0577984 Test Loss: 22.2052021
Validation loss decreased (23.070921 --> 23.057798).  Saving model ...
Updating learning rate to 4.0879715109624716e-08
>>>>>>>testing : long_term_forecast_PLUS_PEMS08_p12_phase_none_SparseTSFPlus_PEMS_sl96_pl12_dm16_nh8_el2_dl1_df32_fc1_ebtimeF_dtTrue_PlusProbe_0<<<<<<<<<<<<<<<<<<<<<<<<<<<<<<<<<
data file: ../dataset/PEMS\PEMS08.npz
test 288
mse:1241.696533203125, mae:22.2052001953125
RMSE:35.23771286010742, MAPE:0.12850570678710938, MSPE:2124924059648.0
