Args in experiment:
Namespace(activation='gelu', anomaly_ratio=0.25, batch_size=16, c_out=170, channel_independence=1, checkpoints='./checkpoints/', comment='none', d_ff=32, d_layers=1, d_model=16, data='PEMS', data_path='PEMS08.npz', dec_in=170, decomp_method='moving_avg', des='PlusProbe', devices='0,1', distil=True, down_sampling_layers=0, down_sampling_method='avg', down_sampling_window=1, drop_last=True, dropout=0.1, e_layers=2, embed='timeF', emissions_file='emissions.csv', emissions_output_dir='.', enc_in=170, factor=1, features='M', freq='h', gpu=0, inverse=False, is_training=1, itr=1, label_len=0, learning_rate=0.01, loss='MSE', lradj='TST', mask_rate=0.125, model='SparseTSFPlus', model_id='PLUS_PEMS08_p12_phase_revin', model_type='linear', moving_avg=25, n_heads=8, num_kernels=6, num_workers=0, output_attention=False, p_hidden_dims=[128, 128], p_hidden_layers=2, patience=5, pct_start=0.2, percent=100, period_len=12, pred_len=12, root_path='../dataset/PEMS', seasonal_patterns='Monthly', seq_len=96, stsf_cls_head='flat', stsf_decomp='off', stsf_decomp_kernel=25, stsf_diag_mask=0, stsf_impute_passes=1, stsf_linear_bias=0, stsf_mask_conv=0, stsf_pad_fold=0, stsf_periods='', stsf_phase_kernel=3, stsf_phase_mix='linear', stsf_phase_rank=0, stsf_revin=1, stsf_revin_affine=0, target='OT', task_name='long_term_forecast', top_k=5, track_emissions=0, train_epochs=10, use_amp=False, use_future_temporal_feature=0, use_gpu=True, use_multi_gpu=False, use_norm=0)
Use GPU: cuda:0
trainable_params:165
units:revin=1,phase_mix=linear
>>>>>>>start training : long_term_forecast_PLUS_PEMS08_p12_phase_revin_none_SparseTSFPlus_PEMS_sl96_pl12_dm16_nh8_el2_dl1_df32_fc1_ebtimeF_dtTrue_PlusProbe_0>>>>>>>>>>>>>>>>>>>>>>>>>>
data file: ../dataset/PEMS\PEMS08.npz
train 10606
data file: ../dataset/PEMS\PEMS08.npz
val 3464
data file: ../dataset/PEMS\PEMS08.npz
test 288
	iters: 100, epoch: 1 | loss: 0.4320781
	speed: 0.0327s/iter; left time: 213.3172s
	iters: 200, epoch: 1 | loss: 0.3780596
	speed: 0.0091s/iter; left time: 58.6993s
	iters: 300, epoch: 1 | loss: 0.3422280
	speed: 0.0089s/iter; left time: 56.0505s
	iters: 400, epoch: 1 | loss: 0.2821808
	speed: 0.0093s/iter; left time: 57.7652s
	iters: 500, epoch: 1 | loss: 0.2464434
	speed: 0.0107s/iter; left time: 65.5889s
	iters: 600, epoch: 1 | loss: 0.2143300
	speed: 0.0093s/iter; left time: 56.1714s
Epoch: 1 cost time: 8.547443866729736
Epoch: 1, Steps: 662 | Train Loss: 0.3437951 Vali Loss: 24.6067944 Test Loss: 24.0300941
Validation loss decreased (inf --> 24.606794).  Saving model ...
Updating learning rate to 0.0052056990329532584
	iters: 100, epoch: 2 | loss: 0.2567966
	speed: 0.0241s/iter; left time: 141.1670s
	iters: 200, epoch: 2 | loss: 0.2364618
	speed: 0.0089s/iter; left time: 51.0233s
	iters: 300, epoch: 2 | loss: 0.2492498
	speed: 0.0094s/iter; left time: 53.4062s
	iters: 400, epoch: 2 | loss: 0.2442875
	speed: 0.0098s/iter; left time: 54.3602s
	iters: 500, epoch: 2 | loss: 0.2152966
	speed: 0.0093s/iter; left time: 50.5188s
	iters: 600, epoch: 2 | loss: 0.2394101
	speed: 0.0094s/iter; left time: 50.2905s
Epoch: 2 cost time: 6.133159637451172
Epoch: 2, Steps: 662 | Train Loss: 0.2384543 Vali Loss: 23.3008690 Test Loss: 22.5690498
Validation loss decreased (24.606794 --> 23.300869).  Saving model ...
Updating learning rate to 0.00999999912028489
	iters: 100, epoch: 3 | loss: 0.2343333
	speed: 0.0246s/iter; left time: 127.8314s
	iters: 200, epoch: 3 | loss: 0.2222625
	speed: 0.0090s/iter; left time: 45.7328s
	iters: 300, epoch: 3 | loss: 0.2367246
	speed: 0.0088s/iter; left time: 43.8500s
	iters: 400, epoch: 3 | loss: 0.2513705
	speed: 0.0089s/iter; left time: 43.5339s
	iters: 500, epoch: 3 | loss: 0.2637783
	speed: 0.0089s/iter; left time: 42.6289s
	iters: 600, epoch: 3 | loss: 0.2507309
	speed: 0.0092s/iter; left time: 43.3970s
Epoch: 3 cost time: 5.899908542633057
Epoch: 3, Steps: 662 | Train Loss: 0.2356820 Vali Loss: 23.4766979 Test Loss: 22.3276291
EarlyStopping counter: 1 out of 5
Updating learning rate to 0.009618263335790982
	iters: 100, epoch: 4 | loss: 0.2238398
	speed: 0.0249s/iter; left time: 113.0394s
	iters: 200, epoch: 4 | loss: 0.2309618
	speed: 0.0089s/iter; left time: 39.3308s
	iters: 300, epoch: 4 | loss: 0.2156160
	speed: 0.0088s/iter; left time: 38.0870s
	iters: 400, epoch: 4 | loss: 0.2447663
	speed: 0.0089s/iter; left time: 37.8859s
	iters: 500, epoch: 4 | loss: 0.2441994
	speed: 0.0089s/iter; left time: 36.6435s
	iters: 600, epoch: 4 | loss: 0.2199155
	speed: 0.0089s/iter; left time: 35.9610s
Epoch: 4 cost time: 5.939252853393555
Epoch: 4, Steps: 662 | Train Loss: 0.2347511 Vali Loss: 23.3390522 Test Loss: 22.7205582
EarlyStopping counter: 2 out of 5
Updating learning rate to 0.008533441867902987
	iters: 100, epoch: 5 | loss: 0.2226015
	speed: 0.0240s/iter; left time: 93.1438s
	iters: 200, epoch: 5 | loss: 0.2338658
	speed: 0.0091s/iter; left time: 34.3876s
	iters: 300, epoch: 5 | loss: 0.2596616
	speed: 0.0096s/iter; left time: 35.4205s
	iters: 400, epoch: 5 | loss: 0.2647121
	speed: 0.0091s/iter; left time: 32.3895s
	iters: 500, epoch: 5 | loss: 0.2584490
	speed: 0.0092s/iter; left time: 32.1159s
	iters: 600, epoch: 5 | loss: 0.2607324
	speed: 0.0123s/iter; left time: 41.5732s
Epoch: 5 cost time: 6.577301740646362
Epoch: 5, Steps: 662 | Train Loss: 0.2341101 Vali Loss: 23.1419239 Test Loss: 22.3335724
Validation loss decreased (23.300869 --> 23.141924).  Saving model ...
Updating learning rate to 0.006910688951175754
	iters: 100, epoch: 6 | loss: 0.2584383
	speed: 0.0289s/iter; left time: 92.8780s
	iters: 200, epoch: 6 | loss: 0.2233524
	speed: 0.0091s/iter; left time: 28.3203s
	iters: 300, epoch: 6 | loss: 0.2292719
	speed: 0.0097s/iter; left time: 29.2081s
	iters: 400, epoch: 6 | loss: 0.2341992
	speed: 0.0091s/iter; left time: 26.3868s
	iters: 500, epoch: 6 | loss: 0.2190181
	speed: 0.0090s/iter; left time: 25.1731s
	iters: 600, epoch: 6 | loss: 0.2183613
	speed: 0.0088s/iter; left time: 23.7668s
Epoch: 6 cost time: 6.081594467163086
Epoch: 6, Steps: 662 | Train Loss: 0.2336864 Vali Loss: 23.5668049 Test Loss: 23.0811844
EarlyStopping counter: 1 out of 5
Updating learning rate to 0.004997054006889188
	iters: 100, epoch: 7 | loss: 0.2327679
	speed: 0.0244s/iter; left time: 62.0975s
	iters: 200, epoch: 7 | loss: 0.2246437
	speed: 0.0090s/iter; left time: 21.9379s
	iters: 300, epoch: 7 | loss: 0.2344845
	speed: 0.0090s/iter; left time: 21.2339s
	iters: 400, epoch: 7 | loss: 0.2344905
	speed: 0.0088s/iter; left time: 19.8627s
	iters: 500, epoch: 7 | loss: 0.2601728
	speed: 0.0089s/iter; left time: 19.0672s
	iters: 600, epoch: 7 | loss: 0.2190289
	speed: 0.0091s/iter; left time: 18.5435s
Epoch: 7 cost time: 5.906092882156372
Epoch: 7, Steps: 662 | Train Loss: 0.2331601 Vali Loss: 23.1196289 Test Loss: 22.2952137
Validation loss decreased (23.141924 --> 23.119629).  Saving model ...
Updating learning rate to 0.0030838706081669476
	iters: 100, epoch: 8 | loss: 0.2042757
	speed: 0.0240s/iter; left time: 45.2665s
	iters: 200, epoch: 8 | loss: 0.2556064
	speed: 0.0094s/iter; left time: 16.7572s
	iters: 300, epoch: 8 | loss: 0.2475683
	speed: 0.0092s/iter; left time: 15.5069s
	iters: 400, epoch: 8 | loss: 0.2314213
	speed: 0.0092s/iter; left time: 14.5363s
	iters: 500, epoch: 8 | loss: 0.2169787
	speed: 0.0090s/iter; left time: 13.4293s
	iters: 600, epoch: 8 | loss: 0.2537521
	speed: 0.0090s/iter; left time: 12.4670s
Epoch: 8 cost time: 6.022850513458252
Epoch: 8, Steps: 662 | Train Loss: 0.2323147 Vali Loss: 23.1480637 Test Loss: 22.3170967
EarlyStopping counter: 1 out of 5
Updating learning rate to 0.001462403584413799
	iters: 100, epoch: 9 | loss: 0.2619846
	speed: 0.0242s/iter; left time: 29.7039s
	iters: 200, epoch: 9 | loss: 0.2589377
	speed: 0.0096s/iter; left time: 10.8375s
	iters: 300, epoch: 9 | loss: 0.2346183
	speed: 0.0093s/iter; left time: 9.5185s
	iters: 400, epoch: 9 | loss: 0.2331518
	speed: 0.0092s/iter; left time: 8.4836s
	iters: 500, epoch: 9 | loss: 0.2264818
	speed: 0.0108s/iter; left time: 8.9021s
	iters: 600, epoch: 9 | loss: 0.2502653
	speed: 0.0122s/iter; left time: 8.8365s
Epoch: 9 cost time: 6.6543190479278564
Epoch: 9, Steps: 662 | Train Loss: 0.2320788 Vali Loss: 23.0722809 Test Loss: 22.2266617
Validation loss decreased (23.119629 --> 23.072281).  Saving model ...
Updating learning rate to 0.00037950659136098426
	iters: 100, epoch: 10 | loss: 0.2448840
	speed: 0.0261s/iter; left time: 14.6675s
	iters: 200, epoch: 10 | loss: 0.2101765
	speed: 0.0093s/iter; left time: 4.3060s
	iters: 300, epoch: 10 | loss: 0.2629936
	speed: 0.0090s/iter; left time: 3.2604s
	iters: 400, epoch: 10 | loss: 0.2192853
	speed: 0.0091s/iter; left time: 2.4056s
	iters: 500, epoch: 10 | loss: 0.1904066
	speed: 0.0090s/iter; left time: 1.4721s
	iters: 600, epoch: 10 | loss: 0.2260152
	speed: 0.0090s/iter; left time: 0.5669s
Epoch: 10 cost time: 6.020539999008179
Epoch: 10, Steps: 662 | Train Loss: 0.2315865 Vali Loss: 23.0575638 Test Loss: 22.2047977
Validation loss decreased (23.072281 --> 23.057564).  Saving model ...
Updating learning rate to 4.0879715109624716e-08
>>>>>>>testing : long_term_forecast_PLUS_PEMS08_p12_phase_revin_none_SparseTSFPlus_PEMS_sl96_pl12_dm16_nh8_el2_dl1_df32_fc1_ebtimeF_dtTrue_PlusProbe_0<<<<<<<<<<<<<<<<<<<<<<<<<<<<<<<<<
data file: ../dataset/PEMS\PEMS08.npz
test 288
mse:1241.6904296875, mae:22.204795837402344
RMSE:35.23762893676758, MAPE:0.12849348783493042, MSPE:2124582354944.0
