Args in experiment:
Namespace(activation='gelu', anomaly_ratio=0.25, batch_size=32, c_out=7, channel_independence=1, checkpoints='./checkpoints/', comment='none', d_ff=32, d_layers=1, d_model=16, data='ETTm1', data_path='ETTm1.csv', dec_in=7, decomp_method='moving_avg', des='FewShot', devices='0,1', distil=True, down_sampling_layers=0, down_sampling_method='avg', down_sampling_window=1, drop_last=True, dropout=0.1, e_layers=2, embed='timeF', emissions_file='emissions.csv', emissions_output_dir='.', enc_in=7, factor=1, features='M', freq='h', gpu=0, inverse=False, is_training=1, itr=1, label_len=0, learning_rate=0.02, loss='MSE', lradj='type3', mask_rate=0.125, model='SparseTSF', model_id='FEWSHOT_ETTm1_96_192', model_type='linear', moving_avg=25, n_heads=8, num_kernels=6, num_workers=0, output_attention=False, p_hidden_dims=[128, 128], p_hidden_layers=2, patience=5, pct_start=0.2, percent=10, period_len=4, pred_len=192, root_path='C:\\Users\\bbbal\\OneDrive\\Masaüstü\\timemixer\\dataset\\ETT-small', seasonal_patterns='Monthly', seq_len=96, target='OT', task_name='long_term_forecast', top_k=5, track_emissions=0, train_epochs=30, use_amp=False, use_future_temporal_feature=0, use_gpu=True, use_multi_gpu=False, use_norm=1)
Use GPU: cuda:0
>>>>>>>start training : long_term_forecast_FEWSHOT_ETTm1_96_192_none_SparseTSF_ETTm1_sl96_pl192_dm16_nh8_el2_dl1_df32_fc1_ebtimeF_dtTrue_FewShot_0>>>>>>>>>>>>>>>>>>>>>>>>>>
train 3255
val 11329
test 11329
	iters: 100, epoch: 1 | loss: 0.3830364
	speed: 0.0291s/iter; left time: 85.2693s
Epoch: 1 cost time: 2.9172558784484863
Epoch: 1, Steps: 101 | Train Loss: 0.4420332 Vali Loss: 0.7739631 Test Loss: 0.6358759
Validation loss decreased (inf --> 0.773963).  Saving model ...
Updating learning rate to 0.02
	iters: 100, epoch: 2 | loss: 0.2984916
	speed: 0.0190s/iter; left time: 53.6404s
Epoch: 2 cost time: 0.41222167015075684
Epoch: 2, Steps: 101 | Train Loss: 0.3740323 Vali Loss: 0.6539736 Test Loss: 0.5090206
Validation loss decreased (0.773963 --> 0.653974).  Saving model ...
Updating learning rate to 0.02
	iters: 100, epoch: 3 | loss: 0.3086433
	speed: 0.0196s/iter; left time: 53.4783s
Epoch: 3 cost time: 0.4217958450317383
Epoch: 3, Steps: 101 | Train Loss: 0.3628943 Vali Loss: 0.6609684 Test Loss: 0.5133484
EarlyStopping counter: 1 out of 5
Updating learning rate to 0.02
	iters: 100, epoch: 4 | loss: 0.3418724
	speed: 0.0201s/iter; left time: 52.6927s
Epoch: 4 cost time: 0.46665143966674805
Epoch: 4, Steps: 101 | Train Loss: 0.3618273 Vali Loss: 0.6380483 Test Loss: 0.4876679
Validation loss decreased (0.653974 --> 0.638048).  Saving model ...
Updating learning rate to 0.018000000000000002
	iters: 100, epoch: 5 | loss: 0.3265018
	speed: 0.0207s/iter; left time: 52.3054s
Epoch: 5 cost time: 0.42664599418640137
Epoch: 5, Steps: 101 | Train Loss: 0.3616791 Vali Loss: 0.6361363 Test Loss: 0.4829348
Validation loss decreased (0.638048 --> 0.636136).  Saving model ...
Updating learning rate to 0.016200000000000003
	iters: 100, epoch: 6 | loss: 0.3747581
	speed: 0.0192s/iter; left time: 46.5993s
Epoch: 6 cost time: 0.4195210933685303
Epoch: 6, Steps: 101 | Train Loss: 0.3600404 Vali Loss: 0.6422148 Test Loss: 0.4946741
EarlyStopping counter: 1 out of 5
Updating learning rate to 0.014580000000000003
	iters: 100, epoch: 7 | loss: 0.3949045
	speed: 0.0197s/iter; left time: 45.7639s
Epoch: 7 cost time: 0.4207782745361328
Epoch: 7, Steps: 101 | Train Loss: 0.3602852 Vali Loss: 0.6312836 Test Loss: 0.4848046
Validation loss decreased (0.636136 --> 0.631284).  Saving model ...
Updating learning rate to 0.013122
	iters: 100, epoch: 8 | loss: 0.3791861
	speed: 0.0198s/iter; left time: 43.9876s
Epoch: 8 cost time: 0.42520785331726074
Epoch: 8, Steps: 101 | Train Loss: 0.3600722 Vali Loss: 0.6408153 Test Loss: 0.4950266
EarlyStopping counter: 1 out of 5
Updating learning rate to 0.011809800000000002
	iters: 100, epoch: 9 | loss: 0.4083019
	speed: 0.0203s/iter; left time: 43.1170s
Epoch: 9 cost time: 0.41930055618286133
Epoch: 9, Steps: 101 | Train Loss: 0.3600805 Vali Loss: 0.6497042 Test Loss: 0.5060210
EarlyStopping counter: 2 out of 5
Updating learning rate to 0.01062882
	iters: 100, epoch: 10 | loss: 0.3250472
	speed: 0.0210s/iter; left time: 42.4765s
Epoch: 10 cost time: 0.41335296630859375
Epoch: 10, Steps: 101 | Train Loss: 0.3598442 Vali Loss: 0.6342218 Test Loss: 0.4897926
EarlyStopping counter: 3 out of 5
Updating learning rate to 0.009565938000000001
	iters: 100, epoch: 11 | loss: 0.3519344
	speed: 0.0193s/iter; left time: 37.0615s
Epoch: 11 cost time: 0.42534875869750977
Epoch: 11, Steps: 101 | Train Loss: 0.3587405 Vali Loss: 0.6159268 Test Loss: 0.4728076
Validation loss decreased (0.631284 --> 0.615927).  Saving model ...
Updating learning rate to 0.008609344200000002
	iters: 100, epoch: 12 | loss: 0.3490187
	speed: 0.0198s/iter; left time: 35.9873s
Epoch: 12 cost time: 0.4320485591888428
Epoch: 12, Steps: 101 | Train Loss: 0.3584570 Vali Loss: 0.6187696 Test Loss: 0.4753417
EarlyStopping counter: 1 out of 5
Updating learning rate to 0.007748409780000002
	iters: 100, epoch: 13 | loss: 0.3521397
	speed: 0.0197s/iter; left time: 33.8894s
Epoch: 13 cost time: 0.4265480041503906
Epoch: 13, Steps: 101 | Train Loss: 0.3590666 Vali Loss: 0.6404287 Test Loss: 0.4924268
EarlyStopping counter: 2 out of 5
Updating learning rate to 0.006973568802000002
	iters: 100, epoch: 14 | loss: 0.2967087
	speed: 0.0200s/iter; left time: 32.4321s
Epoch: 14 cost time: 0.46364259719848633
Epoch: 14, Steps: 101 | Train Loss: 0.3589040 Vali Loss: 0.6157881 Test Loss: 0.4748021
Validation loss decreased (0.615927 --> 0.615788).  Saving model ...
Updating learning rate to 0.006276211921800001
	iters: 100, epoch: 15 | loss: 0.3854915
	speed: 0.0200s/iter; left time: 30.3780s
Epoch: 15 cost time: 0.3978865146636963
Epoch: 15, Steps: 101 | Train Loss: 0.3580861 Vali Loss: 0.6403361 Test Loss: 0.4916587
EarlyStopping counter: 1 out of 5
Updating learning rate to 0.005648590729620003
	iters: 100, epoch: 16 | loss: 0.3784314
	speed: 0.0201s/iter; left time: 28.4095s
Epoch: 16 cost time: 0.42925071716308594
Epoch: 16, Steps: 101 | Train Loss: 0.3584224 Vali Loss: 0.6380842 Test Loss: 0.4895155
EarlyStopping counter: 2 out of 5
Updating learning rate to 0.005083731656658002
	iters: 100, epoch: 17 | loss: 0.3064828
	speed: 0.0196s/iter; left time: 25.8379s
Epoch: 17 cost time: 0.4182896614074707
Epoch: 17, Steps: 101 | Train Loss: 0.3588369 Vali Loss: 0.6345029 Test Loss: 0.4879971
EarlyStopping counter: 3 out of 5
Updating learning rate to 0.004575358490992202
	iters: 100, epoch: 18 | loss: 0.4065616
	speed: 0.0194s/iter; left time: 23.5536s
Epoch: 18 cost time: 0.4401214122772217
Epoch: 18, Steps: 101 | Train Loss: 0.3585954 Vali Loss: 0.6347692 Test Loss: 0.4855765
EarlyStopping counter: 4 out of 5
Updating learning rate to 0.004117822641892982
	iters: 100, epoch: 19 | loss: 0.3531840
	speed: 0.0204s/iter; left time: 22.6500s
Epoch: 19 cost time: 0.48781514167785645
Epoch: 19, Steps: 101 | Train Loss: 0.3575923 Vali Loss: 0.6348855 Test Loss: 0.4879235
EarlyStopping counter: 5 out of 5
Early stopping
>>>>>>>testing : long_term_forecast_FEWSHOT_ETTm1_96_192_none_SparseTSF_ETTm1_sl96_pl192_dm16_nh8_el2_dl1_df32_fc1_ebtimeF_dtTrue_FewShot_0<<<<<<<<<<<<<<<<<<<<<<<<<<<<<<<<<
test 11329
mse:0.4748023450374603, mae:0.44047343730926514
RMSE:0.6890590190887451, MAPE:0.7144991755485535, MSPE:387.9212646484375
