Args in experiment:
Namespace(activation='gelu', anomaly_ratio=0.25, batch_size=32, c_out=7, channel_independence=1, checkpoints='./checkpoints/', comment='none', d_ff=32, d_layers=1, d_model=16, data='ETTh1', data_path='ETTh1.csv', dec_in=7, decomp_method='moving_avg', des='FewShot', devices='0,1', distil=True, down_sampling_layers=0, down_sampling_method='avg', down_sampling_window=1, drop_last=True, dropout=0.1, e_layers=2, embed='timeF', emissions_file='emissions.csv', emissions_output_dir='.', enc_in=7, factor=1, features='M', freq='h', gpu=0, inverse=False, is_training=1, itr=1, label_len=0, learning_rate=0.02, loss='MSE', lradj='type3', mask_rate=0.125, model='SparseTSF', model_id='FEWSHOT_ETTh1_96_192', model_type='linear', moving_avg=25, n_heads=8, num_kernels=6, num_workers=0, output_attention=False, p_hidden_dims=[128, 128], p_hidden_layers=2, patience=5, pct_start=0.2, percent=10, period_len=24, pred_len=192, root_path='C:\\Users\\bbbal\\OneDrive\\Masaüstü\\timemixer\\dataset\\ETT-small', seasonal_patterns='Monthly', seq_len=96, target='OT', task_name='long_term_forecast', top_k=5, track_emissions=0, train_epochs=30, use_amp=False, use_future_temporal_feature=0, use_gpu=True, use_multi_gpu=False, use_norm=1)
Use GPU: cuda:0
>>>>>>>start training : long_term_forecast_FEWSHOT_ETTh1_96_192_none_SparseTSF_ETTh1_sl96_pl192_dm16_nh8_el2_dl1_df32_fc1_ebtimeF_dtTrue_FewShot_0>>>>>>>>>>>>>>>>>>>>>>>>>>
train 663
val 2689
test 2689
Epoch: 1 cost time: 2.6763484477996826
Epoch: 1, Steps: 20 | Train Loss: 0.7428356 Vali Loss: 1.5857994 Test Loss: 0.8698868
Validation loss decreased (inf --> 1.585799).  Saving model ...
Updating learning rate to 0.02
Epoch: 2 cost time: 0.08221817016601562
Epoch: 2, Steps: 20 | Train Loss: 0.6928252 Vali Loss: 1.4130677 Test Loss: 0.6934247
Validation loss decreased (1.585799 --> 1.413068).  Saving model ...
Updating learning rate to 0.02
Epoch: 3 cost time: 0.08865714073181152
Epoch: 3, Steps: 20 | Train Loss: 0.6389566 Vali Loss: 1.1787340 Test Loss: 0.5976593
Validation loss decreased (1.413068 --> 1.178734).  Saving model ...
Updating learning rate to 0.02
Epoch: 4 cost time: 0.0860905647277832
Epoch: 4, Steps: 20 | Train Loss: 0.6155175 Vali Loss: 1.1113221 Test Loss: 0.4947941
Validation loss decreased (1.178734 --> 1.111322).  Saving model ...
Updating learning rate to 0.018000000000000002
Epoch: 5 cost time: 0.07660079002380371
Epoch: 5, Steps: 20 | Train Loss: 0.6036760 Vali Loss: 1.0572948 Test Loss: 0.4774299
Validation loss decreased (1.111322 --> 1.057295).  Saving model ...
Updating learning rate to 0.016200000000000003
Epoch: 6 cost time: 0.08951044082641602
Epoch: 6, Steps: 20 | Train Loss: 0.5965448 Vali Loss: 1.0700012 Test Loss: 0.4824252
EarlyStopping counter: 1 out of 5
Updating learning rate to 0.014580000000000003
Epoch: 7 cost time: 0.07680988311767578
Epoch: 7, Steps: 20 | Train Loss: 0.5953663 Vali Loss: 1.0615091 Test Loss: 0.4798811
EarlyStopping counter: 2 out of 5
Updating learning rate to 0.013122
Epoch: 8 cost time: 0.0741426944732666
Epoch: 8, Steps: 20 | Train Loss: 0.5926869 Vali Loss: 1.0605254 Test Loss: 0.4776692
EarlyStopping counter: 3 out of 5
Updating learning rate to 0.011809800000000002
Epoch: 9 cost time: 0.08179116249084473
Epoch: 9, Steps: 20 | Train Loss: 0.5897676 Vali Loss: 1.0560322 Test Loss: 0.4750884
Validation loss decreased (1.057295 --> 1.056032).  Saving model ...
Updating learning rate to 0.01062882
Epoch: 10 cost time: 0.082183837890625
Epoch: 10, Steps: 20 | Train Loss: 0.5908074 Vali Loss: 1.0624867 Test Loss: 0.4803883
EarlyStopping counter: 1 out of 5
Updating learning rate to 0.009565938000000001
Epoch: 11 cost time: 0.08606648445129395
Epoch: 11, Steps: 20 | Train Loss: 0.5905762 Vali Loss: 1.0585700 Test Loss: 0.4781435
EarlyStopping counter: 2 out of 5
Updating learning rate to 0.008609344200000002
Epoch: 12 cost time: 0.10327839851379395
Epoch: 12, Steps: 20 | Train Loss: 0.5913751 Vali Loss: 1.0605336 Test Loss: 0.4789543
EarlyStopping counter: 3 out of 5
Updating learning rate to 0.007748409780000002
Epoch: 13 cost time: 0.09015059471130371
Epoch: 13, Steps: 20 | Train Loss: 0.5919555 Vali Loss: 1.0571846 Test Loss: 0.4754975
EarlyStopping counter: 4 out of 5
Updating learning rate to 0.006973568802000002
Epoch: 14 cost time: 0.0936579704284668
Epoch: 14, Steps: 20 | Train Loss: 0.5946626 Vali Loss: 1.0596242 Test Loss: 0.4795619
EarlyStopping counter: 5 out of 5
Early stopping
>>>>>>>testing : long_term_forecast_FEWSHOT_ETTh1_96_192_none_SparseTSF_ETTh1_sl96_pl192_dm16_nh8_el2_dl1_df32_fc1_ebtimeF_dtTrue_FewShot_0<<<<<<<<<<<<<<<<<<<<<<<<<<<<<<<<<
test 2689
mse:0.4750882089138031, mae:0.45747050642967224
RMSE:0.6892664432525635, MAPE:0.7417986392974854, MSPE:39972.36328125
