Args in experiment:
Namespace(activation='gelu', anomaly_ratio=0.25, batch_size=32, c_out=21, channel_independence=1, checkpoints='./checkpoints/', comment='none', d_ff=32, d_layers=1, d_model=16, data='custom', data_path='weather.csv', dec_in=21, decomp_method='moving_avg', des='FewShot', devices='0,1', distil=True, down_sampling_layers=0, down_sampling_method='avg', down_sampling_window=1, drop_last=True, dropout=0.1, e_layers=2, embed='timeF', emissions_file='emissions.csv', emissions_output_dir='.', enc_in=21, factor=1, features='M', freq='h', gpu=0, inverse=False, is_training=1, itr=1, label_len=0, learning_rate=0.02, loss='MSE', lradj='type3', mask_rate=0.125, model='SparseTSF', model_id='FEWSHOT_Weather_96_720', model_type='linear', moving_avg=25, n_heads=8, num_kernels=6, num_workers=0, output_attention=False, p_hidden_dims=[128, 128], p_hidden_layers=2, patience=5, pct_start=0.2, percent=10, period_len=4, pred_len=720, root_path='<workspace>\\dataset\\weather', seasonal_patterns='Monthly', seq_len=96, target='OT', task_name='long_term_forecast', top_k=5, track_emissions=0, train_epochs=30, use_amp=False, use_future_temporal_feature=0, use_gpu=True, use_multi_gpu=False, use_norm=1)
Use GPU: cuda:0
>>>>>>>start training : long_term_forecast_FEWSHOT_Weather_96_720_none_SparseTSF_custom_sl96_pl720_dm16_nh8_el2_dl1_df32_fc1_ebtimeF_dtTrue_FewShot_0>>>>>>>>>>>>>>>>>>>>>>>>>>
train 2960
val 4551
test 9820
Epoch: 1 cost time: 3.388951539993286
Epoch: 1, Steps: 92 | Train Loss: 0.3746979 Vali Loss: 0.8690036 Test Loss: 0.3852144
Validation loss decreased (inf --> 0.869004).  Saving model ...
Updating learning rate to 0.02
Epoch: 2 cost time: 0.7141056060791016
Epoch: 2, Steps: 92 | Train Loss: 0.3461209 Vali Loss: 0.8094788 Test Loss: 0.3661271
Validation loss decreased (0.869004 --> 0.809479).  Saving model ...
Updating learning rate to 0.02
Epoch: 3 cost time: 0.8423113822937012
Epoch: 3, Steps: 92 | Train Loss: 0.3418976 Vali Loss: 0.8099239 Test Loss: 0.3666191
EarlyStopping counter: 1 out of 5
Updating learning rate to 0.02
Epoch: 4 cost time: 0.7708597183227539
Epoch: 4, Steps: 92 | Train Loss: 0.3421419 Vali Loss: 0.8062013 Test Loss: 0.3649159
Validation loss decreased (0.809479 --> 0.806201).  Saving model ...
Updating learning rate to 0.018000000000000002
Epoch: 5 cost time: 0.7366201877593994
Epoch: 5, Steps: 92 | Train Loss: 0.3412855 Vali Loss: 0.8083771 Test Loss: 0.3647465
EarlyStopping counter: 1 out of 5
Updating learning rate to 0.016200000000000003
Epoch: 6 cost time: 0.8629410266876221
Epoch: 6, Steps: 92 | Train Loss: 0.3413258 Vali Loss: 0.8016720 Test Loss: 0.3641213
Validation loss decreased (0.806201 --> 0.801672).  Saving model ...
Updating learning rate to 0.014580000000000003
Epoch: 7 cost time: 0.8006136417388916
Epoch: 7, Steps: 92 | Train Loss: 0.3410171 Vali Loss: 0.8008693 Test Loss: 0.3646338
Validation loss decreased (0.801672 --> 0.800869).  Saving model ...
Updating learning rate to 0.013122
Epoch: 8 cost time: 0.7524240016937256
Epoch: 8, Steps: 92 | Train Loss: 0.3410248 Vali Loss: 0.8079331 Test Loss: 0.3649323
EarlyStopping counter: 1 out of 5
Updating learning rate to 0.011809800000000002
Epoch: 9 cost time: 0.7528693675994873
Epoch: 9, Steps: 92 | Train Loss: 0.3411372 Vali Loss: 0.8016803 Test Loss: 0.3642785
EarlyStopping counter: 2 out of 5
Updating learning rate to 0.01062882
Epoch: 10 cost time: 0.8548643589019775
Epoch: 10, Steps: 92 | Train Loss: 0.3410371 Vali Loss: 0.8016404 Test Loss: 0.3639070
EarlyStopping counter: 3 out of 5
Updating learning rate to 0.009565938000000001
Epoch: 11 cost time: 0.8628144264221191
Epoch: 11, Steps: 92 | Train Loss: 0.3404461 Vali Loss: 0.8091956 Test Loss: 0.3653105
EarlyStopping counter: 4 out of 5
Updating learning rate to 0.008609344200000002
Epoch: 12 cost time: 0.7980496883392334
Epoch: 12, Steps: 92 | Train Loss: 0.3408052 Vali Loss: 0.8032339 Test Loss: 0.3638097
EarlyStopping counter: 5 out of 5
Early stopping
>>>>>>>testing : long_term_forecast_FEWSHOT_Weather_96_720_none_SparseTSF_custom_sl96_pl720_dm16_nh8_el2_dl1_df32_fc1_ebtimeF_dtTrue_FewShot_0<<<<<<<<<<<<<<<<<<<<<<<<<<<<<<<<<
test 9820
mse:0.36463338136672974, mae:0.36088770627975464
RMSE:0.6038488149642944, MAPE:0.6842138171195984, MSPE:33665364.0
