Args in experiment:
Namespace(activation='gelu', anomaly_ratio=0.25, batch_size=32, c_out=7, channel_independence=1, checkpoints='./checkpoints/', comment='none', d_ff=32, d_layers=1, d_model=16, data='ETTm2', data_path='ETTm2.csv', dec_in=7, decomp_method='moving_avg', des='FewShot', devices='0,1', distil=True, down_sampling_layers=0, down_sampling_method='avg', down_sampling_window=1, drop_last=True, dropout=0.1, e_layers=2, embed='timeF', emissions_file='emissions.csv', emissions_output_dir='.', enc_in=7, factor=1, features='M', freq='h', gpu=0, inverse=False, is_training=1, itr=1, label_len=0, learning_rate=0.02, loss='MSE', lradj='type3', mask_rate=0.125, model='SparseTSF', model_id='FEWSHOT_ETTm2_96_336', model_type='linear', moving_avg=25, n_heads=8, num_kernels=6, num_workers=0, output_attention=False, p_hidden_dims=[128, 128], p_hidden_layers=2, patience=5, pct_start=0.2, percent=10, period_len=4, pred_len=336, root_path='C:\\Users\\bbbal\\OneDrive\\Masaüstü\\timemixer\\dataset\\ETT-small', seasonal_patterns='Monthly', seq_len=96, target='OT', task_name='long_term_forecast', top_k=5, track_emissions=0, train_epochs=30, use_amp=False, use_future_temporal_feature=0, use_gpu=True, use_multi_gpu=False, use_norm=1)
Use GPU: cuda:0
>>>>>>>start training : long_term_forecast_FEWSHOT_ETTm2_96_336_none_SparseTSF_ETTm2_sl96_pl336_dm16_nh8_el2_dl1_df32_fc1_ebtimeF_dtTrue_FewShot_0>>>>>>>>>>>>>>>>>>>>>>>>>>
train 3111
val 11185
test 11185
Epoch: 1 cost time: 3.032978057861328
Epoch: 1, Steps: 97 | Train Loss: 0.2437656 Vali Loss: 0.2413810 Test Loss: 0.3375419
Validation loss decreased (inf --> 0.241381).  Saving model ...
Updating learning rate to 0.02
Epoch: 2 cost time: 0.4472332000732422
Epoch: 2, Steps: 97 | Train Loss: 0.2036613 Vali Loss: 0.2202099 Test Loss: 0.3131049
Validation loss decreased (0.241381 --> 0.220210).  Saving model ...
Updating learning rate to 0.02
Epoch: 3 cost time: 0.4613533020019531
Epoch: 3, Steps: 97 | Train Loss: 0.1973498 Vali Loss: 0.2170762 Test Loss: 0.3109470
Validation loss decreased (0.220210 --> 0.217076).  Saving model ...
Updating learning rate to 0.02
Epoch: 4 cost time: 0.46384167671203613
Epoch: 4, Steps: 97 | Train Loss: 0.1965837 Vali Loss: 0.2170757 Test Loss: 0.3109514
Validation loss decreased (0.217076 --> 0.217076).  Saving model ...
Updating learning rate to 0.018000000000000002
Epoch: 5 cost time: 0.4858574867248535
Epoch: 5, Steps: 97 | Train Loss: 0.1961108 Vali Loss: 0.2169035 Test Loss: 0.3104124
Validation loss decreased (0.217076 --> 0.216904).  Saving model ...
Updating learning rate to 0.016200000000000003
Epoch: 6 cost time: 0.4588947296142578
Epoch: 6, Steps: 97 | Train Loss: 0.1961418 Vali Loss: 0.2177107 Test Loss: 0.3119178
EarlyStopping counter: 1 out of 5
Updating learning rate to 0.014580000000000003
Epoch: 7 cost time: 0.4412391185760498
Epoch: 7, Steps: 97 | Train Loss: 0.1959504 Vali Loss: 0.2177514 Test Loss: 0.3105697
EarlyStopping counter: 2 out of 5
Updating learning rate to 0.013122
Epoch: 8 cost time: 0.44504666328430176
Epoch: 8, Steps: 97 | Train Loss: 0.1957535 Vali Loss: 0.2174259 Test Loss: 0.3104075
EarlyStopping counter: 3 out of 5
Updating learning rate to 0.011809800000000002
Epoch: 9 cost time: 0.4522073268890381
Epoch: 9, Steps: 97 | Train Loss: 0.1953547 Vali Loss: 0.2176340 Test Loss: 0.3107377
EarlyStopping counter: 4 out of 5
Updating learning rate to 0.01062882
Epoch: 10 cost time: 0.44677305221557617
Epoch: 10, Steps: 97 | Train Loss: 0.1955163 Vali Loss: 0.2169704 Test Loss: 0.3104087
EarlyStopping counter: 5 out of 5
Early stopping
>>>>>>>testing : long_term_forecast_FEWSHOT_ETTm2_96_336_none_SparseTSF_ETTm2_sl96_pl336_dm16_nh8_el2_dl1_df32_fc1_ebtimeF_dtTrue_FewShot_0<<<<<<<<<<<<<<<<<<<<<<<<<<<<<<<<<
test 11185
mse:0.3104122579097748, mae:0.34008124470710754
RMSE:0.5571465492248535, MAPE:0.47532764077186584, MSPE:300.3436279296875
