Args in experiment:
Namespace(activation='gelu', anomaly_ratio=0.25, batch_size=32, c_out=21, channel_independence=1, checkpoints='./checkpoints/', comment='none', d_ff=32, d_layers=1, d_model=16, data='custom', data_path='weather.csv', dec_in=21, decomp_method='moving_avg', des='FewShot', devices='0,1', distil=True, down_sampling_layers=0, down_sampling_method='avg', down_sampling_window=1, drop_last=True, dropout=0.1, e_layers=2, embed='timeF', emissions_file='emissions.csv', emissions_output_dir='.', enc_in=21, factor=1, features='M', freq='h', gpu=0, inverse=False, is_training=1, itr=1, label_len=0, learning_rate=0.02, loss='MSE', lradj='type3', mask_rate=0.125, model='SparseTSF', model_id='FEWSHOT_Weather_96_336', model_type='linear', moving_avg=25, n_heads=8, num_kernels=6, num_workers=0, output_attention=False, p_hidden_dims=[128, 128], p_hidden_layers=2, patience=5, pct_start=0.2, percent=10, period_len=4, pred_len=336, root_path='<workspace>\\dataset\\weather', seasonal_patterns='Monthly', seq_len=96, target='OT', task_name='long_term_forecast', top_k=5, track_emissions=0, train_epochs=30, use_amp=False, use_future_temporal_feature=0, use_gpu=True, use_multi_gpu=False, use_norm=1)
Use GPU: cuda:0
>>>>>>>start training : long_term_forecast_FEWSHOT_Weather_96_336_none_SparseTSF_custom_sl96_pl336_dm16_nh8_el2_dl1_df32_fc1_ebtimeF_dtTrue_FewShot_0>>>>>>>>>>>>>>>>>>>>>>>>>>
train 3344
val 4935
test 10204
	iters: 100, epoch: 1 | loss: 0.3058929
	speed: 0.0343s/iter; left time: 103.6999s
Epoch: 1 cost time: 3.463803291320801
Epoch: 1, Steps: 104 | Train Loss: 0.3031960 Vali Loss: 0.7479154 Test Loss: 0.3123827
Validation loss decreased (inf --> 0.747915).  Saving model ...
Updating learning rate to 0.02
	iters: 100, epoch: 2 | loss: 0.2662338
	speed: 0.0243s/iter; left time: 70.7998s
Epoch: 2 cost time: 0.7162683010101318
Epoch: 2, Steps: 104 | Train Loss: 0.2746778 Vali Loss: 0.6836675 Test Loss: 0.2926746
Validation loss decreased (0.747915 --> 0.683667).  Saving model ...
Updating learning rate to 0.02
	iters: 100, epoch: 3 | loss: 0.2691325
	speed: 0.0226s/iter; left time: 63.5419s
Epoch: 3 cost time: 0.6068246364593506
Epoch: 3, Steps: 104 | Train Loss: 0.2708950 Vali Loss: 0.6817773 Test Loss: 0.2917515
Validation loss decreased (0.683667 --> 0.681777).  Saving model ...
Updating learning rate to 0.02
	iters: 100, epoch: 4 | loss: 0.3009405
	speed: 0.0230s/iter; left time: 62.4018s
Epoch: 4 cost time: 0.6604709625244141
Epoch: 4, Steps: 104 | Train Loss: 0.2704635 Vali Loss: 0.6997900 Test Loss: 0.2948068
EarlyStopping counter: 1 out of 5
Updating learning rate to 0.018000000000000002
	iters: 100, epoch: 5 | loss: 0.2512828
	speed: 0.0223s/iter; left time: 58.0889s
Epoch: 5 cost time: 0.6554319858551025
Epoch: 5, Steps: 104 | Train Loss: 0.2710602 Vali Loss: 0.6906557 Test Loss: 0.2929288
EarlyStopping counter: 2 out of 5
Updating learning rate to 0.016200000000000003
	iters: 100, epoch: 6 | loss: 0.3004444
	speed: 0.0222s/iter; left time: 55.6248s
Epoch: 6 cost time: 0.6249420642852783
Epoch: 6, Steps: 104 | Train Loss: 0.2697678 Vali Loss: 0.6902768 Test Loss: 0.2925651
EarlyStopping counter: 3 out of 5
Updating learning rate to 0.014580000000000003
	iters: 100, epoch: 7 | loss: 0.2964427
	speed: 0.0227s/iter; left time: 54.4377s
Epoch: 7 cost time: 0.5940103530883789
Epoch: 7, Steps: 104 | Train Loss: 0.2700725 Vali Loss: 0.6845127 Test Loss: 0.2911599
EarlyStopping counter: 4 out of 5
Updating learning rate to 0.013122
	iters: 100, epoch: 8 | loss: 0.2541815
	speed: 0.0222s/iter; left time: 50.9994s
Epoch: 8 cost time: 0.6087424755096436
Epoch: 8, Steps: 104 | Train Loss: 0.2697622 Vali Loss: 0.6948052 Test Loss: 0.2924650
EarlyStopping counter: 5 out of 5
Early stopping
>>>>>>>testing : long_term_forecast_FEWSHOT_Weather_96_336_none_SparseTSF_custom_sl96_pl336_dm16_nh8_el2_dl1_df32_fc1_ebtimeF_dtTrue_FewShot_0<<<<<<<<<<<<<<<<<<<<<<<<<<<<<<<<<
test 10204
mse:0.2917517423629761, mae:0.3141891062259674
RMSE:0.5401405096054077, MAPE:0.6310290098190308, MSPE:29139072.0
