Args in experiment:
Namespace(activation='gelu', anomaly_ratio=0.25, batch_size=32, c_out=7, channel_independence=1, checkpoints='./checkpoints/', comment='none', d_ff=32, d_layers=1, d_model=16, data='ETTm1', data_path='ETTm1.csv', dec_in=7, decomp_method='moving_avg', des='FewShot', devices='0,1', distil=True, down_sampling_layers=0, down_sampling_method='avg', down_sampling_window=1, drop_last=True, dropout=0.1, e_layers=2, embed='timeF', emissions_file='emissions.csv', emissions_output_dir='.', enc_in=7, factor=1, features='M', freq='h', gpu=0, inverse=False, is_training=1, itr=1, label_len=0, learning_rate=0.02, loss='MSE', lradj='type3', mask_rate=0.125, model='SparseTSF', model_id='FEWSHOT_ETTm1_96_720', model_type='linear', moving_avg=25, n_heads=8, num_kernels=6, num_workers=0, output_attention=False, p_hidden_dims=[128, 128], p_hidden_layers=2, patience=5, pct_start=0.2, percent=10, period_len=4, pred_len=720, root_path='<workspace>\\dataset\\ETT-small', seasonal_patterns='Monthly', seq_len=96, target='OT', task_name='long_term_forecast', top_k=5, track_emissions=0, train_epochs=30, use_amp=False, use_future_temporal_feature=0, use_gpu=True, use_multi_gpu=False, use_norm=1)
Use GPU: cuda:0
>>>>>>>start training : long_term_forecast_FEWSHOT_ETTm1_96_720_none_SparseTSF_ETTm1_sl96_pl720_dm16_nh8_el2_dl1_df32_fc1_ebtimeF_dtTrue_FewShot_0>>>>>>>>>>>>>>>>>>>>>>>>>>
train 2727
val 10801
test 10801
Epoch: 1 cost time: 3.030682325363159
Epoch: 1, Steps: 85 | Train Loss: 0.5852849 Vali Loss: 1.2142902 Test Loss: 0.6858479
Validation loss decreased (inf --> 1.214290).  Saving model ...
Updating learning rate to 0.02
Epoch: 2 cost time: 0.46254444122314453
Epoch: 2, Steps: 85 | Train Loss: 0.5258735 Vali Loss: 1.0891814 Test Loss: 0.5615998
Validation loss decreased (1.214290 --> 1.089181).  Saving model ...
Updating learning rate to 0.02
Epoch: 3 cost time: 0.5060868263244629
Epoch: 3, Steps: 85 | Train Loss: 0.5134326 Vali Loss: 1.0800607 Test Loss: 0.5472010
Validation loss decreased (1.089181 --> 1.080061).  Saving model ...
Updating learning rate to 0.02
Epoch: 4 cost time: 0.5183703899383545
Epoch: 4, Steps: 85 | Train Loss: 0.5122737 Vali Loss: 1.0869882 Test Loss: 0.5532680
EarlyStopping counter: 1 out of 5
Updating learning rate to 0.018000000000000002
Epoch: 5 cost time: 0.46248507499694824
Epoch: 5, Steps: 85 | Train Loss: 0.5110720 Vali Loss: 1.0700662 Test Loss: 0.5428956
Validation loss decreased (1.080061 --> 1.070066).  Saving model ...
Updating learning rate to 0.016200000000000003
Epoch: 6 cost time: 0.48171544075012207
Epoch: 6, Steps: 85 | Train Loss: 0.5102023 Vali Loss: 1.0770226 Test Loss: 0.5467901
EarlyStopping counter: 1 out of 5
Updating learning rate to 0.014580000000000003
Epoch: 7 cost time: 0.48395657539367676
Epoch: 7, Steps: 85 | Train Loss: 0.5101903 Vali Loss: 1.0705394 Test Loss: 0.5377065
EarlyStopping counter: 2 out of 5
Updating learning rate to 0.013122
Epoch: 8 cost time: 0.47203612327575684
Epoch: 8, Steps: 85 | Train Loss: 0.5102718 Vali Loss: 1.0683376 Test Loss: 0.5375616
Validation loss decreased (1.070066 --> 1.068338).  Saving model ...
Updating learning rate to 0.011809800000000002
Epoch: 9 cost time: 0.4974989891052246
Epoch: 9, Steps: 85 | Train Loss: 0.5099719 Vali Loss: 1.0693567 Test Loss: 0.5420750
EarlyStopping counter: 1 out of 5
Updating learning rate to 0.01062882
Epoch: 10 cost time: 0.46518468856811523
Epoch: 10, Steps: 85 | Train Loss: 0.5089840 Vali Loss: 1.0679566 Test Loss: 0.5381146
Validation loss decreased (1.068338 --> 1.067957).  Saving model ...
Updating learning rate to 0.009565938000000001
Epoch: 11 cost time: 0.4630587100982666
Epoch: 11, Steps: 85 | Train Loss: 0.5094772 Vali Loss: 1.0595785 Test Loss: 0.5305982
Validation loss decreased (1.067957 --> 1.059578).  Saving model ...
Updating learning rate to 0.008609344200000002
Epoch: 12 cost time: 0.48937129974365234
Epoch: 12, Steps: 85 | Train Loss: 0.5094421 Vali Loss: 1.0792151 Test Loss: 0.5464525
EarlyStopping counter: 1 out of 5
Updating learning rate to 0.007748409780000002
Epoch: 13 cost time: 0.4876363277435303
Epoch: 13, Steps: 85 | Train Loss: 0.5090125 Vali Loss: 1.0768292 Test Loss: 0.5444804
EarlyStopping counter: 2 out of 5
Updating learning rate to 0.006973568802000002
Epoch: 14 cost time: 0.5374536514282227
Epoch: 14, Steps: 85 | Train Loss: 0.5093486 Vali Loss: 1.0616005 Test Loss: 0.5348704
EarlyStopping counter: 3 out of 5
Updating learning rate to 0.006276211921800001
Epoch: 15 cost time: 0.4873955249786377
Epoch: 15, Steps: 85 | Train Loss: 0.5085896 Vali Loss: 1.0789185 Test Loss: 0.5473798
EarlyStopping counter: 4 out of 5
Updating learning rate to 0.005648590729620003
Epoch: 16 cost time: 0.44699978828430176
Epoch: 16, Steps: 85 | Train Loss: 0.5086984 Vali Loss: 1.0759920 Test Loss: 0.5424739
EarlyStopping counter: 5 out of 5
Early stopping
>>>>>>>testing : long_term_forecast_FEWSHOT_ETTm1_96_720_none_SparseTSF_ETTm1_sl96_pl720_dm16_nh8_el2_dl1_df32_fc1_ebtimeF_dtTrue_FewShot_0<<<<<<<<<<<<<<<<<<<<<<<<<<<<<<<<<
test 10801
mse:0.5305983424186707, mae:0.47713717818260193
RMSE:0.7284218072891235, MAPE:0.7551436424255371, MSPE:409.80810546875
