Args in experiment:
Namespace(activation='gelu', anomaly_ratio=0.25, batch_size=32, c_out=321, channel_independence=1, checkpoints='./checkpoints/', comment='none', d_ff=32, d_layers=1, d_model=16, data='custom', data_path='electricity.csv', dec_in=321, decomp_method='moving_avg', des='FewShot', devices='0,1', distil=True, down_sampling_layers=0, down_sampling_method='avg', down_sampling_window=1, drop_last=True, dropout=0.1, e_layers=2, embed='timeF', emissions_file='emissions.csv', emissions_output_dir='.', enc_in=321, factor=1, features='M', freq='h', gpu=0, inverse=False, is_training=1, itr=1, label_len=0, learning_rate=0.02, loss='MSE', lradj='type3', mask_rate=0.125, model='SparseTSF', model_id='FEWSHOT_Electricity_96_336', model_type='linear', moving_avg=25, n_heads=8, num_kernels=6, num_workers=0, output_attention=False, p_hidden_dims=[128, 128], p_hidden_layers=2, patience=5, pct_start=0.2, percent=10, period_len=24, pred_len=336, root_path='C:\\Users\\bbbal\\OneDrive\\Masaüstü\\timemixer\\dataset\\electricity', seasonal_patterns='Monthly', seq_len=96, target='OT', task_name='long_term_forecast', top_k=5, track_emissions=0, train_epochs=30, use_amp=False, use_future_temporal_feature=0, use_gpu=True, use_multi_gpu=False, use_norm=1)
Use GPU: cuda:0
>>>>>>>start training : long_term_forecast_FEWSHOT_Electricity_96_336_none_SparseTSF_custom_sl96_pl336_dm16_nh8_el2_dl1_df32_fc1_ebtimeF_dtTrue_FewShot_0>>>>>>>>>>>>>>>>>>>>>>>>>>
train 1496
val 2297
test 4925
Epoch: 1 cost time: 5.004776239395142
Epoch: 1, Steps: 46 | Train Loss: 1.4131939 Vali Loss: 0.9035677 Test Loss: 1.0193537
Validation loss decreased (inf --> 0.903568).  Saving model ...
Updating learning rate to 0.02
Epoch: 2 cost time: 2.1966636180877686
Epoch: 2, Steps: 46 | Train Loss: 0.9517867 Vali Loss: 0.3270858 Test Loss: 0.3547165
Validation loss decreased (0.903568 --> 0.327086).  Saving model ...
Updating learning rate to 0.02
Epoch: 3 cost time: 2.2877461910247803
Epoch: 3, Steps: 46 | Train Loss: 0.3292681 Vali Loss: 0.2240569 Test Loss: 0.2499772
Validation loss decreased (0.327086 --> 0.224057).  Saving model ...
Updating learning rate to 0.02
Epoch: 4 cost time: 2.160534620285034
Epoch: 4, Steps: 46 | Train Loss: 0.2658532 Vali Loss: 0.2067590 Test Loss: 0.2322596
Validation loss decreased (0.224057 --> 0.206759).  Saving model ...
Updating learning rate to 0.018000000000000002
Epoch: 5 cost time: 2.3184568881988525
Epoch: 5, Steps: 46 | Train Loss: 0.2463610 Vali Loss: 0.1960037 Test Loss: 0.2208198
Validation loss decreased (0.206759 --> 0.196004).  Saving model ...
Updating learning rate to 0.016200000000000003
Epoch: 6 cost time: 2.396728754043579
Epoch: 6, Steps: 46 | Train Loss: 0.2406226 Vali Loss: 0.1947925 Test Loss: 0.2188880
Validation loss decreased (0.196004 --> 0.194792).  Saving model ...
Updating learning rate to 0.014580000000000003
Epoch: 7 cost time: 2.2646987438201904
Epoch: 7, Steps: 46 | Train Loss: 0.2394514 Vali Loss: 0.1945353 Test Loss: 0.2186449
Validation loss decreased (0.194792 --> 0.194535).  Saving model ...
Updating learning rate to 0.013122
Epoch: 8 cost time: 2.2373788356781006
Epoch: 8, Steps: 46 | Train Loss: 0.2393279 Vali Loss: 0.1944170 Test Loss: 0.2186680
Validation loss decreased (0.194535 --> 0.194417).  Saving model ...
Updating learning rate to 0.011809800000000002
Epoch: 9 cost time: 2.184458017349243
Epoch: 9, Steps: 46 | Train Loss: 0.2392511 Vali Loss: 0.1943079 Test Loss: 0.2186030
Validation loss decreased (0.194417 --> 0.194308).  Saving model ...
Updating learning rate to 0.01062882
Epoch: 10 cost time: 2.253282070159912
Epoch: 10, Steps: 46 | Train Loss: 0.2393342 Vali Loss: 0.1944008 Test Loss: 0.2187052
EarlyStopping counter: 1 out of 5
Updating learning rate to 0.009565938000000001
Epoch: 11 cost time: 2.2839066982269287
Epoch: 11, Steps: 46 | Train Loss: 0.2388335 Vali Loss: 0.1944065 Test Loss: 0.2184492
EarlyStopping counter: 2 out of 5
Updating learning rate to 0.008609344200000002
Epoch: 12 cost time: 2.2906033992767334
Epoch: 12, Steps: 46 | Train Loss: 0.2392054 Vali Loss: 0.1943121 Test Loss: 0.2186655
EarlyStopping counter: 3 out of 5
Updating learning rate to 0.007748409780000002
Epoch: 13 cost time: 2.3232085704803467
Epoch: 13, Steps: 46 | Train Loss: 0.2390357 Vali Loss: 0.1943998 Test Loss: 0.2185797
EarlyStopping counter: 4 out of 5
Updating learning rate to 0.006973568802000002
Epoch: 14 cost time: 2.365783214569092
Epoch: 14, Steps: 46 | Train Loss: 0.2386116 Vali Loss: 0.1941567 Test Loss: 0.2183957
Validation loss decreased (0.194308 --> 0.194157).  Saving model ...
Updating learning rate to 0.006276211921800001
Epoch: 15 cost time: 2.4490599632263184
Epoch: 15, Steps: 46 | Train Loss: 0.2389166 Vali Loss: 0.1941736 Test Loss: 0.2183247
EarlyStopping counter: 1 out of 5
Updating learning rate to 0.005648590729620003
Epoch: 16 cost time: 2.280334711074829
Epoch: 16, Steps: 46 | Train Loss: 0.2388444 Vali Loss: 0.1941720 Test Loss: 0.2182631
EarlyStopping counter: 2 out of 5
Updating learning rate to 0.005083731656658002
Epoch: 17 cost time: 2.261823892593384
Epoch: 17, Steps: 46 | Train Loss: 0.2387261 Vali Loss: 0.1940512 Test Loss: 0.2182016
Validation loss decreased (0.194157 --> 0.194051).  Saving model ...
Updating learning rate to 0.004575358490992202
Epoch: 18 cost time: 2.3026530742645264
Epoch: 18, Steps: 46 | Train Loss: 0.2390353 Vali Loss: 0.1941301 Test Loss: 0.2182438
EarlyStopping counter: 1 out of 5
Updating learning rate to 0.004117822641892982
Epoch: 19 cost time: 2.323953628540039
Epoch: 19, Steps: 46 | Train Loss: 0.2388472 Vali Loss: 0.1940280 Test Loss: 0.2182187
Validation loss decreased (0.194051 --> 0.194028).  Saving model ...
Updating learning rate to 0.0037060403777036833
Epoch: 20 cost time: 2.327235460281372
Epoch: 20, Steps: 46 | Train Loss: 0.2389213 Vali Loss: 0.1940912 Test Loss: 0.2181449
EarlyStopping counter: 1 out of 5
Updating learning rate to 0.0033354363399333152
Epoch: 21 cost time: 2.3161697387695312
Epoch: 21, Steps: 46 | Train Loss: 0.2389350 Vali Loss: 0.1941447 Test Loss: 0.2182520
EarlyStopping counter: 2 out of 5
Updating learning rate to 0.0030018927059399835
Epoch: 22 cost time: 2.2751595973968506
Epoch: 22, Steps: 46 | Train Loss: 0.2391113 Vali Loss: 0.1938403 Test Loss: 0.2182830
Validation loss decreased (0.194028 --> 0.193840).  Saving model ...
Updating learning rate to 0.0027017034353459856
Epoch: 23 cost time: 2.32214617729187
Epoch: 23, Steps: 46 | Train Loss: 0.2386666 Vali Loss: 0.1941481 Test Loss: 0.2183104
EarlyStopping counter: 1 out of 5
Updating learning rate to 0.002431533091811387
Epoch: 24 cost time: 2.3999552726745605
Epoch: 24, Steps: 46 | Train Loss: 0.2387041 Vali Loss: 0.1941061 Test Loss: 0.2184354
EarlyStopping counter: 2 out of 5
Updating learning rate to 0.0021883797826302486
Epoch: 25 cost time: 2.2788870334625244
Epoch: 25, Steps: 46 | Train Loss: 0.2387739 Vali Loss: 0.1942441 Test Loss: 0.2182182
EarlyStopping counter: 3 out of 5
Updating learning rate to 0.0019695418043672234
Epoch: 26 cost time: 2.391510009765625
Epoch: 26, Steps: 46 | Train Loss: 0.2388039 Vali Loss: 0.1941715 Test Loss: 0.2181433
EarlyStopping counter: 4 out of 5
Updating learning rate to 0.0017725876239305014
Epoch: 27 cost time: 2.363560914993286
Epoch: 27, Steps: 46 | Train Loss: 0.2391363 Vali Loss: 0.1939233 Test Loss: 0.2182085
EarlyStopping counter: 5 out of 5
Early stopping
>>>>>>>testing : long_term_forecast_FEWSHOT_Electricity_96_336_none_SparseTSF_custom_sl96_pl336_dm16_nh8_el2_dl1_df32_fc1_ebtimeF_dtTrue_FewShot_0<<<<<<<<<<<<<<<<<<<<<<<<<<<<<<<<<
test 4925
mse:0.2182832509279251, mae:0.2960459291934967
RMSE:0.4672079384326935, MAPE:0.5083795785903931, MSPE:720773.1875
