Args in experiment:
Namespace(activation='gelu', anomaly_ratio=0.25, batch_size=32, c_out=7, channel_independence=1, checkpoints='./checkpoints/', comment='none', d_ff=32, d_layers=1, d_model=16, data='ETTh1', data_path='ETTh1.csv', dec_in=7, decomp_method='moving_avg', des='FewShot', devices='0,1', distil=True, down_sampling_layers=0, down_sampling_method='avg', down_sampling_window=1, drop_last=True, dropout=0.1, e_layers=2, embed='timeF', emissions_file='emissions.csv', emissions_output_dir='.', enc_in=7, factor=1, features='M', freq='h', gpu=0, inverse=False, is_training=1, itr=1, label_len=0, learning_rate=0.02, loss='MSE', lradj='type3', mask_rate=0.125, model='SparseTSF', model_id='FEWSHOT_ETTh1_96_96', model_type='linear', moving_avg=25, n_heads=8, num_kernels=6, num_workers=0, output_attention=False, p_hidden_dims=[128, 128], p_hidden_layers=2, patience=5, pct_start=0.2, percent=10, period_len=24, pred_len=96, root_path='<workspace>\\dataset\\ETT-small', seasonal_patterns='Monthly', seq_len=96, target='OT', task_name='long_term_forecast', top_k=5, track_emissions=0, train_epochs=30, use_amp=False, use_future_temporal_feature=0, use_gpu=True, use_multi_gpu=False, use_norm=1)
Use GPU: cuda:0
>>>>>>>start training : long_term_forecast_FEWSHOT_ETTh1_96_96_none_SparseTSF_ETTh1_sl96_pl96_dm16_nh8_el2_dl1_df32_fc1_ebtimeF_dtTrue_FewShot_0>>>>>>>>>>>>>>>>>>>>>>>>>>
train 759
val 2785
test 2785
Epoch: 1 cost time: 8.483354806900024
Epoch: 1, Steps: 23 | Train Loss: 0.6725844 Vali Loss: 1.4522133 Test Loss: 1.0232765
Validation loss decreased (inf --> 1.452213).  Saving model ...
Updating learning rate to 0.02
Epoch: 2 cost time: 0.08849287033081055
Epoch: 2, Steps: 23 | Train Loss: 0.6058529 Vali Loss: 1.1728108 Test Loss: 0.7384440
Validation loss decreased (1.452213 --> 1.172811).  Saving model ...
Updating learning rate to 0.02
Epoch: 3 cost time: 0.09672236442565918
Epoch: 3, Steps: 23 | Train Loss: 0.5296459 Vali Loss: 0.9693848 Test Loss: 0.6519435
Validation loss decreased (1.172811 --> 0.969385).  Saving model ...
Updating learning rate to 0.02
Epoch: 4 cost time: 0.08729386329650879
Epoch: 4, Steps: 23 | Train Loss: 0.5048333 Vali Loss: 0.9047821 Test Loss: 0.5884850
Validation loss decreased (0.969385 --> 0.904782).  Saving model ...
Updating learning rate to 0.018000000000000002
Epoch: 5 cost time: 0.09219551086425781
Epoch: 5, Steps: 23 | Train Loss: 0.4854336 Vali Loss: 0.8158985 Test Loss: 0.5188117
Validation loss decreased (0.904782 --> 0.815898).  Saving model ...
Updating learning rate to 0.016200000000000003
Epoch: 6 cost time: 0.09483146667480469
Epoch: 6, Steps: 23 | Train Loss: 0.4821834 Vali Loss: 0.8047718 Test Loss: 0.4906584
Validation loss decreased (0.815898 --> 0.804772).  Saving model ...
Updating learning rate to 0.014580000000000003
Epoch: 7 cost time: 0.09145021438598633
Epoch: 7, Steps: 23 | Train Loss: 0.4734233 Vali Loss: 0.7814081 Test Loss: 0.4639418
Validation loss decreased (0.804772 --> 0.781408).  Saving model ...
Updating learning rate to 0.013122
Epoch: 8 cost time: 0.09227609634399414
Epoch: 8, Steps: 23 | Train Loss: 0.4730824 Vali Loss: 0.7750408 Test Loss: 0.4585056
Validation loss decreased (0.781408 --> 0.775041).  Saving model ...
Updating learning rate to 0.011809800000000002
Epoch: 9 cost time: 0.09485888481140137
Epoch: 9, Steps: 23 | Train Loss: 0.4663273 Vali Loss: 0.7738629 Test Loss: 0.4595228
Validation loss decreased (0.775041 --> 0.773863).  Saving model ...
Updating learning rate to 0.01062882
Epoch: 10 cost time: 0.08185768127441406
Epoch: 10, Steps: 23 | Train Loss: 0.4678229 Vali Loss: 0.7785251 Test Loss: 0.4541488
EarlyStopping counter: 1 out of 5
Updating learning rate to 0.009565938000000001
Epoch: 11 cost time: 0.09522795677185059
Epoch: 11, Steps: 23 | Train Loss: 0.4668185 Vali Loss: 0.7702878 Test Loss: 0.4556670
Validation loss decreased (0.773863 --> 0.770288).  Saving model ...
Updating learning rate to 0.008609344200000002
Epoch: 12 cost time: 0.08593893051147461
Epoch: 12, Steps: 23 | Train Loss: 0.4672458 Vali Loss: 0.7698789 Test Loss: 0.4484338
Validation loss decreased (0.770288 --> 0.769879).  Saving model ...
Updating learning rate to 0.007748409780000002
Epoch: 13 cost time: 0.09427142143249512
Epoch: 13, Steps: 23 | Train Loss: 0.4637360 Vali Loss: 0.7721575 Test Loss: 0.4483663
EarlyStopping counter: 1 out of 5
Updating learning rate to 0.006973568802000002
Epoch: 14 cost time: 0.08640050888061523
Epoch: 14, Steps: 23 | Train Loss: 0.4645011 Vali Loss: 0.7679898 Test Loss: 0.4481645
Validation loss decreased (0.769879 --> 0.767990).  Saving model ...
Updating learning rate to 0.006276211921800001
Epoch: 15 cost time: 0.09198641777038574
Epoch: 15, Steps: 23 | Train Loss: 0.4608901 Vali Loss: 0.7652812 Test Loss: 0.4450043
Validation loss decreased (0.767990 --> 0.765281).  Saving model ...
Updating learning rate to 0.005648590729620003
Epoch: 16 cost time: 0.10846161842346191
Epoch: 16, Steps: 23 | Train Loss: 0.4644963 Vali Loss: 0.7677834 Test Loss: 0.4467947
EarlyStopping counter: 1 out of 5
Updating learning rate to 0.005083731656658002
Epoch: 17 cost time: 0.09335994720458984
Epoch: 17, Steps: 23 | Train Loss: 0.4639868 Vali Loss: 0.7692872 Test Loss: 0.4462811
EarlyStopping counter: 2 out of 5
Updating learning rate to 0.004575358490992202
Epoch: 18 cost time: 0.09413671493530273
Epoch: 18, Steps: 23 | Train Loss: 0.4590364 Vali Loss: 0.7637302 Test Loss: 0.4447874
Validation loss decreased (0.765281 --> 0.763730).  Saving model ...
Updating learning rate to 0.004117822641892982
Epoch: 19 cost time: 0.0867161750793457
Epoch: 19, Steps: 23 | Train Loss: 0.4636717 Vali Loss: 0.7651473 Test Loss: 0.4425719
EarlyStopping counter: 1 out of 5
Updating learning rate to 0.0037060403777036833
Epoch: 20 cost time: 0.10076022148132324
Epoch: 20, Steps: 23 | Train Loss: 0.4586181 Vali Loss: 0.7678313 Test Loss: 0.4470932
EarlyStopping counter: 2 out of 5
Updating learning rate to 0.0033354363399333152
Epoch: 21 cost time: 0.09251070022583008
Epoch: 21, Steps: 23 | Train Loss: 0.4621825 Vali Loss: 0.7643731 Test Loss: 0.4436127
EarlyStopping counter: 3 out of 5
Updating learning rate to 0.0030018927059399835
Epoch: 22 cost time: 0.09233427047729492
Epoch: 22, Steps: 23 | Train Loss: 0.4597299 Vali Loss: 0.7643651 Test Loss: 0.4426208
EarlyStopping counter: 4 out of 5
Updating learning rate to 0.0027017034353459856
Epoch: 23 cost time: 0.08519530296325684
Epoch: 23, Steps: 23 | Train Loss: 0.4622113 Vali Loss: 0.7659412 Test Loss: 0.4450173
EarlyStopping counter: 5 out of 5
Early stopping
>>>>>>>testing : long_term_forecast_FEWSHOT_ETTh1_96_96_none_SparseTSF_ETTh1_sl96_pl96_dm16_nh8_el2_dl1_df32_fc1_ebtimeF_dtTrue_FewShot_0<<<<<<<<<<<<<<<<<<<<<<<<<<<<<<<<<
test 2785
mse:0.4447874128818512, mae:0.4445911943912506
RMSE:0.6669238209724426, MAPE:0.7281280755996704, MSPE:44242.55859375
