Args in experiment:
Namespace(activation='gelu', anomaly_ratio=0.25, batch_size=32, c_out=321, channel_independence=1, checkpoints='./checkpoints/', comment='none', d_ff=32, d_layers=1, d_model=16, data='custom', data_path='electricity.csv', dec_in=321, decomp_method='moving_avg', des='FewShot', devices='0,1', distil=True, down_sampling_layers=0, down_sampling_method='avg', down_sampling_window=1, drop_last=True, dropout=0.1, e_layers=2, embed='timeF', emissions_file='emissions.csv', emissions_output_dir='.', enc_in=321, factor=1, features='M', freq='h', gpu=0, inverse=False, is_training=1, itr=1, label_len=0, learning_rate=0.02, loss='MSE', lradj='type3', mask_rate=0.125, model='SparseTSF', model_id='FEWSHOT_Electricity_96_192', model_type='linear', moving_avg=25, n_heads=8, num_kernels=6, num_workers=0, output_attention=False, p_hidden_dims=[128, 128], p_hidden_layers=2, patience=5, pct_start=0.2, percent=10, period_len=24, pred_len=192, root_path='C:\\Users\\bbbal\\OneDrive\\Masaüstü\\timemixer\\dataset\\electricity', seasonal_patterns='Monthly', seq_len=96, target='OT', task_name='long_term_forecast', top_k=5, track_emissions=0, train_epochs=30, use_amp=False, use_future_temporal_feature=0, use_gpu=True, use_multi_gpu=False, use_norm=1)
Use GPU: cuda:0
>>>>>>>start training : long_term_forecast_FEWSHOT_Electricity_96_192_none_SparseTSF_custom_sl96_pl192_dm16_nh8_el2_dl1_df32_fc1_ebtimeF_dtTrue_FewShot_0>>>>>>>>>>>>>>>>>>>>>>>>>>
train 1640
val 2441
test 5069
Epoch: 1 cost time: 4.703539609909058
Epoch: 1, Steps: 51 | Train Loss: 1.1732801 Vali Loss: 0.7810219 Test Loss: 0.8846918
Validation loss decreased (inf --> 0.781022).  Saving model ...
Updating learning rate to 0.02
Epoch: 2 cost time: 1.923645257949829
Epoch: 2, Steps: 51 | Train Loss: 0.5104208 Vali Loss: 0.2425647 Test Loss: 0.2662424
Validation loss decreased (0.781022 --> 0.242565).  Saving model ...
Updating learning rate to 0.02
Epoch: 3 cost time: 1.9233362674713135
Epoch: 3, Steps: 51 | Train Loss: 0.2720889 Vali Loss: 0.2078652 Test Loss: 0.2336404
Validation loss decreased (0.242565 --> 0.207865).  Saving model ...
Updating learning rate to 0.02
Epoch: 4 cost time: 1.9124579429626465
Epoch: 4, Steps: 51 | Train Loss: 0.2487206 Vali Loss: 0.2008046 Test Loss: 0.2269484
Validation loss decreased (0.207865 --> 0.200805).  Saving model ...
Updating learning rate to 0.018000000000000002
Epoch: 5 cost time: 1.9068944454193115
Epoch: 5, Steps: 51 | Train Loss: 0.2419541 Vali Loss: 0.1958508 Test Loss: 0.2219320
Validation loss decreased (0.200805 --> 0.195851).  Saving model ...
Updating learning rate to 0.016200000000000003
Epoch: 6 cost time: 1.9143848419189453
Epoch: 6, Steps: 51 | Train Loss: 0.2344997 Vali Loss: 0.1898241 Test Loss: 0.2155513
Validation loss decreased (0.195851 --> 0.189824).  Saving model ...
Updating learning rate to 0.014580000000000003
Epoch: 7 cost time: 1.9677937030792236
Epoch: 7, Steps: 51 | Train Loss: 0.2270320 Vali Loss: 0.1851253 Test Loss: 0.2107318
Validation loss decreased (0.189824 --> 0.185125).  Saving model ...
Updating learning rate to 0.013122
Epoch: 8 cost time: 1.9562785625457764
Epoch: 8, Steps: 51 | Train Loss: 0.2228458 Vali Loss: 0.1831716 Test Loss: 0.2082841
Validation loss decreased (0.185125 --> 0.183172).  Saving model ...
Updating learning rate to 0.011809800000000002
Epoch: 9 cost time: 1.9280445575714111
Epoch: 9, Steps: 51 | Train Loss: 0.2207977 Vali Loss: 0.1816445 Test Loss: 0.2068733
Validation loss decreased (0.183172 --> 0.181645).  Saving model ...
Updating learning rate to 0.01062882
Epoch: 10 cost time: 1.9304211139678955
Epoch: 10, Steps: 51 | Train Loss: 0.2196863 Vali Loss: 0.1811308 Test Loss: 0.2060725
Validation loss decreased (0.181645 --> 0.181131).  Saving model ...
Updating learning rate to 0.009565938000000001
Epoch: 11 cost time: 1.9660425186157227
Epoch: 11, Steps: 51 | Train Loss: 0.2191940 Vali Loss: 0.1810741 Test Loss: 0.2063545
Validation loss decreased (0.181131 --> 0.181074).  Saving model ...
Updating learning rate to 0.008609344200000002
Epoch: 12 cost time: 2.0659310817718506
Epoch: 12, Steps: 51 | Train Loss: 0.2190544 Vali Loss: 0.1806220 Test Loss: 0.2054805
Validation loss decreased (0.181074 --> 0.180622).  Saving model ...
Updating learning rate to 0.007748409780000002
Epoch: 13 cost time: 2.0735082626342773
Epoch: 13, Steps: 51 | Train Loss: 0.2188597 Vali Loss: 0.1806042 Test Loss: 0.2054315
Validation loss decreased (0.180622 --> 0.180604).  Saving model ...
Updating learning rate to 0.006973568802000002
Epoch: 14 cost time: 1.9846000671386719
Epoch: 14, Steps: 51 | Train Loss: 0.2188476 Vali Loss: 0.1804281 Test Loss: 0.2053505
Validation loss decreased (0.180604 --> 0.180428).  Saving model ...
Updating learning rate to 0.006276211921800001
Epoch: 15 cost time: 1.9299354553222656
Epoch: 15, Steps: 51 | Train Loss: 0.2188065 Vali Loss: 0.1804005 Test Loss: 0.2053045
Validation loss decreased (0.180428 --> 0.180401).  Saving model ...
Updating learning rate to 0.005648590729620003
Epoch: 16 cost time: 1.9580955505371094
Epoch: 16, Steps: 51 | Train Loss: 0.2187026 Vali Loss: 0.1803668 Test Loss: 0.2053432
Validation loss decreased (0.180401 --> 0.180367).  Saving model ...
Updating learning rate to 0.005083731656658002
Epoch: 17 cost time: 2.0125606060028076
Epoch: 17, Steps: 51 | Train Loss: 0.2184032 Vali Loss: 0.1803599 Test Loss: 0.2053816
Validation loss decreased (0.180367 --> 0.180360).  Saving model ...
Updating learning rate to 0.004575358490992202
Epoch: 18 cost time: 1.9512951374053955
Epoch: 18, Steps: 51 | Train Loss: 0.2186601 Vali Loss: 0.1803313 Test Loss: 0.2053546
Validation loss decreased (0.180360 --> 0.180331).  Saving model ...
Updating learning rate to 0.004117822641892982
Epoch: 19 cost time: 1.903564691543579
Epoch: 19, Steps: 51 | Train Loss: 0.2184940 Vali Loss: 0.1803966 Test Loss: 0.2052270
EarlyStopping counter: 1 out of 5
Updating learning rate to 0.0037060403777036833
Epoch: 20 cost time: 1.95713210105896
Epoch: 20, Steps: 51 | Train Loss: 0.2186539 Vali Loss: 0.1803336 Test Loss: 0.2053048
EarlyStopping counter: 2 out of 5
Updating learning rate to 0.0033354363399333152
Epoch: 21 cost time: 1.9529640674591064
Epoch: 21, Steps: 51 | Train Loss: 0.2187151 Vali Loss: 0.1802149 Test Loss: 0.2051768
Validation loss decreased (0.180331 --> 0.180215).  Saving model ...
Updating learning rate to 0.0030018927059399835
Epoch: 22 cost time: 1.949321985244751
Epoch: 22, Steps: 51 | Train Loss: 0.2186645 Vali Loss: 0.1804303 Test Loss: 0.2052548
EarlyStopping counter: 1 out of 5
Updating learning rate to 0.0027017034353459856
Epoch: 23 cost time: 1.9479293823242188
Epoch: 23, Steps: 51 | Train Loss: 0.2186412 Vali Loss: 0.1803441 Test Loss: 0.2052149
EarlyStopping counter: 2 out of 5
Updating learning rate to 0.002431533091811387
Epoch: 24 cost time: 1.9494388103485107
Epoch: 24, Steps: 51 | Train Loss: 0.2185045 Vali Loss: 0.1803431 Test Loss: 0.2052253
EarlyStopping counter: 3 out of 5
Updating learning rate to 0.0021883797826302486
Epoch: 25 cost time: 1.9529404640197754
Epoch: 25, Steps: 51 | Train Loss: 0.2186444 Vali Loss: 0.1802936 Test Loss: 0.2052863
EarlyStopping counter: 4 out of 5
Updating learning rate to 0.0019695418043672234
Epoch: 26 cost time: 1.938575267791748
Epoch: 26, Steps: 51 | Train Loss: 0.2186044 Vali Loss: 0.1803154 Test Loss: 0.2051671
EarlyStopping counter: 5 out of 5
Early stopping
>>>>>>>testing : long_term_forecast_FEWSHOT_Electricity_96_192_none_SparseTSF_custom_sl96_pl192_dm16_nh8_el2_dl1_df32_fc1_ebtimeF_dtTrue_FewShot_0<<<<<<<<<<<<<<<<<<<<<<<<<<<<<<<<<
test 5069
mse:0.20517611503601074, mae:0.2808384895324707
RMSE:0.4529637098312378, MAPE:0.489573210477829, MSPE:973495.875
