Args in experiment:
Namespace(activation='gelu', anomaly_ratio=0.25, batch_size=32, c_out=7, channel_independence=1, checkpoints='./checkpoints/', comment='none', d_ff=32, d_layers=1, d_model=16, data='ETTh2', data_path='ETTh2.csv', dec_in=7, decomp_method='moving_avg', des='FewShot', devices='0,1', distil=True, down_sampling_layers=0, down_sampling_method='avg', down_sampling_window=1, drop_last=True, dropout=0.1, e_layers=2, embed='timeF', emissions_file='emissions.csv', emissions_output_dir='.', enc_in=7, factor=1, features='M', freq='h', gpu=0, inverse=False, is_training=1, itr=1, label_len=0, learning_rate=0.02, loss='MSE', lradj='type3', mask_rate=0.125, model='SparseTSF', model_id='FEWSHOT_ETTh2_96_96', model_type='linear', moving_avg=25, n_heads=8, num_kernels=6, num_workers=0, output_attention=False, p_hidden_dims=[128, 128], p_hidden_layers=2, patience=5, pct_start=0.2, percent=10, period_len=24, pred_len=96, root_path='<workspace>\\dataset\\ETT-small', seasonal_patterns='Monthly', seq_len=96, target='OT', task_name='long_term_forecast', top_k=5, track_emissions=0, train_epochs=30, use_amp=False, use_future_temporal_feature=0, use_gpu=True, use_multi_gpu=False, use_norm=1)
Use GPU: cuda:0
>>>>>>>start training : long_term_forecast_FEWSHOT_ETTh2_96_96_none_SparseTSF_ETTh2_sl96_pl96_dm16_nh8_el2_dl1_df32_fc1_ebtimeF_dtTrue_FewShot_0>>>>>>>>>>>>>>>>>>>>>>>>>>
train 759
val 2785
test 2785
Epoch: 1 cost time: 2.5744149684906006
Epoch: 1, Steps: 23 | Train Loss: 0.3465036 Vali Loss: 0.3312654 Test Loss: 0.4325391
Validation loss decreased (inf --> 0.331265).  Saving model ...
Updating learning rate to 0.02
Epoch: 2 cost time: 0.07900810241699219
Epoch: 2, Steps: 23 | Train Loss: 0.2995617 Vali Loss: 0.2729836 Test Loss: 0.3607067
Validation loss decreased (0.331265 --> 0.272984).  Saving model ...
Updating learning rate to 0.02
Epoch: 3 cost time: 0.07233071327209473
Epoch: 3, Steps: 23 | Train Loss: 0.2481108 Vali Loss: 0.2489899 Test Loss: 0.3472242
Validation loss decreased (0.272984 --> 0.248990).  Saving model ...
Updating learning rate to 0.02
Epoch: 4 cost time: 0.07946324348449707
Epoch: 4, Steps: 23 | Train Loss: 0.2300939 Vali Loss: 0.2508346 Test Loss: 0.3442310
EarlyStopping counter: 1 out of 5
Updating learning rate to 0.018000000000000002
Epoch: 5 cost time: 0.08718204498291016
Epoch: 5, Steps: 23 | Train Loss: 0.2213456 Vali Loss: 0.2479912 Test Loss: 0.3450346
Validation loss decreased (0.248990 --> 0.247991).  Saving model ...
Updating learning rate to 0.016200000000000003
Epoch: 6 cost time: 0.07328987121582031
Epoch: 6, Steps: 23 | Train Loss: 0.2153286 Vali Loss: 0.2413658 Test Loss: 0.3300216
Validation loss decreased (0.247991 --> 0.241366).  Saving model ...
Updating learning rate to 0.014580000000000003
Epoch: 7 cost time: 0.08111882209777832
Epoch: 7, Steps: 23 | Train Loss: 0.2153478 Vali Loss: 0.2444918 Test Loss: 0.3387454
EarlyStopping counter: 1 out of 5
Updating learning rate to 0.013122
Epoch: 8 cost time: 0.07574224472045898
Epoch: 8, Steps: 23 | Train Loss: 0.2117467 Vali Loss: 0.2396965 Test Loss: 0.3314519
Validation loss decreased (0.241366 --> 0.239696).  Saving model ...
Updating learning rate to 0.011809800000000002
Epoch: 9 cost time: 0.07320976257324219
Epoch: 9, Steps: 23 | Train Loss: 0.2095950 Vali Loss: 0.2469230 Test Loss: 0.3464836
EarlyStopping counter: 1 out of 5
Updating learning rate to 0.01062882
Epoch: 10 cost time: 0.0819246768951416
Epoch: 10, Steps: 23 | Train Loss: 0.2116125 Vali Loss: 0.2371805 Test Loss: 0.3271212
Validation loss decreased (0.239696 --> 0.237181).  Saving model ...
Updating learning rate to 0.009565938000000001
Epoch: 11 cost time: 0.07673239707946777
Epoch: 11, Steps: 23 | Train Loss: 0.2075494 Vali Loss: 0.2432734 Test Loss: 0.3401334
EarlyStopping counter: 1 out of 5
Updating learning rate to 0.008609344200000002
Epoch: 12 cost time: 0.07730674743652344
Epoch: 12, Steps: 23 | Train Loss: 0.2081490 Vali Loss: 0.2394481 Test Loss: 0.3342316
EarlyStopping counter: 2 out of 5
Updating learning rate to 0.007748409780000002
Epoch: 13 cost time: 0.08373165130615234
Epoch: 13, Steps: 23 | Train Loss: 0.2070663 Vali Loss: 0.2393291 Test Loss: 0.3328443
EarlyStopping counter: 3 out of 5
Updating learning rate to 0.006973568802000002
Epoch: 14 cost time: 0.0949544906616211
Epoch: 14, Steps: 23 | Train Loss: 0.2057804 Vali Loss: 0.2390176 Test Loss: 0.3327647
EarlyStopping counter: 4 out of 5
Updating learning rate to 0.006276211921800001
Epoch: 15 cost time: 0.08519577980041504
Epoch: 15, Steps: 23 | Train Loss: 0.2069030 Vali Loss: 0.2351205 Test Loss: 0.3266198
Validation loss decreased (0.237181 --> 0.235120).  Saving model ...
Updating learning rate to 0.005648590729620003
Epoch: 16 cost time: 0.08275842666625977
Epoch: 16, Steps: 23 | Train Loss: 0.2062230 Vali Loss: 0.2400975 Test Loss: 0.3357459
EarlyStopping counter: 1 out of 5
Updating learning rate to 0.005083731656658002
Epoch: 17 cost time: 0.08824443817138672
Epoch: 17, Steps: 23 | Train Loss: 0.2057026 Vali Loss: 0.2382532 Test Loss: 0.3336464
EarlyStopping counter: 2 out of 5
Updating learning rate to 0.004575358490992202
Epoch: 18 cost time: 0.08217358589172363
Epoch: 18, Steps: 23 | Train Loss: 0.2051646 Vali Loss: 0.2363811 Test Loss: 0.3293827
EarlyStopping counter: 3 out of 5
Updating learning rate to 0.004117822641892982
Epoch: 19 cost time: 0.07745146751403809
Epoch: 19, Steps: 23 | Train Loss: 0.2044368 Vali Loss: 0.2374808 Test Loss: 0.3305179
EarlyStopping counter: 4 out of 5
Updating learning rate to 0.0037060403777036833
Epoch: 20 cost time: 0.07621335983276367
Epoch: 20, Steps: 23 | Train Loss: 0.2047736 Vali Loss: 0.2383104 Test Loss: 0.3346311
EarlyStopping counter: 5 out of 5
Early stopping
>>>>>>>testing : long_term_forecast_FEWSHOT_ETTh2_96_96_none_SparseTSF_ETTh2_sl96_pl96_dm16_nh8_el2_dl1_df32_fc1_ebtimeF_dtTrue_FewShot_0<<<<<<<<<<<<<<<<<<<<<<<<<<<<<<<<<
test 2785
mse:0.32661983370780945, mae:0.3591386377811432
RMSE:0.5715066194534302, MAPE:0.49733322858810425, MSPE:494.8001403808594
