Args in experiment:
Namespace(activation='gelu', anomaly_ratio=0.25, batch_size=32, c_out=7, channel_independence=1, checkpoints='./checkpoints/', comment='none', d_ff=32, d_layers=1, d_model=16, data='ETTm1', data_path='ETTm1.csv', dec_in=7, decomp_method='moving_avg', des='FewShot', devices='0,1', distil=True, down_sampling_layers=0, down_sampling_method='avg', down_sampling_window=1, drop_last=True, dropout=0.1, e_layers=2, embed='timeF', emissions_file='emissions.csv', emissions_output_dir='.', enc_in=7, factor=1, features='M', freq='h', gpu=0, inverse=False, is_training=1, itr=1, label_len=0, learning_rate=0.02, loss='MSE', lradj='type3', mask_rate=0.125, model='SparseTSF', model_id='FEWSHOT_ETTm1_96_336', model_type='linear', moving_avg=25, n_heads=8, num_kernels=6, num_workers=0, output_attention=False, p_hidden_dims=[128, 128], p_hidden_layers=2, patience=5, pct_start=0.2, percent=10, period_len=4, pred_len=336, root_path='<workspace>\\dataset\\ETT-small', seasonal_patterns='Monthly', seq_len=96, target='OT', task_name='long_term_forecast', top_k=5, track_emissions=0, train_epochs=30, use_amp=False, use_future_temporal_feature=0, use_gpu=True, use_multi_gpu=False, use_norm=1)
Use GPU: cuda:0
>>>>>>>start training : long_term_forecast_FEWSHOT_ETTm1_96_336_none_SparseTSF_ETTm1_sl96_pl336_dm16_nh8_el2_dl1_df32_fc1_ebtimeF_dtTrue_FewShot_0>>>>>>>>>>>>>>>>>>>>>>>>>>
train 3111
val 11185
test 11185
Epoch: 1 cost time: 2.9471614360809326
Epoch: 1, Steps: 97 | Train Loss: 0.5053914 Vali Loss: 0.9016430 Test Loss: 0.6492777
Validation loss decreased (inf --> 0.901643).  Saving model ...
Updating learning rate to 0.02
Epoch: 2 cost time: 0.4078960418701172
Epoch: 2, Steps: 97 | Train Loss: 0.4413255 Vali Loss: 0.7679323 Test Loss: 0.5063603
Validation loss decreased (0.901643 --> 0.767932).  Saving model ...
Updating learning rate to 0.02
Epoch: 3 cost time: 0.4131736755371094
Epoch: 3, Steps: 97 | Train Loss: 0.4308971 Vali Loss: 0.7780523 Test Loss: 0.5112636
EarlyStopping counter: 1 out of 5
Updating learning rate to 0.02
Epoch: 4 cost time: 0.3989565372467041
Epoch: 4, Steps: 97 | Train Loss: 0.4292374 Vali Loss: 0.7678306 Test Loss: 0.5028541
Validation loss decreased (0.767932 --> 0.767831).  Saving model ...
Updating learning rate to 0.018000000000000002
Epoch: 5 cost time: 0.444019079208374
Epoch: 5, Steps: 97 | Train Loss: 0.4287324 Vali Loss: 0.7588879 Test Loss: 0.4953067
Validation loss decreased (0.767831 --> 0.758888).  Saving model ...
Updating learning rate to 0.016200000000000003
Epoch: 6 cost time: 0.5016288757324219
Epoch: 6, Steps: 97 | Train Loss: 0.4280954 Vali Loss: 0.7524473 Test Loss: 0.4905123
Validation loss decreased (0.758888 --> 0.752447).  Saving model ...
Updating learning rate to 0.014580000000000003
Epoch: 7 cost time: 0.4705677032470703
Epoch: 7, Steps: 97 | Train Loss: 0.4273125 Vali Loss: 0.7598017 Test Loss: 0.4985668
EarlyStopping counter: 1 out of 5
Updating learning rate to 0.013122
Epoch: 8 cost time: 0.4963715076446533
Epoch: 8, Steps: 97 | Train Loss: 0.4270000 Vali Loss: 0.7428201 Test Loss: 0.4834990
Validation loss decreased (0.752447 --> 0.742820).  Saving model ...
Updating learning rate to 0.011809800000000002
Epoch: 9 cost time: 0.45049476623535156
Epoch: 9, Steps: 97 | Train Loss: 0.4269411 Vali Loss: 0.7614761 Test Loss: 0.4993219
EarlyStopping counter: 1 out of 5
Updating learning rate to 0.01062882
Epoch: 10 cost time: 0.4263296127319336
Epoch: 10, Steps: 97 | Train Loss: 0.4268805 Vali Loss: 0.7539879 Test Loss: 0.4909800
EarlyStopping counter: 2 out of 5
Updating learning rate to 0.009565938000000001
Epoch: 11 cost time: 0.47657275199890137
Epoch: 11, Steps: 97 | Train Loss: 0.4268731 Vali Loss: 0.7933899 Test Loss: 0.5285688
EarlyStopping counter: 3 out of 5
Updating learning rate to 0.008609344200000002
Epoch: 12 cost time: 0.42464423179626465
Epoch: 12, Steps: 97 | Train Loss: 0.4271268 Vali Loss: 0.7696469 Test Loss: 0.5042560
EarlyStopping counter: 4 out of 5
Updating learning rate to 0.007748409780000002
Epoch: 13 cost time: 0.43138790130615234
Epoch: 13, Steps: 97 | Train Loss: 0.4264521 Vali Loss: 0.7697804 Test Loss: 0.5067715
EarlyStopping counter: 5 out of 5
Early stopping
>>>>>>>testing : long_term_forecast_FEWSHOT_ETTm1_96_336_none_SparseTSF_ETTm1_sl96_pl336_dm16_nh8_el2_dl1_df32_fc1_ebtimeF_dtTrue_FewShot_0<<<<<<<<<<<<<<<<<<<<<<<<<<<<<<<<<
test 11185
mse:0.48349976539611816, mae:0.4492746889591217
RMSE:0.6953414678573608, MAPE:0.7260399460792542, MSPE:387.4002380371094
