Args in experiment:
Namespace(activation='gelu', anomaly_ratio=0.25, batch_size=32, c_out=321, channel_independence=1, checkpoints='./checkpoints/', comment='none', d_ff=32, d_layers=1, d_model=16, data='custom', data_path='electricity.csv', dec_in=321, decomp_method='moving_avg', des='FewShot', devices='0,1', distil=True, down_sampling_layers=0, down_sampling_method='avg', down_sampling_window=1, drop_last=True, dropout=0.1, e_layers=2, embed='timeF', emissions_file='emissions.csv', emissions_output_dir='.', enc_in=321, factor=1, features='M', freq='h', gpu=0, inverse=False, is_training=1, itr=1, label_len=0, learning_rate=0.02, loss='MSE', lradj='type3', mask_rate=0.125, model='SparseTSF', model_id='FEWSHOT_Electricity_96_96', model_type='linear', moving_avg=25, n_heads=8, num_kernels=6, num_workers=0, output_attention=False, p_hidden_dims=[128, 128], p_hidden_layers=2, patience=5, pct_start=0.2, percent=10, period_len=24, pred_len=96, root_path='<workspace>\\dataset\\electricity', seasonal_patterns='Monthly', seq_len=96, target='OT', task_name='long_term_forecast', top_k=5, track_emissions=0, train_epochs=30, use_amp=False, use_future_temporal_feature=0, use_gpu=True, use_multi_gpu=False, use_norm=1)
Use GPU: cuda:0
>>>>>>>start training : long_term_forecast_FEWSHOT_Electricity_96_96_none_SparseTSF_custom_sl96_pl96_dm16_nh8_el2_dl1_df32_fc1_ebtimeF_dtTrue_FewShot_0>>>>>>>>>>>>>>>>>>>>>>>>>>
train 1736
val 2537
test 5165
Epoch: 1 cost time: 4.276671648025513
Epoch: 1, Steps: 54 | Train Loss: 1.4854569 Vali Loss: 0.9359242 Test Loss: 1.0445154
Validation loss decreased (inf --> 0.935924).  Saving model ...
Updating learning rate to 0.02
Epoch: 2 cost time: 1.6461784839630127
Epoch: 2, Steps: 54 | Train Loss: 0.8663663 Vali Loss: 0.2743154 Test Loss: 0.3040882
Validation loss decreased (0.935924 --> 0.274315).  Saving model ...
Updating learning rate to 0.02
Epoch: 3 cost time: 1.6354241371154785
Epoch: 3, Steps: 54 | Train Loss: 0.2958190 Vali Loss: 0.2123244 Test Loss: 0.2373798
Validation loss decreased (0.274315 --> 0.212324).  Saving model ...
Updating learning rate to 0.02
Epoch: 4 cost time: 1.6471750736236572
Epoch: 4, Steps: 54 | Train Loss: 0.2537629 Vali Loss: 0.2006862 Test Loss: 0.2253570
Validation loss decreased (0.212324 --> 0.200686).  Saving model ...
Updating learning rate to 0.018000000000000002
Epoch: 5 cost time: 1.611598253250122
Epoch: 5, Steps: 54 | Train Loss: 0.2408362 Vali Loss: 0.1894558 Test Loss: 0.2137955
Validation loss decreased (0.200686 --> 0.189456).  Saving model ...
Updating learning rate to 0.016200000000000003
Epoch: 6 cost time: 1.675201654434204
Epoch: 6, Steps: 54 | Train Loss: 0.2315053 Vali Loss: 0.1865528 Test Loss: 0.2103268
Validation loss decreased (0.189456 --> 0.186553).  Saving model ...
Updating learning rate to 0.014580000000000003
Epoch: 7 cost time: 1.677055835723877
Epoch: 7, Steps: 54 | Train Loss: 0.2308411 Vali Loss: 0.1862869 Test Loss: 0.2101818
Validation loss decreased (0.186553 --> 0.186287).  Saving model ...
Updating learning rate to 0.013122
Epoch: 8 cost time: 1.7090158462524414
Epoch: 8, Steps: 54 | Train Loss: 0.2301629 Vali Loss: 0.1862523 Test Loss: 0.2100912
Validation loss decreased (0.186287 --> 0.186252).  Saving model ...
Updating learning rate to 0.011809800000000002
Epoch: 9 cost time: 1.6623413562774658
Epoch: 9, Steps: 54 | Train Loss: 0.2302566 Vali Loss: 0.1861612 Test Loss: 0.2099813
Validation loss decreased (0.186252 --> 0.186161).  Saving model ...
Updating learning rate to 0.01062882
Epoch: 10 cost time: 1.7160401344299316
Epoch: 10, Steps: 54 | Train Loss: 0.2304513 Vali Loss: 0.1860364 Test Loss: 0.2101103
Validation loss decreased (0.186161 --> 0.186036).  Saving model ...
Updating learning rate to 0.009565938000000001
Epoch: 11 cost time: 1.6813254356384277
Epoch: 11, Steps: 54 | Train Loss: 0.2301079 Vali Loss: 0.1860847 Test Loss: 0.2099488
EarlyStopping counter: 1 out of 5
Updating learning rate to 0.008609344200000002
Epoch: 12 cost time: 1.7105047702789307
Epoch: 12, Steps: 54 | Train Loss: 0.2301698 Vali Loss: 0.1863597 Test Loss: 0.2099002
EarlyStopping counter: 2 out of 5
Updating learning rate to 0.007748409780000002
Epoch: 13 cost time: 1.6889939308166504
Epoch: 13, Steps: 54 | Train Loss: 0.2302647 Vali Loss: 0.1861313 Test Loss: 0.2100156
EarlyStopping counter: 3 out of 5
Updating learning rate to 0.006973568802000002
Epoch: 14 cost time: 1.7316017150878906
Epoch: 14, Steps: 54 | Train Loss: 0.2300835 Vali Loss: 0.1859492 Test Loss: 0.2098551
Validation loss decreased (0.186036 --> 0.185949).  Saving model ...
Updating learning rate to 0.006276211921800001
Epoch: 15 cost time: 1.736198902130127
Epoch: 15, Steps: 54 | Train Loss: 0.2301185 Vali Loss: 0.1860585 Test Loss: 0.2098841
EarlyStopping counter: 1 out of 5
Updating learning rate to 0.005648590729620003
Epoch: 16 cost time: 1.7103791236877441
Epoch: 16, Steps: 54 | Train Loss: 0.2301777 Vali Loss: 0.1861520 Test Loss: 0.2098961
EarlyStopping counter: 2 out of 5
Updating learning rate to 0.005083731656658002
Epoch: 17 cost time: 1.7604856491088867
Epoch: 17, Steps: 54 | Train Loss: 0.2300739 Vali Loss: 0.1861072 Test Loss: 0.2098751
EarlyStopping counter: 3 out of 5
Updating learning rate to 0.004575358490992202
Epoch: 18 cost time: 1.6912364959716797
Epoch: 18, Steps: 54 | Train Loss: 0.2301911 Vali Loss: 0.1860742 Test Loss: 0.2099138
EarlyStopping counter: 4 out of 5
Updating learning rate to 0.004117822641892982
Epoch: 19 cost time: 1.7261953353881836
Epoch: 19, Steps: 54 | Train Loss: 0.2301440 Vali Loss: 0.1862228 Test Loss: 0.2098354
EarlyStopping counter: 5 out of 5
Early stopping
>>>>>>>testing : long_term_forecast_FEWSHOT_Electricity_96_96_none_SparseTSF_custom_sl96_pl96_dm16_nh8_el2_dl1_df32_fc1_ebtimeF_dtTrue_FewShot_0<<<<<<<<<<<<<<<<<<<<<<<<<<<<<<<<<
test 5165
mse:0.20985521376132965, mae:0.28011342883110046
RMSE:0.4580995738506317, MAPE:0.48658350110054016, MSPE:1121069.875
