Args in experiment:
Namespace(activation='gelu', anomaly_ratio=0.25, batch_size=32, c_out=21, channel_independence=1, checkpoints='./checkpoints/', comment='none', d_ff=32, d_layers=1, d_model=16, data='custom', data_path='weather.csv', dec_in=21, decomp_method='moving_avg', des='FewShot', devices='0,1', distil=True, down_sampling_layers=0, down_sampling_method='avg', down_sampling_window=1, drop_last=True, dropout=0.1, e_layers=2, embed='timeF', emissions_file='emissions.csv', emissions_output_dir='.', enc_in=21, factor=1, features='M', freq='h', gpu=0, inverse=False, is_training=1, itr=1, label_len=0, learning_rate=0.02, loss='MSE', lradj='type3', mask_rate=0.125, model='SparseTSF', model_id='FEWSHOT_Weather_96_192', model_type='linear', moving_avg=25, n_heads=8, num_kernels=6, num_workers=0, output_attention=False, p_hidden_dims=[128, 128], p_hidden_layers=2, patience=5, pct_start=0.2, percent=10, period_len=4, pred_len=192, root_path='C:\\Users\\bbbal\\OneDrive\\Masaüstü\\timemixer\\dataset\\weather', seasonal_patterns='Monthly', seq_len=96, target='OT', task_name='long_term_forecast', top_k=5, track_emissions=0, train_epochs=30, use_amp=False, use_future_temporal_feature=0, use_gpu=True, use_multi_gpu=False, use_norm=1)
Use GPU: cuda:0
>>>>>>>start training : long_term_forecast_FEWSHOT_Weather_96_192_none_SparseTSF_custom_sl96_pl192_dm16_nh8_el2_dl1_df32_fc1_ebtimeF_dtTrue_FewShot_0>>>>>>>>>>>>>>>>>>>>>>>>>>
train 3488
val 5079
test 10348
	iters: 100, epoch: 1 | loss: 0.2374657
	speed: 0.0313s/iter; left time: 99.1899s
Epoch: 1 cost time: 3.1937966346740723
Epoch: 1, Steps: 109 | Train Loss: 0.2460810 Vali Loss: 0.6722438 Test Loss: 0.2613856
Validation loss decreased (inf --> 0.672244).  Saving model ...
Updating learning rate to 0.02
	iters: 100, epoch: 2 | loss: 0.1887739
	speed: 0.0168s/iter; left time: 51.3332s
Epoch: 2 cost time: 0.5225217342376709
Epoch: 2, Steps: 109 | Train Loss: 0.2137173 Vali Loss: 0.6127708 Test Loss: 0.2404520
Validation loss decreased (0.672244 --> 0.612771).  Saving model ...
Updating learning rate to 0.02
	iters: 100, epoch: 3 | loss: 0.2058286
	speed: 0.0173s/iter; left time: 51.0070s
Epoch: 3 cost time: 0.5437037944793701
Epoch: 3, Steps: 109 | Train Loss: 0.2103388 Vali Loss: 0.6230625 Test Loss: 0.2407596
EarlyStopping counter: 1 out of 5
Updating learning rate to 0.02
	iters: 100, epoch: 4 | loss: 0.2407257
	speed: 0.0186s/iter; left time: 53.0231s
Epoch: 4 cost time: 0.7118537425994873
Epoch: 4, Steps: 109 | Train Loss: 0.2098414 Vali Loss: 0.6350492 Test Loss: 0.2407148
EarlyStopping counter: 2 out of 5
Updating learning rate to 0.018000000000000002
	iters: 100, epoch: 5 | loss: 0.1927405
	speed: 0.0168s/iter; left time: 45.8252s
Epoch: 5 cost time: 0.5155413150787354
Epoch: 5, Steps: 109 | Train Loss: 0.2095006 Vali Loss: 0.5976221 Test Loss: 0.2381945
Validation loss decreased (0.612771 --> 0.597622).  Saving model ...
Updating learning rate to 0.016200000000000003
	iters: 100, epoch: 6 | loss: 0.1997108
	speed: 0.0172s/iter; left time: 45.1277s
Epoch: 6 cost time: 0.5530211925506592
Epoch: 6, Steps: 109 | Train Loss: 0.2090888 Vali Loss: 0.6183585 Test Loss: 0.2395025
EarlyStopping counter: 1 out of 5
Updating learning rate to 0.014580000000000003
	iters: 100, epoch: 7 | loss: 0.2148082
	speed: 0.0171s/iter; left time: 42.9803s
Epoch: 7 cost time: 0.5652408599853516
Epoch: 7, Steps: 109 | Train Loss: 0.2090768 Vali Loss: 0.6213882 Test Loss: 0.2391405
EarlyStopping counter: 2 out of 5
Updating learning rate to 0.013122
	iters: 100, epoch: 8 | loss: 0.2047863
	speed: 0.0164s/iter; left time: 39.3763s
Epoch: 8 cost time: 0.5304110050201416
Epoch: 8, Steps: 109 | Train Loss: 0.2088800 Vali Loss: 0.6171127 Test Loss: 0.2391639
EarlyStopping counter: 3 out of 5
Updating learning rate to 0.011809800000000002
	iters: 100, epoch: 9 | loss: 0.2136974
	speed: 0.0168s/iter; left time: 38.7343s
Epoch: 9 cost time: 0.531977653503418
Epoch: 9, Steps: 109 | Train Loss: 0.2087554 Vali Loss: 0.6000114 Test Loss: 0.2375237
EarlyStopping counter: 4 out of 5
Updating learning rate to 0.01062882
	iters: 100, epoch: 10 | loss: 0.2231174
	speed: 0.0177s/iter; left time: 38.8499s
Epoch: 10 cost time: 0.5509231090545654
Epoch: 10, Steps: 109 | Train Loss: 0.2084336 Vali Loss: 0.6001596 Test Loss: 0.2380489
EarlyStopping counter: 5 out of 5
Early stopping
>>>>>>>testing : long_term_forecast_FEWSHOT_Weather_96_192_none_SparseTSF_custom_sl96_pl192_dm16_nh8_el2_dl1_df32_fc1_ebtimeF_dtTrue_FewShot_0<<<<<<<<<<<<<<<<<<<<<<<<<<<<<<<<<
test 10348
mse:0.2381947636604309, mae:0.2769712805747986
RMSE:0.48805201053619385, MAPE:0.5829066634178162, MSPE:29326196.0
