Args in experiment:
Namespace(activation='gelu', anomaly_ratio=0.25, batch_size=32, c_out=7, channel_independence=1, checkpoints='./checkpoints/', comment='none', d_ff=32, d_layers=1, d_model=16, data='ETTm2', data_path='ETTm2.csv', dec_in=7, decomp_method='moving_avg', des='FewShot', devices='0,1', distil=True, down_sampling_layers=0, down_sampling_method='avg', down_sampling_window=1, drop_last=True, dropout=0.1, e_layers=2, embed='timeF', emissions_file='emissions.csv', emissions_output_dir='.', enc_in=7, factor=1, features='M', freq='h', gpu=0, inverse=False, is_training=1, itr=1, label_len=0, learning_rate=0.02, loss='MSE', lradj='type3', mask_rate=0.125, model='SparseTSF', model_id='FEWSHOT_ETTm2_96_96', model_type='linear', moving_avg=25, n_heads=8, num_kernels=6, num_workers=0, output_attention=False, p_hidden_dims=[128, 128], p_hidden_layers=2, patience=5, pct_start=0.2, percent=10, period_len=4, pred_len=96, root_path='C:\\Users\\bbbal\\OneDrive\\Masaüstü\\timemixer\\dataset\\ETT-small', seasonal_patterns='Monthly', seq_len=96, target='OT', task_name='long_term_forecast', top_k=5, track_emissions=0, train_epochs=30, use_amp=False, use_future_temporal_feature=0, use_gpu=True, use_multi_gpu=False, use_norm=1)
Use GPU: cuda:0
>>>>>>>start training : long_term_forecast_FEWSHOT_ETTm2_96_96_none_SparseTSF_ETTm2_sl96_pl96_dm16_nh8_el2_dl1_df32_fc1_ebtimeF_dtTrue_FewShot_0>>>>>>>>>>>>>>>>>>>>>>>>>>
train 3351
val 11425
test 11425
	iters: 100, epoch: 1 | loss: 0.2084885
	speed: 0.0286s/iter; left time: 86.4661s
Epoch: 1 cost time: 2.880885362625122
Epoch: 1, Steps: 104 | Train Loss: 0.2007148 Vali Loss: 0.1561293 Test Loss: 0.2224680
Validation loss decreased (inf --> 0.156129).  Saving model ...
Updating learning rate to 0.02
	iters: 100, epoch: 2 | loss: 0.1557610
	speed: 0.0152s/iter; left time: 44.3656s
Epoch: 2 cost time: 0.37774658203125
Epoch: 2, Steps: 104 | Train Loss: 0.1551818 Vali Loss: 0.1301628 Test Loss: 0.1895911
Validation loss decreased (0.156129 --> 0.130163).  Saving model ...
Updating learning rate to 0.02
	iters: 100, epoch: 3 | loss: 0.1425338
	speed: 0.0149s/iter; left time: 41.9284s
Epoch: 3 cost time: 0.352445125579834
Epoch: 3, Steps: 104 | Train Loss: 0.1480033 Vali Loss: 0.1284845 Test Loss: 0.1881280
Validation loss decreased (0.130163 --> 0.128484).  Saving model ...
Updating learning rate to 0.02
	iters: 100, epoch: 4 | loss: 0.1826658
	speed: 0.0152s/iter; left time: 41.2259s
Epoch: 4 cost time: 0.3837401866912842
Epoch: 4, Steps: 104 | Train Loss: 0.1474124 Vali Loss: 0.1285642 Test Loss: 0.1884649
EarlyStopping counter: 1 out of 5
Updating learning rate to 0.018000000000000002
	iters: 100, epoch: 5 | loss: 0.1692478
	speed: 0.0150s/iter; left time: 38.9681s
Epoch: 5 cost time: 0.3741188049316406
Epoch: 5, Steps: 104 | Train Loss: 0.1473143 Vali Loss: 0.1312345 Test Loss: 0.1922317
EarlyStopping counter: 2 out of 5
Updating learning rate to 0.016200000000000003
	iters: 100, epoch: 6 | loss: 0.1022066
	speed: 0.0156s/iter; left time: 39.0147s
Epoch: 6 cost time: 0.4032270908355713
Epoch: 6, Steps: 104 | Train Loss: 0.1467203 Vali Loss: 0.1273550 Test Loss: 0.1884358
Validation loss decreased (0.128484 --> 0.127355).  Saving model ...
Updating learning rate to 0.014580000000000003
	iters: 100, epoch: 7 | loss: 0.1432961
	speed: 0.0153s/iter; left time: 36.6448s
Epoch: 7 cost time: 0.3672029972076416
Epoch: 7, Steps: 104 | Train Loss: 0.1458835 Vali Loss: 0.1268258 Test Loss: 0.1868399
Validation loss decreased (0.127355 --> 0.126826).  Saving model ...
Updating learning rate to 0.013122
	iters: 100, epoch: 8 | loss: 0.1616151
	speed: 0.0157s/iter; left time: 36.0998s
Epoch: 8 cost time: 0.38762831687927246
Epoch: 8, Steps: 104 | Train Loss: 0.1463094 Vali Loss: 0.1271860 Test Loss: 0.1872688
EarlyStopping counter: 1 out of 5
Updating learning rate to 0.011809800000000002
	iters: 100, epoch: 9 | loss: 0.1190709
	speed: 0.0150s/iter; left time: 32.8474s
Epoch: 9 cost time: 0.3659706115722656
Epoch: 9, Steps: 104 | Train Loss: 0.1464737 Vali Loss: 0.1276668 Test Loss: 0.1875814
EarlyStopping counter: 2 out of 5
Updating learning rate to 0.01062882
	iters: 100, epoch: 10 | loss: 0.1517330
	speed: 0.0151s/iter; left time: 31.4147s
Epoch: 10 cost time: 0.38341617584228516
Epoch: 10, Steps: 104 | Train Loss: 0.1454877 Vali Loss: 0.1267048 Test Loss: 0.1858714
Validation loss decreased (0.126826 --> 0.126705).  Saving model ...
Updating learning rate to 0.009565938000000001
	iters: 100, epoch: 11 | loss: 0.1152313
	speed: 0.0155s/iter; left time: 30.6233s
Epoch: 11 cost time: 0.4182875156402588
Epoch: 11, Steps: 104 | Train Loss: 0.1460716 Vali Loss: 0.1277558 Test Loss: 0.1878372
EarlyStopping counter: 1 out of 5
Updating learning rate to 0.008609344200000002
	iters: 100, epoch: 12 | loss: 0.1314095
	speed: 0.0154s/iter; left time: 28.8175s
Epoch: 12 cost time: 0.38742589950561523
Epoch: 12, Steps: 104 | Train Loss: 0.1454731 Vali Loss: 0.1284257 Test Loss: 0.1888395
EarlyStopping counter: 2 out of 5
Updating learning rate to 0.007748409780000002
	iters: 100, epoch: 13 | loss: 0.1550188
	speed: 0.0156s/iter; left time: 27.6939s
Epoch: 13 cost time: 0.3630671501159668
Epoch: 13, Steps: 104 | Train Loss: 0.1460667 Vali Loss: 0.1271017 Test Loss: 0.1859770
EarlyStopping counter: 3 out of 5
Updating learning rate to 0.006973568802000002
	iters: 100, epoch: 14 | loss: 0.1701756
	speed: 0.0153s/iter; left time: 25.6177s
Epoch: 14 cost time: 0.37151408195495605
Epoch: 14, Steps: 104 | Train Loss: 0.1453945 Vali Loss: 0.1299954 Test Loss: 0.1897501
EarlyStopping counter: 4 out of 5
Updating learning rate to 0.006276211921800001
	iters: 100, epoch: 15 | loss: 0.1462812
	speed: 0.0150s/iter; left time: 23.3968s
Epoch: 15 cost time: 0.36946582794189453
Epoch: 15, Steps: 104 | Train Loss: 0.1460828 Vali Loss: 0.1277635 Test Loss: 0.1874442
EarlyStopping counter: 5 out of 5
Early stopping
>>>>>>>testing : long_term_forecast_FEWSHOT_ETTm2_96_96_none_SparseTSF_ETTm2_sl96_pl96_dm16_nh8_el2_dl1_df32_fc1_ebtimeF_dtTrue_FewShot_0<<<<<<<<<<<<<<<<<<<<<<<<<<<<<<<<<
test 11425
mse:0.18587136268615723, mae:0.26370060443878174
RMSE:0.43112802505493164, MAPE:0.40914446115493774, MSPE:257.4150695800781
