Args in experiment:
Namespace(activation='gelu', anomaly_ratio=0.25, batch_size=32, c_out=7, channel_independence=1, checkpoints='./checkpoints/', comment='none', d_ff=32, d_layers=1, d_model=16, data='ETTh2', data_path='ETTh2.csv', dec_in=7, decomp_method='moving_avg', des='FewShot', devices='0,1', distil=True, down_sampling_layers=0, down_sampling_method='avg', down_sampling_window=1, drop_last=True, dropout=0.1, e_layers=2, embed='timeF', emissions_file='emissions.csv', emissions_output_dir='.', enc_in=7, factor=1, features='M', freq='h', gpu=0, inverse=False, is_training=1, itr=1, label_len=0, learning_rate=0.02, loss='MSE', lradj='type3', mask_rate=0.125, model='SparseTSF', model_id='FEWSHOT_ETTh2_96_336', model_type='linear', moving_avg=25, n_heads=8, num_kernels=6, num_workers=0, output_attention=False, p_hidden_dims=[128, 128], p_hidden_layers=2, patience=5, pct_start=0.2, percent=10, period_len=24, pred_len=336, root_path='<workspace>\\dataset\\ETT-small', seasonal_patterns='Monthly', seq_len=96, target='OT', task_name='long_term_forecast', top_k=5, track_emissions=0, train_epochs=30, use_amp=False, use_future_temporal_feature=0, use_gpu=True, use_multi_gpu=False, use_norm=1)
Use GPU: cuda:0
>>>>>>>start training : long_term_forecast_FEWSHOT_ETTh2_96_336_none_SparseTSF_ETTh2_sl96_pl336_dm16_nh8_el2_dl1_df32_fc1_ebtimeF_dtTrue_FewShot_0>>>>>>>>>>>>>>>>>>>>>>>>>>
train 519
val 2545
test 2545
Epoch: 1 cost time: 2.6907477378845215
Epoch: 1, Steps: 16 | Train Loss: 0.4708593 Vali Loss: 0.4629557 Test Loss: 0.5235696
Validation loss decreased (inf --> 0.462956).  Saving model ...
Updating learning rate to 0.02
Epoch: 2 cost time: 0.0756826400756836
Epoch: 2, Steps: 16 | Train Loss: 0.4390859 Vali Loss: 0.4297000 Test Loss: 0.4723784
Validation loss decreased (0.462956 --> 0.429700).  Saving model ...
Updating learning rate to 0.02
Epoch: 3 cost time: 0.06172990798950195
Epoch: 3, Steps: 16 | Train Loss: 0.4145026 Vali Loss: 0.4075012 Test Loss: 0.4545604
Validation loss decreased (0.429700 --> 0.407501).  Saving model ...
Updating learning rate to 0.02
Epoch: 4 cost time: 0.07230520248413086
Epoch: 4, Steps: 16 | Train Loss: 0.3869239 Vali Loss: 0.4267210 Test Loss: 0.5198482
EarlyStopping counter: 1 out of 5
Updating learning rate to 0.018000000000000002
Epoch: 5 cost time: 0.06324601173400879
Epoch: 5, Steps: 16 | Train Loss: 0.3668086 Vali Loss: 0.4042203 Test Loss: 0.4824805
Validation loss decreased (0.407501 --> 0.404220).  Saving model ...
Updating learning rate to 0.016200000000000003
Epoch: 6 cost time: 0.08372259140014648
Epoch: 6, Steps: 16 | Train Loss: 0.3618773 Vali Loss: 0.3955707 Test Loss: 0.4722568
Validation loss decreased (0.404220 --> 0.395571).  Saving model ...
Updating learning rate to 0.014580000000000003
Epoch: 7 cost time: 0.06659507751464844
Epoch: 7, Steps: 16 | Train Loss: 0.3539617 Vali Loss: 0.4020498 Test Loss: 0.4886145
EarlyStopping counter: 1 out of 5
Updating learning rate to 0.013122
Epoch: 8 cost time: 0.07897615432739258
Epoch: 8, Steps: 16 | Train Loss: 0.3508156 Vali Loss: 0.3949820 Test Loss: 0.4743781
Validation loss decreased (0.395571 --> 0.394982).  Saving model ...
Updating learning rate to 0.011809800000000002
Epoch: 9 cost time: 0.07515668869018555
Epoch: 9, Steps: 16 | Train Loss: 0.3460473 Vali Loss: 0.3944509 Test Loss: 0.4725774
Validation loss decreased (0.394982 --> 0.394451).  Saving model ...
Updating learning rate to 0.01062882
Epoch: 10 cost time: 0.06606793403625488
Epoch: 10, Steps: 16 | Train Loss: 0.3464944 Vali Loss: 0.3943068 Test Loss: 0.4749584
Validation loss decreased (0.394451 --> 0.394307).  Saving model ...
Updating learning rate to 0.009565938000000001
Epoch: 11 cost time: 0.07107329368591309
Epoch: 11, Steps: 16 | Train Loss: 0.3445362 Vali Loss: 0.3905433 Test Loss: 0.4656437
Validation loss decreased (0.394307 --> 0.390543).  Saving model ...
Updating learning rate to 0.008609344200000002
Epoch: 12 cost time: 0.07311844825744629
Epoch: 12, Steps: 16 | Train Loss: 0.3428938 Vali Loss: 0.3908229 Test Loss: 0.4683843
EarlyStopping counter: 1 out of 5
Updating learning rate to 0.007748409780000002
Epoch: 13 cost time: 0.07213258743286133
Epoch: 13, Steps: 16 | Train Loss: 0.3418955 Vali Loss: 0.3911789 Test Loss: 0.4674718
EarlyStopping counter: 2 out of 5
Updating learning rate to 0.006973568802000002
Epoch: 14 cost time: 0.06826210021972656
Epoch: 14, Steps: 16 | Train Loss: 0.3398447 Vali Loss: 0.3925554 Test Loss: 0.4728755
EarlyStopping counter: 3 out of 5
Updating learning rate to 0.006276211921800001
Epoch: 15 cost time: 0.07239198684692383
Epoch: 15, Steps: 16 | Train Loss: 0.3375031 Vali Loss: 0.3930068 Test Loss: 0.4733650
EarlyStopping counter: 4 out of 5
Updating learning rate to 0.005648590729620003
Epoch: 16 cost time: 0.08129644393920898
Epoch: 16, Steps: 16 | Train Loss: 0.3394787 Vali Loss: 0.3917626 Test Loss: 0.4712432
EarlyStopping counter: 5 out of 5
Early stopping
>>>>>>>testing : long_term_forecast_FEWSHOT_ETTh2_96_336_none_SparseTSF_ETTh2_sl96_pl336_dm16_nh8_el2_dl1_df32_fc1_ebtimeF_dtTrue_FewShot_0<<<<<<<<<<<<<<<<<<<<<<<<<<<<<<<<<
test 2545
mse:0.4656435549259186, mae:0.44725266098976135
RMSE:0.6823807954788208, MAPE:0.5786904096603394, MSPE:568.9854736328125
