Args in experiment:
Namespace(activation='gelu', anomaly_ratio=0.25, batch_size=32, c_out=7, channel_independence=1, checkpoints='./checkpoints/', comment='none', d_ff=32, d_layers=1, d_model=16, data='ETTm2', data_path='ETTm2.csv', dec_in=7, decomp_method='moving_avg', des='FewShot', devices='0,1', distil=True, down_sampling_layers=0, down_sampling_method='avg', down_sampling_window=1, drop_last=True, dropout=0.1, e_layers=2, embed='timeF', emissions_file='emissions.csv', emissions_output_dir='.', enc_in=7, factor=1, features='M', freq='h', gpu=0, inverse=False, is_training=1, itr=1, label_len=0, learning_rate=0.02, loss='MSE', lradj='type3', mask_rate=0.125, model='SparseTSF', model_id='FEWSHOT_ETTm2_96_720', model_type='linear', moving_avg=25, n_heads=8, num_kernels=6, num_workers=0, output_attention=False, p_hidden_dims=[128, 128], p_hidden_layers=2, patience=5, pct_start=0.2, percent=10, period_len=4, pred_len=720, root_path='<workspace>\\dataset\\ETT-small', seasonal_patterns='Monthly', seq_len=96, target='OT', task_name='long_term_forecast', top_k=5, track_emissions=0, train_epochs=30, use_amp=False, use_future_temporal_feature=0, use_gpu=True, use_multi_gpu=False, use_norm=1)
Use GPU: cuda:0
>>>>>>>start training : long_term_forecast_FEWSHOT_ETTm2_96_720_none_SparseTSF_ETTm2_sl96_pl720_dm16_nh8_el2_dl1_df32_fc1_ebtimeF_dtTrue_FewShot_0>>>>>>>>>>>>>>>>>>>>>>>>>>
train 2727
val 10801
test 10801
Epoch: 1 cost time: 2.985938310623169
Epoch: 1, Steps: 85 | Train Loss: 0.3353590 Vali Loss: 0.3130911 Test Loss: 0.4365587
Validation loss decreased (inf --> 0.313091).  Saving model ...
Updating learning rate to 0.02
Epoch: 2 cost time: 0.5151619911193848
Epoch: 2, Steps: 85 | Train Loss: 0.2969027 Vali Loss: 0.2906858 Test Loss: 0.4117338
Validation loss decreased (0.313091 --> 0.290686).  Saving model ...
Updating learning rate to 0.02
Epoch: 3 cost time: 0.4893040657043457
Epoch: 3, Steps: 85 | Train Loss: 0.2887463 Vali Loss: 0.2907639 Test Loss: 0.4114215
EarlyStopping counter: 1 out of 5
Updating learning rate to 0.02
Epoch: 4 cost time: 0.48004984855651855
Epoch: 4, Steps: 85 | Train Loss: 0.2889775 Vali Loss: 0.2883932 Test Loss: 0.4092147
Validation loss decreased (0.290686 --> 0.288393).  Saving model ...
Updating learning rate to 0.018000000000000002
Epoch: 5 cost time: 0.5009288787841797
Epoch: 5, Steps: 85 | Train Loss: 0.2873470 Vali Loss: 0.2879026 Test Loss: 0.4088185
Validation loss decreased (0.288393 --> 0.287903).  Saving model ...
Updating learning rate to 0.016200000000000003
Epoch: 6 cost time: 0.45200085639953613
Epoch: 6, Steps: 85 | Train Loss: 0.2872220 Vali Loss: 0.2878195 Test Loss: 0.4087291
Validation loss decreased (0.287903 --> 0.287820).  Saving model ...
Updating learning rate to 0.014580000000000003
Epoch: 7 cost time: 0.46824216842651367
Epoch: 7, Steps: 85 | Train Loss: 0.2865558 Vali Loss: 0.2880714 Test Loss: 0.4098486
EarlyStopping counter: 1 out of 5
Updating learning rate to 0.013122
Epoch: 8 cost time: 0.48245835304260254
Epoch: 8, Steps: 85 | Train Loss: 0.2868402 Vali Loss: 0.2880293 Test Loss: 0.4086322
EarlyStopping counter: 2 out of 5
Updating learning rate to 0.011809800000000002
Epoch: 9 cost time: 0.4780125617980957
Epoch: 9, Steps: 85 | Train Loss: 0.2865507 Vali Loss: 0.2887007 Test Loss: 0.4089263
EarlyStopping counter: 3 out of 5
Updating learning rate to 0.01062882
Epoch: 10 cost time: 0.5049262046813965
Epoch: 10, Steps: 85 | Train Loss: 0.2869184 Vali Loss: 0.2881209 Test Loss: 0.4086945
EarlyStopping counter: 4 out of 5
Updating learning rate to 0.009565938000000001
Epoch: 11 cost time: 0.46595025062561035
Epoch: 11, Steps: 85 | Train Loss: 0.2866042 Vali Loss: 0.2875640 Test Loss: 0.4082397
Validation loss decreased (0.287820 --> 0.287564).  Saving model ...
Updating learning rate to 0.008609344200000002
Epoch: 12 cost time: 0.479231595993042
Epoch: 12, Steps: 85 | Train Loss: 0.2861158 Vali Loss: 0.2877332 Test Loss: 0.4084370
EarlyStopping counter: 1 out of 5
Updating learning rate to 0.007748409780000002
Epoch: 13 cost time: 0.4766509532928467
Epoch: 13, Steps: 85 | Train Loss: 0.2860009 Vali Loss: 0.2875874 Test Loss: 0.4082258
EarlyStopping counter: 2 out of 5
Updating learning rate to 0.006973568802000002
Epoch: 14 cost time: 0.49092793464660645
Epoch: 14, Steps: 85 | Train Loss: 0.2860393 Vali Loss: 0.2876610 Test Loss: 0.4086960
EarlyStopping counter: 3 out of 5
Updating learning rate to 0.006276211921800001
Epoch: 15 cost time: 0.463700532913208
Epoch: 15, Steps: 85 | Train Loss: 0.2860579 Vali Loss: 0.2879734 Test Loss: 0.4082563
EarlyStopping counter: 4 out of 5
Updating learning rate to 0.005648590729620003
Epoch: 16 cost time: 0.5107357501983643
Epoch: 16, Steps: 85 | Train Loss: 0.2852178 Vali Loss: 0.2875136 Test Loss: 0.4086076
Validation loss decreased (0.287564 --> 0.287514).  Saving model ...
Updating learning rate to 0.005083731656658002
Epoch: 17 cost time: 0.49871826171875
Epoch: 17, Steps: 85 | Train Loss: 0.2861144 Vali Loss: 0.2878813 Test Loss: 0.4081136
EarlyStopping counter: 1 out of 5
Updating learning rate to 0.004575358490992202
Epoch: 18 cost time: 0.5183346271514893
Epoch: 18, Steps: 85 | Train Loss: 0.2860025 Vali Loss: 0.2878639 Test Loss: 0.4081876
EarlyStopping counter: 2 out of 5
Updating learning rate to 0.004117822641892982
Epoch: 19 cost time: 0.4982016086578369
Epoch: 19, Steps: 85 | Train Loss: 0.2859268 Vali Loss: 0.2877154 Test Loss: 0.4093645
EarlyStopping counter: 3 out of 5
Updating learning rate to 0.0037060403777036833
Epoch: 20 cost time: 0.49808645248413086
Epoch: 20, Steps: 85 | Train Loss: 0.2857701 Vali Loss: 0.2876784 Test Loss: 0.4083559
EarlyStopping counter: 4 out of 5
Updating learning rate to 0.0033354363399333152
Epoch: 21 cost time: 0.516376256942749
Epoch: 21, Steps: 85 | Train Loss: 0.2855482 Vali Loss: 0.2877541 Test Loss: 0.4086773
EarlyStopping counter: 5 out of 5
Early stopping
>>>>>>>testing : long_term_forecast_FEWSHOT_ETTm2_96_720_none_SparseTSF_ETTm2_sl96_pl720_dm16_nh8_el2_dl1_df32_fc1_ebtimeF_dtTrue_FewShot_0<<<<<<<<<<<<<<<<<<<<<<<<<<<<<<<<<
test 10801
mse:0.4086078405380249, mae:0.3957614600658417
RMSE:0.6392244100570679, MAPE:0.523319661617279, MSPE:386.2178955078125
