Args in experiment:
Namespace(activation='gelu', anomaly_ratio=0.25, batch_size=32, c_out=7, channel_independence=1, checkpoints='./checkpoints/', comment='none', d_ff=32, d_layers=1, d_model=16, data='ETTh2', data_path='ETTh2.csv', dec_in=7, decomp_method='moving_avg', des='FewShot', devices='0,1', distil=True, down_sampling_layers=0, down_sampling_method='avg', down_sampling_window=1, drop_last=True, dropout=0.1, e_layers=2, embed='timeF', emissions_file='emissions.csv', emissions_output_dir='.', enc_in=7, factor=1, features='M', freq='h', gpu=0, inverse=False, is_training=1, itr=1, label_len=0, learning_rate=0.02, loss='MSE', lradj='type3', mask_rate=0.125, model='SparseTSF', model_id='FEWSHOT_ETTh2_96_192', model_type='linear', moving_avg=25, n_heads=8, num_kernels=6, num_workers=0, output_attention=False, p_hidden_dims=[128, 128], p_hidden_layers=2, patience=5, pct_start=0.2, percent=10, period_len=24, pred_len=192, root_path='C:\\Users\\bbbal\\OneDrive\\Masaüstü\\timemixer\\dataset\\ETT-small', seasonal_patterns='Monthly', seq_len=96, target='OT', task_name='long_term_forecast', top_k=5, track_emissions=0, train_epochs=30, use_amp=False, use_future_temporal_feature=0, use_gpu=True, use_multi_gpu=False, use_norm=1)
Use GPU: cuda:0
>>>>>>>start training : long_term_forecast_FEWSHOT_ETTh2_96_192_none_SparseTSF_ETTh2_sl96_pl192_dm16_nh8_el2_dl1_df32_fc1_ebtimeF_dtTrue_FewShot_0>>>>>>>>>>>>>>>>>>>>>>>>>>
train 663
val 2689
test 2689
Epoch: 1 cost time: 2.59820294380188
Epoch: 1, Steps: 20 | Train Loss: 0.3903019 Vali Loss: 0.3659753 Test Loss: 0.4882672
Validation loss decreased (inf --> 0.365975).  Saving model ...
Updating learning rate to 0.02
Epoch: 2 cost time: 0.0787498950958252
Epoch: 2, Steps: 20 | Train Loss: 0.3510601 Vali Loss: 0.3148576 Test Loss: 0.4336289
Validation loss decreased (0.365975 --> 0.314858).  Saving model ...
Updating learning rate to 0.02
Epoch: 3 cost time: 0.08274102210998535
Epoch: 3, Steps: 20 | Train Loss: 0.2973064 Vali Loss: 0.3068279 Test Loss: 0.4274149
Validation loss decreased (0.314858 --> 0.306828).  Saving model ...
Updating learning rate to 0.02
Epoch: 4 cost time: 0.07676839828491211
Epoch: 4, Steps: 20 | Train Loss: 0.2779366 Vali Loss: 0.3077391 Test Loss: 0.4312148
EarlyStopping counter: 1 out of 5
Updating learning rate to 0.018000000000000002
Epoch: 5 cost time: 0.08926534652709961
Epoch: 5, Steps: 20 | Train Loss: 0.2734366 Vali Loss: 0.2945052 Test Loss: 0.4132363
Validation loss decreased (0.306828 --> 0.294505).  Saving model ...
Updating learning rate to 0.016200000000000003
Epoch: 6 cost time: 0.08209848403930664
Epoch: 6, Steps: 20 | Train Loss: 0.2702947 Vali Loss: 0.2931425 Test Loss: 0.4128013
Validation loss decreased (0.294505 --> 0.293142).  Saving model ...
Updating learning rate to 0.014580000000000003
Epoch: 7 cost time: 0.07876086235046387
Epoch: 7, Steps: 20 | Train Loss: 0.2666546 Vali Loss: 0.3003080 Test Loss: 0.4232985
EarlyStopping counter: 1 out of 5
Updating learning rate to 0.013122
Epoch: 8 cost time: 0.08510136604309082
Epoch: 8, Steps: 20 | Train Loss: 0.2676952 Vali Loss: 0.2947209 Test Loss: 0.4138765
EarlyStopping counter: 2 out of 5
Updating learning rate to 0.011809800000000002
Epoch: 9 cost time: 0.09368371963500977
Epoch: 9, Steps: 20 | Train Loss: 0.2673341 Vali Loss: 0.2915796 Test Loss: 0.4078189
Validation loss decreased (0.293142 --> 0.291580).  Saving model ...
Updating learning rate to 0.01062882
Epoch: 10 cost time: 0.08578038215637207
Epoch: 10, Steps: 20 | Train Loss: 0.2686554 Vali Loss: 0.3004509 Test Loss: 0.4250655
EarlyStopping counter: 1 out of 5
Updating learning rate to 0.009565938000000001
Epoch: 11 cost time: 0.08081698417663574
Epoch: 11, Steps: 20 | Train Loss: 0.2681573 Vali Loss: 0.2920122 Test Loss: 0.4079775
EarlyStopping counter: 2 out of 5
Updating learning rate to 0.008609344200000002
Epoch: 12 cost time: 0.08725976943969727
Epoch: 12, Steps: 20 | Train Loss: 0.2662728 Vali Loss: 0.2975782 Test Loss: 0.4192730
EarlyStopping counter: 3 out of 5
Updating learning rate to 0.007748409780000002
Epoch: 13 cost time: 0.0961918830871582
Epoch: 13, Steps: 20 | Train Loss: 0.2678021 Vali Loss: 0.2952883 Test Loss: 0.4144111
EarlyStopping counter: 4 out of 5
Updating learning rate to 0.006973568802000002
Epoch: 14 cost time: 0.07839465141296387
Epoch: 14, Steps: 20 | Train Loss: 0.2647258 Vali Loss: 0.2936288 Test Loss: 0.4121032
EarlyStopping counter: 5 out of 5
Early stopping
>>>>>>>testing : long_term_forecast_FEWSHOT_ETTh2_96_192_none_SparseTSF_ETTh2_sl96_pl192_dm16_nh8_el2_dl1_df32_fc1_ebtimeF_dtTrue_FewShot_0<<<<<<<<<<<<<<<<<<<<<<<<<<<<<<<<<
test 2689
mse:0.4078187942504883, mae:0.40554600954055786
RMSE:0.6386069059371948, MAPE:0.5372822880744934, MSPE:471.037109375
