Args in experiment:
Namespace(activation='gelu', anomaly_ratio=0.25, batch_size=32, c_out=7, channel_independence=1, checkpoints='./checkpoints/', comment='none', d_ff=32, d_layers=1, d_model=16, data='ETTh2', data_path='ETTh2.csv', dec_in=7, decomp_method='moving_avg', des='FewShot', devices='0,1', distil=True, down_sampling_layers=0, down_sampling_method='avg', down_sampling_window=1, drop_last=True, dropout=0.1, e_layers=2, embed='timeF', emissions_file='emissions.csv', emissions_output_dir='.', enc_in=7, factor=1, features='M', freq='h', gpu=0, inverse=False, is_training=1, itr=1, label_len=0, learning_rate=0.02, loss='MSE', lradj='type3', mask_rate=0.125, model='SparseTSF', model_id='FEWSHOT_ETTh2_96_720', model_type='linear', moving_avg=25, n_heads=8, num_kernels=6, num_workers=0, output_attention=False, p_hidden_dims=[128, 128], p_hidden_layers=2, patience=5, pct_start=0.2, percent=10, period_len=24, pred_len=720, root_path='C:\\Users\\bbbal\\OneDrive\\Masaüstü\\timemixer\\dataset\\ETT-small', seasonal_patterns='Monthly', seq_len=96, target='OT', task_name='long_term_forecast', top_k=5, track_emissions=0, train_epochs=30, use_amp=False, use_future_temporal_feature=0, use_gpu=True, use_multi_gpu=False, use_norm=1)
Use GPU: cuda:0
>>>>>>>start training : long_term_forecast_FEWSHOT_ETTh2_96_720_none_SparseTSF_ETTh2_sl96_pl720_dm16_nh8_el2_dl1_df32_fc1_ebtimeF_dtTrue_FewShot_0>>>>>>>>>>>>>>>>>>>>>>>>>>
train 135
val 2161
test 2161
Epoch: 1 cost time: 2.557403326034546
Epoch: 1, Steps: 4 | Train Loss: 0.9583568 Vali Loss: 0.7277221 Test Loss: 0.5222196
Validation loss decreased (inf --> 0.727722).  Saving model ...
Updating learning rate to 0.02
Epoch: 2 cost time: 0.01902031898498535
Epoch: 2, Steps: 4 | Train Loss: 0.9283257 Vali Loss: 0.7158879 Test Loss: 0.5185916
Validation loss decreased (0.727722 --> 0.715888).  Saving model ...
Updating learning rate to 0.02
Epoch: 3 cost time: 0.022014141082763672
Epoch: 3, Steps: 4 | Train Loss: 0.8257218 Vali Loss: 0.8170215 Test Loss: 0.6770287
EarlyStopping counter: 1 out of 5
Updating learning rate to 0.02
Epoch: 4 cost time: 0.02959442138671875
Epoch: 4, Steps: 4 | Train Loss: 0.7107454 Vali Loss: 1.0845436 Test Loss: 1.0619827
EarlyStopping counter: 2 out of 5
Updating learning rate to 0.018000000000000002
Epoch: 5 cost time: 0.019558429718017578
Epoch: 5, Steps: 4 | Train Loss: 0.6340390 Vali Loss: 1.1553592 Test Loss: 1.1603002
EarlyStopping counter: 3 out of 5
Updating learning rate to 0.016200000000000003
Epoch: 6 cost time: 0.02152562141418457
Epoch: 6, Steps: 4 | Train Loss: 0.5702780 Vali Loss: 1.0532840 Test Loss: 1.0263294
EarlyStopping counter: 4 out of 5
Updating learning rate to 0.014580000000000003
Epoch: 7 cost time: 0.022585391998291016
Epoch: 7, Steps: 4 | Train Loss: 0.5127054 Vali Loss: 0.9600383 Test Loss: 0.8974251
EarlyStopping counter: 5 out of 5
Early stopping
>>>>>>>testing : long_term_forecast_FEWSHOT_ETTh2_96_720_none_SparseTSF_ETTh2_sl96_pl720_dm16_nh8_el2_dl1_df32_fc1_ebtimeF_dtTrue_FewShot_0<<<<<<<<<<<<<<<<<<<<<<<<<<<<<<<<<
test 2161
mse:0.5185914635658264, mae:0.4932052493095398
RMSE:0.7201329469680786, MAPE:0.6527091860771179, MSPE:744.3235473632812
