Args in experiment:
Namespace(activation='gelu', anomaly_ratio=0.25, batch_size=32, c_out=21, channel_independence=1, checkpoints='./checkpoints/', comment='none', d_ff=32, d_layers=1, d_model=16, data='custom', data_path='weather.csv', dec_in=21, decomp_method='moving_avg', des='FewShot', devices='0,1', distil=True, down_sampling_layers=0, down_sampling_method='avg', down_sampling_window=1, drop_last=True, dropout=0.1, e_layers=2, embed='timeF', emissions_file='emissions.csv', emissions_output_dir='.', enc_in=21, factor=1, features='M', freq='h', gpu=0, inverse=False, is_training=1, itr=1, label_len=0, learning_rate=0.02, loss='MSE', lradj='type3', mask_rate=0.125, model='SparseTSF', model_id='FEWSHOT_Weather_96_96', model_type='linear', moving_avg=25, n_heads=8, num_kernels=6, num_workers=0, output_attention=False, p_hidden_dims=[128, 128], p_hidden_layers=2, patience=5, pct_start=0.2, percent=10, period_len=4, pred_len=96, root_path='C:\\Users\\bbbal\\OneDrive\\Masaüstü\\timemixer\\dataset\\weather', seasonal_patterns='Monthly', seq_len=96, target='OT', task_name='long_term_forecast', top_k=5, track_emissions=0, train_epochs=30, use_amp=False, use_future_temporal_feature=0, use_gpu=True, use_multi_gpu=False, use_norm=1)
Use GPU: cuda:0
>>>>>>>start training : long_term_forecast_FEWSHOT_Weather_96_96_none_SparseTSF_custom_sl96_pl96_dm16_nh8_el2_dl1_df32_fc1_ebtimeF_dtTrue_FewShot_0>>>>>>>>>>>>>>>>>>>>>>>>>>
train 3584
val 5175
test 10444
	iters: 100, epoch: 1 | loss: 0.1552413
	speed: 0.0307s/iter; left time: 100.2676s
Epoch: 1 cost time: 3.1284291744232178
Epoch: 1, Steps: 112 | Train Loss: 0.1940245 Vali Loss: 0.6082310 Test Loss: 0.2127023
Validation loss decreased (inf --> 0.608231).  Saving model ...
Updating learning rate to 0.02
	iters: 100, epoch: 2 | loss: 0.1633334
	speed: 0.0157s/iter; left time: 49.5281s
Epoch: 2 cost time: 0.529306173324585
Epoch: 2, Steps: 112 | Train Loss: 0.1649647 Vali Loss: 0.5385922 Test Loss: 0.1934614
Validation loss decreased (0.608231 --> 0.538592).  Saving model ...
Updating learning rate to 0.02
	iters: 100, epoch: 3 | loss: 0.2200922
	speed: 0.0158s/iter; left time: 48.0812s
Epoch: 3 cost time: 0.48118114471435547
Epoch: 3, Steps: 112 | Train Loss: 0.1615106 Vali Loss: 0.5537113 Test Loss: 0.1918022
EarlyStopping counter: 1 out of 5
Updating learning rate to 0.02
	iters: 100, epoch: 4 | loss: 0.1956279
	speed: 0.0153s/iter; left time: 44.6354s
Epoch: 4 cost time: 0.49888134002685547
Epoch: 4, Steps: 112 | Train Loss: 0.1607497 Vali Loss: 0.5640648 Test Loss: 0.1914326
EarlyStopping counter: 2 out of 5
Updating learning rate to 0.018000000000000002
	iters: 100, epoch: 5 | loss: 0.1316165
	speed: 0.0152s/iter; left time: 42.6243s
Epoch: 5 cost time: 0.4941215515136719
Epoch: 5, Steps: 112 | Train Loss: 0.1601725 Vali Loss: 0.5486822 Test Loss: 0.1912172
EarlyStopping counter: 3 out of 5
Updating learning rate to 0.016200000000000003
	iters: 100, epoch: 6 | loss: 0.1777774
	speed: 0.0163s/iter; left time: 44.0349s
Epoch: 6 cost time: 0.5070207118988037
Epoch: 6, Steps: 112 | Train Loss: 0.1598012 Vali Loss: 0.5349415 Test Loss: 0.1904822
Validation loss decreased (0.538592 --> 0.534941).  Saving model ...
Updating learning rate to 0.014580000000000003
	iters: 100, epoch: 7 | loss: 0.1613523
	speed: 0.0157s/iter; left time: 40.5357s
Epoch: 7 cost time: 0.5223901271820068
Epoch: 7, Steps: 112 | Train Loss: 0.1597277 Vali Loss: 0.5484521 Test Loss: 0.1902655
EarlyStopping counter: 1 out of 5
Updating learning rate to 0.013122
	iters: 100, epoch: 8 | loss: 0.1344735
	speed: 0.0151s/iter; left time: 37.5140s
Epoch: 8 cost time: 0.500258207321167
Epoch: 8, Steps: 112 | Train Loss: 0.1595712 Vali Loss: 0.5446282 Test Loss: 0.1901373
EarlyStopping counter: 2 out of 5
Updating learning rate to 0.011809800000000002
	iters: 100, epoch: 9 | loss: 0.2071863
	speed: 0.0154s/iter; left time: 36.5387s
Epoch: 9 cost time: 0.495070219039917
Epoch: 9, Steps: 112 | Train Loss: 0.1595450 Vali Loss: 0.5481558 Test Loss: 0.1903740
EarlyStopping counter: 3 out of 5
Updating learning rate to 0.01062882
	iters: 100, epoch: 10 | loss: 0.1364091
	speed: 0.0157s/iter; left time: 35.3642s
Epoch: 10 cost time: 0.5035052299499512
Epoch: 10, Steps: 112 | Train Loss: 0.1598560 Vali Loss: 0.5599532 Test Loss: 0.1919350
EarlyStopping counter: 4 out of 5
Updating learning rate to 0.009565938000000001
	iters: 100, epoch: 11 | loss: 0.1690140
	speed: 0.0167s/iter; left time: 35.8259s
Epoch: 11 cost time: 0.5452373027801514
Epoch: 11, Steps: 112 | Train Loss: 0.1597316 Vali Loss: 0.5326206 Test Loss: 0.1887299
Validation loss decreased (0.534941 --> 0.532621).  Saving model ...
Updating learning rate to 0.008609344200000002
	iters: 100, epoch: 12 | loss: 0.1401518
	speed: 0.0168s/iter; left time: 34.0186s
Epoch: 12 cost time: 0.6808438301086426
Epoch: 12, Steps: 112 | Train Loss: 0.1591405 Vali Loss: 0.5376587 Test Loss: 0.1890450
EarlyStopping counter: 1 out of 5
Updating learning rate to 0.007748409780000002
	iters: 100, epoch: 13 | loss: 0.1414768
	speed: 0.0166s/iter; left time: 31.7322s
Epoch: 13 cost time: 0.5051431655883789
Epoch: 13, Steps: 112 | Train Loss: 0.1593396 Vali Loss: 0.5422940 Test Loss: 0.1893705
EarlyStopping counter: 2 out of 5
Updating learning rate to 0.006973568802000002
	iters: 100, epoch: 14 | loss: 0.1458199
	speed: 0.0160s/iter; left time: 28.8996s
Epoch: 14 cost time: 0.548316478729248
Epoch: 14, Steps: 112 | Train Loss: 0.1591262 Vali Loss: 0.5439897 Test Loss: 0.1894286
EarlyStopping counter: 3 out of 5
Updating learning rate to 0.006276211921800001
	iters: 100, epoch: 15 | loss: 0.1566998
	speed: 0.0152s/iter; left time: 25.6866s
Epoch: 15 cost time: 0.47397661209106445
Epoch: 15, Steps: 112 | Train Loss: 0.1591098 Vali Loss: 0.5418850 Test Loss: 0.1892927
EarlyStopping counter: 4 out of 5
Updating learning rate to 0.005648590729620003
	iters: 100, epoch: 16 | loss: 0.1692484
	speed: 0.0156s/iter; left time: 24.6806s
Epoch: 16 cost time: 0.5325276851654053
Epoch: 16, Steps: 112 | Train Loss: 0.1589316 Vali Loss: 0.5508343 Test Loss: 0.1900661
EarlyStopping counter: 5 out of 5
Early stopping
>>>>>>>testing : long_term_forecast_FEWSHOT_Weather_96_96_none_SparseTSF_custom_sl96_pl96_dm16_nh8_el2_dl1_df32_fc1_ebtimeF_dtTrue_FewShot_0<<<<<<<<<<<<<<<<<<<<<<<<<<<<<<<<<
test 10444
mse:0.1887298971414566, mae:0.2386639267206192
RMSE:0.4344305396080017, MAPE:0.5292084217071533, MSPE:28551724.0
