Args in experiment:
Namespace(activation='gelu', anomaly_ratio=0.25, batch_size=64, c_out=7, channel_independence=1, checkpoints='./checkpoints/', comment='none', d_ff=64, d_layers=1, d_model=32, data='ETTh1', data_path='ETTh1.csv', dec_in=7, decomp_method='moving_avg', des='Exp', devices='0,1', distil=True, down_sampling_layers=3, down_sampling_method='avg', down_sampling_window=2, drop_last=True, dropout=0.1, e_layers=2, embed='timeF', enc_in=7, factor=1, features='M', freq='h', gpu=0, inverse=False, is_training=1, itr=1, label_len=0, learning_rate=5e-05, loss='MSE', lradj='type1', mask_rate=0.125, model='TimeMixerPP', model_id='PP_ETTh1_96_96', moving_avg=25, n_heads=4, num_kernels=6, num_workers=0, output_attention=False, p_hidden_dims=[128, 128], p_hidden_layers=2, patience=10, pct_start=0.2, pred_len=96, root_path='C:\\Users\\bbbal\\OneDrive\\Masaüstü\\timemixer\\dataset\\ETT-small', seasonal_patterns='Monthly', seq_len=96, target='OT', task_name='long_term_forecast', top_k=3, train_epochs=20, use_amp=False, use_future_temporal_feature=0, use_gpu=True, use_multi_gpu=False, use_norm=1)
Use GPU: cuda:0
>>>>>>>start training : long_term_forecast_PP_ETTh1_96_96_none_TimeMixerPP_ETTh1_sl96_pl96_dm32_nh4_el2_dl1_df64_fc1_ebtimeF_dtTrue_Exp_0>>>>>>>>>>>>>>>>>>>>>>>>>>
train 8449
val 2785
test 2785
	iters: 100, epoch: 1 | loss: 0.8262836
	speed: 0.2759s/iter; left time: 701.1259s
Epoch: 1 cost time: 33.50640821456909
Epoch: 1, Steps: 132 | Train Loss: 0.7916055 Vali Loss: 1.5650223 Test Loss: 1.0939435
Validation loss decreased (inf --> 1.565022).  Saving model ...
Updating learning rate to 5e-05
	iters: 100, epoch: 2 | loss: 0.7871986
	speed: 0.2790s/iter; left time: 672.0710s
Epoch: 2 cost time: 24.121184587478638
Epoch: 2, Steps: 132 | Train Loss: 0.7048051 Vali Loss: 1.2874863 Test Loss: 0.8355831
Validation loss decreased (1.565022 --> 1.287486).  Saving model ...
Updating learning rate to 2.5e-05
	iters: 100, epoch: 3 | loss: 0.5738580
	speed: 0.3084s/iter; left time: 702.2683s
Epoch: 3 cost time: 25.377769470214844
Epoch: 3, Steps: 132 | Train Loss: 0.6084424 Vali Loss: 1.1938802 Test Loss: 0.7465165
Validation loss decreased (1.287486 --> 1.193880).  Saving model ...
Updating learning rate to 1.25e-05
	iters: 100, epoch: 4 | loss: 0.5919963
	speed: 0.2897s/iter; left time: 621.3606s
Epoch: 4 cost time: 23.85873246192932
Epoch: 4, Steps: 132 | Train Loss: 0.5740977 Vali Loss: 1.1604132 Test Loss: 0.7167653
Validation loss decreased (1.193880 --> 1.160413).  Saving model ...
Updating learning rate to 6.25e-06
	iters: 100, epoch: 5 | loss: 0.5757858
	speed: 0.2824s/iter; left time: 568.3757s
Epoch: 5 cost time: 23.628138780593872
Epoch: 5, Steps: 132 | Train Loss: 0.5612991 Vali Loss: 1.1471598 Test Loss: 0.7045509
Validation loss decreased (1.160413 --> 1.147160).  Saving model ...
Updating learning rate to 3.125e-06
	iters: 100, epoch: 6 | loss: 0.5608339
	speed: 0.2815s/iter; left time: 529.4936s
Epoch: 6 cost time: 23.591718912124634
Epoch: 6, Steps: 132 | Train Loss: 0.5559836 Vali Loss: 1.1426726 Test Loss: 0.6986776
Validation loss decreased (1.147160 --> 1.142673).  Saving model ...
Updating learning rate to 1.5625e-06
	iters: 100, epoch: 7 | loss: 0.5555432
	speed: 0.2849s/iter; left time: 498.2947s
Epoch: 7 cost time: 24.04627251625061
Epoch: 7, Steps: 132 | Train Loss: 0.5532029 Vali Loss: 1.1380825 Test Loss: 0.6957633
Validation loss decreased (1.142673 --> 1.138082).  Saving model ...
Updating learning rate to 7.8125e-07
	iters: 100, epoch: 8 | loss: 0.5576118
	speed: 0.2836s/iter; left time: 458.5367s
Epoch: 8 cost time: 23.829192399978638
Epoch: 8, Steps: 132 | Train Loss: 0.5519633 Vali Loss: 1.1361264 Test Loss: 0.6942843
Validation loss decreased (1.138082 --> 1.136126).  Saving model ...
Updating learning rate to 3.90625e-07
	iters: 100, epoch: 9 | loss: 0.5497574
	speed: 0.2764s/iter; left time: 410.4502s
Epoch: 9 cost time: 23.068576335906982
Epoch: 9, Steps: 132 | Train Loss: 0.5512873 Vali Loss: 1.1395038 Test Loss: 0.6935564
EarlyStopping counter: 1 out of 10
Updating learning rate to 1.953125e-07
	iters: 100, epoch: 10 | loss: 0.5473955
	speed: 0.2767s/iter; left time: 374.3836s
Epoch: 10 cost time: 23.263274431228638
Epoch: 10, Steps: 132 | Train Loss: 0.5507948 Vali Loss: 1.1336639 Test Loss: 0.6931837
Validation loss decreased (1.136126 --> 1.133664).  Saving model ...
Updating learning rate to 9.765625e-08
	iters: 100, epoch: 11 | loss: 0.6066781
	speed: 0.2804s/iter; left time: 342.3143s
Epoch: 11 cost time: 23.524272918701172
Epoch: 11, Steps: 132 | Train Loss: 0.5508785 Vali Loss: 1.1351138 Test Loss: 0.6929962
EarlyStopping counter: 1 out of 10
Updating learning rate to 4.8828125e-08
	iters: 100, epoch: 12 | loss: 0.5786722
	speed: 0.2785s/iter; left time: 303.2930s
Epoch: 12 cost time: 23.388937950134277
Epoch: 12, Steps: 132 | Train Loss: 0.5505689 Vali Loss: 1.1318548 Test Loss: 0.6929023
Validation loss decreased (1.133664 --> 1.131855).  Saving model ...
Updating learning rate to 2.44140625e-08
	iters: 100, epoch: 13 | loss: 0.5900791
	speed: 0.2809s/iter; left time: 268.8290s
Epoch: 13 cost time: 23.69052481651306
Epoch: 13, Steps: 132 | Train Loss: 0.5505687 Vali Loss: 1.1373978 Test Loss: 0.6928561
EarlyStopping counter: 1 out of 10
Updating learning rate to 1.220703125e-08
	iters: 100, epoch: 14 | loss: 0.5695102
	speed: 0.2792s/iter; left time: 230.3720s
Epoch: 14 cost time: 23.331058979034424
Epoch: 14, Steps: 132 | Train Loss: 0.5503508 Vali Loss: 1.1353894 Test Loss: 0.6928297
EarlyStopping counter: 2 out of 10
Updating learning rate to 6.103515625e-09
	iters: 100, epoch: 15 | loss: 0.5490582
	speed: 0.2801s/iter; left time: 194.0858s
Epoch: 15 cost time: 24.967679262161255
Epoch: 15, Steps: 132 | Train Loss: 0.5505787 Vali Loss: 1.1343013 Test Loss: 0.6928189
EarlyStopping counter: 3 out of 10
Updating learning rate to 3.0517578125e-09
	iters: 100, epoch: 16 | loss: 0.5449538
	speed: 0.2939s/iter; left time: 164.8990s
Epoch: 16 cost time: 23.271820545196533
Epoch: 16, Steps: 132 | Train Loss: 0.5507234 Vali Loss: 1.1338875 Test Loss: 0.6928159
EarlyStopping counter: 4 out of 10
Updating learning rate to 1.52587890625e-09
	iters: 100, epoch: 17 | loss: 0.5757484
	speed: 0.2811s/iter; left time: 120.6016s
Epoch: 17 cost time: 23.716026544570923
Epoch: 17, Steps: 132 | Train Loss: 0.5505572 Vali Loss: 1.1336598 Test Loss: 0.6928149
EarlyStopping counter: 5 out of 10
Updating learning rate to 7.62939453125e-10
	iters: 100, epoch: 18 | loss: 0.6538780
	speed: 0.2808s/iter; left time: 83.4091s
Epoch: 18 cost time: 23.569567918777466
Epoch: 18, Steps: 132 | Train Loss: 0.5505926 Vali Loss: 1.1378296 Test Loss: 0.6928148
EarlyStopping counter: 6 out of 10
Updating learning rate to 3.814697265625e-10
	iters: 100, epoch: 19 | loss: 0.5267169
	speed: 0.2776s/iter; left time: 45.8060s
Epoch: 19 cost time: 23.17881155014038
Epoch: 19, Steps: 132 | Train Loss: 0.5505829 Vali Loss: 1.1356008 Test Loss: 0.6928148
EarlyStopping counter: 7 out of 10
Updating learning rate to 1.9073486328125e-10
	iters: 100, epoch: 20 | loss: 0.5897917
	speed: 0.2796s/iter; left time: 9.2263s
Epoch: 20 cost time: 23.556365251541138
Epoch: 20, Steps: 132 | Train Loss: 0.5505217 Vali Loss: 1.1375619 Test Loss: 0.6928148
EarlyStopping counter: 8 out of 10
Updating learning rate to 9.5367431640625e-11
>>>>>>>testing : long_term_forecast_PP_ETTh1_96_96_none_TimeMixerPP_ETTh1_sl96_pl96_dm32_nh4_el2_dl1_df64_fc1_ebtimeF_dtTrue_Exp_0<<<<<<<<<<<<<<<<<<<<<<<<<<<<<<<<<
test 2785
mse:0.6929022073745728, mae:0.5553309917449951
