Args in experiment:
Namespace(activation='gelu', anomaly_ratio=0.25, batch_size=64, c_out=7, channel_independence=1, checkpoints='./checkpoints/', comment='none', d_ff=64, d_layers=1, d_model=32, data='ETTh2', data_path='ETTh2.csv', dec_in=7, decomp_method='moving_avg', des='Exp', devices='0,1', distil=True, down_sampling_layers=3, down_sampling_method='avg', down_sampling_window=2, drop_last=True, dropout=0.1, e_layers=2, embed='timeF', enc_in=7, factor=1, features='M', freq='h', gpu=0, inverse=False, is_training=1, itr=1, label_len=0, learning_rate=5e-05, loss='MSE', lradj='type1', mask_rate=0.125, model='TimeMixerPP', model_id='PP_ETTh2_96_720', moving_avg=25, n_heads=4, num_kernels=6, num_workers=0, output_attention=False, p_hidden_dims=[128, 128], p_hidden_layers=2, patience=10, pct_start=0.2, pred_len=720, root_path='C:\\Users\\bbbal\\OneDrive\\Masaüstü\\timemixer\\dataset\\ETT-small', seasonal_patterns='Monthly', seq_len=96, target='OT', task_name='long_term_forecast', top_k=3, train_epochs=20, use_amp=False, use_future_temporal_feature=0, use_gpu=True, use_multi_gpu=False, use_norm=1)
Use GPU: cuda:0
>>>>>>>start training : long_term_forecast_PP_ETTh2_96_720_none_TimeMixerPP_ETTh2_sl96_pl720_dm32_nh4_el2_dl1_df64_fc1_ebtimeF_dtTrue_Exp_0>>>>>>>>>>>>>>>>>>>>>>>>>>
train 7825
val 2161
test 2161
	iters: 100, epoch: 1 | loss: 0.8897798
	speed: 0.2066s/iter; left time: 483.7195s
Epoch: 1 cost time: 24.781383991241455
Epoch: 1, Steps: 122 | Train Loss: 1.0539303 Vali Loss: 0.7115288 Test Loss: 0.5288658
Validation loss decreased (inf --> 0.711529).  Saving model ...
Updating learning rate to 5e-05
	iters: 100, epoch: 2 | loss: 1.2024685
	speed: 0.2619s/iter; left time: 581.1272s
Epoch: 2 cost time: 22.331700801849365
Epoch: 2, Steps: 122 | Train Loss: 1.0082588 Vali Loss: 0.6785692 Test Loss: 0.4864854
Validation loss decreased (0.711529 --> 0.678569).  Saving model ...
Updating learning rate to 2.5e-05
	iters: 100, epoch: 3 | loss: 1.2723475
	speed: 0.2620s/iter; left time: 549.4908s
Epoch: 3 cost time: 22.332667589187622
Epoch: 3, Steps: 122 | Train Loss: 0.9714570 Vali Loss: 0.6725472 Test Loss: 0.4775975
Validation loss decreased (0.678569 --> 0.672547).  Saving model ...
Updating learning rate to 1.25e-05
	iters: 100, epoch: 4 | loss: 0.9558834
	speed: 0.2633s/iter; left time: 519.9465s
Epoch: 4 cost time: 22.77015471458435
Epoch: 4, Steps: 122 | Train Loss: 0.9495958 Vali Loss: 0.6687211 Test Loss: 0.4741722
Validation loss decreased (0.672547 --> 0.668721).  Saving model ...
Updating learning rate to 6.25e-06
	iters: 100, epoch: 5 | loss: 0.8833092
	speed: 0.2636s/iter; left time: 488.4051s
Epoch: 5 cost time: 22.67113971710205
Epoch: 5, Steps: 122 | Train Loss: 0.9326150 Vali Loss: 0.6721577 Test Loss: 0.4731104
EarlyStopping counter: 1 out of 10
Updating learning rate to 3.125e-06
	iters: 100, epoch: 6 | loss: 0.8910159
	speed: 0.2598s/iter; left time: 449.7443s
Epoch: 6 cost time: 22.28508186340332
Epoch: 6, Steps: 122 | Train Loss: 0.9260251 Vali Loss: 0.6731140 Test Loss: 0.4725636
EarlyStopping counter: 2 out of 10
Updating learning rate to 1.5625e-06
	iters: 100, epoch: 7 | loss: 0.6943810
	speed: 0.2590s/iter; left time: 416.7529s
Epoch: 7 cost time: 22.12932801246643
Epoch: 7, Steps: 122 | Train Loss: 0.9222472 Vali Loss: 0.6721450 Test Loss: 0.4723188
EarlyStopping counter: 3 out of 10
Updating learning rate to 7.8125e-07
	iters: 100, epoch: 8 | loss: 1.0723867
	speed: 0.2631s/iter; left time: 391.2995s
Epoch: 8 cost time: 22.571927070617676
Epoch: 8, Steps: 122 | Train Loss: 0.9199789 Vali Loss: 0.6724794 Test Loss: 0.4721860
EarlyStopping counter: 4 out of 10
Updating learning rate to 3.90625e-07
	iters: 100, epoch: 9 | loss: 0.9629538
	speed: 0.2617s/iter; left time: 357.2771s
Epoch: 9 cost time: 22.482853174209595
Epoch: 9, Steps: 122 | Train Loss: 0.9187672 Vali Loss: 0.6720754 Test Loss: 0.4721176
EarlyStopping counter: 5 out of 10
Updating learning rate to 1.953125e-07
	iters: 100, epoch: 10 | loss: 0.9873989
	speed: 0.2644s/iter; left time: 328.6805s
Epoch: 10 cost time: 22.903645753860474
Epoch: 10, Steps: 122 | Train Loss: 0.9190578 Vali Loss: 0.6714606 Test Loss: 0.4721006
EarlyStopping counter: 6 out of 10
Updating learning rate to 9.765625e-08
	iters: 100, epoch: 11 | loss: 0.8305184
	speed: 0.2684s/iter; left time: 300.9173s
Epoch: 11 cost time: 22.914275407791138
Epoch: 11, Steps: 122 | Train Loss: 0.9180359 Vali Loss: 0.6748039 Test Loss: 0.4720848
EarlyStopping counter: 7 out of 10
Updating learning rate to 4.8828125e-08
	iters: 100, epoch: 12 | loss: 1.0570226
	speed: 0.2655s/iter; left time: 265.2716s
Epoch: 12 cost time: 22.64692759513855
Epoch: 12, Steps: 122 | Train Loss: 0.9183666 Vali Loss: 0.6753264 Test Loss: 0.4720762
EarlyStopping counter: 8 out of 10
Updating learning rate to 2.44140625e-08
	iters: 100, epoch: 13 | loss: 1.0378616
	speed: 0.2620s/iter; left time: 229.8170s
Epoch: 13 cost time: 22.63333249092102
Epoch: 13, Steps: 122 | Train Loss: 0.9183552 Vali Loss: 0.6744140 Test Loss: 0.4720727
EarlyStopping counter: 9 out of 10
Updating learning rate to 1.220703125e-08
	iters: 100, epoch: 14 | loss: 1.2100508
	speed: 0.2614s/iter; left time: 197.3341s
Epoch: 14 cost time: 22.28077793121338
Epoch: 14, Steps: 122 | Train Loss: 0.9194290 Vali Loss: 0.6742722 Test Loss: 0.4720700
EarlyStopping counter: 10 out of 10
Early stopping
>>>>>>>testing : long_term_forecast_PP_ETTh2_96_720_none_TimeMixerPP_ETTh2_sl96_pl720_dm32_nh4_el2_dl1_df64_fc1_ebtimeF_dtTrue_Exp_0<<<<<<<<<<<<<<<<<<<<<<<<<<<<<<<<<
test 2161
mse:0.4741722047328949, mae:0.4773595333099365
