Args in experiment:
Namespace(activation='gelu', anomaly_ratio=0.25, batch_size=64, c_out=7, channel_independence=1, checkpoints='./checkpoints/', comment='none', d_ff=64, d_layers=1, d_model=32, data='ETTh2', data_path='ETTh2.csv', dec_in=7, decomp_method='moving_avg', des='Exp', devices='0,1', distil=True, down_sampling_layers=3, down_sampling_method='avg', down_sampling_window=2, drop_last=True, dropout=0.1, e_layers=2, embed='timeF', enc_in=7, factor=1, features='M', freq='h', gpu=0, inverse=False, is_training=1, itr=1, label_len=0, learning_rate=5e-05, loss='MSE', lradj='type1', mask_rate=0.125, model='TimeMixerPP', model_id='PP_ETTh2_96_336', moving_avg=25, n_heads=4, num_kernels=6, num_workers=0, output_attention=False, p_hidden_dims=[128, 128], p_hidden_layers=2, patience=10, pct_start=0.2, pred_len=336, root_path='C:\\Users\\bbbal\\OneDrive\\Masaüstü\\timemixer\\dataset\\ETT-small', seasonal_patterns='Monthly', seq_len=96, target='OT', task_name='long_term_forecast', top_k=3, train_epochs=20, use_amp=False, use_future_temporal_feature=0, use_gpu=True, use_multi_gpu=False, use_norm=1)
Use GPU: cuda:0
>>>>>>>start training : long_term_forecast_PP_ETTh2_96_336_none_TimeMixerPP_ETTh2_sl96_pl336_dm32_nh4_el2_dl1_df64_fc1_ebtimeF_dtTrue_Exp_0>>>>>>>>>>>>>>>>>>>>>>>>>>
train 8209
val 2545
test 2545
	iters: 100, epoch: 1 | loss: 1.0926725
	speed: 0.2020s/iter; left time: 497.0837s
Epoch: 1 cost time: 25.267115354537964
Epoch: 1, Steps: 128 | Train Loss: 0.8911993 Vali Loss: 0.4912055 Test Loss: 0.5744229
Validation loss decreased (inf --> 0.491205).  Saving model ...
Updating learning rate to 5e-05
	iters: 100, epoch: 2 | loss: 0.9131984
	speed: 0.2698s/iter; left time: 629.4367s
Epoch: 2 cost time: 23.03101944923401
Epoch: 2, Steps: 128 | Train Loss: 0.8367243 Vali Loss: 0.4459429 Test Loss: 0.5114729
Validation loss decreased (0.491205 --> 0.445943).  Saving model ...
Updating learning rate to 2.5e-05
	iters: 100, epoch: 3 | loss: 0.7070456
	speed: 0.2729s/iter; left time: 601.6469s
Epoch: 3 cost time: 23.013609886169434
Epoch: 3, Steps: 128 | Train Loss: 0.7931692 Vali Loss: 0.4369115 Test Loss: 0.4980792
Validation loss decreased (0.445943 --> 0.436911).  Saving model ...
Updating learning rate to 1.25e-05
	iters: 100, epoch: 4 | loss: 0.7977509
	speed: 0.2784s/iter; left time: 578.1589s
Epoch: 4 cost time: 23.590701580047607
Epoch: 4, Steps: 128 | Train Loss: 0.7805096 Vali Loss: 0.4329714 Test Loss: 0.4925590
Validation loss decreased (0.436911 --> 0.432971).  Saving model ...
Updating learning rate to 6.25e-06
	iters: 100, epoch: 5 | loss: 0.8010160
	speed: 0.2767s/iter; left time: 539.3487s
Epoch: 5 cost time: 23.46790838241577
Epoch: 5, Steps: 128 | Train Loss: 0.7750983 Vali Loss: 0.4318656 Test Loss: 0.4898578
Validation loss decreased (0.432971 --> 0.431866).  Saving model ...
Updating learning rate to 3.125e-06
	iters: 100, epoch: 6 | loss: 0.8710461
	speed: 0.2776s/iter; left time: 505.4983s
Epoch: 6 cost time: 23.372361183166504
Epoch: 6, Steps: 128 | Train Loss: 0.7713631 Vali Loss: 0.4292795 Test Loss: 0.4884860
Validation loss decreased (0.431866 --> 0.429279).  Saving model ...
Updating learning rate to 1.5625e-06
	iters: 100, epoch: 7 | loss: 0.4805358
	speed: 0.2711s/iter; left time: 458.9276s
Epoch: 7 cost time: 22.91813063621521
Epoch: 7, Steps: 128 | Train Loss: 0.7703693 Vali Loss: 0.4288011 Test Loss: 0.4877561
Validation loss decreased (0.429279 --> 0.428801).  Saving model ...
Updating learning rate to 7.8125e-07
	iters: 100, epoch: 8 | loss: 0.8280338
	speed: 0.2726s/iter; left time: 426.6645s
Epoch: 8 cost time: 23.174763917922974
Epoch: 8, Steps: 128 | Train Loss: 0.7699914 Vali Loss: 0.4291906 Test Loss: 0.4873902
EarlyStopping counter: 1 out of 10
Updating learning rate to 3.90625e-07
	iters: 100, epoch: 9 | loss: 0.6192259
	speed: 0.2719s/iter; left time: 390.7133s
Epoch: 9 cost time: 22.7755069732666
Epoch: 9, Steps: 128 | Train Loss: 0.7685655 Vali Loss: 0.4292232 Test Loss: 0.4872023
EarlyStopping counter: 2 out of 10
Updating learning rate to 1.953125e-07
	iters: 100, epoch: 10 | loss: 0.7189698
	speed: 0.2736s/iter; left time: 358.1486s
Epoch: 10 cost time: 23.349573135375977
Epoch: 10, Steps: 128 | Train Loss: 0.7688434 Vali Loss: 0.4298274 Test Loss: 0.4871066
EarlyStopping counter: 3 out of 10
Updating learning rate to 9.765625e-08
	iters: 100, epoch: 11 | loss: 0.7032632
	speed: 0.2832s/iter; left time: 334.4176s
Epoch: 11 cost time: 23.934004545211792
Epoch: 11, Steps: 128 | Train Loss: 0.7684887 Vali Loss: 0.4286840 Test Loss: 0.4870584
Validation loss decreased (0.428801 --> 0.428684).  Saving model ...
Updating learning rate to 4.8828125e-08
	iters: 100, epoch: 12 | loss: 0.6986738
	speed: 0.2781s/iter; left time: 292.7873s
Epoch: 12 cost time: 23.33434247970581
Epoch: 12, Steps: 128 | Train Loss: 0.7685315 Vali Loss: 0.4297324 Test Loss: 0.4870341
EarlyStopping counter: 1 out of 10
Updating learning rate to 2.44140625e-08
	iters: 100, epoch: 13 | loss: 0.8965381
	speed: 0.2766s/iter; left time: 255.8196s
Epoch: 13 cost time: 23.413126707077026
Epoch: 13, Steps: 128 | Train Loss: 0.7674679 Vali Loss: 0.4304940 Test Loss: 0.4870218
EarlyStopping counter: 2 out of 10
Updating learning rate to 1.220703125e-08
	iters: 100, epoch: 14 | loss: 0.7974272
	speed: 0.2705s/iter; left time: 215.6184s
Epoch: 14 cost time: 22.970160961151123
Epoch: 14, Steps: 128 | Train Loss: 0.7689389 Vali Loss: 0.4293388 Test Loss: 0.4870152
EarlyStopping counter: 3 out of 10
Updating learning rate to 6.103515625e-09
	iters: 100, epoch: 15 | loss: 0.6651456
	speed: 0.2739s/iter; left time: 183.2455s
Epoch: 15 cost time: 23.126429557800293
Epoch: 15, Steps: 128 | Train Loss: 0.7684205 Vali Loss: 0.4286021 Test Loss: 0.4870129
Validation loss decreased (0.428684 --> 0.428602).  Saving model ...
Updating learning rate to 3.0517578125e-09
	iters: 100, epoch: 16 | loss: 0.6824026
	speed: 0.2730s/iter; left time: 147.6912s
Epoch: 16 cost time: 23.058932542800903
Epoch: 16, Steps: 128 | Train Loss: 0.7684128 Vali Loss: 0.4289584 Test Loss: 0.4870121
EarlyStopping counter: 1 out of 10
Updating learning rate to 1.52587890625e-09
	iters: 100, epoch: 17 | loss: 0.4766912
	speed: 0.2717s/iter; left time: 112.1987s
Epoch: 17 cost time: 22.864219427108765
Epoch: 17, Steps: 128 | Train Loss: 0.7690029 Vali Loss: 0.4304879 Test Loss: 0.4870119
EarlyStopping counter: 2 out of 10
Updating learning rate to 7.62939453125e-10
	iters: 100, epoch: 18 | loss: 0.8779892
	speed: 0.2734s/iter; left time: 77.9125s
Epoch: 18 cost time: 22.996742486953735
Epoch: 18, Steps: 128 | Train Loss: 0.7675456 Vali Loss: 0.4275959 Test Loss: 0.4870118
Validation loss decreased (0.428602 --> 0.427596).  Saving model ...
Updating learning rate to 3.814697265625e-10
	iters: 100, epoch: 19 | loss: 0.8018945
	speed: 0.2697s/iter; left time: 42.3436s
Epoch: 19 cost time: 22.868380308151245
Epoch: 19, Steps: 128 | Train Loss: 0.7684603 Vali Loss: 0.4281376 Test Loss: 0.4870118
EarlyStopping counter: 1 out of 10
Updating learning rate to 1.9073486328125e-10
	iters: 100, epoch: 20 | loss: 0.5422336
	speed: 0.2720s/iter; left time: 7.8892s
Epoch: 20 cost time: 23.022539854049683
Epoch: 20, Steps: 128 | Train Loss: 0.7681316 Vali Loss: 0.4285653 Test Loss: 0.4870119
EarlyStopping counter: 2 out of 10
Updating learning rate to 9.5367431640625e-11
>>>>>>>testing : long_term_forecast_PP_ETTh2_96_336_none_TimeMixerPP_ETTh2_sl96_pl336_dm32_nh4_el2_dl1_df64_fc1_ebtimeF_dtTrue_Exp_0<<<<<<<<<<<<<<<<<<<<<<<<<<<<<<<<<
test 2545
mse:0.4870120882987976, mae:0.4732607901096344
