Args in experiment:
Namespace(activation='gelu', anomaly_ratio=0.25, batch_size=64, c_out=7, channel_independence=1, checkpoints='./checkpoints/', comment='none', d_ff=64, d_layers=1, d_model=32, data='ETTh1', data_path='ETTh1.csv', dec_in=7, decomp_method='moving_avg', des='Exp', devices='0,1', distil=True, down_sampling_layers=3, down_sampling_method='avg', down_sampling_window=2, drop_last=True, dropout=0.1, e_layers=2, embed='timeF', enc_in=7, factor=1, features='M', freq='h', gpu=0, inverse=False, is_training=1, itr=1, label_len=0, learning_rate=5e-05, loss='MSE', lradj='type1', mask_rate=0.125, model='TimeMixerPP', model_id='PP_ETTh1_96_720', moving_avg=25, n_heads=4, num_kernels=6, num_workers=0, output_attention=False, p_hidden_dims=[128, 128], p_hidden_layers=2, patience=10, pct_start=0.2, pred_len=720, root_path='C:\\Users\\bbbal\\OneDrive\\Masaüstü\\timemixer\\dataset\\ETT-small', seasonal_patterns='Monthly', seq_len=96, target='OT', task_name='long_term_forecast', top_k=3, train_epochs=20, use_amp=False, use_future_temporal_feature=0, use_gpu=True, use_multi_gpu=False, use_norm=1)
Use GPU: cuda:0
>>>>>>>start training : long_term_forecast_PP_ETTh1_96_720_none_TimeMixerPP_ETTh1_sl96_pl720_dm32_nh4_el2_dl1_df64_fc1_ebtimeF_dtTrue_Exp_0>>>>>>>>>>>>>>>>>>>>>>>>>>
train 7825
val 2161
test 2161
	iters: 100, epoch: 1 | loss: 1.0172904
	speed: 0.2022s/iter; left time: 473.3828s
Epoch: 1 cost time: 24.344542741775513
Epoch: 1, Steps: 122 | Train Loss: 0.9871763 Vali Loss: 2.3547960 Test Loss: 1.0737800
Validation loss decreased (inf --> 2.354796).  Saving model ...
Updating learning rate to 5e-05
	iters: 100, epoch: 2 | loss: 0.8722152
	speed: 0.2603s/iter; left time: 577.5694s
Epoch: 2 cost time: 22.37384533882141
Epoch: 2, Steps: 122 | Train Loss: 0.9076683 Vali Loss: 2.1045780 Test Loss: 0.8731358
Validation loss decreased (2.354796 --> 2.104578).  Saving model ...
Updating learning rate to 2.5e-05
	iters: 100, epoch: 3 | loss: 0.8527275
	speed: 0.2565s/iter; left time: 537.7798s
Epoch: 3 cost time: 22.131702661514282
Epoch: 3, Steps: 122 | Train Loss: 0.8435910 Vali Loss: 2.0310283 Test Loss: 0.8215193
Validation loss decreased (2.104578 --> 2.031028).  Saving model ...
Updating learning rate to 1.25e-05
	iters: 100, epoch: 4 | loss: 0.8208912
	speed: 0.2592s/iter; left time: 511.9800s
Epoch: 4 cost time: 21.975863456726074
Epoch: 4, Steps: 122 | Train Loss: 0.8193529 Vali Loss: 1.9964503 Test Loss: 0.7933656
Validation loss decreased (2.031028 --> 1.996450).  Saving model ...
Updating learning rate to 6.25e-06
	iters: 100, epoch: 5 | loss: 0.7931809
	speed: 0.2613s/iter; left time: 484.1893s
Epoch: 5 cost time: 22.432759046554565
Epoch: 5, Steps: 122 | Train Loss: 0.8060190 Vali Loss: 1.9678692 Test Loss: 0.7783357
Validation loss decreased (1.996450 --> 1.967869).  Saving model ...
Updating learning rate to 3.125e-06
	iters: 100, epoch: 6 | loss: 0.8087934
	speed: 0.2580s/iter; left time: 446.6426s
Epoch: 6 cost time: 22.056838274002075
Epoch: 6, Steps: 122 | Train Loss: 0.7988642 Vali Loss: 1.9630303 Test Loss: 0.7706858
Validation loss decreased (1.967869 --> 1.963030).  Saving model ...
Updating learning rate to 1.5625e-06
	iters: 100, epoch: 7 | loss: 0.7607395
	speed: 0.2598s/iter; left time: 418.0612s
Epoch: 7 cost time: 22.39773917198181
Epoch: 7, Steps: 122 | Train Loss: 0.7955696 Vali Loss: 1.9520311 Test Loss: 0.7668670
Validation loss decreased (1.963030 --> 1.952031).  Saving model ...
Updating learning rate to 7.8125e-07
	iters: 100, epoch: 8 | loss: 0.8379172
	speed: 0.2586s/iter; left time: 384.5435s
Epoch: 8 cost time: 22.13205337524414
Epoch: 8, Steps: 122 | Train Loss: 0.7937676 Vali Loss: 1.9549716 Test Loss: 0.7649576
EarlyStopping counter: 1 out of 10
Updating learning rate to 3.90625e-07
	iters: 100, epoch: 9 | loss: 0.7242908
	speed: 0.2607s/iter; left time: 355.7995s
Epoch: 9 cost time: 22.11524248123169
Epoch: 9, Steps: 122 | Train Loss: 0.7929997 Vali Loss: 1.9466396 Test Loss: 0.7640179
Validation loss decreased (1.952031 --> 1.946640).  Saving model ...
Updating learning rate to 1.953125e-07
	iters: 100, epoch: 10 | loss: 0.8134030
	speed: 0.2618s/iter; left time: 325.4793s
Epoch: 10 cost time: 22.568192720413208
Epoch: 10, Steps: 122 | Train Loss: 0.7927039 Vali Loss: 1.9477647 Test Loss: 0.7635389
EarlyStopping counter: 1 out of 10
Updating learning rate to 9.765625e-08
	iters: 100, epoch: 11 | loss: 0.8010768
	speed: 0.2591s/iter; left time: 290.4175s
Epoch: 11 cost time: 22.291723012924194
Epoch: 11, Steps: 122 | Train Loss: 0.7920947 Vali Loss: 1.9408275 Test Loss: 0.7632976
Validation loss decreased (1.946640 --> 1.940828).  Saving model ...
Updating learning rate to 4.8828125e-08
	iters: 100, epoch: 12 | loss: 0.7727152
	speed: 0.2596s/iter; left time: 259.3439s
Epoch: 12 cost time: 22.445996522903442
Epoch: 12, Steps: 122 | Train Loss: 0.7920937 Vali Loss: 1.9466775 Test Loss: 0.7631799
EarlyStopping counter: 1 out of 10
Updating learning rate to 2.44140625e-08
	iters: 100, epoch: 13 | loss: 0.8645822
	speed: 0.2603s/iter; left time: 228.2575s
Epoch: 13 cost time: 22.1018283367157
Epoch: 13, Steps: 122 | Train Loss: 0.7920352 Vali Loss: 1.9502393 Test Loss: 0.7631219
EarlyStopping counter: 2 out of 10
Updating learning rate to 1.220703125e-08
	iters: 100, epoch: 14 | loss: 0.8305556
	speed: 0.2590s/iter; left time: 195.5101s
Epoch: 14 cost time: 22.27519655227661
Epoch: 14, Steps: 122 | Train Loss: 0.7919591 Vali Loss: 1.9479413 Test Loss: 0.7630928
EarlyStopping counter: 3 out of 10
Updating learning rate to 6.103515625e-09
	iters: 100, epoch: 15 | loss: 0.8203864
	speed: 0.2643s/iter; left time: 167.2939s
Epoch: 15 cost time: 22.776478052139282
Epoch: 15, Steps: 122 | Train Loss: 0.7921918 Vali Loss: 1.9524232 Test Loss: 0.7630775
EarlyStopping counter: 4 out of 10
Updating learning rate to 3.0517578125e-09
	iters: 100, epoch: 16 | loss: 0.8136699
	speed: 0.2664s/iter; left time: 136.1067s
Epoch: 16 cost time: 22.724872589111328
Epoch: 16, Steps: 122 | Train Loss: 0.7919721 Vali Loss: 1.9447517 Test Loss: 0.7630729
EarlyStopping counter: 5 out of 10
Updating learning rate to 1.52587890625e-09
	iters: 100, epoch: 17 | loss: 0.7980977
	speed: 0.2631s/iter; left time: 102.3301s
Epoch: 17 cost time: 22.511029958724976
Epoch: 17, Steps: 122 | Train Loss: 0.7920755 Vali Loss: 1.9457733 Test Loss: 0.7630719
EarlyStopping counter: 6 out of 10
Updating learning rate to 7.62939453125e-10
	iters: 100, epoch: 18 | loss: 0.8149276
	speed: 0.2626s/iter; left time: 70.1056s
Epoch: 18 cost time: 22.423590183258057
Epoch: 18, Steps: 122 | Train Loss: 0.7917932 Vali Loss: 1.9495527 Test Loss: 0.7630716
EarlyStopping counter: 7 out of 10
Updating learning rate to 3.814697265625e-10
	iters: 100, epoch: 19 | loss: 0.8112866
	speed: 0.2621s/iter; left time: 38.0110s
Epoch: 19 cost time: 22.410624980926514
Epoch: 19, Steps: 122 | Train Loss: 0.7920734 Vali Loss: 1.9446972 Test Loss: 0.7630715
EarlyStopping counter: 8 out of 10
Updating learning rate to 1.9073486328125e-10
	iters: 100, epoch: 20 | loss: 0.8103413
	speed: 0.2635s/iter; left time: 6.0596s
Epoch: 20 cost time: 22.583560705184937
Epoch: 20, Steps: 122 | Train Loss: 0.7918585 Vali Loss: 1.9417115 Test Loss: 0.7630715
EarlyStopping counter: 9 out of 10
Updating learning rate to 9.5367431640625e-11
>>>>>>>testing : long_term_forecast_PP_ETTh1_96_720_none_TimeMixerPP_ETTh1_sl96_pl720_dm32_nh4_el2_dl1_df64_fc1_ebtimeF_dtTrue_Exp_0<<<<<<<<<<<<<<<<<<<<<<<<<<<<<<<<<
test 2161
mse:0.7632977366447449, mae:0.6225640177726746
