Args in experiment:
Namespace(activation='gelu', anomaly_ratio=0.25, batch_size=64, c_out=7, channel_independence=1, checkpoints='./checkpoints/', comment='none', d_ff=64, d_layers=1, d_model=32, data='ETTh1', data_path='ETTh1.csv', dec_in=7, decomp_method='moving_avg', des='Exp', devices='0,1', distil=True, down_sampling_layers=3, down_sampling_method='avg', down_sampling_window=2, drop_last=True, dropout=0.1, e_layers=2, embed='timeF', enc_in=7, factor=1, features='M', freq='h', gpu=0, inverse=False, is_training=1, itr=1, label_len=0, learning_rate=5e-05, loss='MSE', lradj='type1', mask_rate=0.125, model='TimeMixerPP', model_id='PP_ETTh1_96_336', moving_avg=25, n_heads=4, num_kernels=6, num_workers=0, output_attention=False, p_hidden_dims=[128, 128], p_hidden_layers=2, patience=10, pct_start=0.2, pred_len=336, root_path='<workspace>\\dataset\\ETT-small', seasonal_patterns='Monthly', seq_len=96, target='OT', task_name='long_term_forecast', top_k=3, train_epochs=20, use_amp=False, use_future_temporal_feature=0, use_gpu=True, use_multi_gpu=False, use_norm=1)
Use GPU: cuda:0
>>>>>>>start training : long_term_forecast_PP_ETTh1_96_336_none_TimeMixerPP_ETTh1_sl96_pl336_dm32_nh4_el2_dl1_df64_fc1_ebtimeF_dtTrue_Exp_0>>>>>>>>>>>>>>>>>>>>>>>>>>
train 8209
val 2545
test 2545
	iters: 100, epoch: 1 | loss: 0.9535734
	speed: 0.2081s/iter; left time: 512.0197s
Epoch: 1 cost time: 25.84384250640869
Epoch: 1, Steps: 128 | Train Loss: 0.9486192 Vali Loss: 2.1970291 Test Loss: 1.1878627
Validation loss decreased (inf --> 2.197029).  Saving model ...
Updating learning rate to 5e-05
	iters: 100, epoch: 2 | loss: 0.8163130
	speed: 0.2691s/iter; left time: 627.6980s
Epoch: 2 cost time: 22.96041178703308
Epoch: 2, Steps: 128 | Train Loss: 0.8434148 Vali Loss: 1.8780865 Test Loss: 0.9202645
Validation loss decreased (2.197029 --> 1.878086).  Saving model ...
Updating learning rate to 2.5e-05
	iters: 100, epoch: 3 | loss: 0.7261974
	speed: 0.2726s/iter; left time: 601.1664s
Epoch: 3 cost time: 23.175960302352905
Epoch: 3, Steps: 128 | Train Loss: 0.7572865 Vali Loss: 1.7883921 Test Loss: 0.8547135
Validation loss decreased (1.878086 --> 1.788392).  Saving model ...
Updating learning rate to 1.25e-05
	iters: 100, epoch: 4 | loss: 0.6929170
	speed: 0.2704s/iter; left time: 561.5862s
Epoch: 4 cost time: 22.91185212135315
Epoch: 4, Steps: 128 | Train Loss: 0.7267356 Vali Loss: 1.7509355 Test Loss: 0.8246725
Validation loss decreased (1.788392 --> 1.750935).  Saving model ...
Updating learning rate to 6.25e-06
	iters: 100, epoch: 5 | loss: 0.7361608
	speed: 0.2780s/iter; left time: 541.8705s
Epoch: 5 cost time: 23.47957491874695
Epoch: 5, Steps: 128 | Train Loss: 0.7122238 Vali Loss: 1.7265266 Test Loss: 0.8098257
Validation loss decreased (1.750935 --> 1.726527).  Saving model ...
Updating learning rate to 3.125e-06
	iters: 100, epoch: 6 | loss: 0.7005088
	speed: 0.2747s/iter; left time: 500.1390s
Epoch: 6 cost time: 23.187467575073242
Epoch: 6, Steps: 128 | Train Loss: 0.7045928 Vali Loss: 1.7141687 Test Loss: 0.8024598
Validation loss decreased (1.726527 --> 1.714169).  Saving model ...
Updating learning rate to 1.5625e-06
	iters: 100, epoch: 7 | loss: 0.6905200
	speed: 0.2750s/iter; left time: 465.6574s
Epoch: 7 cost time: 23.262837886810303
Epoch: 7, Steps: 128 | Train Loss: 0.7012077 Vali Loss: 1.7112746 Test Loss: 0.7987611
Validation loss decreased (1.714169 --> 1.711275).  Saving model ...
Updating learning rate to 7.8125e-07
	iters: 100, epoch: 8 | loss: 0.6721180
	speed: 0.2724s/iter; left time: 426.3735s
Epoch: 8 cost time: 23.050313234329224
Epoch: 8, Steps: 128 | Train Loss: 0.6992905 Vali Loss: 1.7093179 Test Loss: 0.7968869
Validation loss decreased (1.711275 --> 1.709318).  Saving model ...
Updating learning rate to 3.90625e-07
	iters: 100, epoch: 9 | loss: 0.6738203
	speed: 0.2726s/iter; left time: 391.7885s
Epoch: 9 cost time: 23.14287281036377
Epoch: 9, Steps: 128 | Train Loss: 0.6980163 Vali Loss: 1.7060188 Test Loss: 0.7959441
Validation loss decreased (1.709318 --> 1.706019).  Saving model ...
Updating learning rate to 1.953125e-07
	iters: 100, epoch: 10 | loss: 0.6903623
	speed: 0.2721s/iter; left time: 356.1601s
Epoch: 10 cost time: 23.18698525428772
Epoch: 10, Steps: 128 | Train Loss: 0.6979132 Vali Loss: 1.7012621 Test Loss: 0.7954687
Validation loss decreased (1.706019 --> 1.701262).  Saving model ...
Updating learning rate to 9.765625e-08
	iters: 100, epoch: 11 | loss: 0.6857339
	speed: 0.2748s/iter; left time: 324.5607s
Epoch: 11 cost time: 23.072694063186646
Epoch: 11, Steps: 128 | Train Loss: 0.6976984 Vali Loss: 1.7043249 Test Loss: 0.7952274
EarlyStopping counter: 1 out of 10
Updating learning rate to 4.8828125e-08
	iters: 100, epoch: 12 | loss: 0.6895636
	speed: 0.2709s/iter; left time: 285.2154s
Epoch: 12 cost time: 22.986064195632935
Epoch: 12, Steps: 128 | Train Loss: 0.6975581 Vali Loss: 1.7033774 Test Loss: 0.7951062
EarlyStopping counter: 2 out of 10
Updating learning rate to 2.44140625e-08
	iters: 100, epoch: 13 | loss: 0.6935988
	speed: 0.2742s/iter; left time: 253.6166s
Epoch: 13 cost time: 23.318952322006226
Epoch: 13, Steps: 128 | Train Loss: 0.6970967 Vali Loss: 1.7057310 Test Loss: 0.7950452
EarlyStopping counter: 3 out of 10
Updating learning rate to 1.220703125e-08
	iters: 100, epoch: 14 | loss: 0.7457941
	speed: 0.2715s/iter; left time: 216.3884s
Epoch: 14 cost time: 22.920825958251953
Epoch: 14, Steps: 128 | Train Loss: 0.6972092 Vali Loss: 1.7003416 Test Loss: 0.7950150
Validation loss decreased (1.701262 --> 1.700342).  Saving model ...
Updating learning rate to 6.103515625e-09
	iters: 100, epoch: 15 | loss: 0.6685583
	speed: 0.2730s/iter; left time: 182.6439s
Epoch: 15 cost time: 23.111198663711548
Epoch: 15, Steps: 128 | Train Loss: 0.6972784 Vali Loss: 1.7095205 Test Loss: 0.7949996
EarlyStopping counter: 1 out of 10
Updating learning rate to 3.0517578125e-09
	iters: 100, epoch: 16 | loss: 0.6691530
	speed: 0.2722s/iter; left time: 147.2375s
Epoch: 16 cost time: 23.07873272895813
Epoch: 16, Steps: 128 | Train Loss: 0.6972313 Vali Loss: 1.7060932 Test Loss: 0.7949949
EarlyStopping counter: 2 out of 10
Updating learning rate to 1.52587890625e-09
	iters: 100, epoch: 17 | loss: 0.6162091
	speed: 0.2746s/iter; left time: 113.3988s
Epoch: 17 cost time: 23.386385440826416
Epoch: 17, Steps: 128 | Train Loss: 0.6972548 Vali Loss: 1.7020581 Test Loss: 0.7949938
EarlyStopping counter: 3 out of 10
Updating learning rate to 7.62939453125e-10
	iters: 100, epoch: 18 | loss: 0.6392470
	speed: 0.2817s/iter; left time: 80.2711s
Epoch: 18 cost time: 24.011929988861084
Epoch: 18, Steps: 128 | Train Loss: 0.6972712 Vali Loss: 1.7011891 Test Loss: 0.7949934
EarlyStopping counter: 4 out of 10
Updating learning rate to 3.814697265625e-10
	iters: 100, epoch: 19 | loss: 0.6991073
	speed: 0.2762s/iter; left time: 43.3585s
Epoch: 19 cost time: 23.011369705200195
Epoch: 19, Steps: 128 | Train Loss: 0.6972880 Vali Loss: 1.7008880 Test Loss: 0.7949933
EarlyStopping counter: 5 out of 10
Updating learning rate to 1.9073486328125e-10
	iters: 100, epoch: 20 | loss: 0.6918337
	speed: 0.2710s/iter; left time: 7.8587s
Epoch: 20 cost time: 23.02133870124817
Epoch: 20, Steps: 128 | Train Loss: 0.6972928 Vali Loss: 1.7026897 Test Loss: 0.7949933
EarlyStopping counter: 6 out of 10
Updating learning rate to 9.5367431640625e-11
>>>>>>>testing : long_term_forecast_PP_ETTh1_96_336_none_TimeMixerPP_ETTh1_sl96_pl336_dm32_nh4_el2_dl1_df64_fc1_ebtimeF_dtTrue_Exp_0<<<<<<<<<<<<<<<<<<<<<<<<<<<<<<<<<
test 2545
mse:0.7950154542922974, mae:0.6236034035682678
