Args in experiment:
Namespace(activation='gelu', anomaly_ratio=0.25, batch_size=64, c_out=7, channel_independence=1, checkpoints='./checkpoints/', comment='none', d_ff=64, d_layers=1, d_model=32, data='ETTh1', data_path='ETTh1.csv', dec_in=7, decomp_method='moving_avg', des='Exp', devices='0,1', distil=True, down_sampling_layers=3, down_sampling_method='avg', down_sampling_window=2, drop_last=True, dropout=0.1, e_layers=2, embed='timeF', enc_in=7, factor=1, features='M', freq='h', gpu=0, inverse=False, is_training=1, itr=1, label_len=0, learning_rate=5e-05, loss='MSE', lradj='type1', mask_rate=0.125, model='TimeMixerPP', model_id='PP_ETTh1_96_192', moving_avg=25, n_heads=4, num_kernels=6, num_workers=0, output_attention=False, p_hidden_dims=[128, 128], p_hidden_layers=2, patience=10, pct_start=0.2, pred_len=192, root_path='C:\\Users\\bbbal\\OneDrive\\Masaüstü\\timemixer\\dataset\\ETT-small', seasonal_patterns='Monthly', seq_len=96, target='OT', task_name='long_term_forecast', top_k=3, train_epochs=20, use_amp=False, use_future_temporal_feature=0, use_gpu=True, use_multi_gpu=False, use_norm=1)
Use GPU: cuda:0
>>>>>>>start training : long_term_forecast_PP_ETTh1_96_192_none_TimeMixerPP_ETTh1_sl96_pl192_dm32_nh4_el2_dl1_df64_fc1_ebtimeF_dtTrue_Exp_0>>>>>>>>>>>>>>>>>>>>>>>>>>
train 8353
val 2689
test 2689
	iters: 100, epoch: 1 | loss: 0.8092312
	speed: 0.2104s/iter; left time: 526.1129s
Epoch: 1 cost time: 26.5198655128479
Epoch: 1, Steps: 130 | Train Loss: 0.8001673 Vali Loss: 1.7179577 Test Loss: 1.0020502
Validation loss decreased (inf --> 1.717958).  Saving model ...
Updating learning rate to 5e-05
	iters: 100, epoch: 2 | loss: 0.7121293
	speed: 0.2818s/iter; left time: 668.0501s
Epoch: 2 cost time: 23.65069818496704
Epoch: 2, Steps: 130 | Train Loss: 0.7270924 Vali Loss: 1.5106238 Test Loss: 0.8196827
Validation loss decreased (1.717958 --> 1.510624).  Saving model ...
Updating learning rate to 2.5e-05
	iters: 100, epoch: 3 | loss: 0.6672390
	speed: 0.2808s/iter; left time: 629.2411s
Epoch: 3 cost time: 23.871538639068604
Epoch: 3, Steps: 130 | Train Loss: 0.6681830 Vali Loss: 1.4645896 Test Loss: 0.7782476
Validation loss decreased (1.510624 --> 1.464590).  Saving model ...
Updating learning rate to 1.25e-05
	iters: 100, epoch: 4 | loss: 0.6343859
	speed: 0.2838s/iter; left time: 599.1460s
Epoch: 4 cost time: 23.896332263946533
Epoch: 4, Steps: 130 | Train Loss: 0.6453941 Vali Loss: 1.4422989 Test Loss: 0.7575887
Validation loss decreased (1.464590 --> 1.442299).  Saving model ...
Updating learning rate to 6.25e-06
	iters: 100, epoch: 5 | loss: 0.6705378
	speed: 0.2789s/iter; left time: 552.4538s
Epoch: 5 cost time: 23.13268494606018
Epoch: 5, Steps: 130 | Train Loss: 0.6336587 Vali Loss: 1.4302990 Test Loss: 0.7467508
Validation loss decreased (1.442299 --> 1.430299).  Saving model ...
Updating learning rate to 3.125e-06
	iters: 100, epoch: 6 | loss: 0.6056543
	speed: 0.2772s/iter; left time: 513.1615s
Epoch: 6 cost time: 23.22864294052124
Epoch: 6, Steps: 130 | Train Loss: 0.6277419 Vali Loss: 1.4244041 Test Loss: 0.7413080
Validation loss decreased (1.430299 --> 1.424404).  Saving model ...
Updating learning rate to 1.5625e-06
	iters: 100, epoch: 7 | loss: 0.6614704
	speed: 0.2772s/iter; left time: 476.9761s
Epoch: 7 cost time: 23.315621614456177
Epoch: 7, Steps: 130 | Train Loss: 0.6243166 Vali Loss: 1.4214452 Test Loss: 0.7385206
Validation loss decreased (1.424404 --> 1.421445).  Saving model ...
Updating learning rate to 7.8125e-07
	iters: 100, epoch: 8 | loss: 0.6675928
	speed: 0.2758s/iter; left time: 438.7991s
Epoch: 8 cost time: 23.1677565574646
Epoch: 8, Steps: 130 | Train Loss: 0.6228971 Vali Loss: 1.4193252 Test Loss: 0.7371278
Validation loss decreased (1.421445 --> 1.419325).  Saving model ...
Updating learning rate to 3.90625e-07
	iters: 100, epoch: 9 | loss: 0.5764843
	speed: 0.2775s/iter; left time: 405.3713s
Epoch: 9 cost time: 23.37151336669922
Epoch: 9, Steps: 130 | Train Loss: 0.6221355 Vali Loss: 1.4189288 Test Loss: 0.7364356
Validation loss decreased (1.419325 --> 1.418929).  Saving model ...
Updating learning rate to 1.953125e-07
	iters: 100, epoch: 10 | loss: 0.6113830
	speed: 0.2753s/iter; left time: 366.4767s
Epoch: 10 cost time: 22.99849843978882
Epoch: 10, Steps: 130 | Train Loss: 0.6218563 Vali Loss: 1.4185484 Test Loss: 0.7360811
Validation loss decreased (1.418929 --> 1.418548).  Saving model ...
Updating learning rate to 9.765625e-08
	iters: 100, epoch: 11 | loss: 0.6161789
	speed: 0.2760s/iter; left time: 331.4684s
Epoch: 11 cost time: 23.24052929878235
Epoch: 11, Steps: 130 | Train Loss: 0.6217323 Vali Loss: 1.4183564 Test Loss: 0.7359037
Validation loss decreased (1.418548 --> 1.418356).  Saving model ...
Updating learning rate to 4.8828125e-08
	iters: 100, epoch: 12 | loss: 0.6536167
	speed: 0.2757s/iter; left time: 295.3154s
Epoch: 12 cost time: 23.137099504470825
Epoch: 12, Steps: 130 | Train Loss: 0.6216104 Vali Loss: 1.4181060 Test Loss: 0.7358120
Validation loss decreased (1.418356 --> 1.418106).  Saving model ...
Updating learning rate to 2.44140625e-08
	iters: 100, epoch: 13 | loss: 0.6309294
	speed: 0.2773s/iter; left time: 260.9095s
Epoch: 13 cost time: 22.985073804855347
Epoch: 13, Steps: 130 | Train Loss: 0.6216386 Vali Loss: 1.4181266 Test Loss: 0.7357690
EarlyStopping counter: 1 out of 10
Updating learning rate to 1.220703125e-08
	iters: 100, epoch: 14 | loss: 0.6181343
	speed: 0.2786s/iter; left time: 225.9615s
Epoch: 14 cost time: 23.439132690429688
Epoch: 14, Steps: 130 | Train Loss: 0.6215203 Vali Loss: 1.4176825 Test Loss: 0.7357470
Validation loss decreased (1.418106 --> 1.417682).  Saving model ...
Updating learning rate to 6.103515625e-09
	iters: 100, epoch: 15 | loss: 0.6133464
	speed: 0.2760s/iter; left time: 187.9770s
Epoch: 15 cost time: 23.09963822364807
Epoch: 15, Steps: 130 | Train Loss: 0.6214972 Vali Loss: 1.4180696 Test Loss: 0.7357370
EarlyStopping counter: 1 out of 10
Updating learning rate to 3.0517578125e-09
	iters: 100, epoch: 16 | loss: 0.6617087
	speed: 0.2739s/iter; left time: 150.8943s
Epoch: 16 cost time: 23.27040433883667
Epoch: 16, Steps: 130 | Train Loss: 0.6213251 Vali Loss: 1.4181317 Test Loss: 0.7357335
EarlyStopping counter: 2 out of 10
Updating learning rate to 1.52587890625e-09
	iters: 100, epoch: 17 | loss: 0.6254076
	speed: 0.2798s/iter; left time: 117.7767s
Epoch: 17 cost time: 23.179258823394775
Epoch: 17, Steps: 130 | Train Loss: 0.6214280 Vali Loss: 1.4181432 Test Loss: 0.7357328
EarlyStopping counter: 3 out of 10
Updating learning rate to 7.62939453125e-10
	iters: 100, epoch: 18 | loss: 0.5948010
	speed: 0.2765s/iter; left time: 80.4669s
Epoch: 18 cost time: 23.126420259475708
Epoch: 18, Steps: 130 | Train Loss: 0.6215640 Vali Loss: 1.4171492 Test Loss: 0.7357325
Validation loss decreased (1.417682 --> 1.417149).  Saving model ...
Updating learning rate to 3.814697265625e-10
	iters: 100, epoch: 19 | loss: 0.6035822
	speed: 0.2764s/iter; left time: 44.5081s
Epoch: 19 cost time: 23.28590178489685
Epoch: 19, Steps: 130 | Train Loss: 0.6212505 Vali Loss: 1.4181109 Test Loss: 0.7357325
EarlyStopping counter: 1 out of 10
Updating learning rate to 1.9073486328125e-10
	iters: 100, epoch: 20 | loss: 0.5839105
	speed: 0.2784s/iter; left time: 8.6294s
Epoch: 20 cost time: 23.711991548538208
Epoch: 20, Steps: 130 | Train Loss: 0.6220036 Vali Loss: 1.4182848 Test Loss: 0.7357324
EarlyStopping counter: 2 out of 10
Updating learning rate to 9.5367431640625e-11
>>>>>>>testing : long_term_forecast_PP_ETTh1_96_192_none_TimeMixerPP_ETTh1_sl96_pl192_dm32_nh4_el2_dl1_df64_fc1_ebtimeF_dtTrue_Exp_0<<<<<<<<<<<<<<<<<<<<<<<<<<<<<<<<<
test 2689
mse:0.73573237657547, mae:0.5829088091850281
