Args in experiment:
Namespace(activation='gelu', anomaly_ratio=0.25, batch_size=64, c_out=7, channel_independence=1, checkpoints='./checkpoints/', comment='none', d_ff=64, d_layers=1, d_model=32, data='ETTh2', data_path='ETTh2.csv', dec_in=7, decomp_method='moving_avg', des='Exp', devices='0,1', distil=True, down_sampling_layers=3, down_sampling_method='avg', down_sampling_window=2, drop_last=True, dropout=0.1, e_layers=2, embed='timeF', enc_in=7, factor=1, features='M', freq='h', gpu=0, inverse=False, is_training=1, itr=1, label_len=0, learning_rate=5e-05, loss='MSE', lradj='type1', mask_rate=0.125, model='TimeMixerPP', model_id='PP_ETTh2_96_96', moving_avg=25, n_heads=4, num_kernels=6, num_workers=0, output_attention=False, p_hidden_dims=[128, 128], p_hidden_layers=2, patience=10, pct_start=0.2, pred_len=96, root_path='<workspace>\\dataset\\ETT-small', seasonal_patterns='Monthly', seq_len=96, target='OT', task_name='long_term_forecast', top_k=3, train_epochs=20, use_amp=False, use_future_temporal_feature=0, use_gpu=True, use_multi_gpu=False, use_norm=1)
Use GPU: cuda:0
>>>>>>>start training : long_term_forecast_PP_ETTh2_96_96_none_TimeMixerPP_ETTh2_sl96_pl96_dm32_nh4_el2_dl1_df64_fc1_ebtimeF_dtTrue_Exp_0>>>>>>>>>>>>>>>>>>>>>>>>>>
train 8449
val 2785
test 2785
	iters: 100, epoch: 1 | loss: 0.7224647
	speed: 0.2021s/iter; left time: 513.4489s
Epoch: 1 cost time: 25.968373775482178
Epoch: 1, Steps: 132 | Train Loss: 0.6600933 Vali Loss: 0.3511193 Test Loss: 0.4651387
Validation loss decreased (inf --> 0.351119).  Saving model ...
Updating learning rate to 5e-05
	iters: 100, epoch: 2 | loss: 0.8587672
	speed: 0.2854s/iter; left time: 687.6143s
Epoch: 2 cost time: 24.316962718963623
Epoch: 2, Steps: 132 | Train Loss: 0.6152453 Vali Loss: 0.3131875 Test Loss: 0.4109885
Validation loss decreased (0.351119 --> 0.313188).  Saving model ...
Updating learning rate to 2.5e-05
	iters: 100, epoch: 3 | loss: 0.4302217
	speed: 0.2826s/iter; left time: 643.3824s
Epoch: 3 cost time: 23.389540672302246
Epoch: 3, Steps: 132 | Train Loss: 0.5782550 Vali Loss: 0.3036969 Test Loss: 0.3968569
Validation loss decreased (0.313188 --> 0.303697).  Saving model ...
Updating learning rate to 1.25e-05
	iters: 100, epoch: 4 | loss: 0.9499137
	speed: 0.2816s/iter; left time: 604.0861s
Epoch: 4 cost time: 23.796775341033936
Epoch: 4, Steps: 132 | Train Loss: 0.5625828 Vali Loss: 0.2983919 Test Loss: 0.3895384
Validation loss decreased (0.303697 --> 0.298392).  Saving model ...
Updating learning rate to 6.25e-06
	iters: 100, epoch: 5 | loss: 0.5052038
	speed: 0.2851s/iter; left time: 573.9899s
Epoch: 5 cost time: 23.89029550552368
Epoch: 5, Steps: 132 | Train Loss: 0.5537225 Vali Loss: 0.2962037 Test Loss: 0.3860832
Validation loss decreased (0.298392 --> 0.296204).  Saving model ...
Updating learning rate to 3.125e-06
	iters: 100, epoch: 6 | loss: 0.4845555
	speed: 0.2817s/iter; left time: 529.7957s
Epoch: 6 cost time: 23.55764865875244
Epoch: 6, Steps: 132 | Train Loss: 0.5490901 Vali Loss: 0.2946963 Test Loss: 0.3843984
Validation loss decreased (0.296204 --> 0.294696).  Saving model ...
Updating learning rate to 1.5625e-06
	iters: 100, epoch: 7 | loss: 0.3977089
	speed: 0.2827s/iter; left time: 494.4602s
Epoch: 7 cost time: 23.806376695632935
Epoch: 7, Steps: 132 | Train Loss: 0.5471117 Vali Loss: 0.2951577 Test Loss: 0.3835766
EarlyStopping counter: 1 out of 10
Updating learning rate to 7.8125e-07
	iters: 100, epoch: 8 | loss: 0.6051069
	speed: 0.2825s/iter; left time: 456.8775s
Epoch: 8 cost time: 23.63816738128662
Epoch: 8, Steps: 132 | Train Loss: 0.5459297 Vali Loss: 0.2945469 Test Loss: 0.3831740
Validation loss decreased (0.294696 --> 0.294547).  Saving model ...
Updating learning rate to 3.90625e-07
	iters: 100, epoch: 9 | loss: 0.4485469
	speed: 0.2834s/iter; left time: 420.8696s
Epoch: 9 cost time: 23.898250818252563
Epoch: 9, Steps: 132 | Train Loss: 0.5453636 Vali Loss: 0.2937850 Test Loss: 0.3829743
Validation loss decreased (0.294547 --> 0.293785).  Saving model ...
Updating learning rate to 1.953125e-07
	iters: 100, epoch: 10 | loss: 0.4867986
	speed: 0.2798s/iter; left time: 378.6238s
Epoch: 10 cost time: 23.478850603103638
Epoch: 10, Steps: 132 | Train Loss: 0.5451454 Vali Loss: 0.2929238 Test Loss: 0.3828731
Validation loss decreased (0.293785 --> 0.292924).  Saving model ...
Updating learning rate to 9.765625e-08
	iters: 100, epoch: 11 | loss: 0.5573828
	speed: 0.2802s/iter; left time: 342.1588s
Epoch: 11 cost time: 23.728389024734497
Epoch: 11, Steps: 132 | Train Loss: 0.5449790 Vali Loss: 0.2945474 Test Loss: 0.3828240
EarlyStopping counter: 1 out of 10
Updating learning rate to 4.8828125e-08
	iters: 100, epoch: 12 | loss: 0.4064184
	speed: 0.2866s/iter; left time: 312.0532s
Epoch: 12 cost time: 23.956510305404663
Epoch: 12, Steps: 132 | Train Loss: 0.5446795 Vali Loss: 0.2942613 Test Loss: 0.3827994
EarlyStopping counter: 2 out of 10
Updating learning rate to 2.44140625e-08
	iters: 100, epoch: 13 | loss: 0.4937490
	speed: 0.2918s/iter; left time: 279.2309s
Epoch: 13 cost time: 24.244648218154907
Epoch: 13, Steps: 132 | Train Loss: 0.5447229 Vali Loss: 0.2939957 Test Loss: 0.3827868
EarlyStopping counter: 3 out of 10
Updating learning rate to 1.220703125e-08
	iters: 100, epoch: 14 | loss: 0.5722901
	speed: 0.2882s/iter; left time: 237.8045s
Epoch: 14 cost time: 23.83835220336914
Epoch: 14, Steps: 132 | Train Loss: 0.5448000 Vali Loss: 0.2944481 Test Loss: 0.3827805
EarlyStopping counter: 4 out of 10
Updating learning rate to 6.103515625e-09
	iters: 100, epoch: 15 | loss: 0.4195887
	speed: 0.2797s/iter; left time: 193.8249s
Epoch: 15 cost time: 23.604650020599365
Epoch: 15, Steps: 132 | Train Loss: 0.5448477 Vali Loss: 0.2941420 Test Loss: 0.3827777
EarlyStopping counter: 5 out of 10
Updating learning rate to 3.0517578125e-09
	iters: 100, epoch: 16 | loss: 0.7240772
	speed: 0.2846s/iter; left time: 159.6813s
Epoch: 16 cost time: 24.27010726928711
Epoch: 16, Steps: 132 | Train Loss: 0.5448660 Vali Loss: 0.2939287 Test Loss: 0.3827770
EarlyStopping counter: 6 out of 10
Updating learning rate to 1.52587890625e-09
	iters: 100, epoch: 17 | loss: 0.3809429
	speed: 0.2858s/iter; left time: 122.6118s
Epoch: 17 cost time: 23.680301666259766
Epoch: 17, Steps: 132 | Train Loss: 0.5447632 Vali Loss: 0.2932530 Test Loss: 0.3827767
EarlyStopping counter: 7 out of 10
Updating learning rate to 7.62939453125e-10
	iters: 100, epoch: 18 | loss: 0.4109320
	speed: 0.2825s/iter; left time: 83.9161s
Epoch: 18 cost time: 23.781518697738647
Epoch: 18, Steps: 132 | Train Loss: 0.5449286 Vali Loss: 0.2930939 Test Loss: 0.3827766
EarlyStopping counter: 8 out of 10
Updating learning rate to 3.814697265625e-10
	iters: 100, epoch: 19 | loss: 0.7214365
	speed: 0.2829s/iter; left time: 46.6799s
Epoch: 19 cost time: 23.64613628387451
Epoch: 19, Steps: 132 | Train Loss: 0.5448815 Vali Loss: 0.2940497 Test Loss: 0.3827766
EarlyStopping counter: 9 out of 10
Updating learning rate to 1.9073486328125e-10
	iters: 100, epoch: 20 | loss: 0.6353226
	speed: 0.2831s/iter; left time: 9.3438s
Epoch: 20 cost time: 23.73302388191223
Epoch: 20, Steps: 132 | Train Loss: 0.5450076 Vali Loss: 0.2939932 Test Loss: 0.3827766
EarlyStopping counter: 10 out of 10
Early stopping
>>>>>>>testing : long_term_forecast_PP_ETTh2_96_96_none_TimeMixerPP_ETTh2_sl96_pl96_dm32_nh4_el2_dl1_df64_fc1_ebtimeF_dtTrue_Exp_0<<<<<<<<<<<<<<<<<<<<<<<<<<<<<<<<<
test 2785
mse:0.382872998714447, mae:0.40725263953208923
