Args in experiment:
Namespace(activation='gelu', anomaly_ratio=0.25, batch_size=64, c_out=7, channel_independence=1, checkpoints='./checkpoints/', comment='none', d_ff=64, d_layers=1, d_model=32, data='ETTh2', data_path='ETTh2.csv', dec_in=7, decomp_method='moving_avg', des='Exp', devices='0,1', distil=True, down_sampling_layers=3, down_sampling_method='avg', down_sampling_window=2, drop_last=True, dropout=0.1, e_layers=2, embed='timeF', enc_in=7, factor=1, features='M', freq='h', gpu=0, inverse=False, is_training=1, itr=1, label_len=0, learning_rate=5e-05, loss='MSE', lradj='type1', mask_rate=0.125, model='TimeMixerPP', model_id='PP_ETTh2_96_192', moving_avg=25, n_heads=4, num_kernels=6, num_workers=0, output_attention=False, p_hidden_dims=[128, 128], p_hidden_layers=2, patience=10, pct_start=0.2, pred_len=192, root_path='C:\\Users\\bbbal\\OneDrive\\Masaüstü\\timemixer\\dataset\\ETT-small', seasonal_patterns='Monthly', seq_len=96, target='OT', task_name='long_term_forecast', top_k=3, train_epochs=20, use_amp=False, use_future_temporal_feature=0, use_gpu=True, use_multi_gpu=False, use_norm=1)
Use GPU: cuda:0
>>>>>>>start training : long_term_forecast_PP_ETTh2_96_192_none_TimeMixerPP_ETTh2_sl96_pl192_dm32_nh4_el2_dl1_df64_fc1_ebtimeF_dtTrue_Exp_0>>>>>>>>>>>>>>>>>>>>>>>>>>
train 8353
val 2689
test 2689
	iters: 100, epoch: 1 | loss: 0.5214379
	speed: 0.2011s/iter; left time: 503.0093s
Epoch: 1 cost time: 25.5485622882843
Epoch: 1, Steps: 130 | Train Loss: 0.7181759 Vali Loss: 0.3752380 Test Loss: 0.5181450
Validation loss decreased (inf --> 0.375238).  Saving model ...
Updating learning rate to 5e-05
	iters: 100, epoch: 2 | loss: 0.6251775
	speed: 0.2755s/iter; left time: 653.2458s
Epoch: 2 cost time: 23.252400159835815
Epoch: 2, Steps: 130 | Train Loss: 0.6765863 Vali Loss: 0.3446413 Test Loss: 0.4729532
Validation loss decreased (0.375238 --> 0.344641).  Saving model ...
Updating learning rate to 2.5e-05
	iters: 100, epoch: 3 | loss: 0.6792508
	speed: 0.2812s/iter; left time: 630.0615s
Epoch: 3 cost time: 23.687049388885498
Epoch: 3, Steps: 130 | Train Loss: 0.6462356 Vali Loss: 0.3385548 Test Loss: 0.4644956
Validation loss decreased (0.344641 --> 0.338555).  Saving model ...
Updating learning rate to 1.25e-05
	iters: 100, epoch: 4 | loss: 0.3367476
	speed: 0.2800s/iter; left time: 591.0730s
Epoch: 4 cost time: 23.489428997039795
Epoch: 4, Steps: 130 | Train Loss: 0.6333573 Vali Loss: 0.3360797 Test Loss: 0.4613323
Validation loss decreased (0.338555 --> 0.336080).  Saving model ...
Updating learning rate to 6.25e-06
	iters: 100, epoch: 5 | loss: 0.8403192
	speed: 0.2811s/iter; left time: 556.8964s
Epoch: 5 cost time: 23.696887493133545
Epoch: 5, Steps: 130 | Train Loss: 0.6302990 Vali Loss: 0.3350836 Test Loss: 0.4599567
Validation loss decreased (0.336080 --> 0.335084).  Saving model ...
Updating learning rate to 3.125e-06
	iters: 100, epoch: 6 | loss: 0.5134211
	speed: 0.2754s/iter; left time: 509.7769s
Epoch: 6 cost time: 23.201823949813843
Epoch: 6, Steps: 130 | Train Loss: 0.6288566 Vali Loss: 0.3344867 Test Loss: 0.4592923
Validation loss decreased (0.335084 --> 0.334487).  Saving model ...
Updating learning rate to 1.5625e-06
	iters: 100, epoch: 7 | loss: 0.6068665
	speed: 0.2786s/iter; left time: 479.4168s
Epoch: 7 cost time: 23.591811895370483
Epoch: 7, Steps: 130 | Train Loss: 0.6277763 Vali Loss: 0.3342278 Test Loss: 0.4589649
Validation loss decreased (0.334487 --> 0.334228).  Saving model ...
Updating learning rate to 7.8125e-07
	iters: 100, epoch: 8 | loss: 0.5468631
	speed: 0.2832s/iter; left time: 450.5631s
Epoch: 8 cost time: 23.516267776489258
Epoch: 8, Steps: 130 | Train Loss: 0.6255388 Vali Loss: 0.3340885 Test Loss: 0.4588000
Validation loss decreased (0.334228 --> 0.334089).  Saving model ...
Updating learning rate to 3.90625e-07
	iters: 100, epoch: 9 | loss: 0.6464902
	speed: 0.2751s/iter; left time: 401.9914s
Epoch: 9 cost time: 22.99311900138855
Epoch: 9, Steps: 130 | Train Loss: 0.6258815 Vali Loss: 0.3337679 Test Loss: 0.4587139
Validation loss decreased (0.334089 --> 0.333768).  Saving model ...
Updating learning rate to 1.953125e-07
	iters: 100, epoch: 10 | loss: 0.4676809
	speed: 0.2814s/iter; left time: 374.6059s
Epoch: 10 cost time: 23.71074891090393
Epoch: 10, Steps: 130 | Train Loss: 0.6261072 Vali Loss: 0.3339636 Test Loss: 0.4586706
EarlyStopping counter: 1 out of 10
Updating learning rate to 9.765625e-08
	iters: 100, epoch: 11 | loss: 0.7450057
	speed: 0.2816s/iter; left time: 338.1710s
Epoch: 11 cost time: 23.689079761505127
Epoch: 11, Steps: 130 | Train Loss: 0.6252916 Vali Loss: 0.3338434 Test Loss: 0.4586495
EarlyStopping counter: 2 out of 10
Updating learning rate to 4.8828125e-08
	iters: 100, epoch: 12 | loss: 0.4707440
	speed: 0.2889s/iter; left time: 309.3613s
Epoch: 12 cost time: 24.192567110061646
Epoch: 12, Steps: 130 | Train Loss: 0.6245187 Vali Loss: 0.3340006 Test Loss: 0.4586383
EarlyStopping counter: 3 out of 10
Updating learning rate to 2.44140625e-08
	iters: 100, epoch: 13 | loss: 0.4545256
	speed: 0.2827s/iter; left time: 266.0138s
Epoch: 13 cost time: 23.637342929840088
Epoch: 13, Steps: 130 | Train Loss: 0.6264358 Vali Loss: 0.3336342 Test Loss: 0.4586334
Validation loss decreased (0.333768 --> 0.333634).  Saving model ...
Updating learning rate to 1.220703125e-08
	iters: 100, epoch: 14 | loss: 0.7140115
	speed: 0.2768s/iter; left time: 224.4974s
Epoch: 14 cost time: 23.341891050338745
Epoch: 14, Steps: 130 | Train Loss: 0.6243317 Vali Loss: 0.3338686 Test Loss: 0.4586306
EarlyStopping counter: 1 out of 10
Updating learning rate to 6.103515625e-09
	iters: 100, epoch: 15 | loss: 0.6684718
	speed: 0.2784s/iter; left time: 189.6173s
Epoch: 15 cost time: 23.398037910461426
Epoch: 15, Steps: 130 | Train Loss: 0.6250322 Vali Loss: 0.3340049 Test Loss: 0.4586294
EarlyStopping counter: 2 out of 10
Updating learning rate to 3.0517578125e-09
	iters: 100, epoch: 16 | loss: 0.7754466
	speed: 0.2785s/iter; left time: 153.4461s
Epoch: 16 cost time: 23.273225784301758
Epoch: 16, Steps: 130 | Train Loss: 0.6254783 Vali Loss: 0.3339511 Test Loss: 0.4586290
EarlyStopping counter: 3 out of 10
Updating learning rate to 1.52587890625e-09
	iters: 100, epoch: 17 | loss: 0.6092811
	speed: 0.2770s/iter; left time: 116.6301s
Epoch: 17 cost time: 23.380929946899414
Epoch: 17, Steps: 130 | Train Loss: 0.6264218 Vali Loss: 0.3339993 Test Loss: 0.4586289
EarlyStopping counter: 4 out of 10
Updating learning rate to 7.62939453125e-10
	iters: 100, epoch: 18 | loss: 0.5503989
	speed: 0.2761s/iter; left time: 80.3443s
Epoch: 18 cost time: 23.166723489761353
Epoch: 18, Steps: 130 | Train Loss: 0.6244926 Vali Loss: 0.3339446 Test Loss: 0.4586289
EarlyStopping counter: 5 out of 10
Updating learning rate to 3.814697265625e-10
	iters: 100, epoch: 19 | loss: 0.7882383
	speed: 0.2790s/iter; left time: 44.9199s
Epoch: 19 cost time: 23.448023080825806
Epoch: 19, Steps: 130 | Train Loss: 0.6230365 Vali Loss: 0.3339680 Test Loss: 0.4586289
EarlyStopping counter: 6 out of 10
Updating learning rate to 1.9073486328125e-10
	iters: 100, epoch: 20 | loss: 0.4713873
	speed: 0.2794s/iter; left time: 8.6601s
Epoch: 20 cost time: 23.665340185165405
Epoch: 20, Steps: 130 | Train Loss: 0.6257257 Vali Loss: 0.3339588 Test Loss: 0.4586289
EarlyStopping counter: 7 out of 10
Updating learning rate to 9.5367431640625e-11
>>>>>>>testing : long_term_forecast_PP_ETTh2_96_192_none_TimeMixerPP_ETTh2_sl96_pl192_dm32_nh4_el2_dl1_df64_fc1_ebtimeF_dtTrue_Exp_0<<<<<<<<<<<<<<<<<<<<<<<<<<<<<<<<<
test 2689
mse:0.4586333930492401, mae:0.4511920213699341
