Args in experiment:
Namespace(activation='gelu', anomaly_ratio=0.25, batch_size=64, c_out=7, channel_independence=1, checkpoints='./checkpoints/', comment='none', d_ff=64, d_layers=1, d_model=32, data='ETTm2', data_path='ETTm2.csv', dec_in=7, decomp_method='moving_avg', des='Exp', devices='0,1', distil=True, down_sampling_layers=3, down_sampling_method='avg', down_sampling_window=2, drop_last=True, dropout=0.1, e_layers=2, embed='timeF', enc_in=7, factor=1, features='M', freq='h', gpu=0, inverse=False, is_training=1, itr=1, label_len=0, learning_rate=5e-05, loss='MSE', lradj='type1', mask_rate=0.125, model='TimeMixerPP', model_id='PP_ETTm2_96_192', moving_avg=25, n_heads=4, num_kernels=6, num_workers=0, output_attention=False, p_hidden_dims=[128, 128], p_hidden_layers=2, patience=10, pct_start=0.2, pred_len=192, root_path='C:\\Users\\bbbal\\OneDrive\\Masaüstü\\timemixer\\dataset\\ETT-small', seasonal_patterns='Monthly', seq_len=96, target='OT', task_name='long_term_forecast', top_k=3, train_epochs=20, use_amp=False, use_future_temporal_feature=0, use_gpu=True, use_multi_gpu=False, use_norm=1)
Use GPU: cuda:0
>>>>>>>start training : long_term_forecast_PP_ETTm2_96_192_none_TimeMixerPP_ETTm2_sl96_pl192_dm32_nh4_el2_dl1_df64_fc1_ebtimeF_dtTrue_Exp_0>>>>>>>>>>>>>>>>>>>>>>>>>>
train 34273
val 11329
test 11329
	iters: 100, epoch: 1 | loss: 0.6312104
	speed: 0.2040s/iter; left time: 2162.5409s
	iters: 200, epoch: 1 | loss: 0.5530260
	speed: 0.1774s/iter; left time: 1863.1040s
	iters: 300, epoch: 1 | loss: 0.4035851
	speed: 0.1824s/iter; left time: 1897.3133s
	iters: 400, epoch: 1 | loss: 0.3188196
	speed: 0.1812s/iter; left time: 1866.5495s
	iters: 500, epoch: 1 | loss: 0.5781645
	speed: 0.1820s/iter; left time: 1856.8932s
Epoch: 1 cost time: 99.1848394870758
Epoch: 1, Steps: 535 | Train Loss: 0.4453466 Vali Loss: 0.2381493 Test Loss: 0.3340444
Validation loss decreased (inf --> 0.238149).  Saving model ...
Updating learning rate to 5e-05
	iters: 100, epoch: 2 | loss: 0.7341998
	speed: 0.4313s/iter; left time: 4341.7116s
	iters: 200, epoch: 2 | loss: 0.3377992
	speed: 0.1799s/iter; left time: 1793.2760s
	iters: 300, epoch: 2 | loss: 0.4508569
	speed: 0.1830s/iter; left time: 1805.6868s
	iters: 400, epoch: 2 | loss: 0.4093831
	speed: 0.1822s/iter; left time: 1779.4578s
	iters: 500, epoch: 2 | loss: 0.3551802
	speed: 0.1815s/iter; left time: 1754.7735s
Epoch: 2 cost time: 97.09286618232727
Epoch: 2, Steps: 535 | Train Loss: 0.3991953 Vali Loss: 0.1962635 Test Loss: 0.2789341
Validation loss decreased (0.238149 --> 0.196264).  Saving model ...
Updating learning rate to 2.5e-05
	iters: 100, epoch: 3 | loss: 0.5595645
	speed: 0.4325s/iter; left time: 4122.4082s
	iters: 200, epoch: 3 | loss: 0.6614837
	speed: 0.1836s/iter; left time: 1731.4452s
	iters: 300, epoch: 3 | loss: 0.4113705
	speed: 0.1798s/iter; left time: 1677.3640s
	iters: 400, epoch: 3 | loss: 0.2873230
	speed: 0.1855s/iter; left time: 1712.3538s
	iters: 500, epoch: 3 | loss: 0.3341414
	speed: 0.1798s/iter; left time: 1642.1964s
Epoch: 3 cost time: 97.3779969215393
Epoch: 3, Steps: 535 | Train Loss: 0.3556351 Vali Loss: 0.1885229 Test Loss: 0.2680388
Validation loss decreased (0.196264 --> 0.188523).  Saving model ...
Updating learning rate to 1.25e-05
	iters: 100, epoch: 4 | loss: 0.5147982
	speed: 0.4338s/iter; left time: 3902.5171s
	iters: 200, epoch: 4 | loss: 0.2747662
	speed: 0.1853s/iter; left time: 1648.6410s
	iters: 300, epoch: 4 | loss: 0.3373432
	speed: 0.1845s/iter; left time: 1622.4377s
	iters: 400, epoch: 4 | loss: 0.5223073
	speed: 0.1820s/iter; left time: 1582.4773s
	iters: 500, epoch: 4 | loss: 0.2001416
	speed: 0.1839s/iter; left time: 1580.8109s
Epoch: 4 cost time: 97.95089602470398
Epoch: 4, Steps: 535 | Train Loss: 0.3400897 Vali Loss: 0.1862934 Test Loss: 0.2648270
Validation loss decreased (0.188523 --> 0.186293).  Saving model ...
Updating learning rate to 6.25e-06
	iters: 100, epoch: 5 | loss: 0.4003234
	speed: 0.4343s/iter; left time: 3674.5310s
	iters: 200, epoch: 5 | loss: 0.3959655
	speed: 0.1803s/iter; left time: 1507.0997s
	iters: 300, epoch: 5 | loss: 0.3810371
	speed: 0.1801s/iter; left time: 1487.9484s
	iters: 400, epoch: 5 | loss: 0.4196428
	speed: 0.1820s/iter; left time: 1485.0520s
	iters: 500, epoch: 5 | loss: 0.2762730
	speed: 0.1816s/iter; left time: 1464.0539s
Epoch: 5 cost time: 97.06176614761353
Epoch: 5, Steps: 535 | Train Loss: 0.3340715 Vali Loss: 0.1857555 Test Loss: 0.2639808
Validation loss decreased (0.186293 --> 0.185755).  Saving model ...
Updating learning rate to 3.125e-06
	iters: 100, epoch: 6 | loss: 0.2095492
	speed: 0.4341s/iter; left time: 3440.4967s
	iters: 200, epoch: 6 | loss: 0.2246110
	speed: 0.1805s/iter; left time: 1412.6060s
	iters: 300, epoch: 6 | loss: 0.5668768
	speed: 0.1844s/iter; left time: 1424.5429s
	iters: 400, epoch: 6 | loss: 0.4584929
	speed: 0.1849s/iter; left time: 1410.3119s
	iters: 500, epoch: 6 | loss: 0.2935771
	speed: 0.1829s/iter; left time: 1376.5877s
Epoch: 6 cost time: 97.86889004707336
Epoch: 6, Steps: 535 | Train Loss: 0.3305631 Vali Loss: 0.1854226 Test Loss: 0.2633980
Validation loss decreased (0.185755 --> 0.185423).  Saving model ...
Updating learning rate to 1.5625e-06
	iters: 100, epoch: 7 | loss: 0.2148698
	speed: 0.4326s/iter; left time: 3197.5547s
	iters: 200, epoch: 7 | loss: 0.2709318
	speed: 0.1821s/iter; left time: 1327.6096s
	iters: 300, epoch: 7 | loss: 0.2559635
	speed: 0.1806s/iter; left time: 1298.3792s
	iters: 400, epoch: 7 | loss: 0.3167860
	speed: 0.1824s/iter; left time: 1293.2416s
	iters: 500, epoch: 7 | loss: 0.3459321
	speed: 0.1826s/iter; left time: 1276.5302s
Epoch: 7 cost time: 97.19729542732239
Epoch: 7, Steps: 535 | Train Loss: 0.3293782 Vali Loss: 0.1852660 Test Loss: 0.2631808
Validation loss decreased (0.185423 --> 0.185266).  Saving model ...
Updating learning rate to 7.8125e-07
	iters: 100, epoch: 8 | loss: 0.2888619
	speed: 0.4346s/iter; left time: 2979.3041s
	iters: 200, epoch: 8 | loss: 0.2412528
	speed: 0.1824s/iter; left time: 1232.3954s
	iters: 300, epoch: 8 | loss: 0.3363083
	speed: 0.1806s/iter; left time: 1202.0617s
	iters: 400, epoch: 8 | loss: 0.2148709
	speed: 0.1830s/iter; left time: 1199.6331s
	iters: 500, epoch: 8 | loss: 0.2961119
	speed: 0.1807s/iter; left time: 1166.5741s
Epoch: 8 cost time: 97.31625294685364
Epoch: 8, Steps: 535 | Train Loss: 0.3285564 Vali Loss: 0.1851884 Test Loss: 0.2630617
Validation loss decreased (0.185266 --> 0.185188).  Saving model ...
Updating learning rate to 3.90625e-07
	iters: 100, epoch: 9 | loss: 0.3134838
	speed: 0.4352s/iter; left time: 2750.9678s
	iters: 200, epoch: 9 | loss: 0.2769795
	speed: 0.1829s/iter; left time: 1138.0250s
	iters: 300, epoch: 9 | loss: 0.3007133
	speed: 0.1842s/iter; left time: 1127.2301s
	iters: 400, epoch: 9 | loss: 0.4534651
	speed: 0.1836s/iter; left time: 1105.2840s
	iters: 500, epoch: 9 | loss: 0.2860822
	speed: 0.1799s/iter; left time: 1065.3338s
Epoch: 9 cost time: 97.3900535106659
Epoch: 9, Steps: 535 | Train Loss: 0.3280870 Vali Loss: 0.1851527 Test Loss: 0.2630251
Validation loss decreased (0.185188 --> 0.185153).  Saving model ...
Updating learning rate to 1.953125e-07
	iters: 100, epoch: 10 | loss: 0.3744389
	speed: 0.4358s/iter; left time: 2521.6845s
	iters: 200, epoch: 10 | loss: 0.1761778
	speed: 0.1805s/iter; left time: 1026.4466s
	iters: 300, epoch: 10 | loss: 0.2147725
	speed: 0.1800s/iter; left time: 1005.3725s
	iters: 400, epoch: 10 | loss: 0.3303379
	speed: 0.1831s/iter; left time: 1004.3358s
	iters: 500, epoch: 10 | loss: 0.1935516
	speed: 0.1827s/iter; left time: 984.2495s
Epoch: 10 cost time: 97.26105499267578
Epoch: 10, Steps: 535 | Train Loss: 0.3280577 Vali Loss: 0.1851480 Test Loss: 0.2630047
Validation loss decreased (0.185153 --> 0.185148).  Saving model ...
Updating learning rate to 9.765625e-08
	iters: 100, epoch: 11 | loss: 0.3782946
	speed: 0.4347s/iter; left time: 2282.5240s
	iters: 200, epoch: 11 | loss: 0.3027447
	speed: 0.1833s/iter; left time: 944.1835s
	iters: 300, epoch: 11 | loss: 0.6210169
	speed: 0.1823s/iter; left time: 920.7180s
	iters: 400, epoch: 11 | loss: 0.4373541
	speed: 0.1789s/iter; left time: 885.5369s
	iters: 500, epoch: 11 | loss: 0.2325192
	speed: 0.1838s/iter; left time: 891.4817s
Epoch: 11 cost time: 97.3423364162445
Epoch: 11, Steps: 535 | Train Loss: 0.3280770 Vali Loss: 0.1851596 Test Loss: 0.2629930
EarlyStopping counter: 1 out of 10
Updating learning rate to 4.8828125e-08
	iters: 100, epoch: 12 | loss: 0.3555419
	speed: 0.4321s/iter; left time: 2037.9523s
	iters: 200, epoch: 12 | loss: 0.2842782
	speed: 0.1841s/iter; left time: 849.9323s
	iters: 300, epoch: 12 | loss: 0.3417124
	speed: 0.1826s/iter; left time: 824.6324s
	iters: 400, epoch: 12 | loss: 0.4762424
	speed: 0.1848s/iter; left time: 816.2265s
	iters: 500, epoch: 12 | loss: 0.2628516
	speed: 0.1836s/iter; left time: 792.2510s
Epoch: 12 cost time: 98.20871329307556
Epoch: 12, Steps: 535 | Train Loss: 0.3278946 Vali Loss: 0.1851214 Test Loss: 0.2629883
Validation loss decreased (0.185148 --> 0.185121).  Saving model ...
Updating learning rate to 2.44140625e-08
	iters: 100, epoch: 13 | loss: 0.7567853
	speed: 0.4384s/iter; left time: 1832.9942s
	iters: 200, epoch: 13 | loss: 0.3423822
	speed: 0.1816s/iter; left time: 741.2293s
	iters: 300, epoch: 13 | loss: 0.2767349
	speed: 0.1849s/iter; left time: 736.0451s
	iters: 400, epoch: 13 | loss: 0.2488130
	speed: 0.1822s/iter; left time: 707.2993s
	iters: 500, epoch: 13 | loss: 0.3066159
	speed: 0.1819s/iter; left time: 687.7960s
Epoch: 13 cost time: 97.6166410446167
Epoch: 13, Steps: 535 | Train Loss: 0.3278746 Vali Loss: 0.1851478 Test Loss: 0.2629859
EarlyStopping counter: 1 out of 10
Updating learning rate to 1.220703125e-08
	iters: 100, epoch: 14 | loss: 0.3749354
	speed: 0.4371s/iter; left time: 1593.4933s
	iters: 200, epoch: 14 | loss: 0.5181220
	speed: 0.1841s/iter; left time: 652.9628s
	iters: 300, epoch: 14 | loss: 0.3191705
	speed: 0.1833s/iter; left time: 631.4843s
	iters: 400, epoch: 14 | loss: 0.4109168
	speed: 0.1837s/iter; left time: 614.6616s
	iters: 500, epoch: 14 | loss: 0.5691358
	speed: 0.1832s/iter; left time: 594.7153s
Epoch: 14 cost time: 98.13383722305298
Epoch: 14, Steps: 535 | Train Loss: 0.3279024 Vali Loss: 0.1851467 Test Loss: 0.2629844
EarlyStopping counter: 2 out of 10
Updating learning rate to 6.103515625e-09
	iters: 100, epoch: 15 | loss: 0.4474849
	speed: 0.4371s/iter; left time: 1359.9662s
	iters: 200, epoch: 15 | loss: 0.2085366
	speed: 0.1811s/iter; left time: 545.1716s
	iters: 300, epoch: 15 | loss: 0.3270818
	speed: 0.1821s/iter; left time: 529.9784s
	iters: 400, epoch: 15 | loss: 0.3104653
	speed: 0.1841s/iter; left time: 517.4776s
	iters: 500, epoch: 15 | loss: 0.2453159
	speed: 0.1824s/iter; left time: 494.4382s
Epoch: 15 cost time: 97.62229371070862
Epoch: 15, Steps: 535 | Train Loss: 0.3278482 Vali Loss: 0.1851544 Test Loss: 0.2629839
EarlyStopping counter: 3 out of 10
Updating learning rate to 3.0517578125e-09
	iters: 100, epoch: 16 | loss: 0.2980424
	speed: 0.4315s/iter; left time: 1111.5707s
	iters: 200, epoch: 16 | loss: 0.2100664
	speed: 0.1827s/iter; left time: 452.2514s
	iters: 300, epoch: 16 | loss: 0.4085812
	speed: 0.1819s/iter; left time: 432.2606s
	iters: 400, epoch: 16 | loss: 0.3571110
	speed: 0.1858s/iter; left time: 422.8048s
	iters: 500, epoch: 16 | loss: 0.2681480
	speed: 0.1858s/iter; left time: 404.3161s
Epoch: 16 cost time: 98.06653761863708
Epoch: 16, Steps: 535 | Train Loss: 0.3278300 Vali Loss: 0.1851347 Test Loss: 0.2629837
EarlyStopping counter: 4 out of 10
Updating learning rate to 1.52587890625e-09
	iters: 100, epoch: 17 | loss: 0.2708939
	speed: 0.4346s/iter; left time: 886.9747s
	iters: 200, epoch: 17 | loss: 0.2897804
	speed: 0.1821s/iter; left time: 353.3948s
	iters: 300, epoch: 17 | loss: 0.3115460
	speed: 0.1848s/iter; left time: 340.1762s
	iters: 400, epoch: 17 | loss: 0.2835665
	speed: 0.1805s/iter; left time: 314.2048s
	iters: 500, epoch: 17 | loss: 0.2143973
	speed: 0.1822s/iter; left time: 299.0328s
Epoch: 17 cost time: 97.492511510849
Epoch: 17, Steps: 535 | Train Loss: 0.3277457 Vali Loss: 0.1851552 Test Loss: 0.2629836
EarlyStopping counter: 5 out of 10
Updating learning rate to 7.62939453125e-10
	iters: 100, epoch: 18 | loss: 0.6054707
	speed: 0.4369s/iter; left time: 658.0348s
	iters: 200, epoch: 18 | loss: 0.5513890
	speed: 0.1830s/iter; left time: 257.3539s
	iters: 300, epoch: 18 | loss: 0.4216818
	speed: 0.1833s/iter; left time: 239.4365s
	iters: 400, epoch: 18 | loss: 0.4085424
	speed: 0.1829s/iter; left time: 220.5905s
	iters: 500, epoch: 18 | loss: 0.3540881
	speed: 0.1809s/iter; left time: 200.0384s
Epoch: 18 cost time: 97.51235556602478
Epoch: 18, Steps: 535 | Train Loss: 0.3280401 Vali Loss: 0.1851491 Test Loss: 0.2629837
EarlyStopping counter: 6 out of 10
Updating learning rate to 3.814697265625e-10
	iters: 100, epoch: 19 | loss: 0.3100522
	speed: 0.4354s/iter; left time: 422.7683s
	iters: 200, epoch: 19 | loss: 0.2570185
	speed: 0.1818s/iter; left time: 158.3251s
	iters: 300, epoch: 19 | loss: 0.3984941
	speed: 0.1824s/iter; left time: 140.5980s
	iters: 400, epoch: 19 | loss: 0.5114909
	speed: 0.1855s/iter; left time: 124.4405s
	iters: 500, epoch: 19 | loss: 0.2437921
	speed: 0.1826s/iter; left time: 104.2799s
Epoch: 19 cost time: 98.10012078285217
Epoch: 19, Steps: 535 | Train Loss: 0.3277743 Vali Loss: 0.1851601 Test Loss: 0.2629837
EarlyStopping counter: 7 out of 10
Updating learning rate to 1.9073486328125e-10
	iters: 100, epoch: 20 | loss: 0.3541852
	speed: 0.4335s/iter; left time: 188.9899s
	iters: 200, epoch: 20 | loss: 0.2740656
	speed: 0.1827s/iter; left time: 61.4031s
	iters: 300, epoch: 20 | loss: 0.2578399
	speed: 0.1820s/iter; left time: 42.9638s
	iters: 400, epoch: 20 | loss: 0.2580228
	speed: 0.1823s/iter; left time: 24.7968s
	iters: 500, epoch: 20 | loss: 0.3067904
	speed: 0.1828s/iter; left time: 6.5799s
Epoch: 20 cost time: 97.36665725708008
Epoch: 20, Steps: 535 | Train Loss: 0.3280218 Vali Loss: 0.1851266 Test Loss: 0.2629837
EarlyStopping counter: 8 out of 10
Updating learning rate to 9.5367431640625e-11
>>>>>>>testing : long_term_forecast_PP_ETTm2_96_192_none_TimeMixerPP_ETTm2_sl96_pl192_dm32_nh4_el2_dl1_df64_fc1_ebtimeF_dtTrue_Exp_0<<<<<<<<<<<<<<<<<<<<<<<<<<<<<<<<<
test 11329
mse:0.26298829913139343, mae:0.323637455701828
