Args in experiment:
Namespace(activation='gelu', anomaly_ratio=0.25, batch_size=64, c_out=7, channel_independence=1, checkpoints='./checkpoints/', comment='none', d_ff=64, d_layers=1, d_model=32, data='ETTm2', data_path='ETTm2.csv', dec_in=7, decomp_method='moving_avg', des='Exp', devices='0,1', distil=True, down_sampling_layers=3, down_sampling_method='avg', down_sampling_window=2, drop_last=True, dropout=0.1, e_layers=2, embed='timeF', enc_in=7, factor=1, features='M', freq='h', gpu=0, inverse=False, is_training=1, itr=1, label_len=0, learning_rate=5e-05, loss='MSE', lradj='type1', mask_rate=0.125, model='TimeMixerPP', model_id='PP_ETTm2_96_720', moving_avg=25, n_heads=4, num_kernels=6, num_workers=0, output_attention=False, p_hidden_dims=[128, 128], p_hidden_layers=2, patience=10, pct_start=0.2, pred_len=720, root_path='<workspace>\\dataset\\ETT-small', seasonal_patterns='Monthly', seq_len=96, target='OT', task_name='long_term_forecast', top_k=3, train_epochs=20, use_amp=False, use_future_temporal_feature=0, use_gpu=True, use_multi_gpu=False, use_norm=1)
Use GPU: cuda:0
>>>>>>>start training : long_term_forecast_PP_ETTm2_96_720_none_TimeMixerPP_ETTm2_sl96_pl720_dm32_nh4_el2_dl1_df64_fc1_ebtimeF_dtTrue_Exp_0>>>>>>>>>>>>>>>>>>>>>>>>>>
train 33745
val 10801
test 10801
	iters: 100, epoch: 1 | loss: 0.6669991
	speed: 0.2057s/iter; left time: 2147.3708s
	iters: 200, epoch: 1 | loss: 0.6655759
	speed: 0.1839s/iter; left time: 1901.5116s
	iters: 300, epoch: 1 | loss: 0.5921279
	speed: 0.1816s/iter; left time: 1860.1557s
	iters: 400, epoch: 1 | loss: 0.4210465
	speed: 0.1821s/iter; left time: 1846.8976s
	iters: 500, epoch: 1 | loss: 0.4973164
	speed: 0.1821s/iter; left time: 1828.1899s
Epoch: 1 cost time: 98.61397528648376
Epoch: 1, Steps: 527 | Train Loss: 0.6846306 Vali Loss: 0.3469975 Test Loss: 0.4943169
Validation loss decreased (inf --> 0.346998).  Saving model ...
Updating learning rate to 5e-05
	iters: 100, epoch: 2 | loss: 0.4284086
	speed: 0.4192s/iter; left time: 4156.0901s
	iters: 200, epoch: 2 | loss: 1.1255926
	speed: 0.1816s/iter; left time: 1782.2851s
	iters: 300, epoch: 2 | loss: 0.7813236
	speed: 0.1829s/iter; left time: 1776.9368s
	iters: 400, epoch: 2 | loss: 0.6175919
	speed: 0.1826s/iter; left time: 1755.4327s
	iters: 500, epoch: 2 | loss: 0.3781919
	speed: 0.1823s/iter; left time: 1734.0168s
Epoch: 2 cost time: 96.01908802986145
Epoch: 2, Steps: 527 | Train Loss: 0.6400921 Vali Loss: 0.3120799 Test Loss: 0.4347792
Validation loss decreased (0.346998 --> 0.312080).  Saving model ...
Updating learning rate to 2.5e-05
	iters: 100, epoch: 3 | loss: 0.6697863
	speed: 0.4118s/iter; left time: 3865.8569s
	iters: 200, epoch: 3 | loss: 0.4492051
	speed: 0.1824s/iter; left time: 1694.0234s
	iters: 300, epoch: 3 | loss: 0.5144300
	speed: 0.1810s/iter; left time: 1662.4136s
	iters: 400, epoch: 3 | loss: 0.3869234
	speed: 0.1798s/iter; left time: 1634.0191s
	iters: 500, epoch: 3 | loss: 0.6173876
	speed: 0.1822s/iter; left time: 1637.1478s
Epoch: 3 cost time: 95.8316445350647
Epoch: 3, Steps: 527 | Train Loss: 0.5863132 Vali Loss: 0.3118613 Test Loss: 0.4354471
Validation loss decreased (0.312080 --> 0.311861).  Saving model ...
Updating learning rate to 1.25e-05
	iters: 100, epoch: 4 | loss: 0.4572321
	speed: 0.4200s/iter; left time: 3721.3890s
	iters: 200, epoch: 4 | loss: 0.6108302
	speed: 0.1804s/iter; left time: 1580.4379s
	iters: 300, epoch: 4 | loss: 0.5956313
	speed: 0.1821s/iter; left time: 1577.2857s
	iters: 400, epoch: 4 | loss: 0.4973402
	speed: 0.1808s/iter; left time: 1548.0090s
	iters: 500, epoch: 4 | loss: 0.5597701
	speed: 0.1808s/iter; left time: 1529.3773s
Epoch: 4 cost time: 95.2798261642456
Epoch: 4, Steps: 527 | Train Loss: 0.5492437 Vali Loss: 0.3117735 Test Loss: 0.4412149
Validation loss decreased (0.311861 --> 0.311773).  Saving model ...
Updating learning rate to 6.25e-06
	iters: 100, epoch: 5 | loss: 0.7665895
	speed: 0.4184s/iter; left time: 3486.5282s
	iters: 200, epoch: 5 | loss: 0.3430673
	speed: 0.1781s/iter; left time: 1466.6826s
	iters: 300, epoch: 5 | loss: 0.8382077
	speed: 0.1809s/iter; left time: 1471.0208s
	iters: 400, epoch: 5 | loss: 0.4188040
	speed: 0.1809s/iter; left time: 1453.1697s
	iters: 500, epoch: 5 | loss: 0.5120213
	speed: 0.1804s/iter; left time: 1431.1962s
Epoch: 5 cost time: 94.97281312942505
Epoch: 5, Steps: 527 | Train Loss: 0.5362599 Vali Loss: 0.3109295 Test Loss: 0.4422541
Validation loss decreased (0.311773 --> 0.310929).  Saving model ...
Updating learning rate to 3.125e-06
	iters: 100, epoch: 6 | loss: 0.7795670
	speed: 0.4235s/iter; left time: 3306.0309s
	iters: 200, epoch: 6 | loss: 0.7120081
	speed: 0.1832s/iter; left time: 1411.5509s
	iters: 300, epoch: 6 | loss: 0.3286497
	speed: 0.1811s/iter; left time: 1377.5492s
	iters: 400, epoch: 6 | loss: 0.3825382
	speed: 0.1801s/iter; left time: 1351.5893s
	iters: 500, epoch: 6 | loss: 0.4310390
	speed: 0.1815s/iter; left time: 1344.3227s
Epoch: 6 cost time: 96.1562271118164
Epoch: 6, Steps: 527 | Train Loss: 0.5309954 Vali Loss: 0.3118053 Test Loss: 0.4450946
EarlyStopping counter: 1 out of 10
Updating learning rate to 1.5625e-06
	iters: 100, epoch: 7 | loss: 0.4624501
	speed: 0.4133s/iter; left time: 3008.4365s
	iters: 200, epoch: 7 | loss: 0.3856102
	speed: 0.1808s/iter; left time: 1297.7329s
	iters: 300, epoch: 7 | loss: 0.5395130
	speed: 0.1803s/iter; left time: 1276.6403s
	iters: 400, epoch: 7 | loss: 0.7162060
	speed: 0.1814s/iter; left time: 1265.9165s
	iters: 500, epoch: 7 | loss: 0.6773280
	speed: 0.1798s/iter; left time: 1236.7728s
Epoch: 7 cost time: 95.14733719825745
Epoch: 7, Steps: 527 | Train Loss: 0.5292756 Vali Loss: 0.3106006 Test Loss: 0.4439076
Validation loss decreased (0.310929 --> 0.310601).  Saving model ...
Updating learning rate to 7.8125e-07
	iters: 100, epoch: 8 | loss: 0.5413783
	speed: 0.4186s/iter; left time: 2826.3522s
	iters: 200, epoch: 8 | loss: 0.3087667
	speed: 0.1788s/iter; left time: 1189.2160s
	iters: 300, epoch: 8 | loss: 0.6106505
	speed: 0.1820s/iter; left time: 1192.5220s
	iters: 400, epoch: 8 | loss: 0.5928463
	speed: 0.1809s/iter; left time: 1167.3501s
	iters: 500, epoch: 8 | loss: 0.4137044
	speed: 0.1799s/iter; left time: 1142.9446s
Epoch: 8 cost time: 95.03227853775024
Epoch: 8, Steps: 527 | Train Loss: 0.5280902 Vali Loss: 0.3105392 Test Loss: 0.4440743
Validation loss decreased (0.310601 --> 0.310539).  Saving model ...
Updating learning rate to 3.90625e-07
	iters: 100, epoch: 9 | loss: 0.3608579
	speed: 0.4201s/iter; left time: 2615.1025s
	iters: 200, epoch: 9 | loss: 0.3662351
	speed: 0.1809s/iter; left time: 1107.8373s
	iters: 300, epoch: 9 | loss: 0.3569749
	speed: 0.1820s/iter; left time: 1096.6322s
	iters: 400, epoch: 9 | loss: 0.6735998
	speed: 0.1859s/iter; left time: 1101.1951s
	iters: 500, epoch: 9 | loss: 0.6874468
	speed: 0.1808s/iter; left time: 1053.1564s
Epoch: 9 cost time: 96.49861216545105
Epoch: 9, Steps: 527 | Train Loss: 0.5276161 Vali Loss: 0.3103031 Test Loss: 0.4441630
Validation loss decreased (0.310539 --> 0.310303).  Saving model ...
Updating learning rate to 1.953125e-07
	iters: 100, epoch: 10 | loss: 0.7324583
	speed: 0.4183s/iter; left time: 2383.1923s
	iters: 200, epoch: 10 | loss: 0.3981072
	speed: 0.1837s/iter; left time: 1028.2473s
	iters: 300, epoch: 10 | loss: 0.4962346
	speed: 0.1827s/iter; left time: 1004.7093s
	iters: 400, epoch: 10 | loss: 0.4422218
	speed: 0.1819s/iter; left time: 981.8768s
	iters: 500, epoch: 10 | loss: 0.6267343
	speed: 0.1830s/iter; left time: 969.4867s
Epoch: 10 cost time: 96.1735954284668
Epoch: 10, Steps: 527 | Train Loss: 0.5275877 Vali Loss: 0.3108154 Test Loss: 0.4441623
EarlyStopping counter: 1 out of 10
Updating learning rate to 9.765625e-08
	iters: 100, epoch: 11 | loss: 0.4054636
	speed: 0.4148s/iter; left time: 2144.7117s
	iters: 200, epoch: 11 | loss: 0.4094310
	speed: 0.1834s/iter; left time: 929.8697s
	iters: 300, epoch: 11 | loss: 0.6355459
	speed: 0.1837s/iter; left time: 913.1249s
	iters: 400, epoch: 11 | loss: 0.3396734
	speed: 0.1804s/iter; left time: 878.6927s
	iters: 500, epoch: 11 | loss: 0.8340274
	speed: 0.1816s/iter; left time: 866.4293s
Epoch: 11 cost time: 95.93019390106201
Epoch: 11, Steps: 527 | Train Loss: 0.5270786 Vali Loss: 0.3104243 Test Loss: 0.4442211
EarlyStopping counter: 2 out of 10
Updating learning rate to 4.8828125e-08
	iters: 100, epoch: 12 | loss: 0.4148946
	speed: 0.4182s/iter; left time: 1942.1863s
	iters: 200, epoch: 12 | loss: 0.4845161
	speed: 0.1797s/iter; left time: 816.5739s
	iters: 300, epoch: 12 | loss: 0.3559905
	speed: 0.1836s/iter; left time: 815.8299s
	iters: 400, epoch: 12 | loss: 0.4607892
	speed: 0.1831s/iter; left time: 795.4126s
	iters: 500, epoch: 12 | loss: 0.3296987
	speed: 0.1842s/iter; left time: 781.8453s
Epoch: 12 cost time: 96.08379769325256
Epoch: 12, Steps: 527 | Train Loss: 0.5272335 Vali Loss: 0.3098756 Test Loss: 0.4442307
Validation loss decreased (0.310303 --> 0.309876).  Saving model ...
Updating learning rate to 2.44140625e-08
	iters: 100, epoch: 13 | loss: 0.5207874
	speed: 0.4171s/iter; left time: 1717.2732s
	iters: 200, epoch: 13 | loss: 0.3218526
	speed: 0.1828s/iter; left time: 734.2675s
	iters: 300, epoch: 13 | loss: 0.4784928
	speed: 0.1846s/iter; left time: 722.8987s
	iters: 400, epoch: 13 | loss: 0.3334529
	speed: 0.1851s/iter; left time: 706.4736s
	iters: 500, epoch: 13 | loss: 0.5288149
	speed: 0.1829s/iter; left time: 679.8381s
Epoch: 13 cost time: 96.63127565383911
Epoch: 13, Steps: 527 | Train Loss: 0.5271431 Vali Loss: 0.3101901 Test Loss: 0.4442304
EarlyStopping counter: 1 out of 10
Updating learning rate to 1.220703125e-08
	iters: 100, epoch: 14 | loss: 0.3818887
	speed: 0.4129s/iter; left time: 1482.3253s
	iters: 200, epoch: 14 | loss: 0.3402396
	speed: 0.1808s/iter; left time: 630.8291s
	iters: 300, epoch: 14 | loss: 0.4819517
	speed: 0.1814s/iter; left time: 614.7956s
	iters: 400, epoch: 14 | loss: 0.4401911
	speed: 0.1826s/iter; left time: 600.5920s
	iters: 500, epoch: 14 | loss: 0.5508283
	speed: 0.1823s/iter; left time: 581.4082s
Epoch: 14 cost time: 95.55692720413208
Epoch: 14, Steps: 527 | Train Loss: 0.5271130 Vali Loss: 0.3105510 Test Loss: 0.4442296
EarlyStopping counter: 2 out of 10
Updating learning rate to 6.103515625e-09
	iters: 100, epoch: 15 | loss: 0.5264747
	speed: 0.4153s/iter; left time: 1272.0527s
	iters: 200, epoch: 15 | loss: 0.3915272
	speed: 0.1805s/iter; left time: 534.7754s
	iters: 300, epoch: 15 | loss: 0.5482352
	speed: 0.1822s/iter; left time: 521.5240s
	iters: 400, epoch: 15 | loss: 0.5160620
	speed: 0.1818s/iter; left time: 502.3386s
	iters: 500, epoch: 15 | loss: 0.4157909
	speed: 0.1808s/iter; left time: 481.4927s
Epoch: 15 cost time: 95.44516372680664
Epoch: 15, Steps: 527 | Train Loss: 0.5271772 Vali Loss: 0.3103380 Test Loss: 0.4442280
EarlyStopping counter: 3 out of 10
Updating learning rate to 3.0517578125e-09
	iters: 100, epoch: 16 | loss: 0.4199680
	speed: 0.4176s/iter; left time: 1059.0091s
	iters: 200, epoch: 16 | loss: 0.6499809
	speed: 0.1834s/iter; left time: 446.8133s
	iters: 300, epoch: 16 | loss: 0.6142931
	speed: 0.1819s/iter; left time: 424.9894s
	iters: 400, epoch: 16 | loss: 0.4127697
	speed: 0.1829s/iter; left time: 409.0159s
	iters: 500, epoch: 16 | loss: 0.6731502
	speed: 0.1811s/iter; left time: 386.7277s
Epoch: 16 cost time: 95.80397248268127
Epoch: 16, Steps: 527 | Train Loss: 0.5270415 Vali Loss: 0.3102875 Test Loss: 0.4442281
EarlyStopping counter: 4 out of 10
Updating learning rate to 1.52587890625e-09
	iters: 100, epoch: 17 | loss: 0.3810209
	speed: 0.4177s/iter; left time: 839.1225s
	iters: 200, epoch: 17 | loss: 0.4392980
	speed: 0.1793s/iter; left time: 342.3053s
	iters: 300, epoch: 17 | loss: 0.5987747
	speed: 0.1794s/iter; left time: 324.5748s
	iters: 400, epoch: 17 | loss: 0.3919338
	speed: 0.1813s/iter; left time: 309.8375s
	iters: 500, epoch: 17 | loss: 0.3815927
	speed: 0.1813s/iter; left time: 291.7387s
Epoch: 17 cost time: 95.40255451202393
Epoch: 17, Steps: 527 | Train Loss: 0.5272411 Vali Loss: 0.3103593 Test Loss: 0.4442282
EarlyStopping counter: 5 out of 10
Updating learning rate to 7.62939453125e-10
	iters: 100, epoch: 18 | loss: 0.7961317
	speed: 0.4135s/iter; left time: 612.8477s
	iters: 200, epoch: 18 | loss: 0.5274458
	speed: 0.1847s/iter; left time: 255.2523s
	iters: 300, epoch: 18 | loss: 0.2991295
	speed: 0.1823s/iter; left time: 233.7069s
	iters: 400, epoch: 18 | loss: 0.4515581
	speed: 0.1810s/iter; left time: 213.9747s
	iters: 500, epoch: 18 | loss: 0.4684587
	speed: 0.1812s/iter; left time: 196.0149s
Epoch: 18 cost time: 95.85254335403442
Epoch: 18, Steps: 527 | Train Loss: 0.5271456 Vali Loss: 0.3104715 Test Loss: 0.4442283
EarlyStopping counter: 6 out of 10
Updating learning rate to 3.814697265625e-10
	iters: 100, epoch: 19 | loss: 0.3106864
	speed: 0.4141s/iter; left time: 395.4355s
	iters: 200, epoch: 19 | loss: 0.6500011
	speed: 0.1787s/iter; left time: 152.7458s
	iters: 300, epoch: 19 | loss: 0.4453623
	speed: 0.1821s/iter; left time: 137.5025s
	iters: 400, epoch: 19 | loss: 0.5133250
	speed: 0.1817s/iter; left time: 119.0208s
	iters: 500, epoch: 19 | loss: 0.4667184
	speed: 0.1827s/iter; left time: 101.4237s
Epoch: 19 cost time: 95.30781650543213
Epoch: 19, Steps: 527 | Train Loss: 0.5272368 Vali Loss: 0.3102081 Test Loss: 0.4442282
EarlyStopping counter: 7 out of 10
Updating learning rate to 1.9073486328125e-10
	iters: 100, epoch: 20 | loss: 0.5015183
	speed: 0.4137s/iter; left time: 177.0503s
	iters: 200, epoch: 20 | loss: 0.5175820
	speed: 0.1813s/iter; left time: 59.4766s
	iters: 300, epoch: 20 | loss: 0.3461069
	speed: 0.1813s/iter; left time: 41.3344s
	iters: 400, epoch: 20 | loss: 0.4284261
	speed: 0.1830s/iter; left time: 23.4179s
	iters: 500, epoch: 20 | loss: 0.2851836
	speed: 0.1830s/iter; left time: 5.1241s
Epoch: 20 cost time: 95.76459264755249
Epoch: 20, Steps: 527 | Train Loss: 0.5269755 Vali Loss: 0.3101067 Test Loss: 0.4442283
EarlyStopping counter: 8 out of 10
Updating learning rate to 9.5367431640625e-11
>>>>>>>testing : long_term_forecast_PP_ETTm2_96_720_none_TimeMixerPP_ETTm2_sl96_pl720_dm32_nh4_el2_dl1_df64_fc1_ebtimeF_dtTrue_Exp_0<<<<<<<<<<<<<<<<<<<<<<<<<<<<<<<<<
test 10801
mse:0.4442315697669983, mae:0.4310391843318939
