Args in experiment:
Namespace(activation='gelu', anomaly_ratio=0.25, batch_size=64, c_out=7, channel_independence=1, checkpoints='./checkpoints/', comment='none', d_ff=64, d_layers=1, d_model=32, data='ETTm1', data_path='ETTm1.csv', dec_in=7, decomp_method='moving_avg', des='Exp', devices='0,1', distil=True, down_sampling_layers=3, down_sampling_method='avg', down_sampling_window=2, drop_last=True, dropout=0.1, e_layers=2, embed='timeF', enc_in=7, factor=1, features='M', freq='h', gpu=0, inverse=False, is_training=1, itr=1, label_len=0, learning_rate=5e-05, loss='MSE', lradj='type1', mask_rate=0.125, model='TimeMixerPP', model_id='PP_ETTm1_96_96', moving_avg=25, n_heads=4, num_kernels=6, num_workers=0, output_attention=False, p_hidden_dims=[128, 128], p_hidden_layers=2, patience=10, pct_start=0.2, pred_len=96, root_path='C:\\Users\\bbbal\\OneDrive\\Masaüstü\\timemixer\\dataset\\ETT-small', seasonal_patterns='Monthly', seq_len=96, target='OT', task_name='long_term_forecast', top_k=3, train_epochs=20, use_amp=False, use_future_temporal_feature=0, use_gpu=True, use_multi_gpu=False, use_norm=1)
Use GPU: cuda:0
>>>>>>>start training : long_term_forecast_PP_ETTm1_96_96_none_TimeMixerPP_ETTm1_sl96_pl96_dm32_nh4_el2_dl1_df64_fc1_ebtimeF_dtTrue_Exp_0>>>>>>>>>>>>>>>>>>>>>>>>>>
train 34369
val 11425
test 11425
	iters: 100, epoch: 1 | loss: 0.6783752
	speed: 0.2002s/iter; left time: 2129.9813s
	iters: 200, epoch: 1 | loss: 0.6679729
	speed: 0.1803s/iter; left time: 1901.0069s
	iters: 300, epoch: 1 | loss: 0.6000797
	speed: 0.1783s/iter; left time: 1861.9249s
	iters: 400, epoch: 1 | loss: 0.7639135
	speed: 0.1758s/iter; left time: 1817.8305s
	iters: 500, epoch: 1 | loss: 0.7066582
	speed: 0.1817s/iter; left time: 1861.1683s
Epoch: 1 cost time: 98.39848113059998
Epoch: 1, Steps: 537 | Train Loss: 0.6892808 Vali Loss: 1.0975305 Test Loss: 1.0118410
Validation loss decreased (inf --> 1.097531).  Saving model ...
Updating learning rate to 5e-05
	iters: 100, epoch: 2 | loss: 0.5870336
	speed: 0.4290s/iter; left time: 4334.9696s
	iters: 200, epoch: 2 | loss: 0.5132250
	speed: 0.1788s/iter; left time: 1788.9954s
	iters: 300, epoch: 2 | loss: 0.5029770
	speed: 0.1784s/iter; left time: 1766.7760s
	iters: 400, epoch: 2 | loss: 0.3918994
	speed: 0.1803s/iter; left time: 1767.3820s
	iters: 500, epoch: 2 | loss: 0.4571112
	speed: 0.1806s/iter; left time: 1752.2864s
Epoch: 2 cost time: 96.19656205177307
Epoch: 2, Steps: 537 | Train Loss: 0.4838844 Vali Loss: 0.5315550 Test Loss: 0.5048152
Validation loss decreased (1.097531 --> 0.531555).  Saving model ...
Updating learning rate to 2.5e-05
	iters: 100, epoch: 3 | loss: 0.3531810
	speed: 0.4309s/iter; left time: 4122.5812s
	iters: 200, epoch: 3 | loss: 0.3677446
	speed: 0.1784s/iter; left time: 1688.8498s
	iters: 300, epoch: 3 | loss: 0.3131959
	speed: 0.1792s/iter; left time: 1678.6294s
	iters: 400, epoch: 3 | loss: 0.3256572
	speed: 0.1780s/iter; left time: 1649.9826s
	iters: 500, epoch: 3 | loss: 0.3620273
	speed: 0.1808s/iter; left time: 1657.2680s
Epoch: 3 cost time: 95.9357397556305
Epoch: 3, Steps: 537 | Train Loss: 0.3633544 Vali Loss: 0.4889240 Test Loss: 0.4529932
Validation loss decreased (0.531555 --> 0.488924).  Saving model ...
Updating learning rate to 1.25e-05
	iters: 100, epoch: 4 | loss: 0.3691352
	speed: 0.4285s/iter; left time: 3868.9347s
	iters: 200, epoch: 4 | loss: 0.3570402
	speed: 0.1824s/iter; left time: 1628.9164s
	iters: 300, epoch: 4 | loss: 0.3311686
	speed: 0.1810s/iter; left time: 1598.3831s
	iters: 400, epoch: 4 | loss: 0.3086063
	speed: 0.1826s/iter; left time: 1593.6948s
	iters: 500, epoch: 4 | loss: 0.3265904
	speed: 0.1831s/iter; left time: 1580.3258s
Epoch: 4 cost time: 97.45790934562683
Epoch: 4, Steps: 537 | Train Loss: 0.3421686 Vali Loss: 0.4772298 Test Loss: 0.4362474
Validation loss decreased (0.488924 --> 0.477230).  Saving model ...
Updating learning rate to 6.25e-06
	iters: 100, epoch: 5 | loss: 0.2969931
	speed: 0.4371s/iter; left time: 3712.6735s
	iters: 200, epoch: 5 | loss: 0.3321149
	speed: 0.1763s/iter; left time: 1479.6184s
	iters: 300, epoch: 5 | loss: 0.3103602
	speed: 0.1800s/iter; left time: 1492.8394s
	iters: 400, epoch: 5 | loss: 0.3249561
	speed: 0.1783s/iter; left time: 1461.0377s
	iters: 500, epoch: 5 | loss: 0.3649127
	speed: 0.1821s/iter; left time: 1474.0378s
Epoch: 5 cost time: 96.36690354347229
Epoch: 5, Steps: 537 | Train Loss: 0.3338396 Vali Loss: 0.4732893 Test Loss: 0.4270057
Validation loss decreased (0.477230 --> 0.473289).  Saving model ...
Updating learning rate to 3.125e-06
	iters: 100, epoch: 6 | loss: 0.3549545
	speed: 0.4303s/iter; left time: 3423.1204s
	iters: 200, epoch: 6 | loss: 0.3752107
	speed: 0.1800s/iter; left time: 1413.7541s
	iters: 300, epoch: 6 | loss: 0.3107439
	speed: 0.1790s/iter; left time: 1388.5014s
	iters: 400, epoch: 6 | loss: 0.3361948
	speed: 0.1768s/iter; left time: 1353.8082s
	iters: 500, epoch: 6 | loss: 0.3887340
	speed: 0.1780s/iter; left time: 1345.0450s
Epoch: 6 cost time: 95.72422528266907
Epoch: 6, Steps: 537 | Train Loss: 0.3301304 Vali Loss: 0.4700128 Test Loss: 0.4229947
Validation loss decreased (0.473289 --> 0.470013).  Saving model ...
Updating learning rate to 1.5625e-06
	iters: 100, epoch: 7 | loss: 0.3092502
	speed: 0.4294s/iter; left time: 3186.0548s
	iters: 200, epoch: 7 | loss: 0.3116885
	speed: 0.1779s/iter; left time: 1302.1814s
	iters: 300, epoch: 7 | loss: 0.3138719
	speed: 0.1805s/iter; left time: 1302.9457s
	iters: 400, epoch: 7 | loss: 0.3141905
	speed: 0.1786s/iter; left time: 1271.1128s
	iters: 500, epoch: 7 | loss: 0.3789774
	speed: 0.1777s/iter; left time: 1247.1270s
Epoch: 7 cost time: 95.83099222183228
Epoch: 7, Steps: 537 | Train Loss: 0.3282920 Vali Loss: 0.4684773 Test Loss: 0.4220911
Validation loss decreased (0.470013 --> 0.468477).  Saving model ...
Updating learning rate to 7.8125e-07
	iters: 100, epoch: 8 | loss: 0.3198860
	speed: 0.4299s/iter; left time: 2958.4121s
	iters: 200, epoch: 8 | loss: 0.3242114
	speed: 0.1796s/iter; left time: 1218.3335s
	iters: 300, epoch: 8 | loss: 0.3154792
	speed: 0.1780s/iter; left time: 1189.1738s
	iters: 400, epoch: 8 | loss: 0.3920199
	speed: 0.1798s/iter; left time: 1183.3484s
	iters: 500, epoch: 8 | loss: 0.3283176
	speed: 0.1799s/iter; left time: 1166.0481s
Epoch: 8 cost time: 95.91844749450684
Epoch: 8, Steps: 537 | Train Loss: 0.3273363 Vali Loss: 0.4684573 Test Loss: 0.4207668
Validation loss decreased (0.468477 --> 0.468457).  Saving model ...
Updating learning rate to 3.90625e-07
	iters: 100, epoch: 9 | loss: 0.4170044
	speed: 0.4278s/iter; left time: 2714.2847s
	iters: 200, epoch: 9 | loss: 0.3175099
	speed: 0.1799s/iter; left time: 1123.3655s
	iters: 300, epoch: 9 | loss: 0.3226817
	speed: 0.1756s/iter; left time: 1078.8604s
	iters: 400, epoch: 9 | loss: 0.3222966
	speed: 0.1788s/iter; left time: 1080.5826s
	iters: 500, epoch: 9 | loss: 0.3144789
	speed: 0.1790s/iter; left time: 1064.0290s
Epoch: 9 cost time: 95.72348713874817
Epoch: 9, Steps: 537 | Train Loss: 0.3268922 Vali Loss: 0.4682742 Test Loss: 0.4204165
Validation loss decreased (0.468457 --> 0.468274).  Saving model ...
Updating learning rate to 1.953125e-07
	iters: 100, epoch: 10 | loss: 0.3349026
	speed: 0.4274s/iter; left time: 2482.4632s
	iters: 200, epoch: 10 | loss: 0.2815819
	speed: 0.1787s/iter; left time: 1019.9374s
	iters: 300, epoch: 10 | loss: 0.3163362
	speed: 0.1833s/iter; left time: 1027.9328s
	iters: 400, epoch: 10 | loss: 0.3507409
	speed: 0.1848s/iter; left time: 1018.0813s
	iters: 500, epoch: 10 | loss: 0.3174828
	speed: 0.1811s/iter; left time: 979.4797s
Epoch: 10 cost time: 96.8432514667511
Epoch: 10, Steps: 537 | Train Loss: 0.3266266 Vali Loss: 0.4677694 Test Loss: 0.4201872
Validation loss decreased (0.468274 --> 0.467769).  Saving model ...
Updating learning rate to 9.765625e-08
	iters: 100, epoch: 11 | loss: 0.3026034
	speed: 0.4268s/iter; left time: 2249.8238s
	iters: 200, epoch: 11 | loss: 0.3598310
	speed: 0.1778s/iter; left time: 919.2568s
	iters: 300, epoch: 11 | loss: 0.2723545
	speed: 0.1811s/iter; left time: 918.2591s
	iters: 400, epoch: 11 | loss: 0.3449239
	speed: 0.1771s/iter; left time: 880.1752s
	iters: 500, epoch: 11 | loss: 0.2979690
	speed: 0.1794s/iter; left time: 873.7756s
Epoch: 11 cost time: 95.74336361885071
Epoch: 11, Steps: 537 | Train Loss: 0.3264904 Vali Loss: 0.4679916 Test Loss: 0.4200525
EarlyStopping counter: 1 out of 10
Updating learning rate to 4.8828125e-08
	iters: 100, epoch: 12 | loss: 0.2751478
	speed: 0.4304s/iter; left time: 2037.3737s
	iters: 200, epoch: 12 | loss: 0.3329454
	speed: 0.1778s/iter; left time: 823.7184s
	iters: 300, epoch: 12 | loss: 0.3550922
	speed: 0.1773s/iter; left time: 803.8900s
	iters: 400, epoch: 12 | loss: 0.3150593
	speed: 0.1791s/iter; left time: 794.2991s
	iters: 500, epoch: 12 | loss: 0.3297694
	speed: 0.1775s/iter; left time: 769.3504s
Epoch: 12 cost time: 95.63983702659607
Epoch: 12, Steps: 537 | Train Loss: 0.3265368 Vali Loss: 0.4676645 Test Loss: 0.4200013
Validation loss decreased (0.467769 --> 0.467665).  Saving model ...
Updating learning rate to 2.44140625e-08
	iters: 100, epoch: 13 | loss: 0.3167678
	speed: 0.4266s/iter; left time: 1790.4131s
	iters: 200, epoch: 13 | loss: 0.3598764
	speed: 0.1803s/iter; left time: 738.7411s
	iters: 300, epoch: 13 | loss: 0.3328976
	speed: 0.1786s/iter; left time: 713.8188s
	iters: 400, epoch: 13 | loss: 0.2858990
	speed: 0.1777s/iter; left time: 692.6136s
	iters: 500, epoch: 13 | loss: 0.3443542
	speed: 0.1803s/iter; left time: 684.7074s
Epoch: 13 cost time: 96.0478618144989
Epoch: 13, Steps: 537 | Train Loss: 0.3264905 Vali Loss: 0.4679560 Test Loss: 0.4199629
EarlyStopping counter: 1 out of 10
Updating learning rate to 1.220703125e-08
	iters: 100, epoch: 14 | loss: 0.3738447
	speed: 0.4282s/iter; left time: 1567.1512s
	iters: 200, epoch: 14 | loss: 0.3219694
	speed: 0.1789s/iter; left time: 636.7994s
	iters: 300, epoch: 14 | loss: 0.2844004
	speed: 0.1759s/iter; left time: 608.6270s
	iters: 400, epoch: 14 | loss: 0.2975806
	speed: 0.1803s/iter; left time: 605.6488s
	iters: 500, epoch: 14 | loss: 0.3452604
	speed: 0.1761s/iter; left time: 574.2356s
Epoch: 14 cost time: 95.30449151992798
Epoch: 14, Steps: 537 | Train Loss: 0.3264166 Vali Loss: 0.4678618 Test Loss: 0.4199479
EarlyStopping counter: 2 out of 10
Updating learning rate to 6.103515625e-09
	iters: 100, epoch: 15 | loss: 0.3493413
	speed: 0.4280s/iter; left time: 1336.6223s
	iters: 200, epoch: 15 | loss: 0.2801583
	speed: 0.1807s/iter; left time: 546.1377s
	iters: 300, epoch: 15 | loss: 0.2889323
	speed: 0.1804s/iter; left time: 527.2373s
	iters: 400, epoch: 15 | loss: 0.3458638
	speed: 0.1797s/iter; left time: 507.3322s
	iters: 500, epoch: 15 | loss: 0.3086416
	speed: 0.1782s/iter; left time: 485.3263s
Epoch: 15 cost time: 96.09494423866272
Epoch: 15, Steps: 537 | Train Loss: 0.3264753 Vali Loss: 0.4676706 Test Loss: 0.4199436
EarlyStopping counter: 3 out of 10
Updating learning rate to 3.0517578125e-09
	iters: 100, epoch: 16 | loss: 0.3011272
	speed: 0.4294s/iter; left time: 1110.3939s
	iters: 200, epoch: 16 | loss: 0.3212317
	speed: 0.1797s/iter; left time: 446.7005s
	iters: 300, epoch: 16 | loss: 0.3288632
	speed: 0.1779s/iter; left time: 424.3982s
	iters: 400, epoch: 16 | loss: 0.3174848
	speed: 0.1785s/iter; left time: 407.9779s
	iters: 500, epoch: 16 | loss: 0.3228288
	speed: 0.1780s/iter; left time: 389.0488s
Epoch: 16 cost time: 95.8530101776123
Epoch: 16, Steps: 537 | Train Loss: 0.3264029 Vali Loss: 0.4673487 Test Loss: 0.4199416
Validation loss decreased (0.467665 --> 0.467349).  Saving model ...
Updating learning rate to 1.52587890625e-09
	iters: 100, epoch: 17 | loss: 0.3310713
	speed: 0.4301s/iter; left time: 881.3407s
	iters: 200, epoch: 17 | loss: 0.2872894
	speed: 0.1844s/iter; left time: 359.4274s
	iters: 300, epoch: 17 | loss: 0.2818290
	speed: 0.1865s/iter; left time: 344.8471s
	iters: 400, epoch: 17 | loss: 0.3829433
	speed: 0.1818s/iter; left time: 318.0554s
	iters: 500, epoch: 17 | loss: 0.3580167
	speed: 0.1803s/iter; left time: 297.2745s
Epoch: 17 cost time: 97.73714208602905
Epoch: 17, Steps: 537 | Train Loss: 0.3264861 Vali Loss: 0.4679359 Test Loss: 0.4199412
EarlyStopping counter: 1 out of 10
Updating learning rate to 7.62939453125e-10
	iters: 100, epoch: 18 | loss: 0.3913013
	speed: 0.4276s/iter; left time: 646.5336s
	iters: 200, epoch: 18 | loss: 0.3090329
	speed: 0.1790s/iter; left time: 252.8155s
	iters: 300, epoch: 18 | loss: 0.3384161
	speed: 0.1778s/iter; left time: 233.3249s
	iters: 400, epoch: 18 | loss: 0.3027218
	speed: 0.1781s/iter; left time: 215.8727s
	iters: 500, epoch: 18 | loss: 0.3228498
	speed: 0.1782s/iter; left time: 198.2009s
Epoch: 18 cost time: 95.51962471008301
Epoch: 18, Steps: 537 | Train Loss: 0.3264442 Vali Loss: 0.4673752 Test Loss: 0.4199412
EarlyStopping counter: 2 out of 10
Updating learning rate to 3.814697265625e-10
	iters: 100, epoch: 19 | loss: 0.3240402
	speed: 0.4289s/iter; left time: 418.1375s
	iters: 200, epoch: 19 | loss: 0.2969965
	speed: 0.1763s/iter; left time: 154.2523s
	iters: 300, epoch: 19 | loss: 0.3498603
	speed: 0.1782s/iter; left time: 138.1436s
	iters: 400, epoch: 19 | loss: 0.3321519
	speed: 0.1775s/iter; left time: 119.8339s
	iters: 500, epoch: 19 | loss: 0.3022668
	speed: 0.1764s/iter; left time: 101.4097s
Epoch: 19 cost time: 95.10347175598145
Epoch: 19, Steps: 537 | Train Loss: 0.3264612 Vali Loss: 0.4677622 Test Loss: 0.4199411
EarlyStopping counter: 3 out of 10
Updating learning rate to 1.9073486328125e-10
	iters: 100, epoch: 20 | loss: 0.3043431
	speed: 0.4363s/iter; left time: 191.0798s
	iters: 200, epoch: 20 | loss: 0.2972178
	speed: 0.1776s/iter; left time: 60.0323s
	iters: 300, epoch: 20 | loss: 0.3290975
	speed: 0.1766s/iter; left time: 42.0241s
	iters: 400, epoch: 20 | loss: 0.3236151
	speed: 0.1795s/iter; left time: 24.7666s
	iters: 500, epoch: 20 | loss: 0.3363237
	speed: 0.1795s/iter; left time: 6.8210s
Epoch: 20 cost time: 95.99325704574585
Epoch: 20, Steps: 537 | Train Loss: 0.3264461 Vali Loss: 0.4674758 Test Loss: 0.4199411
EarlyStopping counter: 4 out of 10
Updating learning rate to 9.5367431640625e-11
>>>>>>>testing : long_term_forecast_PP_ETTm1_96_96_none_TimeMixerPP_ETTm1_sl96_pl96_dm32_nh4_el2_dl1_df64_fc1_ebtimeF_dtTrue_Exp_0<<<<<<<<<<<<<<<<<<<<<<<<<<<<<<<<<
test 11425
mse:0.4199415147304535, mae:0.4322241246700287
