Args in experiment:
Namespace(activation='gelu', anomaly_ratio=0.25, batch_size=64, c_out=7, channel_independence=1, checkpoints='./checkpoints/', comment='none', d_ff=64, d_layers=1, d_model=32, data='ETTm1', data_path='ETTm1.csv', dec_in=7, decomp_method='moving_avg', des='Exp', devices='0,1', distil=True, down_sampling_layers=3, down_sampling_method='avg', down_sampling_window=2, drop_last=True, dropout=0.1, e_layers=2, embed='timeF', enc_in=7, factor=1, features='M', freq='h', gpu=0, inverse=False, is_training=1, itr=1, label_len=0, learning_rate=5e-05, loss='MSE', lradj='type1', mask_rate=0.125, model='TimeMixerPP', model_id='PP_ETTm1_96_720', moving_avg=25, n_heads=4, num_kernels=6, num_workers=0, output_attention=False, p_hidden_dims=[128, 128], p_hidden_layers=2, patience=10, pct_start=0.2, pred_len=720, root_path='<workspace>\\dataset\\ETT-small', seasonal_patterns='Monthly', seq_len=96, target='OT', task_name='long_term_forecast', top_k=3, train_epochs=20, use_amp=False, use_future_temporal_feature=0, use_gpu=True, use_multi_gpu=False, use_norm=1)
Use GPU: cuda:0
>>>>>>>start training : long_term_forecast_PP_ETTm1_96_720_none_TimeMixerPP_ETTm1_sl96_pl720_dm32_nh4_el2_dl1_df64_fc1_ebtimeF_dtTrue_Exp_0>>>>>>>>>>>>>>>>>>>>>>>>>>
train 33745
val 10801
test 10801
	iters: 100, epoch: 1 | loss: 0.7761204
	speed: 0.2029s/iter; left time: 2118.7131s
	iters: 200, epoch: 1 | loss: 0.8005815
	speed: 0.1813s/iter; left time: 1874.5669s
	iters: 300, epoch: 1 | loss: 0.7483875
	speed: 0.1837s/iter; left time: 1881.2614s
	iters: 400, epoch: 1 | loss: 0.8428944
	speed: 0.1820s/iter; left time: 1845.4555s
	iters: 500, epoch: 1 | loss: 0.8194329
	speed: 0.1829s/iter; left time: 1836.1372s
Epoch: 1 cost time: 98.26966714859009
Epoch: 1, Steps: 527 | Train Loss: 0.8073200 Vali Loss: 1.6003498 Test Loss: 1.0310811
Validation loss decreased (inf --> 1.600350).  Saving model ...
Updating learning rate to 5e-05
	iters: 100, epoch: 2 | loss: 0.7161637
	speed: 0.4188s/iter; left time: 4152.1904s
	iters: 200, epoch: 2 | loss: 0.6886540
	speed: 0.1850s/iter; left time: 1816.0172s
	iters: 300, epoch: 2 | loss: 0.5840569
	speed: 0.1835s/iter; left time: 1782.3720s
	iters: 400, epoch: 2 | loss: 0.5314488
	speed: 0.1849s/iter; left time: 1777.4636s
	iters: 500, epoch: 2 | loss: 0.5129463
	speed: 0.1852s/iter; left time: 1761.7142s
Epoch: 2 cost time: 97.14877128601074
Epoch: 2, Steps: 527 | Train Loss: 0.6232151 Vali Loss: 1.0762811 Test Loss: 0.5769466
Validation loss decreased (1.600350 --> 1.076281).  Saving model ...
Updating learning rate to 2.5e-05
	iters: 100, epoch: 3 | loss: 0.5416229
	speed: 0.4222s/iter; left time: 3963.5475s
	iters: 200, epoch: 3 | loss: 0.5516845
	speed: 0.1841s/iter; left time: 1709.8607s
	iters: 300, epoch: 3 | loss: 0.5776009
	speed: 0.1825s/iter; left time: 1676.8016s
	iters: 400, epoch: 3 | loss: 0.4931814
	speed: 0.1843s/iter; left time: 1674.3329s
	iters: 500, epoch: 3 | loss: 0.5046428
	speed: 0.1842s/iter; left time: 1655.3554s
Epoch: 3 cost time: 96.81140112876892
Epoch: 3, Steps: 527 | Train Loss: 0.5073997 Vali Loss: 1.0326724 Test Loss: 0.5344861
Validation loss decreased (1.076281 --> 1.032672).  Saving model ...
Updating learning rate to 1.25e-05
	iters: 100, epoch: 4 | loss: 0.5324892
	speed: 0.4235s/iter; left time: 3752.4463s
	iters: 200, epoch: 4 | loss: 0.4889379
	speed: 0.1911s/iter; left time: 1674.0528s
	iters: 300, epoch: 4 | loss: 0.5322655
	speed: 0.1912s/iter; left time: 1656.2195s
	iters: 400, epoch: 4 | loss: 0.4229519
	speed: 0.1878s/iter; left time: 1607.1781s
	iters: 500, epoch: 4 | loss: 0.4898863
	speed: 0.1835s/iter; left time: 1552.6748s
Epoch: 4 cost time: 98.74133372306824
Epoch: 4, Steps: 527 | Train Loss: 0.4929353 Vali Loss: 1.0209012 Test Loss: 0.5231346
Validation loss decreased (1.032672 --> 1.020901).  Saving model ...
Updating learning rate to 6.25e-06
	iters: 100, epoch: 5 | loss: 0.5045590
	speed: 0.4249s/iter; left time: 3540.3892s
	iters: 200, epoch: 5 | loss: 0.4755138
	speed: 0.1842s/iter; left time: 1516.6710s
	iters: 300, epoch: 5 | loss: 0.4671289
	speed: 0.1860s/iter; left time: 1512.4960s
	iters: 400, epoch: 5 | loss: 0.4566162
	speed: 0.1838s/iter; left time: 1476.8668s
	iters: 500, epoch: 5 | loss: 0.4734174
	speed: 0.1830s/iter; left time: 1452.0662s
Epoch: 5 cost time: 97.21959781646729
Epoch: 5, Steps: 527 | Train Loss: 0.4873746 Vali Loss: 1.0151033 Test Loss: 0.5186286
Validation loss decreased (1.020901 --> 1.015103).  Saving model ...
Updating learning rate to 3.125e-06
	iters: 100, epoch: 6 | loss: 0.4629461
	speed: 0.4229s/iter; left time: 3300.8142s
	iters: 200, epoch: 6 | loss: 0.4546121
	speed: 0.1837s/iter; left time: 1415.3401s
	iters: 300, epoch: 6 | loss: 0.5155265
	speed: 0.1851s/iter; left time: 1407.5812s
	iters: 400, epoch: 6 | loss: 0.4393824
	speed: 0.1834s/iter; left time: 1376.5166s
	iters: 500, epoch: 6 | loss: 0.4862739
	speed: 0.1839s/iter; left time: 1361.7080s
Epoch: 6 cost time: 96.77927684783936
Epoch: 6, Steps: 527 | Train Loss: 0.4848566 Vali Loss: 1.0129789 Test Loss: 0.5163267
Validation loss decreased (1.015103 --> 1.012979).  Saving model ...
Updating learning rate to 1.5625e-06
	iters: 100, epoch: 7 | loss: 0.4632677
	speed: 0.4220s/iter; left time: 3071.5310s
	iters: 200, epoch: 7 | loss: 0.4685209
	speed: 0.1836s/iter; left time: 1318.4181s
	iters: 300, epoch: 7 | loss: 0.4664851
	speed: 0.1819s/iter; left time: 1287.6757s
	iters: 400, epoch: 7 | loss: 0.4797883
	speed: 0.1855s/iter; left time: 1294.5046s
	iters: 500, epoch: 7 | loss: 0.4969376
	speed: 0.1862s/iter; left time: 1281.1599s
Epoch: 7 cost time: 96.91284418106079
Epoch: 7, Steps: 527 | Train Loss: 0.4837342 Vali Loss: 1.0122341 Test Loss: 0.5154226
Validation loss decreased (1.012979 --> 1.012234).  Saving model ...
Updating learning rate to 7.8125e-07
	iters: 100, epoch: 8 | loss: 0.5641434
	speed: 0.4216s/iter; left time: 2846.3151s
	iters: 200, epoch: 8 | loss: 0.4812634
	speed: 0.1845s/iter; left time: 1227.3863s
	iters: 300, epoch: 8 | loss: 0.5073110
	speed: 0.1836s/iter; left time: 1202.6788s
	iters: 400, epoch: 8 | loss: 0.4637093
	speed: 0.1828s/iter; left time: 1179.7303s
	iters: 500, epoch: 8 | loss: 0.4668377
	speed: 0.1826s/iter; left time: 1159.6242s
Epoch: 8 cost time: 96.62197804450989
Epoch: 8, Steps: 527 | Train Loss: 0.4829967 Vali Loss: 1.0111258 Test Loss: 0.5149078
Validation loss decreased (1.012234 --> 1.011126).  Saving model ...
Updating learning rate to 3.90625e-07
	iters: 100, epoch: 9 | loss: 0.5155559
	speed: 0.4217s/iter; left time: 2625.1974s
	iters: 200, epoch: 9 | loss: 0.4672017
	speed: 0.1806s/iter; left time: 1106.1929s
	iters: 300, epoch: 9 | loss: 0.4355246
	speed: 0.1853s/iter; left time: 1116.6111s
	iters: 400, epoch: 9 | loss: 0.4462811
	speed: 0.1822s/iter; left time: 1079.3462s
	iters: 500, epoch: 9 | loss: 0.4293383
	speed: 0.1845s/iter; left time: 1074.8415s
Epoch: 9 cost time: 96.52037501335144
Epoch: 9, Steps: 527 | Train Loss: 0.4826856 Vali Loss: 1.0100518 Test Loss: 0.5146582
Validation loss decreased (1.011126 --> 1.010052).  Saving model ...
Updating learning rate to 1.953125e-07
	iters: 100, epoch: 10 | loss: 0.4712070
	speed: 0.4213s/iter; left time: 2400.7693s
	iters: 200, epoch: 10 | loss: 0.4745235
	speed: 0.1823s/iter; left time: 1020.4540s
	iters: 300, epoch: 10 | loss: 0.5114408
	speed: 0.1825s/iter; left time: 1003.5254s
	iters: 400, epoch: 10 | loss: 0.5083203
	speed: 0.1856s/iter; left time: 1001.8859s
	iters: 500, epoch: 10 | loss: 0.4611777
	speed: 0.1830s/iter; left time: 969.6531s
Epoch: 10 cost time: 96.56530594825745
Epoch: 10, Steps: 527 | Train Loss: 0.4825242 Vali Loss: 1.0110297 Test Loss: 0.5145187
EarlyStopping counter: 1 out of 10
Updating learning rate to 9.765625e-08
	iters: 100, epoch: 11 | loss: 0.4355150
	speed: 0.4342s/iter; left time: 2245.0437s
	iters: 200, epoch: 11 | loss: 0.4852758
	speed: 0.1881s/iter; left time: 954.0461s
	iters: 300, epoch: 11 | loss: 0.4472801
	speed: 0.1883s/iter; left time: 935.7948s
	iters: 400, epoch: 11 | loss: 0.4224812
	speed: 0.1858s/iter; left time: 904.7950s
	iters: 500, epoch: 11 | loss: 0.5050578
	speed: 0.1858s/iter; left time: 886.2279s
Epoch: 11 cost time: 98.8881254196167
Epoch: 11, Steps: 527 | Train Loss: 0.4824962 Vali Loss: 1.0112070 Test Loss: 0.5144516
EarlyStopping counter: 2 out of 10
Updating learning rate to 4.8828125e-08
	iters: 100, epoch: 12 | loss: 0.5081696
	speed: 0.4210s/iter; left time: 1955.3127s
	iters: 200, epoch: 12 | loss: 0.4908233
	speed: 0.1847s/iter; left time: 839.1672s
	iters: 300, epoch: 12 | loss: 0.4681763
	speed: 0.1831s/iter; left time: 813.8958s
	iters: 400, epoch: 12 | loss: 0.5001584
	speed: 0.1830s/iter; left time: 794.9640s
	iters: 500, epoch: 12 | loss: 0.5326351
	speed: 0.1832s/iter; left time: 777.5147s
Epoch: 12 cost time: 96.84575128555298
Epoch: 12, Steps: 527 | Train Loss: 0.4824574 Vali Loss: 1.0123617 Test Loss: 0.5144173
EarlyStopping counter: 3 out of 10
Updating learning rate to 2.44140625e-08
	iters: 100, epoch: 13 | loss: 0.4756289
	speed: 0.4199s/iter; left time: 1728.9337s
	iters: 200, epoch: 13 | loss: 0.5096443
	speed: 0.1836s/iter; left time: 737.6430s
	iters: 300, epoch: 13 | loss: 0.4889337
	speed: 0.1873s/iter; left time: 733.5105s
	iters: 400, epoch: 13 | loss: 0.4927873
	speed: 0.1803s/iter; left time: 688.1308s
	iters: 500, epoch: 13 | loss: 0.4807989
	speed: 0.1843s/iter; left time: 685.1064s
Epoch: 13 cost time: 96.61907172203064
Epoch: 13, Steps: 527 | Train Loss: 0.4824622 Vali Loss: 1.0113859 Test Loss: 0.5144018
EarlyStopping counter: 4 out of 10
Updating learning rate to 1.220703125e-08
	iters: 100, epoch: 14 | loss: 0.5085691
	speed: 0.4208s/iter; left time: 1510.7353s
	iters: 200, epoch: 14 | loss: 0.5094031
	speed: 0.1813s/iter; left time: 632.8384s
	iters: 300, epoch: 14 | loss: 0.4520769
	speed: 0.1820s/iter; left time: 617.0167s
	iters: 400, epoch: 14 | loss: 0.4449958
	speed: 0.1854s/iter; left time: 610.0572s
	iters: 500, epoch: 14 | loss: 0.4529131
	speed: 0.1857s/iter; left time: 592.3275s
Epoch: 14 cost time: 96.83521056175232
Epoch: 14, Steps: 527 | Train Loss: 0.4824018 Vali Loss: 1.0106076 Test Loss: 0.5143941
EarlyStopping counter: 5 out of 10
Updating learning rate to 6.103515625e-09
	iters: 100, epoch: 15 | loss: 0.4876180
	speed: 0.4272s/iter; left time: 1308.5806s
	iters: 200, epoch: 15 | loss: 0.4974530
	speed: 0.1829s/iter; left time: 541.8897s
	iters: 300, epoch: 15 | loss: 0.4593662
	speed: 0.1828s/iter; left time: 523.4902s
	iters: 400, epoch: 15 | loss: 0.5110608
	speed: 0.1847s/iter; left time: 510.3644s
	iters: 500, epoch: 15 | loss: 0.4206981
	speed: 0.1857s/iter; left time: 494.6448s
Epoch: 15 cost time: 97.27137875556946
Epoch: 15, Steps: 527 | Train Loss: 0.4824077 Vali Loss: 1.0104553 Test Loss: 0.5143907
EarlyStopping counter: 6 out of 10
Updating learning rate to 3.0517578125e-09
	iters: 100, epoch: 16 | loss: 0.4844953
	speed: 0.4216s/iter; left time: 1069.2904s
	iters: 200, epoch: 16 | loss: 0.4591565
	speed: 0.1866s/iter; left time: 454.6604s
	iters: 300, epoch: 16 | loss: 0.5632350
	speed: 0.1846s/iter; left time: 431.1236s
	iters: 400, epoch: 16 | loss: 0.4800155
	speed: 0.1843s/iter; left time: 412.1881s
	iters: 500, epoch: 16 | loss: 0.5614910
	speed: 0.1844s/iter; left time: 393.9014s
Epoch: 16 cost time: 97.34038662910461
Epoch: 16, Steps: 527 | Train Loss: 0.4823607 Vali Loss: 1.0109037 Test Loss: 0.5143898
EarlyStopping counter: 7 out of 10
Updating learning rate to 1.52587890625e-09
	iters: 100, epoch: 17 | loss: 0.4690138
	speed: 0.4203s/iter; left time: 844.3926s
	iters: 200, epoch: 17 | loss: 0.5368629
	speed: 0.1831s/iter; left time: 349.5379s
	iters: 300, epoch: 17 | loss: 0.4267889
	speed: 0.1856s/iter; left time: 335.7882s
	iters: 400, epoch: 17 | loss: 0.4941008
	speed: 0.1853s/iter; left time: 316.6933s
	iters: 500, epoch: 17 | loss: 0.4575627
	speed: 0.1892s/iter; left time: 304.3593s
Epoch: 17 cost time: 97.55857062339783
Epoch: 17, Steps: 527 | Train Loss: 0.4824671 Vali Loss: 1.0109247 Test Loss: 0.5143897
EarlyStopping counter: 8 out of 10
Updating learning rate to 7.62939453125e-10
	iters: 100, epoch: 18 | loss: 0.4572971
	speed: 0.4295s/iter; left time: 636.5836s
	iters: 200, epoch: 18 | loss: 0.4539862
	speed: 0.1835s/iter; left time: 253.5811s
	iters: 300, epoch: 18 | loss: 0.4616548
	speed: 0.1825s/iter; left time: 233.9617s
	iters: 400, epoch: 18 | loss: 0.5171719
	speed: 0.1883s/iter; left time: 222.5812s
	iters: 500, epoch: 18 | loss: 0.4785350
	speed: 0.1823s/iter; left time: 197.2332s
Epoch: 18 cost time: 97.03616666793823
Epoch: 18, Steps: 527 | Train Loss: 0.4824333 Vali Loss: 1.0110055 Test Loss: 0.5143896
EarlyStopping counter: 9 out of 10
Updating learning rate to 3.814697265625e-10
	iters: 100, epoch: 19 | loss: 0.4739499
	speed: 0.4216s/iter; left time: 402.6306s
	iters: 200, epoch: 19 | loss: 0.5033507
	speed: 0.1822s/iter; left time: 155.7652s
	iters: 300, epoch: 19 | loss: 0.4543042
	speed: 0.1823s/iter; left time: 137.6374s
	iters: 400, epoch: 19 | loss: 0.4219768
	speed: 0.1827s/iter; left time: 119.6614s
	iters: 500, epoch: 19 | loss: 0.5207568
	speed: 0.1835s/iter; left time: 101.8412s
Epoch: 19 cost time: 96.28933715820312
Epoch: 19, Steps: 527 | Train Loss: 0.4824454 Vali Loss: 1.0098997 Test Loss: 0.5143896
Validation loss decreased (1.010052 --> 1.009900).  Saving model ...
Updating learning rate to 1.9073486328125e-10
	iters: 100, epoch: 20 | loss: 0.4995644
	speed: 0.4192s/iter; left time: 179.4265s
	iters: 200, epoch: 20 | loss: 0.5321511
	speed: 0.1857s/iter; left time: 60.9188s
	iters: 300, epoch: 20 | loss: 0.4307112
	speed: 0.1842s/iter; left time: 41.9970s
	iters: 400, epoch: 20 | loss: 0.4800541
	speed: 0.1848s/iter; left time: 23.6574s
	iters: 500, epoch: 20 | loss: 0.5428523
	speed: 0.1856s/iter; left time: 5.1958s
Epoch: 20 cost time: 97.35340571403503
Epoch: 20, Steps: 527 | Train Loss: 0.4824878 Vali Loss: 1.0105812 Test Loss: 0.5143896
EarlyStopping counter: 1 out of 10
Updating learning rate to 9.5367431640625e-11
>>>>>>>testing : long_term_forecast_PP_ETTm1_96_720_none_TimeMixerPP_ETTm1_sl96_pl720_dm32_nh4_el2_dl1_df64_fc1_ebtimeF_dtTrue_Exp_0<<<<<<<<<<<<<<<<<<<<<<<<<<<<<<<<<
test 10801
mse:0.5143901109695435, mae:0.4767480194568634
