Args in experiment:
Namespace(activation='gelu', anomaly_ratio=0.25, batch_size=64, c_out=7, channel_independence=1, checkpoints='./checkpoints/', comment='none', d_ff=64, d_layers=1, d_model=32, data='ETTm2', data_path='ETTm2.csv', dec_in=7, decomp_method='moving_avg', des='Exp', devices='0,1', distil=True, down_sampling_layers=3, down_sampling_method='avg', down_sampling_window=2, drop_last=True, dropout=0.1, e_layers=2, embed='timeF', enc_in=7, factor=1, features='M', freq='h', gpu=0, inverse=False, is_training=1, itr=1, label_len=0, learning_rate=5e-05, loss='MSE', lradj='type1', mask_rate=0.125, model='TimeMixerPP', model_id='PP_ETTm2_96_336', moving_avg=25, n_heads=4, num_kernels=6, num_workers=0, output_attention=False, p_hidden_dims=[128, 128], p_hidden_layers=2, patience=10, pct_start=0.2, pred_len=336, root_path='C:\\Users\\bbbal\\OneDrive\\Masaüstü\\timemixer\\dataset\\ETT-small', seasonal_patterns='Monthly', seq_len=96, target='OT', task_name='long_term_forecast', top_k=3, train_epochs=20, use_amp=False, use_future_temporal_feature=0, use_gpu=True, use_multi_gpu=False, use_norm=1)
Use GPU: cuda:0
>>>>>>>start training : long_term_forecast_PP_ETTm2_96_336_none_TimeMixerPP_ETTm2_sl96_pl336_dm32_nh4_el2_dl1_df64_fc1_ebtimeF_dtTrue_Exp_0>>>>>>>>>>>>>>>>>>>>>>>>>>
train 34129
val 11185
test 11185
	iters: 100, epoch: 1 | loss: 0.6048889
	speed: 0.2038s/iter; left time: 2151.8993s
	iters: 200, epoch: 1 | loss: 0.6908296
	speed: 0.1816s/iter; left time: 1900.2011s
	iters: 300, epoch: 1 | loss: 0.3709479
	speed: 0.1828s/iter; left time: 1894.1035s
	iters: 400, epoch: 1 | loss: 0.7385202
	speed: 0.1807s/iter; left time: 1853.8618s
	iters: 500, epoch: 1 | loss: 0.6705960
	speed: 0.1812s/iter; left time: 1841.5132s
Epoch: 1 cost time: 99.03772354125977
Epoch: 1, Steps: 533 | Train Loss: 0.5843080 Vali Loss: 0.2995868 Test Loss: 0.4258559
Validation loss decreased (inf --> 0.299587).  Saving model ...
Updating learning rate to 5e-05
	iters: 100, epoch: 2 | loss: 0.6353912
	speed: 0.4275s/iter; left time: 4287.0730s
	iters: 200, epoch: 2 | loss: 0.2874492
	speed: 0.1843s/iter; left time: 1829.5771s
	iters: 300, epoch: 2 | loss: 0.4347394
	speed: 0.1818s/iter; left time: 1786.3036s
	iters: 400, epoch: 2 | loss: 0.4827846
	speed: 0.1837s/iter; left time: 1787.3349s
	iters: 500, epoch: 2 | loss: 0.6379853
	speed: 0.1830s/iter; left time: 1762.2856s
Epoch: 2 cost time: 97.12867403030396
Epoch: 2, Steps: 533 | Train Loss: 0.5185212 Vali Loss: 0.2459157 Test Loss: 0.3454432
Validation loss decreased (0.299587 --> 0.245916).  Saving model ...
Updating learning rate to 2.5e-05
	iters: 100, epoch: 3 | loss: 0.3267064
	speed: 0.4286s/iter; left time: 4069.8280s
	iters: 200, epoch: 3 | loss: 0.5424315
	speed: 0.1815s/iter; left time: 1705.2509s
	iters: 300, epoch: 3 | loss: 0.4596890
	speed: 0.1850s/iter; left time: 1719.5416s
	iters: 400, epoch: 3 | loss: 1.0827316
	speed: 0.1798s/iter; left time: 1652.9106s
	iters: 500, epoch: 3 | loss: 0.3064975
	speed: 0.1842s/iter; left time: 1675.7354s
Epoch: 3 cost time: 97.04077291488647
Epoch: 3, Steps: 533 | Train Loss: 0.4650581 Vali Loss: 0.2430013 Test Loss: 0.3413787
Validation loss decreased (0.245916 --> 0.243001).  Saving model ...
Updating learning rate to 1.25e-05
	iters: 100, epoch: 4 | loss: 0.3911498
	speed: 0.4298s/iter; left time: 3851.5029s
	iters: 200, epoch: 4 | loss: 0.4662057
	speed: 0.1841s/iter; left time: 1631.2106s
	iters: 300, epoch: 4 | loss: 0.4764688
	speed: 0.1832s/iter; left time: 1605.2655s
	iters: 400, epoch: 4 | loss: 0.3577887
	speed: 0.1826s/iter; left time: 1581.4867s
	iters: 500, epoch: 4 | loss: 0.3910784
	speed: 0.1827s/iter; left time: 1564.0853s
Epoch: 4 cost time: 97.64769530296326
Epoch: 4, Steps: 533 | Train Loss: 0.4441567 Vali Loss: 0.2423933 Test Loss: 0.3419356
Validation loss decreased (0.243001 --> 0.242393).  Saving model ...
Updating learning rate to 6.25e-06
	iters: 100, epoch: 5 | loss: 0.6234553
	speed: 0.4312s/iter; left time: 3634.3900s
	iters: 200, epoch: 5 | loss: 0.5194716
	speed: 0.1808s/iter; left time: 1505.8169s
	iters: 300, epoch: 5 | loss: 0.4234537
	speed: 0.1822s/iter; left time: 1499.4116s
	iters: 400, epoch: 5 | loss: 0.4630597
	speed: 0.1800s/iter; left time: 1463.1547s
	iters: 500, epoch: 5 | loss: 0.2670570
	speed: 0.1820s/iter; left time: 1461.2261s
Epoch: 5 cost time: 96.66587805747986
Epoch: 5, Steps: 533 | Train Loss: 0.4311038 Vali Loss: 0.2429713 Test Loss: 0.3436352
EarlyStopping counter: 1 out of 10
Updating learning rate to 3.125e-06
	iters: 100, epoch: 6 | loss: 0.2337057
	speed: 0.4281s/iter; left time: 3380.1301s
	iters: 200, epoch: 6 | loss: 0.3523767
	speed: 0.1812s/iter; left time: 1412.7555s
	iters: 300, epoch: 6 | loss: 0.5681251
	speed: 0.1826s/iter; left time: 1404.9432s
	iters: 400, epoch: 6 | loss: 0.5946450
	speed: 0.1822s/iter; left time: 1383.7530s
	iters: 500, epoch: 6 | loss: 0.3403039
	speed: 0.1861s/iter; left time: 1395.1899s
Epoch: 6 cost time: 97.10257053375244
Epoch: 6, Steps: 533 | Train Loss: 0.4249776 Vali Loss: 0.2421599 Test Loss: 0.3435959
Validation loss decreased (0.242393 --> 0.242160).  Saving model ...
Updating learning rate to 1.5625e-06
	iters: 100, epoch: 7 | loss: 0.3792693
	speed: 0.4301s/iter; left time: 3166.7332s
	iters: 200, epoch: 7 | loss: 0.3387205
	speed: 0.1801s/iter; left time: 1308.4277s
	iters: 300, epoch: 7 | loss: 0.3283244
	speed: 0.1831s/iter; left time: 1311.4875s
	iters: 400, epoch: 7 | loss: 0.4587230
	speed: 0.1821s/iter; left time: 1286.4665s
	iters: 500, epoch: 7 | loss: 0.4382979
	speed: 0.1825s/iter; left time: 1271.0025s
Epoch: 7 cost time: 97.07052278518677
Epoch: 7, Steps: 533 | Train Loss: 0.4223173 Vali Loss: 0.2423756 Test Loss: 0.3440189
EarlyStopping counter: 1 out of 10
Updating learning rate to 7.8125e-07
	iters: 100, epoch: 8 | loss: 0.4493812
	speed: 0.4349s/iter; left time: 2970.5081s
	iters: 200, epoch: 8 | loss: 0.3729393
	speed: 0.1812s/iter; left time: 1219.5760s
	iters: 300, epoch: 8 | loss: 0.3706561
	speed: 0.1835s/iter; left time: 1216.3109s
	iters: 400, epoch: 8 | loss: 0.4840505
	speed: 0.1838s/iter; left time: 1200.0871s
	iters: 500, epoch: 8 | loss: 0.3962681
	speed: 0.1804s/iter; left time: 1160.2888s
Epoch: 8 cost time: 97.26595139503479
Epoch: 8, Steps: 533 | Train Loss: 0.4206108 Vali Loss: 0.2419288 Test Loss: 0.3439512
Validation loss decreased (0.242160 --> 0.241929).  Saving model ...
Updating learning rate to 3.90625e-07
	iters: 100, epoch: 9 | loss: 0.2854486
	speed: 0.4331s/iter; left time: 2727.2145s
	iters: 200, epoch: 9 | loss: 0.4208225
	speed: 0.1845s/iter; left time: 1143.3464s
	iters: 300, epoch: 9 | loss: 0.3281987
	speed: 0.1831s/iter; left time: 1116.6417s
	iters: 400, epoch: 9 | loss: 0.4686230
	speed: 0.1808s/iter; left time: 1084.5242s
	iters: 500, epoch: 9 | loss: 0.3865810
	speed: 0.1834s/iter; left time: 1081.3236s
Epoch: 9 cost time: 97.48028254508972
Epoch: 9, Steps: 533 | Train Loss: 0.4202089 Vali Loss: 0.2419921 Test Loss: 0.3440139
EarlyStopping counter: 1 out of 10
Updating learning rate to 1.953125e-07
	iters: 100, epoch: 10 | loss: 0.5159037
	speed: 0.4298s/iter; left time: 2477.1277s
	iters: 200, epoch: 10 | loss: 0.4341530
	speed: 0.1846s/iter; left time: 1045.3805s
	iters: 300, epoch: 10 | loss: 0.3496663
	speed: 0.1810s/iter; left time: 1007.0569s
	iters: 400, epoch: 10 | loss: 0.3980356
	speed: 0.1844s/iter; left time: 1007.4732s
	iters: 500, epoch: 10 | loss: 0.3054365
	speed: 0.1846s/iter; left time: 990.1162s
Epoch: 10 cost time: 97.68704175949097
Epoch: 10, Steps: 533 | Train Loss: 0.4198597 Vali Loss: 0.2419301 Test Loss: 0.3440099
EarlyStopping counter: 2 out of 10
Updating learning rate to 9.765625e-08
	iters: 100, epoch: 11 | loss: 0.5562860
	speed: 0.4314s/iter; left time: 2256.6924s
	iters: 200, epoch: 11 | loss: 0.4592878
	speed: 0.1809s/iter; left time: 928.3599s
	iters: 300, epoch: 11 | loss: 0.3865258
	speed: 0.1845s/iter; left time: 928.0733s
	iters: 400, epoch: 11 | loss: 0.5068501
	speed: 0.1819s/iter; left time: 896.8225s
	iters: 500, epoch: 11 | loss: 0.2108327
	speed: 0.1813s/iter; left time: 875.7128s
Epoch: 11 cost time: 97.13080167770386
Epoch: 11, Steps: 533 | Train Loss: 0.4196763 Vali Loss: 0.2420634 Test Loss: 0.3440304
EarlyStopping counter: 3 out of 10
Updating learning rate to 4.8828125e-08
	iters: 100, epoch: 12 | loss: 0.4314336
	speed: 0.4279s/iter; left time: 2010.2161s
	iters: 200, epoch: 12 | loss: 0.3944516
	speed: 0.1843s/iter; left time: 847.5944s
	iters: 300, epoch: 12 | loss: 0.4253690
	speed: 0.1837s/iter; left time: 826.1620s
	iters: 400, epoch: 12 | loss: 0.3671291
	speed: 0.1863s/iter; left time: 819.1527s
	iters: 500, epoch: 12 | loss: 0.4283147
	speed: 0.1827s/iter; left time: 785.4476s
Epoch: 12 cost time: 97.56590294837952
Epoch: 12, Steps: 533 | Train Loss: 0.4194049 Vali Loss: 0.2418096 Test Loss: 0.3440205
Validation loss decreased (0.241929 --> 0.241810).  Saving model ...
Updating learning rate to 2.44140625e-08
	iters: 100, epoch: 13 | loss: 0.4231451
	speed: 0.4284s/iter; left time: 1784.4571s
	iters: 200, epoch: 13 | loss: 0.4205466
	speed: 0.1815s/iter; left time: 737.6758s
	iters: 300, epoch: 13 | loss: 0.3990935
	speed: 0.1832s/iter; left time: 726.2739s
	iters: 400, epoch: 13 | loss: 0.5192864
	speed: 0.1849s/iter; left time: 714.4818s
	iters: 500, epoch: 13 | loss: 0.3940058
	speed: 0.1841s/iter; left time: 693.1943s
Epoch: 13 cost time: 97.61057639122009
Epoch: 13, Steps: 533 | Train Loss: 0.4195324 Vali Loss: 0.2418675 Test Loss: 0.3440254
EarlyStopping counter: 1 out of 10
Updating learning rate to 1.220703125e-08
	iters: 100, epoch: 14 | loss: 0.3233985
	speed: 0.4338s/iter; left time: 1575.6799s
	iters: 200, epoch: 14 | loss: 0.3974349
	speed: 0.1857s/iter; left time: 655.9427s
	iters: 300, epoch: 14 | loss: 0.4303232
	speed: 0.1801s/iter; left time: 618.0596s
	iters: 400, epoch: 14 | loss: 0.3906087
	speed: 0.1847s/iter; left time: 615.5001s
	iters: 500, epoch: 14 | loss: 0.4224186
	speed: 0.1821s/iter; left time: 588.4785s
Epoch: 14 cost time: 97.5733232498169
Epoch: 14, Steps: 533 | Train Loss: 0.4195573 Vali Loss: 0.2420283 Test Loss: 0.3440240
EarlyStopping counter: 2 out of 10
Updating learning rate to 6.103515625e-09
	iters: 100, epoch: 15 | loss: 0.4525880
	speed: 0.4303s/iter; left time: 1333.5889s
	iters: 200, epoch: 15 | loss: 0.5845515
	speed: 0.1808s/iter; left time: 542.3253s
	iters: 300, epoch: 15 | loss: 0.4054074
	speed: 0.1843s/iter; left time: 534.2955s
	iters: 400, epoch: 15 | loss: 0.3740492
	speed: 0.1805s/iter; left time: 505.0932s
	iters: 500, epoch: 15 | loss: 0.4391941
	speed: 0.1808s/iter; left time: 488.0187s
Epoch: 15 cost time: 96.56909990310669
Epoch: 15, Steps: 533 | Train Loss: 0.4196065 Vali Loss: 0.2418499 Test Loss: 0.3440241
EarlyStopping counter: 3 out of 10
Updating learning rate to 3.0517578125e-09
	iters: 100, epoch: 16 | loss: 0.6394899
	speed: 0.4316s/iter; left time: 1107.4512s
	iters: 200, epoch: 16 | loss: 0.5308141
	speed: 0.1824s/iter; left time: 449.7694s
	iters: 300, epoch: 16 | loss: 0.3570418
	speed: 0.1834s/iter; left time: 433.9408s
	iters: 400, epoch: 16 | loss: 0.6339590
	speed: 0.1836s/iter; left time: 416.0894s
	iters: 500, epoch: 16 | loss: 0.3586497
	speed: 0.1797s/iter; left time: 389.1821s
Epoch: 16 cost time: 97.33374977111816
Epoch: 16, Steps: 533 | Train Loss: 0.4192706 Vali Loss: 0.2418337 Test Loss: 0.3440241
EarlyStopping counter: 4 out of 10
Updating learning rate to 1.52587890625e-09
	iters: 100, epoch: 17 | loss: 0.7190816
	speed: 0.4282s/iter; left time: 870.4373s
	iters: 200, epoch: 17 | loss: 0.3868791
	speed: 0.1832s/iter; left time: 354.0856s
	iters: 300, epoch: 17 | loss: 0.6548882
	speed: 0.1821s/iter; left time: 333.7194s
	iters: 400, epoch: 17 | loss: 0.3060496
	speed: 0.1807s/iter; left time: 313.1432s
	iters: 500, epoch: 17 | loss: 0.3964861
	speed: 0.1835s/iter; left time: 299.6938s
Epoch: 17 cost time: 97.19994592666626
Epoch: 17, Steps: 533 | Train Loss: 0.4195370 Vali Loss: 0.2419873 Test Loss: 0.3440242
EarlyStopping counter: 5 out of 10
Updating learning rate to 7.62939453125e-10
	iters: 100, epoch: 18 | loss: 0.3928620
	speed: 0.4305s/iter; left time: 645.8053s
	iters: 200, epoch: 18 | loss: 0.3891200
	speed: 0.1831s/iter; left time: 256.3163s
	iters: 300, epoch: 18 | loss: 0.5908660
	speed: 0.1814s/iter; left time: 235.8336s
	iters: 400, epoch: 18 | loss: 0.2471111
	speed: 0.1805s/iter; left time: 216.6102s
	iters: 500, epoch: 18 | loss: 0.3675336
	speed: 0.1815s/iter; left time: 199.6589s
Epoch: 18 cost time: 96.92452359199524
Epoch: 18, Steps: 533 | Train Loss: 0.4195551 Vali Loss: 0.2418139 Test Loss: 0.3440241
EarlyStopping counter: 6 out of 10
Updating learning rate to 3.814697265625e-10
	iters: 100, epoch: 19 | loss: 0.4327817
	speed: 0.4292s/iter; left time: 415.0348s
	iters: 200, epoch: 19 | loss: 0.3473270
	speed: 0.1818s/iter; left time: 157.5909s
	iters: 300, epoch: 19 | loss: 0.4610725
	speed: 0.1816s/iter; left time: 139.2951s
	iters: 400, epoch: 19 | loss: 0.3706579
	speed: 0.1808s/iter; left time: 120.5791s
	iters: 500, epoch: 19 | loss: 0.4269649
	speed: 0.1817s/iter; left time: 103.0218s
Epoch: 19 cost time: 96.75943350791931
Epoch: 19, Steps: 533 | Train Loss: 0.4197521 Vali Loss: 0.2418630 Test Loss: 0.3440241
EarlyStopping counter: 7 out of 10
Updating learning rate to 1.9073486328125e-10
	iters: 100, epoch: 20 | loss: 0.3754143
	speed: 0.4262s/iter; left time: 184.9561s
	iters: 200, epoch: 20 | loss: 0.8553951
	speed: 0.1814s/iter; left time: 60.5811s
	iters: 300, epoch: 20 | loss: 0.6607077
	speed: 0.1814s/iter; left time: 42.4465s
	iters: 400, epoch: 20 | loss: 0.5205440
	speed: 0.1814s/iter; left time: 24.3053s
	iters: 500, epoch: 20 | loss: 0.4842503
	speed: 0.1822s/iter; left time: 6.1951s
Epoch: 20 cost time: 96.50106549263
Epoch: 20, Steps: 533 | Train Loss: 0.4195822 Vali Loss: 0.2418757 Test Loss: 0.3440242
EarlyStopping counter: 8 out of 10
Updating learning rate to 9.5367431640625e-11
>>>>>>>testing : long_term_forecast_PP_ETTm2_96_336_none_TimeMixerPP_ETTm2_sl96_pl336_dm32_nh4_el2_dl1_df64_fc1_ebtimeF_dtTrue_Exp_0<<<<<<<<<<<<<<<<<<<<<<<<<<<<<<<<<
test 11185
mse:0.34402045607566833, mae:0.37449145317077637
