Args in experiment:
Namespace(activation='gelu', anomaly_ratio=0.25, batch_size=64, c_out=7, channel_independence=1, checkpoints='./checkpoints/', comment='none', d_ff=64, d_layers=1, d_model=32, data='ETTm1', data_path='ETTm1.csv', dec_in=7, decomp_method='moving_avg', des='Exp', devices='0,1', distil=True, down_sampling_layers=3, down_sampling_method='avg', down_sampling_window=2, drop_last=True, dropout=0.1, e_layers=2, embed='timeF', enc_in=7, factor=1, features='M', freq='h', gpu=0, inverse=False, is_training=1, itr=1, label_len=0, learning_rate=5e-05, loss='MSE', lradj='type1', mask_rate=0.125, model='TimeMixerPP', model_id='PP_ETTm1_96_336', moving_avg=25, n_heads=4, num_kernels=6, num_workers=0, output_attention=False, p_hidden_dims=[128, 128], p_hidden_layers=2, patience=10, pct_start=0.2, pred_len=336, root_path='C:\\Users\\bbbal\\OneDrive\\Masaüstü\\timemixer\\dataset\\ETT-small', seasonal_patterns='Monthly', seq_len=96, target='OT', task_name='long_term_forecast', top_k=3, train_epochs=20, use_amp=False, use_future_temporal_feature=0, use_gpu=True, use_multi_gpu=False, use_norm=1)
Use GPU: cuda:0
>>>>>>>start training : long_term_forecast_PP_ETTm1_96_336_none_TimeMixerPP_ETTm1_sl96_pl336_dm32_nh4_el2_dl1_df64_fc1_ebtimeF_dtTrue_Exp_0>>>>>>>>>>>>>>>>>>>>>>>>>>
train 34129
val 11185
test 11185
	iters: 100, epoch: 1 | loss: 0.8566442
	speed: 0.2035s/iter; left time: 2149.4152s
	iters: 200, epoch: 1 | loss: 0.7475296
	speed: 0.1793s/iter; left time: 1875.5735s
	iters: 300, epoch: 1 | loss: 0.6819195
	speed: 0.1777s/iter; left time: 1840.9377s
	iters: 400, epoch: 1 | loss: 0.7370914
	speed: 0.1854s/iter; left time: 1901.9365s
	iters: 500, epoch: 1 | loss: 0.7408573
	speed: 0.1799s/iter; left time: 1827.7016s
Epoch: 1 cost time: 98.6296501159668
Epoch: 1, Steps: 533 | Train Loss: 0.7958906 Vali Loss: 1.3626578 Test Loss: 1.0928087
Validation loss decreased (inf --> 1.362658).  Saving model ...
Updating learning rate to 5e-05
	iters: 100, epoch: 2 | loss: 0.7301431
	speed: 0.4261s/iter; left time: 4272.5864s
	iters: 200, epoch: 2 | loss: 0.6278449
	speed: 0.1824s/iter; left time: 1810.5134s
	iters: 300, epoch: 2 | loss: 0.5458502
	speed: 0.1795s/iter; left time: 1764.4819s
	iters: 400, epoch: 2 | loss: 0.5055150
	speed: 0.1803s/iter; left time: 1753.9948s
	iters: 500, epoch: 2 | loss: 0.5028286
	speed: 0.1828s/iter; left time: 1759.6704s
Epoch: 2 cost time: 96.71666693687439
Epoch: 2, Steps: 533 | Train Loss: 0.5828289 Vali Loss: 0.7753999 Test Loss: 0.5470994
Validation loss decreased (1.362658 --> 0.775400).  Saving model ...
Updating learning rate to 2.5e-05
	iters: 100, epoch: 3 | loss: 0.3911405
	speed: 0.4238s/iter; left time: 4023.7996s
	iters: 200, epoch: 3 | loss: 0.4130977
	speed: 0.1815s/iter; left time: 1705.0840s
	iters: 300, epoch: 3 | loss: 0.4708289
	speed: 0.1783s/iter; left time: 1657.0518s
	iters: 400, epoch: 3 | loss: 0.4720312
	speed: 0.1803s/iter; left time: 1657.8177s
	iters: 500, epoch: 3 | loss: 0.4772238
	speed: 0.1804s/iter; left time: 1641.1531s
Epoch: 3 cost time: 96.12910628318787
Epoch: 3, Steps: 533 | Train Loss: 0.4508212 Vali Loss: 0.7369003 Test Loss: 0.5042080
Validation loss decreased (0.775400 --> 0.736900).  Saving model ...
Updating learning rate to 1.25e-05
	iters: 100, epoch: 4 | loss: 0.3785553
	speed: 0.4345s/iter; left time: 3894.3411s
	iters: 200, epoch: 4 | loss: 0.3634990
	speed: 0.1856s/iter; left time: 1645.0118s
	iters: 300, epoch: 4 | loss: 0.4123648
	speed: 0.1801s/iter; left time: 1578.0515s
	iters: 400, epoch: 4 | loss: 0.4014162
	speed: 0.1788s/iter; left time: 1548.4676s
	iters: 500, epoch: 4 | loss: 0.4021065
	speed: 0.1792s/iter; left time: 1534.0589s
Epoch: 4 cost time: 96.66658926010132
Epoch: 4, Steps: 533 | Train Loss: 0.4349015 Vali Loss: 0.7243663 Test Loss: 0.4879044
Validation loss decreased (0.736900 --> 0.724366).  Saving model ...
Updating learning rate to 6.25e-06
	iters: 100, epoch: 5 | loss: 0.4847030
	speed: 0.4259s/iter; left time: 3589.5983s
	iters: 200, epoch: 5 | loss: 0.4399092
	speed: 0.1807s/iter; left time: 1505.0694s
	iters: 300, epoch: 5 | loss: 0.3899118
	speed: 0.1800s/iter; left time: 1481.1617s
	iters: 400, epoch: 5 | loss: 0.3994046
	speed: 0.1843s/iter; left time: 1498.0350s
	iters: 500, epoch: 5 | loss: 0.4548075
	speed: 0.1797s/iter; left time: 1443.1168s
Epoch: 5 cost time: 96.43994402885437
Epoch: 5, Steps: 533 | Train Loss: 0.4281051 Vali Loss: 0.7181640 Test Loss: 0.4798437
Validation loss decreased (0.724366 --> 0.718164).  Saving model ...
Updating learning rate to 3.125e-06
	iters: 100, epoch: 6 | loss: 0.4904972
	speed: 0.4248s/iter; left time: 3354.4877s
	iters: 200, epoch: 6 | loss: 0.4550029
	speed: 0.1784s/iter; left time: 1390.8573s
	iters: 300, epoch: 6 | loss: 0.3636923
	speed: 0.1792s/iter; left time: 1378.8030s
	iters: 400, epoch: 6 | loss: 0.4609798
	speed: 0.1795s/iter; left time: 1363.6252s
	iters: 500, epoch: 6 | loss: 0.3841600
	speed: 0.1792s/iter; left time: 1343.1127s
Epoch: 6 cost time: 95.66518545150757
Epoch: 6, Steps: 533 | Train Loss: 0.4247341 Vali Loss: 0.7146275 Test Loss: 0.4755647
Validation loss decreased (0.718164 --> 0.714628).  Saving model ...
Updating learning rate to 1.5625e-06
	iters: 100, epoch: 7 | loss: 0.4075623
	speed: 0.4214s/iter; left time: 3102.5793s
	iters: 200, epoch: 7 | loss: 0.3984146
	speed: 0.1796s/iter; left time: 1304.1519s
	iters: 300, epoch: 7 | loss: 0.3864112
	speed: 0.1778s/iter; left time: 1273.7484s
	iters: 400, epoch: 7 | loss: 0.4138778
	speed: 0.1794s/iter; left time: 1267.3410s
	iters: 500, epoch: 7 | loss: 0.4227881
	speed: 0.1779s/iter; left time: 1238.9211s
Epoch: 7 cost time: 95.3394136428833
Epoch: 7, Steps: 533 | Train Loss: 0.4229759 Vali Loss: 0.7133385 Test Loss: 0.4733855
Validation loss decreased (0.714628 --> 0.713338).  Saving model ...
Updating learning rate to 7.8125e-07
	iters: 100, epoch: 8 | loss: 0.3977561
	speed: 0.4239s/iter; left time: 2895.3403s
	iters: 200, epoch: 8 | loss: 0.4454855
	speed: 0.1798s/iter; left time: 1210.0097s
	iters: 300, epoch: 8 | loss: 0.4587482
	speed: 0.1791s/iter; left time: 1187.4893s
	iters: 400, epoch: 8 | loss: 0.4614021
	speed: 0.1781s/iter; left time: 1162.9237s
	iters: 500, epoch: 8 | loss: 0.4271843
	speed: 0.1804s/iter; left time: 1159.9909s
Epoch: 8 cost time: 95.55339407920837
Epoch: 8, Steps: 533 | Train Loss: 0.4219805 Vali Loss: 0.7123572 Test Loss: 0.4723270
Validation loss decreased (0.713338 --> 0.712357).  Saving model ...
Updating learning rate to 3.90625e-07
	iters: 100, epoch: 9 | loss: 0.4549380
	speed: 0.4235s/iter; left time: 2666.5092s
	iters: 200, epoch: 9 | loss: 0.3944969
	speed: 0.1784s/iter; left time: 1105.5883s
	iters: 300, epoch: 9 | loss: 0.4192567
	speed: 0.1803s/iter; left time: 1099.2956s
	iters: 400, epoch: 9 | loss: 0.4194091
	speed: 0.1793s/iter; left time: 1075.1167s
	iters: 500, epoch: 9 | loss: 0.4087017
	speed: 0.1783s/iter; left time: 1051.5481s
Epoch: 9 cost time: 95.61690855026245
Epoch: 9, Steps: 533 | Train Loss: 0.4215653 Vali Loss: 0.7120343 Test Loss: 0.4717616
Validation loss decreased (0.712357 --> 0.712034).  Saving model ...
Updating learning rate to 1.953125e-07
	iters: 100, epoch: 10 | loss: 0.4168866
	speed: 0.4233s/iter; left time: 2440.0372s
	iters: 200, epoch: 10 | loss: 0.3962106
	speed: 0.1810s/iter; left time: 1025.0574s
	iters: 300, epoch: 10 | loss: 0.5141248
	speed: 0.1792s/iter; left time: 997.1648s
	iters: 400, epoch: 10 | loss: 0.4118734
	speed: 0.1771s/iter; left time: 967.6277s
	iters: 500, epoch: 10 | loss: 0.4324520
	speed: 0.1824s/iter; left time: 978.5412s
Epoch: 10 cost time: 95.73679494857788
Epoch: 10, Steps: 533 | Train Loss: 0.4213825 Vali Loss: 0.7121987 Test Loss: 0.4714848
EarlyStopping counter: 1 out of 10
Updating learning rate to 9.765625e-08
	iters: 100, epoch: 11 | loss: 0.3982536
	speed: 0.4394s/iter; left time: 2298.5353s
	iters: 200, epoch: 11 | loss: 0.4981995
	speed: 0.1808s/iter; left time: 927.9128s
	iters: 300, epoch: 11 | loss: 0.4154402
	speed: 0.1803s/iter; left time: 906.8823s
	iters: 400, epoch: 11 | loss: 0.4314681
	speed: 0.1789s/iter; left time: 882.2944s
	iters: 500, epoch: 11 | loss: 0.4704877
	speed: 0.1792s/iter; left time: 865.4794s
Epoch: 11 cost time: 96.63604068756104
Epoch: 11, Steps: 533 | Train Loss: 0.4211928 Vali Loss: 0.7119890 Test Loss: 0.4713404
Validation loss decreased (0.712034 --> 0.711989).  Saving model ...
Updating learning rate to 4.8828125e-08
	iters: 100, epoch: 12 | loss: 0.4183931
	speed: 0.4260s/iter; left time: 2001.2102s
	iters: 200, epoch: 12 | loss: 0.4469908
	speed: 0.1776s/iter; left time: 816.4725s
	iters: 300, epoch: 12 | loss: 0.4426713
	speed: 0.1785s/iter; left time: 803.0458s
	iters: 400, epoch: 12 | loss: 0.4729999
	speed: 0.1836s/iter; left time: 807.2868s
	iters: 500, epoch: 12 | loss: 0.4314141
	speed: 0.1784s/iter; left time: 766.6537s
Epoch: 12 cost time: 95.50917363166809
Epoch: 12, Steps: 533 | Train Loss: 0.4212021 Vali Loss: 0.7119773 Test Loss: 0.4712662
Validation loss decreased (0.711989 --> 0.711977).  Saving model ...
Updating learning rate to 2.44140625e-08
	iters: 100, epoch: 13 | loss: 0.3954038
	speed: 0.4229s/iter; left time: 1761.3469s
	iters: 200, epoch: 13 | loss: 0.3570535
	speed: 0.1768s/iter; left time: 718.8832s
	iters: 300, epoch: 13 | loss: 0.4708989
	speed: 0.1792s/iter; left time: 710.3829s
	iters: 400, epoch: 13 | loss: 0.4000778
	speed: 0.1816s/iter; left time: 701.8943s
	iters: 500, epoch: 13 | loss: 0.3535700
	speed: 0.1810s/iter; left time: 681.5075s
Epoch: 13 cost time: 95.50833415985107
Epoch: 13, Steps: 533 | Train Loss: 0.4212589 Vali Loss: 0.7120017 Test Loss: 0.4712320
EarlyStopping counter: 1 out of 10
Updating learning rate to 1.220703125e-08
	iters: 100, epoch: 14 | loss: 0.4011264
	speed: 0.4238s/iter; left time: 1539.1012s
	iters: 200, epoch: 14 | loss: 0.4043532
	speed: 0.1792s/iter; left time: 632.9018s
	iters: 300, epoch: 14 | loss: 0.4168318
	speed: 0.1781s/iter; left time: 611.1974s
	iters: 400, epoch: 14 | loss: 0.4510654
	speed: 0.1771s/iter; left time: 590.2562s
	iters: 500, epoch: 14 | loss: 0.4020184
	speed: 0.1825s/iter; left time: 589.8548s
Epoch: 14 cost time: 95.6098940372467
Epoch: 14, Steps: 533 | Train Loss: 0.4210846 Vali Loss: 0.7117589 Test Loss: 0.4712130
Validation loss decreased (0.711977 --> 0.711759).  Saving model ...
Updating learning rate to 6.103515625e-09
	iters: 100, epoch: 15 | loss: 0.3726963
	speed: 0.4275s/iter; left time: 1324.8108s
	iters: 200, epoch: 15 | loss: 0.3739522
	speed: 0.1804s/iter; left time: 540.9527s
	iters: 300, epoch: 15 | loss: 0.4029204
	speed: 0.1810s/iter; left time: 524.8460s
	iters: 400, epoch: 15 | loss: 0.3905396
	speed: 0.1788s/iter; left time: 500.5486s
	iters: 500, epoch: 15 | loss: 0.4380462
	speed: 0.1812s/iter; left time: 488.9394s
Epoch: 15 cost time: 96.07273578643799
Epoch: 15, Steps: 533 | Train Loss: 0.4211759 Vali Loss: 0.7117490 Test Loss: 0.4712064
Validation loss decreased (0.711759 --> 0.711749).  Saving model ...
Updating learning rate to 3.0517578125e-09
	iters: 100, epoch: 16 | loss: 0.4828869
	speed: 0.4229s/iter; left time: 1085.0483s
	iters: 200, epoch: 16 | loss: 0.3883171
	speed: 0.1815s/iter; left time: 447.4990s
	iters: 300, epoch: 16 | loss: 0.4247665
	speed: 0.1802s/iter; left time: 426.2759s
	iters: 400, epoch: 16 | loss: 0.4524752
	speed: 0.1827s/iter; left time: 413.9394s
	iters: 500, epoch: 16 | loss: 0.4544954
	speed: 0.1846s/iter; left time: 399.8067s
Epoch: 16 cost time: 96.75301480293274
Epoch: 16, Steps: 533 | Train Loss: 0.4211284 Vali Loss: 0.7120012 Test Loss: 0.4712042
EarlyStopping counter: 1 out of 10
Updating learning rate to 1.52587890625e-09
	iters: 100, epoch: 17 | loss: 0.3849500
	speed: 0.4242s/iter; left time: 862.4654s
	iters: 200, epoch: 17 | loss: 0.4340941
	speed: 0.1795s/iter; left time: 346.8917s
	iters: 300, epoch: 17 | loss: 0.4155900
	speed: 0.1799s/iter; left time: 329.8159s
	iters: 400, epoch: 17 | loss: 0.3755486
	speed: 0.1803s/iter; left time: 312.4979s
	iters: 500, epoch: 17 | loss: 0.4634766
	speed: 0.1887s/iter; left time: 308.0913s
Epoch: 17 cost time: 97.02073335647583
Epoch: 17, Steps: 533 | Train Loss: 0.4211853 Vali Loss: 0.7123989 Test Loss: 0.4712037
EarlyStopping counter: 2 out of 10
Updating learning rate to 7.62939453125e-10
	iters: 100, epoch: 18 | loss: 0.3996202
	speed: 0.4306s/iter; left time: 645.8861s
	iters: 200, epoch: 18 | loss: 0.4384067
	speed: 0.1819s/iter; left time: 254.6862s
	iters: 300, epoch: 18 | loss: 0.4377473
	speed: 0.1772s/iter; left time: 230.4087s
	iters: 400, epoch: 18 | loss: 0.4378804
	speed: 0.1802s/iter; left time: 216.2732s
	iters: 500, epoch: 18 | loss: 0.4287130
	speed: 0.1790s/iter; left time: 196.9310s
Epoch: 18 cost time: 95.81045913696289
Epoch: 18, Steps: 533 | Train Loss: 0.4211377 Vali Loss: 0.7123057 Test Loss: 0.4712035
EarlyStopping counter: 3 out of 10
Updating learning rate to 3.814697265625e-10
	iters: 100, epoch: 19 | loss: 0.4402260
	speed: 0.4259s/iter; left time: 411.8909s
	iters: 200, epoch: 19 | loss: 0.4086477
	speed: 0.1794s/iter; left time: 155.5332s
	iters: 300, epoch: 19 | loss: 0.4566210
	speed: 0.1809s/iter; left time: 138.7652s
	iters: 400, epoch: 19 | loss: 0.4087817
	speed: 0.1789s/iter; left time: 119.3480s
	iters: 500, epoch: 19 | loss: 0.5122449
	speed: 0.1802s/iter; left time: 102.1635s
Epoch: 19 cost time: 95.86736345291138
Epoch: 19, Steps: 533 | Train Loss: 0.4211572 Vali Loss: 0.7113298 Test Loss: 0.4712035
Validation loss decreased (0.711749 --> 0.711330).  Saving model ...
Updating learning rate to 1.9073486328125e-10
	iters: 100, epoch: 20 | loss: 0.3709177
	speed: 0.4255s/iter; left time: 184.6743s
	iters: 200, epoch: 20 | loss: 0.3933391
	speed: 0.1808s/iter; left time: 60.3887s
	iters: 300, epoch: 20 | loss: 0.3746082
	speed: 0.1799s/iter; left time: 42.1070s
	iters: 400, epoch: 20 | loss: 0.4377573
	speed: 0.1803s/iter; left time: 24.1587s
	iters: 500, epoch: 20 | loss: 0.3684420
	speed: 0.1803s/iter; left time: 6.1297s
Epoch: 20 cost time: 95.89064741134644
Epoch: 20, Steps: 533 | Train Loss: 0.4211803 Vali Loss: 0.7117437 Test Loss: 0.4712035
EarlyStopping counter: 1 out of 10
Updating learning rate to 9.5367431640625e-11
>>>>>>>testing : long_term_forecast_PP_ETTm1_96_336_none_TimeMixerPP_ETTm1_sl96_pl336_dm32_nh4_el2_dl1_df64_fc1_ebtimeF_dtTrue_Exp_0<<<<<<<<<<<<<<<<<<<<<<<<<<<<<<<<<
test 11185
mse:0.4712038040161133, mae:0.4557937979698181
