Args in experiment:
Namespace(activation='gelu', anomaly_ratio=0.25, batch_size=64, c_out=7, channel_independence=1, checkpoints='./checkpoints/', comment='none', d_ff=64, d_layers=1, d_model=32, data='ETTm2', data_path='ETTm2.csv', dec_in=7, decomp_method='moving_avg', des='Exp', devices='0,1', distil=True, down_sampling_layers=3, down_sampling_method='avg', down_sampling_window=2, drop_last=True, dropout=0.1, e_layers=2, embed='timeF', enc_in=7, factor=1, features='M', freq='h', gpu=0, inverse=False, is_training=1, itr=1, label_len=0, learning_rate=5e-05, loss='MSE', lradj='type1', mask_rate=0.125, model='TimeMixerPP', model_id='PP_ETTm2_96_96', moving_avg=25, n_heads=4, num_kernels=6, num_workers=0, output_attention=False, p_hidden_dims=[128, 128], p_hidden_layers=2, patience=10, pct_start=0.2, pred_len=96, root_path='C:\\Users\\bbbal\\OneDrive\\Masaüstü\\timemixer\\dataset\\ETT-small', seasonal_patterns='Monthly', seq_len=96, target='OT', task_name='long_term_forecast', top_k=3, train_epochs=20, use_amp=False, use_future_temporal_feature=0, use_gpu=True, use_multi_gpu=False, use_norm=1)
Use GPU: cuda:0
>>>>>>>start training : long_term_forecast_PP_ETTm2_96_96_none_TimeMixerPP_ETTm2_sl96_pl96_dm32_nh4_el2_dl1_df64_fc1_ebtimeF_dtTrue_Exp_0>>>>>>>>>>>>>>>>>>>>>>>>>>
train 34369
val 11425
test 11425
	iters: 100, epoch: 1 | loss: 0.3171721
	speed: 0.1990s/iter; left time: 2117.4791s
	iters: 200, epoch: 1 | loss: 0.3903237
	speed: 0.1819s/iter; left time: 1917.2617s
	iters: 300, epoch: 1 | loss: 0.4171813
	speed: 0.1784s/iter; left time: 1863.1370s
	iters: 400, epoch: 1 | loss: 0.6930840
	speed: 0.1789s/iter; left time: 1850.0489s
	iters: 500, epoch: 1 | loss: 0.4458025
	speed: 0.1809s/iter; left time: 1852.6100s
Epoch: 1 cost time: 98.6529974937439
Epoch: 1, Steps: 537 | Train Loss: 0.3732962 Vali Loss: 0.2096444 Test Loss: 0.2890246
Validation loss decreased (inf --> 0.209644).  Saving model ...
Updating learning rate to 5e-05
	iters: 100, epoch: 2 | loss: 0.2387446
	speed: 0.4304s/iter; left time: 4349.0782s
	iters: 200, epoch: 2 | loss: 0.2136374
	speed: 0.1780s/iter; left time: 1780.6230s
	iters: 300, epoch: 2 | loss: 0.3968981
	speed: 0.1842s/iter; left time: 1824.7298s
	iters: 400, epoch: 2 | loss: 0.4266003
	speed: 0.1792s/iter; left time: 1756.5536s
	iters: 500, epoch: 2 | loss: 0.2290823
	speed: 0.1812s/iter; left time: 1758.6214s
Epoch: 2 cost time: 96.76256108283997
Epoch: 2, Steps: 537 | Train Loss: 0.3138493 Vali Loss: 0.1546740 Test Loss: 0.2198042
Validation loss decreased (0.209644 --> 0.154674).  Saving model ...
Updating learning rate to 2.5e-05
	iters: 100, epoch: 3 | loss: 0.1847471
	speed: 0.4358s/iter; left time: 4169.5826s
	iters: 200, epoch: 3 | loss: 0.2237399
	speed: 0.1802s/iter; left time: 1706.3243s
	iters: 300, epoch: 3 | loss: 0.3785508
	speed: 0.1804s/iter; left time: 1689.7733s
	iters: 400, epoch: 3 | loss: 0.2225391
	speed: 0.1828s/iter; left time: 1694.2468s
	iters: 500, epoch: 3 | loss: 0.2938387
	speed: 0.1800s/iter; left time: 1650.1806s
Epoch: 3 cost time: 96.93811273574829
Epoch: 3, Steps: 537 | Train Loss: 0.2683040 Vali Loss: 0.1463615 Test Loss: 0.2076567
Validation loss decreased (0.154674 --> 0.146362).  Saving model ...
Updating learning rate to 1.25e-05
	iters: 100, epoch: 4 | loss: 0.2889976
	speed: 0.4336s/iter; left time: 3915.2926s
	iters: 200, epoch: 4 | loss: 0.1828776
	speed: 0.1859s/iter; left time: 1660.1543s
	iters: 300, epoch: 4 | loss: 0.2144081
	speed: 0.1861s/iter; left time: 1642.8275s
	iters: 400, epoch: 4 | loss: 0.2429224
	speed: 0.1841s/iter; left time: 1607.2998s
	iters: 500, epoch: 4 | loss: 0.3003741
	speed: 0.1783s/iter; left time: 1538.4786s
Epoch: 4 cost time: 98.03319358825684
Epoch: 4, Steps: 537 | Train Loss: 0.2567134 Vali Loss: 0.1430229 Test Loss: 0.2030364
Validation loss decreased (0.146362 --> 0.143023).  Saving model ...
Updating learning rate to 6.25e-06
	iters: 100, epoch: 5 | loss: 0.3127336
	speed: 0.4315s/iter; left time: 3664.5783s
	iters: 200, epoch: 5 | loss: 0.1765127
	speed: 0.1819s/iter; left time: 1526.3410s
	iters: 300, epoch: 5 | loss: 0.2298383
	speed: 0.1782s/iter; left time: 1478.0532s
	iters: 400, epoch: 5 | loss: 0.1671041
	speed: 0.1786s/iter; left time: 1463.5043s
	iters: 500, epoch: 5 | loss: 0.3927546
	speed: 0.1813s/iter; left time: 1466.9415s
Epoch: 5 cost time: 96.524973154068
Epoch: 5, Steps: 537 | Train Loss: 0.2514878 Vali Loss: 0.1414282 Test Loss: 0.2009622
Validation loss decreased (0.143023 --> 0.141428).  Saving model ...
Updating learning rate to 3.125e-06
	iters: 100, epoch: 6 | loss: 0.2038366
	speed: 0.4315s/iter; left time: 3433.1248s
	iters: 200, epoch: 6 | loss: 0.2705502
	speed: 0.1819s/iter; left time: 1428.8848s
	iters: 300, epoch: 6 | loss: 0.3621990
	speed: 0.1805s/iter; left time: 1399.8143s
	iters: 400, epoch: 6 | loss: 0.2752677
	speed: 0.1803s/iter; left time: 1380.1444s
	iters: 500, epoch: 6 | loss: 0.2362457
	speed: 0.1822s/iter; left time: 1376.4101s
Epoch: 6 cost time: 96.96197414398193
Epoch: 6, Steps: 537 | Train Loss: 0.2489725 Vali Loss: 0.1407663 Test Loss: 0.1998393
Validation loss decreased (0.141428 --> 0.140766).  Saving model ...
Updating learning rate to 1.5625e-06
	iters: 100, epoch: 7 | loss: 0.3904369
	speed: 0.4332s/iter; left time: 3213.7690s
	iters: 200, epoch: 7 | loss: 0.3588476
	speed: 0.1802s/iter; left time: 1319.1504s
	iters: 300, epoch: 7 | loss: 0.1973456
	speed: 0.1803s/iter; left time: 1301.7541s
	iters: 400, epoch: 7 | loss: 0.2796010
	speed: 0.1825s/iter; left time: 1298.9642s
	iters: 500, epoch: 7 | loss: 0.4021006
	speed: 0.1791s/iter; left time: 1256.8190s
Epoch: 7 cost time: 96.6665849685669
Epoch: 7, Steps: 537 | Train Loss: 0.2477495 Vali Loss: 0.1404384 Test Loss: 0.1993539
Validation loss decreased (0.140766 --> 0.140438).  Saving model ...
Updating learning rate to 7.8125e-07
	iters: 100, epoch: 8 | loss: 0.1804664
	speed: 0.4353s/iter; left time: 2995.5507s
	iters: 200, epoch: 8 | loss: 0.4343790
	speed: 0.1806s/iter; left time: 1225.0312s
	iters: 300, epoch: 8 | loss: 0.2422978
	speed: 0.1818s/iter; left time: 1214.8639s
	iters: 400, epoch: 8 | loss: 0.1802091
	speed: 0.1824s/iter; left time: 1200.4737s
	iters: 500, epoch: 8 | loss: 0.2718701
	speed: 0.1806s/iter; left time: 1170.6270s
Epoch: 8 cost time: 97.43156218528748
Epoch: 8, Steps: 537 | Train Loss: 0.2471303 Vali Loss: 0.1402721 Test Loss: 0.1991456
Validation loss decreased (0.140438 --> 0.140272).  Saving model ...
Updating learning rate to 3.90625e-07
	iters: 100, epoch: 9 | loss: 0.2254678
	speed: 0.4298s/iter; left time: 2726.7920s
	iters: 200, epoch: 9 | loss: 0.2206663
	speed: 0.1812s/iter; left time: 1131.8938s
	iters: 300, epoch: 9 | loss: 0.3159599
	speed: 0.1814s/iter; left time: 1114.8487s
	iters: 400, epoch: 9 | loss: 0.3190346
	speed: 0.1800s/iter; left time: 1087.8463s
	iters: 500, epoch: 9 | loss: 0.2451456
	speed: 0.1822s/iter; left time: 1083.2023s
Epoch: 9 cost time: 96.95242023468018
Epoch: 9, Steps: 537 | Train Loss: 0.2468164 Vali Loss: 0.1402846 Test Loss: 0.1990340
EarlyStopping counter: 1 out of 10
Updating learning rate to 1.953125e-07
	iters: 100, epoch: 10 | loss: 0.1800580
	speed: 0.4308s/iter; left time: 2501.8577s
	iters: 200, epoch: 10 | loss: 0.1805087
	speed: 0.1784s/iter; left time: 1018.5702s
	iters: 300, epoch: 10 | loss: 0.2436117
	speed: 0.1803s/iter; left time: 1010.9850s
	iters: 400, epoch: 10 | loss: 0.1325028
	speed: 0.1809s/iter; left time: 996.3118s
	iters: 500, epoch: 10 | loss: 0.3042539
	speed: 0.1818s/iter; left time: 983.3112s
Epoch: 10 cost time: 96.68480348587036
Epoch: 10, Steps: 537 | Train Loss: 0.2466761 Vali Loss: 0.1401546 Test Loss: 0.1989747
Validation loss decreased (0.140272 --> 0.140155).  Saving model ...
Updating learning rate to 9.765625e-08
	iters: 100, epoch: 11 | loss: 0.1861682
	speed: 0.4520s/iter; left time: 2382.5117s
	iters: 200, epoch: 11 | loss: 0.1654881
	speed: 0.1844s/iter; left time: 953.7872s
	iters: 300, epoch: 11 | loss: 0.2270289
	speed: 0.1815s/iter; left time: 920.4904s
	iters: 400, epoch: 11 | loss: 0.1980850
	speed: 0.1817s/iter; left time: 903.0964s
	iters: 500, epoch: 11 | loss: 0.1868043
	speed: 0.1860s/iter; left time: 906.2056s
Epoch: 11 cost time: 98.78081774711609
Epoch: 11, Steps: 537 | Train Loss: 0.2465636 Vali Loss: 0.1401490 Test Loss: 0.1989470
Validation loss decreased (0.140155 --> 0.140149).  Saving model ...
Updating learning rate to 4.8828125e-08
	iters: 100, epoch: 12 | loss: 0.2456487
	speed: 0.4368s/iter; left time: 2067.6821s
	iters: 200, epoch: 12 | loss: 0.2483986
	speed: 0.1816s/iter; left time: 841.3496s
	iters: 300, epoch: 12 | loss: 0.3808657
	speed: 0.1800s/iter; left time: 815.9417s
	iters: 400, epoch: 12 | loss: 0.2257422
	speed: 0.1826s/iter; left time: 809.8526s
	iters: 500, epoch: 12 | loss: 0.3576369
	speed: 0.1794s/iter; left time: 777.7285s
Epoch: 12 cost time: 97.3102765083313
Epoch: 12, Steps: 537 | Train Loss: 0.2465041 Vali Loss: 0.1400866 Test Loss: 0.1989337
Validation loss decreased (0.140149 --> 0.140087).  Saving model ...
Updating learning rate to 2.44140625e-08
	iters: 100, epoch: 13 | loss: 0.2360102
	speed: 0.4345s/iter; left time: 1823.5653s
	iters: 200, epoch: 13 | loss: 0.3598724
	speed: 0.1808s/iter; left time: 740.7105s
	iters: 300, epoch: 13 | loss: 0.2748817
	speed: 0.1800s/iter; left time: 719.5807s
	iters: 400, epoch: 13 | loss: 0.4329142
	speed: 0.1799s/iter; left time: 700.9070s
	iters: 500, epoch: 13 | loss: 0.2192736
	speed: 0.1845s/iter; left time: 700.6336s
Epoch: 13 cost time: 97.29348945617676
Epoch: 13, Steps: 537 | Train Loss: 0.2466186 Vali Loss: 0.1402277 Test Loss: 0.1989265
EarlyStopping counter: 1 out of 10
Updating learning rate to 1.220703125e-08
	iters: 100, epoch: 14 | loss: 0.1843105
	speed: 0.4344s/iter; left time: 1589.7611s
	iters: 200, epoch: 14 | loss: 0.2109467
	speed: 0.1815s/iter; left time: 646.1531s
	iters: 300, epoch: 14 | loss: 0.3736112
	speed: 0.1812s/iter; left time: 627.1204s
	iters: 400, epoch: 14 | loss: 0.5875556
	speed: 0.1805s/iter; left time: 606.5405s
	iters: 500, epoch: 14 | loss: 0.2701867
	speed: 0.1804s/iter; left time: 588.1371s
Epoch: 14 cost time: 96.9806866645813
Epoch: 14, Steps: 537 | Train Loss: 0.2465044 Vali Loss: 0.1402040 Test Loss: 0.1989229
EarlyStopping counter: 2 out of 10
Updating learning rate to 6.103515625e-09
	iters: 100, epoch: 15 | loss: 0.1614574
	speed: 0.4356s/iter; left time: 1360.4310s
	iters: 200, epoch: 15 | loss: 0.2454910
	speed: 0.1803s/iter; left time: 545.0428s
	iters: 300, epoch: 15 | loss: 0.1347857
	speed: 0.1836s/iter; left time: 536.7553s
	iters: 400, epoch: 15 | loss: 0.2399486
	speed: 0.1805s/iter; left time: 509.5484s
	iters: 500, epoch: 15 | loss: 0.2197480
	speed: 0.1823s/iter; left time: 496.2969s
Epoch: 15 cost time: 97.29658699035645
Epoch: 15, Steps: 537 | Train Loss: 0.2465833 Vali Loss: 0.1402447 Test Loss: 0.1989214
EarlyStopping counter: 3 out of 10
Updating learning rate to 3.0517578125e-09
	iters: 100, epoch: 16 | loss: 0.3230335
	speed: 0.4341s/iter; left time: 1122.5447s
	iters: 200, epoch: 16 | loss: 0.2119257
	speed: 0.1831s/iter; left time: 455.2696s
	iters: 300, epoch: 16 | loss: 0.2588586
	speed: 0.1804s/iter; left time: 430.5177s
	iters: 400, epoch: 16 | loss: 0.1365698
	speed: 0.1793s/iter; left time: 409.8749s
	iters: 500, epoch: 16 | loss: 0.1409391
	speed: 0.1820s/iter; left time: 397.7787s
Epoch: 16 cost time: 97.14312720298767
Epoch: 16, Steps: 537 | Train Loss: 0.2465644 Vali Loss: 0.1401530 Test Loss: 0.1989211
EarlyStopping counter: 4 out of 10
Updating learning rate to 1.52587890625e-09
	iters: 100, epoch: 17 | loss: 0.2832836
	speed: 0.4415s/iter; left time: 904.5542s
	iters: 200, epoch: 17 | loss: 0.1560066
	speed: 0.1833s/iter; left time: 357.1606s
	iters: 300, epoch: 17 | loss: 0.1771821
	speed: 0.1806s/iter; left time: 333.9307s
	iters: 400, epoch: 17 | loss: 0.1755391
	speed: 0.1835s/iter; left time: 321.0084s
	iters: 500, epoch: 17 | loss: 0.2324625
	speed: 0.1876s/iter; left time: 309.2922s
Epoch: 17 cost time: 98.82037281990051
Epoch: 17, Steps: 537 | Train Loss: 0.2465123 Vali Loss: 0.1401614 Test Loss: 0.1989210
EarlyStopping counter: 5 out of 10
Updating learning rate to 7.62939453125e-10
	iters: 100, epoch: 18 | loss: 0.1907314
	speed: 0.4468s/iter; left time: 675.5526s
	iters: 200, epoch: 18 | loss: 0.3595394
	speed: 0.1813s/iter; left time: 255.9989s
	iters: 300, epoch: 18 | loss: 0.4006931
	speed: 0.1826s/iter; left time: 239.5359s
	iters: 400, epoch: 18 | loss: 0.1784655
	speed: 0.1825s/iter; left time: 221.1729s
	iters: 500, epoch: 18 | loss: 0.1694995
	speed: 0.1821s/iter; left time: 202.4400s
Epoch: 18 cost time: 98.058420419693
Epoch: 18, Steps: 537 | Train Loss: 0.2465550 Vali Loss: 0.1401687 Test Loss: 0.1989210
EarlyStopping counter: 6 out of 10
Updating learning rate to 3.814697265625e-10
	iters: 100, epoch: 19 | loss: 0.2415989
	speed: 0.4378s/iter; left time: 426.8556s
	iters: 200, epoch: 19 | loss: 0.1466488
	speed: 0.1818s/iter; left time: 159.0917s
	iters: 300, epoch: 19 | loss: 0.1869243
	speed: 0.1825s/iter; left time: 141.4593s
	iters: 400, epoch: 19 | loss: 0.1429531
	speed: 0.1840s/iter; left time: 124.2311s
	iters: 500, epoch: 19 | loss: 0.1541866
	speed: 0.1837s/iter; left time: 105.6408s
Epoch: 19 cost time: 97.89680552482605
Epoch: 19, Steps: 537 | Train Loss: 0.2465652 Vali Loss: 0.1401970 Test Loss: 0.1989210
EarlyStopping counter: 7 out of 10
Updating learning rate to 1.9073486328125e-10
	iters: 100, epoch: 20 | loss: 0.1881477
	speed: 0.4361s/iter; left time: 191.0008s
	iters: 200, epoch: 20 | loss: 0.1600976
	speed: 0.1802s/iter; left time: 60.9225s
	iters: 300, epoch: 20 | loss: 0.2449920
	speed: 0.1813s/iter; left time: 43.1482s
	iters: 400, epoch: 20 | loss: 0.3804963
	speed: 0.1816s/iter; left time: 25.0622s
	iters: 500, epoch: 20 | loss: 0.2210011
	speed: 0.1807s/iter; left time: 6.8669s
Epoch: 20 cost time: 97.24787664413452
Epoch: 20, Steps: 537 | Train Loss: 0.2463363 Vali Loss: 0.1401721 Test Loss: 0.1989210
EarlyStopping counter: 8 out of 10
Updating learning rate to 9.5367431640625e-11
>>>>>>>testing : long_term_forecast_PP_ETTm2_96_96_none_TimeMixerPP_ETTm2_sl96_pl96_dm32_nh4_el2_dl1_df64_fc1_ebtimeF_dtTrue_Exp_0<<<<<<<<<<<<<<<<<<<<<<<<<<<<<<<<<
test 11425
mse:0.19893375039100647, mae:0.283405601978302
