Args in experiment:
Namespace(activation='gelu', anomaly_ratio=0.25, batch_size=64, c_out=7, channel_independence=1, checkpoints='./checkpoints/', comment='none', d_ff=64, d_layers=1, d_model=32, data='ETTm1', data_path='ETTm1.csv', dec_in=7, decomp_method='moving_avg', des='Exp', devices='0,1', distil=True, down_sampling_layers=3, down_sampling_method='avg', down_sampling_window=2, drop_last=True, dropout=0.1, e_layers=2, embed='timeF', enc_in=7, factor=1, features='M', freq='h', gpu=0, inverse=False, is_training=1, itr=1, label_len=0, learning_rate=5e-05, loss='MSE', lradj='type1', mask_rate=0.125, model='TimeMixerPP', model_id='PP_ETTm1_96_192', moving_avg=25, n_heads=4, num_kernels=6, num_workers=0, output_attention=False, p_hidden_dims=[128, 128], p_hidden_layers=2, patience=10, pct_start=0.2, pred_len=192, root_path='<workspace>\\dataset\\ETT-small', seasonal_patterns='Monthly', seq_len=96, target='OT', task_name='long_term_forecast', top_k=3, train_epochs=20, use_amp=False, use_future_temporal_feature=0, use_gpu=True, use_multi_gpu=False, use_norm=1)
Use GPU: cuda:0
>>>>>>>start training : long_term_forecast_PP_ETTm1_96_192_none_TimeMixerPP_ETTm1_sl96_pl192_dm32_nh4_el2_dl1_df64_fc1_ebtimeF_dtTrue_Exp_0>>>>>>>>>>>>>>>>>>>>>>>>>>
train 34273
val 11329
test 11329
	iters: 100, epoch: 1 | loss: 0.6283454
	speed: 0.1990s/iter; left time: 2109.4809s
	iters: 200, epoch: 1 | loss: 0.6726135
	speed: 0.1772s/iter; left time: 1860.6245s
	iters: 300, epoch: 1 | loss: 0.7387540
	speed: 0.1761s/iter; left time: 1832.1072s
	iters: 400, epoch: 1 | loss: 0.6112378
	speed: 0.1822s/iter; left time: 1876.7997s
	iters: 500, epoch: 1 | loss: 0.7095023
	speed: 0.1772s/iter; left time: 1807.8295s
Epoch: 1 cost time: 97.6418969631195
Epoch: 1, Steps: 535 | Train Loss: 0.6523600 Vali Loss: 1.0893678 Test Loss: 0.9210521
Validation loss decreased (inf --> 1.089368).  Saving model ...
Updating learning rate to 5e-05
	iters: 100, epoch: 2 | loss: 0.5739625
	speed: 0.4289s/iter; left time: 4317.5950s
	iters: 200, epoch: 2 | loss: 0.4752289
	speed: 0.1795s/iter; left time: 1788.6913s
	iters: 300, epoch: 2 | loss: 0.5122918
	speed: 0.1771s/iter; left time: 1747.6546s
	iters: 400, epoch: 2 | loss: 0.4762219
	speed: 0.1779s/iter; left time: 1736.8981s
	iters: 500, epoch: 2 | loss: 0.3651600
	speed: 0.1795s/iter; left time: 1735.5018s
Epoch: 2 cost time: 95.51305937767029
Epoch: 2, Steps: 535 | Train Loss: 0.4981760 Vali Loss: 0.6099475 Test Loss: 0.4862008
Validation loss decreased (1.089368 --> 0.609947).  Saving model ...
Updating learning rate to 2.5e-05
	iters: 100, epoch: 3 | loss: 0.4619292
	speed: 0.4263s/iter; left time: 4062.7270s
	iters: 200, epoch: 3 | loss: 0.3982462
	speed: 0.1777s/iter; left time: 1675.5242s
	iters: 300, epoch: 3 | loss: 0.4096183
	speed: 0.1810s/iter; left time: 1688.8455s
	iters: 400, epoch: 3 | loss: 0.4209369
	speed: 0.1852s/iter; left time: 1709.5738s
	iters: 500, epoch: 3 | loss: 0.4187261
	speed: 0.1927s/iter; left time: 1759.7014s
Epoch: 3 cost time: 98.69536447525024
Epoch: 3, Steps: 535 | Train Loss: 0.3908163 Vali Loss: 0.5702120 Test Loss: 0.4473295
Validation loss decreased (0.609947 --> 0.570212).  Saving model ...
Updating learning rate to 1.25e-05
	iters: 100, epoch: 4 | loss: 0.3989049
	speed: 0.4548s/iter; left time: 4091.6996s
	iters: 200, epoch: 4 | loss: 0.3398110
	speed: 0.1822s/iter; left time: 1620.9911s
	iters: 300, epoch: 4 | loss: 0.3320209
	speed: 0.1793s/iter; left time: 1577.0798s
	iters: 400, epoch: 4 | loss: 0.3654170
	speed: 0.1813s/iter; left time: 1576.4783s
	iters: 500, epoch: 4 | loss: 0.3966697
	speed: 0.1779s/iter; left time: 1528.9248s
Epoch: 4 cost time: 96.69804763793945
Epoch: 4, Steps: 535 | Train Loss: 0.3744983 Vali Loss: 0.5594427 Test Loss: 0.4353974
Validation loss decreased (0.570212 --> 0.559443).  Saving model ...
Updating learning rate to 6.25e-06
	iters: 100, epoch: 5 | loss: 0.4032855
	speed: 0.4290s/iter; left time: 3629.5037s
	iters: 200, epoch: 5 | loss: 0.3292705
	speed: 0.1787s/iter; left time: 1493.8099s
	iters: 300, epoch: 5 | loss: 0.3638423
	speed: 0.1785s/iter; left time: 1474.5579s
	iters: 400, epoch: 5 | loss: 0.3631434
	speed: 0.1791s/iter; left time: 1461.2716s
	iters: 500, epoch: 5 | loss: 0.4092089
	speed: 0.1774s/iter; left time: 1429.6282s
Epoch: 5 cost time: 95.75695657730103
Epoch: 5, Steps: 535 | Train Loss: 0.3684315 Vali Loss: 0.5556170 Test Loss: 0.4294697
Validation loss decreased (0.559443 --> 0.555617).  Saving model ...
Updating learning rate to 3.125e-06
	iters: 100, epoch: 6 | loss: 0.3269308
	speed: 0.4272s/iter; left time: 3385.9612s
	iters: 200, epoch: 6 | loss: 0.3694302
	speed: 0.1811s/iter; left time: 1417.5497s
	iters: 300, epoch: 6 | loss: 0.3536529
	speed: 0.1779s/iter; left time: 1374.7809s
	iters: 400, epoch: 6 | loss: 0.3477795
	speed: 0.1793s/iter; left time: 1367.0483s
	iters: 500, epoch: 6 | loss: 0.3622833
	speed: 0.1778s/iter; left time: 1338.1330s
Epoch: 6 cost time: 95.93723177909851
Epoch: 6, Steps: 535 | Train Loss: 0.3657784 Vali Loss: 0.5537672 Test Loss: 0.4277409
Validation loss decreased (0.555617 --> 0.553767).  Saving model ...
Updating learning rate to 1.5625e-06
	iters: 100, epoch: 7 | loss: 0.3947223
	speed: 0.4308s/iter; left time: 3184.2993s
	iters: 200, epoch: 7 | loss: 0.3347589
	speed: 0.1783s/iter; left time: 1300.2697s
	iters: 300, epoch: 7 | loss: 0.4058471
	speed: 0.1826s/iter; left time: 1313.1008s
	iters: 400, epoch: 7 | loss: 0.3681132
	speed: 0.1788s/iter; left time: 1268.1999s
	iters: 500, epoch: 7 | loss: 0.3397375
	speed: 0.1780s/iter; left time: 1244.4558s
Epoch: 7 cost time: 96.03702402114868
Epoch: 7, Steps: 535 | Train Loss: 0.3644848 Vali Loss: 0.5527293 Test Loss: 0.4270189
Validation loss decreased (0.553767 --> 0.552729).  Saving model ...
Updating learning rate to 7.8125e-07
	iters: 100, epoch: 8 | loss: 0.3438318
	speed: 0.4265s/iter; left time: 2923.7517s
	iters: 200, epoch: 8 | loss: 0.3983696
	speed: 0.1784s/iter; left time: 1205.2937s
	iters: 300, epoch: 8 | loss: 0.3756858
	speed: 0.1765s/iter; left time: 1174.7328s
	iters: 400, epoch: 8 | loss: 0.3512672
	speed: 0.1806s/iter; left time: 1184.3207s
	iters: 500, epoch: 8 | loss: 0.4061746
	speed: 0.1785s/iter; left time: 1152.5020s
Epoch: 8 cost time: 95.38847613334656
Epoch: 8, Steps: 535 | Train Loss: 0.3636923 Vali Loss: 0.5522555 Test Loss: 0.4267383
Validation loss decreased (0.552729 --> 0.552256).  Saving model ...
Updating learning rate to 3.90625e-07
	iters: 100, epoch: 9 | loss: 0.3435847
	speed: 0.4273s/iter; left time: 2700.9133s
	iters: 200, epoch: 9 | loss: 0.3713906
	speed: 0.1779s/iter; left time: 1106.8327s
	iters: 300, epoch: 9 | loss: 0.3564179
	speed: 0.1772s/iter; left time: 1084.8670s
	iters: 400, epoch: 9 | loss: 0.3329468
	speed: 0.1790s/iter; left time: 1077.4669s
	iters: 500, epoch: 9 | loss: 0.3860743
	speed: 0.1842s/iter; left time: 1090.6267s
Epoch: 9 cost time: 96.39533257484436
Epoch: 9, Steps: 535 | Train Loss: 0.3633987 Vali Loss: 0.5519966 Test Loss: 0.4264072
Validation loss decreased (0.552256 --> 0.551997).  Saving model ...
Updating learning rate to 1.953125e-07
	iters: 100, epoch: 10 | loss: 0.3459614
	speed: 0.4300s/iter; left time: 2487.7876s
	iters: 200, epoch: 10 | loss: 0.3303030
	speed: 0.1796s/iter; left time: 1021.4883s
	iters: 300, epoch: 10 | loss: 0.3250659
	speed: 0.1802s/iter; left time: 1006.3715s
	iters: 400, epoch: 10 | loss: 0.3888945
	speed: 0.1810s/iter; left time: 992.8070s
	iters: 500, epoch: 10 | loss: 0.3658765
	speed: 0.1852s/iter; left time: 997.4987s
Epoch: 10 cost time: 97.38905787467957
Epoch: 10, Steps: 535 | Train Loss: 0.3633895 Vali Loss: 0.5519868 Test Loss: 0.4262566
Validation loss decreased (0.551997 --> 0.551987).  Saving model ...
Updating learning rate to 9.765625e-08
	iters: 100, epoch: 11 | loss: 0.3839983
	speed: 0.4350s/iter; left time: 2284.3668s
	iters: 200, epoch: 11 | loss: 0.3768721
	speed: 0.1810s/iter; left time: 932.1757s
	iters: 300, epoch: 11 | loss: 0.3500513
	speed: 0.1807s/iter; left time: 912.8052s
	iters: 400, epoch: 11 | loss: 0.3309382
	speed: 0.1780s/iter; left time: 881.1215s
	iters: 500, epoch: 11 | loss: 0.3695761
	speed: 0.1781s/iter; left time: 863.8518s
Epoch: 11 cost time: 96.20897102355957
Epoch: 11, Steps: 535 | Train Loss: 0.3631996 Vali Loss: 0.5518567 Test Loss: 0.4261987
Validation loss decreased (0.551987 --> 0.551857).  Saving model ...
Updating learning rate to 4.8828125e-08
	iters: 100, epoch: 12 | loss: 0.3627713
	speed: 0.4314s/iter; left time: 2034.6600s
	iters: 200, epoch: 12 | loss: 0.3724213
	speed: 0.1772s/iter; left time: 817.8918s
	iters: 300, epoch: 12 | loss: 0.3354359
	speed: 0.1798s/iter; left time: 812.0028s
	iters: 400, epoch: 12 | loss: 0.3644833
	speed: 0.1801s/iter; left time: 795.1891s
	iters: 500, epoch: 12 | loss: 0.3623512
	speed: 0.1806s/iter; left time: 779.4788s
Epoch: 12 cost time: 95.58369040489197
Epoch: 12, Steps: 535 | Train Loss: 0.3631594 Vali Loss: 0.5518728 Test Loss: 0.4261715
EarlyStopping counter: 1 out of 10
Updating learning rate to 2.44140625e-08
	iters: 100, epoch: 13 | loss: 0.3676162
	speed: 0.4269s/iter; left time: 1784.8160s
	iters: 200, epoch: 13 | loss: 0.3576744
	speed: 0.1773s/iter; left time: 723.5245s
	iters: 300, epoch: 13 | loss: 0.3794333
	speed: 0.1793s/iter; left time: 713.6126s
	iters: 400, epoch: 13 | loss: 0.3305894
	speed: 0.1783s/iter; left time: 691.8836s
	iters: 500, epoch: 13 | loss: 0.3249303
	speed: 0.1787s/iter; left time: 675.7883s
Epoch: 13 cost time: 95.66220426559448
Epoch: 13, Steps: 535 | Train Loss: 0.3632025 Vali Loss: 0.5516301 Test Loss: 0.4261568
Validation loss decreased (0.551857 --> 0.551630).  Saving model ...
Updating learning rate to 1.220703125e-08
	iters: 100, epoch: 14 | loss: 0.3485036
	speed: 0.4282s/iter; left time: 1561.3794s
	iters: 200, epoch: 14 | loss: 0.2995849
	speed: 0.1791s/iter; left time: 634.9421s
	iters: 300, epoch: 14 | loss: 0.3768470
	speed: 0.1787s/iter; left time: 615.8939s
	iters: 400, epoch: 14 | loss: 0.4400796
	speed: 0.1778s/iter; left time: 594.9924s
	iters: 500, epoch: 14 | loss: 0.3688713
	speed: 0.1774s/iter; left time: 575.8379s
Epoch: 14 cost time: 95.44412875175476
Epoch: 14, Steps: 535 | Train Loss: 0.3631823 Vali Loss: 0.5518626 Test Loss: 0.4261515
EarlyStopping counter: 1 out of 10
Updating learning rate to 6.103515625e-09
	iters: 100, epoch: 15 | loss: 0.3746811
	speed: 0.4277s/iter; left time: 1330.7177s
	iters: 200, epoch: 15 | loss: 0.3558039
	speed: 0.1804s/iter; left time: 543.1585s
	iters: 300, epoch: 15 | loss: 0.3891466
	speed: 0.1788s/iter; left time: 520.5965s
	iters: 400, epoch: 15 | loss: 0.3564196
	speed: 0.1801s/iter; left time: 506.3980s
	iters: 500, epoch: 15 | loss: 0.3560097
	speed: 0.1753s/iter; left time: 475.1958s
Epoch: 15 cost time: 95.580637216568
Epoch: 15, Steps: 535 | Train Loss: 0.3630854 Vali Loss: 0.5516990 Test Loss: 0.4261499
EarlyStopping counter: 2 out of 10
Updating learning rate to 3.0517578125e-09
	iters: 100, epoch: 16 | loss: 0.3501045
	speed: 0.4261s/iter; left time: 1097.5482s
	iters: 200, epoch: 16 | loss: 0.3709177
	speed: 0.1759s/iter; left time: 435.5845s
	iters: 300, epoch: 16 | loss: 0.3977490
	speed: 0.1765s/iter; left time: 419.4580s
	iters: 400, epoch: 16 | loss: 0.3658127
	speed: 0.1793s/iter; left time: 408.0907s
	iters: 500, epoch: 16 | loss: 0.3564785
	speed: 0.1780s/iter; left time: 387.2337s
Epoch: 16 cost time: 95.19538402557373
Epoch: 16, Steps: 535 | Train Loss: 0.3631518 Vali Loss: 0.5518235 Test Loss: 0.4261490
EarlyStopping counter: 3 out of 10
Updating learning rate to 1.52587890625e-09
	iters: 100, epoch: 17 | loss: 0.3590495
	speed: 0.4268s/iter; left time: 871.1696s
	iters: 200, epoch: 17 | loss: 0.3133997
	speed: 0.1794s/iter; left time: 348.1633s
	iters: 300, epoch: 17 | loss: 0.3723397
	speed: 0.1847s/iter; left time: 340.0109s
	iters: 400, epoch: 17 | loss: 0.3355398
	speed: 0.1836s/iter; left time: 319.7014s
	iters: 500, epoch: 17 | loss: 0.3648651
	speed: 0.1847s/iter; left time: 303.0345s
Epoch: 17 cost time: 97.31647968292236
Epoch: 17, Steps: 535 | Train Loss: 0.3631472 Vali Loss: 0.5518626 Test Loss: 0.4261489
EarlyStopping counter: 4 out of 10
Updating learning rate to 7.62939453125e-10
	iters: 100, epoch: 18 | loss: 0.3901137
	speed: 0.4228s/iter; left time: 636.7230s
	iters: 200, epoch: 18 | loss: 0.3415565
	speed: 0.1789s/iter; left time: 251.5094s
	iters: 300, epoch: 18 | loss: 0.3652825
	speed: 0.1807s/iter; left time: 235.9865s
	iters: 400, epoch: 18 | loss: 0.3373762
	speed: 0.1761s/iter; left time: 212.4048s
	iters: 500, epoch: 18 | loss: 0.3594646
	speed: 0.1784s/iter; left time: 197.3260s
Epoch: 18 cost time: 95.30011749267578
Epoch: 18, Steps: 535 | Train Loss: 0.3631543 Vali Loss: 0.5518486 Test Loss: 0.4261490
EarlyStopping counter: 5 out of 10
Updating learning rate to 3.814697265625e-10
	iters: 100, epoch: 19 | loss: 0.3297854
	speed: 0.4278s/iter; left time: 415.3905s
	iters: 200, epoch: 19 | loss: 0.3476617
	speed: 0.1784s/iter; left time: 155.4275s
	iters: 300, epoch: 19 | loss: 0.3618012
	speed: 0.1795s/iter; left time: 138.3719s
	iters: 400, epoch: 19 | loss: 0.3612228
	speed: 0.1772s/iter; left time: 118.9086s
	iters: 500, epoch: 19 | loss: 0.4026065
	speed: 0.1787s/iter; left time: 102.0572s
Epoch: 19 cost time: 95.43806600570679
Epoch: 19, Steps: 535 | Train Loss: 0.3630203 Vali Loss: 0.5518432 Test Loss: 0.4261489
EarlyStopping counter: 6 out of 10
Updating learning rate to 1.9073486328125e-10
	iters: 100, epoch: 20 | loss: 0.3821532
	speed: 0.4267s/iter; left time: 186.0364s
	iters: 200, epoch: 20 | loss: 0.3633619
	speed: 0.1782s/iter; left time: 59.8745s
	iters: 300, epoch: 20 | loss: 0.4027785
	speed: 0.1768s/iter; left time: 41.7228s
	iters: 400, epoch: 20 | loss: 0.3650095
	speed: 0.1796s/iter; left time: 24.4265s
	iters: 500, epoch: 20 | loss: 0.2969925
	speed: 0.1818s/iter; left time: 6.5451s
Epoch: 20 cost time: 95.82060980796814
Epoch: 20, Steps: 535 | Train Loss: 0.3632669 Vali Loss: 0.5518141 Test Loss: 0.4261489
EarlyStopping counter: 7 out of 10
Updating learning rate to 9.5367431640625e-11
>>>>>>>testing : long_term_forecast_PP_ETTm1_96_192_none_TimeMixerPP_ETTm1_sl96_pl192_dm32_nh4_el2_dl1_df64_fc1_ebtimeF_dtTrue_Exp_0<<<<<<<<<<<<<<<<<<<<<<<<<<<<<<<<<
test 11329
mse:0.4261567294597626, mae:0.4283443093299866
