Args in experiment:
Namespace(activation='gelu', anomaly_ratio=0.25, batch_size=16, c_out=137, channel_independence=1, checkpoints='./checkpoints/', comment='none', d_ff=64, d_layers=1, d_model=32, data='Solar', data_path='solar_AL.txt', dec_in=137, decomp_method='moving_avg', des='Exp', devices='0,1', distil=True, down_sampling_layers=3, down_sampling_method='avg', down_sampling_window=2, drop_last=True, dropout=0.1, e_layers=2, embed='timeF', enc_in=137, factor=3, features='M', freq='h', gpu=0, inverse=False, is_training=1, itr=1, label_len=0, learning_rate=5e-05, loss='MSE', lradj='type1', mask_rate=0.125, model='TimeMixerPP', model_id='PP_Solar-Energy_96_96', moving_avg=25, n_heads=4, num_kernels=6, num_workers=0, output_attention=False, p_hidden_dims=[128, 128], p_hidden_layers=2, patience=10, pct_start=0.2, pred_len=96, root_path='<workspace>\\dataset\\solar', seasonal_patterns='Monthly', seq_len=96, target='OT', task_name='long_term_forecast', top_k=3, train_epochs=20, use_amp=False, use_future_temporal_feature=0, use_gpu=True, use_multi_gpu=False, use_norm=1)
Use GPU: cuda:0
>>>>>>>start training : long_term_forecast_PP_Solar-Energy_96_96_none_TimeMixerPP_Solar_sl96_pl96_dm32_nh4_el2_dl1_df64_fc3_ebtimeF_dtTrue_Exp_0>>>>>>>>>>>>>>>>>>>>>>>>>>
train 36601
val 5161
test 10417
	iters: 100, epoch: 1 | loss: 1.6736875
	speed: 0.1913s/iter; left time: 8730.8371s
	iters: 200, epoch: 1 | loss: 1.5987632
	speed: 0.1887s/iter; left time: 8593.9852s
	iters: 300, epoch: 1 | loss: 1.9093238
	speed: 0.2121s/iter; left time: 9639.7689s
	iters: 400, epoch: 1 | loss: 1.7606637
	speed: 0.1633s/iter; left time: 7404.2253s
	iters: 500, epoch: 1 | loss: 1.5357046
	speed: 0.1556s/iter; left time: 7039.4783s
	iters: 600, epoch: 1 | loss: 1.8265853
	speed: 0.1543s/iter; left time: 6966.7530s
	iters: 700, epoch: 1 | loss: 1.4956304
	speed: 0.1541s/iter; left time: 6940.0888s
	iters: 800, epoch: 1 | loss: 1.8015831
	speed: 0.1590s/iter; left time: 7145.1435s
	iters: 900, epoch: 1 | loss: 1.8081425
	speed: 0.1714s/iter; left time: 7686.3913s
	iters: 1000, epoch: 1 | loss: 1.7876769
	speed: 0.1678s/iter; left time: 7507.3116s
	iters: 1100, epoch: 1 | loss: 1.5456367
	speed: 0.1679s/iter; left time: 7493.4697s
	iters: 1200, epoch: 1 | loss: 1.9677802
	speed: 0.1699s/iter; left time: 7565.9152s
	iters: 1300, epoch: 1 | loss: 1.3598809
	speed: 0.1685s/iter; left time: 7486.3748s
	iters: 1400, epoch: 1 | loss: 1.6065106
	speed: 0.1710s/iter; left time: 7581.2347s
	iters: 1500, epoch: 1 | loss: 1.7856326
	speed: 0.1677s/iter; left time: 7419.5708s
	iters: 1600, epoch: 1 | loss: 1.7604450
	speed: 0.1689s/iter; left time: 7454.1187s
	iters: 1700, epoch: 1 | loss: 1.5832282
	speed: 0.1702s/iter; left time: 7495.0805s
	iters: 1800, epoch: 1 | loss: 1.7726605
	speed: 0.1682s/iter; left time: 7391.1430s
	iters: 1900, epoch: 1 | loss: 1.7775003
	speed: 0.1668s/iter; left time: 7311.1758s
	iters: 2000, epoch: 1 | loss: 1.6182531
	speed: 0.1689s/iter; left time: 7388.4164s
	iters: 2100, epoch: 1 | loss: 1.4451289
	speed: 0.1726s/iter; left time: 7532.2857s
	iters: 2200, epoch: 1 | loss: 1.5782763
	speed: 0.1667s/iter; left time: 7256.9360s
Epoch: 1 cost time: 389.16176176071167
Epoch: 1, Steps: 2287 | Train Loss: 1.6685584 Vali Loss: 1.5429288 Test Loss: 1.1404669
Validation loss decreased (inf --> 1.542929).  Saving model ...
Updating learning rate to 5e-05
	iters: 100, epoch: 2 | loss: 1.1686729
	speed: 0.7994s/iter; left time: 34655.3007s
	iters: 200, epoch: 2 | loss: 1.1061509
	speed: 0.1686s/iter; left time: 7294.6119s
	iters: 300, epoch: 2 | loss: 0.7470806
	speed: 0.1696s/iter; left time: 7319.3304s
	iters: 400, epoch: 2 | loss: 0.6205236
	speed: 0.1671s/iter; left time: 7192.2849s
	iters: 500, epoch: 2 | loss: 0.5912534
	speed: 0.1689s/iter; left time: 7254.3439s
	iters: 600, epoch: 2 | loss: 0.5106537
	speed: 0.1687s/iter; left time: 7230.0464s
	iters: 700, epoch: 2 | loss: 0.5212724
	speed: 0.1702s/iter; left time: 7278.1940s
	iters: 800, epoch: 2 | loss: 0.5042951
	speed: 0.1657s/iter; left time: 7065.8311s
	iters: 900, epoch: 2 | loss: 0.5089936
	speed: 0.1668s/iter; left time: 7096.5234s
	iters: 1000, epoch: 2 | loss: 0.4620370
	speed: 0.1668s/iter; left time: 7081.4435s
	iters: 1100, epoch: 2 | loss: 0.3042576
	speed: 0.1687s/iter; left time: 7143.4980s
	iters: 1200, epoch: 2 | loss: 0.4694561
	speed: 0.1677s/iter; left time: 7084.4097s
	iters: 1300, epoch: 2 | loss: 0.2292521
	speed: 0.1693s/iter; left time: 7135.8891s
	iters: 1400, epoch: 2 | loss: 0.1752409
	speed: 0.1696s/iter; left time: 7134.1771s
	iters: 1500, epoch: 2 | loss: 0.3000169
	speed: 0.1734s/iter; left time: 7276.7568s
	iters: 1600, epoch: 2 | loss: 0.2635517
	speed: 0.1688s/iter; left time: 7064.2567s
	iters: 1700, epoch: 2 | loss: 0.2935565
	speed: 0.1675s/iter; left time: 6992.2160s
	iters: 1800, epoch: 2 | loss: 0.2801481
	speed: 0.1690s/iter; left time: 7038.0355s
	iters: 1900, epoch: 2 | loss: 0.3069936
	speed: 0.1687s/iter; left time: 7009.6142s
	iters: 2000, epoch: 2 | loss: 0.1977621
	speed: 0.1687s/iter; left time: 6993.3498s
	iters: 2100, epoch: 2 | loss: 0.1903619
	speed: 0.1689s/iter; left time: 6983.7381s
	iters: 2200, epoch: 2 | loss: 0.2364330
	speed: 0.1708s/iter; left time: 7044.3264s
Epoch: 2 cost time: 385.788330078125
Epoch: 2, Steps: 2287 | Train Loss: 0.4910321 Vali Loss: 0.2242455 Test Loss: 0.3178800
Validation loss decreased (1.542929 --> 0.224245).  Saving model ...
Updating learning rate to 2.5e-05
	iters: 100, epoch: 3 | loss: 0.3387454
	speed: 0.7957s/iter; left time: 32678.3389s
	iters: 200, epoch: 3 | loss: 0.2532287
	speed: 0.1698s/iter; left time: 6956.9309s
	iters: 300, epoch: 3 | loss: 0.4508753
	speed: 0.1718s/iter; left time: 7022.9738s
	iters: 400, epoch: 3 | loss: 0.1624085
	speed: 0.1701s/iter; left time: 6935.4354s
	iters: 500, epoch: 3 | loss: 0.2055350
	speed: 0.1713s/iter; left time: 6965.5260s
	iters: 600, epoch: 3 | loss: 0.1561225
	speed: 0.1713s/iter; left time: 6948.7861s
	iters: 700, epoch: 3 | loss: 0.3013628
	speed: 0.1700s/iter; left time: 6880.5312s
	iters: 800, epoch: 3 | loss: 0.3531780
	speed: 0.1735s/iter; left time: 7002.9997s
	iters: 900, epoch: 3 | loss: 0.1670967
	speed: 0.1696s/iter; left time: 6829.1302s
	iters: 1000, epoch: 3 | loss: 0.2404749
	speed: 0.1695s/iter; left time: 6808.9843s
	iters: 1100, epoch: 3 | loss: 0.1833887
	speed: 0.1718s/iter; left time: 6884.9717s
	iters: 1200, epoch: 3 | loss: 0.2311186
	speed: 0.1721s/iter; left time: 6877.7108s
	iters: 1300, epoch: 3 | loss: 0.3143598
	speed: 0.1686s/iter; left time: 6723.1816s
	iters: 1400, epoch: 3 | loss: 0.2365289
	speed: 0.1707s/iter; left time: 6786.9436s
	iters: 1500, epoch: 3 | loss: 0.1670456
	speed: 0.1705s/iter; left time: 6762.3354s
	iters: 1600, epoch: 3 | loss: 0.1590147
	speed: 0.1745s/iter; left time: 6905.2600s
	iters: 1700, epoch: 3 | loss: 0.1309222
	speed: 0.1697s/iter; left time: 6699.5082s
	iters: 1800, epoch: 3 | loss: 0.2110642
	speed: 0.1698s/iter; left time: 6683.6619s
	iters: 1900, epoch: 3 | loss: 0.2242879
	speed: 0.1721s/iter; left time: 6756.9823s
	iters: 2000, epoch: 3 | loss: 0.1596700
	speed: 0.1731s/iter; left time: 6779.3770s
	iters: 2100, epoch: 3 | loss: 0.2825339
	speed: 0.1681s/iter; left time: 6567.7973s
	iters: 2200, epoch: 3 | loss: 0.2354329
	speed: 0.1705s/iter; left time: 6642.8453s
Epoch: 3 cost time: 390.7406551837921
Epoch: 3, Steps: 2287 | Train Loss: 0.2472536 Vali Loss: 0.2016729 Test Loss: 0.2879684
Validation loss decreased (0.224245 --> 0.201673).  Saving model ...
Updating learning rate to 1.25e-05
	iters: 100, epoch: 4 | loss: 0.1978324
	speed: 0.8016s/iter; left time: 31085.4695s
	iters: 200, epoch: 4 | loss: 0.1794530
	speed: 0.1725s/iter; left time: 6671.0939s
	iters: 300, epoch: 4 | loss: 0.1785615
	speed: 0.1716s/iter; left time: 6619.7240s
	iters: 400, epoch: 4 | loss: 0.2118617
	speed: 0.1699s/iter; left time: 6536.0253s
	iters: 500, epoch: 4 | loss: 0.2552260
	speed: 0.1725s/iter; left time: 6619.5736s
	iters: 600, epoch: 4 | loss: 0.1503388
	speed: 0.1727s/iter; left time: 6612.3048s
	iters: 700, epoch: 4 | loss: 0.1148768
	speed: 0.1709s/iter; left time: 6525.0960s
	iters: 800, epoch: 4 | loss: 0.2218884
	speed: 0.1725s/iter; left time: 6567.4504s
	iters: 900, epoch: 4 | loss: 0.2152658
	speed: 0.1726s/iter; left time: 6554.3113s
	iters: 1000, epoch: 4 | loss: 0.3478814
	speed: 0.1714s/iter; left time: 6492.3457s
	iters: 1100, epoch: 4 | loss: 0.1953222
	speed: 0.1710s/iter; left time: 6461.1548s
	iters: 1200, epoch: 4 | loss: 0.1965435
	speed: 0.1718s/iter; left time: 6474.2911s
	iters: 1300, epoch: 4 | loss: 0.2029036
	speed: 0.1704s/iter; left time: 6404.1506s
	iters: 1400, epoch: 4 | loss: 0.1942706
	speed: 0.1706s/iter; left time: 6393.8974s
	iters: 1500, epoch: 4 | loss: 0.2956383
	speed: 0.1722s/iter; left time: 6436.9422s
	iters: 1600, epoch: 4 | loss: 0.2016697
	speed: 0.1704s/iter; left time: 6353.5333s
	iters: 1700, epoch: 4 | loss: 0.2692485
	speed: 0.1741s/iter; left time: 6473.9026s
	iters: 1800, epoch: 4 | loss: 0.3439687
	speed: 0.1760s/iter; left time: 6525.1888s
	iters: 1900, epoch: 4 | loss: 0.3622812
	speed: 0.1733s/iter; left time: 6407.4276s
	iters: 2000, epoch: 4 | loss: 0.2317152
	speed: 0.1743s/iter; left time: 6426.4530s
	iters: 2100, epoch: 4 | loss: 0.1931915
	speed: 0.1769s/iter; left time: 6507.9959s
	iters: 2200, epoch: 4 | loss: 0.1593532
	speed: 0.1754s/iter; left time: 6432.6550s
Epoch: 4 cost time: 394.25700306892395
Epoch: 4, Steps: 2287 | Train Loss: 0.2343476 Vali Loss: 0.1960262 Test Loss: 0.2795328
Validation loss decreased (0.201673 --> 0.196026).  Saving model ...
Updating learning rate to 6.25e-06
	iters: 100, epoch: 5 | loss: 0.1966350
	speed: 0.8033s/iter; left time: 29314.3181s
	iters: 200, epoch: 5 | loss: 0.2345494
	speed: 0.1737s/iter; left time: 6322.3313s
	iters: 300, epoch: 5 | loss: 0.2332486
	speed: 0.1723s/iter; left time: 6252.7360s
	iters: 400, epoch: 5 | loss: 0.3872803
	speed: 0.1746s/iter; left time: 6319.0583s
	iters: 500, epoch: 5 | loss: 0.1696468
	speed: 0.1716s/iter; left time: 6192.4525s
	iters: 600, epoch: 5 | loss: 0.2053913
	speed: 0.1730s/iter; left time: 6227.9733s
	iters: 700, epoch: 5 | loss: 0.2291696
	speed: 0.1743s/iter; left time: 6256.5652s
	iters: 800, epoch: 5 | loss: 0.1646155
	speed: 0.1723s/iter; left time: 6165.6737s
	iters: 900, epoch: 5 | loss: 0.2340682
	speed: 0.1724s/iter; left time: 6154.3453s
	iters: 1000, epoch: 5 | loss: 0.1897732
	speed: 0.1716s/iter; left time: 6108.9993s
	iters: 1100, epoch: 5 | loss: 0.2147570
	speed: 0.1734s/iter; left time: 6153.1304s
	iters: 1200, epoch: 5 | loss: 0.3576106
	speed: 0.1700s/iter; left time: 6018.2741s
	iters: 1300, epoch: 5 | loss: 0.4684917
	speed: 0.1712s/iter; left time: 6041.2066s
	iters: 1400, epoch: 5 | loss: 0.1704793
	speed: 0.1705s/iter; left time: 5999.7012s
	iters: 1500, epoch: 5 | loss: 0.2231885
	speed: 0.1715s/iter; left time: 6019.6530s
	iters: 1600, epoch: 5 | loss: 0.2399927
	speed: 0.1714s/iter; left time: 5997.5881s
	iters: 1700, epoch: 5 | loss: 0.1876934
	speed: 0.1753s/iter; left time: 6117.5872s
	iters: 1800, epoch: 5 | loss: 0.2387282
	speed: 0.1696s/iter; left time: 5901.2508s
	iters: 1900, epoch: 5 | loss: 0.2098985
	speed: 0.1743s/iter; left time: 6045.2577s
	iters: 2000, epoch: 5 | loss: 0.1916790
	speed: 0.1719s/iter; left time: 5944.9414s
	iters: 2100, epoch: 5 | loss: 0.3161759
	speed: 0.1712s/iter; left time: 5906.1063s
	iters: 2200, epoch: 5 | loss: 0.4463979
	speed: 0.1745s/iter; left time: 6002.8246s
Epoch: 5 cost time: 393.8495924472809
Epoch: 5, Steps: 2287 | Train Loss: 0.2294008 Vali Loss: 0.1938352 Test Loss: 0.2693514
Validation loss decreased (0.196026 --> 0.193835).  Saving model ...
Updating learning rate to 3.125e-06
	iters: 100, epoch: 6 | loss: 0.2347764
	speed: 0.8059s/iter; left time: 27568.3124s
	iters: 200, epoch: 6 | loss: 0.2692366
	speed: 0.1718s/iter; left time: 5857.8797s
	iters: 300, epoch: 6 | loss: 0.2272673
	speed: 0.1720s/iter; left time: 5847.8429s
	iters: 400, epoch: 6 | loss: 0.1542257
	speed: 0.1745s/iter; left time: 5916.7441s
	iters: 500, epoch: 6 | loss: 0.1917414
	speed: 0.1728s/iter; left time: 5842.1248s
	iters: 600, epoch: 6 | loss: 0.3573716
	speed: 0.1739s/iter; left time: 5861.7759s
	iters: 700, epoch: 6 | loss: 0.1110720
	speed: 0.1738s/iter; left time: 5839.7950s
	iters: 800, epoch: 6 | loss: 0.2382315
	speed: 0.1744s/iter; left time: 5844.2232s
	iters: 900, epoch: 6 | loss: 0.2199845
	speed: 0.1713s/iter; left time: 5722.9158s
	iters: 1000, epoch: 6 | loss: 0.2654335
	speed: 0.1715s/iter; left time: 5712.5763s
	iters: 1100, epoch: 6 | loss: 0.1875236
	speed: 0.1731s/iter; left time: 5746.3571s
	iters: 1200, epoch: 6 | loss: 0.2829138
	speed: 0.1754s/iter; left time: 5807.9607s
	iters: 1300, epoch: 6 | loss: 0.1314234
	speed: 0.1724s/iter; left time: 5691.8479s
	iters: 1400, epoch: 6 | loss: 0.1545619
	speed: 0.1738s/iter; left time: 5717.5132s
	iters: 1500, epoch: 6 | loss: 0.2460766
	speed: 0.1696s/iter; left time: 5565.3977s
	iters: 1600, epoch: 6 | loss: 0.2717120
	speed: 0.1752s/iter; left time: 5728.9110s
	iters: 1700, epoch: 6 | loss: 0.2423570
	speed: 0.1857s/iter; left time: 6055.7489s
	iters: 1800, epoch: 6 | loss: 0.2261828
	speed: 0.2231s/iter; left time: 7251.3525s
	iters: 1900, epoch: 6 | loss: 0.1625068
	speed: 0.2285s/iter; left time: 7403.9667s
	iters: 2000, epoch: 6 | loss: 0.2926448
	speed: 0.2378s/iter; left time: 7681.5960s
	iters: 2100, epoch: 6 | loss: 0.2390759
	speed: 0.1908s/iter; left time: 6144.7269s
	iters: 2200, epoch: 6 | loss: 0.2362561
	speed: 0.1734s/iter; left time: 5566.7567s
Epoch: 6 cost time: 415.7448978424072
Epoch: 6, Steps: 2287 | Train Loss: 0.2273379 Vali Loss: 0.1917663 Test Loss: 0.2728491
Validation loss decreased (0.193835 --> 0.191766).  Saving model ...
Updating learning rate to 1.5625e-06
	iters: 100, epoch: 7 | loss: 0.2368991
	speed: 0.8087s/iter; left time: 25812.3394s
	iters: 200, epoch: 7 | loss: 0.1718244
	speed: 0.1695s/iter; left time: 5392.4451s
	iters: 300, epoch: 7 | loss: 0.2968741
	speed: 0.1733s/iter; left time: 5497.7141s
	iters: 400, epoch: 7 | loss: 0.2915075
	speed: 0.1731s/iter; left time: 5472.9670s
	iters: 500, epoch: 7 | loss: 0.2514523
	speed: 0.1728s/iter; left time: 5445.8414s
	iters: 600, epoch: 7 | loss: 0.1316448
	speed: 0.1721s/iter; left time: 5406.6364s
	iters: 700, epoch: 7 | loss: 0.2683335
	speed: 0.1726s/iter; left time: 5407.1964s
	iters: 800, epoch: 7 | loss: 0.2469496
	speed: 0.1753s/iter; left time: 5473.0156s
	iters: 900, epoch: 7 | loss: 0.2127874
	speed: 0.1700s/iter; left time: 5291.6250s
	iters: 1000, epoch: 7 | loss: 0.2021884
	speed: 0.1725s/iter; left time: 5352.2800s
	iters: 1100, epoch: 7 | loss: 0.2138464
	speed: 0.1704s/iter; left time: 5267.4587s
	iters: 1200, epoch: 7 | loss: 0.1866499
	speed: 0.1751s/iter; left time: 5397.5683s
	iters: 1300, epoch: 7 | loss: 0.2130644
	speed: 0.1738s/iter; left time: 5338.8098s
	iters: 1400, epoch: 7 | loss: 0.1937160
	speed: 0.1716s/iter; left time: 5254.1428s
	iters: 1500, epoch: 7 | loss: 0.3676569
	speed: 0.1710s/iter; left time: 5217.3350s
	iters: 1600, epoch: 7 | loss: 0.2298899
	speed: 0.1746s/iter; left time: 5310.8055s
	iters: 1700, epoch: 7 | loss: 0.2526453
	speed: 0.1709s/iter; left time: 5181.9715s
	iters: 1800, epoch: 7 | loss: 0.1596854
	speed: 0.1708s/iter; left time: 5161.4498s
	iters: 1900, epoch: 7 | loss: 0.2431370
	speed: 0.1732s/iter; left time: 5216.8919s
	iters: 2000, epoch: 7 | loss: 0.1986389
	speed: 0.1749s/iter; left time: 5250.5140s
	iters: 2100, epoch: 7 | loss: 0.2763231
	speed: 0.1706s/iter; left time: 5102.7020s
	iters: 2200, epoch: 7 | loss: 0.2741012
	speed: 0.1715s/iter; left time: 5114.1249s
Epoch: 7 cost time: 394.03739500045776
Epoch: 7, Steps: 2287 | Train Loss: 0.2262031 Vali Loss: 0.1920041 Test Loss: 0.2675786
EarlyStopping counter: 1 out of 10
Updating learning rate to 7.8125e-07
	iters: 100, epoch: 8 | loss: 0.2617501
	speed: 0.8132s/iter; left time: 24096.8379s
	iters: 200, epoch: 8 | loss: 0.3071168
	speed: 0.1707s/iter; left time: 5041.6358s
	iters: 300, epoch: 8 | loss: 0.2155493
	speed: 0.1707s/iter; left time: 5024.4121s
	iters: 400, epoch: 8 | loss: 0.2516589
	speed: 0.1691s/iter; left time: 4961.4335s
	iters: 500, epoch: 8 | loss: 0.1750124
	speed: 0.1713s/iter; left time: 5006.3355s
	iters: 600, epoch: 8 | loss: 0.3057230
	speed: 0.1725s/iter; left time: 5025.7642s
	iters: 700, epoch: 8 | loss: 0.3084280
	speed: 0.1710s/iter; left time: 4963.0762s
	iters: 800, epoch: 8 | loss: 0.2411898
	speed: 0.1718s/iter; left time: 4971.6407s
	iters: 900, epoch: 8 | loss: 0.2655614
	speed: 0.1725s/iter; left time: 4974.6988s
	iters: 1000, epoch: 8 | loss: 0.3532475
	speed: 0.1698s/iter; left time: 4877.2849s
	iters: 1100, epoch: 8 | loss: 0.4551019
	speed: 0.1738s/iter; left time: 4974.8224s
	iters: 1200, epoch: 8 | loss: 0.4279643
	speed: 0.1730s/iter; left time: 4935.4044s
	iters: 1300, epoch: 8 | loss: 0.2489849
	speed: 0.1761s/iter; left time: 5007.3449s
	iters: 1400, epoch: 8 | loss: 0.1669610
	speed: 0.1739s/iter; left time: 4925.7916s
	iters: 1500, epoch: 8 | loss: 0.1939160
	speed: 0.1726s/iter; left time: 4872.6318s
	iters: 1600, epoch: 8 | loss: 0.1474843
	speed: 0.1717s/iter; left time: 4831.4383s
	iters: 1700, epoch: 8 | loss: 0.1764494
	speed: 0.1782s/iter; left time: 4995.9033s
	iters: 1800, epoch: 8 | loss: 0.3209203
	speed: 0.1755s/iter; left time: 4900.9056s
	iters: 1900, epoch: 8 | loss: 0.2253101
	speed: 0.1716s/iter; left time: 4775.9349s
	iters: 2000, epoch: 8 | loss: 0.1844684
	speed: 0.1708s/iter; left time: 4737.6267s
	iters: 2100, epoch: 8 | loss: 0.1995384
	speed: 0.1758s/iter; left time: 4858.9288s
	iters: 2200, epoch: 8 | loss: 0.2513043
	speed: 0.1757s/iter; left time: 4838.4349s
Epoch: 8 cost time: 395.0638027191162
Epoch: 8, Steps: 2287 | Train Loss: 0.2257349 Vali Loss: 0.1913806 Test Loss: 0.2682423
Validation loss decreased (0.191766 --> 0.191381).  Saving model ...
Updating learning rate to 3.90625e-07
	iters: 100, epoch: 9 | loss: 0.2112615
	speed: 0.8149s/iter; left time: 22284.5051s
	iters: 200, epoch: 9 | loss: 0.2535328
	speed: 0.1696s/iter; left time: 4621.7181s
	iters: 300, epoch: 9 | loss: 0.3829820
	speed: 0.1727s/iter; left time: 4688.5409s
	iters: 400, epoch: 9 | loss: 0.2416051
	speed: 0.1734s/iter; left time: 4688.9126s
	iters: 500, epoch: 9 | loss: 0.3536157
	speed: 0.1708s/iter; left time: 4602.8756s
	iters: 600, epoch: 9 | loss: 0.2209778
	speed: 0.1732s/iter; left time: 4649.9726s
	iters: 700, epoch: 9 | loss: 0.2302577
	speed: 0.1728s/iter; left time: 4622.5494s
	iters: 800, epoch: 9 | loss: 0.2067403
	speed: 0.1730s/iter; left time: 4610.0676s
	iters: 900, epoch: 9 | loss: 0.2508428
	speed: 0.1719s/iter; left time: 4563.0948s
	iters: 1000, epoch: 9 | loss: 0.1609466
	speed: 0.1753s/iter; left time: 4635.5482s
	iters: 1100, epoch: 9 | loss: 0.2430859
	speed: 0.1731s/iter; left time: 4560.6318s
	iters: 1200, epoch: 9 | loss: 0.2359927
	speed: 0.1749s/iter; left time: 4590.1646s
	iters: 1300, epoch: 9 | loss: 0.2913913
	speed: 0.1709s/iter; left time: 4468.6376s
	iters: 1400, epoch: 9 | loss: 0.2422155
	speed: 0.1737s/iter; left time: 4524.4021s
	iters: 1500, epoch: 9 | loss: 0.1993479
	speed: 0.1728s/iter; left time: 4482.4985s
	iters: 1600, epoch: 9 | loss: 0.1754951
	speed: 0.1736s/iter; left time: 4486.6875s
	iters: 1700, epoch: 9 | loss: 0.3171856
	speed: 0.1728s/iter; left time: 4448.6297s
	iters: 1800, epoch: 9 | loss: 0.2763787
	speed: 0.1694s/iter; left time: 4343.3764s
	iters: 1900, epoch: 9 | loss: 0.2372279
	speed: 0.1727s/iter; left time: 4411.6618s
	iters: 2000, epoch: 9 | loss: 0.3249816
	speed: 0.1690s/iter; left time: 4299.2665s
	iters: 2100, epoch: 9 | loss: 0.1831085
	speed: 0.1728s/iter; left time: 4380.6440s
	iters: 2200, epoch: 9 | loss: 0.2178004
	speed: 0.1737s/iter; left time: 4384.8957s
Epoch: 9 cost time: 394.92397809028625
Epoch: 9, Steps: 2287 | Train Loss: 0.2254271 Vali Loss: 0.1910904 Test Loss: 0.2694267
Validation loss decreased (0.191381 --> 0.191090).  Saving model ...
Updating learning rate to 1.953125e-07
	iters: 100, epoch: 10 | loss: 0.2742869
	speed: 0.8126s/iter; left time: 20362.7233s
	iters: 200, epoch: 10 | loss: 0.2970296
	speed: 0.1733s/iter; left time: 4325.1261s
	iters: 300, epoch: 10 | loss: 0.3416003
	speed: 0.1751s/iter; left time: 4353.2036s
	iters: 400, epoch: 10 | loss: 0.2603869
	speed: 0.1729s/iter; left time: 4279.5822s
	iters: 500, epoch: 10 | loss: 0.3037161
	speed: 0.1728s/iter; left time: 4261.6464s
	iters: 600, epoch: 10 | loss: 0.1722291
	speed: 0.1698s/iter; left time: 4169.4894s
	iters: 700, epoch: 10 | loss: 0.2012512
	speed: 0.1753s/iter; left time: 4287.8835s
	iters: 800, epoch: 10 | loss: 0.2516582
	speed: 0.1734s/iter; left time: 4223.8109s
	iters: 900, epoch: 10 | loss: 0.2166784
	speed: 0.1708s/iter; left time: 4142.0887s
	iters: 1000, epoch: 10 | loss: 0.1608259
	speed: 0.1740s/iter; left time: 4203.7395s
	iters: 1100, epoch: 10 | loss: 0.2216845
	speed: 0.1737s/iter; left time: 4179.9651s
	iters: 1200, epoch: 10 | loss: 0.2588874
	speed: 0.1739s/iter; left time: 4165.8582s
	iters: 1300, epoch: 10 | loss: 0.2011487
	speed: 0.1762s/iter; left time: 4203.8214s
	iters: 1400, epoch: 10 | loss: 0.1364775
	speed: 0.1750s/iter; left time: 4157.3792s
	iters: 1500, epoch: 10 | loss: 0.1287849
	speed: 0.1757s/iter; left time: 4157.2745s
	iters: 1600, epoch: 10 | loss: 0.1747770
	speed: 0.1712s/iter; left time: 4032.1447s
	iters: 1700, epoch: 10 | loss: 0.2400303
	speed: 0.1718s/iter; left time: 4031.2141s
	iters: 1800, epoch: 10 | loss: 0.2774802
	speed: 0.1699s/iter; left time: 3967.6405s
	iters: 1900, epoch: 10 | loss: 0.1859210
	speed: 0.1737s/iter; left time: 4040.4587s
	iters: 2000, epoch: 10 | loss: 0.2148121
	speed: 0.1729s/iter; left time: 4003.4112s
	iters: 2100, epoch: 10 | loss: 0.1974179
	speed: 0.1711s/iter; left time: 3945.0164s
	iters: 2200, epoch: 10 | loss: 0.2716717
	speed: 0.1726s/iter; left time: 3963.4509s
Epoch: 10 cost time: 395.84340476989746
Epoch: 10, Steps: 2287 | Train Loss: 0.2253614 Vali Loss: 0.1908854 Test Loss: 0.2684205
Validation loss decreased (0.191090 --> 0.190885).  Saving model ...
Updating learning rate to 9.765625e-08
	iters: 100, epoch: 11 | loss: 0.2053131
	speed: 0.8102s/iter; left time: 18448.3760s
	iters: 200, epoch: 11 | loss: 0.1920865
	speed: 0.1706s/iter; left time: 3867.5075s
	iters: 300, epoch: 11 | loss: 0.2956930
	speed: 0.1720s/iter; left time: 3881.7524s
	iters: 400, epoch: 11 | loss: 0.2471013
	speed: 0.1714s/iter; left time: 3852.2091s
	iters: 500, epoch: 11 | loss: 0.1519130
	speed: 0.1759s/iter; left time: 3934.2626s
	iters: 600, epoch: 11 | loss: 0.2376219
	speed: 0.1706s/iter; left time: 3798.8795s
	iters: 700, epoch: 11 | loss: 0.1266236
	speed: 0.1728s/iter; left time: 3830.4452s
	iters: 800, epoch: 11 | loss: 0.2070246
	speed: 0.1738s/iter; left time: 3835.9326s
	iters: 900, epoch: 11 | loss: 0.2028385
	speed: 0.1757s/iter; left time: 3860.4700s
	iters: 1000, epoch: 11 | loss: 0.1677446
	speed: 0.1717s/iter; left time: 3754.9298s
	iters: 1100, epoch: 11 | loss: 0.1367296
	speed: 0.1735s/iter; left time: 3777.2202s
	iters: 1200, epoch: 11 | loss: 0.2212664
	speed: 0.1745s/iter; left time: 3782.5648s
	iters: 1300, epoch: 11 | loss: 0.2283686
	speed: 0.1769s/iter; left time: 3815.0852s
	iters: 1400, epoch: 11 | loss: 0.1579814
	speed: 0.1756s/iter; left time: 3769.5931s
	iters: 1500, epoch: 11 | loss: 0.1790965
	speed: 0.1731s/iter; left time: 3699.8341s
	iters: 1600, epoch: 11 | loss: 0.1250297
	speed: 0.1750s/iter; left time: 3722.1237s
	iters: 1700, epoch: 11 | loss: 0.1998400
	speed: 0.1732s/iter; left time: 3666.9273s
	iters: 1800, epoch: 11 | loss: 0.2873420
	speed: 0.1700s/iter; left time: 3583.0076s
	iters: 1900, epoch: 11 | loss: 0.2247028
	speed: 0.1744s/iter; left time: 3657.8857s
	iters: 2000, epoch: 11 | loss: 0.1815175
	speed: 0.1765s/iter; left time: 3684.3974s
	iters: 2100, epoch: 11 | loss: 0.2158178
	speed: 0.1748s/iter; left time: 3631.7765s
	iters: 2200, epoch: 11 | loss: 0.1662996
	speed: 0.1738s/iter; left time: 3593.4501s
Epoch: 11 cost time: 397.0772616863251
Epoch: 11, Steps: 2287 | Train Loss: 0.2251356 Vali Loss: 0.1911400 Test Loss: 0.2682256
EarlyStopping counter: 1 out of 10
Updating learning rate to 4.8828125e-08
	iters: 100, epoch: 12 | loss: 0.3128810
	speed: 0.8167s/iter; left time: 16729.5486s
	iters: 200, epoch: 12 | loss: 0.2468991
	speed: 0.1745s/iter; left time: 3557.5044s
	iters: 300, epoch: 12 | loss: 0.1838622
	speed: 0.1744s/iter; left time: 3538.3503s
	iters: 400, epoch: 12 | loss: 0.2513671
	speed: 0.1747s/iter; left time: 3525.3544s
	iters: 500, epoch: 12 | loss: 0.2237753
	speed: 0.1762s/iter; left time: 3538.3376s
	iters: 600, epoch: 12 | loss: 0.1339769
	speed: 0.1760s/iter; left time: 3516.6410s
	iters: 700, epoch: 12 | loss: 0.2899322
	speed: 0.1702s/iter; left time: 3384.7348s
	iters: 800, epoch: 12 | loss: 0.1595938
	speed: 0.1730s/iter; left time: 3422.5044s
	iters: 900, epoch: 12 | loss: 0.1500466
	speed: 0.1694s/iter; left time: 3335.1858s
	iters: 1000, epoch: 12 | loss: 0.2540502
	speed: 0.1733s/iter; left time: 3394.6390s
	iters: 1100, epoch: 12 | loss: 0.2371951
	speed: 0.1724s/iter; left time: 3359.3763s
	iters: 1200, epoch: 12 | loss: 0.1492840
	speed: 0.1725s/iter; left time: 3344.0174s
	iters: 1300, epoch: 12 | loss: 0.2560323
	speed: 0.1770s/iter; left time: 3413.7892s
	iters: 1400, epoch: 12 | loss: 0.2640959
	speed: 0.1720s/iter; left time: 3299.8570s
	iters: 1500, epoch: 12 | loss: 0.3262453
	speed: 0.1733s/iter; left time: 3307.5939s
	iters: 1600, epoch: 12 | loss: 0.3173495
	speed: 0.1727s/iter; left time: 3278.4807s
	iters: 1700, epoch: 12 | loss: 0.1903286
	speed: 0.1748s/iter; left time: 3300.6927s
	iters: 1800, epoch: 12 | loss: 0.5492886
	speed: 0.1730s/iter; left time: 3249.4295s
	iters: 1900, epoch: 12 | loss: 0.2395448
	speed: 0.1726s/iter; left time: 3224.1217s
	iters: 2000, epoch: 12 | loss: 0.1443660
	speed: 0.1714s/iter; left time: 3185.8140s
	iters: 2100, epoch: 12 | loss: 0.1889875
	speed: 0.1774s/iter; left time: 3278.9129s
	iters: 2200, epoch: 12 | loss: 0.2080755
	speed: 0.1734s/iter; left time: 3187.8703s
Epoch: 12 cost time: 396.30776739120483
Epoch: 12, Steps: 2287 | Train Loss: 0.2252356 Vali Loss: 0.1910277 Test Loss: 0.2686611
EarlyStopping counter: 2 out of 10
Updating learning rate to 2.44140625e-08
	iters: 100, epoch: 13 | loss: 0.1994422
	speed: 0.8164s/iter; left time: 14856.8654s
	iters: 200, epoch: 13 | loss: 0.3588986
	speed: 0.1730s/iter; left time: 3130.2482s
	iters: 300, epoch: 13 | loss: 0.2718474
	speed: 0.1738s/iter; left time: 3127.4467s
	iters: 400, epoch: 13 | loss: 0.2556650
	speed: 0.1738s/iter; left time: 3111.0903s
	iters: 500, epoch: 13 | loss: 0.2096421
	speed: 0.1756s/iter; left time: 3124.8126s
	iters: 600, epoch: 13 | loss: 0.1287236
	speed: 0.1739s/iter; left time: 3077.7256s
	iters: 700, epoch: 13 | loss: 0.2198467
	speed: 0.1753s/iter; left time: 3083.9607s
	iters: 800, epoch: 13 | loss: 0.2713191
	speed: 0.1748s/iter; left time: 3058.2376s
	iters: 900, epoch: 13 | loss: 0.2282854
	speed: 0.1699s/iter; left time: 2955.2787s
	iters: 1000, epoch: 13 | loss: 0.2026428
	speed: 0.1732s/iter; left time: 2995.3986s
	iters: 1100, epoch: 13 | loss: 0.2791671
	speed: 0.1743s/iter; left time: 2996.6680s
	iters: 1200, epoch: 13 | loss: 0.2740391
	speed: 0.1739s/iter; left time: 2973.6694s
	iters: 1300, epoch: 13 | loss: 0.1927305
	speed: 0.1731s/iter; left time: 2943.0029s
	iters: 1400, epoch: 13 | loss: 0.2972282
	speed: 0.1764s/iter; left time: 2981.0556s
	iters: 1500, epoch: 13 | loss: 0.2008971
	speed: 0.1749s/iter; left time: 2937.4354s
	iters: 1600, epoch: 13 | loss: 0.2183248
	speed: 0.1728s/iter; left time: 2885.2104s
	iters: 1700, epoch: 13 | loss: 0.2079828
	speed: 0.1733s/iter; left time: 2875.4305s
	iters: 1800, epoch: 13 | loss: 0.2393677
	speed: 0.1728s/iter; left time: 2851.0635s
	iters: 1900, epoch: 13 | loss: 0.2314192
	speed: 0.1728s/iter; left time: 2833.5416s
	iters: 2000, epoch: 13 | loss: 0.2385193
	speed: 0.1732s/iter; left time: 2822.9881s
	iters: 2100, epoch: 13 | loss: 0.1486903
	speed: 0.1734s/iter; left time: 2808.6325s
	iters: 2200, epoch: 13 | loss: 0.1686440
	speed: 0.1751s/iter; left time: 2818.6182s
Epoch: 13 cost time: 397.39995884895325
Epoch: 13, Steps: 2287 | Train Loss: 0.2252133 Vali Loss: 0.1910183 Test Loss: 0.2686436
EarlyStopping counter: 3 out of 10
Updating learning rate to 1.220703125e-08
	iters: 100, epoch: 14 | loss: 0.2187706
	speed: 0.8164s/iter; left time: 12988.8175s
	iters: 200, epoch: 14 | loss: 0.3016704
	speed: 0.1745s/iter; left time: 2759.0073s
	iters: 300, epoch: 14 | loss: 0.2792715
	speed: 0.1726s/iter; left time: 2711.1877s
	iters: 400, epoch: 14 | loss: 0.3040113
	speed: 0.1734s/iter; left time: 2707.4224s
	iters: 500, epoch: 14 | loss: 0.2618802
	speed: 0.1726s/iter; left time: 2676.8464s
	iters: 600, epoch: 14 | loss: 0.1850582
	speed: 0.1689s/iter; left time: 2603.0350s
	iters: 700, epoch: 14 | loss: 0.2133998
	speed: 0.1732s/iter; left time: 2651.6802s
	iters: 800, epoch: 14 | loss: 0.2864627
	speed: 0.1749s/iter; left time: 2660.7737s
	iters: 900, epoch: 14 | loss: 0.2194220
	speed: 0.1740s/iter; left time: 2628.7170s
	iters: 1000, epoch: 14 | loss: 0.1462473
	speed: 0.1718s/iter; left time: 2578.1540s
	iters: 1100, epoch: 14 | loss: 0.1802873
	speed: 0.1740s/iter; left time: 2594.1500s
	iters: 1200, epoch: 14 | loss: 0.2034200
	speed: 0.1727s/iter; left time: 2557.7259s
	iters: 1300, epoch: 14 | loss: 0.1431504
	speed: 0.1731s/iter; left time: 2546.8050s
	iters: 1400, epoch: 14 | loss: 0.2119016
	speed: 0.1724s/iter; left time: 2518.3025s
	iters: 1500, epoch: 14 | loss: 0.1502429
	speed: 0.1731s/iter; left time: 2510.9810s
	iters: 1600, epoch: 14 | loss: 0.1705292
	speed: 0.1737s/iter; left time: 2503.0938s
	iters: 1700, epoch: 14 | loss: 0.1888766
	speed: 0.1719s/iter; left time: 2460.0526s
	iters: 1800, epoch: 14 | loss: 0.3777014
	speed: 0.1739s/iter; left time: 2470.9922s
	iters: 1900, epoch: 14 | loss: 0.1986079
	speed: 0.1738s/iter; left time: 2452.7383s
	iters: 2000, epoch: 14 | loss: 0.2656781
	speed: 0.1720s/iter; left time: 2409.6557s
	iters: 2100, epoch: 14 | loss: 0.2540646
	speed: 0.1725s/iter; left time: 2398.9277s
	iters: 2200, epoch: 14 | loss: 0.4595435
	speed: 0.1739s/iter; left time: 2401.4311s
Epoch: 14 cost time: 396.31155705451965
Epoch: 14, Steps: 2287 | Train Loss: 0.2251500 Vali Loss: 0.1910341 Test Loss: 0.2686486
EarlyStopping counter: 4 out of 10
Updating learning rate to 6.103515625e-09
	iters: 100, epoch: 15 | loss: 0.2353463
	speed: 0.8119s/iter; left time: 11060.7297s
	iters: 200, epoch: 15 | loss: 0.2294682
	speed: 0.1720s/iter; left time: 2325.9000s
	iters: 300, epoch: 15 | loss: 0.2623001
	speed: 0.1684s/iter; left time: 2260.2174s
	iters: 400, epoch: 15 | loss: 0.2235932
	speed: 0.1728s/iter; left time: 2301.8160s
	iters: 500, epoch: 15 | loss: 0.2864355
	speed: 0.1758s/iter; left time: 2324.0972s
	iters: 600, epoch: 15 | loss: 0.1884715
	speed: 0.1730s/iter; left time: 2270.0824s
	iters: 700, epoch: 15 | loss: 0.1271462
	speed: 0.1743s/iter; left time: 2269.9935s
	iters: 800, epoch: 15 | loss: 0.1762780
	speed: 0.1747s/iter; left time: 2257.4675s
	iters: 900, epoch: 15 | loss: 0.2621624
	speed: 0.1744s/iter; left time: 2236.6690s
	iters: 1000, epoch: 15 | loss: 0.1904797
	speed: 0.1714s/iter; left time: 2180.2070s
	iters: 1100, epoch: 15 | loss: 0.2355672
	speed: 0.1748s/iter; left time: 2206.7746s
	iters: 1200, epoch: 15 | loss: 0.3211420
	speed: 0.1746s/iter; left time: 2186.1579s
	iters: 1300, epoch: 15 | loss: 0.4910392
	speed: 0.1738s/iter; left time: 2158.6348s
	iters: 1400, epoch: 15 | loss: 0.2642023
	speed: 0.1727s/iter; left time: 2128.5879s
	iters: 1500, epoch: 15 | loss: 0.3618836
	speed: 0.1733s/iter; left time: 2117.6621s
	iters: 1600, epoch: 15 | loss: 0.2989842
	speed: 0.1778s/iter; left time: 2155.0195s
	iters: 1700, epoch: 15 | loss: 0.2722427
	speed: 0.1746s/iter; left time: 2098.7159s
	iters: 1800, epoch: 15 | loss: 0.1445715
	speed: 0.1740s/iter; left time: 2074.3310s
	iters: 1900, epoch: 15 | loss: 0.1646334
	speed: 0.1745s/iter; left time: 2062.6860s
	iters: 2000, epoch: 15 | loss: 0.1941168
	speed: 0.1733s/iter; left time: 2031.4361s
	iters: 2100, epoch: 15 | loss: 0.1558648
	speed: 0.1725s/iter; left time: 2005.4511s
	iters: 2200, epoch: 15 | loss: 0.2121318
	speed: 0.1699s/iter; left time: 1957.4574s
Epoch: 15 cost time: 396.4520592689514
Epoch: 15, Steps: 2287 | Train Loss: 0.2252491 Vali Loss: 0.1909334 Test Loss: 0.2686358
EarlyStopping counter: 5 out of 10
Updating learning rate to 3.0517578125e-09
	iters: 100, epoch: 16 | loss: 0.1776393
	speed: 0.8145s/iter; left time: 9233.1869s
	iters: 200, epoch: 16 | loss: 0.1242584
	speed: 0.1728s/iter; left time: 1941.7556s
	iters: 300, epoch: 16 | loss: 0.2431993
	speed: 0.1727s/iter; left time: 1923.4027s
	iters: 400, epoch: 16 | loss: 0.2223100
	speed: 0.1727s/iter; left time: 1906.4570s
	iters: 500, epoch: 16 | loss: 0.2505679
	speed: 0.1722s/iter; left time: 1883.5034s
	iters: 600, epoch: 16 | loss: 0.2154098
	speed: 0.1748s/iter; left time: 1894.4273s
	iters: 700, epoch: 16 | loss: 0.2275819
	speed: 0.1719s/iter; left time: 1845.6354s
	iters: 800, epoch: 16 | loss: 0.3092888
	speed: 0.1721s/iter; left time: 1830.8705s
	iters: 900, epoch: 16 | loss: 0.2367614
	speed: 0.1773s/iter; left time: 1867.6584s
	iters: 1000, epoch: 16 | loss: 0.2592921
	speed: 0.1720s/iter; left time: 1795.0771s
	iters: 1100, epoch: 16 | loss: 0.2645201
	speed: 0.1692s/iter; left time: 1748.3825s
	iters: 1200, epoch: 16 | loss: 0.2103519
	speed: 0.1733s/iter; left time: 1774.1591s
	iters: 1300, epoch: 16 | loss: 0.2455380
	speed: 0.1717s/iter; left time: 1740.2703s
	iters: 1400, epoch: 16 | loss: 0.2894618
	speed: 0.1734s/iter; left time: 1740.1008s
	iters: 1500, epoch: 16 | loss: 0.3459004
	speed: 0.1724s/iter; left time: 1712.6300s
	iters: 1600, epoch: 16 | loss: 0.3458703
	speed: 0.1728s/iter; left time: 1699.3972s
	iters: 1700, epoch: 16 | loss: 0.3247599
	speed: 0.1731s/iter; left time: 1685.4447s
	iters: 1800, epoch: 16 | loss: 0.2543885
	speed: 0.1746s/iter; left time: 1682.3488s
	iters: 1900, epoch: 16 | loss: 0.2167763
	speed: 0.1753s/iter; left time: 1671.3225s
	iters: 2000, epoch: 16 | loss: 0.1578749
	speed: 0.1730s/iter; left time: 1632.8911s
	iters: 2100, epoch: 16 | loss: 0.1464795
	speed: 0.1758s/iter; left time: 1641.4825s
	iters: 2200, epoch: 16 | loss: 0.2118974
	speed: 0.1732s/iter; left time: 1599.9010s
Epoch: 16 cost time: 395.80495977401733
Epoch: 16, Steps: 2287 | Train Loss: 0.2253235 Vali Loss: 0.1906695 Test Loss: 0.2686284
Validation loss decreased (0.190885 --> 0.190670).  Saving model ...
Updating learning rate to 1.52587890625e-09
	iters: 100, epoch: 17 | loss: 0.2365640
	speed: 0.8111s/iter; left time: 7339.9707s
	iters: 200, epoch: 17 | loss: 0.2056665
	speed: 0.1720s/iter; left time: 1539.5987s
	iters: 300, epoch: 17 | loss: 0.2172618
	speed: 0.1738s/iter; left time: 1538.0349s
	iters: 400, epoch: 17 | loss: 0.1195819
	speed: 0.1749s/iter; left time: 1529.8109s
	iters: 500, epoch: 17 | loss: 0.2531622
	speed: 0.1728s/iter; left time: 1494.5644s
	iters: 600, epoch: 17 | loss: 0.1648931
	speed: 0.1754s/iter; left time: 1499.2015s
	iters: 700, epoch: 17 | loss: 0.3754615
	speed: 0.1720s/iter; left time: 1453.4606s
	iters: 800, epoch: 17 | loss: 0.2635194
	speed: 0.1719s/iter; left time: 1435.2350s
	iters: 900, epoch: 17 | loss: 0.2387983
	speed: 0.1737s/iter; left time: 1432.9660s
	iters: 1000, epoch: 17 | loss: 0.2766984
	speed: 0.1731s/iter; left time: 1410.4612s
	iters: 1100, epoch: 17 | loss: 0.1883741
	speed: 0.1741s/iter; left time: 1400.9628s
	iters: 1200, epoch: 17 | loss: 0.1860622
	speed: 0.1748s/iter; left time: 1389.1771s
	iters: 1300, epoch: 17 | loss: 0.2343819
	speed: 0.1735s/iter; left time: 1361.6066s
	iters: 1400, epoch: 17 | loss: 0.2228812
	speed: 0.1740s/iter; left time: 1348.1335s
	iters: 1500, epoch: 17 | loss: 0.2960973
	speed: 0.1750s/iter; left time: 1338.6706s
	iters: 1600, epoch: 17 | loss: 0.2550682
	speed: 0.1721s/iter; left time: 1299.4537s
	iters: 1700, epoch: 17 | loss: 0.2388658
	speed: 0.1726s/iter; left time: 1285.4319s
	iters: 1800, epoch: 17 | loss: 0.2637497
	speed: 0.1738s/iter; left time: 1277.5657s
	iters: 1900, epoch: 17 | loss: 0.2847344
	speed: 0.1762s/iter; left time: 1277.3282s
	iters: 2000, epoch: 17 | loss: 0.1245186
	speed: 0.1749s/iter; left time: 1250.2166s
	iters: 2100, epoch: 17 | loss: 0.1380931
	speed: 0.1745s/iter; left time: 1230.2356s
	iters: 2200, epoch: 17 | loss: 0.2475036
	speed: 0.1753s/iter; left time: 1218.1465s
Epoch: 17 cost time: 397.2038378715515
Epoch: 17, Steps: 2287 | Train Loss: 0.2251630 Vali Loss: 0.1909500 Test Loss: 0.2686271
EarlyStopping counter: 1 out of 10
Updating learning rate to 7.62939453125e-10
	iters: 100, epoch: 18 | loss: 0.2752858
	speed: 0.8130s/iter; left time: 5497.2279s
	iters: 200, epoch: 18 | loss: 0.2256845
	speed: 0.1713s/iter; left time: 1141.2466s
	iters: 300, epoch: 18 | loss: 0.1809610
	speed: 0.1757s/iter; left time: 1153.1461s
	iters: 400, epoch: 18 | loss: 0.4161470
	speed: 0.1772s/iter; left time: 1144.7884s
	iters: 500, epoch: 18 | loss: 0.3034370
	speed: 0.1741s/iter; left time: 1107.4969s
	iters: 600, epoch: 18 | loss: 0.1686679
	speed: 0.1752s/iter; left time: 1097.1847s
	iters: 700, epoch: 18 | loss: 0.2413961
	speed: 0.1730s/iter; left time: 1065.9460s
	iters: 800, epoch: 18 | loss: 0.2087405
	speed: 0.1757s/iter; left time: 1065.3257s
	iters: 900, epoch: 18 | loss: 0.1606051
	speed: 0.1751s/iter; left time: 1043.9971s
	iters: 1000, epoch: 18 | loss: 0.4154086
	speed: 0.1724s/iter; left time: 1010.8751s
	iters: 1100, epoch: 18 | loss: 0.2011331
	speed: 0.1746s/iter; left time: 1005.8417s
	iters: 1200, epoch: 18 | loss: 0.1811707
	speed: 0.1722s/iter; left time: 975.2571s
	iters: 1300, epoch: 18 | loss: 0.3438204
	speed: 0.1719s/iter; left time: 956.3644s
	iters: 1400, epoch: 18 | loss: 0.1745709
	speed: 0.1710s/iter; left time: 934.1520s
	iters: 1500, epoch: 18 | loss: 0.1704868
	speed: 0.1755s/iter; left time: 940.9597s
	iters: 1600, epoch: 18 | loss: 0.1645046
	speed: 0.1757s/iter; left time: 924.5138s
	iters: 1700, epoch: 18 | loss: 0.1924949
	speed: 0.1737s/iter; left time: 896.4738s
	iters: 1800, epoch: 18 | loss: 0.3438241
	speed: 0.1764s/iter; left time: 892.8375s
	iters: 1900, epoch: 18 | loss: 0.2439933
	speed: 0.1743s/iter; left time: 864.7294s
	iters: 2000, epoch: 18 | loss: 0.1924630
	speed: 0.1720s/iter; left time: 836.4538s
	iters: 2100, epoch: 18 | loss: 0.1435728
	speed: 0.1733s/iter; left time: 825.3763s
	iters: 2200, epoch: 18 | loss: 0.2625718
	speed: 0.1754s/iter; left time: 817.8568s
Epoch: 18 cost time: 398.0262460708618
Epoch: 18, Steps: 2287 | Train Loss: 0.2252936 Vali Loss: 0.1910206 Test Loss: 0.2686272
EarlyStopping counter: 2 out of 10
Updating learning rate to 3.814697265625e-10
	iters: 100, epoch: 19 | loss: 0.1889279
	speed: 0.8187s/iter; left time: 3663.8526s
	iters: 200, epoch: 19 | loss: 0.3376434
	speed: 0.1719s/iter; left time: 752.0586s
	iters: 300, epoch: 19 | loss: 0.2157330
	speed: 0.1751s/iter; left time: 748.4167s
	iters: 400, epoch: 19 | loss: 0.2274801
	speed: 0.1717s/iter; left time: 716.9332s
	iters: 500, epoch: 19 | loss: 0.1833224
	speed: 0.1749s/iter; left time: 712.8774s
	iters: 600, epoch: 19 | loss: 0.2392554
	speed: 0.1753s/iter; left time: 696.9907s
	iters: 700, epoch: 19 | loss: 0.2477887
	speed: 0.1728s/iter; left time: 669.6052s
	iters: 800, epoch: 19 | loss: 0.3725660
	speed: 0.1752s/iter; left time: 661.3081s
	iters: 900, epoch: 19 | loss: 0.2116669
	speed: 0.1740s/iter; left time: 639.4849s
	iters: 1000, epoch: 19 | loss: 0.2467502
	speed: 0.1726s/iter; left time: 617.1433s
	iters: 1100, epoch: 19 | loss: 0.2908546
	speed: 0.1753s/iter; left time: 609.0642s
	iters: 1200, epoch: 19 | loss: 0.1581437
	speed: 0.1767s/iter; left time: 596.3205s
	iters: 1300, epoch: 19 | loss: 0.2214092
	speed: 0.1748s/iter; left time: 572.4364s
	iters: 1400, epoch: 19 | loss: 0.2195546
	speed: 0.1737s/iter; left time: 551.6324s
	iters: 1500, epoch: 19 | loss: 0.2944055
	speed: 0.1751s/iter; left time: 538.3861s
	iters: 1600, epoch: 19 | loss: 0.4575664
	speed: 0.1785s/iter; left time: 531.1119s
	iters: 1700, epoch: 19 | loss: 0.1987882
	speed: 0.1750s/iter; left time: 503.0276s
	iters: 1800, epoch: 19 | loss: 0.3271115
	speed: 0.1744s/iter; left time: 483.8383s
	iters: 1900, epoch: 19 | loss: 0.1999385
	speed: 0.1736s/iter; left time: 464.4225s
	iters: 2000, epoch: 19 | loss: 0.2704008
	speed: 0.1745s/iter; left time: 449.3802s
	iters: 2100, epoch: 19 | loss: 0.2912636
	speed: 0.1745s/iter; left time: 431.9959s
	iters: 2200, epoch: 19 | loss: 0.1316043
	speed: 0.1729s/iter; left time: 410.5720s
Epoch: 19 cost time: 398.88102197647095
Epoch: 19, Steps: 2287 | Train Loss: 0.2252432 Vali Loss: 0.1909031 Test Loss: 0.2686271
EarlyStopping counter: 3 out of 10
Updating learning rate to 1.9073486328125e-10
	iters: 100, epoch: 20 | loss: 0.2678160
	speed: 0.8168s/iter; left time: 1787.2479s
	iters: 200, epoch: 20 | loss: 0.2681194
	speed: 0.1764s/iter; left time: 368.2199s
	iters: 300, epoch: 20 | loss: 0.1086998
	speed: 0.1762s/iter; left time: 350.3825s
	iters: 400, epoch: 20 | loss: 0.1389258
	speed: 0.1757s/iter; left time: 331.7345s
	iters: 500, epoch: 20 | loss: 0.1922453
	speed: 0.1738s/iter; left time: 310.8165s
	iters: 600, epoch: 20 | loss: 0.1431644
	speed: 0.1737s/iter; left time: 293.1695s
	iters: 700, epoch: 20 | loss: 0.3281820
	speed: 0.1725s/iter; left time: 273.9396s
	iters: 800, epoch: 20 | loss: 0.2143292
	speed: 0.1708s/iter; left time: 254.2180s
	iters: 900, epoch: 20 | loss: 0.1801328
	speed: 0.1757s/iter; left time: 243.8670s
	iters: 1000, epoch: 20 | loss: 0.2336510
	speed: 0.1731s/iter; left time: 222.9111s
	iters: 1100, epoch: 20 | loss: 0.2644619
	speed: 0.1732s/iter; left time: 205.7422s
	iters: 1200, epoch: 20 | loss: 0.2882019
	speed: 0.1735s/iter; left time: 188.7932s
	iters: 1300, epoch: 20 | loss: 0.2216173
	speed: 0.1708s/iter; left time: 168.7174s
	iters: 1400, epoch: 20 | loss: 0.3094704
	speed: 0.1709s/iter; left time: 151.7596s
	iters: 1500, epoch: 20 | loss: 0.1976953
	speed: 0.1697s/iter; left time: 133.7540s
	iters: 1600, epoch: 20 | loss: 0.1323085
	speed: 0.1741s/iter; left time: 119.7592s
	iters: 1700, epoch: 20 | loss: 0.4192065
	speed: 0.1711s/iter; left time: 100.6095s
	iters: 1800, epoch: 20 | loss: 0.2171780
	speed: 0.1727s/iter; left time: 84.2993s
	iters: 1900, epoch: 20 | loss: 0.1986905
	speed: 0.1710s/iter; left time: 66.3536s
	iters: 2000, epoch: 20 | loss: 0.1591884
	speed: 0.1735s/iter; left time: 49.9632s
	iters: 2100, epoch: 20 | loss: 0.2577588
	speed: 0.1721s/iter; left time: 32.3499s
	iters: 2200, epoch: 20 | loss: 0.3239420
	speed: 0.1701s/iter; left time: 14.9677s
Epoch: 20 cost time: 395.4063928127289
Epoch: 20, Steps: 2287 | Train Loss: 0.2252122 Vali Loss: 0.1908515 Test Loss: 0.2686271
EarlyStopping counter: 4 out of 10
Updating learning rate to 9.5367431640625e-11
>>>>>>>testing : long_term_forecast_PP_Solar-Energy_96_96_none_TimeMixerPP_Solar_sl96_pl96_dm32_nh4_el2_dl1_df64_fc3_ebtimeF_dtTrue_Exp_0<<<<<<<<<<<<<<<<<<<<<<<<<<<<<<<<<
test 10417
mse:0.26862844824790955, mae:0.3140783905982971
