Args in experiment:
Namespace(activation='gelu', anomaly_ratio=0.25, batch_size=16, c_out=137, channel_independence=1, checkpoints='./checkpoints/', comment='none', d_ff=64, d_layers=1, d_model=32, data='Solar', data_path='solar_AL.txt', dec_in=137, decomp_method='moving_avg', des='Exp', devices='0,1', distil=True, down_sampling_layers=3, down_sampling_method='avg', down_sampling_window=2, drop_last=True, dropout=0.1, e_layers=2, embed='timeF', enc_in=137, factor=3, features='M', freq='h', gpu=0, inverse=False, is_training=1, itr=1, label_len=0, learning_rate=5e-05, loss='MSE', lradj='type1', mask_rate=0.125, model='TimeMixerPP', model_id='PP_Solar-Energy_96_192', moving_avg=25, n_heads=4, num_kernels=6, num_workers=0, output_attention=False, p_hidden_dims=[128, 128], p_hidden_layers=2, patience=10, pct_start=0.2, pred_len=192, root_path='<workspace>\\dataset\\solar', seasonal_patterns='Monthly', seq_len=96, target='OT', task_name='long_term_forecast', top_k=3, train_epochs=20, use_amp=False, use_future_temporal_feature=0, use_gpu=True, use_multi_gpu=False, use_norm=1)
Use GPU: cuda:0
>>>>>>>start training : long_term_forecast_PP_Solar-Energy_96_192_none_TimeMixerPP_Solar_sl96_pl192_dm32_nh4_el2_dl1_df64_fc3_ebtimeF_dtTrue_Exp_0>>>>>>>>>>>>>>>>>>>>>>>>>>
train 36505
val 5065
test 10321
	iters: 100, epoch: 1 | loss: 1.8177630
	speed: 0.1880s/iter; left time: 8558.5179s
	iters: 200, epoch: 1 | loss: 1.8443910
	speed: 0.1561s/iter; left time: 7091.2945s
	iters: 300, epoch: 1 | loss: 1.6894706
	speed: 0.1525s/iter; left time: 6910.6873s
	iters: 400, epoch: 1 | loss: 1.7631445
	speed: 0.1521s/iter; left time: 6878.2752s
	iters: 500, epoch: 1 | loss: 1.6879491
	speed: 0.1508s/iter; left time: 6805.0762s
	iters: 600, epoch: 1 | loss: 1.6966122
	speed: 0.1534s/iter; left time: 6904.0976s
	iters: 700, epoch: 1 | loss: 1.7725352
	speed: 0.1541s/iter; left time: 6923.2188s
	iters: 800, epoch: 1 | loss: 1.6155833
	speed: 0.1514s/iter; left time: 6787.7292s
	iters: 900, epoch: 1 | loss: 1.8403858
	speed: 0.1549s/iter; left time: 6925.7589s
	iters: 1000, epoch: 1 | loss: 1.8883748
	speed: 0.1535s/iter; left time: 6849.2835s
	iters: 1100, epoch: 1 | loss: 1.5650786
	speed: 0.1549s/iter; left time: 6898.3379s
	iters: 1200, epoch: 1 | loss: 1.8353585
	speed: 0.1539s/iter; left time: 6835.0480s
	iters: 1300, epoch: 1 | loss: 1.8961351
	speed: 0.1520s/iter; left time: 6736.9478s
	iters: 1400, epoch: 1 | loss: 1.9892417
	speed: 0.1528s/iter; left time: 6755.5207s
	iters: 1500, epoch: 1 | loss: 1.7489135
	speed: 0.1535s/iter; left time: 6771.1741s
	iters: 1600, epoch: 1 | loss: 1.5627836
	speed: 0.1537s/iter; left time: 6765.9236s
	iters: 1700, epoch: 1 | loss: 1.9556516
	speed: 0.1557s/iter; left time: 6839.4903s
	iters: 1800, epoch: 1 | loss: 1.9242741
	speed: 0.1540s/iter; left time: 6749.0393s
	iters: 1900, epoch: 1 | loss: 1.8604306
	speed: 0.1554s/iter; left time: 6793.2647s
	iters: 2000, epoch: 1 | loss: 2.0161045
	speed: 0.1575s/iter; left time: 6869.0410s
	iters: 2100, epoch: 1 | loss: 1.9859464
	speed: 0.1538s/iter; left time: 6695.6068s
	iters: 2200, epoch: 1 | loss: 1.7219863
	speed: 0.1531s/iter; left time: 6649.6564s
Epoch: 1 cost time: 354.3820695877075
Epoch: 1, Steps: 2281 | Train Loss: nan Vali Loss: 1.7909405 Test Loss: 1.3325002
Validation loss decreased (inf --> 1.790941).  Saving model ...
Updating learning rate to 5e-05
	iters: 100, epoch: 2 | loss: 1.9676205
	speed: 0.7621s/iter; left time: 32953.9532s
	iters: 200, epoch: 2 | loss: 2.0046093
	speed: 0.1571s/iter; left time: 6776.9185s
	iters: 300, epoch: 2 | loss: 1.6103191
	speed: 0.1557s/iter; left time: 6703.3412s
	iters: 400, epoch: 2 | loss: 1.7065254
	speed: 0.1517s/iter; left time: 6514.9758s
	iters: 500, epoch: 2 | loss: 1.9927241
	speed: 0.1553s/iter; left time: 6654.1577s
	iters: 600, epoch: 2 | loss: 2.0031211
	speed: 0.1561s/iter; left time: 6670.2836s
	iters: 700, epoch: 2 | loss: 1.7842548
	speed: 0.1560s/iter; left time: 6650.9984s
	iters: 800, epoch: 2 | loss: 1.6051422
	speed: 0.1536s/iter; left time: 6533.0882s
	iters: 900, epoch: 2 | loss: 1.7668768
	speed: 0.1530s/iter; left time: 6492.5477s
	iters: 1000, epoch: 2 | loss: 1.8225781
	speed: 0.1561s/iter; left time: 6607.1611s
	iters: 1100, epoch: 2 | loss: 1.7337079
	speed: 0.1550s/iter; left time: 6547.8057s
	iters: 1200, epoch: 2 | loss: 1.9312577
	speed: 0.1548s/iter; left time: 6525.1582s
	iters: 1300, epoch: 2 | loss: 1.9770931
	speed: 0.1555s/iter; left time: 6537.4355s
	iters: 1400, epoch: 2 | loss: 1.8152362
	speed: 0.1525s/iter; left time: 6396.7611s
	iters: 1500, epoch: 2 | loss: 1.7115918
	speed: 0.1559s/iter; left time: 6524.7723s
	iters: 1600, epoch: 2 | loss: 2.1768410
	speed: 0.1535s/iter; left time: 6405.3805s
	iters: 1700, epoch: 2 | loss: 1.8899173
	speed: 0.1537s/iter; left time: 6398.8947s
	iters: 1800, epoch: 2 | loss: 1.8192275
	speed: 0.1551s/iter; left time: 6444.2105s
	iters: 1900, epoch: 2 | loss: 1.6242175
	speed: 0.1651s/iter; left time: 6839.8945s
	iters: 2000, epoch: 2 | loss: 1.3987778
	speed: 0.1685s/iter; left time: 6964.0321s
	iters: 2100, epoch: 2 | loss: 1.1747544
	speed: 0.1708s/iter; left time: 7045.4012s
	iters: 2200, epoch: 2 | loss: 0.8011336
	speed: 0.1691s/iter; left time: 6956.3636s
Epoch: 2 cost time: 359.3973431587219
Epoch: 2, Steps: 2281 | Train Loss: 1.2719999 Vali Loss: 0.7594729 Test Loss: 0.6824778
Validation loss decreased (1.790941 --> 0.759473).  Saving model ...
Updating learning rate to 2.5e-05
	iters: 100, epoch: 3 | loss: 0.6747286
	speed: 0.7837s/iter; left time: 32101.2960s
	iters: 200, epoch: 3 | loss: 0.6327757
	speed: 0.1699s/iter; left time: 6939.9852s
	iters: 300, epoch: 3 | loss: 0.5776521
	speed: 0.1688s/iter; left time: 6879.8601s
	iters: 400, epoch: 3 | loss: 0.6409783
	speed: 0.1736s/iter; left time: 7059.5069s
	iters: 500, epoch: 3 | loss: 0.5287121
	speed: 0.1715s/iter; left time: 6957.7781s
	iters: 600, epoch: 3 | loss: 0.4391320
	speed: 0.1676s/iter; left time: 6780.3760s
	iters: 700, epoch: 3 | loss: 0.4618169
	speed: 0.1692s/iter; left time: 6828.2304s
	iters: 800, epoch: 3 | loss: 0.3522591
	speed: 0.1695s/iter; left time: 6825.5771s
	iters: 900, epoch: 3 | loss: 0.4329452
	speed: 0.1690s/iter; left time: 6786.8085s
	iters: 1000, epoch: 3 | loss: 0.4186833
	speed: 0.1687s/iter; left time: 6756.8022s
	iters: 1100, epoch: 3 | loss: 0.4788416
	speed: 0.1696s/iter; left time: 6776.2206s
	iters: 1200, epoch: 3 | loss: 0.3509152
	speed: 0.1699s/iter; left time: 6771.5428s
	iters: 1300, epoch: 3 | loss: 0.4045751
	speed: 0.1694s/iter; left time: 6735.5897s
	iters: 1400, epoch: 3 | loss: 0.2914891
	speed: 0.1686s/iter; left time: 6688.3670s
	iters: 1500, epoch: 3 | loss: 0.2858090
	speed: 0.1694s/iter; left time: 6703.1516s
	iters: 1600, epoch: 3 | loss: 0.2855180
	speed: 0.1665s/iter; left time: 6569.4440s
	iters: 1700, epoch: 3 | loss: 0.2791093
	speed: 0.1696s/iter; left time: 6677.1661s
	iters: 1800, epoch: 3 | loss: 0.2449373
	speed: 0.1693s/iter; left time: 6646.8272s
	iters: 1900, epoch: 3 | loss: 0.3012846
	speed: 0.1693s/iter; left time: 6627.9200s
	iters: 2000, epoch: 3 | loss: 0.2361342
	speed: 0.1686s/iter; left time: 6587.0059s
	iters: 2100, epoch: 3 | loss: 0.3912373
	speed: 0.1702s/iter; left time: 6629.0272s
	iters: 2200, epoch: 3 | loss: 0.3844508
	speed: 0.1691s/iter; left time: 6569.8522s
Epoch: 3 cost time: 386.5033714771271
Epoch: 3, Steps: 2281 | Train Loss: 0.4271853 Vali Loss: 0.2539582 Test Loss: 0.3710741
Validation loss decreased (0.759473 --> 0.253958).  Saving model ...
Updating learning rate to 1.25e-05
	iters: 100, epoch: 4 | loss: 0.3362744
	speed: 0.7862s/iter; left time: 30408.1463s
	iters: 200, epoch: 4 | loss: 0.3024670
	speed: 0.1669s/iter; left time: 6439.9744s
	iters: 300, epoch: 4 | loss: 0.2890672
	speed: 0.1740s/iter; left time: 6696.5168s
	iters: 400, epoch: 4 | loss: 0.2718129
	speed: 0.1696s/iter; left time: 6507.8702s
	iters: 500, epoch: 4 | loss: 0.1801763
	speed: 0.1728s/iter; left time: 6613.9522s
	iters: 600, epoch: 4 | loss: 0.3230768
	speed: 0.1700s/iter; left time: 6491.8343s
	iters: 700, epoch: 4 | loss: 0.2343162
	speed: 0.1702s/iter; left time: 6481.5914s
	iters: 800, epoch: 4 | loss: 0.2579830
	speed: 0.1716s/iter; left time: 6516.6051s
	iters: 900, epoch: 4 | loss: 0.2415872
	speed: 0.1711s/iter; left time: 6480.8833s
	iters: 1000, epoch: 4 | loss: 0.2839238
	speed: 0.1704s/iter; left time: 6436.7423s
	iters: 1100, epoch: 4 | loss: 0.3564749
	speed: 0.1694s/iter; left time: 6381.7881s
	iters: 1200, epoch: 4 | loss: 0.2109072
	speed: 0.1685s/iter; left time: 6331.2746s
	iters: 1300, epoch: 4 | loss: 0.2010172
	speed: 0.1700s/iter; left time: 6370.2753s
	iters: 1400, epoch: 4 | loss: 0.2310318
	speed: 0.1714s/iter; left time: 6405.9785s
	iters: 1500, epoch: 4 | loss: 0.2489977
	speed: 0.1724s/iter; left time: 6425.2887s
	iters: 1600, epoch: 4 | loss: 0.2556797
	speed: 0.1693s/iter; left time: 6294.7117s
	iters: 1700, epoch: 4 | loss: 0.3655813
	speed: 0.1708s/iter; left time: 6331.3478s
	iters: 1800, epoch: 4 | loss: 0.2020517
	speed: 0.1717s/iter; left time: 6348.4433s
	iters: 1900, epoch: 4 | loss: 0.1800357
	speed: 0.1676s/iter; left time: 6182.1202s
	iters: 2000, epoch: 4 | loss: 0.3104212
	speed: 0.1708s/iter; left time: 6282.2568s
	iters: 2100, epoch: 4 | loss: 0.2223360
	speed: 0.1732s/iter; left time: 6352.5712s
	iters: 2200, epoch: 4 | loss: 0.2569951
	speed: 0.1720s/iter; left time: 6292.2401s
Epoch: 4 cost time: 388.88393664360046
Epoch: 4, Steps: 2281 | Train Loss: 0.2836810 Vali Loss: 0.2334941 Test Loss: 0.3812468
Validation loss decreased (0.253958 --> 0.233494).  Saving model ...
Updating learning rate to 6.25e-06
	iters: 100, epoch: 5 | loss: 0.2880112
	speed: 0.8050s/iter; left time: 29299.5893s
	iters: 200, epoch: 5 | loss: 0.1617217
	speed: 0.1687s/iter; left time: 6124.1239s
	iters: 300, epoch: 5 | loss: 0.2590107
	speed: 0.1779s/iter; left time: 6438.7737s
	iters: 400, epoch: 5 | loss: 0.2041714
	speed: 0.1948s/iter; left time: 7032.7593s
	iters: 500, epoch: 5 | loss: 0.2231199
	speed: 0.1766s/iter; left time: 6356.0456s
	iters: 600, epoch: 5 | loss: 0.2551061
	speed: 0.1715s/iter; left time: 6155.1409s
	iters: 700, epoch: 5 | loss: 0.4311371
	speed: 0.1695s/iter; left time: 6069.2262s
	iters: 800, epoch: 5 | loss: 0.3208730
	speed: 0.1648s/iter; left time: 5883.0180s
	iters: 900, epoch: 5 | loss: 0.2470731
	speed: 0.1683s/iter; left time: 5989.7795s
	iters: 1000, epoch: 5 | loss: 0.2867829
	speed: 0.1648s/iter; left time: 5848.6867s
	iters: 1100, epoch: 5 | loss: 0.2759197
	speed: 0.1632s/iter; left time: 5776.3474s
	iters: 1200, epoch: 5 | loss: 0.2580815
	speed: 0.1649s/iter; left time: 5819.7977s
	iters: 1300, epoch: 5 | loss: 0.2342779
	speed: 0.1648s/iter; left time: 5801.1860s
	iters: 1400, epoch: 5 | loss: 0.2503420
	speed: 0.1650s/iter; left time: 5789.7331s
	iters: 1500, epoch: 5 | loss: 0.2200391
	speed: 0.1664s/iter; left time: 5822.6496s
	iters: 1600, epoch: 5 | loss: 0.4486551
	speed: 0.1681s/iter; left time: 5866.0057s
	iters: 1700, epoch: 5 | loss: 0.3162585
	speed: 0.1658s/iter; left time: 5769.5185s
	iters: 1800, epoch: 5 | loss: 0.2839994
	speed: 0.1657s/iter; left time: 5749.8430s
	iters: 1900, epoch: 5 | loss: 0.2605189
	speed: 0.1678s/iter; left time: 5806.8023s
	iters: 2000, epoch: 5 | loss: 0.1899930
	speed: 0.1682s/iter; left time: 5802.2535s
	iters: 2100, epoch: 5 | loss: 0.2812216
	speed: 0.1641s/iter; left time: 5644.1082s
	iters: 2200, epoch: 5 | loss: 0.2477913
	speed: 0.1642s/iter; left time: 5631.1960s
Epoch: 5 cost time: 384.7987174987793
Epoch: 5, Steps: 2281 | Train Loss: 0.2721571 Vali Loss: 0.2249863 Test Loss: 0.3631469
Validation loss decreased (0.233494 --> 0.224986).  Saving model ...
Updating learning rate to 3.125e-06
	iters: 100, epoch: 6 | loss: 0.3156522
	speed: 0.7553s/iter; left time: 25767.2498s
	iters: 200, epoch: 6 | loss: 0.2851007
	speed: 0.1704s/iter; left time: 5794.9519s
	iters: 300, epoch: 6 | loss: 0.2816142
	speed: 0.1635s/iter; left time: 5546.5330s
	iters: 400, epoch: 6 | loss: 0.2726451
	speed: 0.1658s/iter; left time: 5607.5450s
	iters: 500, epoch: 6 | loss: 0.2131084
	speed: 0.1670s/iter; left time: 5631.0887s
	iters: 600, epoch: 6 | loss: 0.2283040
	speed: 0.1653s/iter; left time: 5556.2031s
	iters: 700, epoch: 6 | loss: 0.2169640
	speed: 0.1662s/iter; left time: 5568.9509s
	iters: 800, epoch: 6 | loss: 0.1426031
	speed: 0.1622s/iter; left time: 5420.7789s
	iters: 900, epoch: 6 | loss: 0.2881569
	speed: 0.1669s/iter; left time: 5562.0746s
	iters: 1000, epoch: 6 | loss: 0.3122253
	speed: 0.1690s/iter; left time: 5614.5185s
	iters: 1100, epoch: 6 | loss: 0.2670335
	speed: 0.1738s/iter; left time: 5754.0385s
	iters: 1200, epoch: 6 | loss: 0.2472648
	speed: 0.1671s/iter; left time: 5517.3625s
	iters: 1300, epoch: 6 | loss: 0.2699253
	speed: 0.1657s/iter; left time: 5455.0719s
	iters: 1400, epoch: 6 | loss: 0.2875162
	speed: 0.1670s/iter; left time: 5478.7044s
	iters: 1500, epoch: 6 | loss: 0.2283776
	speed: 0.1657s/iter; left time: 5421.9772s
	iters: 1600, epoch: 6 | loss: 0.2243100
	speed: 0.1647s/iter; left time: 5371.9458s
	iters: 1700, epoch: 6 | loss: 0.2918358
	speed: 0.1652s/iter; left time: 5372.4136s
	iters: 1800, epoch: 6 | loss: 0.2567932
	speed: 0.1662s/iter; left time: 5387.0592s
	iters: 1900, epoch: 6 | loss: 0.1786656
	speed: 0.1664s/iter; left time: 5377.2722s
	iters: 2000, epoch: 6 | loss: 0.3338087
	speed: 0.1669s/iter; left time: 5377.5265s
	iters: 2100, epoch: 6 | loss: 0.2330916
	speed: 0.1634s/iter; left time: 5248.6529s
	iters: 2200, epoch: 6 | loss: 0.3544347
	speed: 0.1653s/iter; left time: 5293.5296s
Epoch: 6 cost time: 379.2657060623169
Epoch: 6, Steps: 2281 | Train Loss: 0.2682694 Vali Loss: 0.2224459 Test Loss: 0.3484831
Validation loss decreased (0.224986 --> 0.222446).  Saving model ...
Updating learning rate to 1.5625e-06
	iters: 100, epoch: 7 | loss: 0.2105973
	speed: 0.7574s/iter; left time: 24113.3854s
	iters: 200, epoch: 7 | loss: 0.2405927
	speed: 0.1647s/iter; left time: 5228.3019s
	iters: 300, epoch: 7 | loss: 0.2889857
	speed: 0.1632s/iter; left time: 5162.2407s
	iters: 400, epoch: 7 | loss: 0.2545989
	speed: 0.1640s/iter; left time: 5171.2503s
	iters: 500, epoch: 7 | loss: 0.2300958
	speed: 0.1665s/iter; left time: 5235.3657s
	iters: 600, epoch: 7 | loss: 0.3009173
	speed: 0.1658s/iter; left time: 5194.2132s
	iters: 700, epoch: 7 | loss: 0.3251018
	speed: 0.1670s/iter; left time: 5215.1574s
	iters: 800, epoch: 7 | loss: 0.2356813
	speed: 0.1643s/iter; left time: 5116.2113s
	iters: 900, epoch: 7 | loss: 0.1952436
	speed: 0.1663s/iter; left time: 5159.7437s
	iters: 1000, epoch: 7 | loss: 0.1962704
	speed: 0.1655s/iter; left time: 5118.2464s
	iters: 1100, epoch: 7 | loss: 0.2722439
	speed: 0.1636s/iter; left time: 5045.3188s
	iters: 1200, epoch: 7 | loss: 0.3121033
	speed: 0.1635s/iter; left time: 5024.5396s
	iters: 1300, epoch: 7 | loss: 0.3276854
	speed: 0.1641s/iter; left time: 5027.5865s
	iters: 1400, epoch: 7 | loss: 0.3453534
	speed: 0.1655s/iter; left time: 5054.9700s
	iters: 1500, epoch: 7 | loss: 0.2240132
	speed: 0.1647s/iter; left time: 5011.1388s
	iters: 1600, epoch: 7 | loss: 0.2742774
	speed: 0.1639s/iter; left time: 4972.0688s
	iters: 1700, epoch: 7 | loss: 0.2205916
	speed: 0.1667s/iter; left time: 5039.6037s
	iters: 1800, epoch: 7 | loss: 0.2598038
	speed: 0.1647s/iter; left time: 4962.1322s
	iters: 1900, epoch: 7 | loss: 0.2339416
	speed: 0.1663s/iter; left time: 4996.2357s
	iters: 2000, epoch: 7 | loss: 0.3420568
	speed: 0.1686s/iter; left time: 5046.0252s
	iters: 2100, epoch: 7 | loss: 0.2085356
	speed: 0.1671s/iter; left time: 4984.1209s
	iters: 2200, epoch: 7 | loss: 0.2532685
	speed: 0.1635s/iter; left time: 4862.1984s
Epoch: 7 cost time: 376.5799837112427
Epoch: 7, Steps: 2281 | Train Loss: 0.2667561 Vali Loss: 0.2212529 Test Loss: 0.3539385
Validation loss decreased (0.222446 --> 0.221253).  Saving model ...
Updating learning rate to 7.8125e-07
	iters: 100, epoch: 8 | loss: 0.2818039
	speed: 0.7497s/iter; left time: 22155.2206s
	iters: 200, epoch: 8 | loss: 0.1729935
	speed: 0.1627s/iter; left time: 4791.7540s
	iters: 300, epoch: 8 | loss: 0.3010845
	speed: 0.1668s/iter; left time: 4897.6811s
	iters: 400, epoch: 8 | loss: 0.2266286
	speed: 0.1649s/iter; left time: 4823.0788s
	iters: 500, epoch: 8 | loss: 0.2270494
	speed: 0.1650s/iter; left time: 4810.5866s
	iters: 600, epoch: 8 | loss: 0.2043737
	speed: 0.1649s/iter; left time: 4790.4697s
	iters: 700, epoch: 8 | loss: 0.3114823
	speed: 0.1671s/iter; left time: 4839.3852s
	iters: 800, epoch: 8 | loss: 0.2199212
	speed: 0.1655s/iter; left time: 4774.0702s
	iters: 900, epoch: 8 | loss: 0.2486447
	speed: 0.1632s/iter; left time: 4692.5728s
	iters: 1000, epoch: 8 | loss: 0.3289928
	speed: 0.1678s/iter; left time: 4808.8366s
	iters: 1100, epoch: 8 | loss: 0.2910581
	speed: 0.1662s/iter; left time: 4744.6557s
	iters: 1200, epoch: 8 | loss: 0.2408919
	speed: 0.1657s/iter; left time: 4715.1898s
	iters: 1300, epoch: 8 | loss: 0.2767202
	speed: 0.1674s/iter; left time: 4746.2033s
	iters: 1400, epoch: 8 | loss: 0.2747461
	speed: 0.1658s/iter; left time: 4684.0080s
	iters: 1500, epoch: 8 | loss: 0.2603637
	speed: 0.1676s/iter; left time: 4719.3563s
	iters: 1600, epoch: 8 | loss: 0.2970842
	speed: 0.1659s/iter; left time: 4652.9592s
	iters: 1700, epoch: 8 | loss: 0.3532854
	speed: 0.1634s/iter; left time: 4567.9612s
	iters: 1800, epoch: 8 | loss: 0.2825260
	speed: 0.1643s/iter; left time: 4575.1237s
	iters: 1900, epoch: 8 | loss: 0.2278795
	speed: 0.1654s/iter; left time: 4591.5353s
	iters: 2000, epoch: 8 | loss: 0.1768327
	speed: 0.1633s/iter; left time: 4516.7817s
	iters: 2100, epoch: 8 | loss: 0.4643983
	speed: 0.1633s/iter; left time: 4498.2684s
	iters: 2200, epoch: 8 | loss: 0.5175892
	speed: 0.1653s/iter; left time: 4538.1090s
Epoch: 8 cost time: 377.1186547279358
Epoch: 8, Steps: 2281 | Train Loss: 0.2659226 Vali Loss: 0.2208266 Test Loss: 0.3544414
Validation loss decreased (0.221253 --> 0.220827).  Saving model ...
Updating learning rate to 3.90625e-07
	iters: 100, epoch: 9 | loss: 0.3038791
	speed: 0.7597s/iter; left time: 20719.2674s
	iters: 200, epoch: 9 | loss: 0.2718333
	speed: 0.1677s/iter; left time: 4557.9987s
	iters: 300, epoch: 9 | loss: 0.2447763
	speed: 0.1655s/iter; left time: 4479.7667s
	iters: 400, epoch: 9 | loss: 0.3394672
	speed: 0.1665s/iter; left time: 4490.9273s
	iters: 500, epoch: 9 | loss: 0.2333697
	speed: 0.1667s/iter; left time: 4478.4497s
	iters: 600, epoch: 9 | loss: 0.2845917
	speed: 0.1650s/iter; left time: 4418.7784s
	iters: 700, epoch: 9 | loss: 0.1990202
	speed: 0.1650s/iter; left time: 4400.5675s
	iters: 800, epoch: 9 | loss: 0.3287209
	speed: 0.1649s/iter; left time: 4382.4403s
	iters: 900, epoch: 9 | loss: 0.2786790
	speed: 0.1681s/iter; left time: 4449.5182s
	iters: 1000, epoch: 9 | loss: 0.3211738
	speed: 0.1640s/iter; left time: 4326.4370s
	iters: 1100, epoch: 9 | loss: 0.2501656
	speed: 0.1648s/iter; left time: 4330.0765s
	iters: 1200, epoch: 9 | loss: 0.2745076
	speed: 0.1644s/iter; left time: 4302.5888s
	iters: 1300, epoch: 9 | loss: 0.3203797
	speed: 0.1648s/iter; left time: 4297.4301s
	iters: 1400, epoch: 9 | loss: 0.2403457
	speed: 0.1630s/iter; left time: 4234.6142s
	iters: 1500, epoch: 9 | loss: 0.2291175
	speed: 0.1650s/iter; left time: 4269.9462s
	iters: 1600, epoch: 9 | loss: 0.3380716
	speed: 0.1666s/iter; left time: 4294.9443s
	iters: 1700, epoch: 9 | loss: 0.3337889
	speed: 0.1671s/iter; left time: 4288.9679s
	iters: 1800, epoch: 9 | loss: 0.2840443
	speed: 0.1660s/iter; left time: 4245.1571s
	iters: 1900, epoch: 9 | loss: 0.2351570
	speed: 0.1643s/iter; left time: 4185.9485s
	iters: 2000, epoch: 9 | loss: 0.2654569
	speed: 0.1672s/iter; left time: 4242.3971s
	iters: 2100, epoch: 9 | loss: 0.2844821
	speed: 0.1664s/iter; left time: 4206.1064s
	iters: 2200, epoch: 9 | loss: 0.2606647
	speed: 0.1658s/iter; left time: 4173.2893s
Epoch: 9 cost time: 378.0365152359009
Epoch: 9, Steps: 2281 | Train Loss: 0.2655282 Vali Loss: 0.2208759 Test Loss: 0.3546681
EarlyStopping counter: 1 out of 10
Updating learning rate to 1.953125e-07
	iters: 100, epoch: 10 | loss: 0.3469216
	speed: 0.7568s/iter; left time: 18912.8318s
	iters: 200, epoch: 10 | loss: 0.2198338
	speed: 0.1635s/iter; left time: 4069.7978s
	iters: 300, epoch: 10 | loss: 0.2386314
	speed: 0.1637s/iter; left time: 4057.4008s
	iters: 400, epoch: 10 | loss: 0.3395410
	speed: 0.1660s/iter; left time: 4099.7453s
	iters: 500, epoch: 10 | loss: 0.2665727
	speed: 0.1641s/iter; left time: 4035.9959s
	iters: 600, epoch: 10 | loss: 0.2147537
	speed: 0.1641s/iter; left time: 4019.8213s
	iters: 700, epoch: 10 | loss: 0.2600108
	speed: 0.1636s/iter; left time: 3990.0322s
	iters: 800, epoch: 10 | loss: 0.3119339
	speed: 0.1660s/iter; left time: 4032.0923s
	iters: 900, epoch: 10 | loss: 0.2289495
	speed: 0.1630s/iter; left time: 3942.3550s
	iters: 1000, epoch: 10 | loss: 0.1705163
	speed: 0.1655s/iter; left time: 3986.2514s
	iters: 1100, epoch: 10 | loss: 0.2494276
	speed: 0.1671s/iter; left time: 4009.7279s
	iters: 1200, epoch: 10 | loss: 0.2513351
	speed: 0.1715s/iter; left time: 4098.0980s
	iters: 1300, epoch: 10 | loss: 0.2011381
	speed: 0.1664s/iter; left time: 3959.6890s
	iters: 1400, epoch: 10 | loss: 0.2655266
	speed: 0.1658s/iter; left time: 3928.2849s
	iters: 1500, epoch: 10 | loss: 0.2173715
	speed: 0.1660s/iter; left time: 3916.9867s
	iters: 1600, epoch: 10 | loss: 0.3768672
	speed: 0.1661s/iter; left time: 3901.6363s
	iters: 1700, epoch: 10 | loss: 0.2138007
	speed: 0.1644s/iter; left time: 3845.5063s
	iters: 1800, epoch: 10 | loss: 0.2532173
	speed: 0.1630s/iter; left time: 3795.5297s
	iters: 1900, epoch: 10 | loss: 0.2548951
	speed: 0.1631s/iter; left time: 3782.9866s
	iters: 2000, epoch: 10 | loss: 0.1914282
	speed: 0.1679s/iter; left time: 3877.4346s
	iters: 2100, epoch: 10 | loss: 0.1851654
	speed: 0.1628s/iter; left time: 3742.0731s
	iters: 2200, epoch: 10 | loss: 0.2147169
	speed: 0.1633s/iter; left time: 3738.5724s
Epoch: 10 cost time: 376.41668152809143
Epoch: 10, Steps: 2281 | Train Loss: 0.2653464 Vali Loss: 0.2206591 Test Loss: 0.3553437
Validation loss decreased (0.220827 --> 0.220659).  Saving model ...
Updating learning rate to 9.765625e-08
	iters: 100, epoch: 11 | loss: 0.3406126
	speed: 0.7611s/iter; left time: 17284.8691s
	iters: 200, epoch: 11 | loss: 0.2045940
	speed: 0.1659s/iter; left time: 3750.3265s
	iters: 300, epoch: 11 | loss: 0.2259033
	speed: 0.1658s/iter; left time: 3731.2306s
	iters: 400, epoch: 11 | loss: 0.2113925
	speed: 0.1637s/iter; left time: 3669.5860s
	iters: 500, epoch: 11 | loss: 0.3469163
	speed: 0.1651s/iter; left time: 3682.8555s
	iters: 600, epoch: 11 | loss: 0.3472724
	speed: 0.1658s/iter; left time: 3683.6416s
	iters: 700, epoch: 11 | loss: 0.3668831
	speed: 0.1657s/iter; left time: 3663.9252s
	iters: 800, epoch: 11 | loss: 0.2047812
	speed: 0.1636s/iter; left time: 3600.2670s
	iters: 900, epoch: 11 | loss: 0.2927682
	speed: 0.1650s/iter; left time: 3614.9121s
	iters: 1000, epoch: 11 | loss: 0.2353464
	speed: 0.1686s/iter; left time: 3676.2672s
	iters: 1100, epoch: 11 | loss: 0.2562727
	speed: 0.1671s/iter; left time: 3627.0477s
	iters: 1200, epoch: 11 | loss: 0.3818806
	speed: 0.1677s/iter; left time: 3624.0616s
	iters: 1300, epoch: 11 | loss: 0.2428032
	speed: 0.1653s/iter; left time: 3555.2047s
	iters: 1400, epoch: 11 | loss: 0.2884753
	speed: 0.1664s/iter; left time: 3563.7087s
	iters: 1500, epoch: 11 | loss: 0.2821600
	speed: 0.1672s/iter; left time: 3563.4903s
	iters: 1600, epoch: 11 | loss: 0.2585531
	speed: 0.1665s/iter; left time: 3531.9428s
	iters: 1700, epoch: 11 | loss: 0.3020044
	speed: 0.1631s/iter; left time: 3443.1573s
	iters: 1800, epoch: 11 | loss: 0.4646341
	speed: 0.1683s/iter; left time: 3535.4487s
	iters: 1900, epoch: 11 | loss: 0.2984484
	speed: 0.1651s/iter; left time: 3452.0021s
	iters: 2000, epoch: 11 | loss: 0.2527966
	speed: 0.1641s/iter; left time: 3415.6543s
	iters: 2100, epoch: 11 | loss: 0.2678925
	speed: 0.1645s/iter; left time: 3406.9666s
	iters: 2200, epoch: 11 | loss: 0.1741548
	speed: 0.1665s/iter; left time: 3431.8220s
Epoch: 11 cost time: 377.80379366874695
Epoch: 11, Steps: 2281 | Train Loss: 0.2652563 Vali Loss: 0.2207758 Test Loss: 0.3557565
EarlyStopping counter: 1 out of 10
Updating learning rate to 4.8828125e-08
	iters: 100, epoch: 12 | loss: 0.2231880
	speed: 0.7578s/iter; left time: 15481.0939s
	iters: 200, epoch: 12 | loss: 0.2527037
	speed: 0.1643s/iter; left time: 3340.4970s
	iters: 300, epoch: 12 | loss: 0.2760313
	speed: 0.1651s/iter; left time: 3340.2021s
	iters: 400, epoch: 12 | loss: 0.3023307
	speed: 0.1657s/iter; left time: 3335.1481s
	iters: 500, epoch: 12 | loss: 0.3700570
	speed: 0.1662s/iter; left time: 3329.6467s
	iters: 600, epoch: 12 | loss: 0.2716239
	speed: 0.1638s/iter; left time: 3263.9580s
	iters: 700, epoch: 12 | loss: 0.1909022
	speed: 0.1653s/iter; left time: 3277.6020s
	iters: 800, epoch: 12 | loss: 0.3292795
	speed: 0.1661s/iter; left time: 3277.8892s
	iters: 900, epoch: 12 | loss: 0.2226982
	speed: 0.1666s/iter; left time: 3269.8413s
	iters: 1000, epoch: 12 | loss: 0.3140631
	speed: 0.1666s/iter; left time: 3254.3770s
	iters: 1100, epoch: 12 | loss: 0.2337828
	speed: 0.1672s/iter; left time: 3248.6581s
	iters: 1200, epoch: 12 | loss: 0.2107933
	speed: 0.1686s/iter; left time: 3259.8031s
	iters: 1300, epoch: 12 | loss: 0.2807252
	speed: 0.1648s/iter; left time: 3168.2111s
	iters: 1400, epoch: 12 | loss: 0.2224142
	speed: 0.1671s/iter; left time: 3197.3087s
	iters: 1500, epoch: 12 | loss: 0.1948863
	speed: 0.1650s/iter; left time: 3140.7099s
	iters: 1600, epoch: 12 | loss: 0.2250540
	speed: 0.1669s/iter; left time: 3159.3470s
	iters: 1700, epoch: 12 | loss: 0.2188948
	speed: 0.1659s/iter; left time: 3123.2650s
	iters: 1800, epoch: 12 | loss: 0.2678017
	speed: 0.1650s/iter; left time: 3091.3767s
	iters: 1900, epoch: 12 | loss: 0.3276424
	speed: 0.1644s/iter; left time: 3061.8762s
	iters: 2000, epoch: 12 | loss: 0.2323022
	speed: 0.1681s/iter; left time: 3114.7405s
	iters: 2100, epoch: 12 | loss: 0.2932650
	speed: 0.1650s/iter; left time: 3040.3916s
	iters: 2200, epoch: 12 | loss: 0.2300498
	speed: 0.1651s/iter; left time: 3026.5234s
Epoch: 12 cost time: 378.49844121932983
Epoch: 12, Steps: 2281 | Train Loss: 0.2651576 Vali Loss: 0.2207233 Test Loss: 0.3550958
EarlyStopping counter: 2 out of 10
Updating learning rate to 2.44140625e-08
	iters: 100, epoch: 13 | loss: 0.2971558
	speed: 0.7608s/iter; left time: 13807.7431s
	iters: 200, epoch: 13 | loss: 0.3507670
	speed: 0.1666s/iter; left time: 3007.8095s
	iters: 300, epoch: 13 | loss: 0.3059449
	speed: 0.1669s/iter; left time: 2996.3971s
	iters: 400, epoch: 13 | loss: 0.2379498
	speed: 0.1654s/iter; left time: 2952.0489s
	iters: 500, epoch: 13 | loss: 0.2726460
	speed: 0.1720s/iter; left time: 3052.1473s
	iters: 600, epoch: 13 | loss: 0.2319695
	speed: 0.1702s/iter; left time: 3003.4063s
	iters: 700, epoch: 13 | loss: 0.2089388
	speed: 0.1684s/iter; left time: 2954.9188s
	iters: 800, epoch: 13 | loss: 0.2973712
	speed: 0.1649s/iter; left time: 2877.0816s
	iters: 900, epoch: 13 | loss: 0.2130693
	speed: 0.1676s/iter; left time: 2908.2144s
	iters: 1000, epoch: 13 | loss: 0.2338191
	speed: 0.1647s/iter; left time: 2840.7376s
	iters: 1100, epoch: 13 | loss: 0.2129262
	speed: 0.1662s/iter; left time: 2849.7905s
	iters: 1200, epoch: 13 | loss: 0.2407190
	speed: 0.1657s/iter; left time: 2825.7288s
	iters: 1300, epoch: 13 | loss: 0.2625374
	speed: 0.1663s/iter; left time: 2818.2066s
	iters: 1400, epoch: 13 | loss: 0.2124516
	speed: 0.1650s/iter; left time: 2780.7917s
	iters: 1500, epoch: 13 | loss: 0.2371203
	speed: 0.1690s/iter; left time: 2831.0007s
	iters: 1600, epoch: 13 | loss: 0.2513942
	speed: 0.1664s/iter; left time: 2770.6764s
	iters: 1700, epoch: 13 | loss: 0.2488076
	speed: 0.1639s/iter; left time: 2712.4724s
	iters: 1800, epoch: 13 | loss: 0.3528459
	speed: 0.1633s/iter; left time: 2685.6999s
	iters: 1900, epoch: 13 | loss: 0.1765168
	speed: 0.1660s/iter; left time: 2713.6919s
	iters: 2000, epoch: 13 | loss: 0.2113437
	speed: 0.1665s/iter; left time: 2705.7905s
	iters: 2100, epoch: 13 | loss: 0.3027672
	speed: 0.1648s/iter; left time: 2660.9431s
	iters: 2200, epoch: 13 | loss: 0.3390304
	speed: 0.1654s/iter; left time: 2654.5622s
Epoch: 13 cost time: 379.40918803215027
Epoch: 13, Steps: 2281 | Train Loss: 0.2651021 Vali Loss: 0.2206058 Test Loss: 0.3549841
Validation loss decreased (0.220659 --> 0.220606).  Saving model ...
Updating learning rate to 1.220703125e-08
	iters: 100, epoch: 14 | loss: 0.2791911
	speed: 0.7576s/iter; left time: 12021.8903s
	iters: 200, epoch: 14 | loss: 0.2131677
	speed: 0.1650s/iter; left time: 2601.6787s
	iters: 300, epoch: 14 | loss: 0.2253633
	speed: 0.1648s/iter; left time: 2582.5016s
	iters: 400, epoch: 14 | loss: 0.2265304
	speed: 0.1658s/iter; left time: 2580.5659s
	iters: 500, epoch: 14 | loss: 0.3076979
	speed: 0.1665s/iter; left time: 2575.0015s
	iters: 600, epoch: 14 | loss: 0.3654802
	speed: 0.1637s/iter; left time: 2516.2357s
	iters: 700, epoch: 14 | loss: 0.2350985
	speed: 0.1676s/iter; left time: 2558.9171s
	iters: 800, epoch: 14 | loss: 0.2838295
	speed: 0.1642s/iter; left time: 2489.8278s
	iters: 900, epoch: 14 | loss: 0.1638476
	speed: 0.1680s/iter; left time: 2530.8124s
	iters: 1000, epoch: 14 | loss: 0.3500781
	speed: 0.1677s/iter; left time: 2510.6925s
	iters: 1100, epoch: 14 | loss: 0.1838707
	speed: 0.1660s/iter; left time: 2468.5613s
	iters: 1200, epoch: 14 | loss: 0.1866717
	speed: 0.1681s/iter; left time: 2481.8481s
	iters: 1300, epoch: 14 | loss: 0.2000865
	speed: 0.1703s/iter; left time: 2498.4165s
	iters: 1400, epoch: 14 | loss: 0.2119718
	speed: 0.1630s/iter; left time: 2374.6225s
	iters: 1500, epoch: 14 | loss: 0.2172818
	speed: 0.1642s/iter; left time: 2375.2957s
	iters: 1600, epoch: 14 | loss: 0.2164924
	speed: 0.1676s/iter; left time: 2408.6601s
	iters: 1700, epoch: 14 | loss: 0.2184453
	speed: 0.1671s/iter; left time: 2384.5224s
	iters: 1800, epoch: 14 | loss: 0.2626644
	speed: 0.1634s/iter; left time: 2314.4777s
	iters: 1900, epoch: 14 | loss: 0.1806079
	speed: 0.1646s/iter; left time: 2315.1858s
	iters: 2000, epoch: 14 | loss: 0.3188066
	speed: 0.1641s/iter; left time: 2291.9892s
	iters: 2100, epoch: 14 | loss: 0.3631225
	speed: 0.1686s/iter; left time: 2338.7908s
	iters: 2200, epoch: 14 | loss: 0.2814856
	speed: 0.1756s/iter; left time: 2417.6128s
Epoch: 14 cost time: 380.016446352005
Epoch: 14, Steps: 2281 | Train Loss: 0.2650171 Vali Loss: 0.2207711 Test Loss: 0.3551800
EarlyStopping counter: 1 out of 10
Updating learning rate to 6.103515625e-09
	iters: 100, epoch: 15 | loss: 0.1697019
	speed: 0.7775s/iter; left time: 10563.5408s
	iters: 200, epoch: 15 | loss: 0.3173990
	speed: 0.1643s/iter; left time: 2216.0330s
	iters: 300, epoch: 15 | loss: 0.2529020
	speed: 0.1682s/iter; left time: 2252.2862s
	iters: 400, epoch: 15 | loss: 0.2470220
	speed: 0.1664s/iter; left time: 2211.2529s
	iters: 500, epoch: 15 | loss: 0.1683375
	speed: 0.1661s/iter; left time: 2190.4977s
	iters: 600, epoch: 15 | loss: 0.2340225
	speed: 0.1655s/iter; left time: 2165.8091s
	iters: 700, epoch: 15 | loss: 0.2345855
	speed: 0.1657s/iter; left time: 2151.8878s
	iters: 800, epoch: 15 | loss: 0.2422301
	speed: 0.1633s/iter; left time: 2104.9805s
	iters: 900, epoch: 15 | loss: 0.3866920
	speed: 0.1652s/iter; left time: 2112.7261s
	iters: 1000, epoch: 15 | loss: 0.2468662
	speed: 0.1662s/iter; left time: 2108.7603s
	iters: 1100, epoch: 15 | loss: 0.2699169
	speed: 0.1644s/iter; left time: 2069.5321s
	iters: 1200, epoch: 15 | loss: 0.2580055
	speed: 0.1676s/iter; left time: 2092.8947s
	iters: 1300, epoch: 15 | loss: 0.2356120
	speed: 0.1654s/iter; left time: 2048.5794s
	iters: 1400, epoch: 15 | loss: 0.2907454
	speed: 0.1679s/iter; left time: 2062.8902s
	iters: 1500, epoch: 15 | loss: 0.2443510
	speed: 0.1659s/iter; left time: 2022.0271s
	iters: 1600, epoch: 15 | loss: 0.1755086
	speed: 0.1693s/iter; left time: 2046.7729s
	iters: 1700, epoch: 15 | loss: 0.4541634
	speed: 0.1657s/iter; left time: 1986.1605s
	iters: 1800, epoch: 15 | loss: 0.2460573
	speed: 0.1654s/iter; left time: 1966.6454s
	iters: 1900, epoch: 15 | loss: 0.2040477
	speed: 0.1675s/iter; left time: 1974.1424s
	iters: 2000, epoch: 15 | loss: 0.2469283
	speed: 0.1659s/iter; left time: 1939.1085s
	iters: 2100, epoch: 15 | loss: 0.3395675
	speed: 0.1654s/iter; left time: 1916.4662s
	iters: 2200, epoch: 15 | loss: 0.2324424
	speed: 0.1653s/iter; left time: 1898.3125s
Epoch: 15 cost time: 378.7870030403137
Epoch: 15, Steps: 2281 | Train Loss: 0.2651844 Vali Loss: 0.2205390 Test Loss: 0.3551870
Validation loss decreased (0.220606 --> 0.220539).  Saving model ...
Updating learning rate to 3.0517578125e-09
	iters: 100, epoch: 16 | loss: 0.1968079
	speed: 0.7631s/iter; left time: 8627.3836s
	iters: 200, epoch: 16 | loss: 0.2845502
	speed: 0.1668s/iter; left time: 1869.2913s
	iters: 300, epoch: 16 | loss: 0.2799236
	speed: 0.1663s/iter; left time: 1846.4015s
	iters: 400, epoch: 16 | loss: 0.2176401
	speed: 0.1662s/iter; left time: 1829.3136s
	iters: 500, epoch: 16 | loss: 0.2029829
	speed: 0.1667s/iter; left time: 1817.6449s
	iters: 600, epoch: 16 | loss: 0.2441588
	speed: 0.1679s/iter; left time: 1814.1144s
	iters: 700, epoch: 16 | loss: 0.1903593
	speed: 0.1659s/iter; left time: 1775.8358s
	iters: 800, epoch: 16 | loss: 0.2830713
	speed: 0.1683s/iter; left time: 1785.0894s
	iters: 900, epoch: 16 | loss: 0.2202623
	speed: 0.1681s/iter; left time: 1765.5578s
	iters: 1000, epoch: 16 | loss: 0.2454701
	speed: 0.1656s/iter; left time: 1723.5883s
	iters: 1100, epoch: 16 | loss: 0.2500754
	speed: 0.1650s/iter; left time: 1700.2964s
	iters: 1200, epoch: 16 | loss: 0.2515620
	speed: 0.1639s/iter; left time: 1672.4993s
	iters: 1300, epoch: 16 | loss: 0.3333740
	speed: 0.1674s/iter; left time: 1692.1264s
	iters: 1400, epoch: 16 | loss: 0.2768681
	speed: 0.1674s/iter; left time: 1674.7330s
	iters: 1500, epoch: 16 | loss: 0.2758399
	speed: 0.1657s/iter; left time: 1641.7866s
	iters: 1600, epoch: 16 | loss: 0.2910074
	speed: 0.1668s/iter; left time: 1635.7442s
	iters: 1700, epoch: 16 | loss: 0.1834012
	speed: 0.1663s/iter; left time: 1613.8370s
	iters: 1800, epoch: 16 | loss: 0.2779907
	speed: 0.1646s/iter; left time: 1581.3636s
	iters: 1900, epoch: 16 | loss: 0.2745558
	speed: 0.1638s/iter; left time: 1556.9827s
	iters: 2000, epoch: 16 | loss: 0.3268843
	speed: 0.1653s/iter; left time: 1555.1179s
	iters: 2100, epoch: 16 | loss: 0.2327634
	speed: 0.1695s/iter; left time: 1577.7945s
	iters: 2200, epoch: 16 | loss: 0.2066824
	speed: 0.1668s/iter; left time: 1535.1496s
Epoch: 16 cost time: 379.53066182136536
Epoch: 16, Steps: 2281 | Train Loss: 0.2651149 Vali Loss: 0.2206237 Test Loss: 0.3551811
EarlyStopping counter: 1 out of 10
Updating learning rate to 1.52587890625e-09
	iters: 100, epoch: 17 | loss: 0.3776914
	speed: 0.7854s/iter; left time: 7088.0153s
	iters: 200, epoch: 17 | loss: 0.2533036
	speed: 0.1699s/iter; left time: 1516.3446s
	iters: 300, epoch: 17 | loss: 0.2469656
	speed: 0.1695s/iter; left time: 1496.0014s
	iters: 400, epoch: 17 | loss: 0.2195565
	speed: 0.1698s/iter; left time: 1481.3599s
	iters: 500, epoch: 17 | loss: 0.2611561
	speed: 0.1690s/iter; left time: 1457.1949s
	iters: 600, epoch: 17 | loss: 0.2040793
	speed: 0.1632s/iter; left time: 1391.3615s
	iters: 700, epoch: 17 | loss: 0.2545932
	speed: 0.1676s/iter; left time: 1412.0505s
	iters: 800, epoch: 17 | loss: 0.4051541
	speed: 0.1654s/iter; left time: 1377.1789s
	iters: 900, epoch: 17 | loss: 0.2441560
	speed: 0.1640s/iter; left time: 1348.7368s
	iters: 1000, epoch: 17 | loss: 0.2785597
	speed: 0.1672s/iter; left time: 1358.1772s
	iters: 1100, epoch: 17 | loss: 0.1769096
	speed: 0.1679s/iter; left time: 1347.3646s
	iters: 1200, epoch: 17 | loss: 0.2138771
	speed: 0.1671s/iter; left time: 1324.1028s
	iters: 1300, epoch: 17 | loss: 0.3002460
	speed: 0.1682s/iter; left time: 1316.3518s
	iters: 1400, epoch: 17 | loss: 0.3246647
	speed: 0.1677s/iter; left time: 1295.6965s
	iters: 1500, epoch: 17 | loss: 0.2987460
	speed: 0.1664s/iter; left time: 1268.6822s
	iters: 1600, epoch: 17 | loss: 0.1830771
	speed: 0.1660s/iter; left time: 1249.1067s
	iters: 1700, epoch: 17 | loss: 0.3380870
	speed: 0.1660s/iter; left time: 1232.6130s
	iters: 1800, epoch: 17 | loss: 0.3037175
	speed: 0.1660s/iter; left time: 1216.2876s
	iters: 1900, epoch: 17 | loss: 0.2634037
	speed: 0.1662s/iter; left time: 1201.1087s
	iters: 2000, epoch: 17 | loss: 0.3033680
	speed: 0.1645s/iter; left time: 1171.7712s
	iters: 2100, epoch: 17 | loss: 0.3051802
	speed: 0.1654s/iter; left time: 1161.8085s
	iters: 2200, epoch: 17 | loss: 0.2705636
	speed: 0.1659s/iter; left time: 1148.7733s
Epoch: 17 cost time: 380.6566562652588
Epoch: 17, Steps: 2281 | Train Loss: 0.2651284 Vali Loss: 0.2206341 Test Loss: 0.3551797
EarlyStopping counter: 2 out of 10
Updating learning rate to 7.62939453125e-10
	iters: 100, epoch: 18 | loss: 0.1904501
	speed: 0.7562s/iter; left time: 5099.5110s
	iters: 200, epoch: 18 | loss: 0.2112085
	speed: 0.1662s/iter; left time: 1104.1655s
	iters: 300, epoch: 18 | loss: 0.2896406
	speed: 0.1636s/iter; left time: 1070.9164s
	iters: 400, epoch: 18 | loss: 0.2333595
	speed: 0.1692s/iter; left time: 1090.4752s
	iters: 500, epoch: 18 | loss: 0.3508424
	speed: 0.1644s/iter; left time: 1043.1479s
	iters: 600, epoch: 18 | loss: 0.3021190
	speed: 0.1705s/iter; left time: 1064.3921s
	iters: 700, epoch: 18 | loss: 0.3629749
	speed: 0.1660s/iter; left time: 1019.8858s
	iters: 800, epoch: 18 | loss: 0.2886393
	speed: 0.1672s/iter; left time: 1010.8407s
	iters: 900, epoch: 18 | loss: 0.2599505
	speed: 0.1660s/iter; left time: 986.4289s
	iters: 1000, epoch: 18 | loss: 0.2264267
	speed: 0.1681s/iter; left time: 982.1361s
	iters: 1100, epoch: 18 | loss: 0.2118754
	speed: 0.1626s/iter; left time: 933.7897s
	iters: 1200, epoch: 18 | loss: 0.2593253
	speed: 0.1650s/iter; left time: 931.3554s
	iters: 1300, epoch: 18 | loss: 0.2617475
	speed: 0.1664s/iter; left time: 922.3516s
	iters: 1400, epoch: 18 | loss: 0.2194364
	speed: 0.1664s/iter; left time: 905.7433s
	iters: 1500, epoch: 18 | loss: 0.2109368
	speed: 0.1650s/iter; left time: 881.6456s
	iters: 1600, epoch: 18 | loss: 0.1944534
	speed: 0.1645s/iter; left time: 862.4650s
	iters: 1700, epoch: 18 | loss: 0.2787243
	speed: 0.1658s/iter; left time: 852.9570s
	iters: 1800, epoch: 18 | loss: 0.2568240
	speed: 0.1675s/iter; left time: 844.6735s
	iters: 1900, epoch: 18 | loss: 0.2705182
	speed: 0.1640s/iter; left time: 810.6838s
	iters: 2000, epoch: 18 | loss: 0.2273981
	speed: 0.1640s/iter; left time: 794.4695s
	iters: 2100, epoch: 18 | loss: 0.2955234
	speed: 0.1654s/iter; left time: 784.8699s
	iters: 2200, epoch: 18 | loss: 0.2144278
	speed: 0.1660s/iter; left time: 771.0974s
Epoch: 18 cost time: 378.3259525299072
Epoch: 18, Steps: 2281 | Train Loss: 0.2651271 Vali Loss: 0.2206604 Test Loss: 0.3551803
EarlyStopping counter: 3 out of 10
Updating learning rate to 3.814697265625e-10
	iters: 100, epoch: 19 | loss: 0.1942434
	speed: 0.7621s/iter; left time: 3401.2567s
	iters: 200, epoch: 19 | loss: 0.2722067
	speed: 0.1692s/iter; left time: 738.4000s
	iters: 300, epoch: 19 | loss: 0.2512608
	speed: 0.1637s/iter; left time: 697.6413s
	iters: 400, epoch: 19 | loss: 0.2836626
	speed: 0.1651s/iter; left time: 687.4170s
	iters: 500, epoch: 19 | loss: 0.1661536
	speed: 0.1683s/iter; left time: 683.6778s
	iters: 600, epoch: 19 | loss: 0.2719634
	speed: 0.1648s/iter; left time: 652.9777s
	iters: 700, epoch: 19 | loss: 0.2553389
	speed: 0.1657s/iter; left time: 640.2901s
	iters: 800, epoch: 19 | loss: 0.2085950
	speed: 0.1664s/iter; left time: 626.1612s
	iters: 900, epoch: 19 | loss: 0.3397149
	speed: 0.1668s/iter; left time: 611.0468s
	iters: 1000, epoch: 19 | loss: 0.2509446
	speed: 0.1658s/iter; left time: 590.9201s
	iters: 1100, epoch: 19 | loss: 0.1940623
	speed: 0.1645s/iter; left time: 569.6475s
	iters: 1200, epoch: 19 | loss: 0.2627405
	speed: 0.1667s/iter; left time: 560.7471s
	iters: 1300, epoch: 19 | loss: 0.2165003
	speed: 0.1673s/iter; left time: 545.9267s
	iters: 1400, epoch: 19 | loss: 0.2088412
	speed: 0.1663s/iter; left time: 526.1477s
	iters: 1500, epoch: 19 | loss: 0.1695389
	speed: 0.1675s/iter; left time: 513.1809s
	iters: 1600, epoch: 19 | loss: 0.1900337
	speed: 0.1678s/iter; left time: 497.2821s
	iters: 1700, epoch: 19 | loss: 0.2233257
	speed: 0.1670s/iter; left time: 478.0336s
	iters: 1800, epoch: 19 | loss: 0.2417347
	speed: 0.1677s/iter; left time: 463.3242s
	iters: 1900, epoch: 19 | loss: 0.1936402
	speed: 0.1657s/iter; left time: 441.1453s
	iters: 2000, epoch: 19 | loss: 0.1789937
	speed: 0.1696s/iter; left time: 434.7378s
	iters: 2100, epoch: 19 | loss: 0.3470740
	speed: 0.1723s/iter; left time: 424.4888s
