Args in experiment:
Namespace(activation='gelu', anomaly_ratio=0.25, batch_size=64, c_out=21, channel_independence=1, checkpoints='./checkpoints/', comment='none', d_ff=64, d_layers=1, d_model=32, data='custom', data_path='weather.csv', dec_in=21, decomp_method='moving_avg', des='Exp', devices='0,1', distil=True, down_sampling_layers=3, down_sampling_method='avg', down_sampling_window=2, drop_last=True, dropout=0.1, e_layers=2, embed='timeF', enc_in=21, factor=3, features='M', freq='h', gpu=0, inverse=False, is_training=1, itr=1, label_len=0, learning_rate=5e-05, loss='MSE', lradj='type1', mask_rate=0.125, model='TimeMixerPP', model_id='PP_Weather_96_720', moving_avg=25, n_heads=4, num_kernels=6, num_workers=0, output_attention=False, p_hidden_dims=[128, 128], p_hidden_layers=2, patience=10, pct_start=0.2, pred_len=720, root_path='<workspace>\\dataset\\weather', seasonal_patterns='Monthly', seq_len=96, target='OT', task_name='long_term_forecast', top_k=3, train_epochs=20, use_amp=False, use_future_temporal_feature=0, use_gpu=True, use_multi_gpu=False, use_norm=1)
Use GPU: cuda:0
>>>>>>>start training : long_term_forecast_PP_Weather_96_720_none_TimeMixerPP_custom_sl96_pl720_dm32_nh4_el2_dl1_df64_fc3_ebtimeF_dtTrue_Exp_0>>>>>>>>>>>>>>>>>>>>>>>>>>
train 36072
val 4551
test 9820
	iters: 100, epoch: 1 | loss: 0.9642482
	speed: 0.2146s/iter; left time: 2395.1532s
	iters: 200, epoch: 1 | loss: 1.0967290
	speed: 0.1878s/iter; left time: 2077.3776s
	iters: 300, epoch: 1 | loss: 1.0565196
	speed: 0.1880s/iter; left time: 2060.4421s
	iters: 400, epoch: 1 | loss: 1.0377035
	speed: 0.1884s/iter; left time: 2046.3991s
	iters: 500, epoch: 1 | loss: 1.1773269
	speed: 0.1901s/iter; left time: 2046.1815s
Epoch: 1 cost time: 108.85113334655762
Epoch: 1, Steps: 563 | Train Loss: 1.1011010 Vali Loss: 1.0668995 Test Loss: 0.4578678
Validation loss decreased (inf --> 1.066900).  Saving model ...
Updating learning rate to 5e-05
	iters: 100, epoch: 2 | loss: 1.0321697
	speed: 0.4394s/iter; left time: 4656.5064s
	iters: 200, epoch: 2 | loss: 0.8822324
	speed: 0.1886s/iter; left time: 1980.2258s
	iters: 300, epoch: 2 | loss: 0.7900257
	speed: 0.1897s/iter; left time: 1972.9067s
	iters: 400, epoch: 2 | loss: 0.7934012
	speed: 0.1888s/iter; left time: 1943.8091s
	iters: 500, epoch: 2 | loss: 0.6038058
	speed: 0.1892s/iter; left time: 1929.1683s
Epoch: 2 cost time: 106.08940005302429
Epoch: 2, Steps: 563 | Train Loss: 0.8940946 Vali Loss: 0.7659099 Test Loss: 0.3713546
Validation loss decreased (1.066900 --> 0.765910).  Saving model ...
Updating learning rate to 2.5e-05
	iters: 100, epoch: 3 | loss: 0.7176651
	speed: 0.4400s/iter; left time: 4415.8377s
	iters: 200, epoch: 3 | loss: 0.6416124
	speed: 0.1899s/iter; left time: 1886.4863s
	iters: 300, epoch: 3 | loss: 0.8188117
	speed: 0.1879s/iter; left time: 1847.8165s
	iters: 400, epoch: 3 | loss: 0.6089310
	speed: 0.1871s/iter; left time: 1821.7718s
	iters: 500, epoch: 3 | loss: 0.6813794
	speed: 0.1879s/iter; left time: 1810.6638s
Epoch: 3 cost time: 106.1998233795166
Epoch: 3, Steps: 563 | Train Loss: 0.7062641 Vali Loss: 0.7368289 Test Loss: 0.3651147
Validation loss decreased (0.765910 --> 0.736829).  Saving model ...
Updating learning rate to 1.25e-05
	iters: 100, epoch: 4 | loss: 0.5976146
	speed: 0.4447s/iter; left time: 4212.5530s
	iters: 200, epoch: 4 | loss: 0.6208246
	speed: 0.1891s/iter; left time: 1772.6241s
	iters: 300, epoch: 4 | loss: 0.6151938
	speed: 0.1925s/iter; left time: 1784.7821s
	iters: 400, epoch: 4 | loss: 0.6286010
	speed: 0.1898s/iter; left time: 1741.1418s
	iters: 500, epoch: 4 | loss: 0.6672323
	speed: 0.1876s/iter; left time: 1701.8819s
Epoch: 4 cost time: 106.55975699424744
Epoch: 4, Steps: 563 | Train Loss: 0.6882386 Vali Loss: 0.7325909 Test Loss: 0.3642085
Validation loss decreased (0.736829 --> 0.732591).  Saving model ...
Updating learning rate to 6.25e-06
	iters: 100, epoch: 5 | loss: 0.6711802
	speed: 0.4396s/iter; left time: 3916.3409s
	iters: 200, epoch: 5 | loss: 0.6308702
	speed: 0.1870s/iter; left time: 1647.2952s
	iters: 300, epoch: 5 | loss: 0.5515468
	speed: 0.1911s/iter; left time: 1664.1791s
	iters: 400, epoch: 5 | loss: 0.6672143
	speed: 0.1949s/iter; left time: 1677.5844s
	iters: 500, epoch: 5 | loss: 0.6891732
	speed: 0.1874s/iter; left time: 1594.9908s
Epoch: 5 cost time: 106.514230966568
Epoch: 5, Steps: 563 | Train Loss: 0.6838619 Vali Loss: 0.7316363 Test Loss: 0.3639821
Validation loss decreased (0.732591 --> 0.731636).  Saving model ...
Updating learning rate to 3.125e-06
	iters: 100, epoch: 6 | loss: 0.6646705
	speed: 0.4427s/iter; left time: 3694.9306s
	iters: 200, epoch: 6 | loss: 0.7882802
	speed: 0.1891s/iter; left time: 1559.6699s
	iters: 300, epoch: 6 | loss: 0.6447413
	speed: 0.1885s/iter; left time: 1535.5398s
	iters: 400, epoch: 6 | loss: 0.7450097
	speed: 0.1906s/iter; left time: 1533.9488s
	iters: 500, epoch: 6 | loss: 0.7132041
	speed: 0.1875s/iter; left time: 1489.5181s
Epoch: 6 cost time: 106.65096282958984
Epoch: 6, Steps: 563 | Train Loss: 0.6822326 Vali Loss: 0.7305357 Test Loss: 0.3637624
Validation loss decreased (0.731636 --> 0.730536).  Saving model ...
Updating learning rate to 1.5625e-06
	iters: 100, epoch: 7 | loss: 0.8231573
	speed: 0.4435s/iter; left time: 3451.8424s
	iters: 200, epoch: 7 | loss: 0.6876048
	speed: 0.1865s/iter; left time: 1433.0809s
	iters: 300, epoch: 7 | loss: 0.6879880
	speed: 0.1884s/iter; left time: 1428.8796s
	iters: 400, epoch: 7 | loss: 0.6514301
	speed: 0.1876s/iter; left time: 1403.5684s
	iters: 500, epoch: 7 | loss: 0.6239515
	speed: 0.1890s/iter; left time: 1395.7516s
Epoch: 7 cost time: 105.53626322746277
Epoch: 7, Steps: 563 | Train Loss: 0.6813651 Vali Loss: 0.7304807 Test Loss: 0.3636808
Validation loss decreased (0.730536 --> 0.730481).  Saving model ...
Updating learning rate to 7.8125e-07
	iters: 100, epoch: 8 | loss: 0.5789894
	speed: 0.4401s/iter; left time: 3177.7104s
	iters: 200, epoch: 8 | loss: 0.7485263
	speed: 0.1898s/iter; left time: 1351.5888s
	iters: 300, epoch: 8 | loss: 0.6873090
	speed: 0.1870s/iter; left time: 1312.8998s
	iters: 400, epoch: 8 | loss: 0.8776122
	speed: 0.1878s/iter; left time: 1299.8183s
	iters: 500, epoch: 8 | loss: 0.6855116
	speed: 0.1934s/iter; left time: 1318.8802s
Epoch: 8 cost time: 106.55179262161255
Epoch: 8, Steps: 563 | Train Loss: 0.6809202 Vali Loss: 0.7302086 Test Loss: 0.3636624
Validation loss decreased (0.730481 --> 0.730209).  Saving model ...
Updating learning rate to 3.90625e-07
	iters: 100, epoch: 9 | loss: 0.7198647
	speed: 0.4440s/iter; left time: 2955.8818s
	iters: 200, epoch: 9 | loss: 0.7661054
	speed: 0.1893s/iter; left time: 1240.9898s
	iters: 300, epoch: 9 | loss: 0.6174462
	speed: 0.1887s/iter; left time: 1218.2486s
	iters: 400, epoch: 9 | loss: 0.6846929
	speed: 0.1886s/iter; left time: 1198.6773s
	iters: 500, epoch: 9 | loss: 0.6492259
	speed: 0.1912s/iter; left time: 1196.2295s
Epoch: 9 cost time: 106.7852623462677
Epoch: 9, Steps: 563 | Train Loss: 0.6808143 Vali Loss: 0.7300207 Test Loss: 0.3636536
Validation loss decreased (0.730209 --> 0.730021).  Saving model ...
Updating learning rate to 1.953125e-07
	iters: 100, epoch: 10 | loss: 0.8066802
	speed: 0.4428s/iter; left time: 2698.2413s
	iters: 200, epoch: 10 | loss: 0.6068692
	speed: 0.1896s/iter; left time: 1136.3275s
	iters: 300, epoch: 10 | loss: 0.6312078
	speed: 0.1879s/iter; left time: 1107.2527s
	iters: 400, epoch: 10 | loss: 0.6628763
	speed: 0.1872s/iter; left time: 1084.8276s
	iters: 500, epoch: 10 | loss: 0.5986545
	speed: 0.1875s/iter; left time: 1067.4926s
Epoch: 10 cost time: 105.9808919429779
Epoch: 10, Steps: 563 | Train Loss: 0.6804075 Vali Loss: 0.7300538 Test Loss: 0.3636439
EarlyStopping counter: 1 out of 10
Updating learning rate to 9.765625e-08
	iters: 100, epoch: 11 | loss: 0.5933541
	speed: 0.4435s/iter; left time: 2452.8288s
	iters: 200, epoch: 11 | loss: 0.6235664
	speed: 0.1871s/iter; left time: 1016.0506s
	iters: 300, epoch: 11 | loss: 0.7132977
	speed: 0.1883s/iter; left time: 1003.6626s
	iters: 400, epoch: 11 | loss: 0.6214942
	speed: 0.1891s/iter; left time: 989.2652s
	iters: 500, epoch: 11 | loss: 0.6054201
	speed: 0.1876s/iter; left time: 962.6651s
Epoch: 11 cost time: 105.76122212409973
Epoch: 11, Steps: 563 | Train Loss: 0.6805317 Vali Loss: 0.7302607 Test Loss: 0.3636412
EarlyStopping counter: 2 out of 10
Updating learning rate to 4.8828125e-08
	iters: 100, epoch: 12 | loss: 0.7848996
	speed: 0.4404s/iter; left time: 2187.7582s
	iters: 200, epoch: 12 | loss: 0.5850545
	speed: 0.1866s/iter; left time: 908.3507s
	iters: 300, epoch: 12 | loss: 0.5999049
	speed: 0.1883s/iter; left time: 897.9126s
	iters: 400, epoch: 12 | loss: 0.6535797
	speed: 0.1870s/iter; left time: 873.0951s
	iters: 500, epoch: 12 | loss: 0.7176849
	speed: 0.1917s/iter; left time: 875.5205s
Epoch: 12 cost time: 106.01665472984314
Epoch: 12, Steps: 563 | Train Loss: 0.6803554 Vali Loss: 0.7303385 Test Loss: 0.3636395
EarlyStopping counter: 3 out of 10
Updating learning rate to 2.44140625e-08
	iters: 100, epoch: 13 | loss: 0.5583224
	speed: 0.4422s/iter; left time: 1947.8004s
	iters: 200, epoch: 13 | loss: 0.7270270
	speed: 0.1902s/iter; left time: 818.9540s
	iters: 300, epoch: 13 | loss: 0.6058086
	speed: 0.1860s/iter; left time: 781.9574s
	iters: 400, epoch: 13 | loss: 0.6792203
	speed: 0.1908s/iter; left time: 783.3518s
	iters: 500, epoch: 13 | loss: 0.6538255
	speed: 0.1893s/iter; left time: 758.0727s
Epoch: 13 cost time: 106.0686366558075
Epoch: 13, Steps: 563 | Train Loss: 0.6805380 Vali Loss: 0.7300995 Test Loss: 0.3636386
EarlyStopping counter: 4 out of 10
Updating learning rate to 1.220703125e-08
	iters: 100, epoch: 14 | loss: 0.7902257
	speed: 0.4403s/iter; left time: 1691.7603s
	iters: 200, epoch: 14 | loss: 0.6446896
	speed: 0.1903s/iter; left time: 712.0364s
	iters: 300, epoch: 14 | loss: 0.5726361
	speed: 0.1886s/iter; left time: 686.9474s
	iters: 400, epoch: 14 | loss: 0.6369394
	speed: 0.1855s/iter; left time: 657.1354s
	iters: 500, epoch: 14 | loss: 0.7799420
	speed: 0.1891s/iter; left time: 650.9324s
Epoch: 14 cost time: 106.06379437446594
Epoch: 14, Steps: 563 | Train Loss: 0.6804787 Vali Loss: 0.7302675 Test Loss: 0.3636384
EarlyStopping counter: 5 out of 10
Updating learning rate to 6.103515625e-09
	iters: 100, epoch: 15 | loss: 0.7495551
	speed: 0.4414s/iter; left time: 1447.1874s
	iters: 200, epoch: 15 | loss: 0.7169728
	speed: 0.1888s/iter; left time: 600.1163s
	iters: 300, epoch: 15 | loss: 1.0014563
	speed: 0.1883s/iter; left time: 579.7687s
	iters: 400, epoch: 15 | loss: 0.7123444
	speed: 0.1860s/iter; left time: 554.1481s
	iters: 500, epoch: 15 | loss: 0.7241835
	speed: 0.1869s/iter; left time: 538.0271s
Epoch: 15 cost time: 105.64191198348999
Epoch: 15, Steps: 563 | Train Loss: 0.6804095 Vali Loss: 0.7297775 Test Loss: 0.3636385
Validation loss decreased (0.730021 --> 0.729778).  Saving model ...
Updating learning rate to 3.0517578125e-09
	iters: 100, epoch: 16 | loss: 0.6575950
	speed: 0.4414s/iter; left time: 1198.8109s
	iters: 200, epoch: 16 | loss: 0.7579589
	speed: 0.1877s/iter; left time: 491.0003s
	iters: 300, epoch: 16 | loss: 0.6932454
	speed: 0.1868s/iter; left time: 469.8830s
	iters: 400, epoch: 16 | loss: 0.6428443
	speed: 0.1883s/iter; left time: 455.0447s
	iters: 500, epoch: 16 | loss: 0.6634799
	speed: 0.1872s/iter; left time: 433.4732s
Epoch: 16 cost time: 105.75310206413269
Epoch: 16, Steps: 563 | Train Loss: 0.6804306 Vali Loss: 0.7304248 Test Loss: 0.3636386
EarlyStopping counter: 1 out of 10
Updating learning rate to 1.52587890625e-09
	iters: 100, epoch: 17 | loss: 0.8252990
	speed: 0.4452s/iter; left time: 958.4264s
	iters: 200, epoch: 17 | loss: 0.6968377
	speed: 0.1886s/iter; left time: 387.2051s
	iters: 300, epoch: 17 | loss: 0.7077997
	speed: 0.1878s/iter; left time: 366.8533s
	iters: 400, epoch: 17 | loss: 0.7028731
	speed: 0.1895s/iter; left time: 351.2259s
	iters: 500, epoch: 17 | loss: 0.6103714
	speed: 0.1885s/iter; left time: 330.4958s
Epoch: 17 cost time: 106.54118490219116
Epoch: 17, Steps: 563 | Train Loss: 0.6803660 Vali Loss: 0.7299562 Test Loss: 0.3636385
EarlyStopping counter: 2 out of 10
Updating learning rate to 7.62939453125e-10
	iters: 100, epoch: 18 | loss: 0.5823373
	speed: 0.4432s/iter; left time: 704.7147s
	iters: 200, epoch: 18 | loss: 0.9797885
	speed: 0.1903s/iter; left time: 283.4872s
	iters: 300, epoch: 18 | loss: 0.6587244
	speed: 0.1874s/iter; left time: 260.4519s
	iters: 400, epoch: 18 | loss: 0.7593147
	speed: 0.1893s/iter; left time: 244.1392s
	iters: 500, epoch: 18 | loss: 0.6444907
	speed: 0.1884s/iter; left time: 224.1801s
Epoch: 18 cost time: 106.24505519866943
Epoch: 18, Steps: 563 | Train Loss: 0.6800155 Vali Loss: 0.7303310 Test Loss: 0.3636385
EarlyStopping counter: 3 out of 10
Updating learning rate to 3.814697265625e-10
	iters: 100, epoch: 19 | loss: 0.6142223
	speed: 0.4418s/iter; left time: 453.7160s
	iters: 200, epoch: 19 | loss: 0.6138886
	speed: 0.1936s/iter; left time: 179.4446s
	iters: 300, epoch: 19 | loss: 0.7889949
	speed: 0.1881s/iter; left time: 155.5471s
	iters: 400, epoch: 19 | loss: 0.6161430
	speed: 0.1902s/iter; left time: 138.2497s
	iters: 500, epoch: 19 | loss: 0.6030622
	speed: 0.1890s/iter; left time: 118.5007s
Epoch: 19 cost time: 106.89502692222595
Epoch: 19, Steps: 563 | Train Loss: 0.6805390 Vali Loss: 0.7300464 Test Loss: 0.3636385
EarlyStopping counter: 4 out of 10
Updating learning rate to 1.9073486328125e-10
	iters: 100, epoch: 20 | loss: 0.9175588
	speed: 0.4415s/iter; left time: 204.8498s
	iters: 200, epoch: 20 | loss: 0.8498788
	speed: 0.1884s/iter; left time: 68.5612s
	iters: 300, epoch: 20 | loss: 0.8040649
	speed: 0.1911s/iter; left time: 50.4385s
	iters: 400, epoch: 20 | loss: 0.6888469
	speed: 0.1892s/iter; left time: 31.0268s
	iters: 500, epoch: 20 | loss: 0.5619845
	speed: 0.1935s/iter; left time: 12.3847s
Epoch: 20 cost time: 106.75738334655762
Epoch: 20, Steps: 563 | Train Loss: 0.6803551 Vali Loss: 0.7304120 Test Loss: 0.3636385
EarlyStopping counter: 5 out of 10
Updating learning rate to 9.5367431640625e-11
>>>>>>>testing : long_term_forecast_PP_Weather_96_720_none_TimeMixerPP_custom_sl96_pl720_dm32_nh4_el2_dl1_df64_fc3_ebtimeF_dtTrue_Exp_0<<<<<<<<<<<<<<<<<<<<<<<<<<<<<<<<<
test 9820
mse:0.36363887786865234, mae:0.3611789643764496
