Args in experiment:
Namespace(activation='gelu', anomaly_ratio=0.25, batch_size=64, c_out=21, channel_independence=1, checkpoints='./checkpoints/', comment='none', d_ff=64, d_layers=1, d_model=32, data='custom', data_path='weather.csv', dec_in=21, decomp_method='moving_avg', des='Exp', devices='0,1', distil=True, down_sampling_layers=3, down_sampling_method='avg', down_sampling_window=2, drop_last=True, dropout=0.1, e_layers=2, embed='timeF', enc_in=21, factor=3, features='M', freq='h', gpu=0, inverse=False, is_training=1, itr=1, label_len=0, learning_rate=5e-05, loss='MSE', lradj='type1', mask_rate=0.125, model='TimeMixerPP', model_id='PP_Weather_96_336', moving_avg=25, n_heads=4, num_kernels=6, num_workers=0, output_attention=False, p_hidden_dims=[128, 128], p_hidden_layers=2, patience=10, pct_start=0.2, pred_len=336, root_path='<workspace>\\dataset\\weather', seasonal_patterns='Monthly', seq_len=96, target='OT', task_name='long_term_forecast', top_k=3, train_epochs=20, use_amp=False, use_future_temporal_feature=0, use_gpu=True, use_multi_gpu=False, use_norm=1)
Use GPU: cuda:0
>>>>>>>start training : long_term_forecast_PP_Weather_96_336_none_TimeMixerPP_custom_sl96_pl336_dm32_nh4_el2_dl1_df64_fc3_ebtimeF_dtTrue_Exp_0>>>>>>>>>>>>>>>>>>>>>>>>>>
train 36456
val 4935
test 10204
	iters: 100, epoch: 1 | loss: 1.4673303
	speed: 0.2081s/iter; left time: 2347.7973s
	iters: 200, epoch: 1 | loss: 0.9219040
	speed: 0.1853s/iter; left time: 2072.0994s
	iters: 300, epoch: 1 | loss: 1.1836617
	speed: 0.1852s/iter; left time: 2052.4837s
	iters: 400, epoch: 1 | loss: 1.0025971
	speed: 0.1825s/iter; left time: 2003.6638s
	iters: 500, epoch: 1 | loss: 0.9100785
	speed: 0.1857s/iter; left time: 2020.1095s
Epoch: 1 cost time: 107.53366041183472
Epoch: 1, Steps: 569 | Train Loss: 1.0946113 Vali Loss: 0.9813200 Test Loss: 0.3775740
Validation loss decreased (inf --> 0.981320).  Saving model ...
Updating learning rate to 5e-05
	iters: 100, epoch: 2 | loss: 0.9257600
	speed: 0.4433s/iter; left time: 4748.5657s
	iters: 200, epoch: 2 | loss: 1.0052303
	speed: 0.1864s/iter; left time: 1978.2193s
	iters: 300, epoch: 2 | loss: 0.6668657
	speed: 0.1833s/iter; left time: 1927.1410s
	iters: 400, epoch: 2 | loss: 1.0175934
	speed: 0.1840s/iter; left time: 1915.7939s
	iters: 500, epoch: 2 | loss: 0.9258809
	speed: 0.1845s/iter; left time: 1902.3815s
Epoch: 2 cost time: 105.28308367729187
Epoch: 2, Steps: 569 | Train Loss: 0.8314349 Vali Loss: 0.6602709 Test Loss: 0.3014258
Validation loss decreased (0.981320 --> 0.660271).  Saving model ...
Updating learning rate to 2.5e-05
	iters: 100, epoch: 3 | loss: 0.5952226
	speed: 0.4432s/iter; left time: 4495.5850s
	iters: 200, epoch: 3 | loss: 0.7599181
	speed: 0.1816s/iter; left time: 1824.1064s
	iters: 300, epoch: 3 | loss: 0.5241961
	speed: 0.1846s/iter; left time: 1835.5345s
	iters: 400, epoch: 3 | loss: 0.5938720
	speed: 0.1831s/iter; left time: 1802.5334s
	iters: 500, epoch: 3 | loss: 0.5474755
	speed: 0.1830s/iter; left time: 1782.8034s
Epoch: 3 cost time: 104.29547452926636
Epoch: 3, Steps: 569 | Train Loss: 0.6340530 Vali Loss: 0.6207379 Test Loss: 0.2968704
Validation loss decreased (0.660271 --> 0.620738).  Saving model ...
Updating learning rate to 1.25e-05
	iters: 100, epoch: 4 | loss: 0.5255901
	speed: 0.4440s/iter; left time: 4250.7730s
	iters: 200, epoch: 4 | loss: 0.5177999
	speed: 0.1844s/iter; left time: 1747.0921s
	iters: 300, epoch: 4 | loss: 0.5546471
	speed: 0.1825s/iter; left time: 1710.7148s
	iters: 400, epoch: 4 | loss: 0.6960480
	speed: 0.1858s/iter; left time: 1723.4851s
	iters: 500, epoch: 4 | loss: 0.7731900
	speed: 0.1854s/iter; left time: 1700.8164s
Epoch: 4 cost time: 104.77960467338562
Epoch: 4, Steps: 569 | Train Loss: 0.6128881 Vali Loss: 0.6143003 Test Loss: 0.2955422
Validation loss decreased (0.620738 --> 0.614300).  Saving model ...
Updating learning rate to 6.25e-06
	iters: 100, epoch: 5 | loss: 0.8714123
	speed: 0.4445s/iter; left time: 4002.9505s
	iters: 200, epoch: 5 | loss: 0.5008906
	speed: 0.1842s/iter; left time: 1640.5229s
	iters: 300, epoch: 5 | loss: 0.5646060
	speed: 0.1830s/iter; left time: 1611.5581s
	iters: 400, epoch: 5 | loss: 0.6647943
	speed: 0.1823s/iter; left time: 1587.3550s
	iters: 500, epoch: 5 | loss: 0.7772879
	speed: 0.1866s/iter; left time: 1605.3443s
Epoch: 5 cost time: 105.5105345249176
Epoch: 5, Steps: 569 | Train Loss: 0.6079983 Vali Loss: 0.6113147 Test Loss: 0.2951348
Validation loss decreased (0.614300 --> 0.611315).  Saving model ...
Updating learning rate to 3.125e-06
	iters: 100, epoch: 6 | loss: 0.5155351
	speed: 0.4480s/iter; left time: 3779.3411s
	iters: 200, epoch: 6 | loss: 0.6239203
	speed: 0.1863s/iter; left time: 1552.6621s
	iters: 300, epoch: 6 | loss: 0.4921551
	speed: 0.1843s/iter; left time: 1517.6452s
	iters: 400, epoch: 6 | loss: 0.4682027
	speed: 0.1835s/iter; left time: 1492.7018s
	iters: 500, epoch: 6 | loss: 0.5402854
	speed: 0.1864s/iter; left time: 1497.8282s
Epoch: 6 cost time: 105.22189664840698
Epoch: 6, Steps: 569 | Train Loss: 0.6059939 Vali Loss: 0.6108758 Test Loss: 0.2949160
Validation loss decreased (0.611315 --> 0.610876).  Saving model ...
Updating learning rate to 1.5625e-06
	iters: 100, epoch: 7 | loss: 0.5798519
	speed: 0.4417s/iter; left time: 3474.6945s
	iters: 200, epoch: 7 | loss: 0.8220205
	speed: 0.1836s/iter; left time: 1426.2544s
	iters: 300, epoch: 7 | loss: 0.6498331
	speed: 0.1845s/iter; left time: 1414.5536s
	iters: 400, epoch: 7 | loss: 0.6548098
	speed: 0.1821s/iter; left time: 1378.2895s
	iters: 500, epoch: 7 | loss: 0.5608138
	speed: 0.1848s/iter; left time: 1379.8670s
Epoch: 7 cost time: 104.60882592201233
Epoch: 7, Steps: 569 | Train Loss: 0.6046521 Vali Loss: 0.6103468 Test Loss: 0.2947899
Validation loss decreased (0.610876 --> 0.610347).  Saving model ...
Updating learning rate to 7.8125e-07
	iters: 100, epoch: 8 | loss: 0.6671469
	speed: 0.4438s/iter; left time: 3238.6934s
	iters: 200, epoch: 8 | loss: 0.7594529
	speed: 0.1827s/iter; left time: 1315.3230s
	iters: 300, epoch: 8 | loss: 0.5454779
	speed: 0.1858s/iter; left time: 1318.5894s
	iters: 400, epoch: 8 | loss: 0.5267814
	speed: 0.1873s/iter; left time: 1310.5073s
	iters: 500, epoch: 8 | loss: 0.6794899
	speed: 0.1876s/iter; left time: 1293.8598s
Epoch: 8 cost time: 105.57689619064331
Epoch: 8, Steps: 569 | Train Loss: 0.6043753 Vali Loss: 0.6099768 Test Loss: 0.2947414
Validation loss decreased (0.610347 --> 0.609977).  Saving model ...
Updating learning rate to 3.90625e-07
	iters: 100, epoch: 9 | loss: 0.7439736
	speed: 0.4476s/iter; left time: 3012.0001s
	iters: 200, epoch: 9 | loss: 0.8735947
	speed: 0.1884s/iter; left time: 1248.8673s
	iters: 300, epoch: 9 | loss: 0.5449311
	speed: 0.1844s/iter; left time: 1203.6866s
	iters: 400, epoch: 9 | loss: 0.6034589
	speed: 0.1897s/iter; left time: 1219.3333s
	iters: 500, epoch: 9 | loss: 0.6861545
	speed: 0.1852s/iter; left time: 1171.8624s
Epoch: 9 cost time: 106.02129077911377
Epoch: 9, Steps: 569 | Train Loss: 0.6044163 Vali Loss: 0.6098421 Test Loss: 0.2947214
Validation loss decreased (0.609977 --> 0.609842).  Saving model ...
Updating learning rate to 1.953125e-07
	iters: 100, epoch: 10 | loss: 0.5034599
	speed: 0.4439s/iter; left time: 2734.4678s
	iters: 200, epoch: 10 | loss: 0.6550850
	speed: 0.1827s/iter; left time: 1107.4431s
	iters: 300, epoch: 10 | loss: 0.5261625
	speed: 0.1837s/iter; left time: 1094.8458s
	iters: 400, epoch: 10 | loss: 0.5396201
	speed: 0.1842s/iter; left time: 1079.1281s
	iters: 500, epoch: 10 | loss: 0.5024928
	speed: 0.1875s/iter; left time: 1079.8892s
Epoch: 10 cost time: 105.19828987121582
Epoch: 10, Steps: 569 | Train Loss: 0.6043089 Vali Loss: 0.6101347 Test Loss: 0.2947107
EarlyStopping counter: 1 out of 10
Updating learning rate to 9.765625e-08
	iters: 100, epoch: 11 | loss: 0.5781330
	speed: 0.4428s/iter; left time: 2475.8100s
	iters: 200, epoch: 11 | loss: 0.8018411
	speed: 0.1856s/iter; left time: 1019.1959s
	iters: 300, epoch: 11 | loss: 0.4644249
	speed: 0.1859s/iter; left time: 1001.9881s
	iters: 400, epoch: 11 | loss: 0.5219775
	speed: 0.1844s/iter; left time: 975.7792s
	iters: 500, epoch: 11 | loss: 0.5292294
	speed: 0.1857s/iter; left time: 963.9712s
Epoch: 11 cost time: 105.71936535835266
Epoch: 11, Steps: 569 | Train Loss: 0.6041021 Vali Loss: 0.6095728 Test Loss: 0.2947041
Validation loss decreased (0.609842 --> 0.609573).  Saving model ...
Updating learning rate to 4.8828125e-08
	iters: 100, epoch: 12 | loss: 0.7000647
	speed: 0.4483s/iter; left time: 2251.4395s
	iters: 200, epoch: 12 | loss: 0.6695925
	speed: 0.1835s/iter; left time: 903.3897s
	iters: 300, epoch: 12 | loss: 0.6120721
	speed: 0.1866s/iter; left time: 899.5954s
	iters: 400, epoch: 12 | loss: 0.5377324
	speed: 0.1840s/iter; left time: 868.9251s
	iters: 500, epoch: 12 | loss: 0.5138649
	speed: 0.1846s/iter; left time: 853.4399s
Epoch: 12 cost time: 105.08361077308655
Epoch: 12, Steps: 569 | Train Loss: 0.6041464 Vali Loss: 0.6095332 Test Loss: 0.2947017
Validation loss decreased (0.609573 --> 0.609533).  Saving model ...
Updating learning rate to 2.44140625e-08
	iters: 100, epoch: 13 | loss: 0.5054765
	speed: 0.4435s/iter; left time: 1975.0636s
	iters: 200, epoch: 13 | loss: 0.5071104
	speed: 0.1850s/iter; left time: 805.3709s
	iters: 300, epoch: 13 | loss: 0.5291439
	speed: 0.1869s/iter; left time: 794.7499s
	iters: 400, epoch: 13 | loss: 0.8491237
	speed: 0.1857s/iter; left time: 771.1374s
	iters: 500, epoch: 13 | loss: 0.6167769
	speed: 0.1865s/iter; left time: 755.9506s
Epoch: 13 cost time: 105.58734798431396
Epoch: 13, Steps: 569 | Train Loss: 0.6041452 Vali Loss: 0.6097297 Test Loss: 0.2947008
EarlyStopping counter: 1 out of 10
Updating learning rate to 1.220703125e-08
	iters: 100, epoch: 14 | loss: 0.7248765
	speed: 0.4474s/iter; left time: 1737.6230s
	iters: 200, epoch: 14 | loss: 0.4957049
	speed: 0.1840s/iter; left time: 696.3501s
	iters: 300, epoch: 14 | loss: 0.5238340
	speed: 0.1871s/iter; left time: 689.2333s
	iters: 400, epoch: 14 | loss: 0.7163988
	speed: 0.1866s/iter; left time: 668.7820s
	iters: 500, epoch: 14 | loss: 0.6739339
	speed: 0.1821s/iter; left time: 634.6049s
Epoch: 14 cost time: 105.51588749885559
Epoch: 14, Steps: 569 | Train Loss: 0.6040755 Vali Loss: 0.6096393 Test Loss: 0.2947004
EarlyStopping counter: 2 out of 10
Updating learning rate to 6.103515625e-09
	iters: 100, epoch: 15 | loss: 0.7415279
	speed: 0.4481s/iter; left time: 1485.3410s
	iters: 200, epoch: 15 | loss: 0.6359581
	speed: 0.1855s/iter; left time: 596.3667s
	iters: 300, epoch: 15 | loss: 0.5521136
	speed: 0.1842s/iter; left time: 573.8645s
	iters: 400, epoch: 15 | loss: 0.6556804
	speed: 0.1830s/iter; left time: 551.8894s
	iters: 500, epoch: 15 | loss: 0.4816263
	speed: 0.1861s/iter; left time: 542.5877s
Epoch: 15 cost time: 105.2419900894165
Epoch: 15, Steps: 569 | Train Loss: 0.6038367 Vali Loss: 0.6097757 Test Loss: 0.2947001
EarlyStopping counter: 3 out of 10
Updating learning rate to 3.0517578125e-09
	iters: 100, epoch: 16 | loss: 0.8163319
	speed: 0.4441s/iter; left time: 1219.3660s
	iters: 200, epoch: 16 | loss: 0.7375719
	speed: 0.1852s/iter; left time: 490.0433s
	iters: 300, epoch: 16 | loss: 0.6091841
	speed: 0.1858s/iter; left time: 473.1150s
	iters: 400, epoch: 16 | loss: 0.5316406
	speed: 0.1850s/iter; left time: 452.4411s
	iters: 500, epoch: 16 | loss: 0.4285429
	speed: 0.1814s/iter; left time: 425.5553s
Epoch: 16 cost time: 104.897629737854
Epoch: 16, Steps: 569 | Train Loss: 0.6038249 Vali Loss: 0.6096733 Test Loss: 0.2947001
EarlyStopping counter: 4 out of 10
Updating learning rate to 1.52587890625e-09
	iters: 100, epoch: 17 | loss: 0.5140911
	speed: 0.4446s/iter; left time: 967.9672s
	iters: 200, epoch: 17 | loss: 0.7541321
	speed: 0.1827s/iter; left time: 379.3929s
	iters: 300, epoch: 17 | loss: 0.6352562
	speed: 0.1897s/iter; left time: 375.0934s
	iters: 400, epoch: 17 | loss: 0.4899321
	speed: 0.1853s/iter; left time: 347.8238s
	iters: 500, epoch: 17 | loss: 0.7285293
	speed: 0.1840s/iter; left time: 327.0212s
Epoch: 17 cost time: 105.1767942905426
Epoch: 17, Steps: 569 | Train Loss: 0.6041164 Vali Loss: 0.6098625 Test Loss: 0.2947001
EarlyStopping counter: 5 out of 10
Updating learning rate to 7.62939453125e-10
	iters: 100, epoch: 18 | loss: 0.7744934
	speed: 0.4471s/iter; left time: 718.9638s
	iters: 200, epoch: 18 | loss: 0.4566476
	speed: 0.1859s/iter; left time: 280.3944s
	iters: 300, epoch: 18 | loss: 0.6208538
	speed: 0.1894s/iter; left time: 266.7428s
	iters: 400, epoch: 18 | loss: 0.5024121
	speed: 0.1869s/iter; left time: 244.5026s
	iters: 500, epoch: 18 | loss: 0.7075254
	speed: 0.1852s/iter; left time: 223.7695s
Epoch: 18 cost time: 105.97899174690247
Epoch: 18, Steps: 569 | Train Loss: 0.6042323 Vali Loss: 0.6100574 Test Loss: 0.2947001
EarlyStopping counter: 6 out of 10
Updating learning rate to 3.814697265625e-10
	iters: 100, epoch: 19 | loss: 0.5230098
	speed: 0.4430s/iter; left time: 460.2496s
	iters: 200, epoch: 19 | loss: 0.6254364
	speed: 0.1858s/iter; left time: 174.5044s
	iters: 300, epoch: 19 | loss: 0.5010749
	speed: 0.1862s/iter; left time: 156.2130s
	iters: 400, epoch: 19 | loss: 0.5952992
	speed: 0.1863s/iter; left time: 137.6430s
	iters: 500, epoch: 19 | loss: 0.5248090
	speed: 0.1868s/iter; left time: 119.3541s
Epoch: 19 cost time: 105.92353439331055
Epoch: 19, Steps: 569 | Train Loss: 0.6040827 Vali Loss: 0.6098656 Test Loss: 0.2947001
EarlyStopping counter: 7 out of 10
Updating learning rate to 1.9073486328125e-10
	iters: 100, epoch: 20 | loss: 0.8524671
	speed: 0.4458s/iter; left time: 209.5334s
	iters: 200, epoch: 20 | loss: 0.6275010
	speed: 0.1826s/iter; left time: 67.5756s
	iters: 300, epoch: 20 | loss: 0.6526070
	speed: 0.1855s/iter; left time: 50.0924s
	iters: 400, epoch: 20 | loss: 0.6402460
	speed: 0.1833s/iter; left time: 31.1559s
	iters: 500, epoch: 20 | loss: 0.7136175
	speed: 0.1872s/iter; left time: 13.1064s
Epoch: 20 cost time: 105.0750241279602
Epoch: 20, Steps: 569 | Train Loss: 0.6039162 Vali Loss: 0.6088924 Test Loss: 0.2947001
Validation loss decreased (0.609533 --> 0.608892).  Saving model ...
Updating learning rate to 9.5367431640625e-11
>>>>>>>testing : long_term_forecast_PP_Weather_96_336_none_TimeMixerPP_custom_sl96_pl336_dm32_nh4_el2_dl1_df64_fc3_ebtimeF_dtTrue_Exp_0<<<<<<<<<<<<<<<<<<<<<<<<<<<<<<<<<
test 10204
mse:0.2947004437446594, mae:0.31760162115097046
