Args in experiment:
Namespace(activation='gelu', anomaly_ratio=0.25, batch_size=64, c_out=21, channel_independence=1, checkpoints='./checkpoints/', comment='none', d_ff=64, d_layers=1, d_model=32, data='custom', data_path='weather.csv', dec_in=21, decomp_method='moving_avg', des='Exp', devices='0,1', distil=True, down_sampling_layers=3, down_sampling_method='avg', down_sampling_window=2, drop_last=True, dropout=0.1, e_layers=2, embed='timeF', enc_in=21, factor=3, features='M', freq='h', gpu=0, inverse=False, is_training=1, itr=1, label_len=0, learning_rate=5e-05, loss='MSE', lradj='type1', mask_rate=0.125, model='TimeMixerPP', model_id='PP_Weather_96_96', moving_avg=25, n_heads=4, num_kernels=6, num_workers=0, output_attention=False, p_hidden_dims=[128, 128], p_hidden_layers=2, patience=10, pct_start=0.2, pred_len=96, root_path='<workspace>\\dataset\\weather', seasonal_patterns='Monthly', seq_len=96, target='OT', task_name='long_term_forecast', top_k=3, train_epochs=20, use_amp=False, use_future_temporal_feature=0, use_gpu=True, use_multi_gpu=False, use_norm=1)
Use GPU: cuda:0
>>>>>>>start training : long_term_forecast_PP_Weather_96_96_none_TimeMixerPP_custom_sl96_pl96_dm32_nh4_el2_dl1_df64_fc3_ebtimeF_dtTrue_Exp_0>>>>>>>>>>>>>>>>>>>>>>>>>>
train 36696
val 5175
test 10444
	iters: 100, epoch: 1 | loss: 1.1024932
	speed: 0.2022s/iter; left time: 2297.3433s
	iters: 200, epoch: 1 | loss: 0.7569148
	speed: 0.1796s/iter; left time: 2022.5326s
	iters: 300, epoch: 1 | loss: 0.6294910
	speed: 0.1798s/iter; left time: 2007.0603s
	iters: 400, epoch: 1 | loss: 1.1680753
	speed: 0.1816s/iter; left time: 2008.3281s
	iters: 500, epoch: 1 | loss: 0.6679226
	speed: 0.1786s/iter; left time: 1957.2345s
Epoch: 1 cost time: 105.43094420433044
Epoch: 1, Steps: 573 | Train Loss: 0.9378181 Vali Loss: 0.7590341 Test Loss: 0.2548928
Validation loss decreased (inf --> 0.759034).  Saving model ...
Updating learning rate to 5e-05
	iters: 100, epoch: 2 | loss: 0.6636326
	speed: 0.4381s/iter; left time: 4726.4414s
	iters: 200, epoch: 2 | loss: 1.0347788
	speed: 0.1789s/iter; left time: 1912.0841s
	iters: 300, epoch: 2 | loss: 0.5617884
	speed: 0.1791s/iter; left time: 1896.6746s
	iters: 400, epoch: 2 | loss: 0.5463183
	speed: 0.1786s/iter; left time: 1873.0214s
	iters: 500, epoch: 2 | loss: 0.4350411
	speed: 0.1823s/iter; left time: 1893.5855s
Epoch: 2 cost time: 103.06043791770935
Epoch: 2, Steps: 573 | Train Loss: 0.7496905 Vali Loss: 0.5203110 Test Loss: 0.2107328
Validation loss decreased (0.759034 --> 0.520311).  Saving model ...
Updating learning rate to 2.5e-05
	iters: 100, epoch: 3 | loss: 0.5630191
	speed: 0.4372s/iter; left time: 4466.2435s
	iters: 200, epoch: 3 | loss: 1.0515352
	speed: 0.1811s/iter; left time: 1831.6291s
	iters: 300, epoch: 3 | loss: 0.4655691
	speed: 0.1780s/iter; left time: 1782.7255s
	iters: 400, epoch: 3 | loss: 0.4308998
	speed: 0.1746s/iter; left time: 1731.5550s
	iters: 500, epoch: 3 | loss: 0.3946934
	speed: 0.1761s/iter; left time: 1728.4116s
Epoch: 3 cost time: 101.7207543849945
Epoch: 3, Steps: 573 | Train Loss: 0.5269823 Vali Loss: 0.4758193 Test Loss: 0.2030501
Validation loss decreased (0.520311 --> 0.475819).  Saving model ...
Updating learning rate to 1.25e-05
	iters: 100, epoch: 4 | loss: 0.3997576
	speed: 0.4348s/iter; left time: 4192.4396s
	iters: 200, epoch: 4 | loss: 0.4134857
	speed: 0.1762s/iter; left time: 1681.5160s
	iters: 300, epoch: 4 | loss: 0.4495756
	speed: 0.1814s/iter; left time: 1712.7572s
	iters: 400, epoch: 4 | loss: 0.4058152
	speed: 0.1779s/iter; left time: 1661.5166s
	iters: 500, epoch: 4 | loss: 0.5058249
	speed: 0.1785s/iter; left time: 1650.0523s
Epoch: 4 cost time: 101.99183917045593
Epoch: 4, Steps: 573 | Train Loss: 0.4919080 Vali Loss: 0.4678399 Test Loss: 0.2016552
Validation loss decreased (0.475819 --> 0.467840).  Saving model ...
Updating learning rate to 6.25e-06
	iters: 100, epoch: 5 | loss: 0.4181733
	speed: 0.4350s/iter; left time: 3945.0858s
	iters: 200, epoch: 5 | loss: 0.3479646
	speed: 0.1782s/iter; left time: 1598.1868s
	iters: 300, epoch: 5 | loss: 0.4062047
	speed: 0.1777s/iter; left time: 1575.6786s
	iters: 400, epoch: 5 | loss: 0.3994607
	speed: 0.1800s/iter; left time: 1578.1148s
	iters: 500, epoch: 5 | loss: 0.8157622
	speed: 0.1858s/iter; left time: 1611.0547s
Epoch: 5 cost time: 102.90229988098145
Epoch: 5, Steps: 573 | Train Loss: 0.4848611 Vali Loss: 0.4663202 Test Loss: 0.2006549
Validation loss decreased (0.467840 --> 0.466320).  Saving model ...
Updating learning rate to 3.125e-06
	iters: 100, epoch: 6 | loss: 0.4250891
	speed: 0.4353s/iter; left time: 3698.4770s
	iters: 200, epoch: 6 | loss: 0.4207804
	speed: 0.1771s/iter; left time: 1487.1671s
	iters: 300, epoch: 6 | loss: 0.4253051
	speed: 0.1776s/iter; left time: 1473.4091s
	iters: 400, epoch: 6 | loss: 0.3129879
	speed: 0.1784s/iter; left time: 1462.1421s
	iters: 500, epoch: 6 | loss: 0.4204679
	speed: 0.1806s/iter; left time: 1462.5245s
Epoch: 6 cost time: 101.66956973075867
Epoch: 6, Steps: 573 | Train Loss: 0.4805930 Vali Loss: 0.4648918 Test Loss: 0.2002763
Validation loss decreased (0.466320 --> 0.464892).  Saving model ...
Updating learning rate to 1.5625e-06
	iters: 100, epoch: 7 | loss: 0.4272195
	speed: 0.4314s/iter; left time: 3417.8323s
	iters: 200, epoch: 7 | loss: 0.4415348
	speed: 0.1793s/iter; left time: 1402.3940s
	iters: 300, epoch: 7 | loss: 0.3563901
	speed: 0.1782s/iter; left time: 1376.0348s
	iters: 400, epoch: 7 | loss: 0.4184916
	speed: 0.1773s/iter; left time: 1351.2820s
	iters: 500, epoch: 7 | loss: 0.4355919
	speed: 0.1783s/iter; left time: 1341.1014s
Epoch: 7 cost time: 102.26193046569824
Epoch: 7, Steps: 573 | Train Loss: 0.4806540 Vali Loss: 0.4651719 Test Loss: 0.2000900
EarlyStopping counter: 1 out of 10
Updating learning rate to 7.8125e-07
	iters: 100, epoch: 8 | loss: 0.5623249
	speed: 0.4371s/iter; left time: 3212.9630s
	iters: 200, epoch: 8 | loss: 0.3086662
	speed: 0.1776s/iter; left time: 1287.8375s
	iters: 300, epoch: 8 | loss: 0.4066724
	speed: 0.1814s/iter; left time: 1297.2188s
	iters: 400, epoch: 8 | loss: 0.5420026
	speed: 0.1778s/iter; left time: 1253.1547s
	iters: 500, epoch: 8 | loss: 0.4032725
	speed: 0.1774s/iter; left time: 1233.2058s
Epoch: 8 cost time: 102.07782030105591
Epoch: 8, Steps: 573 | Train Loss: 0.4797403 Vali Loss: 0.4629960 Test Loss: 0.1999828
Validation loss decreased (0.464892 --> 0.462996).  Saving model ...
Updating learning rate to 3.90625e-07
	iters: 100, epoch: 9 | loss: 0.2950398
	speed: 0.4360s/iter; left time: 2954.5009s
	iters: 200, epoch: 9 | loss: 0.3815915
	speed: 0.1784s/iter; left time: 1191.1659s
	iters: 300, epoch: 9 | loss: 0.2856633
	speed: 0.1761s/iter; left time: 1158.0314s
	iters: 400, epoch: 9 | loss: 0.2816969
	speed: 0.1790s/iter; left time: 1159.1074s
	iters: 500, epoch: 9 | loss: 0.3987630
	speed: 0.1798s/iter; left time: 1146.7517s
Epoch: 9 cost time: 102.11010265350342
Epoch: 9, Steps: 573 | Train Loss: 0.4794691 Vali Loss: 0.4644341 Test Loss: 0.1999405
EarlyStopping counter: 1 out of 10
Updating learning rate to 1.953125e-07
	iters: 100, epoch: 10 | loss: 0.4058939
	speed: 0.4344s/iter; left time: 2695.1271s
	iters: 200, epoch: 10 | loss: 0.4475927
	speed: 0.1760s/iter; left time: 1074.4381s
	iters: 300, epoch: 10 | loss: 0.4143277
	speed: 0.1775s/iter; left time: 1065.8238s
	iters: 400, epoch: 10 | loss: 0.2694667
	speed: 0.1781s/iter; left time: 1051.5003s
	iters: 500, epoch: 10 | loss: 0.8990779
	speed: 0.1766s/iter; left time: 1024.7542s
Epoch: 10 cost time: 101.75590085983276
Epoch: 10, Steps: 573 | Train Loss: 0.4793006 Vali Loss: 0.4635573 Test Loss: 0.1999130
EarlyStopping counter: 2 out of 10
Updating learning rate to 9.765625e-08
	iters: 100, epoch: 11 | loss: 0.3253604
	speed: 0.4369s/iter; left time: 2460.2726s
	iters: 200, epoch: 11 | loss: 0.3634657
	speed: 0.1805s/iter; left time: 998.4682s
	iters: 300, epoch: 11 | loss: 0.3735179
	speed: 0.1769s/iter; left time: 960.6133s
	iters: 400, epoch: 11 | loss: 0.3548964
	speed: 0.1749s/iter; left time: 932.4622s
	iters: 500, epoch: 11 | loss: 0.3348435
	speed: 0.1778s/iter; left time: 929.9540s
Epoch: 11 cost time: 102.0189802646637
Epoch: 11, Steps: 573 | Train Loss: 0.4791187 Vali Loss: 0.4645288 Test Loss: 0.1999024
EarlyStopping counter: 3 out of 10
Updating learning rate to 4.8828125e-08
	iters: 100, epoch: 12 | loss: 0.4826908
	speed: 0.4384s/iter; left time: 2217.6067s
	iters: 200, epoch: 12 | loss: 0.4308687
	speed: 0.1777s/iter; left time: 880.8418s
	iters: 300, epoch: 12 | loss: 0.3497421
	speed: 0.1793s/iter; left time: 871.1183s
	iters: 400, epoch: 12 | loss: 0.8404943
	speed: 0.1774s/iter; left time: 843.8844s
	iters: 500, epoch: 12 | loss: 0.3859427
	speed: 0.1778s/iter; left time: 828.2659s
Epoch: 12 cost time: 102.04960203170776
Epoch: 12, Steps: 573 | Train Loss: 0.4791564 Vali Loss: 0.4629627 Test Loss: 0.1998964
Validation loss decreased (0.462996 --> 0.462963).  Saving model ...
Updating learning rate to 2.44140625e-08
	iters: 100, epoch: 13 | loss: 0.3883288
	speed: 0.4345s/iter; left time: 1948.9396s
	iters: 200, epoch: 13 | loss: 0.3473269
	speed: 0.1790s/iter; left time: 784.8860s
	iters: 300, epoch: 13 | loss: 0.8281615
	speed: 0.1801s/iter; left time: 771.5198s
	iters: 400, epoch: 13 | loss: 0.4885768
	speed: 0.1794s/iter; left time: 750.7962s
	iters: 500, epoch: 13 | loss: 0.4506711
	speed: 0.1779s/iter; left time: 726.8266s
Epoch: 13 cost time: 102.25411105155945
Epoch: 13, Steps: 573 | Train Loss: 0.4789894 Vali Loss: 0.4623165 Test Loss: 0.1998938
Validation loss decreased (0.462963 --> 0.462317).  Saving model ...
Updating learning rate to 1.220703125e-08
	iters: 100, epoch: 14 | loss: 0.4935744
	speed: 0.4340s/iter; left time: 1697.9650s
	iters: 200, epoch: 14 | loss: 0.3265150
	speed: 0.1779s/iter; left time: 678.0476s
	iters: 300, epoch: 14 | loss: 0.4515582
	speed: 0.1761s/iter; left time: 653.5297s
	iters: 400, epoch: 14 | loss: 0.4276522
	speed: 0.1790s/iter; left time: 646.5835s
	iters: 500, epoch: 14 | loss: 0.4012448
	speed: 0.1782s/iter; left time: 625.7484s
Epoch: 14 cost time: 101.94084405899048
Epoch: 14, Steps: 573 | Train Loss: 0.4791931 Vali Loss: 0.4638996 Test Loss: 0.1998927
EarlyStopping counter: 1 out of 10
Updating learning rate to 6.103515625e-09
	iters: 100, epoch: 15 | loss: 0.4865279
	speed: 0.4332s/iter; left time: 1446.5463s
	iters: 200, epoch: 15 | loss: 0.8928692
	speed: 0.1767s/iter; left time: 572.1735s
	iters: 300, epoch: 15 | loss: 0.4569219
	speed: 0.1794s/iter; left time: 563.0899s
	iters: 400, epoch: 15 | loss: 1.3462843
	speed: 0.1783s/iter; left time: 541.7753s
	iters: 500, epoch: 15 | loss: 0.4656037
	speed: 0.1756s/iter; left time: 516.1028s
Epoch: 15 cost time: 101.53403377532959
Epoch: 15, Steps: 573 | Train Loss: 0.4783613 Vali Loss: 0.4648700 Test Loss: 0.1998924
EarlyStopping counter: 2 out of 10
Updating learning rate to 3.0517578125e-09
	iters: 100, epoch: 16 | loss: 0.3167104
	speed: 0.4329s/iter; left time: 1197.4064s
	iters: 200, epoch: 16 | loss: 0.4674308
	speed: 0.1771s/iter; left time: 472.2691s
	iters: 300, epoch: 16 | loss: 0.9293259
	speed: 0.1769s/iter; left time: 454.0092s
	iters: 400, epoch: 16 | loss: 0.3845787
	speed: 0.1775s/iter; left time: 437.8028s
	iters: 500, epoch: 16 | loss: 0.3295271
	speed: 0.1780s/iter; left time: 421.0657s
Epoch: 16 cost time: 101.66235876083374
Epoch: 16, Steps: 573 | Train Loss: 0.4790352 Vali Loss: 0.4630408 Test Loss: 0.1998924
EarlyStopping counter: 3 out of 10
Updating learning rate to 1.52587890625e-09
	iters: 100, epoch: 17 | loss: 0.3158617
	speed: 0.4345s/iter; left time: 952.8235s
	iters: 200, epoch: 17 | loss: 0.3763042
	speed: 0.1774s/iter; left time: 371.3255s
	iters: 300, epoch: 17 | loss: 0.5006329
	speed: 0.1768s/iter; left time: 352.3632s
	iters: 400, epoch: 17 | loss: 0.3218922
	speed: 0.1792s/iter; left time: 339.2170s
	iters: 500, epoch: 17 | loss: 0.8031811
	speed: 0.1793s/iter; left time: 321.4603s
Epoch: 17 cost time: 101.97573518753052
Epoch: 17, Steps: 573 | Train Loss: 0.4791149 Vali Loss: 0.4602323 Test Loss: 0.1998924
Validation loss decreased (0.462317 --> 0.460232).  Saving model ...
Updating learning rate to 7.62939453125e-10
	iters: 100, epoch: 18 | loss: 0.4360083
	speed: 0.4321s/iter; left time: 700.0188s
	iters: 200, epoch: 18 | loss: 0.4930200
	speed: 0.1810s/iter; left time: 275.0664s
	iters: 300, epoch: 18 | loss: 0.4515792
	speed: 0.1781s/iter; left time: 252.9144s
	iters: 400, epoch: 18 | loss: 0.3127845
	speed: 0.1782s/iter; left time: 235.2510s
	iters: 500, epoch: 18 | loss: 0.3343239
	speed: 0.1798s/iter; left time: 219.3288s
Epoch: 18 cost time: 102.32015824317932
Epoch: 18, Steps: 573 | Train Loss: 0.4791209 Vali Loss: 0.4597294 Test Loss: 0.1998924
Validation loss decreased (0.460232 --> 0.459729).  Saving model ...
Updating learning rate to 3.814697265625e-10
	iters: 100, epoch: 19 | loss: 0.6474091
	speed: 0.4340s/iter; left time: 454.3462s
	iters: 200, epoch: 19 | loss: 0.3927008
	speed: 0.1773s/iter; left time: 167.8730s
	iters: 300, epoch: 19 | loss: 0.3932276
	speed: 0.1778s/iter; left time: 150.6132s
	iters: 400, epoch: 19 | loss: 0.3481646
	speed: 0.1796s/iter; left time: 134.1438s
	iters: 500, epoch: 19 | loss: 0.4853890
	speed: 0.1765s/iter; left time: 114.1773s
Epoch: 19 cost time: 101.99744653701782
Epoch: 19, Steps: 573 | Train Loss: 0.4790529 Vali Loss: 0.4635634 Test Loss: 0.1998924
EarlyStopping counter: 1 out of 10
Updating learning rate to 1.9073486328125e-10
	iters: 100, epoch: 20 | loss: 0.3819471
	speed: 0.4366s/iter; left time: 206.9452s
	iters: 200, epoch: 20 | loss: 0.3888409
	speed: 0.1767s/iter; left time: 66.0733s
	iters: 300, epoch: 20 | loss: 0.5153082
	speed: 0.1780s/iter; left time: 48.7811s
	iters: 400, epoch: 20 | loss: 0.3401147
	speed: 0.1774s/iter; left time: 30.8686s
	iters: 500, epoch: 20 | loss: 0.4382305
	speed: 0.1782s/iter; left time: 13.1888s
Epoch: 20 cost time: 101.75514578819275
Epoch: 20, Steps: 573 | Train Loss: 0.4791282 Vali Loss: 0.4628719 Test Loss: 0.1998924
EarlyStopping counter: 2 out of 10
Updating learning rate to 9.5367431640625e-11
>>>>>>>testing : long_term_forecast_PP_Weather_96_96_none_TimeMixerPP_custom_sl96_pl96_dm32_nh4_el2_dl1_df64_fc3_ebtimeF_dtTrue_Exp_0<<<<<<<<<<<<<<<<<<<<<<<<<<<<<<<<<
test 10444
mse:0.19989237189292908, mae:0.2520041763782501
