Args in experiment:
Namespace(activation='gelu', anomaly_ratio=0.25, batch_size=64, c_out=21, channel_independence=1, checkpoints='./checkpoints/', comment='none', d_ff=64, d_layers=1, d_model=32, data='custom', data_path='weather.csv', dec_in=21, decomp_method='moving_avg', des='Exp', devices='0,1', distil=True, down_sampling_layers=3, down_sampling_method='avg', down_sampling_window=2, drop_last=True, dropout=0.1, e_layers=2, embed='timeF', enc_in=21, factor=3, features='M', freq='h', gpu=0, inverse=False, is_training=1, itr=1, label_len=0, learning_rate=5e-05, loss='MSE', lradj='type1', mask_rate=0.125, model='TimeMixerPP', model_id='PP_Weather_96_192', moving_avg=25, n_heads=4, num_kernels=6, num_workers=0, output_attention=False, p_hidden_dims=[128, 128], p_hidden_layers=2, patience=10, pct_start=0.2, pred_len=192, root_path='<workspace>\\dataset\\weather', seasonal_patterns='Monthly', seq_len=96, target='OT', task_name='long_term_forecast', top_k=3, train_epochs=20, use_amp=False, use_future_temporal_feature=0, use_gpu=True, use_multi_gpu=False, use_norm=1)
Use GPU: cuda:0
>>>>>>>start training : long_term_forecast_PP_Weather_96_192_none_TimeMixerPP_custom_sl96_pl192_dm32_nh4_el2_dl1_df64_fc3_ebtimeF_dtTrue_Exp_0>>>>>>>>>>>>>>>>>>>>>>>>>>
train 36600
val 5079
test 10348
	iters: 100, epoch: 1 | loss: 0.8921450
	speed: 0.2052s/iter; left time: 2323.5248s
	iters: 200, epoch: 1 | loss: 0.8928819
	speed: 0.1806s/iter; left time: 2026.7107s
	iters: 300, epoch: 1 | loss: 1.3711842
	speed: 0.1782s/iter; left time: 1982.2880s
	iters: 400, epoch: 1 | loss: 1.0218111
	speed: 0.1811s/iter; left time: 1995.7415s
	iters: 500, epoch: 1 | loss: 0.8808964
	speed: 0.1787s/iter; left time: 1952.0174s
Epoch: 1 cost time: 105.2619059085846
Epoch: 1, Steps: 571 | Train Loss: 0.9928160 Vali Loss: 0.8887455 Test Loss: 0.3352709
Validation loss decreased (inf --> 0.888745).  Saving model ...
Updating learning rate to 5e-05
	iters: 100, epoch: 2 | loss: 0.8401651
	speed: 0.4355s/iter; left time: 4681.2368s
	iters: 200, epoch: 2 | loss: 0.6868867
	speed: 0.1759s/iter; left time: 1873.8595s
	iters: 300, epoch: 2 | loss: 0.7659568
	speed: 0.1811s/iter; left time: 1910.4983s
	iters: 400, epoch: 2 | loss: 0.6534383
	speed: 0.1801s/iter; left time: 1882.4794s
	iters: 500, epoch: 2 | loss: 0.7887264
	speed: 0.1828s/iter; left time: 1891.7948s
Epoch: 2 cost time: 103.4571635723114
Epoch: 2, Steps: 571 | Train Loss: 0.7679057 Vali Loss: 0.5695783 Test Loss: 0.2521913
Validation loss decreased (0.888745 --> 0.569578).  Saving model ...
Updating learning rate to 2.5e-05
	iters: 100, epoch: 3 | loss: 0.4710148
	speed: 0.4428s/iter; left time: 4507.0489s
	iters: 200, epoch: 3 | loss: 0.6002579
	speed: 0.1816s/iter; left time: 1830.4321s
	iters: 300, epoch: 3 | loss: 0.3697436
	speed: 0.1794s/iter; left time: 1789.8842s
	iters: 400, epoch: 3 | loss: 0.6493050
	speed: 0.1788s/iter; left time: 1766.6363s
	iters: 500, epoch: 3 | loss: 0.5280244
	speed: 0.1823s/iter; left time: 1782.3938s
Epoch: 3 cost time: 103.3879668712616
Epoch: 3, Steps: 571 | Train Loss: 0.5646274 Vali Loss: 0.5388856 Test Loss: 0.2471648
Validation loss decreased (0.569578 --> 0.538886).  Saving model ...
Updating learning rate to 1.25e-05
	iters: 100, epoch: 4 | loss: 0.5149863
	speed: 0.4409s/iter; left time: 4236.6394s
	iters: 200, epoch: 4 | loss: 0.5812349
	speed: 0.1796s/iter; left time: 1707.6373s
	iters: 300, epoch: 4 | loss: 0.9628528
	speed: 0.1825s/iter; left time: 1716.8340s
	iters: 400, epoch: 4 | loss: 0.4655724
	speed: 0.1809s/iter; left time: 1683.3962s
	iters: 500, epoch: 4 | loss: 0.4490826
	speed: 0.1827s/iter; left time: 1682.4891s
Epoch: 4 cost time: 103.20278668403625
Epoch: 4, Steps: 571 | Train Loss: 0.5462804 Vali Loss: 0.5329248 Test Loss: 0.2456195
Validation loss decreased (0.538886 --> 0.532925).  Saving model ...
Updating learning rate to 6.25e-06
	iters: 100, epoch: 5 | loss: 0.4059803
	speed: 0.4368s/iter; left time: 3947.7222s
	iters: 200, epoch: 5 | loss: 0.3991699
	speed: 0.1797s/iter; left time: 1606.1871s
	iters: 300, epoch: 5 | loss: 0.4177252
	speed: 0.1783s/iter; left time: 1575.5442s
	iters: 400, epoch: 5 | loss: 0.6649672
	speed: 0.1796s/iter; left time: 1569.5142s
	iters: 500, epoch: 5 | loss: 0.4331607
	speed: 0.1765s/iter; left time: 1524.6157s
Epoch: 5 cost time: 102.64675450325012
Epoch: 5, Steps: 571 | Train Loss: 0.5411633 Vali Loss: 0.5290468 Test Loss: 0.2448630
Validation loss decreased (0.532925 --> 0.529047).  Saving model ...
Updating learning rate to 3.125e-06
	iters: 100, epoch: 6 | loss: 0.7291676
	speed: 0.4381s/iter; left time: 3709.3138s
	iters: 200, epoch: 6 | loss: 0.6501839
	speed: 0.1809s/iter; left time: 1513.1431s
	iters: 300, epoch: 6 | loss: 0.4493164
	speed: 0.1778s/iter; left time: 1470.0258s
	iters: 400, epoch: 6 | loss: 0.4900064
	speed: 0.1804s/iter; left time: 1472.9967s
	iters: 500, epoch: 6 | loss: 0.4037628
	speed: 0.1787s/iter; left time: 1441.0105s
Epoch: 6 cost time: 102.25349569320679
Epoch: 6, Steps: 571 | Train Loss: 0.5386367 Vali Loss: 0.5283279 Test Loss: 0.2445130
Validation loss decreased (0.529047 --> 0.528328).  Saving model ...
Updating learning rate to 1.5625e-06
	iters: 100, epoch: 7 | loss: 0.4466976
	speed: 0.4330s/iter; left time: 3418.7368s
	iters: 200, epoch: 7 | loss: 0.5071983
	speed: 0.1806s/iter; left time: 1407.9561s
	iters: 300, epoch: 7 | loss: 0.4348720
	speed: 0.1802s/iter; left time: 1386.8145s
	iters: 400, epoch: 7 | loss: 0.4946235
	speed: 0.1782s/iter; left time: 1353.6153s
	iters: 500, epoch: 7 | loss: 0.4675674
	speed: 0.1817s/iter; left time: 1361.6172s
Epoch: 7 cost time: 102.82954025268555
Epoch: 7, Steps: 571 | Train Loss: 0.5372271 Vali Loss: 0.5280058 Test Loss: 0.2443502
Validation loss decreased (0.528328 --> 0.528006).  Saving model ...
Updating learning rate to 7.8125e-07
	iters: 100, epoch: 8 | loss: 0.5614384
	speed: 0.4355s/iter; left time: 3189.8000s
	iters: 200, epoch: 8 | loss: 0.3994060
	speed: 0.1801s/iter; left time: 1301.0494s
	iters: 300, epoch: 8 | loss: 0.4786879
	speed: 0.1814s/iter; left time: 1292.4309s
	iters: 400, epoch: 8 | loss: 0.8999226
	speed: 0.1791s/iter; left time: 1257.7593s
	iters: 500, epoch: 8 | loss: 0.4944341
	speed: 0.1797s/iter; left time: 1244.3283s
Epoch: 8 cost time: 102.90382194519043
Epoch: 8, Steps: 571 | Train Loss: 0.5370677 Vali Loss: 0.5282113 Test Loss: 0.2442831
EarlyStopping counter: 1 out of 10
Updating learning rate to 3.90625e-07
	iters: 100, epoch: 9 | loss: 0.5878280
	speed: 0.4400s/iter; left time: 2971.5519s
	iters: 200, epoch: 9 | loss: 0.4138637
	speed: 0.1795s/iter; left time: 1194.2571s
	iters: 300, epoch: 9 | loss: 0.4436752
	speed: 0.1802s/iter; left time: 1180.7016s
	iters: 400, epoch: 9 | loss: 0.7796407
	speed: 0.1830s/iter; left time: 1180.6971s
	iters: 500, epoch: 9 | loss: 0.3563779
	speed: 0.1788s/iter; left time: 1135.7039s
Epoch: 9 cost time: 102.56104731559753
Epoch: 9, Steps: 571 | Train Loss: 0.5367655 Vali Loss: 0.5273513 Test Loss: 0.2442441
Validation loss decreased (0.528006 --> 0.527351).  Saving model ...
Updating learning rate to 1.953125e-07
	iters: 100, epoch: 10 | loss: 0.4392419
	speed: 0.4352s/iter; left time: 2690.6191s
	iters: 200, epoch: 10 | loss: 0.7152182
	speed: 0.1812s/iter; left time: 1102.1471s
	iters: 300, epoch: 10 | loss: 0.7530943
	speed: 0.1803s/iter; left time: 1078.6804s
	iters: 400, epoch: 10 | loss: 0.5373166
	speed: 0.1815s/iter; left time: 1067.8549s
	iters: 500, epoch: 10 | loss: 0.5267586
	speed: 0.1783s/iter; left time: 1031.1479s
Epoch: 10 cost time: 103.204669713974
Epoch: 10, Steps: 571 | Train Loss: 0.5367381 Vali Loss: 0.5271454 Test Loss: 0.2442236
Validation loss decreased (0.527351 --> 0.527145).  Saving model ...
Updating learning rate to 9.765625e-08
	iters: 100, epoch: 11 | loss: 0.6448156
	speed: 0.4363s/iter; left time: 2448.2247s
	iters: 200, epoch: 11 | loss: 0.4603321
	speed: 0.1822s/iter; left time: 1003.8815s
	iters: 300, epoch: 11 | loss: 1.0103947
	speed: 0.1805s/iter; left time: 976.6733s
	iters: 400, epoch: 11 | loss: 0.4486632
	speed: 0.1807s/iter; left time: 959.9140s
	iters: 500, epoch: 11 | loss: 0.4493690
	speed: 0.1840s/iter; left time: 958.6800s
Epoch: 11 cost time: 103.40273928642273
Epoch: 11, Steps: 571 | Train Loss: 0.5361357 Vali Loss: 0.5274643 Test Loss: 0.2442142
EarlyStopping counter: 1 out of 10
Updating learning rate to 4.8828125e-08
	iters: 100, epoch: 12 | loss: 0.4468782
	speed: 0.4367s/iter; left time: 2200.9199s
	iters: 200, epoch: 12 | loss: 0.4613702
	speed: 0.1827s/iter; left time: 902.7817s
	iters: 300, epoch: 12 | loss: 0.4565625
	speed: 0.1836s/iter; left time: 888.8418s
	iters: 400, epoch: 12 | loss: 0.3542362
	speed: 0.1816s/iter; left time: 860.5779s
	iters: 500, epoch: 12 | loss: 0.5212877
	speed: 0.1802s/iter; left time: 836.3196s
Epoch: 12 cost time: 103.6661868095398
Epoch: 12, Steps: 571 | Train Loss: 0.5360303 Vali Loss: 0.5274691 Test Loss: 0.2442095
EarlyStopping counter: 2 out of 10
Updating learning rate to 2.44140625e-08
	iters: 100, epoch: 13 | loss: 0.6758503
	speed: 0.4404s/iter; left time: 1968.2314s
	iters: 200, epoch: 13 | loss: 0.3843743
	speed: 0.1813s/iter; left time: 792.1845s
	iters: 300, epoch: 13 | loss: 0.8393340
	speed: 0.1819s/iter; left time: 776.6559s
	iters: 400, epoch: 13 | loss: 0.4626178
	speed: 0.1787s/iter; left time: 745.1504s
	iters: 500, epoch: 13 | loss: 0.4131017
	speed: 0.1794s/iter; left time: 730.0892s
Epoch: 13 cost time: 103.11004400253296
Epoch: 13, Steps: 571 | Train Loss: 0.5357683 Vali Loss: 0.5272029 Test Loss: 0.2442079
EarlyStopping counter: 3 out of 10
Updating learning rate to 1.220703125e-08
	iters: 100, epoch: 14 | loss: 0.5079568
	speed: 0.4374s/iter; left time: 1704.8140s
	iters: 200, epoch: 14 | loss: 0.3623346
	speed: 0.1824s/iter; left time: 692.8329s
	iters: 300, epoch: 14 | loss: 0.4230610
	speed: 0.1829s/iter; left time: 676.3193s
	iters: 400, epoch: 14 | loss: 0.4193718
	speed: 0.1803s/iter; left time: 648.7002s
	iters: 500, epoch: 14 | loss: 0.5266811
	speed: 0.1798s/iter; left time: 629.0242s
Epoch: 14 cost time: 103.43051862716675
Epoch: 14, Steps: 571 | Train Loss: 0.5365572 Vali Loss: 0.5269120 Test Loss: 0.2442071
Validation loss decreased (0.527145 --> 0.526912).  Saving model ...
Updating learning rate to 6.103515625e-09
	iters: 100, epoch: 15 | loss: 0.7663746
	speed: 0.4409s/iter; left time: 1466.7760s
	iters: 200, epoch: 15 | loss: 0.3831808
	speed: 0.1838s/iter; left time: 593.0067s
	iters: 300, epoch: 15 | loss: 0.5717201
	speed: 0.1801s/iter; left time: 563.1849s
	iters: 400, epoch: 15 | loss: 0.6517605
	speed: 0.1797s/iter; left time: 544.0321s
	iters: 500, epoch: 15 | loss: 0.5024606
	speed: 0.1837s/iter; left time: 537.8217s
Epoch: 15 cost time: 103.89895057678223
Epoch: 15, Steps: 571 | Train Loss: 0.5364796 Vali Loss: 0.5267363 Test Loss: 0.2442069
Validation loss decreased (0.526912 --> 0.526736).  Saving model ...
Updating learning rate to 3.0517578125e-09
	iters: 100, epoch: 16 | loss: 0.4609990
	speed: 0.4411s/iter; left time: 1215.5418s
	iters: 200, epoch: 16 | loss: 0.4297545
	speed: 0.1828s/iter; left time: 485.5213s
	iters: 300, epoch: 16 | loss: 0.3740942
	speed: 0.1806s/iter; left time: 461.4912s
	iters: 400, epoch: 16 | loss: 0.3882067
	speed: 0.1820s/iter; left time: 447.1029s
	iters: 500, epoch: 16 | loss: 0.5202887
	speed: 0.1811s/iter; left time: 426.7635s
Epoch: 16 cost time: 103.87747287750244
Epoch: 16, Steps: 571 | Train Loss: 0.5364064 Vali Loss: 0.5270335 Test Loss: 0.2442069
EarlyStopping counter: 1 out of 10
Updating learning rate to 1.52587890625e-09
	iters: 100, epoch: 17 | loss: 0.6154010
	speed: 0.4389s/iter; left time: 958.9303s
	iters: 200, epoch: 17 | loss: 0.7319341
	speed: 0.1819s/iter; left time: 379.2434s
	iters: 300, epoch: 17 | loss: 0.4668568
	speed: 0.1814s/iter; left time: 360.0613s
	iters: 400, epoch: 17 | loss: 0.4382614
	speed: 0.1800s/iter; left time: 339.2736s
	iters: 500, epoch: 17 | loss: 0.4525725
	speed: 0.1820s/iter; left time: 324.8627s
Epoch: 17 cost time: 103.29441714286804
Epoch: 17, Steps: 571 | Train Loss: 0.5363347 Vali Loss: 0.5277147 Test Loss: 0.2442069
EarlyStopping counter: 2 out of 10
Updating learning rate to 7.62939453125e-10
	iters: 100, epoch: 18 | loss: 0.4357567
	speed: 0.4416s/iter; left time: 712.6710s
	iters: 200, epoch: 18 | loss: 0.6534616
	speed: 0.1804s/iter; left time: 273.1790s
	iters: 300, epoch: 18 | loss: 0.4435955
	speed: 0.1807s/iter; left time: 255.5445s
	iters: 400, epoch: 18 | loss: 0.5221318
	speed: 0.1831s/iter; left time: 240.6249s
	iters: 500, epoch: 18 | loss: 0.5253952
	speed: 0.1790s/iter; left time: 217.2791s
Epoch: 18 cost time: 103.22722005844116
Epoch: 18, Steps: 571 | Train Loss: 0.5365053 Vali Loss: 0.5269017 Test Loss: 0.2442069
EarlyStopping counter: 3 out of 10
Updating learning rate to 3.814697265625e-10
	iters: 100, epoch: 19 | loss: 0.9577629
	speed: 0.4401s/iter; left time: 459.0433s
	iters: 200, epoch: 19 | loss: 0.4707072
	speed: 0.1832s/iter; left time: 172.7403s
	iters: 300, epoch: 19 | loss: 0.7480647
	speed: 0.1819s/iter; left time: 153.3512s
	iters: 400, epoch: 19 | loss: 0.3844611
	speed: 0.1808s/iter; left time: 134.3411s
	iters: 500, epoch: 19 | loss: 0.4947294
	speed: 0.1828s/iter; left time: 117.5685s
Epoch: 19 cost time: 104.07050275802612
Epoch: 19, Steps: 571 | Train Loss: 0.5365671 Vali Loss: 0.5274329 Test Loss: 0.2442069
EarlyStopping counter: 4 out of 10
Updating learning rate to 1.9073486328125e-10
	iters: 100, epoch: 20 | loss: 0.5091581
	speed: 0.4425s/iter; left time: 208.8501s
	iters: 200, epoch: 20 | loss: 0.4234115
	speed: 0.1818s/iter; left time: 67.6469s
	iters: 300, epoch: 20 | loss: 0.8720379
	speed: 0.1842s/iter; left time: 50.1107s
	iters: 400, epoch: 20 | loss: 0.4366423
	speed: 0.1815s/iter; left time: 31.2199s
	iters: 500, epoch: 20 | loss: 0.3534385
	speed: 0.1828s/iter; left time: 13.1631s
Epoch: 20 cost time: 104.32435870170593
Epoch: 20, Steps: 571 | Train Loss: 0.5363346 Vali Loss: 0.5270988 Test Loss: 0.2442069
EarlyStopping counter: 5 out of 10
Updating learning rate to 9.5367431640625e-11
>>>>>>>testing : long_term_forecast_PP_Weather_96_192_none_TimeMixerPP_custom_sl96_pl192_dm32_nh4_el2_dl1_df64_fc3_ebtimeF_dtTrue_Exp_0<<<<<<<<<<<<<<<<<<<<<<<<<<<<<<<<<
test 10348
mse:0.24420715868473053, mae:0.2851583659648895
